=== TPC-H 22 triangulation bench ===
    data:    /Users/ryanevans/RustroverProjects/ematix-flow/examples/tpch/data/sf10
    queries: 22 ([22, 12, 11, 19, 21, 15, 18, 6, 20, 14, 17, 9, 7, 1, 2, 3, 5, 16, 13, 4, 10, 8])
    trials:  1 (after 0 warmups)
    output:  bench-results/sched-diag-2026-07-03/p4/ematix/s10/batch-1/stream-4.md

    NOTE: single-invocation output is SMOKE-GRADE only. For win/loss
    claims use scripts/bench/strict_22q.sh / strict_ab.sh /
    strict_throughput.sh (see scripts/bench/README.md).

--- Q22 ---
  ematix-flow   181.07 ms ±  0.00  (7 rows)

--- Q12 ---
  ematix-flow   672.89 ms ±  0.00  (2 rows)

--- Q11 ---
  ematix-flow   190.09 ms ±  0.00  (8685 rows)

--- Q19 ---
  ematix-flow   996.94 ms ±  0.00  (1 rows)

--- Q21 ---
  ematix-flow  1972.70 ms ±  0.00  (4009 rows)

--- Q15 ---
  ematix-flow   364.85 ms ±  0.00  (1 rows)

--- Q18 ---
  ematix-flow  4213.44 ms ±  0.00  (624 rows)

--- Q06 ---
  ematix-flow   334.31 ms ±  0.00  (1 rows)

--- Q20 ---
  ematix-flow  1311.71 ms ±  0.00  (1804 rows)

--- Q14 ---
  ematix-flow   354.86 ms ±  0.00  (1 rows)

--- Q17 ---
  ematix-flow  1036.96 ms ±  0.00  (1 rows)

--- Q09 ---
  ematix-flow  3428.38 ms ±  0.00  (175 rows)

--- Q07 ---
  ematix-flow  1857.00 ms ±  0.00  (4 rows)

--- Q01 ---
  ematix-flow  3604.26 ms ±  0.00  (4 rows)

--- Q02 ---
  ematix-flow   365.69 ms ±  0.00  (4667 rows)

--- Q03 ---
  ematix-flow  1638.43 ms ±  0.00  (114003 rows)

--- Q05 ---
  ematix-flow  1270.23 ms ±  0.00  (5 rows)

--- Q16 ---
  ematix-flow   938.63 ms ±  0.00  (27840 rows)

--- Q13 ---
  ematix-flow  2641.35 ms ±  0.00  (46 rows)

--- Q04 ---
  ematix-flow  1695.59 ms ±  0.00  (5 rows)

--- Q10 ---
  ematix-flow  2315.87 ms ±  0.00  (381105 rows)

--- Q08 ---
  ematix-flow  1694.28 ms ±  0.00  (2 rows)

wrote bench-results/sched-diag-2026-07-03/p4/ematix/s10/batch-1/stream-4.md
