[23:34:39] === campaign start; git 75c9ba3 ===
[23:34:39] phase 0: tpch_validate SF1 flags OFF
PASS:    22
FAIL:    0
SKIP:    0
[23:34:42] phase 0: tpch_validate SF1 all new levers ON
PASS:    22
FAIL:    0
SKIP:    0
[23:34:44] phase latency SF=1: solo ematix
=== Σ.AI.1 strict bench protocol ===
  sf:             1
  invocations:    4 (first will be discarded)
  trials/run:     10
  warmups/run:    2
  cooldown:       adaptive (fallback 15s)
  triangulate:    0
  isolate:        1
  plan cache:     off
  cache policy:   warm
  queries:        1,2,3,4,5,6,7,8,9,10,11,12,13,14,15,16,17,18,19,20,21,22,
  extra env:      <none>
  output dir:     /Users/ryanevans/RustroverProjects/ematix-flow/bench-results/campaign-2026-07-01/latency-sf1/ematix

  [env] captured -> /Users/ryanevans/RustroverProjects/ematix-flow/bench-results/campaign-2026-07-01/latency-sf1/ematix/env.json
--- invocation 1 / 4 → /Users/ryanevans/RustroverProjects/ematix-flow/bench-results/campaign-2026-07-01/latency-sf1/ematix/run-1.md ---
  [thermal] pre: nominal
  (isolated: 22 per-query processes)
  [thermal] post: nominal

--- invocation 2 / 4 → /Users/ryanevans/RustroverProjects/ematix-flow/bench-results/campaign-2026-07-01/latency-sf1/ematix/run-2.md ---
  [thermal] pre: nominal
  (isolated: 22 per-query processes)
  [thermal] post: nominal

--- invocation 3 / 4 → /Users/ryanevans/RustroverProjects/ematix-flow/bench-results/campaign-2026-07-01/latency-sf1/ematix/run-3.md ---
  [thermal] pre: nominal
  (isolated: 22 per-query processes)
  [thermal] post: nominal

--- invocation 4 / 4 → /Users/ryanevans/RustroverProjects/ematix-flow/bench-results/campaign-2026-07-01/latency-sf1/ematix/run-4.md ---
  [thermal] pre: nominal
  (isolated: 22 per-query processes)
  [thermal] post: nominal

--- aggregate summary written to /Users/ryanevans/RustroverProjects/ematix-flow/bench-results/campaign-2026-07-01/latency-sf1/ematix/strict-22q-summary.md ---
# Σ.AI.1 strict 22q bench summary — ematix

- Machine: Apple M4 Max (10P+4E), macOS 26.5.1, power: Now drawing from 'AC Power'
- Git: 75c9ba3e3e96 on integration/campaign-2026-07-01 (dirty: True)
- Data: SF=1; plan cache: off; cache policy: warm
- Engines: {'datafusion': '53.1.0', 'duckdb': '1.10503.1', 'ematix-parquet-codec': '0.17.0', 'polars': '0.52.0'}
- EMAT flags: {'EMAT_PLAN_CACHE': '0'}

- Runs aggregated: 3 of 4 (discarded 1 cold-start: ['run-1.md'])
- Run files: ['run-2.md', 'run-3.md', 'run-4.md']

| Query | median ms | mean ms | σ ms | CV% | per-run medians |
|------:|----------:|--------:|-----:|----:|:----------------|
| Q01 | 17.30 | 17.27 | 0.10 | 0.59% | 17.4 / 17.2 / 17.3 |
| Q02 | 7.16 | 7.15 | 0.08 | 1.12% | 7.1 / 7.2 / 7.2 |
| Q03 | 12.21 | 12.33 | 0.30 | 2.48% | 12.2 / 12.7 / 12.1 |
| Q04 | 10.83 | 10.83 | 0.03 | 0.23% | 10.8 / 10.9 / 10.8 |
| Q05 | 16.12 | 16.07 | 0.19 | 1.21% | 16.2 / 16.1 / 15.9 |
| Q06 | 1.67 | 1.66 | 0.02 | 1.25% | 1.7 / 1.7 / 1.6 |
| Q07 | 24.23 | 24.25 | 0.07 | 0.30% | 24.3 / 24.2 / 24.2 |
| Q08 | 13.86 | 13.92 | 0.21 | 1.52% | 13.9 / 14.2 / 13.7 |
| Q09 | 17.58 | 17.51 | 0.15 | 0.87% | 17.6 / 17.6 / 17.3 |
| Q10 | 20.22 | 20.09 | 0.23 | 1.16% | 20.2 / 19.8 / 20.2 |
| Q11 | 5.33 | 5.41 | 0.19 | 3.55% | 5.6 / 5.3 / 5.3 |
| Q12 | 14.34 | 14.34 | 0.13 | 0.91% | 14.5 / 14.2 / 14.3 |
| Q13 | 8.23 | 8.10 | 0.23 | 2.81% | 8.2 / 8.2 / 7.8 |
| Q14 | 11.23 | 11.21 | 0.07 | 0.64% | 11.1 / 11.3 / 11.2 |
| Q15 | 11.28 | 11.29 | 0.38 | 3.37% | 11.7 / 10.9 / 11.3 |
| Q16 | 9.11 | 9.14 | 0.10 | 1.14% | 9.3 / 9.1 / 9.1 |
| Q17 | 14.16 | 14.07 | 0.18 | 1.29% | 14.2 / 14.2 / 13.9 |
| Q18 | 17.54 | 17.55 | 0.22 | 1.25% | 17.5 / 17.3 / 17.8 |
| Q19 | 16.52 | 16.55 | 0.13 | 0.77% | 16.4 / 16.7 / 16.5 |
| Q20 | 11.79 | 11.94 | 0.35 | 2.97% | 12.3 / 11.7 / 11.8 |
| Q21 | 32.28 | 32.34 | 0.12 | 0.37% | 32.5 / 32.3 / 32.3 |
| Q22 | 3.92 | 3.93 | 0.09 | 2.31% | 4.0 / 3.9 / 3.9 |

**Sum of medians**: 296.91 ms  (primary, robust to single-run outliers)
**Sum of means**: 296.97 ms  (secondary)
**Median CV**: 1.18%  (noise-floor across invocations)
**Max CV**: 3.55%  (worst-case per-query noise — likely single-run outlier)
[23:35:06] phase latency SF=1: solo duckdb
=== Σ.AI.1 strict bench protocol ===
  sf:             1
  invocations:    4 (first will be discarded)
  trials/run:     10
  warmups/run:    2
  cooldown:       adaptive (fallback 15s)
  triangulate:    0
  isolate:        1
  plan cache:     off
  cache policy:   warm
  queries:        1,2,3,4,5,6,7,8,9,10,11,12,13,14,15,16,17,18,19,20,21,22,
  extra env:      <none>
  output dir:     /Users/ryanevans/RustroverProjects/ematix-flow/bench-results/campaign-2026-07-01/latency-sf1/duckdb

  [env] captured -> /Users/ryanevans/RustroverProjects/ematix-flow/bench-results/campaign-2026-07-01/latency-sf1/duckdb/env.json
--- invocation 1 / 4 → /Users/ryanevans/RustroverProjects/ematix-flow/bench-results/campaign-2026-07-01/latency-sf1/duckdb/run-1.md ---
  [thermal] pre: nominal
  (isolated: 22 per-query processes)
  [thermal] post: nominal

--- invocation 2 / 4 → /Users/ryanevans/RustroverProjects/ematix-flow/bench-results/campaign-2026-07-01/latency-sf1/duckdb/run-2.md ---
  [thermal] pre: nominal
  (isolated: 22 per-query processes)
  [thermal] post: nominal

--- invocation 3 / 4 → /Users/ryanevans/RustroverProjects/ematix-flow/bench-results/campaign-2026-07-01/latency-sf1/duckdb/run-3.md ---
  [thermal] pre: nominal
  (isolated: 22 per-query processes)
  [thermal] post: nominal

--- invocation 4 / 4 → /Users/ryanevans/RustroverProjects/ematix-flow/bench-results/campaign-2026-07-01/latency-sf1/duckdb/run-4.md ---
  [thermal] pre: nominal
  (isolated: 22 per-query processes)
  [thermal] post: nominal

--- aggregate summary written to /Users/ryanevans/RustroverProjects/ematix-flow/bench-results/campaign-2026-07-01/latency-sf1/duckdb/strict-22q-summary.md ---
# Σ.AI.1 strict 22q bench summary — duckdb

- Machine: Apple M4 Max (10P+4E), macOS 26.5.1, power: Now drawing from 'AC Power'
- Git: 75c9ba3e3e96 on integration/campaign-2026-07-01 (dirty: True)
- Data: SF=1; plan cache: off; cache policy: warm
- Engines: {'datafusion': '53.1.0', 'duckdb': '1.10503.1', 'ematix-parquet-codec': '0.17.0', 'polars': '0.52.0'}
- EMAT flags: {'EMAT_PLAN_CACHE': '0'}

- Runs aggregated: 3 of 4 (discarded 1 cold-start: ['run-1.md'])
- Run files: ['run-2.md', 'run-3.md', 'run-4.md']

| Query | median ms | mean ms | σ ms | CV% | per-run medians |
|------:|----------:|--------:|-----:|----:|:----------------|
| Q01 | 47.88 | 47.68 | 0.60 | 1.25% | 48.2 / 47.9 / 47.0 |
| Q02 | 16.96 | 16.94 | 0.21 | 1.21% | 17.1 / 17.0 / 16.7 |
| Q03 | 31.91 | 31.90 | 0.18 | 0.57% | 32.1 / 31.7 / 31.9 |
| Q04 | 22.10 | 22.13 | 0.10 | 0.46% | 22.2 / 22.1 / 22.0 |
| Q05 | 30.60 | 30.44 | 0.29 | 0.93% | 30.6 / 30.6 / 30.1 |
| Q06 | 13.16 | 13.17 | 0.08 | 0.61% | 13.2 / 13.1 / 13.3 |
| Q07 | 32.77 | 32.86 | 0.21 | 0.63% | 33.1 / 32.8 / 32.7 |
| Q08 | 38.11 | 38.25 | 0.39 | 1.02% | 38.1 / 38.7 / 38.0 |
| Q09 | 54.50 | 54.36 | 0.28 | 0.51% | 54.5 / 54.5 / 54.0 |
| Q10 | 40.50 | 40.50 | 0.15 | 0.36% | 40.6 / 40.4 / 40.5 |
| Q11 | 9.22 | 9.21 | 0.06 | 0.60% | 9.2 / 9.3 / 9.2 |
| Q12 | 24.99 | 24.86 | 0.25 | 1.01% | 25.0 / 24.6 / 25.0 |
| Q13 | 133.31 | 133.29 | 0.21 | 0.15% | 133.5 / 133.1 / 133.3 |
| Q14 | 22.05 | 22.01 | 0.10 | 0.44% | 22.1 / 22.1 / 21.9 |
| Q15 | 14.05 | 14.01 | 0.07 | 0.49% | 13.9 / 14.1 / 14.1 |
| Q16 | 21.25 | 21.24 | 0.06 | 0.29% | 21.3 / 21.2 / 21.2 |
| Q17 | 24.83 | 24.88 | 0.14 | 0.56% | 25.0 / 24.8 / 24.8 |
| Q18 | 44.37 | 44.34 | 0.07 | 0.16% | 44.4 / 44.4 / 44.3 |
| Q19 | 33.97 | 34.01 | 0.22 | 0.64% | 34.0 / 34.2 / 33.8 |
| Q20 | 28.83 | 28.90 | 0.12 | 0.42% | 28.8 / 28.8 / 29.0 |
| Q21 | 72.75 | 72.76 | 0.14 | 0.19% | 72.6 / 72.8 / 72.9 |
| Q22 | 10.61 | 10.62 | 0.07 | 0.62% | 10.6 / 10.6 / 10.7 |

**Sum of medians**: 768.72 ms  (primary, robust to single-run outliers)
**Sum of means**: 768.36 ms  (secondary)
**Median CV**: 0.56%  (noise-floor across invocations)
**Max CV**: 1.25%  (worst-case per-query noise — likely single-run outlier)
[23:35:55] SF=1 verdicts:
| Q22 | 3.92 | 10.61 | +6.69 | +170.66% | 0.18 | ematix faster |
**Sum of A medians**: 296.91 ms
**Sum of B medians**: 768.72 ms
**Net Δ**: +471.81 ms (+158.91%)
**Clear duckdb faster (>2σ)**: 0  
**Clear ematix faster (>2σ)**: 22  Q01 +30.6ms, Q02 +9.8ms, Q03 +19.7ms, Q04 +11.3ms, Q05 +14.5ms, Q06 +11.5ms, Q07 +8.5ms, Q08 +24.2ms, Q09 +36.9ms, Q10 +20.3ms, Q11 +3.9ms, Q12 +10.6ms, Q13 +125.1ms, Q14 +10.8ms, Q15 +2.8ms, Q16 +12.1ms, Q17 +10.7ms, Q18 +26.8ms, Q19 +17.4ms, Q20 +17.0ms, Q21 +40.5ms, Q22 +6.7ms
[23:35:55] phase latency SF=10: solo ematix
=== Σ.AI.1 strict bench protocol ===
  sf:             10
  invocations:    4 (first will be discarded)
  trials/run:     10
  warmups/run:    2
  cooldown:       adaptive (fallback 15s)
  triangulate:    0
  isolate:        1
  plan cache:     off
  cache policy:   warm
  queries:        1,2,3,4,5,6,7,8,9,10,11,12,13,14,15,16,17,18,19,20,21,22,
  extra env:      <none>
  output dir:     /Users/ryanevans/RustroverProjects/ematix-flow/bench-results/campaign-2026-07-01/latency-sf10/ematix

  [env] captured -> /Users/ryanevans/RustroverProjects/ematix-flow/bench-results/campaign-2026-07-01/latency-sf10/ematix/env.json
--- invocation 1 / 4 → /Users/ryanevans/RustroverProjects/ematix-flow/bench-results/campaign-2026-07-01/latency-sf10/ematix/run-1.md ---
  [thermal] pre: nominal
  (isolated: 22 per-query processes)
  [thermal] post: nominal

--- invocation 2 / 4 → /Users/ryanevans/RustroverProjects/ematix-flow/bench-results/campaign-2026-07-01/latency-sf10/ematix/run-2.md ---
  [thermal] pre: nominal
  (isolated: 22 per-query processes)
  [thermal] post: nominal

--- invocation 3 / 4 → /Users/ryanevans/RustroverProjects/ematix-flow/bench-results/campaign-2026-07-01/latency-sf10/ematix/run-3.md ---
  [thermal] pre: nominal
  (isolated: 22 per-query processes)
  [thermal] post: nominal

--- invocation 4 / 4 → /Users/ryanevans/RustroverProjects/ematix-flow/bench-results/campaign-2026-07-01/latency-sf10/ematix/run-4.md ---
  [thermal] pre: nominal
  (isolated: 22 per-query processes)
  [thermal] post: nominal

--- aggregate summary written to /Users/ryanevans/RustroverProjects/ematix-flow/bench-results/campaign-2026-07-01/latency-sf10/ematix/strict-22q-summary.md ---
# Σ.AI.1 strict 22q bench summary — ematix

- Machine: Apple M4 Max (10P+4E), macOS 26.5.1, power: Now drawing from 'AC Power'
- Git: 75c9ba3e3e96 on integration/campaign-2026-07-01 (dirty: True)
- Data: SF=10; plan cache: off; cache policy: warm
- Engines: {'datafusion': '53.1.0', 'duckdb': '1.10503.1', 'ematix-parquet-codec': '0.17.0', 'polars': '0.52.0'}
- EMAT flags: {'EMAT_PLAN_CACHE': '0'}

- Runs aggregated: 3 of 4 (discarded 1 cold-start: ['run-1.md'])
- Run files: ['run-2.md', 'run-3.md', 'run-4.md']

| Query | median ms | mean ms | σ ms | CV% | per-run medians |
|------:|----------:|--------:|-----:|----:|:----------------|
| Q01 | 226.72 | 226.33 | 4.32 | 1.91% | 221.8 / 226.7 / 230.4 |
| Q02 | 18.82 | 18.84 | 0.37 | 1.94% | 18.8 / 19.2 / 18.5 |
| Q03 | 116.79 | 117.62 | 2.32 | 1.98% | 115.8 / 116.8 / 120.2 |
| Q04 | 52.76 | 52.73 | 0.52 | 0.99% | 52.2 / 52.8 / 53.2 |
| Q05 | 147.04 | 146.91 | 0.72 | 0.49% | 147.0 / 147.6 / 146.1 |
| Q06 | 24.61 | 24.44 | 0.64 | 2.61% | 24.6 / 23.7 / 25.0 |
| Q07 | 109.18 | 109.39 | 0.84 | 0.77% | 108.7 / 110.3 / 109.2 |
| Q08 | 141.90 | 142.19 | 3.16 | 2.23% | 139.2 / 141.9 / 145.5 |
| Q09 | 258.11 | 258.69 | 1.71 | 0.66% | 260.6 / 258.1 / 257.4 |
| Q10 | 185.93 | 186.73 | 1.70 | 0.91% | 185.6 / 185.9 / 188.7 |
| Q11 | 11.37 | 11.37 | 0.01 | 0.09% | 11.4 / 11.4 / 11.4 |
| Q12 | 84.47 | 84.02 | 1.27 | 1.51% | 84.5 / 82.6 / 85.0 |
| Q13 | 94.10 | 94.00 | 1.44 | 1.53% | 92.5 / 94.1 / 95.4 |
| Q14 | 78.12 | 78.27 | 0.70 | 0.90% | 79.0 / 78.1 / 77.7 |
| Q15 | 58.58 | 58.67 | 0.64 | 1.08% | 59.4 / 58.6 / 58.1 |
| Q16 | 42.96 | 42.89 | 0.57 | 1.33% | 43.0 / 43.4 / 42.3 |
| Q17 | 73.26 | 73.74 | 0.92 | 1.26% | 73.3 / 74.8 / 73.2 |
| Q18 | 169.94 | 168.91 | 1.87 | 1.10% | 166.8 / 169.9 / 170.0 |
| Q19 | 119.17 | 120.18 | 3.47 | 2.91% | 117.3 / 119.2 / 124.0 |
| Q20 | 87.82 | 87.34 | 2.10 | 2.39% | 89.2 / 87.8 / 85.0 |
| Q21 | 182.86 | 182.23 | 1.77 | 0.97% | 182.9 / 183.6 / 180.2 |
| Q22 | 23.15 | 23.04 | 0.32 | 1.38% | 22.7 / 23.1 / 23.3 |

**Sum of medians**: 2307.66 ms  (primary, robust to single-run outliers)
**Sum of means**: 2308.54 ms  (secondary)
**Median CV**: 1.30%  (noise-floor across invocations)
**Max CV**: 2.91%  (worst-case per-query noise — likely single-run outlier)
[23:37:54] phase latency SF=10: solo duckdb
=== Σ.AI.1 strict bench protocol ===
  sf:             10
  invocations:    4 (first will be discarded)
  trials/run:     10
  warmups/run:    2
  cooldown:       adaptive (fallback 15s)
  triangulate:    0
  isolate:        1
  plan cache:     off
  cache policy:   warm
  queries:        1,2,3,4,5,6,7,8,9,10,11,12,13,14,15,16,17,18,19,20,21,22,
  extra env:      <none>
  output dir:     /Users/ryanevans/RustroverProjects/ematix-flow/bench-results/campaign-2026-07-01/latency-sf10/duckdb

  [env] captured -> /Users/ryanevans/RustroverProjects/ematix-flow/bench-results/campaign-2026-07-01/latency-sf10/duckdb/env.json
--- invocation 1 / 4 → /Users/ryanevans/RustroverProjects/ematix-flow/bench-results/campaign-2026-07-01/latency-sf10/duckdb/run-1.md ---
  [thermal] pre: nominal
  (isolated: 22 per-query processes)
  [thermal] post: nominal

--- invocation 2 / 4 → /Users/ryanevans/RustroverProjects/ematix-flow/bench-results/campaign-2026-07-01/latency-sf10/duckdb/run-2.md ---
  [thermal] pre: nominal
  (isolated: 22 per-query processes)
  [thermal] post: nominal

--- invocation 3 / 4 → /Users/ryanevans/RustroverProjects/ematix-flow/bench-results/campaign-2026-07-01/latency-sf10/duckdb/run-3.md ---
  [thermal] pre: nominal
  (isolated: 22 per-query processes)
  [thermal] post: nominal

--- invocation 4 / 4 → /Users/ryanevans/RustroverProjects/ematix-flow/bench-results/campaign-2026-07-01/latency-sf10/duckdb/run-4.md ---
  [thermal] pre: nominal
  (isolated: 22 per-query processes)
  [thermal] post: nominal

--- aggregate summary written to /Users/ryanevans/RustroverProjects/ematix-flow/bench-results/campaign-2026-07-01/latency-sf10/duckdb/strict-22q-summary.md ---
# Σ.AI.1 strict 22q bench summary — duckdb

- Machine: Apple M4 Max (10P+4E), macOS 26.5.1, power: Now drawing from 'AC Power'
- Git: 75c9ba3e3e96 on integration/campaign-2026-07-01 (dirty: True)
- Data: SF=10; plan cache: off; cache policy: warm
- Engines: {'datafusion': '53.1.0', 'duckdb': '1.10503.1', 'ematix-parquet-codec': '0.17.0', 'polars': '0.52.0'}
- EMAT flags: {'EMAT_PLAN_CACHE': '0'}

- Runs aggregated: 3 of 4 (discarded 1 cold-start: ['run-1.md'])
- Run files: ['run-2.md', 'run-3.md', 'run-4.md']

| Query | median ms | mean ms | σ ms | CV% | per-run medians |
|------:|----------:|--------:|-----:|----:|:----------------|
| Q01 | 245.04 | 244.92 | 1.05 | 0.43% | 245.9 / 245.0 / 243.8 |
| Q02 | 38.90 | 39.05 | 0.29 | 0.74% | 39.4 / 38.9 / 38.9 |
| Q03 | 135.11 | 134.74 | 1.34 | 0.99% | 135.1 / 135.8 / 133.2 |
| Q04 | 82.44 | 82.74 | 0.81 | 0.99% | 82.1 / 82.4 / 83.7 |
| Q05 | 130.08 | 130.09 | 0.86 | 0.66% | 130.1 / 131.0 / 129.2 |
| Q06 | 71.24 | 71.45 | 0.88 | 1.24% | 71.2 / 72.4 / 70.7 |
| Q07 | 133.38 | 133.18 | 0.97 | 0.73% | 132.1 / 133.4 / 134.0 |
| Q08 | 154.92 | 154.35 | 1.03 | 0.66% | 153.2 / 155.0 / 154.9 |
| Q09 | 275.70 | 276.34 | 3.81 | 1.38% | 280.4 / 272.9 / 275.7 |
| Q10 | 219.47 | 219.55 | 1.90 | 0.86% | 217.7 / 219.5 / 221.5 |
| Q11 | 25.14 | 25.21 | 0.27 | 1.06% | 25.0 / 25.5 / 25.1 |
| Q12 | 110.51 | 109.68 | 1.97 | 1.78% | 111.1 / 110.5 / 107.4 |
| Q13 | 232.20 | 232.18 | 0.19 | 0.08% | 232.4 / 232.2 / 232.0 |
| Q14 | 123.98 | 124.00 | 1.75 | 1.41% | 125.8 / 124.0 / 122.3 |
| Q15 | 78.99 | 79.53 | 1.53 | 1.93% | 81.2 / 78.3 / 79.0 |
| Q16 | 56.89 | 56.90 | 0.02 | 0.04% | 56.9 / 56.9 / 56.9 |
| Q17 | 145.65 | 145.78 | 0.27 | 0.19% | 145.6 / 146.1 / 145.7 |
| Q18 | 195.35 | 195.21 | 0.73 | 0.37% | 195.3 / 194.4 / 195.8 |
| Q19 | 184.60 | 185.21 | 1.49 | 0.81% | 184.6 / 184.1 / 186.9 |
| Q20 | 131.14 | 131.87 | 1.77 | 1.35% | 130.6 / 131.1 / 133.9 |
| Q21 | 364.72 | 365.34 | 1.75 | 0.48% | 364.7 / 364.0 / 367.3 |
| Q22 | 50.62 | 50.48 | 0.31 | 0.61% | 50.7 / 50.1 / 50.6 |

**Sum of medians**: 3186.07 ms  (primary, robust to single-run outliers)
**Sum of means**: 3187.80 ms  (secondary)
**Median CV**: 0.77%  (noise-floor across invocations)
**Max CV**: 1.93%  (worst-case per-query noise — likely single-run outlier)
[23:40:45] SF=10 verdicts:
| Q22 | 23.15 | 50.62 | +27.47 | +118.66% | 0.64 | ematix faster |
**Sum of A medians**: 2307.66 ms
**Sum of B medians**: 3186.07 ms
**Net Δ**: +878.41 ms (+38.06%)
**Clear duckdb faster (>2σ)**: 1  Q05 -17.0ms
**Clear ematix faster (>2σ)**: 21  Q01 +18.3ms, Q02 +20.1ms, Q03 +18.3ms, Q04 +29.7ms, Q06 +46.6ms, Q07 +24.2ms, Q08 +13.0ms, Q09 +17.6ms, Q10 +33.5ms, Q11 +13.8ms, Q12 +26.0ms, Q13 +138.1ms, Q14 +45.9ms, Q15 +20.4ms, Q16 +13.9ms, Q17 +72.4ms, Q18 +25.4ms, Q19 +65.4ms, Q20 +43.3ms, Q21 +181.9ms, Q22 +27.5ms
[23:40:45] phase A/B SF=10: l9-partitioned  [EMAT_L9_PARTITIONED=1]
[23:41:15] === campaign start; git 1bc9a08 ===
[23:41:15] SKIP (exists): /Users/ryanevans/RustroverProjects/ematix-flow/bench-results/campaign-2026-07-01/validate-flags-on.txt
[23:41:15] SKIP (exists): /Users/ryanevans/RustroverProjects/ematix-flow/bench-results/campaign-2026-07-01/latency-sf1/verdicts.md
[23:41:15] SKIP (exists): /Users/ryanevans/RustroverProjects/ematix-flow/bench-results/campaign-2026-07-01/latency-sf10/verdicts.md
[23:41:15] phase A/B SF=10: l9-partitioned  [EMAT_L9_PARTITIONED=1]
  [env] captured -> /Users/ryanevans/RustroverProjects/ematix-flow/bench-results/campaign-2026-07-01/ab-sf10-l9-partitioned/env.json
=== Σ.AI.2 strict interleaved A/B bench ===
  sf:             10
  invocations:    4 (first of each discarded)
  trials/run:     10
  warmups/run:    2
  cooldown:       adaptive (fallback 15s)
  triangulate:    0
  isolate:        0
  plan cache:     off (both sides)
  cache policy:   warm
  env A:          <none>
  env B:          EMAT_L9_PARTITIONED=1
  output:         /Users/ryanevans/RustroverProjects/ematix-flow/bench-results/campaign-2026-07-01/ab-sf10-l9-partitioned

--- pair 1 / 4 ---
  → mode A invocation 1 → /Users/ryanevans/RustroverProjects/ematix-flow/bench-results/campaign-2026-07-01/ab-sf10-l9-partitioned/A/run-1.md
wrote /Users/ryanevans/RustroverProjects/ematix-flow/bench-results/campaign-2026-07-01/ab-sf10-l9-partitioned/A/run-1.md
  → mode B invocation 1 → /Users/ryanevans/RustroverProjects/ematix-flow/bench-results/campaign-2026-07-01/ab-sf10-l9-partitioned/B/run-1.md
wrote /Users/ryanevans/RustroverProjects/ematix-flow/bench-results/campaign-2026-07-01/ab-sf10-l9-partitioned/B/run-1.md
--- pair 2 / 4 ---
  → mode A invocation 2 → /Users/ryanevans/RustroverProjects/ematix-flow/bench-results/campaign-2026-07-01/ab-sf10-l9-partitioned/A/run-2.md
wrote /Users/ryanevans/RustroverProjects/ematix-flow/bench-results/campaign-2026-07-01/ab-sf10-l9-partitioned/A/run-2.md
  → mode B invocation 2 → /Users/ryanevans/RustroverProjects/ematix-flow/bench-results/campaign-2026-07-01/ab-sf10-l9-partitioned/B/run-2.md
wrote /Users/ryanevans/RustroverProjects/ematix-flow/bench-results/campaign-2026-07-01/ab-sf10-l9-partitioned/B/run-2.md
--- pair 3 / 4 ---
  → mode A invocation 3 → /Users/ryanevans/RustroverProjects/ematix-flow/bench-results/campaign-2026-07-01/ab-sf10-l9-partitioned/A/run-3.md
wrote /Users/ryanevans/RustroverProjects/ematix-flow/bench-results/campaign-2026-07-01/ab-sf10-l9-partitioned/A/run-3.md
  → mode B invocation 3 → /Users/ryanevans/RustroverProjects/ematix-flow/bench-results/campaign-2026-07-01/ab-sf10-l9-partitioned/B/run-3.md
wrote /Users/ryanevans/RustroverProjects/ematix-flow/bench-results/campaign-2026-07-01/ab-sf10-l9-partitioned/B/run-3.md
--- pair 4 / 4 ---
  → mode A invocation 4 → /Users/ryanevans/RustroverProjects/ematix-flow/bench-results/campaign-2026-07-01/ab-sf10-l9-partitioned/A/run-4.md
wrote /Users/ryanevans/RustroverProjects/ematix-flow/bench-results/campaign-2026-07-01/ab-sf10-l9-partitioned/A/run-4.md
  → mode B invocation 4 → /Users/ryanevans/RustroverProjects/ematix-flow/bench-results/campaign-2026-07-01/ab-sf10-l9-partitioned/B/run-4.md
wrote /Users/ryanevans/RustroverProjects/ematix-flow/bench-results/campaign-2026-07-01/ab-sf10-l9-partitioned/B/run-4.md

--- aggregating ---

# Σ.AI.2 strict interleaved A/B diff

- A summary: `A/strict-22q-summary.md`
- B summary: `B/strict-22q-summary.md`

Per-query Δ = B − A. Verdict uses 2× max(σ_A, σ_B) as the noise bar.

| Query | A median | B median | Δ ms | Δ % | bar (2σ) | verdict |
|------:|---------:|---------:|-----:|----:|---------:|:--------|
| Q01 | 239.74 | 238.01 | -1.73 | -0.72% | 31.84 | noise |
| Q02 | 19.21 | 19.76 | +0.55 | +2.86% | 2.10 | noise |
| Q03 | 120.63 | 121.97 | +1.34 | +1.11% | 9.46 | noise |
| Q04 | 55.21 | 55.65 | +0.44 | +0.80% | 1.60 | noise |
| Q05 | 153.10 | 149.27 | -3.83 | -2.50% | 10.30 | noise |
| Q06 | 26.02 | 25.38 | -0.64 | -2.46% | 1.50 | noise |
| Q07 | 118.55 | 123.22 | +4.67 | +3.94% | 12.14 | noise |
| Q08 | 148.14 | 151.10 | +2.96 | +2.00% | 8.02 | noise |
| Q09 | 285.68 | 280.32 | -5.36 | -1.88% | 23.98 | noise |
| Q10 | 191.94 | 195.35 | +3.41 | +1.78% | 11.58 | noise |
| Q11 | 13.41 | 13.31 | -0.10 | -0.75% | 1.32 | noise |
| Q12 | 90.22 | 91.76 | +1.54 | +1.71% | 6.78 | noise |
| Q13 | 98.24 | 101.42 | +3.18 | +3.24% | 6.56 | noise |
| Q14 | 80.64 | 82.65 | +2.01 | +2.49% | 5.82 | noise |
| Q15 | 61.16 | 61.11 | -0.05 | -0.08% | 3.80 | noise |
| Q16 | 50.56 | 50.77 | +0.21 | +0.42% | 3.66 | noise |
| Q17 | 77.65 | 78.99 | +1.34 | +1.73% | 4.16 | noise |
| Q18 | 181.14 | 185.48 | +4.34 | +2.40% | 11.80 | noise |
| Q19 | 123.38 | 128.31 | +4.93 | +4.00% | 8.30 | noise |
| Q20 | 91.76 | 92.87 | +1.11 | +1.21% | 4.34 | noise |
| Q21 | 185.46 | 185.39 | -0.07 | -0.04% | 8.10 | noise |
| Q22 | 23.89 | 23.38 | -0.51 | -2.13% | 1.56 | noise |

**Sum of A medians**: 2435.73 ms
**Sum of B medians**: 2455.47 ms
**Net Δ**: +19.74 ms (+0.81%)

**Clear WIN (>2σ)**: 0  
**Clear regression (>2σ)**: 0  
**Net Δ**: +19.74 ms (+0.81%)
**Clear WIN (>2σ)**: 0  
**Clear regression (>2σ)**: 0  
[23:45:14] phase A/B SF=10: fd-groupby  [EMAT_FD_GROUPBY=1]
  [env] captured -> /Users/ryanevans/RustroverProjects/ematix-flow/bench-results/campaign-2026-07-01/ab-sf10-fd-groupby/env.json
=== Σ.AI.2 strict interleaved A/B bench ===
  sf:             10
  invocations:    4 (first of each discarded)
  trials/run:     10
  warmups/run:    2
  cooldown:       adaptive (fallback 15s)
  triangulate:    0
  isolate:        0
  plan cache:     off (both sides)
  cache policy:   warm
  env A:          <none>
  env B:          EMAT_FD_GROUPBY=1
  output:         /Users/ryanevans/RustroverProjects/ematix-flow/bench-results/campaign-2026-07-01/ab-sf10-fd-groupby

--- pair 1 / 4 ---
  → mode A invocation 1 → /Users/ryanevans/RustroverProjects/ematix-flow/bench-results/campaign-2026-07-01/ab-sf10-fd-groupby/A/run-1.md
wrote /Users/ryanevans/RustroverProjects/ematix-flow/bench-results/campaign-2026-07-01/ab-sf10-fd-groupby/A/run-1.md
  → mode B invocation 1 → /Users/ryanevans/RustroverProjects/ematix-flow/bench-results/campaign-2026-07-01/ab-sf10-fd-groupby/B/run-1.md
wrote /Users/ryanevans/RustroverProjects/ematix-flow/bench-results/campaign-2026-07-01/ab-sf10-fd-groupby/B/run-1.md
--- pair 2 / 4 ---
  → mode A invocation 2 → /Users/ryanevans/RustroverProjects/ematix-flow/bench-results/campaign-2026-07-01/ab-sf10-fd-groupby/A/run-2.md
wrote /Users/ryanevans/RustroverProjects/ematix-flow/bench-results/campaign-2026-07-01/ab-sf10-fd-groupby/A/run-2.md
  → mode B invocation 2 → /Users/ryanevans/RustroverProjects/ematix-flow/bench-results/campaign-2026-07-01/ab-sf10-fd-groupby/B/run-2.md
wrote /Users/ryanevans/RustroverProjects/ematix-flow/bench-results/campaign-2026-07-01/ab-sf10-fd-groupby/B/run-2.md
--- pair 3 / 4 ---
  → mode A invocation 3 → /Users/ryanevans/RustroverProjects/ematix-flow/bench-results/campaign-2026-07-01/ab-sf10-fd-groupby/A/run-3.md
wrote /Users/ryanevans/RustroverProjects/ematix-flow/bench-results/campaign-2026-07-01/ab-sf10-fd-groupby/A/run-3.md
  → mode B invocation 3 → /Users/ryanevans/RustroverProjects/ematix-flow/bench-results/campaign-2026-07-01/ab-sf10-fd-groupby/B/run-3.md
wrote /Users/ryanevans/RustroverProjects/ematix-flow/bench-results/campaign-2026-07-01/ab-sf10-fd-groupby/B/run-3.md
--- pair 4 / 4 ---
  → mode A invocation 4 → /Users/ryanevans/RustroverProjects/ematix-flow/bench-results/campaign-2026-07-01/ab-sf10-fd-groupby/A/run-4.md
wrote /Users/ryanevans/RustroverProjects/ematix-flow/bench-results/campaign-2026-07-01/ab-sf10-fd-groupby/A/run-4.md
  → mode B invocation 4 → /Users/ryanevans/RustroverProjects/ematix-flow/bench-results/campaign-2026-07-01/ab-sf10-fd-groupby/B/run-4.md
wrote /Users/ryanevans/RustroverProjects/ematix-flow/bench-results/campaign-2026-07-01/ab-sf10-fd-groupby/B/run-4.md

--- aggregating ---

# Σ.AI.2 strict interleaved A/B diff

- A summary: `A/strict-22q-summary.md`
- B summary: `B/strict-22q-summary.md`

Per-query Δ = B − A. Verdict uses 2× max(σ_A, σ_B) as the noise bar.

| Query | A median | B median | Δ ms | Δ % | bar (2σ) | verdict |
|------:|---------:|---------:|-----:|----:|---------:|:--------|
| Q01 | 260.11 | 265.86 | +5.75 | +2.21% | 5.18 | regression |
| Q02 | 20.52 | 20.39 | -0.13 | -0.63% | 0.66 | noise |
| Q03 | 122.42 | 122.97 | +0.55 | +0.45% | 5.12 | noise |
| Q04 | 57.61 | 57.84 | +0.23 | +0.40% | 1.54 | noise |
| Q05 | 155.07 | 155.83 | +0.76 | +0.49% | 7.48 | noise |
| Q06 | 26.78 | 25.92 | -0.86 | -3.21% | 1.10 | noise |
| Q07 | 127.58 | 127.68 | +0.10 | +0.08% | 4.24 | noise |
| Q08 | 158.19 | 156.64 | -1.55 | -0.98% | 3.72 | noise |
| Q09 | 288.68 | 291.18 | +2.50 | +0.87% | 6.12 | noise |
| Q10 | 200.41 | 200.88 | +0.47 | +0.23% | 5.48 | noise |
| Q11 | 14.06 | 14.13 | +0.07 | +0.50% | 0.28 | noise |
| Q12 | 92.19 | 91.29 | -0.90 | -0.98% | 4.80 | noise |
| Q13 | 104.86 | 105.06 | +0.20 | +0.19% | 3.80 | noise |
| Q14 | 85.49 | 84.97 | -0.52 | -0.61% | 2.70 | noise |
| Q15 | 61.97 | 62.87 | +0.90 | +1.45% | 3.18 | noise |
| Q16 | 50.71 | 54.28 | +3.57 | +7.04% | 4.46 | noise |
| Q17 | 80.95 | 78.81 | -2.14 | -2.64% | 4.10 | noise |
| Q18 | 190.82 | 192.04 | +1.22 | +0.64% | 2.64 | noise |
| Q19 | 130.81 | 130.73 | -0.08 | -0.06% | 2.80 | noise |
| Q20 | 94.96 | 93.07 | -1.89 | -1.99% | 2.32 | noise |
| Q21 | 190.10 | 188.25 | -1.85 | -0.97% | 4.50 | noise |
| Q22 | 23.25 | 23.47 | +0.22 | +0.95% | 2.32 | noise |

**Sum of A medians**: 2537.54 ms
**Sum of B medians**: 2544.16 ms
**Net Δ**: +6.62 ms (+0.26%)

**Clear WIN (>2σ)**: 0  
**Clear regression (>2σ)**: 1  Q01 +5.8ms
| Q01 | 260.11 | 265.86 | +5.75 | +2.21% | 5.18 | regression |
**Net Δ**: +6.62 ms (+0.26%)
**Clear WIN (>2σ)**: 0  
**Clear regression (>2σ)**: 1  Q01 +5.8ms
[23:49:23] phase A/B SF=10: narrow-keys  [EMAT_DOWNCAST_KEYS=1 EMAT_NARROW_KEY_DECODE=1]
  [env] captured -> /Users/ryanevans/RustroverProjects/ematix-flow/bench-results/campaign-2026-07-01/ab-sf10-narrow-keys/env.json
=== Σ.AI.2 strict interleaved A/B bench ===
  sf:             10
  invocations:    4 (first of each discarded)
  trials/run:     10
  warmups/run:    2
  cooldown:       adaptive (fallback 15s)
  triangulate:    0
  isolate:        0
  plan cache:     off (both sides)
  cache policy:   warm
  env A:          <none>
  env B:          EMAT_DOWNCAST_KEYS=1 EMAT_NARROW_KEY_DECODE=1
  output:         /Users/ryanevans/RustroverProjects/ematix-flow/bench-results/campaign-2026-07-01/ab-sf10-narrow-keys

--- pair 1 / 4 ---
  → mode A invocation 1 → /Users/ryanevans/RustroverProjects/ematix-flow/bench-results/campaign-2026-07-01/ab-sf10-narrow-keys/A/run-1.md
wrote /Users/ryanevans/RustroverProjects/ematix-flow/bench-results/campaign-2026-07-01/ab-sf10-narrow-keys/A/run-1.md
  → mode B invocation 1 → /Users/ryanevans/RustroverProjects/ematix-flow/bench-results/campaign-2026-07-01/ab-sf10-narrow-keys/B/run-1.md
wrote /Users/ryanevans/RustroverProjects/ematix-flow/bench-results/campaign-2026-07-01/ab-sf10-narrow-keys/B/run-1.md
--- pair 2 / 4 ---
  → mode A invocation 2 → /Users/ryanevans/RustroverProjects/ematix-flow/bench-results/campaign-2026-07-01/ab-sf10-narrow-keys/A/run-2.md
wrote /Users/ryanevans/RustroverProjects/ematix-flow/bench-results/campaign-2026-07-01/ab-sf10-narrow-keys/A/run-2.md
  → mode B invocation 2 → /Users/ryanevans/RustroverProjects/ematix-flow/bench-results/campaign-2026-07-01/ab-sf10-narrow-keys/B/run-2.md
wrote /Users/ryanevans/RustroverProjects/ematix-flow/bench-results/campaign-2026-07-01/ab-sf10-narrow-keys/B/run-2.md
--- pair 3 / 4 ---
  → mode A invocation 3 → /Users/ryanevans/RustroverProjects/ematix-flow/bench-results/campaign-2026-07-01/ab-sf10-narrow-keys/A/run-3.md
wrote /Users/ryanevans/RustroverProjects/ematix-flow/bench-results/campaign-2026-07-01/ab-sf10-narrow-keys/A/run-3.md
  → mode B invocation 3 → /Users/ryanevans/RustroverProjects/ematix-flow/bench-results/campaign-2026-07-01/ab-sf10-narrow-keys/B/run-3.md
wrote /Users/ryanevans/RustroverProjects/ematix-flow/bench-results/campaign-2026-07-01/ab-sf10-narrow-keys/B/run-3.md
--- pair 4 / 4 ---
  → mode A invocation 4 → /Users/ryanevans/RustroverProjects/ematix-flow/bench-results/campaign-2026-07-01/ab-sf10-narrow-keys/A/run-4.md
wrote /Users/ryanevans/RustroverProjects/ematix-flow/bench-results/campaign-2026-07-01/ab-sf10-narrow-keys/A/run-4.md
  → mode B invocation 4 → /Users/ryanevans/RustroverProjects/ematix-flow/bench-results/campaign-2026-07-01/ab-sf10-narrow-keys/B/run-4.md
wrote /Users/ryanevans/RustroverProjects/ematix-flow/bench-results/campaign-2026-07-01/ab-sf10-narrow-keys/B/run-4.md

--- aggregating ---

# Σ.AI.2 strict interleaved A/B diff

- A summary: `A/strict-22q-summary.md`
- B summary: `B/strict-22q-summary.md`

Per-query Δ = B − A. Verdict uses 2× max(σ_A, σ_B) as the noise bar.

| Query | A median | B median | Δ ms | Δ % | bar (2σ) | verdict |
|------:|---------:|---------:|-----:|----:|---------:|:--------|
| Q01 | 254.91 | 255.92 | +1.01 | +0.40% | 2.90 | noise |
| Q02 | 20.70 | 24.10 | +3.40 | +16.43% | 0.48 | regression |
| Q03 | 122.69 | 119.68 | -3.01 | -2.45% | 3.02 | noise |
| Q04 | 56.68 | 70.45 | +13.77 | +24.29% | 2.00 | regression |
| Q05 | 152.93 | 109.21 | -43.72 | -28.59% | 3.22 | WIN |
| Q06 | 25.72 | 26.25 | +0.53 | +2.06% | 1.80 | noise |
| Q07 | 127.35 | 135.69 | +8.34 | +6.55% | 2.50 | regression |
| Q08 | 156.34 | 280.58 | +124.24 | +79.47% | 3.16 | regression |
| Q09 | 288.46 | 252.07 | -36.39 | -12.62% | 29.18 | WIN |
| Q10 | 199.43 | 196.80 | -2.63 | -1.32% | 4.56 | noise |
| Q11 | 13.93 | 17.22 | +3.29 | +23.62% | 0.78 | regression |
| Q12 | 92.11 | 101.15 | +9.04 | +9.81% | 4.66 | regression |
| Q13 | 102.27 | 101.05 | -1.22 | -1.19% | 1.30 | noise |
| Q14 | 84.18 | 84.62 | +0.44 | +0.52% | 4.54 | noise |
| Q15 | 62.02 | 63.81 | +1.79 | +2.89% | 3.06 | noise |
| Q16 | 50.69 | 50.45 | -0.24 | -0.47% | 2.88 | noise |
| Q17 | 79.44 | 98.63 | +19.19 | +24.16% | 3.28 | regression |
| Q18 | 192.03 | 235.72 | +43.69 | +22.75% | 3.82 | regression |
| Q19 | 129.78 | 128.81 | -0.97 | -0.75% | 1.68 | noise |
| Q20 | 93.13 | 176.65 | +83.52 | +89.68% | 4.68 | regression |
| Q21 | 189.49 | 211.35 | +21.86 | +11.54% | 9.84 | regression |
| Q22 | 23.89 | 29.97 | +6.08 | +25.45% | 0.46 | regression |

**Sum of A medians**: 2518.17 ms
**Sum of B medians**: 2770.18 ms
**Net Δ**: +252.01 ms (+10.01%)

**Clear WIN (>2σ)**: 2  Q05 -43.7ms, Q09 -36.4ms
**Clear regression (>2σ)**: 11  Q02 +3.4ms, Q04 +13.8ms, Q07 +8.3ms, Q08 +124.2ms, Q11 +3.3ms, Q12 +9.0ms, Q17 +19.2ms, Q18 +43.7ms, Q20 +83.5ms, Q21 +21.9ms, Q22 +6.1ms
| Q21 | 189.49 | 211.35 | +21.86 | +11.54% | 9.84 | regression |
| Q22 | 23.89 | 29.97 | +6.08 | +25.45% | 0.46 | regression |
**Net Δ**: +252.01 ms (+10.01%)
**Clear WIN (>2σ)**: 2  Q05 -43.7ms, Q09 -36.4ms
**Clear regression (>2σ)**: 11  Q02 +3.4ms, Q04 +13.8ms, Q07 +8.3ms, Q08 +124.2ms, Q11 +3.3ms, Q12 +9.0ms, Q17 +19.2ms, Q18 +43.7ms, Q20 +83.5ms, Q21 +21.9ms, Q22 +6.1ms
[23:53:43] phase A/B SF=10: date-swap  [EMAT_DATE_BUILD_SIDE=1]
  [env] captured -> /Users/ryanevans/RustroverProjects/ematix-flow/bench-results/campaign-2026-07-01/ab-sf10-date-swap/env.json
=== Σ.AI.2 strict interleaved A/B bench ===
  sf:             10
  invocations:    4 (first of each discarded)
  trials/run:     10
  warmups/run:    2
  cooldown:       adaptive (fallback 15s)
  triangulate:    0
  isolate:        0
  plan cache:     off (both sides)
  cache policy:   warm
  env A:          <none>
  env B:          EMAT_DATE_BUILD_SIDE=1
  output:         /Users/ryanevans/RustroverProjects/ematix-flow/bench-results/campaign-2026-07-01/ab-sf10-date-swap

--- pair 1 / 4 ---
  → mode A invocation 1 → /Users/ryanevans/RustroverProjects/ematix-flow/bench-results/campaign-2026-07-01/ab-sf10-date-swap/A/run-1.md
wrote /Users/ryanevans/RustroverProjects/ematix-flow/bench-results/campaign-2026-07-01/ab-sf10-date-swap/A/run-1.md
  → mode B invocation 1 → /Users/ryanevans/RustroverProjects/ematix-flow/bench-results/campaign-2026-07-01/ab-sf10-date-swap/B/run-1.md
wrote /Users/ryanevans/RustroverProjects/ematix-flow/bench-results/campaign-2026-07-01/ab-sf10-date-swap/B/run-1.md
--- pair 2 / 4 ---
  → mode A invocation 2 → /Users/ryanevans/RustroverProjects/ematix-flow/bench-results/campaign-2026-07-01/ab-sf10-date-swap/A/run-2.md
wrote /Users/ryanevans/RustroverProjects/ematix-flow/bench-results/campaign-2026-07-01/ab-sf10-date-swap/A/run-2.md
  → mode B invocation 2 → /Users/ryanevans/RustroverProjects/ematix-flow/bench-results/campaign-2026-07-01/ab-sf10-date-swap/B/run-2.md
wrote /Users/ryanevans/RustroverProjects/ematix-flow/bench-results/campaign-2026-07-01/ab-sf10-date-swap/B/run-2.md
--- pair 3 / 4 ---
  → mode A invocation 3 → /Users/ryanevans/RustroverProjects/ematix-flow/bench-results/campaign-2026-07-01/ab-sf10-date-swap/A/run-3.md
wrote /Users/ryanevans/RustroverProjects/ematix-flow/bench-results/campaign-2026-07-01/ab-sf10-date-swap/A/run-3.md
  → mode B invocation 3 → /Users/ryanevans/RustroverProjects/ematix-flow/bench-results/campaign-2026-07-01/ab-sf10-date-swap/B/run-3.md
wrote /Users/ryanevans/RustroverProjects/ematix-flow/bench-results/campaign-2026-07-01/ab-sf10-date-swap/B/run-3.md
--- pair 4 / 4 ---
  → mode A invocation 4 → /Users/ryanevans/RustroverProjects/ematix-flow/bench-results/campaign-2026-07-01/ab-sf10-date-swap/A/run-4.md
wrote /Users/ryanevans/RustroverProjects/ematix-flow/bench-results/campaign-2026-07-01/ab-sf10-date-swap/A/run-4.md
  → mode B invocation 4 → /Users/ryanevans/RustroverProjects/ematix-flow/bench-results/campaign-2026-07-01/ab-sf10-date-swap/B/run-4.md
wrote /Users/ryanevans/RustroverProjects/ematix-flow/bench-results/campaign-2026-07-01/ab-sf10-date-swap/B/run-4.md

--- aggregating ---

# Σ.AI.2 strict interleaved A/B diff

- A summary: `A/strict-22q-summary.md`
- B summary: `B/strict-22q-summary.md`

Per-query Δ = B − A. Verdict uses 2× max(σ_A, σ_B) as the noise bar.

| Query | A median | B median | Δ ms | Δ % | bar (2σ) | verdict |
|------:|---------:|---------:|-----:|----:|---------:|:--------|
| Q01 | 260.98 | 255.49 | -5.49 | -2.10% | 8.82 | noise |
| Q02 | 20.45 | 20.44 | -0.01 | -0.05% | 0.58 | noise |
| Q03 | 123.79 | 122.40 | -1.39 | -1.12% | 1.56 | noise |
| Q04 | 56.20 | 59.00 | +2.80 | +4.98% | 2.48 | regression |
| Q05 | 155.43 | 154.42 | -1.01 | -0.65% | 3.34 | noise |
| Q06 | 26.03 | 25.85 | -0.18 | -0.69% | 2.02 | noise |
| Q07 | 128.46 | 127.53 | -0.93 | -0.72% | 1.32 | noise |
| Q08 | 155.69 | 157.70 | +2.01 | +1.29% | 7.10 | noise |
| Q09 | 290.44 | 287.30 | -3.14 | -1.08% | 8.60 | noise |
| Q10 | 199.51 | 192.87 | -6.64 | -3.33% | 4.54 | WIN |
| Q11 | 13.82 | 14.01 | +0.19 | +1.37% | 0.90 | noise |
| Q12 | 91.95 | 93.97 | +2.02 | +2.20% | 2.56 | noise |
| Q13 | 102.20 | 103.08 | +0.88 | +0.86% | 4.08 | noise |
| Q14 | 84.73 | 86.28 | +1.55 | +1.83% | 2.72 | noise |
| Q15 | 62.02 | 61.98 | -0.04 | -0.06% | 2.70 | noise |
| Q16 | 52.03 | 52.13 | +0.10 | +0.19% | 2.46 | noise |
| Q17 | 79.27 | 81.67 | +2.40 | +3.03% | 5.92 | noise |
| Q18 | 190.31 | 191.43 | +1.12 | +0.59% | 2.82 | noise |
| Q19 | 131.43 | 131.14 | -0.29 | -0.22% | 2.70 | noise |
| Q20 | 94.82 | 95.75 | +0.93 | +0.98% | 6.30 | noise |
| Q21 | 188.65 | 187.65 | -1.00 | -0.53% | 3.28 | noise |
| Q22 | 22.66 | 22.26 | -0.40 | -1.77% | 2.66 | noise |

**Sum of A medians**: 2530.87 ms
**Sum of B medians**: 2524.35 ms
**Net Δ**: -6.52 ms (-0.26%)

**Clear WIN (>2σ)**: 1  Q10 -6.6ms
**Clear regression (>2σ)**: 1  Q04 +2.8ms
| Q04 | 56.20 | 59.00 | +2.80 | +4.98% | 2.48 | regression |
| Q10 | 199.51 | 192.87 | -6.64 | -3.33% | 4.54 | WIN |
**Net Δ**: -6.52 ms (-0.26%)
**Clear WIN (>2σ)**: 1  Q10 -6.6ms
**Clear regression (>2σ)**: 1  Q04 +2.8ms
[23:57:52] phase A/B SF=10: ndv-swap  [EMAT_NDV_BUILD_SIDE=1]
  [env] captured -> /Users/ryanevans/RustroverProjects/ematix-flow/bench-results/campaign-2026-07-01/ab-sf10-ndv-swap/env.json
=== Σ.AI.2 strict interleaved A/B bench ===
  sf:             10
  invocations:    4 (first of each discarded)
  trials/run:     10
  warmups/run:    2
  cooldown:       adaptive (fallback 15s)
  triangulate:    0
  isolate:        0
  plan cache:     off (both sides)
  cache policy:   warm
  env A:          <none>
  env B:          EMAT_NDV_BUILD_SIDE=1
  output:         /Users/ryanevans/RustroverProjects/ematix-flow/bench-results/campaign-2026-07-01/ab-sf10-ndv-swap

--- pair 1 / 4 ---
  → mode A invocation 1 → /Users/ryanevans/RustroverProjects/ematix-flow/bench-results/campaign-2026-07-01/ab-sf10-ndv-swap/A/run-1.md
wrote /Users/ryanevans/RustroverProjects/ematix-flow/bench-results/campaign-2026-07-01/ab-sf10-ndv-swap/A/run-1.md
  → mode B invocation 1 → /Users/ryanevans/RustroverProjects/ematix-flow/bench-results/campaign-2026-07-01/ab-sf10-ndv-swap/B/run-1.md
wrote /Users/ryanevans/RustroverProjects/ematix-flow/bench-results/campaign-2026-07-01/ab-sf10-ndv-swap/B/run-1.md
--- pair 2 / 4 ---
  → mode A invocation 2 → /Users/ryanevans/RustroverProjects/ematix-flow/bench-results/campaign-2026-07-01/ab-sf10-ndv-swap/A/run-2.md
wrote /Users/ryanevans/RustroverProjects/ematix-flow/bench-results/campaign-2026-07-01/ab-sf10-ndv-swap/A/run-2.md
  → mode B invocation 2 → /Users/ryanevans/RustroverProjects/ematix-flow/bench-results/campaign-2026-07-01/ab-sf10-ndv-swap/B/run-2.md
wrote /Users/ryanevans/RustroverProjects/ematix-flow/bench-results/campaign-2026-07-01/ab-sf10-ndv-swap/B/run-2.md
--- pair 3 / 4 ---
  → mode A invocation 3 → /Users/ryanevans/RustroverProjects/ematix-flow/bench-results/campaign-2026-07-01/ab-sf10-ndv-swap/A/run-3.md
wrote /Users/ryanevans/RustroverProjects/ematix-flow/bench-results/campaign-2026-07-01/ab-sf10-ndv-swap/A/run-3.md
  → mode B invocation 3 → /Users/ryanevans/RustroverProjects/ematix-flow/bench-results/campaign-2026-07-01/ab-sf10-ndv-swap/B/run-3.md
wrote /Users/ryanevans/RustroverProjects/ematix-flow/bench-results/campaign-2026-07-01/ab-sf10-ndv-swap/B/run-3.md
--- pair 4 / 4 ---
  → mode A invocation 4 → /Users/ryanevans/RustroverProjects/ematix-flow/bench-results/campaign-2026-07-01/ab-sf10-ndv-swap/A/run-4.md
wrote /Users/ryanevans/RustroverProjects/ematix-flow/bench-results/campaign-2026-07-01/ab-sf10-ndv-swap/A/run-4.md
  → mode B invocation 4 → /Users/ryanevans/RustroverProjects/ematix-flow/bench-results/campaign-2026-07-01/ab-sf10-ndv-swap/B/run-4.md
wrote /Users/ryanevans/RustroverProjects/ematix-flow/bench-results/campaign-2026-07-01/ab-sf10-ndv-swap/B/run-4.md

--- aggregating ---

# Σ.AI.2 strict interleaved A/B diff

- A summary: `A/strict-22q-summary.md`
- B summary: `B/strict-22q-summary.md`

Per-query Δ = B − A. Verdict uses 2× max(σ_A, σ_B) as the noise bar.

| Query | A median | B median | Δ ms | Δ % | bar (2σ) | verdict |
|------:|---------:|---------:|-----:|----:|---------:|:--------|
| Q01 | 256.89 | 259.54 | +2.65 | +1.03% | 2.60 | regression |
| Q02 | 20.64 | 20.39 | -0.25 | -1.21% | 0.50 | noise |
| Q03 | 125.11 | 122.84 | -2.27 | -1.81% | 2.68 | noise |
| Q04 | 56.61 | 57.65 | +1.04 | +1.84% | 1.88 | noise |
| Q05 | 153.44 | 153.43 | -0.01 | -0.01% | 2.50 | noise |
| Q06 | 26.18 | 25.82 | -0.36 | -1.38% | 1.14 | noise |
| Q07 | 127.53 | 128.12 | +0.59 | +0.46% | 2.48 | noise |
| Q08 | 158.24 | 154.87 | -3.37 | -2.13% | 3.50 | noise |
| Q09 | 291.32 | 291.21 | -0.11 | -0.04% | 6.44 | noise |
| Q10 | 200.78 | 202.57 | +1.79 | +0.89% | 2.04 | noise |
| Q11 | 13.88 | 14.00 | +0.12 | +0.86% | 0.60 | noise |
| Q12 | 92.68 | 91.77 | -0.91 | -0.98% | 3.68 | noise |
| Q13 | 102.90 | 101.90 | -1.00 | -0.97% | 2.34 | noise |
| Q14 | 83.05 | 85.82 | +2.77 | +3.34% | 4.62 | noise |
| Q15 | 61.73 | 61.66 | -0.07 | -0.11% | 3.52 | noise |
| Q16 | 52.28 | 51.12 | -1.16 | -2.22% | 1.76 | noise |
| Q17 | 79.92 | 78.78 | -1.14 | -1.43% | 6.24 | noise |
| Q18 | 191.01 | 191.14 | +0.13 | +0.07% | 2.46 | noise |
| Q19 | 129.73 | 132.39 | +2.66 | +2.05% | 5.20 | noise |
| Q20 | 93.65 | 93.44 | -0.21 | -0.22% | 8.40 | noise |
| Q21 | 186.17 | 190.67 | +4.50 | +2.42% | 7.14 | noise |
| Q22 | 24.08 | 23.85 | -0.23 | -0.96% | 2.46 | noise |

**Sum of A medians**: 2527.82 ms
**Sum of B medians**: 2532.98 ms
**Net Δ**: +5.16 ms (+0.20%)

**Clear WIN (>2σ)**: 0  
**Clear regression (>2σ)**: 1  Q01 +2.7ms
| Q01 | 256.89 | 259.54 | +2.65 | +1.03% | 2.60 | regression |
**Net Δ**: +5.16 ms (+0.20%)
**Clear WIN (>2σ)**: 0  
**Clear regression (>2σ)**: 1  Q01 +2.7ms
[00:02:00] phase A/B SF=10: all-on  [EMAT_L9_PARTITIONED=1 EMAT_FD_GROUPBY=1 EMAT_DOWNCAST_KEYS=1 EMAT_NARROW_KEY_DECODE=1 EMAT_DATE_BUILD_SIDE=1 EMAT_NDV_BUILD_SIDE=1]
  [env] captured -> /Users/ryanevans/RustroverProjects/ematix-flow/bench-results/campaign-2026-07-01/ab-sf10-all-on/env.json
=== Σ.AI.2 strict interleaved A/B bench ===
  sf:             10
  invocations:    4 (first of each discarded)
  trials/run:     10
  warmups/run:    2
  cooldown:       adaptive (fallback 15s)
  triangulate:    0
  isolate:        0
  plan cache:     off (both sides)
  cache policy:   warm
  env A:          <none>
  env B:          EMAT_L9_PARTITIONED=1 EMAT_FD_GROUPBY=1 EMAT_DOWNCAST_KEYS=1 EMAT_NARROW_KEY_DECODE=1 EMAT_DATE_BUILD_SIDE=1 EMAT_NDV_BUILD_SIDE=1
  output:         /Users/ryanevans/RustroverProjects/ematix-flow/bench-results/campaign-2026-07-01/ab-sf10-all-on

--- pair 1 / 4 ---
  → mode A invocation 1 → /Users/ryanevans/RustroverProjects/ematix-flow/bench-results/campaign-2026-07-01/ab-sf10-all-on/A/run-1.md
wrote /Users/ryanevans/RustroverProjects/ematix-flow/bench-results/campaign-2026-07-01/ab-sf10-all-on/A/run-1.md
  → mode B invocation 1 → /Users/ryanevans/RustroverProjects/ematix-flow/bench-results/campaign-2026-07-01/ab-sf10-all-on/B/run-1.md
wrote /Users/ryanevans/RustroverProjects/ematix-flow/bench-results/campaign-2026-07-01/ab-sf10-all-on/B/run-1.md
--- pair 2 / 4 ---
  → mode A invocation 2 → /Users/ryanevans/RustroverProjects/ematix-flow/bench-results/campaign-2026-07-01/ab-sf10-all-on/A/run-2.md
wrote /Users/ryanevans/RustroverProjects/ematix-flow/bench-results/campaign-2026-07-01/ab-sf10-all-on/A/run-2.md
  → mode B invocation 2 → /Users/ryanevans/RustroverProjects/ematix-flow/bench-results/campaign-2026-07-01/ab-sf10-all-on/B/run-2.md
wrote /Users/ryanevans/RustroverProjects/ematix-flow/bench-results/campaign-2026-07-01/ab-sf10-all-on/B/run-2.md
--- pair 3 / 4 ---
  → mode A invocation 3 → /Users/ryanevans/RustroverProjects/ematix-flow/bench-results/campaign-2026-07-01/ab-sf10-all-on/A/run-3.md
wrote /Users/ryanevans/RustroverProjects/ematix-flow/bench-results/campaign-2026-07-01/ab-sf10-all-on/A/run-3.md
  → mode B invocation 3 → /Users/ryanevans/RustroverProjects/ematix-flow/bench-results/campaign-2026-07-01/ab-sf10-all-on/B/run-3.md
wrote /Users/ryanevans/RustroverProjects/ematix-flow/bench-results/campaign-2026-07-01/ab-sf10-all-on/B/run-3.md
--- pair 4 / 4 ---
  → mode A invocation 4 → /Users/ryanevans/RustroverProjects/ematix-flow/bench-results/campaign-2026-07-01/ab-sf10-all-on/A/run-4.md
wrote /Users/ryanevans/RustroverProjects/ematix-flow/bench-results/campaign-2026-07-01/ab-sf10-all-on/A/run-4.md
  → mode B invocation 4 → /Users/ryanevans/RustroverProjects/ematix-flow/bench-results/campaign-2026-07-01/ab-sf10-all-on/B/run-4.md
wrote /Users/ryanevans/RustroverProjects/ematix-flow/bench-results/campaign-2026-07-01/ab-sf10-all-on/B/run-4.md

--- aggregating ---

# Σ.AI.2 strict interleaved A/B diff

- A summary: `A/strict-22q-summary.md`
- B summary: `B/strict-22q-summary.md`

Per-query Δ = B − A. Verdict uses 2× max(σ_A, σ_B) as the noise bar.

| Query | A median | B median | Δ ms | Δ % | bar (2σ) | verdict |
|------:|---------:|---------:|-----:|----:|---------:|:--------|
| Q01 | 255.72 | 256.89 | +1.17 | +0.46% | 2.82 | noise |
| Q02 | 20.70 | 23.55 | +2.85 | +13.77% | 1.32 | regression |
| Q03 | 125.56 | 119.76 | -5.80 | -4.62% | 11.50 | noise |
| Q04 | 57.03 | 69.64 | +12.61 | +22.11% | 2.22 | regression |
| Q05 | 153.99 | 111.02 | -42.97 | -27.90% | 2.50 | WIN |
| Q06 | 25.63 | 27.88 | +2.25 | +8.78% | 1.94 | regression |
| Q07 | 126.84 | 136.56 | +9.72 | +7.66% | 1.48 | regression |
| Q08 | 155.15 | 280.52 | +125.37 | +80.81% | 6.44 | regression |
| Q09 | 289.32 | 253.64 | -35.68 | -12.33% | 7.76 | WIN |
| Q10 | 199.10 | 190.92 | -8.18 | -4.11% | 10.30 | noise |
| Q11 | 13.86 | 17.75 | +3.89 | +28.07% | 0.72 | regression |
| Q12 | 92.55 | 100.20 | +7.65 | +8.27% | 2.94 | regression |
| Q13 | 102.10 | 100.19 | -1.91 | -1.87% | 3.44 | noise |
| Q14 | 85.25 | 89.38 | +4.13 | +4.84% | 2.98 | regression |
| Q15 | 62.21 | 61.82 | -0.39 | -0.63% | 2.72 | noise |
| Q16 | 52.32 | 50.98 | -1.34 | -2.56% | 2.94 | noise |
| Q17 | 78.88 | 99.73 | +20.85 | +26.43% | 4.66 | regression |
| Q18 | 190.76 | 235.78 | +45.02 | +23.60% | 3.70 | regression |
| Q19 | 130.53 | 129.47 | -1.06 | -0.81% | 2.02 | noise |
| Q20 | 93.50 | 174.08 | +80.58 | +86.18% | 3.58 | regression |
| Q21 | 184.98 | 209.67 | +24.69 | +13.35% | 6.78 | regression |
| Q22 | 22.95 | 30.53 | +7.58 | +33.03% | 0.62 | regression |

**Sum of A medians**: 2518.93 ms
**Sum of B medians**: 2769.96 ms
**Net Δ**: +251.03 ms (+9.97%)

**Clear WIN (>2σ)**: 2  Q05 -43.0ms, Q09 -35.7ms
**Clear regression (>2σ)**: 13  Q02 +2.9ms, Q04 +12.6ms, Q06 +2.2ms, Q07 +9.7ms, Q08 +125.4ms, Q11 +3.9ms, Q12 +7.7ms, Q14 +4.1ms, Q17 +20.9ms, Q18 +45.0ms, Q20 +80.6ms, Q21 +24.7ms, Q22 +7.6ms
| Q21 | 184.98 | 209.67 | +24.69 | +13.35% | 6.78 | regression |
| Q22 | 22.95 | 30.53 | +7.58 | +33.03% | 0.62 | regression |
**Net Δ**: +251.03 ms (+9.97%)
**Clear WIN (>2σ)**: 2  Q05 -43.0ms, Q09 -35.7ms
**Clear regression (>2σ)**: 13  Q02 +2.9ms, Q04 +12.6ms, Q06 +2.2ms, Q07 +9.7ms, Q08 +125.4ms, Q11 +3.9ms, Q12 +7.7ms, Q14 +4.1ms, Q17 +20.9ms, Q18 +45.0ms, Q20 +80.6ms, Q21 +24.7ms, Q22 +7.6ms
[00:06:20] phase latency SF=100: solo ematix
=== Σ.AI.1 strict bench protocol ===
  sf:             100
  invocations:    4 (first will be discarded)
  trials/run:     5
  warmups/run:    2
  cooldown:       adaptive (fallback 15s)
  triangulate:    0
  isolate:        1
  plan cache:     off
  cache policy:   warm
  queries:        1,2,3,4,5,6,7,8,9,10,11,12,13,14,15,16,17,18,19,20,21,22,
  extra env:      <none>
  output dir:     /Users/ryanevans/RustroverProjects/ematix-flow/bench-results/campaign-2026-07-01/latency-sf100/ematix

  [env] captured -> /Users/ryanevans/RustroverProjects/ematix-flow/bench-results/campaign-2026-07-01/latency-sf100/ematix/env.json
--- invocation 1 / 4 → /Users/ryanevans/RustroverProjects/ematix-flow/bench-results/campaign-2026-07-01/latency-sf100/ematix/run-1.md ---
  [thermal] pre: nominal
  (isolated: 22 per-query processes)
  [thermal] post: nominal

--- invocation 2 / 4 → /Users/ryanevans/RustroverProjects/ematix-flow/bench-results/campaign-2026-07-01/latency-sf100/ematix/run-2.md ---
  [thermal] pre: nominal
  (isolated: 22 per-query processes)
  [thermal] post: nominal

--- invocation 3 / 4 → /Users/ryanevans/RustroverProjects/ematix-flow/bench-results/campaign-2026-07-01/latency-sf100/ematix/run-3.md ---
  [thermal] pre: nominal
  (isolated: 22 per-query processes)
  [thermal] post: nominal

--- invocation 4 / 4 → /Users/ryanevans/RustroverProjects/ematix-flow/bench-results/campaign-2026-07-01/latency-sf100/ematix/run-4.md ---
  [thermal] pre: nominal
  (isolated: 22 per-query processes)
  [thermal] post: nominal

--- aggregate summary written to /Users/ryanevans/RustroverProjects/ematix-flow/bench-results/campaign-2026-07-01/latency-sf100/ematix/strict-22q-summary.md ---
# Σ.AI.1 strict 22q bench summary — ematix

- Machine: Apple M4 Max (10P+4E), macOS 26.5.1, power: Now drawing from 'AC Power'
- Git: 1bc9a08d0819 on integration/campaign-2026-07-01 (dirty: True)
- Data: SF=100; plan cache: off; cache policy: warm
- Engines: {'datafusion': '53.1.0', 'duckdb': '1.10503.1', 'ematix-parquet-codec': '0.17.0', 'polars': '0.52.0'}
- EMAT flags: {'EMAT_PLAN_CACHE': '0'}

- Runs aggregated: 3 of 4 (discarded 1 cold-start: ['run-1.md'])
- Run files: ['run-2.md', 'run-3.md', 'run-4.md']

| Query | median ms | mean ms | σ ms | CV% | per-run medians |
|------:|----------:|--------:|-----:|----:|:----------------|
| Q01 | 2490.41 | 2500.64 | 20.36 | 0.82% | 2524.1 / 2487.4 / 2490.4 |
| Q02 | 229.09 | 228.11 | 3.64 | 1.59% | 231.2 / 229.1 / 224.1 |
| Q03 | 1565.10 | 1567.01 | 4.94 | 0.32% | 1572.6 / 1563.3 / 1565.1 |
| Q04 | 875.22 | 873.82 | 4.07 | 0.47% | 877.0 / 875.2 / 869.2 |
| Q05 | 1989.94 | 1993.81 | 25.03 | 1.26% | 1989.9 / 2020.5 / 1970.9 |
| Q06 | 527.06 | 526.13 | 3.38 | 0.64% | 527.1 / 522.4 / 529.0 |
| Q07 | 1569.44 | 1568.12 | 11.22 | 0.72% | 1578.6 / 1556.3 / 1569.4 |
| Q08 | 1707.77 | 1707.91 | 3.66 | 0.21% | 1707.8 / 1704.3 / 1711.6 |
| Q09 | 4496.79 | 4498.68 | 16.36 | 0.36% | 4496.8 / 4483.4 / 4515.9 |
| Q10 | 2839.69 | 2849.46 | 102.80 | 3.62% | 2956.8 / 2751.9 / 2839.7 |
| Q11 | 214.32 | 213.38 | 4.61 | 2.15% | 217.4 / 208.4 / 214.3 |
| Q12 | 1015.59 | 1020.59 | 10.57 | 1.04% | 1015.6 / 1032.7 / 1013.5 |
| Q13 | 1964.77 | 1967.45 | 6.77 | 0.34% | 1964.8 / 1962.4 / 1975.2 |
| Q14 | 818.04 | 817.12 | 4.47 | 0.55% | 818.0 / 821.0 / 812.3 |
| Q15 | 815.34 | 821.04 | 16.55 | 2.03% | 808.1 / 815.3 / 839.7 |
| Q16 | 392.98 | 391.27 | 3.74 | 0.95% | 393.8 / 393.0 / 387.0 |
| Q17 | 1475.89 | 1473.05 | 7.62 | 0.52% | 1464.4 / 1475.9 / 1478.8 |
| Q18 | 4087.79 | 4110.30 | 323.88 | 7.92% | 4087.8 / 4444.8 / 3798.3 |
| Q19 | 1203.15 | 1206.77 | 8.93 | 0.74% | 1217.0 / 1203.2 / 1200.2 |
| Q20 | 1229.47 | 1225.12 | 8.78 | 0.71% | 1230.9 / 1229.5 / 1215.0 |
| Q21 | 3511.62 | 3512.40 | 8.06 | 0.23% | 3520.8 / 3511.6 / 3504.8 |
| Q22 | 435.26 | 436.51 | 2.62 | 0.60% | 434.8 / 439.5 / 435.3 |

**Sum of medians**: 35454.73 ms  (primary, robust to single-run outliers)
**Sum of means**: 35508.68 ms  (secondary)
**Median CV**: 0.71%  (noise-floor across invocations)
**Max CV**: 7.92%  (worst-case per-query noise — likely single-run outlier)
[00:23:06] phase latency SF=100: solo duckdb
=== Σ.AI.1 strict bench protocol ===
  sf:             100
  invocations:    4 (first will be discarded)
  trials/run:     5
  warmups/run:    2
  cooldown:       adaptive (fallback 15s)
  triangulate:    0
  isolate:        1
  plan cache:     off
  cache policy:   warm
  queries:        1,2,3,4,5,6,7,8,9,10,11,12,13,14,15,16,17,18,19,20,21,22,
  extra env:      <none>
  output dir:     /Users/ryanevans/RustroverProjects/ematix-flow/bench-results/campaign-2026-07-01/latency-sf100/duckdb

  [env] captured -> /Users/ryanevans/RustroverProjects/ematix-flow/bench-results/campaign-2026-07-01/latency-sf100/duckdb/env.json
--- invocation 1 / 4 → /Users/ryanevans/RustroverProjects/ematix-flow/bench-results/campaign-2026-07-01/latency-sf100/duckdb/run-1.md ---
  [thermal] pre: nominal
  (isolated: 22 per-query processes)
  [thermal] post: nominal

--- invocation 2 / 4 → /Users/ryanevans/RustroverProjects/ematix-flow/bench-results/campaign-2026-07-01/latency-sf100/duckdb/run-2.md ---
  [thermal] pre: nominal
  (isolated: 22 per-query processes)
  [thermal] post: nominal

--- invocation 3 / 4 → /Users/ryanevans/RustroverProjects/ematix-flow/bench-results/campaign-2026-07-01/latency-sf100/duckdb/run-3.md ---
  [thermal] pre: nominal
  (isolated: 22 per-query processes)
  [thermal] post: nominal

--- invocation 4 / 4 → /Users/ryanevans/RustroverProjects/ematix-flow/bench-results/campaign-2026-07-01/latency-sf100/duckdb/run-4.md ---
  [thermal] pre: nominal
  (isolated: 22 per-query processes)
  [thermal] post: nominal

--- aggregate summary written to /Users/ryanevans/RustroverProjects/ematix-flow/bench-results/campaign-2026-07-01/latency-sf100/duckdb/strict-22q-summary.md ---
# Σ.AI.1 strict 22q bench summary — duckdb

- Machine: Apple M4 Max (10P+4E), macOS 26.5.1, power: Now drawing from 'AC Power'
- Git: 1bc9a08d0819 on integration/campaign-2026-07-01 (dirty: True)
- Data: SF=100; plan cache: off; cache policy: warm
- Engines: {'datafusion': '53.1.0', 'duckdb': '1.10503.1', 'ematix-parquet-codec': '0.17.0', 'polars': '0.52.0'}
- EMAT flags: {'EMAT_PLAN_CACHE': '0'}

- Runs aggregated: 3 of 4 (discarded 1 cold-start: ['run-1.md'])
- Run files: ['run-2.md', 'run-3.md', 'run-4.md']

| Query | median ms | mean ms | σ ms | CV% | per-run medians |
|------:|----------:|--------:|-----:|----:|:----------------|
| Q01 | 2339.03 | 2343.20 | 10.34 | 0.44% | 2339.0 / 2335.6 / 2355.0 |
| Q02 | 292.83 | 292.96 | 1.32 | 0.45% | 291.7 / 292.8 / 294.3 |
| Q03 | 1537.90 | 1538.24 | 1.85 | 0.12% | 1537.9 / 1536.6 / 1540.2 |
| Q04 | 854.95 | 860.99 | 11.44 | 1.34% | 853.8 / 855.0 / 874.2 |
| Q05 | 1570.17 | 1569.64 | 2.34 | 0.15% | 1567.1 / 1571.7 / 1570.2 |
| Q06 | 747.40 | 744.69 | 5.07 | 0.68% | 747.4 / 738.9 / 747.8 |
| Q07 | 1623.03 | 1629.71 | 13.69 | 0.84% | 1620.6 / 1623.0 / 1645.5 |
| Q08 | 1995.33 | 2000.07 | 12.63 | 0.63% | 2014.4 / 1995.3 / 1990.5 |
| Q09 | 4383.15 | 4383.19 | 43.59 | 0.99% | 4426.8 / 4383.1 / 4339.6 |
| Q10 | 1979.85 | 1982.01 | 13.36 | 0.67% | 1969.9 / 1979.8 / 1996.3 |
| Q11 | 205.45 | 205.13 | 1.45 | 0.70% | 205.4 / 203.6 / 206.4 |
| Q12 | 1130.29 | 1137.22 | 15.09 | 1.33% | 1154.5 / 1126.8 / 1130.3 |
| Q13 | 2315.79 | 2315.00 | 8.19 | 0.35% | 2315.8 / 2322.8 / 2306.4 |
| Q14 | 1018.46 | 1016.60 | 8.81 | 0.87% | 1018.5 / 1024.3 / 1007.0 |
| Q15 | 952.35 | 950.34 | 4.70 | 0.49% | 952.4 / 953.7 / 945.0 |
| Q16 | 377.54 | 377.44 | 0.88 | 0.23% | 377.5 / 376.5 / 378.3 |
| Q17 | 1518.51 | 1522.78 | 10.72 | 0.71% | 1514.9 / 1535.0 / 1518.5 |
| Q18 | 2578.07 | 2571.89 | 32.81 | 1.27% | 2601.2 / 2578.1 / 2536.4 |
| Q19 | 1507.07 | 1507.57 | 11.28 | 0.75% | 1496.5 / 1519.1 / 1507.1 |
| Q20 | 1248.19 | 1245.03 | 5.54 | 0.44% | 1238.6 / 1248.3 / 1248.2 |
| Q21 | 4266.60 | 4274.55 | 18.52 | 0.43% | 4266.6 / 4295.7 / 4261.3 |
| Q22 | 571.26 | 570.60 | 1.70 | 0.30% | 568.7 / 571.9 / 571.3 |

**Sum of medians**: 35013.22 ms  (primary, robust to single-run outliers)
**Sum of means**: 35038.85 ms  (secondary)
**Median CV**: 0.65%  (noise-floor across invocations)
**Max CV**: 1.34%  (worst-case per-query noise — likely single-run outlier)
[00:40:34] SF=100 verdicts:
| Q22 | 435.26 | 571.26 | +136.00 | +31.25% | 5.24 | ematix faster |
**Sum of A medians**: 35454.73 ms
**Sum of B medians**: 35013.22 ms
**Net Δ**: -441.51 ms (-1.25%)
**Clear duckdb faster (>2σ)**: 7  Q01 -151.4ms, Q03 -27.2ms, Q05 -419.8ms, Q09 -113.6ms, Q10 -859.8ms, Q16 -15.4ms, Q18 -1509.7ms
**Clear ematix faster (>2σ)**: 13  Q02 +63.7ms, Q06 +220.3ms, Q07 +53.6ms, Q08 +287.6ms, Q12 +114.7ms, Q13 +351.0ms, Q14 +200.4ms, Q15 +137.0ms, Q17 +42.6ms, Q19 +303.9ms, Q20 +18.7ms, Q21 +755.0ms, Q22 +136.0ms
[00:40:34] phase A/B SF=100: l9-partitioned on Q[5,7,8,9]
  [env] captured -> /Users/ryanevans/RustroverProjects/ematix-flow/bench-results/campaign-2026-07-01/ab-sf100-l9-partitioned/env.json
=== Σ.AI.2 strict interleaved A/B bench ===
  sf:             100
  invocations:    4 (first of each discarded)
  trials/run:     5
  warmups/run:    2
  cooldown:       adaptive (fallback 15s)
  triangulate:    0
  isolate:        0
  plan cache:     off (both sides)
  cache policy:   warm
  env A:          <none>
  env B:          EMAT_L9_PARTITIONED=1
  output:         /Users/ryanevans/RustroverProjects/ematix-flow/bench-results/campaign-2026-07-01/ab-sf100-l9-partitioned

--- pair 1 / 4 ---
  → mode A invocation 1 → /Users/ryanevans/RustroverProjects/ematix-flow/bench-results/campaign-2026-07-01/ab-sf100-l9-partitioned/A/run-1.md
wrote /Users/ryanevans/RustroverProjects/ematix-flow/bench-results/campaign-2026-07-01/ab-sf100-l9-partitioned/A/run-1.md
  → mode B invocation 1 → /Users/ryanevans/RustroverProjects/ematix-flow/bench-results/campaign-2026-07-01/ab-sf100-l9-partitioned/B/run-1.md
wrote /Users/ryanevans/RustroverProjects/ematix-flow/bench-results/campaign-2026-07-01/ab-sf100-l9-partitioned/B/run-1.md
--- pair 2 / 4 ---
  → mode A invocation 2 → /Users/ryanevans/RustroverProjects/ematix-flow/bench-results/campaign-2026-07-01/ab-sf100-l9-partitioned/A/run-2.md
wrote /Users/ryanevans/RustroverProjects/ematix-flow/bench-results/campaign-2026-07-01/ab-sf100-l9-partitioned/A/run-2.md
  → mode B invocation 2 → /Users/ryanevans/RustroverProjects/ematix-flow/bench-results/campaign-2026-07-01/ab-sf100-l9-partitioned/B/run-2.md
wrote /Users/ryanevans/RustroverProjects/ematix-flow/bench-results/campaign-2026-07-01/ab-sf100-l9-partitioned/B/run-2.md
--- pair 3 / 4 ---
  → mode A invocation 3 → /Users/ryanevans/RustroverProjects/ematix-flow/bench-results/campaign-2026-07-01/ab-sf100-l9-partitioned/A/run-3.md
wrote /Users/ryanevans/RustroverProjects/ematix-flow/bench-results/campaign-2026-07-01/ab-sf100-l9-partitioned/A/run-3.md
  → mode B invocation 3 → /Users/ryanevans/RustroverProjects/ematix-flow/bench-results/campaign-2026-07-01/ab-sf100-l9-partitioned/B/run-3.md
wrote /Users/ryanevans/RustroverProjects/ematix-flow/bench-results/campaign-2026-07-01/ab-sf100-l9-partitioned/B/run-3.md
--- pair 4 / 4 ---
  → mode A invocation 4 → /Users/ryanevans/RustroverProjects/ematix-flow/bench-results/campaign-2026-07-01/ab-sf100-l9-partitioned/A/run-4.md
wrote /Users/ryanevans/RustroverProjects/ematix-flow/bench-results/campaign-2026-07-01/ab-sf100-l9-partitioned/A/run-4.md
  → mode B invocation 4 → /Users/ryanevans/RustroverProjects/ematix-flow/bench-results/campaign-2026-07-01/ab-sf100-l9-partitioned/B/run-4.md
wrote /Users/ryanevans/RustroverProjects/ematix-flow/bench-results/campaign-2026-07-01/ab-sf100-l9-partitioned/B/run-4.md

--- aggregating ---

# Σ.AI.2 strict interleaved A/B diff

- A summary: `A/strict-22q-summary.md`
- B summary: `B/strict-22q-summary.md`

Per-query Δ = B − A. Verdict uses 2× max(σ_A, σ_B) as the noise bar.

| Query | A median | B median | Δ ms | Δ % | bar (2σ) | verdict |
|------:|---------:|---------:|-----:|----:|---------:|:--------|
| Q05 | 2010.24 | 2019.13 | +8.89 | +0.44% | 100.32 | noise |
| Q07 | 1620.46 | 1629.63 | +9.17 | +0.57% | 15.86 | noise |
| Q08 | 1761.20 | 1823.14 | +61.94 | +3.52% | 28.22 | regression |
| Q09 | 4658.10 | 4519.64 | -138.46 | -2.97% | 124.44 | WIN |

**Sum of A medians**: 10050.00 ms
**Sum of B medians**: 9991.54 ms
**Net Δ**: -58.46 ms (-0.58%)

**Clear WIN (>2σ)**: 1  Q09 -138.5ms
**Clear regression (>2σ)**: 1  Q08 +61.9ms
| Q08 | 1761.20 | 1823.14 | +61.94 | +3.52% | 28.22 | regression |
| Q09 | 4658.10 | 4519.64 | -138.46 | -2.97% | 124.44 | WIN |
**Net Δ**: -58.46 ms (-0.58%)
**Clear WIN (>2σ)**: 1  Q09 -138.5ms
**Clear regression (>2σ)**: 1  Q08 +61.9ms
[00:49:57] phase A/B SF=100: narrow-keys on Q[9,10]
  [env] captured -> /Users/ryanevans/RustroverProjects/ematix-flow/bench-results/campaign-2026-07-01/ab-sf100-narrow-keys/env.json
=== Σ.AI.2 strict interleaved A/B bench ===
  sf:             100
  invocations:    4 (first of each discarded)
  trials/run:     5
  warmups/run:    2
  cooldown:       adaptive (fallback 15s)
  triangulate:    0
  isolate:        0
  plan cache:     off (both sides)
  cache policy:   warm
  env A:          <none>
  env B:          EMAT_DOWNCAST_KEYS=1 EMAT_NARROW_KEY_DECODE=1
  output:         /Users/ryanevans/RustroverProjects/ematix-flow/bench-results/campaign-2026-07-01/ab-sf100-narrow-keys

--- pair 1 / 4 ---
  → mode A invocation 1 → /Users/ryanevans/RustroverProjects/ematix-flow/bench-results/campaign-2026-07-01/ab-sf100-narrow-keys/A/run-1.md
wrote /Users/ryanevans/RustroverProjects/ematix-flow/bench-results/campaign-2026-07-01/ab-sf100-narrow-keys/A/run-1.md
  → mode B invocation 1 → /Users/ryanevans/RustroverProjects/ematix-flow/bench-results/campaign-2026-07-01/ab-sf100-narrow-keys/B/run-1.md
wrote /Users/ryanevans/RustroverProjects/ematix-flow/bench-results/campaign-2026-07-01/ab-sf100-narrow-keys/B/run-1.md
--- pair 2 / 4 ---
  → mode A invocation 2 → /Users/ryanevans/RustroverProjects/ematix-flow/bench-results/campaign-2026-07-01/ab-sf100-narrow-keys/A/run-2.md
wrote /Users/ryanevans/RustroverProjects/ematix-flow/bench-results/campaign-2026-07-01/ab-sf100-narrow-keys/A/run-2.md
  → mode B invocation 2 → /Users/ryanevans/RustroverProjects/ematix-flow/bench-results/campaign-2026-07-01/ab-sf100-narrow-keys/B/run-2.md
wrote /Users/ryanevans/RustroverProjects/ematix-flow/bench-results/campaign-2026-07-01/ab-sf100-narrow-keys/B/run-2.md
--- pair 3 / 4 ---
  → mode A invocation 3 → /Users/ryanevans/RustroverProjects/ematix-flow/bench-results/campaign-2026-07-01/ab-sf100-narrow-keys/A/run-3.md
wrote /Users/ryanevans/RustroverProjects/ematix-flow/bench-results/campaign-2026-07-01/ab-sf100-narrow-keys/A/run-3.md
  → mode B invocation 3 → /Users/ryanevans/RustroverProjects/ematix-flow/bench-results/campaign-2026-07-01/ab-sf100-narrow-keys/B/run-3.md
wrote /Users/ryanevans/RustroverProjects/ematix-flow/bench-results/campaign-2026-07-01/ab-sf100-narrow-keys/B/run-3.md
--- pair 4 / 4 ---
  → mode A invocation 4 → /Users/ryanevans/RustroverProjects/ematix-flow/bench-results/campaign-2026-07-01/ab-sf100-narrow-keys/A/run-4.md
wrote /Users/ryanevans/RustroverProjects/ematix-flow/bench-results/campaign-2026-07-01/ab-sf100-narrow-keys/A/run-4.md
  → mode B invocation 4 → /Users/ryanevans/RustroverProjects/ematix-flow/bench-results/campaign-2026-07-01/ab-sf100-narrow-keys/B/run-4.md
wrote /Users/ryanevans/RustroverProjects/ematix-flow/bench-results/campaign-2026-07-01/ab-sf100-narrow-keys/B/run-4.md

--- aggregating ---

# Σ.AI.2 strict interleaved A/B diff

- A summary: `A/strict-22q-summary.md`
- B summary: `B/strict-22q-summary.md`

Per-query Δ = B − A. Verdict uses 2× max(σ_A, σ_B) as the noise bar.

| Query | A median | B median | Δ ms | Δ % | bar (2σ) | verdict |
|------:|---------:|---------:|-----:|----:|---------:|:--------|
| Q09 | 4632.75 | 3558.16 | -1074.59 | -23.20% | 66.62 | WIN |
| Q10 | 2971.13 | 2933.65 | -37.48 | -1.26% | 166.38 | noise |

**Sum of A medians**: 7603.88 ms
**Sum of B medians**: 6491.81 ms
**Net Δ**: -1112.07 ms (-14.63%)

**Clear WIN (>2σ)**: 1  Q09 -1074.6ms
**Clear regression (>2σ)**: 0  
| Q09 | 4632.75 | 3558.16 | -1074.59 | -23.20% | 66.62 | WIN |
**Net Δ**: -1112.07 ms (-14.63%)
**Clear WIN (>2σ)**: 1  Q09 -1074.6ms
**Clear regression (>2σ)**: 0  
[00:56:39] phase A/B SF=100: fd-groupby on Q[10,13]
  [env] captured -> /Users/ryanevans/RustroverProjects/ematix-flow/bench-results/campaign-2026-07-01/ab-sf100-fd-groupby/env.json
=== Σ.AI.2 strict interleaved A/B bench ===
  sf:             100
  invocations:    4 (first of each discarded)
  trials/run:     5
  warmups/run:    2
  cooldown:       adaptive (fallback 15s)
  triangulate:    0
  isolate:        0
  plan cache:     off (both sides)
  cache policy:   warm
  env A:          <none>
  env B:          EMAT_FD_GROUPBY=1
  output:         /Users/ryanevans/RustroverProjects/ematix-flow/bench-results/campaign-2026-07-01/ab-sf100-fd-groupby

--- pair 1 / 4 ---
  → mode A invocation 1 → /Users/ryanevans/RustroverProjects/ematix-flow/bench-results/campaign-2026-07-01/ab-sf100-fd-groupby/A/run-1.md
wrote /Users/ryanevans/RustroverProjects/ematix-flow/bench-results/campaign-2026-07-01/ab-sf100-fd-groupby/A/run-1.md
  → mode B invocation 1 → /Users/ryanevans/RustroverProjects/ematix-flow/bench-results/campaign-2026-07-01/ab-sf100-fd-groupby/B/run-1.md
wrote /Users/ryanevans/RustroverProjects/ematix-flow/bench-results/campaign-2026-07-01/ab-sf100-fd-groupby/B/run-1.md
--- pair 2 / 4 ---
  → mode A invocation 2 → /Users/ryanevans/RustroverProjects/ematix-flow/bench-results/campaign-2026-07-01/ab-sf100-fd-groupby/A/run-2.md
wrote /Users/ryanevans/RustroverProjects/ematix-flow/bench-results/campaign-2026-07-01/ab-sf100-fd-groupby/A/run-2.md
  → mode B invocation 2 → /Users/ryanevans/RustroverProjects/ematix-flow/bench-results/campaign-2026-07-01/ab-sf100-fd-groupby/B/run-2.md
wrote /Users/ryanevans/RustroverProjects/ematix-flow/bench-results/campaign-2026-07-01/ab-sf100-fd-groupby/B/run-2.md
--- pair 3 / 4 ---
  → mode A invocation 3 → /Users/ryanevans/RustroverProjects/ematix-flow/bench-results/campaign-2026-07-01/ab-sf100-fd-groupby/A/run-3.md
wrote /Users/ryanevans/RustroverProjects/ematix-flow/bench-results/campaign-2026-07-01/ab-sf100-fd-groupby/A/run-3.md
  → mode B invocation 3 → /Users/ryanevans/RustroverProjects/ematix-flow/bench-results/campaign-2026-07-01/ab-sf100-fd-groupby/B/run-3.md
wrote /Users/ryanevans/RustroverProjects/ematix-flow/bench-results/campaign-2026-07-01/ab-sf100-fd-groupby/B/run-3.md
--- pair 4 / 4 ---
  → mode A invocation 4 → /Users/ryanevans/RustroverProjects/ematix-flow/bench-results/campaign-2026-07-01/ab-sf100-fd-groupby/A/run-4.md
wrote /Users/ryanevans/RustroverProjects/ematix-flow/bench-results/campaign-2026-07-01/ab-sf100-fd-groupby/A/run-4.md
  → mode B invocation 4 → /Users/ryanevans/RustroverProjects/ematix-flow/bench-results/campaign-2026-07-01/ab-sf100-fd-groupby/B/run-4.md
wrote /Users/ryanevans/RustroverProjects/ematix-flow/bench-results/campaign-2026-07-01/ab-sf100-fd-groupby/B/run-4.md

--- aggregating ---

# Σ.AI.2 strict interleaved A/B diff

- A summary: `A/strict-22q-summary.md`
- B summary: `B/strict-22q-summary.md`

Per-query Δ = B − A. Verdict uses 2× max(σ_A, σ_B) as the noise bar.

| Query | A median | B median | Δ ms | Δ % | bar (2σ) | verdict |
|------:|---------:|---------:|-----:|----:|---------:|:--------|
| Q10 | 2894.12 | 2794.69 | -99.43 | -3.44% | 86.68 | WIN |
| Q13 | 1976.35 | 1972.62 | -3.73 | -0.19% | 35.18 | noise |

**Sum of A medians**: 4870.47 ms
**Sum of B medians**: 4767.31 ms
**Net Δ**: -103.16 ms (-2.12%)

**Clear WIN (>2σ)**: 1  Q10 -99.4ms
**Clear regression (>2σ)**: 0  
| Q10 | 2894.12 | 2794.69 | -99.43 | -3.44% | 86.68 | WIN |
**Net Δ**: -103.16 ms (-2.12%)
**Clear WIN (>2σ)**: 1  Q10 -99.4ms
**Clear regression (>2σ)**: 0  
[01:01:15] phase A/B SF=100: swaps on Q[8,10]
  [env] captured -> /Users/ryanevans/RustroverProjects/ematix-flow/bench-results/campaign-2026-07-01/ab-sf100-swaps/env.json
=== Σ.AI.2 strict interleaved A/B bench ===
  sf:             100
  invocations:    4 (first of each discarded)
  trials/run:     5
  warmups/run:    2
  cooldown:       adaptive (fallback 15s)
  triangulate:    0
  isolate:        0
  plan cache:     off (both sides)
  cache policy:   warm
  env A:          <none>
  env B:          EMAT_DATE_BUILD_SIDE=1 EMAT_NDV_BUILD_SIDE=1
  output:         /Users/ryanevans/RustroverProjects/ematix-flow/bench-results/campaign-2026-07-01/ab-sf100-swaps

--- pair 1 / 4 ---
  → mode A invocation 1 → /Users/ryanevans/RustroverProjects/ematix-flow/bench-results/campaign-2026-07-01/ab-sf100-swaps/A/run-1.md
wrote /Users/ryanevans/RustroverProjects/ematix-flow/bench-results/campaign-2026-07-01/ab-sf100-swaps/A/run-1.md
  → mode B invocation 1 → /Users/ryanevans/RustroverProjects/ematix-flow/bench-results/campaign-2026-07-01/ab-sf100-swaps/B/run-1.md
wrote /Users/ryanevans/RustroverProjects/ematix-flow/bench-results/campaign-2026-07-01/ab-sf100-swaps/B/run-1.md
--- pair 2 / 4 ---
  → mode A invocation 2 → /Users/ryanevans/RustroverProjects/ematix-flow/bench-results/campaign-2026-07-01/ab-sf100-swaps/A/run-2.md
wrote /Users/ryanevans/RustroverProjects/ematix-flow/bench-results/campaign-2026-07-01/ab-sf100-swaps/A/run-2.md
  → mode B invocation 2 → /Users/ryanevans/RustroverProjects/ematix-flow/bench-results/campaign-2026-07-01/ab-sf100-swaps/B/run-2.md
wrote /Users/ryanevans/RustroverProjects/ematix-flow/bench-results/campaign-2026-07-01/ab-sf100-swaps/B/run-2.md
--- pair 3 / 4 ---
  → mode A invocation 3 → /Users/ryanevans/RustroverProjects/ematix-flow/bench-results/campaign-2026-07-01/ab-sf100-swaps/A/run-3.md
wrote /Users/ryanevans/RustroverProjects/ematix-flow/bench-results/campaign-2026-07-01/ab-sf100-swaps/A/run-3.md
  → mode B invocation 3 → /Users/ryanevans/RustroverProjects/ematix-flow/bench-results/campaign-2026-07-01/ab-sf100-swaps/B/run-3.md
wrote /Users/ryanevans/RustroverProjects/ematix-flow/bench-results/campaign-2026-07-01/ab-sf100-swaps/B/run-3.md
--- pair 4 / 4 ---
  → mode A invocation 4 → /Users/ryanevans/RustroverProjects/ematix-flow/bench-results/campaign-2026-07-01/ab-sf100-swaps/A/run-4.md
wrote /Users/ryanevans/RustroverProjects/ematix-flow/bench-results/campaign-2026-07-01/ab-sf100-swaps/A/run-4.md
  → mode B invocation 4 → /Users/ryanevans/RustroverProjects/ematix-flow/bench-results/campaign-2026-07-01/ab-sf100-swaps/B/run-4.md
wrote /Users/ryanevans/RustroverProjects/ematix-flow/bench-results/campaign-2026-07-01/ab-sf100-swaps/B/run-4.md

--- aggregating ---

# Σ.AI.2 strict interleaved A/B diff

- A summary: `A/strict-22q-summary.md`
- B summary: `B/strict-22q-summary.md`

Per-query Δ = B − A. Verdict uses 2× max(σ_A, σ_B) as the noise bar.

| Query | A median | B median | Δ ms | Δ % | bar (2σ) | verdict |
|------:|---------:|---------:|-----:|----:|---------:|:--------|
| Q08 | 1711.57 | 1703.54 | -8.03 | -0.47% | 21.16 | noise |
| Q10 | 2889.15 | 1942.46 | -946.69 | -32.77% | 60.72 | WIN |

**Sum of A medians**: 4600.72 ms
**Sum of B medians**: 3646.00 ms
**Net Δ**: -954.72 ms (-20.75%)

**Clear WIN (>2σ)**: 1  Q10 -946.7ms
**Clear regression (>2σ)**: 0  
| Q10 | 2889.15 | 1942.46 | -946.69 | -32.77% | 60.72 | WIN |
**Net Δ**: -954.72 ms (-20.75%)
**Clear WIN (>2σ)**: 1  Q10 -946.7ms
**Clear regression (>2σ)**: 0  
[01:05:10] phase A/B SF=100: all-on on Q[3,5,8,9,10,16,18,21]
  [env] captured -> /Users/ryanevans/RustroverProjects/ematix-flow/bench-results/campaign-2026-07-01/ab-sf100-all-on/env.json
=== Σ.AI.2 strict interleaved A/B bench ===
  sf:             100
  invocations:    4 (first of each discarded)
  trials/run:     5
  warmups/run:    2
  cooldown:       adaptive (fallback 15s)
  triangulate:    0
  isolate:        0
  plan cache:     off (both sides)
  cache policy:   warm
  env A:          <none>
  env B:          EMAT_L9_PARTITIONED=1 EMAT_FD_GROUPBY=1 EMAT_DOWNCAST_KEYS=1 EMAT_NARROW_KEY_DECODE=1 EMAT_DATE_BUILD_SIDE=1 EMAT_NDV_BUILD_SIDE=1
  output:         /Users/ryanevans/RustroverProjects/ematix-flow/bench-results/campaign-2026-07-01/ab-sf100-all-on

--- pair 1 / 4 ---
  → mode A invocation 1 → /Users/ryanevans/RustroverProjects/ematix-flow/bench-results/campaign-2026-07-01/ab-sf100-all-on/A/run-1.md
wrote /Users/ryanevans/RustroverProjects/ematix-flow/bench-results/campaign-2026-07-01/ab-sf100-all-on/A/run-1.md
  → mode B invocation 1 → /Users/ryanevans/RustroverProjects/ematix-flow/bench-results/campaign-2026-07-01/ab-sf100-all-on/B/run-1.md
wrote /Users/ryanevans/RustroverProjects/ematix-flow/bench-results/campaign-2026-07-01/ab-sf100-all-on/B/run-1.md
--- pair 2 / 4 ---
  → mode A invocation 2 → /Users/ryanevans/RustroverProjects/ematix-flow/bench-results/campaign-2026-07-01/ab-sf100-all-on/A/run-2.md
wrote /Users/ryanevans/RustroverProjects/ematix-flow/bench-results/campaign-2026-07-01/ab-sf100-all-on/A/run-2.md
  → mode B invocation 2 → /Users/ryanevans/RustroverProjects/ematix-flow/bench-results/campaign-2026-07-01/ab-sf100-all-on/B/run-2.md
wrote /Users/ryanevans/RustroverProjects/ematix-flow/bench-results/campaign-2026-07-01/ab-sf100-all-on/B/run-2.md
--- pair 3 / 4 ---
  → mode A invocation 3 → /Users/ryanevans/RustroverProjects/ematix-flow/bench-results/campaign-2026-07-01/ab-sf100-all-on/A/run-3.md
wrote /Users/ryanevans/RustroverProjects/ematix-flow/bench-results/campaign-2026-07-01/ab-sf100-all-on/A/run-3.md
  → mode B invocation 3 → /Users/ryanevans/RustroverProjects/ematix-flow/bench-results/campaign-2026-07-01/ab-sf100-all-on/B/run-3.md
wrote /Users/ryanevans/RustroverProjects/ematix-flow/bench-results/campaign-2026-07-01/ab-sf100-all-on/B/run-3.md
--- pair 4 / 4 ---
  → mode A invocation 4 → /Users/ryanevans/RustroverProjects/ematix-flow/bench-results/campaign-2026-07-01/ab-sf100-all-on/A/run-4.md
wrote /Users/ryanevans/RustroverProjects/ematix-flow/bench-results/campaign-2026-07-01/ab-sf100-all-on/A/run-4.md
  → mode B invocation 4 → /Users/ryanevans/RustroverProjects/ematix-flow/bench-results/campaign-2026-07-01/ab-sf100-all-on/B/run-4.md
wrote /Users/ryanevans/RustroverProjects/ematix-flow/bench-results/campaign-2026-07-01/ab-sf100-all-on/B/run-4.md

--- aggregating ---

# Σ.AI.2 strict interleaved A/B diff

- A summary: `A/strict-22q-summary.md`
- B summary: `B/strict-22q-summary.md`

Per-query Δ = B − A. Verdict uses 2× max(σ_A, σ_B) as the noise bar.

| Query | A median | B median | Δ ms | Δ % | bar (2σ) | verdict |
|------:|---------:|---------:|-----:|----:|---------:|:--------|
| Q03 | 1577.09 | 1524.11 | -52.98 | -3.36% | 15.06 | WIN |
| Q05 | 1990.45 | 1918.12 | -72.33 | -3.63% | 13.20 | WIN |
| Q08 | 1725.99 | 3186.62 | +1460.63 | +84.63% | 10.90 | regression |
| Q09 | 4535.30 | 3512.24 | -1023.06 | -22.56% | 68.32 | WIN |
| Q10 | 3086.89 | 1977.49 | -1109.40 | -35.94% | 49.50 | WIN |
| Q16 | 418.66 | 406.93 | -11.73 | -2.80% | 15.38 | noise |
| Q18 | 4305.53 | 3847.58 | -457.95 | -10.64% | 683.86 | noise |
| Q21 | 3590.87 | 3440.34 | -150.53 | -4.19% | 28.72 | WIN |

**Sum of A medians**: 21230.78 ms
**Sum of B medians**: 19813.43 ms
**Net Δ**: -1417.35 ms (-6.68%)

**Clear WIN (>2σ)**: 5  Q03 -53.0ms, Q05 -72.3ms, Q09 -1023.1ms, Q10 -1109.4ms, Q21 -150.5ms
**Clear regression (>2σ)**: 1  Q08 +1460.6ms
| Q10 | 3086.89 | 1977.49 | -1109.40 | -35.94% | 49.50 | WIN |
| Q21 | 3590.87 | 3440.34 | -150.53 | -4.19% | 28.72 | WIN |
**Net Δ**: -1417.35 ms (-6.68%)
**Clear WIN (>2σ)**: 5  Q03 -53.0ms, Q05 -72.3ms, Q09 -1023.1ms, Q10 -1109.4ms, Q21 -150.5ms
**Clear regression (>2σ)**: 1  Q08 +1460.6ms
[01:24:48] phase throughput SF=10 streams 1,10,100
  [env] captured -> /Users/ryanevans/RustroverProjects/ematix-flow/bench-results/campaign-2026-07-01/tput-sf10/env.json
=== Σ.AI.3 strict throughput bench ===
  sf: 10 | streams: 1,10,100 | engines: ematix,duckdb | batches: 4 (first discarded)
  out: /Users/ryanevans/RustroverProjects/ematix-flow/bench-results/campaign-2026-07-01/tput-sf10

--- stream count 1 ---
  ematix s1 batch 1: makespan 2967 ms, failures 0
  duckdb s1 batch 1: makespan 3671 ms, failures 0
  duckdb s1 batch 2: makespan 3633 ms, failures 0
  ematix s1 batch 2: makespan 2962 ms, failures 0
  ematix s1 batch 3: makespan 2973 ms, failures 0
  duckdb s1 batch 3: makespan 3674 ms, failures 0
  duckdb s1 batch 4: makespan 3638 ms, failures 0
  ematix s1 batch 4: makespan 2950 ms, failures 0
--- stream count 10 ---
  ematix s10 batch 1: makespan 96707 ms, failures 0
  duckdb s10 batch 1: makespan 27521 ms, failures 0
  duckdb s10 batch 2: makespan 27331 ms, failures 0
  ematix s10 batch 2: makespan 91250 ms, failures 0
  ematix s10 batch 3: makespan 91613 ms, failures 0
  duckdb s10 batch 3: makespan 26196 ms, failures 0
  duckdb s10 batch 4: makespan 26282 ms, failures 0
  ematix s10 batch 4: makespan 93384 ms, failures 0
--- stream count 100 ---
[05:58:10] === campaign start; git 38fca92 ===
[05:58:10] SKIP (exists): /Users/ryanevans/RustroverProjects/ematix-flow/bench-results/campaign-2026-07-01/validate-flags-on.txt
[05:58:10] SKIP (exists): /Users/ryanevans/RustroverProjects/ematix-flow/bench-results/campaign-2026-07-01/latency-sf1/verdicts.md
[05:58:10] SKIP (exists): /Users/ryanevans/RustroverProjects/ematix-flow/bench-results/campaign-2026-07-01/latency-sf10/verdicts.md
[05:58:10] SKIP (exists): /Users/ryanevans/RustroverProjects/ematix-flow/bench-results/campaign-2026-07-01/ab-sf10-l9-partitioned/diff.md
[05:58:10] SKIP (exists): /Users/ryanevans/RustroverProjects/ematix-flow/bench-results/campaign-2026-07-01/ab-sf10-fd-groupby/diff.md
[05:58:10] SKIP (exists): /Users/ryanevans/RustroverProjects/ematix-flow/bench-results/campaign-2026-07-01/ab-sf10-narrow-keys/diff.md
[05:58:10] SKIP (exists): /Users/ryanevans/RustroverProjects/ematix-flow/bench-results/campaign-2026-07-01/ab-sf10-date-swap/diff.md
[05:58:10] SKIP (exists): /Users/ryanevans/RustroverProjects/ematix-flow/bench-results/campaign-2026-07-01/ab-sf10-ndv-swap/diff.md
[05:58:10] SKIP (exists): /Users/ryanevans/RustroverProjects/ematix-flow/bench-results/campaign-2026-07-01/ab-sf10-all-on/diff.md
[05:58:10] SKIP (exists): /Users/ryanevans/RustroverProjects/ematix-flow/bench-results/campaign-2026-07-01/latency-sf100/verdicts.md
[05:58:10] SKIP (exists): /Users/ryanevans/RustroverProjects/ematix-flow/bench-results/campaign-2026-07-01/ab-sf100-l9-partitioned/diff.md
[05:58:10] SKIP (exists): /Users/ryanevans/RustroverProjects/ematix-flow/bench-results/campaign-2026-07-01/ab-sf100-narrow-keys/diff.md
[05:58:10] SKIP (exists): /Users/ryanevans/RustroverProjects/ematix-flow/bench-results/campaign-2026-07-01/ab-sf100-fd-groupby/diff.md
[05:58:10] SKIP (exists): /Users/ryanevans/RustroverProjects/ematix-flow/bench-results/campaign-2026-07-01/ab-sf100-swaps/diff.md
[05:58:10] SKIP (exists): /Users/ryanevans/RustroverProjects/ematix-flow/bench-results/campaign-2026-07-01/ab-sf100-all-on/diff.md
[05:58:10] phase throughput SF=10 streams 1,10,100
  [env] captured -> /Users/ryanevans/RustroverProjects/ematix-flow/bench-results/campaign-2026-07-01/tput-sf10/env.json
=== Σ.AI.3 strict throughput bench ===
  sf: 10 | streams: 1,10,100 | engines: ematix,duckdb | batches: 4 (first discarded)
  out: /Users/ryanevans/RustroverProjects/ematix-flow/bench-results/campaign-2026-07-01/tput-sf10

--- stream count 1 ---
  ematix s1 batch 1: SKIP (batch.json exists — resume)
  duckdb s1 batch 1: SKIP (batch.json exists — resume)
  duckdb s1 batch 2: SKIP (batch.json exists — resume)
  ematix s1 batch 2: SKIP (batch.json exists — resume)
  ematix s1 batch 3: SKIP (batch.json exists — resume)
  duckdb s1 batch 3: SKIP (batch.json exists — resume)
  duckdb s1 batch 4: SKIP (batch.json exists — resume)
  ematix s1 batch 4: SKIP (batch.json exists — resume)
--- stream count 10 ---
  ematix s10 batch 1: SKIP (batch.json exists — resume)
  duckdb s10 batch 1: SKIP (batch.json exists — resume)
  duckdb s10 batch 2: SKIP (batch.json exists — resume)
  ematix s10 batch 2: SKIP (batch.json exists — resume)
  ematix s10 batch 3: SKIP (batch.json exists — resume)
  duckdb s10 batch 3: SKIP (batch.json exists — resume)
  duckdb s10 batch 4: SKIP (batch.json exists — resume)
  ematix s10 batch 4: SKIP (batch.json exists — resume)
--- stream count 100 ---
[06:04:59] === campaign start; git 7017bb7 ===
[06:04:59] SKIP (exists): /Users/ryanevans/RustroverProjects/ematix-flow/bench-results/campaign-2026-07-01/validate-flags-on.txt
[06:04:59] SKIP (exists): /Users/ryanevans/RustroverProjects/ematix-flow/bench-results/campaign-2026-07-01/latency-sf1/verdicts.md
[06:04:59] SKIP (exists): /Users/ryanevans/RustroverProjects/ematix-flow/bench-results/campaign-2026-07-01/latency-sf10/verdicts.md
[06:04:59] SKIP (exists): /Users/ryanevans/RustroverProjects/ematix-flow/bench-results/campaign-2026-07-01/ab-sf10-l9-partitioned/diff.md
[06:04:59] SKIP (exists): /Users/ryanevans/RustroverProjects/ematix-flow/bench-results/campaign-2026-07-01/ab-sf10-fd-groupby/diff.md
[06:04:59] SKIP (exists): /Users/ryanevans/RustroverProjects/ematix-flow/bench-results/campaign-2026-07-01/ab-sf10-narrow-keys/diff.md
[06:04:59] SKIP (exists): /Users/ryanevans/RustroverProjects/ematix-flow/bench-results/campaign-2026-07-01/ab-sf10-date-swap/diff.md
[06:04:59] SKIP (exists): /Users/ryanevans/RustroverProjects/ematix-flow/bench-results/campaign-2026-07-01/ab-sf10-ndv-swap/diff.md
[06:04:59] SKIP (exists): /Users/ryanevans/RustroverProjects/ematix-flow/bench-results/campaign-2026-07-01/ab-sf10-all-on/diff.md
[06:04:59] SKIP (exists): /Users/ryanevans/RustroverProjects/ematix-flow/bench-results/campaign-2026-07-01/latency-sf100/verdicts.md
[06:04:59] SKIP (exists): /Users/ryanevans/RustroverProjects/ematix-flow/bench-results/campaign-2026-07-01/ab-sf100-l9-partitioned/diff.md
[06:04:59] SKIP (exists): /Users/ryanevans/RustroverProjects/ematix-flow/bench-results/campaign-2026-07-01/ab-sf100-narrow-keys/diff.md
[06:04:59] SKIP (exists): /Users/ryanevans/RustroverProjects/ematix-flow/bench-results/campaign-2026-07-01/ab-sf100-fd-groupby/diff.md
[06:04:59] SKIP (exists): /Users/ryanevans/RustroverProjects/ematix-flow/bench-results/campaign-2026-07-01/ab-sf100-swaps/diff.md
[06:04:59] SKIP (exists): /Users/ryanevans/RustroverProjects/ematix-flow/bench-results/campaign-2026-07-01/ab-sf100-all-on/diff.md
[06:04:59] phase throughput SF=10 streams 1,10,100 (inflight cap 10 — an uncapped s100 OOM-restarted this box twice)
  [env] captured -> /Users/ryanevans/RustroverProjects/ematix-flow/bench-results/campaign-2026-07-01/tput-sf10/env.json
=== Σ.AI.3 strict throughput bench ===
  sf: 10 | streams: 1,10,100 | engines: ematix,duckdb | batches: 4 (first discarded)
  out: /Users/ryanevans/RustroverProjects/ematix-flow/bench-results/campaign-2026-07-01/tput-sf10

--- stream count 1 ---
  ematix s1 batch 1: SKIP (batch.json exists — resume)
  duckdb s1 batch 1: SKIP (batch.json exists — resume)
  duckdb s1 batch 2: SKIP (batch.json exists — resume)
  ematix s1 batch 2: SKIP (batch.json exists — resume)
  ematix s1 batch 3: SKIP (batch.json exists — resume)
  duckdb s1 batch 3: SKIP (batch.json exists — resume)
  duckdb s1 batch 4: SKIP (batch.json exists — resume)
  ematix s1 batch 4: SKIP (batch.json exists — resume)
--- stream count 10 ---
  ematix s10 batch 1: SKIP (batch.json exists — resume)
  duckdb s10 batch 1: SKIP (batch.json exists — resume)
  duckdb s10 batch 2: SKIP (batch.json exists — resume)
  ematix s10 batch 2: SKIP (batch.json exists — resume)
  ematix s10 batch 3: SKIP (batch.json exists — resume)
  duckdb s10 batch 3: SKIP (batch.json exists — resume)
  duckdb s10 batch 4: SKIP (batch.json exists — resume)
  ematix s10 batch 4: SKIP (batch.json exists — resume)
--- stream count 100 ---
  ematix s100 batch 1: makespan 757128 ms, failures 0
  duckdb s100 batch 1: makespan 275698 ms, failures 0
  duckdb s100 batch 2: makespan 283646 ms, failures 0
  ematix s100 batch 2: makespan 701512 ms, failures 0
  ematix s100 batch 3: makespan 694374 ms, failures 0
  duckdb s100 batch 3: makespan 267407 ms, failures 0
  duckdb s100 batch 4: makespan 268989 ms, failures 0
  ematix s100 batch 4: makespan 742558 ms, failures 0
wrote /Users/ryanevans/RustroverProjects/ematix-flow/bench-results/campaign-2026-07-01/tput-sf10/throughput-summary.md
# Σ.AI.3 strict throughput summary

- Machine: Apple M4 Max (10P+4E), macOS 26.5.1
- Git: 7017bb72e975 (dirty: True)
- Run config: {'batches': '4', 'engines': 'ematix,duckdb', 'mode': 'throughput', 'plan_cache': 'off', 'sf': '10', 'streams': '1,10,100'}

## duckdb — 1 concurrent stream(s)

- Batches: 3 kept, 1 discarded as cold-start (`batch-1`)
- Makespan (median across batches): 3638 ms
- Throughput: **21770.2 QPH** (1 streams x 22 queries)

| Query | p50 ms | p95 ms | p99 ms | samples |
|------:|-------:|-------:|-------:|--------:|
| Q01 | 249.23 | 259.69 | 259.69 | 3 |
| Q02 | 40.50 | 40.60 | 40.60 | 3 |
| Q03 | 137.73 | 140.11 | 140.11 | 3 |
| Q04 | 82.50 | 82.57 | 82.57 | 3 |
| Q05 | 129.26 | 129.97 | 129.97 | 3 |
| Q06 | 72.55 | 73.71 | 73.71 | 3 |
| Q07 | 137.08 | 137.42 | 137.42 | 3 |
| Q08 | 157.24 | 159.53 | 159.53 | 3 |
| Q09 | 285.96 | 286.97 | 286.97 | 3 |
| Q10 | 227.20 | 232.45 | 232.45 | 3 |
| Q11 | 26.64 | 26.85 | 26.85 | 3 |
| Q12 | 109.44 | 114.50 | 114.50 | 3 |
| Q13 | 232.42 | 247.44 | 247.44 | 3 |
| Q14 | 126.03 | 127.42 | 127.42 | 3 |
| Q15 | 80.89 | 80.96 | 80.96 | 3 |
| Q16 | 58.18 | 66.88 | 66.88 | 3 |
| Q17 | 151.79 | 152.37 | 152.37 | 3 |
| Q18 | 200.66 | 203.89 | 203.89 | 3 |
| Q19 | 193.97 | 227.06 | 227.06 | 3 |
| Q20 | 137.51 | 138.78 | 138.78 | 3 |
| Q21 | 363.86 | 377.93 | 377.93 | 3 |
| Q22 | 50.78 | 54.71 | 54.71 | 3 |

## duckdb — 10 concurrent stream(s)

- Batches: 3 kept, 1 discarded as cold-start (`batch-1`)
- Makespan (median across batches): 26282 ms
- Throughput: **30134.7 QPH** (10 streams x 22 queries)

| Query | p50 ms | p95 ms | p99 ms | samples |
|------:|-------:|-------:|-------:|--------:|
| Q01 | 1988.34 | 2161.00 | 2197.66 | 30 |
| Q02 | 192.48 | 354.70 | 485.92 | 30 |
| Q03 | 1030.07 | 1297.59 | 1423.58 | 30 |
| Q04 | 648.67 | 866.46 | 944.79 | 30 |
| Q05 | 974.06 | 1141.28 | 1201.23 | 30 |
| Q06 | 485.79 | 598.44 | 601.20 | 30 |
| Q07 | 1034.48 | 1174.02 | 1198.38 | 30 |
| Q08 | 1066.20 | 1294.61 | 1408.72 | 30 |
| Q09 | 2170.49 | 2430.05 | 2453.95 | 30 |
| Q10 | 1759.85 | 2061.12 | 2061.60 | 30 |
| Q11 | 95.10 | 300.09 | 392.67 | 30 |
| Q12 | 745.94 | 956.94 | 1043.86 | 30 |
| Q13 | 1843.92 | 2148.48 | 2154.17 | 30 |
| Q14 | 929.86 | 1090.32 | 1126.78 | 30 |
| Q15 | 538.90 | 675.75 | 748.92 | 30 |
| Q16 | 347.23 | 514.71 | 529.30 | 30 |
| Q17 | 1119.44 | 1289.92 | 1319.18 | 30 |
| Q18 | 1533.93 | 1695.31 | 1788.06 | 30 |
| Q19 | 1321.46 | 1645.21 | 1647.01 | 30 |
| Q20 | 860.87 | 1194.96 | 1221.99 | 30 |
| Q21 | 2873.26 | 3149.35 | 3258.73 | 30 |
| Q22 | 325.41 | 507.29 | 575.85 | 30 |

## duckdb — 100 concurrent stream(s)

- Batches: 3 kept, 1 discarded as cold-start (`batch-1`)
- Makespan (median across batches): 268989 ms
- Throughput: **29443.6 QPH** (100 streams x 22 queries)

| Query | p50 ms | p95 ms | p99 ms | samples |
|------:|-------:|-------:|-------:|--------:|
| Q01 | 2045.41 | 2250.95 | 2350.85 | 300 |
| Q02 | 218.39 | 367.54 | 444.78 | 300 |
| Q03 | 1058.33 | 1238.91 | 1318.94 | 300 |
| Q04 | 643.26 | 843.10 | 909.98 | 300 |
| Q05 | 995.83 | 1214.05 | 1299.03 | 300 |
| Q06 | 492.73 | 621.85 | 664.19 | 300 |
| Q07 | 1016.66 | 1197.70 | 1274.15 | 300 |
| Q08 | 1215.27 | 1411.65 | 1532.54 | 300 |
| Q09 | 2231.43 | 2474.54 | 2588.17 | 300 |
| Q10 | 1814.24 | 2100.42 | 2177.50 | 300 |
| Q11 | 131.16 | 269.35 | 316.74 | 300 |
| Q12 | 775.41 | 938.86 | 992.28 | 300 |
| Q13 | 1871.37 | 2134.29 | 2191.77 | 300 |
| Q14 | 923.92 | 1119.12 | 1184.45 | 300 |
| Q15 | 574.84 | 740.10 | 805.85 | 300 |
| Q16 | 332.26 | 521.80 | 610.58 | 300 |
| Q17 | 1109.97 | 1285.35 | 1354.31 | 300 |
| Q18 | 1583.85 | 1781.48 | 1872.29 | 300 |
| Q19 | 1481.14 | 1713.50 | 1763.43 | 300 |
| Q20 | 974.86 | 1245.09 | 1331.13 | 300 |
| Q21 | 2927.58 | 3182.34 | 3294.57 | 300 |
| Q22 | 341.12 | 511.21 | 578.94 | 300 |

## ematix — 1 concurrent stream(s)

- Batches: 3 kept, 1 discarded as cold-start (`batch-1`)
- Makespan (median across batches): 2962 ms
- Throughput: **26738.7 QPH** (1 streams x 22 queries)

| Query | p50 ms | p95 ms | p99 ms | samples |
|------:|-------:|-------:|-------:|--------:|
| Q01 | 239.60 | 244.08 | 244.08 | 3 |
| Q02 | 28.10 | 29.39 | 29.39 | 3 |
| Q03 | 137.16 | 137.82 | 137.82 | 3 |
| Q04 | 78.48 | 80.64 | 80.64 | 3 |
| Q05 | 156.06 | 157.15 | 157.15 | 3 |
| Q06 | 61.37 | 61.38 | 61.38 | 3 |
| Q07 | 136.55 | 145.54 | 145.54 | 3 |
| Q08 | 154.33 | 161.44 | 161.44 | 3 |
| Q09 | 277.51 | 280.79 | 280.79 | 3 |
| Q10 | 229.71 | 229.82 | 229.82 | 3 |
| Q11 | 18.04 | 19.12 | 19.12 | 3 |
| Q12 | 91.28 | 93.05 | 93.05 | 3 |
| Q13 | 132.95 | 134.53 | 134.53 | 3 |
| Q14 | 78.18 | 78.86 | 78.86 | 3 |
| Q15 | 63.70 | 69.43 | 69.43 | 3 |
| Q16 | 49.03 | 52.28 | 52.28 | 3 |
| Q17 | 122.72 | 126.22 | 126.22 | 3 |
| Q18 | 211.89 | 219.57 | 219.57 | 3 |
| Q19 | 131.15 | 131.75 | 131.75 | 3 |
| Q20 | 125.79 | 129.97 | 129.97 | 3 |
| Q21 | 182.76 | 198.79 | 198.79 | 3 |
| Q22 | 37.97 | 41.59 | 41.59 | 3 |

## ematix — 10 concurrent stream(s)

- Batches: 3 kept, 1 discarded as cold-start (`batch-1`)
- Makespan (median across batches): 91613 ms
- Throughput: **8645.1 QPH** (10 streams x 22 queries)

| Query | p50 ms | p95 ms | p99 ms | samples |
|------:|-------:|-------:|-------:|--------:|
| Q01 | 5179.80 | 8867.04 | 9836.91 | 30 |
| Q02 | 764.27 | 2001.10 | 2134.51 | 30 |
| Q03 | 4477.56 | 6566.85 | 8467.50 | 30 |
| Q04 | 2043.64 | 2832.14 | 2961.95 | 30 |
| Q05 | 7337.56 | 10279.94 | 13991.83 | 30 |
| Q06 | 1429.39 | 3526.65 | 3995.95 | 30 |
| Q07 | 3951.96 | 5334.79 | 5460.07 | 30 |
| Q08 | 4983.02 | 8828.61 | 8908.75 | 30 |
| Q09 | 16685.31 | 27865.53 | 27882.27 | 30 |
| Q10 | 6749.85 | 12859.11 | 15500.63 | 30 |
| Q11 | 763.75 | 1416.76 | 1834.53 | 30 |
| Q12 | 1189.05 | 2333.14 | 2903.29 | 30 |
| Q13 | 3454.82 | 5980.27 | 6281.68 | 30 |
| Q14 | 517.06 | 1110.26 | 1158.20 | 30 |
| Q15 | 650.36 | 1234.10 | 1756.60 | 30 |
| Q16 | 1452.67 | 2939.62 | 4177.30 | 30 |
| Q17 | 3300.04 | 5000.59 | 5066.26 | 30 |
| Q18 | 9501.35 | 14476.15 | 14809.67 | 30 |
| Q19 | 662.16 | 1144.09 | 1221.99 | 30 |
| Q20 | 2590.48 | 4312.90 | 5512.39 | 30 |
| Q21 | 10121.06 | 15012.09 | 17784.21 | 30 |
| Q22 | 1193.74 | 2907.26 | 3155.20 | 30 |

## ematix — 100 concurrent stream(s)

- Batches: 3 kept, 1 discarded as cold-start (`batch-1`)
- Makespan (median across batches): 701512 ms
- Throughput: **11289.9 QPH** (100 streams x 22 queries)

| Query | p50 ms | p95 ms | p99 ms | samples |
|------:|-------:|-------:|-------:|--------:|
| Q01 | 3649.61 | 5777.84 | 7131.55 | 300 |
| Q02 | 620.78 | 1407.36 | 1915.25 | 300 |
| Q03 | 3062.79 | 4910.03 | 6306.81 | 300 |
| Q04 | 1552.39 | 2438.89 | 2861.61 | 300 |
| Q05 | 5251.84 | 9359.41 | 10885.46 | 300 |
| Q06 | 1289.78 | 2882.12 | 3095.32 | 300 |
| Q07 | 2943.12 | 4711.27 | 5298.24 | 300 |
| Q08 | 3662.15 | 6036.07 | 6608.58 | 300 |
| Q09 | 8430.97 | 16777.66 | 19323.50 | 300 |
| Q10 | 5367.13 | 9826.93 | 11605.46 | 300 |
| Q11 | 591.72 | 1430.48 | 1803.40 | 300 |
| Q12 | 1118.92 | 2188.50 | 2755.74 | 300 |
| Q13 | 3864.35 | 5848.92 | 6578.11 | 300 |
| Q14 | 570.34 | 1117.94 | 1428.72 | 300 |
| Q15 | 629.26 | 1130.85 | 1545.40 | 300 |
| Q16 | 1367.92 | 2427.29 | 2765.22 | 300 |
| Q17 | 2559.00 | 4147.82 | 5338.51 | 300 |
| Q18 | 7210.59 | 10843.58 | 12247.31 | 300 |
| Q19 | 791.56 | 1330.72 | 1533.76 | 300 |
| Q20 | 2368.17 | 4092.37 | 4573.98 | 300 |
| Q21 | 9631.56 | 15576.77 | 17208.58 | 300 |
| Q22 | 1026.06 | 2519.19 | 2951.22 | 300 |
[07:11:31] phase throughput SF=100 streams 1,10 (inflight cap 3 — multi-GB per-process heaps at SF100)
  [env] captured -> /Users/ryanevans/RustroverProjects/ematix-flow/bench-results/campaign-2026-07-01/tput-sf100/env.json
=== Σ.AI.3 strict throughput bench ===
  sf: 100 | streams: 1,10 | engines: ematix,duckdb | batches: 3 (first discarded)
  out: /Users/ryanevans/RustroverProjects/ematix-flow/bench-results/campaign-2026-07-01/tput-sf100

--- stream count 1 ---
  ematix s1 batch 1: makespan 36291 ms, failures 0
  duckdb s1 batch 1: makespan 39457 ms, failures 0
  duckdb s1 batch 2: makespan 39893 ms, failures 0
  ematix s1 batch 2: makespan 35600 ms, failures 0
  ematix s1 batch 3: makespan 36019 ms, failures 0
  duckdb s1 batch 3: makespan 39704 ms, failures 0
--- stream count 10 ---
  ematix s10 batch 1: makespan 648045 ms, failures 0
  duckdb s10 batch 1: makespan 629731 ms, failures 0
  duckdb s10 batch 2: makespan 447874 ms, failures 0
  ematix s10 batch 2: makespan 561384 ms, failures 0
  ematix s10 batch 3: makespan 589662 ms, failures 0
  duckdb s10 batch 3: makespan 735226 ms, failures 0
wrote /Users/ryanevans/RustroverProjects/ematix-flow/bench-results/campaign-2026-07-01/tput-sf100/throughput-summary.md
# Σ.AI.3 strict throughput summary

- Machine: Apple M4 Max (10P+4E), macOS 26.5.1
- Git: 7017bb72e975 (dirty: True)
- Run config: {'batches': '3', 'engines': 'ematix,duckdb', 'mode': 'throughput', 'plan_cache': 'off', 'sf': '100', 'streams': '1,10'}

## duckdb — 1 concurrent stream(s)

- Batches: 2 kept, 1 discarded as cold-start (`batch-1`)
- Makespan (median across batches): 39798 ms
- Throughput: **1990.0 QPH** (1 streams x 22 queries)

| Query | p50 ms | p95 ms | p99 ms | samples |
|------:|-------:|-------:|-------:|--------:|
| Q01 | 2545.76 | 2648.15 | 2648.15 | 2 |
| Q02 | 518.47 | 522.06 | 522.06 | 2 |
| Q03 | 1818.69 | 2103.08 | 2103.08 | 2 |
| Q04 | 867.44 | 885.67 | 885.67 | 2 |
| Q05 | 1740.44 | 1803.87 | 1803.87 | 2 |
| Q06 | 732.69 | 755.70 | 755.70 | 2 |
| Q07 | 1571.81 | 1603.47 | 1603.47 | 2 |
| Q08 | 1905.62 | 1946.56 | 1946.56 | 2 |
| Q09 | 4682.36 | 4737.05 | 4737.05 | 2 |
| Q10 | 2197.35 | 2209.75 | 2209.75 | 2 |
| Q11 | 252.56 | 256.45 | 256.45 | 2 |
| Q12 | 1193.40 | 1220.12 | 1220.12 | 2 |
| Q13 | 2316.19 | 2366.30 | 2366.30 | 2 |
| Q14 | 1021.89 | 1056.88 | 1056.88 | 2 |
| Q15 | 918.10 | 934.26 | 934.26 | 2 |
| Q16 | 355.09 | 359.19 | 359.19 | 2 |
| Q17 | 1512.73 | 1550.24 | 1550.24 | 2 |
| Q18 | 2301.28 | 2304.87 | 2304.87 | 2 |
| Q19 | 2375.75 | 2396.23 | 2396.23 | 2 |
| Q20 | 1698.42 | 1720.97 | 1720.97 | 2 |
| Q21 | 4033.25 | 4659.94 | 4659.94 | 2 |
| Q22 | 573.67 | 623.86 | 623.86 | 2 |

## duckdb — 10 concurrent stream(s)

- Batches: 2 kept, 1 discarded as cold-start (`batch-1`)
- Makespan (median across batches): 591550 ms
- Throughput: **1338.9 QPH** (10 streams x 22 queries)

| Query | p50 ms | p95 ms | p99 ms | samples |
|------:|-------:|-------:|-------:|--------:|
| Q01 | 8293.42 | 11572.11 | 13289.53 | 20 |
| Q02 | 955.71 | 1318.60 | 1480.27 | 20 |
| Q03 | 5372.01 | 6896.57 | 7210.81 | 20 |
| Q04 | 3966.71 | 8095.52 | 8295.72 | 20 |
| Q05 | 5132.19 | 7888.24 | 12127.18 | 20 |
| Q06 | 3092.81 | 4385.38 | 7697.38 | 20 |
| Q07 | 5423.99 | 8504.45 | 9532.28 | 20 |
| Q08 | 7675.49 | 11907.39 | 15725.44 | 20 |
| Q09 | 17989.15 | 330122.18 | 331459.59 | 20 |
| Q10 | 6297.64 | 9931.39 | 12265.82 | 20 |
| Q11 | 599.12 | 1190.34 | 1286.50 | 20 |
| Q12 | 4482.13 | 6890.52 | 7439.91 | 20 |
| Q13 | 6238.03 | 8348.53 | 8914.50 | 20 |
| Q14 | 3627.17 | 5370.94 | 7237.59 | 20 |
| Q15 | 3619.69 | 6601.95 | 8754.59 | 20 |
| Q16 | 1046.37 | 1537.63 | 2255.81 | 20 |
| Q17 | 5269.23 | 9539.01 | 13249.18 | 20 |
| Q18 | 7345.58 | 8738.43 | 10230.54 | 20 |
| Q19 | 5737.54 | 12138.01 | 12274.65 | 20 |
| Q20 | 4588.44 | 7563.70 | 8176.05 | 20 |
| Q21 | 13080.04 | 15729.98 | 16544.44 | 20 |
| Q22 | 1463.71 | 1728.04 | 1822.95 | 20 |

## ematix — 1 concurrent stream(s)

- Batches: 2 kept, 1 discarded as cold-start (`batch-1`)
- Makespan (median across batches): 35810 ms
- Throughput: **2211.7 QPH** (1 streams x 22 queries)

| Query | p50 ms | p95 ms | p99 ms | samples |
|------:|-------:|-------:|-------:|--------:|
| Q01 | 2261.86 | 2271.18 | 2271.18 | 2 |
| Q02 | 266.14 | 276.90 | 276.90 | 2 |
| Q03 | 1638.39 | 1644.55 | 1644.55 | 2 |
| Q04 | 870.61 | 871.65 | 871.65 | 2 |
| Q05 | 2045.95 | 2080.76 | 2080.76 | 2 |
| Q06 | 447.64 | 450.95 | 450.95 | 2 |
| Q07 | 1747.56 | 1825.02 | 1825.02 | 2 |
| Q08 | 1751.76 | 1793.04 | 1793.04 | 2 |
| Q09 | 3914.97 | 3935.92 | 3935.92 | 2 |
| Q10 | 2849.02 | 3011.61 | 3011.61 | 2 |
| Q11 | 248.15 | 289.14 | 289.14 | 2 |
| Q12 | 941.90 | 953.77 | 953.77 | 2 |
| Q13 | 1888.70 | 1945.25 | 1945.25 | 2 |
| Q14 | 735.70 | 762.42 | 762.42 | 2 |
| Q15 | 889.48 | 900.58 | 900.58 | 2 |
| Q16 | 444.34 | 466.43 | 466.43 | 2 |
| Q17 | 1376.80 | 1414.43 | 1414.43 | 2 |
| Q18 | 4210.03 | 4624.41 | 4624.41 | 2 |
| Q19 | 1202.12 | 1228.63 | 1228.63 | 2 |
| Q20 | 1185.66 | 1225.15 | 1225.15 | 2 |
| Q21 | 3300.91 | 3352.63 | 3352.63 | 2 |
| Q22 | 432.75 | 447.82 | 447.82 | 2 |

## ematix — 10 concurrent stream(s)

- Batches: 2 kept, 1 discarded as cold-start (`batch-1`)
- Makespan (median across batches): 575523 ms
- Throughput: **1376.1 QPH** (10 streams x 22 queries)

| Query | p50 ms | p95 ms | p99 ms | samples |
|------:|-------:|-------:|-------:|--------:|
| Q01 | 7225.57 | 8632.63 | 9284.55 | 20 |
| Q02 | 918.03 | 2620.08 | 2752.28 | 20 |
| Q03 | 6084.69 | 8563.44 | 8987.09 | 20 |
| Q04 | 3453.80 | 4913.75 | 5845.22 | 20 |
| Q05 | 7991.46 | 14000.71 | 15921.44 | 20 |
| Q06 | 1450.03 | 3646.66 | 4406.28 | 20 |
| Q07 | 5365.00 | 6803.28 | 7136.54 | 20 |
| Q08 | 7443.51 | 13574.10 | 14434.22 | 20 |
| Q09 | 31843.25 | 132271.54 | 140523.33 | 20 |
| Q10 | 12194.91 | 23008.03 | 38568.51 | 20 |
| Q11 | 878.84 | 1494.69 | 1645.70 | 20 |
| Q12 | 3430.43 | 4431.08 | 4779.70 | 20 |
| Q13 | 6197.54 | 9841.92 | 12562.21 | 20 |
| Q14 | 1904.86 | 2623.00 | 2719.36 | 20 |
| Q15 | 2909.14 | 3642.64 | 4030.76 | 20 |
| Q16 | 2267.86 | 3429.92 | 4487.63 | 20 |
| Q17 | 3743.14 | 4697.73 | 4811.77 | 20 |
| Q18 | 17969.17 | 45757.13 | 47221.85 | 20 |
| Q19 | 2413.17 | 3307.60 | 3390.94 | 20 |
| Q20 | 4690.93 | 6966.44 | 7563.45 | 20 |
| Q21 | 14312.41 | 24211.13 | 25941.92 | 20 |
| Q22 | 2267.76 | 5303.31 | 6057.29 | 20 |
[08:15:31] === campaign COMPLETE ===
