=== TPC-H 22 triangulation bench ===
    data:    /Users/ryanevans/RustroverProjects/ematix-flow/examples/tpch/data/sf10
    queries: 22 ([20, 6, 14, 10, 21, 22, 12, 13, 1, 17, 2, 18, 7, 11, 8, 15, 16, 4, 9, 3, 19, 5])
    trials:  1 (after 0 warmups)
    output:  bench-results/tput-rebaseline-2026-07-03/sf10-auto/ematix/s1/batch-3/stream-1.md

    NOTE: single-invocation output is SMOKE-GRADE only. For win/loss
    claims use scripts/bench/strict_22q.sh / strict_ab.sh /
    strict_throughput.sh (see scripts/bench/README.md).

--- Q20 ---
  ematix-flow   128.15 ms ±  0.00  (1804 rows)

--- Q06 ---
  ematix-flow    58.12 ms ±  0.00  (1 rows)

--- Q14 ---
  ematix-flow    79.54 ms ±  0.00  (1 rows)

--- Q10 ---
  ematix-flow   219.57 ms ±  0.00  (381105 rows)

--- Q21 ---
  ematix-flow   184.61 ms ±  0.00  (4009 rows)

--- Q22 ---
  ematix-flow    38.61 ms ±  0.00  (7 rows)

--- Q12 ---
  ematix-flow    96.59 ms ±  0.00  (2 rows)

--- Q13 ---
  ematix-flow   134.22 ms ±  0.00  (46 rows)

--- Q01 ---
  ematix-flow   212.98 ms ±  0.00  (4 rows)

--- Q17 ---
  ematix-flow    99.15 ms ±  0.00  (1 rows)

--- Q02 ---
  ematix-flow    24.15 ms ±  0.00  (4667 rows)

--- Q18 ---
  ematix-flow   196.62 ms ±  0.00  (624 rows)

--- Q07 ---
  ematix-flow   120.86 ms ±  0.00  (4 rows)

--- Q11 ---
  ematix-flow    16.67 ms ±  0.00  (8685 rows)

--- Q08 ---
  ematix-flow   141.98 ms ±  0.00  (2 rows)

--- Q15 ---
  ematix-flow    59.50 ms ±  0.00  (1 rows)

--- Q16 ---
  ematix-flow    43.83 ms ±  0.00  (27840 rows)

--- Q04 ---
  ematix-flow    71.25 ms ±  0.00  (5 rows)

--- Q09 ---
  ematix-flow   264.19 ms ±  0.00  (175 rows)

--- Q03 ---
  ematix-flow   117.54 ms ±  0.00  (114003 rows)

--- Q19 ---
  ematix-flow   119.19 ms ±  0.00  (1 rows)

--- Q05 ---
  ematix-flow   127.37 ms ±  0.00  (5 rows)

wrote bench-results/tput-rebaseline-2026-07-03/sf10-auto/ematix/s1/batch-3/stream-1.md
