=== TPC-H 22 triangulation bench ===
    data:    /Users/ryanevans/RustroverProjects/ematix-flow/examples/tpch/data/sf10
    queries: 22 ([21, 13, 19, 22, 10, 14, 5, 7, 4, 16, 6, 2, 3, 18, 11, 8, 15, 1, 17, 12, 9, 20])
    trials:  1 (after 0 warmups)
    output:  bench-results/tput-rebaseline-2026-07-03/sf10-auto/ematix/s10/batch-4/stream-5.md

    NOTE: single-invocation output is SMOKE-GRADE only. For win/loss
    claims use scripts/bench/strict_22q.sh / strict_ab.sh /
    strict_throughput.sh (see scripts/bench/README.md).

--- Q21 ---
  ematix-flow  2593.23 ms ±  0.00  (4009 rows)

--- Q13 ---
  ematix-flow  1129.25 ms ±  0.00  (46 rows)

--- Q19 ---
  ematix-flow   533.50 ms ±  0.00  (1 rows)

--- Q22 ---
  ematix-flow   320.03 ms ±  0.00  (7 rows)

--- Q10 ---
  ematix-flow  1670.72 ms ±  0.00  (381105 rows)

--- Q14 ---
  ematix-flow   263.01 ms ±  0.00  (1 rows)

--- Q05 ---
  ematix-flow  1091.46 ms ±  0.00  (5 rows)

--- Q07 ---
  ematix-flow  1266.13 ms ±  0.00  (4 rows)

--- Q04 ---
  ematix-flow  1040.81 ms ±  0.00  (5 rows)

--- Q16 ---
  ematix-flow   792.40 ms ±  0.00  (27840 rows)

--- Q06 ---
  ematix-flow   249.82 ms ±  0.00  (1 rows)

--- Q02 ---
  ematix-flow   120.41 ms ±  0.00  (4667 rows)

--- Q03 ---
  ematix-flow  1315.50 ms ±  0.00  (114003 rows)

--- Q18 ---
  ematix-flow  4252.62 ms ±  0.00  (624 rows)

--- Q11 ---
  ematix-flow   468.74 ms ±  0.00  (8685 rows)

--- Q08 ---
  ematix-flow  1160.90 ms ±  0.00  (2 rows)

--- Q15 ---
  ematix-flow   412.63 ms ±  0.00  (1 rows)

--- Q01 ---
  ematix-flow  3522.62 ms ±  0.00  (4 rows)

--- Q17 ---
  ematix-flow  1001.55 ms ±  0.00  (1 rows)

--- Q12 ---
  ematix-flow   900.01 ms ±  0.00  (2 rows)

--- Q09 ---
  ematix-flow  4571.47 ms ±  0.00  (175 rows)

--- Q20 ---
  ematix-flow   900.87 ms ±  0.00  (1804 rows)

wrote bench-results/tput-rebaseline-2026-07-03/sf10-auto/ematix/s10/batch-4/stream-5.md
