=== TPC-H 22 triangulation bench ===
    data:    /Users/ryanevans/RustroverProjects/ematix-flow/examples/tpch/data/sf10
    queries: 22 ([13, 18, 3, 7, 11, 4, 21, 16, 14, 22, 2, 10, 8, 19, 17, 1, 6, 5, 9, 12, 20, 15])
    trials:  1 (after 0 warmups)
    output:  bench-results/tput-rebaseline-2026-07-03/sf10-auto/ematix/s10/batch-4/stream-9.md

    NOTE: single-invocation output is SMOKE-GRADE only. For win/loss
    claims use scripts/bench/strict_22q.sh / strict_ab.sh /
    strict_throughput.sh (see scripts/bench/README.md).

--- Q13 ---
  ematix-flow  1467.12 ms ±  0.00  (46 rows)

--- Q18 ---
  ematix-flow  2854.33 ms ±  0.00  (624 rows)

--- Q03 ---
  ematix-flow  1341.70 ms ±  0.00  (114003 rows)

--- Q07 ---
  ematix-flow   983.51 ms ±  0.00  (4 rows)

--- Q11 ---
  ematix-flow   205.25 ms ±  0.00  (8685 rows)

--- Q04 ---
  ematix-flow  1003.10 ms ±  0.00  (5 rows)

--- Q21 ---
  ematix-flow  3206.37 ms ±  0.00  (4009 rows)

--- Q16 ---
  ematix-flow   609.25 ms ±  0.00  (27840 rows)

--- Q14 ---
  ematix-flow   352.35 ms ±  0.00  (1 rows)

--- Q22 ---
  ematix-flow   355.61 ms ±  0.00  (7 rows)

--- Q02 ---
  ematix-flow   108.55 ms ±  0.00  (4667 rows)

--- Q10 ---
  ematix-flow  1725.89 ms ±  0.00  (381105 rows)

--- Q08 ---
  ematix-flow   987.26 ms ±  0.00  (2 rows)

--- Q19 ---
  ematix-flow   422.88 ms ±  0.00  (1 rows)

--- Q17 ---
  ematix-flow  1036.44 ms ±  0.00  (1 rows)

--- Q01 ---
  ematix-flow  4103.27 ms ±  0.00  (4 rows)

--- Q06 ---
  ematix-flow   306.25 ms ±  0.00  (1 rows)

--- Q05 ---
  ematix-flow  1461.52 ms ±  0.00  (5 rows)

--- Q09 ---
  ematix-flow  4934.63 ms ±  0.00  (175 rows)

--- Q12 ---
  ematix-flow  1019.33 ms ±  0.00  (2 rows)

--- Q20 ---
  ematix-flow   746.55 ms ±  0.00  (1804 rows)

--- Q15 ---
  ematix-flow    99.73 ms ±  0.00  (1 rows)

wrote bench-results/tput-rebaseline-2026-07-03/sf10-auto/ematix/s10/batch-4/stream-9.md
