=== TPC-H 22 triangulation bench ===
    data:    /Users/ryanevans/RustroverProjects/ematix-flow/examples/tpch/data/sf10
    queries: 22 ([20, 6, 14, 10, 21, 22, 12, 13, 1, 17, 2, 18, 7, 11, 8, 15, 16, 4, 9, 3, 19, 5])
    trials:  1 (after 0 warmups)
    output:  bench-results/sched-arc-2026-07-03/sf10-final/duckdb/s1/batch-1/stream-1.md

    NOTE: single-invocation output is SMOKE-GRADE only. For win/loss
    claims use scripts/bench/strict_22q.sh / strict_ab.sh /
    strict_throughput.sh (see scripts/bench/README.md).

--- Q20 ---
  DuckDB        139.12 ms ±  0.00  (1804 rows)

--- Q06 ---
  DuckDB         76.88 ms ±  0.00  (1 rows)

--- Q14 ---
  DuckDB        130.48 ms ±  0.00  (1 rows)

--- Q10 ---
  DuckDB        235.67 ms ±  0.00  (381105 rows)

--- Q21 ---
  DuckDB        384.98 ms ±  0.00  (4009 rows)

--- Q22 ---
  DuckDB         57.32 ms ±  0.00  (7 rows)

--- Q12 ---
  DuckDB        113.34 ms ±  0.00  (2 rows)

--- Q13 ---
  DuckDB        237.66 ms ±  0.00  (46 rows)

--- Q01 ---
  DuckDB        250.48 ms ±  0.00  (4 rows)

--- Q17 ---
  DuckDB        149.03 ms ±  0.00  (1 rows)

--- Q02 ---
  DuckDB         39.58 ms ±  0.00  (4667 rows)

--- Q18 ---
  DuckDB        202.28 ms ±  0.00  (624 rows)

--- Q07 ---
  DuckDB        140.94 ms ±  0.00  (4 rows)

--- Q11 ---
  DuckDB         25.76 ms ±  0.00  (8685 rows)

--- Q08 ---
  DuckDB        161.03 ms ±  0.00  (2 rows)

--- Q15 ---
  DuckDB         83.22 ms ±  0.00  (1 rows)

--- Q16 ---
  DuckDB         58.08 ms ±  0.00  (27840 rows)

--- Q04 ---
  DuckDB         86.91 ms ±  0.00  (5 rows)

--- Q09 ---
  DuckDB        292.56 ms ±  0.00  (175 rows)

--- Q03 ---
  DuckDB        142.28 ms ±  0.00  (114003 rows)

--- Q19 ---
  DuckDB        197.82 ms ±  0.00  (1 rows)

--- Q05 ---
  DuckDB        134.19 ms ±  0.00  (5 rows)

wrote bench-results/sched-arc-2026-07-03/sf10-final/duckdb/s1/batch-1/stream-1.md
