=== TPC-H 22 triangulation bench ===
    data:    /Users/ryanevans/RustroverProjects/ematix-flow/examples/tpch/data/sf10
    queries: 22 ([19, 22, 14, 11, 5, 18, 8, 16, 7, 20, 13, 1, 15, 4, 17, 9, 10, 6, 12, 21, 3, 2])
    trials:  1 (after 0 warmups)
    output:  bench-results/sched-diag-2026-07-03/auto-rayon2/ematix/s10/batch-4/stream-2.md

    NOTE: single-invocation output is SMOKE-GRADE only. For win/loss
    claims use scripts/bench/strict_22q.sh / strict_ab.sh /
    strict_throughput.sh (see scripts/bench/README.md).

--- Q19 ---
  ematix-flow   224.03 ms ±  0.00  (1 rows)

--- Q22 ---
  ematix-flow   167.34 ms ±  0.00  (7 rows)

--- Q14 ---
  ematix-flow   335.90 ms ±  0.00  (1 rows)

--- Q11 ---
  ematix-flow   214.42 ms ±  0.00  (8685 rows)

--- Q05 ---
  ematix-flow  1319.27 ms ±  0.00  (5 rows)

--- Q18 ---
  ematix-flow  2558.12 ms ±  0.00  (624 rows)

--- Q08 ---
  ematix-flow  1089.99 ms ±  0.00  (2 rows)

--- Q16 ---
  ematix-flow   437.92 ms ±  0.00  (27840 rows)

--- Q07 ---
  ematix-flow  1148.86 ms ±  0.00  (4 rows)

--- Q20 ---
  ematix-flow  1522.76 ms ±  0.00  (1804 rows)

--- Q13 ---
  ematix-flow  1526.83 ms ±  0.00  (46 rows)

--- Q01 ---
  ematix-flow  3689.33 ms ±  0.00  (4 rows)

--- Q15 ---
  ematix-flow   505.97 ms ±  0.00  (1 rows)

--- Q04 ---
  ematix-flow   955.82 ms ±  0.00  (5 rows)

--- Q17 ---
  ematix-flow  1039.07 ms ±  0.00  (1 rows)

--- Q09 ---
  ematix-flow  3000.15 ms ±  0.00  (175 rows)

--- Q10 ---
  ematix-flow  2085.06 ms ±  0.00  (381105 rows)

--- Q06 ---
  ematix-flow   376.64 ms ±  0.00  (1 rows)

--- Q12 ---
  ematix-flow   754.81 ms ±  0.00  (2 rows)

--- Q21 ---
  ematix-flow  3374.44 ms ±  0.00  (4009 rows)

--- Q03 ---
  ematix-flow  1237.15 ms ±  0.00  (114003 rows)

--- Q02 ---
  ematix-flow   109.80 ms ±  0.00  (4667 rows)

wrote bench-results/sched-diag-2026-07-03/auto-rayon2/ematix/s10/batch-4/stream-2.md
