=== TPC-H 22 triangulation bench ===
    data:    /Users/ryanevans/RustroverProjects/ematix-flow/examples/tpch/data/sf100
    queries: 22 ([20, 6, 14, 10, 21, 22, 12, 13, 1, 17, 2, 18, 7, 11, 8, 15, 16, 4, 9, 3, 19, 5])
    trials:  1 (after 0 warmups)
    output:  /Users/ryanevans/RustroverProjects/ematix-flow/bench-results/campaign-2026-07-01/tput-sf100/ematix/s1/batch-2/stream-1.md

    NOTE: single-invocation output is SMOKE-GRADE only. For win/loss
    claims use scripts/bench/strict_22q.sh / strict_ab.sh /
    strict_throughput.sh (see scripts/bench/README.md).

--- Q20 ---
  ematix-flow  1185.66 ms ±  0.00  (17971 rows)

--- Q06 ---
  ematix-flow   450.95 ms ±  0.00  (1 rows)

--- Q14 ---
  ematix-flow   735.70 ms ±  0.00  (1 rows)

--- Q10 ---
  ematix-flow  3011.61 ms ±  0.00  (3884218 rows)

--- Q21 ---
  ematix-flow  3352.63 ms ±  0.00  (39950 rows)

--- Q22 ---
  ematix-flow   432.75 ms ±  0.00  (7 rows)

--- Q12 ---
  ematix-flow   941.90 ms ±  0.00  (2 rows)

--- Q13 ---
  ematix-flow  1945.25 ms ±  0.00  (45 rows)

--- Q01 ---
  ematix-flow  2271.18 ms ±  0.00  (4 rows)

--- Q17 ---
  ematix-flow  1376.80 ms ±  0.00  (1 rows)

--- Q02 ---
  ematix-flow   266.14 ms ±  0.00  (47107 rows)

--- Q18 ---
  ematix-flow  4210.03 ms ±  0.00  (6398 rows)

--- Q07 ---
  ematix-flow  1747.56 ms ±  0.00  (4 rows)

--- Q11 ---
  ematix-flow   248.15 ms ±  0.00  (92698 rows)

--- Q08 ---
  ematix-flow  1793.04 ms ±  0.00  (2 rows)

--- Q15 ---
  ematix-flow   889.48 ms ±  0.00  (1 rows)

--- Q16 ---
  ematix-flow   444.34 ms ±  0.00  (27840 rows)

--- Q04 ---
  ematix-flow   871.65 ms ±  0.00  (5 rows)

--- Q09 ---
  ematix-flow  3914.97 ms ±  0.00  (175 rows)

--- Q03 ---
  ematix-flow  1638.39 ms ±  0.00  (1131041 rows)

--- Q19 ---
  ematix-flow  1202.12 ms ±  0.00  (1 rows)

--- Q05 ---
  ematix-flow  2080.76 ms ±  0.00  (5 rows)

wrote /Users/ryanevans/RustroverProjects/ematix-flow/bench-results/campaign-2026-07-01/tput-sf100/ematix/s1/batch-2/stream-1.md
