=== TPC-H 22 triangulation bench ===
    data:    /Users/ryanevans/RustroverProjects/ematix-flow/examples/tpch/data/sf100
    queries: 22 ([2, 14, 17, 6, 11, 7, 20, 13, 15, 4, 9, 21, 22, 1, 10, 3, 16, 12, 5, 18, 19, 8])
    trials:  1 (after 0 warmups)
    output:  bench-results/sched-arc-2026-07-03/sf100-final/ematix/s10/batch-2/stream-3.md

    NOTE: single-invocation output is SMOKE-GRADE only. For win/loss
    claims use scripts/bench/strict_22q.sh / strict_ab.sh /
    strict_throughput.sh (see scripts/bench/README.md).

--- Q02 ---
  ematix-flow  1001.39 ms ±  0.00  (47107 rows)

--- Q14 ---
  ematix-flow  2325.95 ms ±  0.00  (1 rows)

--- Q17 ---
  ematix-flow  3922.71 ms ±  0.00  (1 rows)

--- Q06 ---
  ematix-flow   816.50 ms ±  0.00  (1 rows)

--- Q11 ---
  ematix-flow   522.30 ms ±  0.00  (92698 rows)

--- Q07 ---
  ematix-flow  5043.20 ms ±  0.00  (4 rows)

--- Q20 ---
  ematix-flow  4610.26 ms ±  0.00  (17971 rows)

--- Q13 ---
  ematix-flow  4633.31 ms ±  0.00  (45 rows)

--- Q15 ---
  ematix-flow  3048.76 ms ±  0.00  (1 rows)

--- Q04 ---
  ematix-flow  2438.87 ms ±  0.00  (5 rows)

--- Q09 ---
  ematix-flow  12789.10 ms ±  0.00  (175 rows)

--- Q21 ---
  ematix-flow  14133.83 ms ±  0.00  (39950 rows)

--- Q22 ---
  ematix-flow  1074.72 ms ±  0.00  (7 rows)

--- Q01 ---
  ematix-flow  7552.77 ms ±  0.00  (4 rows)

--- Q10 ---
  ematix-flow  8201.20 ms ±  0.00  (3884218 rows)

--- Q03 ---
  ematix-flow  5192.40 ms ±  0.00  (1131041 rows)

--- Q16 ---
  ematix-flow  1247.05 ms ±  0.00  (27840 rows)

--- Q12 ---
  ematix-flow  3833.38 ms ±  0.00  (2 rows)

--- Q05 ---
  ematix-flow  6239.39 ms ±  0.00  (5 rows)

--- Q18 ---
  ematix-flow  18367.35 ms ±  0.00  (6398 rows)

--- Q19 ---
  ematix-flow  3374.50 ms ±  0.00  (1 rows)

--- Q08 ---
  ematix-flow  6475.16 ms ±  0.00  (2 rows)

wrote bench-results/sched-arc-2026-07-03/sf100-final/ematix/s10/batch-2/stream-3.md
