=== TPC-H 22 triangulation bench ===
    data:    /Users/ryanevans/RustroverProjects/ematix-flow/examples/tpch/data/sf10
    queries: 22 ([6, 18, 21, 16, 8, 15, 22, 20, 7, 19, 14, 17, 9, 1, 10, 12, 4, 3, 2, 13, 5, 11])
    trials:  1 (after 0 warmups)
    output:  bench-results/sf10-ties-2026-07-03/tput-sf10-s10-check/ematix/s10/batch-2/stream-7.md

    NOTE: single-invocation output is SMOKE-GRADE only. For win/loss
    claims use scripts/bench/strict_22q.sh / strict_ab.sh /
    strict_throughput.sh (see scripts/bench/README.md).

--- Q06 ---
  ematix-flow   307.34 ms ±  0.00  (1 rows)

--- Q18 ---
  ematix-flow  2805.19 ms ±  0.00  (624 rows)

--- Q21 ---
  ematix-flow  1903.17 ms ±  0.00  (4009 rows)

--- Q16 ---
  ematix-flow   342.63 ms ±  0.00  (27840 rows)

--- Q08 ---
  ematix-flow  1888.17 ms ±  0.00  (2 rows)

--- Q15 ---
  ematix-flow   727.90 ms ±  0.00  (1 rows)

--- Q22 ---
  ematix-flow   222.32 ms ±  0.00  (7 rows)

--- Q20 ---
  ematix-flow  1581.75 ms ±  0.00  (1804 rows)

--- Q07 ---
  ematix-flow  1512.32 ms ±  0.00  (4 rows)

--- Q19 ---
  ematix-flow   953.91 ms ±  0.00  (1 rows)

--- Q14 ---
  ematix-flow   622.10 ms ±  0.00  (1 rows)

--- Q17 ---
  ematix-flow   728.34 ms ±  0.00  (1 rows)

--- Q09 ---
  ematix-flow  2987.82 ms ±  0.00  (175 rows)

--- Q01 ---
  ematix-flow  2264.26 ms ±  0.00  (4 rows)

--- Q10 ---
  ematix-flow  1827.08 ms ±  0.00  (381105 rows)

--- Q12 ---
  ematix-flow  1264.12 ms ±  0.00  (2 rows)

--- Q04 ---
  ematix-flow   752.01 ms ±  0.00  (5 rows)

--- Q03 ---
  ematix-flow  1390.47 ms ±  0.00  (114003 rows)

--- Q02 ---
  ematix-flow    95.89 ms ±  0.00  (4667 rows)

--- Q13 ---
  ematix-flow  1105.99 ms ±  0.00  (46 rows)

--- Q05 ---
  ematix-flow  1176.68 ms ±  0.00  (5 rows)

--- Q11 ---
  ematix-flow   103.38 ms ±  0.00  (8685 rows)

wrote bench-results/sf10-ties-2026-07-03/tput-sf10-s10-check/ematix/s10/batch-2/stream-7.md
