=== TPC-H 22 triangulation bench ===
    data:    /Users/ryanevans/RustroverProjects/ematix-flow/examples/tpch/data/sf10
    queries: 22 ([21, 13, 19, 22, 10, 14, 5, 7, 4, 16, 6, 2, 3, 18, 11, 8, 15, 1, 17, 12, 9, 20])
    trials:  1 (after 0 warmups)
    output:  /Users/ryanevans/RustroverProjects/ematix-flow/bench-results/campaign-2026-07-01/tput-sf10/duckdb/s10/batch-4/stream-5.md

    NOTE: single-invocation output is SMOKE-GRADE only. For win/loss
    claims use scripts/bench/strict_22q.sh / strict_ab.sh /
    strict_throughput.sh (see scripts/bench/README.md).

--- Q21 ---
  DuckDB       2895.57 ms ±  0.00  (4009 rows)

--- Q13 ---
  DuckDB       2148.48 ms ±  0.00  (46 rows)

--- Q19 ---
  DuckDB       1525.60 ms ±  0.00  (1 rows)

--- Q22 ---
  DuckDB        262.73 ms ±  0.00  (7 rows)

--- Q10 ---
  DuckDB       1765.03 ms ±  0.00  (381105 rows)

--- Q14 ---
  DuckDB        842.91 ms ±  0.00  (1 rows)

--- Q05 ---
  DuckDB        902.93 ms ±  0.00  (5 rows)

--- Q07 ---
  DuckDB       1169.18 ms ±  0.00  (4 rows)

--- Q04 ---
  DuckDB        756.40 ms ±  0.00  (5 rows)

--- Q16 ---
  DuckDB        390.76 ms ±  0.00  (27840 rows)

--- Q06 ---
  DuckDB        497.87 ms ±  0.00  (1 rows)

--- Q02 ---
  DuckDB        326.04 ms ±  0.00  (4667 rows)

--- Q03 ---
  DuckDB       1178.10 ms ±  0.00  (114003 rows)

--- Q18 ---
  DuckDB       1522.78 ms ±  0.00  (624 rows)

--- Q11 ---
  DuckDB         87.86 ms ±  0.00  (8685 rows)

--- Q08 ---
  DuckDB       1022.37 ms ±  0.00  (2 rows)

--- Q15 ---
  DuckDB        482.32 ms ±  0.00  (1 rows)

--- Q01 ---
  DuckDB       2028.89 ms ±  0.00  (4 rows)

--- Q17 ---
  DuckDB       1142.77 ms ±  0.00  (1 rows)

--- Q12 ---
  DuckDB        855.23 ms ±  0.00  (2 rows)

--- Q09 ---
  DuckDB       1850.93 ms ±  0.00  (175 rows)

--- Q20 ---
  DuckDB        505.19 ms ±  0.00  (1804 rows)

wrote /Users/ryanevans/RustroverProjects/ematix-flow/bench-results/campaign-2026-07-01/tput-sf10/duckdb/s10/batch-4/stream-5.md
