=== TPC-H 22 triangulation bench ===
    data:    /Users/ryanevans/RustroverProjects/ematix-flow/examples/tpch/data/sf10
    queries: 22 ([17, 21, 15, 19, 6, 10, 11, 22, 1, 18, 14, 9, 20, 4, 16, 3, 2, 7, 5, 13, 12, 8])
    trials:  1 (after 0 warmups)
    output:  bench-results/tput-rebaseline-2026-07-03/sf10-s10-legacy/duckdb/s10/batch-2/stream-8.md

    NOTE: single-invocation output is SMOKE-GRADE only. For win/loss
    claims use scripts/bench/strict_22q.sh / strict_ab.sh /
    strict_throughput.sh (see scripts/bench/README.md).

--- Q17 ---
  DuckDB       1238.40 ms ±  0.00  (1 rows)

--- Q21 ---
  DuckDB       2971.58 ms ±  0.00  (4009 rows)

--- Q15 ---
  DuckDB        765.34 ms ±  0.00  (1 rows)

--- Q19 ---
  DuckDB       1603.58 ms ±  0.00  (1 rows)

--- Q06 ---
  DuckDB        566.70 ms ±  0.00  (1 rows)

--- Q10 ---
  DuckDB       1817.83 ms ±  0.00  (381105 rows)

--- Q11 ---
  DuckDB         75.85 ms ±  0.00  (8685 rows)

--- Q22 ---
  DuckDB        386.81 ms ±  0.00  (7 rows)

--- Q01 ---
  DuckDB       2171.33 ms ±  0.00  (4 rows)

--- Q18 ---
  DuckDB       1611.79 ms ±  0.00  (624 rows)

--- Q14 ---
  DuckDB       1041.31 ms ±  0.00  (1 rows)

--- Q09 ---
  DuckDB       2475.77 ms ±  0.00  (175 rows)

--- Q20 ---
  DuckDB        817.01 ms ±  0.00  (1804 rows)

--- Q04 ---
  DuckDB        560.10 ms ±  0.00  (5 rows)

--- Q16 ---
  DuckDB        272.64 ms ±  0.00  (27840 rows)

--- Q03 ---
  DuckDB       1172.21 ms ±  0.00  (114003 rows)

--- Q02 ---
  DuckDB        171.57 ms ±  0.00  (4667 rows)

--- Q07 ---
  DuckDB       1042.09 ms ±  0.00  (4 rows)

--- Q05 ---
  DuckDB       1156.30 ms ±  0.00  (5 rows)

--- Q13 ---
  DuckDB       1816.20 ms ±  0.00  (46 rows)

--- Q12 ---
  DuckDB        736.58 ms ±  0.00  (2 rows)

--- Q08 ---
  DuckDB        911.70 ms ±  0.00  (2 rows)

wrote bench-results/tput-rebaseline-2026-07-03/sf10-s10-legacy/duckdb/s10/batch-2/stream-8.md
