=== TPC-H 22 triangulation bench ===
    data:    /Users/ryanevans/RustroverProjects/ematix-flow/examples/tpch/data/sf10
    queries: 22 ([13, 18, 3, 7, 11, 4, 21, 16, 14, 22, 2, 10, 8, 19, 17, 1, 6, 5, 9, 12, 20, 15])
    trials:  1 (after 0 warmups)
    output:  bench-results/tput-rebaseline-2026-07-03/sf10-s10-legacy/duckdb/s10/batch-2/stream-9.md

    NOTE: single-invocation output is SMOKE-GRADE only. For win/loss
    claims use scripts/bench/strict_22q.sh / strict_ab.sh /
    strict_throughput.sh (see scripts/bench/README.md).

--- Q13 ---
  DuckDB       1947.27 ms ±  0.00  (46 rows)

--- Q18 ---
  DuckDB       1684.71 ms ±  0.00  (624 rows)

--- Q03 ---
  DuckDB       1213.76 ms ±  0.00  (114003 rows)

--- Q07 ---
  DuckDB       1260.46 ms ±  0.00  (4 rows)

--- Q11 ---
  DuckDB        118.69 ms ±  0.00  (8685 rows)

--- Q04 ---
  DuckDB        564.38 ms ±  0.00  (5 rows)

--- Q21 ---
  DuckDB       2786.19 ms ±  0.00  (4009 rows)

--- Q16 ---
  DuckDB        393.94 ms ±  0.00  (27840 rows)

--- Q14 ---
  DuckDB        932.23 ms ±  0.00  (1 rows)

--- Q22 ---
  DuckDB        490.18 ms ±  0.00  (7 rows)

--- Q02 ---
  DuckDB        140.03 ms ±  0.00  (4667 rows)

--- Q10 ---
  DuckDB       1855.76 ms ±  0.00  (381105 rows)

--- Q08 ---
  DuckDB       1269.49 ms ±  0.00  (2 rows)

--- Q19 ---
  DuckDB       1663.93 ms ±  0.00  (1 rows)

--- Q17 ---
  DuckDB       1046.54 ms ±  0.00  (1 rows)

--- Q01 ---
  DuckDB       2083.59 ms ±  0.00  (4 rows)

--- Q06 ---
  DuckDB        358.45 ms ±  0.00  (1 rows)

--- Q05 ---
  DuckDB       1013.79 ms ±  0.00  (5 rows)

--- Q09 ---
  DuckDB       2282.57 ms ±  0.00  (175 rows)

--- Q12 ---
  DuckDB        772.89 ms ±  0.00  (2 rows)

--- Q20 ---
  DuckDB        857.72 ms ±  0.00  (1804 rows)

--- Q15 ---
  DuckDB        402.86 ms ±  0.00  (1 rows)

wrote bench-results/tput-rebaseline-2026-07-03/sf10-s10-legacy/duckdb/s10/batch-2/stream-9.md
