=== TPC-H 22 triangulation bench ===
    data:    /Users/ryanevans/RustroverProjects/ematix-flow/examples/tpch/data/sf10
    queries: 22 ([2, 14, 17, 6, 11, 7, 20, 13, 15, 4, 9, 21, 22, 1, 10, 3, 16, 12, 5, 18, 19, 8])
    trials:  1 (after 0 warmups)
    output:  bench-results/tput-rebaseline-2026-07-03/sf10-s10-legacy/duckdb/s10/batch-2/stream-3.md

    NOTE: single-invocation output is SMOKE-GRADE only. For win/loss
    claims use scripts/bench/strict_22q.sh / strict_ab.sh /
    strict_throughput.sh (see scripts/bench/README.md).

--- Q02 ---
  DuckDB        122.79 ms ±  0.00  (4667 rows)

--- Q14 ---
  DuckDB       1033.43 ms ±  0.00  (1 rows)

--- Q17 ---
  DuckDB       1146.60 ms ±  0.00  (1 rows)

--- Q06 ---
  DuckDB        482.78 ms ±  0.00  (1 rows)

--- Q11 ---
  DuckDB         62.53 ms ±  0.00  (8685 rows)

--- Q07 ---
  DuckDB       1119.35 ms ±  0.00  (4 rows)

--- Q20 ---
  DuckDB       1193.10 ms ±  0.00  (1804 rows)

--- Q13 ---
  DuckDB       1987.88 ms ±  0.00  (46 rows)

--- Q15 ---
  DuckDB        680.52 ms ±  0.00  (1 rows)

--- Q04 ---
  DuckDB        566.52 ms ±  0.00  (5 rows)

--- Q09 ---
  DuckDB       2302.62 ms ±  0.00  (175 rows)

--- Q21 ---
  DuckDB       2977.58 ms ±  0.00  (4009 rows)

--- Q22 ---
  DuckDB        457.26 ms ±  0.00  (7 rows)

--- Q01 ---
  DuckDB       2089.50 ms ±  0.00  (4 rows)

--- Q10 ---
  DuckDB       1794.85 ms ±  0.00  (381105 rows)

--- Q03 ---
  DuckDB       1005.43 ms ±  0.00  (114003 rows)

--- Q16 ---
  DuckDB        330.01 ms ±  0.00  (27840 rows)

--- Q12 ---
  DuckDB        680.12 ms ±  0.00  (2 rows)

--- Q05 ---
  DuckDB        915.47 ms ±  0.00  (5 rows)

--- Q18 ---
  DuckDB       1611.92 ms ±  0.00  (624 rows)

--- Q19 ---
  DuckDB       1511.86 ms ±  0.00  (1 rows)

--- Q08 ---
  DuckDB       1074.71 ms ±  0.00  (2 rows)

wrote bench-results/tput-rebaseline-2026-07-03/sf10-s10-legacy/duckdb/s10/batch-2/stream-3.md
