=== TPC-H 22 triangulation bench ===
    data:    /Users/ryanevans/RustroverProjects/ematix-flow/examples/tpch/data/sf100
    queries: 22 ([4, 13, 6, 17, 21, 10, 12, 22, 9, 18, 3, 11, 5, 8, 20, 15, 7, 1, 16, 14, 2, 19])
    trials:  1 (after 0 warmups)
    output:  bench-results/sched-arc-2026-07-03/sf100-final/duckdb/s10/batch-1/stream-10.md

    NOTE: single-invocation output is SMOKE-GRADE only. For win/loss
    claims use scripts/bench/strict_22q.sh / strict_ab.sh /
    strict_throughput.sh (see scripts/bench/README.md).

--- Q04 ---
  DuckDB       4194.91 ms ±  0.00  (5 rows)

--- Q13 ---
  DuckDB       6996.06 ms ±  0.00  (45 rows)

--- Q06 ---
  DuckDB       4946.42 ms ±  0.00  (1 rows)

--- Q17 ---
  DuckDB       5709.57 ms ±  0.00  (1 rows)

--- Q21 ---
  DuckDB       15539.64 ms ±  0.00  (39950 rows)

--- Q10 ---
  DuckDB       7276.58 ms ±  0.00  (3884218 rows)

--- Q12 ---
  DuckDB       8682.74 ms ±  0.00  (2 rows)

--- Q22 ---
  DuckDB       2490.31 ms ±  0.00  (7 rows)

--- Q09 ---
  DuckDB       54716.33 ms ±  0.00  (175 rows)

--- Q18 ---
  DuckDB       5096.65 ms ±  0.00  (6398 rows)

--- Q03 ---
  DuckDB       3483.47 ms ±  0.00  (1131041 rows)

--- Q11 ---
  DuckDB        473.47 ms ±  0.00  (92698 rows)

--- Q05 ---
  DuckDB       1895.33 ms ±  0.00  (5 rows)

--- Q08 ---
  DuckDB       2446.22 ms ±  0.00  (2 rows)

--- Q20 ---
  DuckDB       1941.67 ms ±  0.00  (17971 rows)

--- Q15 ---
  DuckDB        956.73 ms ±  0.00  (1 rows)

--- Q07 ---
  DuckDB       1660.58 ms ±  0.00  (4 rows)

--- Q01 ---
  DuckDB       2608.48 ms ±  0.00  (4 rows)

--- Q16 ---
  DuckDB        491.82 ms ±  0.00  (27840 rows)

--- Q14 ---
  DuckDB       1241.55 ms ±  0.00  (1 rows)

--- Q02 ---
  DuckDB        307.87 ms ±  0.00  (47107 rows)

--- Q19 ---
  DuckDB       1728.88 ms ±  0.00  (1 rows)

wrote bench-results/sched-arc-2026-07-03/sf100-final/duckdb/s10/batch-1/stream-10.md
