=== TPC-H 22 triangulation bench ===
    data:    /Users/ryanevans/RustroverProjects/ematix-flow/examples/tpch/data/sf10
    queries: 22 ([13, 19, 2, 3, 15, 17, 20, 16, 12, 22, 7, 5, 21, 8, 11, 1, 14, 10, 9, 4, 6, 18])
    trials:  1 (after 0 warmups)
    output:  bench-results/sched-arc-2026-07-03/sf10-final/duckdb/s100/batch-1/stream-94.md

    NOTE: single-invocation output is SMOKE-GRADE only. For win/loss
    claims use scripts/bench/strict_22q.sh / strict_ab.sh /
    strict_throughput.sh (see scripts/bench/README.md).

--- Q13 ---
  DuckDB       1954.42 ms ±  0.00  (46 rows)

--- Q19 ---
  DuckDB       1710.77 ms ±  0.00  (1 rows)

--- Q02 ---
  DuckDB        357.46 ms ±  0.00  (4667 rows)

--- Q03 ---
  DuckDB        856.81 ms ±  0.00  (114003 rows)

--- Q15 ---
  DuckDB        593.51 ms ±  0.00  (1 rows)

--- Q17 ---
  DuckDB       1093.93 ms ±  0.00  (1 rows)

--- Q20 ---
  DuckDB        850.34 ms ±  0.00  (1804 rows)

--- Q16 ---
  DuckDB        321.95 ms ±  0.00  (27840 rows)

--- Q12 ---
  DuckDB        848.46 ms ±  0.00  (2 rows)

--- Q22 ---
  DuckDB        210.34 ms ±  0.00  (7 rows)

--- Q07 ---
  DuckDB        960.22 ms ±  0.00  (4 rows)

--- Q05 ---
  DuckDB        890.81 ms ±  0.00  (5 rows)

--- Q21 ---
  DuckDB       2857.74 ms ±  0.00  (4009 rows)

--- Q08 ---
  DuckDB       1199.76 ms ±  0.00  (2 rows)

--- Q11 ---
  DuckDB        153.04 ms ±  0.00  (8685 rows)

--- Q01 ---
  DuckDB       2077.61 ms ±  0.00  (4 rows)

--- Q14 ---
  DuckDB        809.37 ms ±  0.00  (1 rows)

--- Q10 ---
  DuckDB       1890.42 ms ±  0.00  (381105 rows)

--- Q09 ---
  DuckDB       2209.29 ms ±  0.00  (175 rows)

--- Q04 ---
  DuckDB        605.81 ms ±  0.00  (5 rows)

--- Q06 ---
  DuckDB        434.04 ms ±  0.00  (1 rows)

--- Q18 ---
  DuckDB       1324.50 ms ±  0.00  (624 rows)

wrote bench-results/sched-arc-2026-07-03/sf10-final/duckdb/s100/batch-1/stream-94.md
