=== TPC-H 22 triangulation bench ===
    data:    /Users/ryanevans/RustroverProjects/ematix-flow/examples/tpch/data/sf10
    queries: 22 ([13, 5, 9, 8, 1, 14, 2, 7, 4, 21, 22, 16, 11, 15, 17, 10, 19, 18, 12, 6, 20, 3])
    trials:  1 (after 0 warmups)
    output:  bench-results/sched-arc-2026-07-03/sf10-final/duckdb/s100/batch-1/stream-72.md

    NOTE: single-invocation output is SMOKE-GRADE only. For win/loss
    claims use scripts/bench/strict_22q.sh / strict_ab.sh /
    strict_throughput.sh (see scripts/bench/README.md).

--- Q13 ---
  DuckDB       1909.16 ms ±  0.00  (46 rows)

--- Q05 ---
  DuckDB       1080.82 ms ±  0.00  (5 rows)

--- Q09 ---
  DuckDB       2366.55 ms ±  0.00  (175 rows)

--- Q08 ---
  DuckDB       1471.25 ms ±  0.00  (2 rows)

--- Q01 ---
  DuckDB       2102.82 ms ±  0.00  (4 rows)

--- Q14 ---
  DuckDB        897.66 ms ±  0.00  (1 rows)

--- Q02 ---
  DuckDB        311.47 ms ±  0.00  (4667 rows)

--- Q07 ---
  DuckDB       1017.51 ms ±  0.00  (4 rows)

--- Q04 ---
  DuckDB        496.02 ms ±  0.00  (5 rows)

--- Q21 ---
  DuckDB       3242.08 ms ±  0.00  (4009 rows)

--- Q22 ---
  DuckDB        382.01 ms ±  0.00  (7 rows)

--- Q16 ---
  DuckDB        347.20 ms ±  0.00  (27840 rows)

--- Q11 ---
  DuckDB        114.55 ms ±  0.00  (8685 rows)

--- Q15 ---
  DuckDB        649.81 ms ±  0.00  (1 rows)

--- Q17 ---
  DuckDB       1016.05 ms ±  0.00  (1 rows)

--- Q10 ---
  DuckDB       1864.60 ms ±  0.00  (381105 rows)

--- Q19 ---
  DuckDB       1238.21 ms ±  0.00  (1 rows)

--- Q18 ---
  DuckDB       1764.64 ms ±  0.00  (624 rows)

--- Q12 ---
  DuckDB        761.77 ms ±  0.00  (2 rows)

--- Q06 ---
  DuckDB        592.96 ms ±  0.00  (1 rows)

--- Q20 ---
  DuckDB        871.77 ms ±  0.00  (1804 rows)

--- Q03 ---
  DuckDB       1004.00 ms ±  0.00  (114003 rows)

wrote bench-results/sched-arc-2026-07-03/sf10-final/duckdb/s100/batch-1/stream-72.md
