=== TPC-H 22 triangulation bench ===
    data:    /Users/ryanevans/RustroverProjects/ematix-flow/examples/tpch/data/sf10
    queries: 22 ([6, 13, 4, 21, 14, 2, 20, 18, 9, 12, 7, 22, 16, 17, 11, 19, 10, 5, 1, 15, 3, 8])
    trials:  1 (after 0 warmups)
    output:  bench-results/sched-arc-2026-07-03/sf10-final/duckdb/s100/batch-1/stream-59.md

    NOTE: single-invocation output is SMOKE-GRADE only. For win/loss
    claims use scripts/bench/strict_22q.sh / strict_ab.sh /
    strict_throughput.sh (see scripts/bench/README.md).

--- Q06 ---
  DuckDB        455.25 ms ±  0.00  (1 rows)

--- Q13 ---
  DuckDB       1976.13 ms ±  0.00  (46 rows)

--- Q04 ---
  DuckDB        650.45 ms ±  0.00  (5 rows)

--- Q21 ---
  DuckDB       2907.72 ms ±  0.00  (4009 rows)

--- Q14 ---
  DuckDB        978.64 ms ±  0.00  (1 rows)

--- Q02 ---
  DuckDB        159.87 ms ±  0.00  (4667 rows)

--- Q20 ---
  DuckDB        720.26 ms ±  0.00  (1804 rows)

--- Q18 ---
  DuckDB       1862.38 ms ±  0.00  (624 rows)

--- Q09 ---
  DuckDB       2230.36 ms ±  0.00  (175 rows)

--- Q12 ---
  DuckDB        974.33 ms ±  0.00  (2 rows)

--- Q07 ---
  DuckDB       1082.04 ms ±  0.00  (4 rows)

--- Q22 ---
  DuckDB        207.57 ms ±  0.00  (7 rows)

--- Q16 ---
  DuckDB        326.35 ms ±  0.00  (27840 rows)

--- Q17 ---
  DuckDB       1189.83 ms ±  0.00  (1 rows)

--- Q11 ---
  DuckDB        165.82 ms ±  0.00  (8685 rows)

--- Q19 ---
  DuckDB       1591.53 ms ±  0.00  (1 rows)

--- Q10 ---
  DuckDB       1771.79 ms ±  0.00  (381105 rows)

--- Q05 ---
  DuckDB        833.18 ms ±  0.00  (5 rows)

--- Q01 ---
  DuckDB       2005.88 ms ±  0.00  (4 rows)

--- Q15 ---
  DuckDB        547.23 ms ±  0.00  (1 rows)

--- Q03 ---
  DuckDB       1027.06 ms ±  0.00  (114003 rows)

--- Q08 ---
  DuckDB       1097.28 ms ±  0.00  (2 rows)

wrote bench-results/sched-arc-2026-07-03/sf10-final/duckdb/s100/batch-1/stream-59.md
