=== TPC-H 22 triangulation bench ===
    data:    /Users/ryanevans/RustroverProjects/ematix-flow/examples/tpch/data/sf10
    queries: 22 ([14, 20, 18, 4, 15, 12, 13, 7, 21, 3, 11, 2, 1, 6, 17, 16, 8, 9, 5, 19, 22, 10])
    trials:  1 (after 0 warmups)
    output:  bench-results/sched-arc-2026-07-03/sf10-final/duckdb/s100/batch-1/stream-60.md

    NOTE: single-invocation output is SMOKE-GRADE only. For win/loss
    claims use scripts/bench/strict_22q.sh / strict_ab.sh /
    strict_throughput.sh (see scripts/bench/README.md).

--- Q14 ---
  DuckDB        821.45 ms ±  0.00  (1 rows)

--- Q20 ---
  DuckDB       1150.81 ms ±  0.00  (1804 rows)

--- Q18 ---
  DuckDB       1539.23 ms ±  0.00  (624 rows)

--- Q04 ---
  DuckDB        575.17 ms ±  0.00  (5 rows)

--- Q15 ---
  DuckDB        678.69 ms ±  0.00  (1 rows)

--- Q12 ---
  DuckDB        704.62 ms ±  0.00  (2 rows)

--- Q13 ---
  DuckDB       1990.30 ms ±  0.00  (46 rows)

--- Q07 ---
  DuckDB       1081.89 ms ±  0.00  (4 rows)

--- Q21 ---
  DuckDB       3013.07 ms ±  0.00  (4009 rows)

--- Q03 ---
  DuckDB       1067.24 ms ±  0.00  (114003 rows)

--- Q11 ---
  DuckDB         65.77 ms ±  0.00  (8685 rows)

--- Q02 ---
  DuckDB        230.18 ms ±  0.00  (4667 rows)

--- Q01 ---
  DuckDB       2375.79 ms ±  0.00  (4 rows)

--- Q06 ---
  DuckDB        467.91 ms ±  0.00  (1 rows)

--- Q17 ---
  DuckDB       1277.27 ms ±  0.00  (1 rows)

--- Q16 ---
  DuckDB        202.34 ms ±  0.00  (27840 rows)

--- Q08 ---
  DuckDB       1200.35 ms ±  0.00  (2 rows)

--- Q09 ---
  DuckDB       2123.63 ms ±  0.00  (175 rows)

--- Q05 ---
  DuckDB       1049.73 ms ±  0.00  (5 rows)

--- Q19 ---
  DuckDB       1683.01 ms ±  0.00  (1 rows)

--- Q22 ---
  DuckDB        282.38 ms ±  0.00  (7 rows)

--- Q10 ---
  DuckDB       1632.64 ms ±  0.00  (381105 rows)

wrote bench-results/sched-arc-2026-07-03/sf10-final/duckdb/s100/batch-1/stream-60.md
