=== TPC-H 22 triangulation bench ===
    data:    /Users/ryanevans/RustroverProjects/ematix-flow/examples/tpch/data/sf10
    queries: 22 ([8, 6, 10, 19, 21, 7, 15, 14, 22, 11, 3, 12, 20, 9, 17, 18, 2, 5, 13, 4, 16, 1])
    trials:  1 (after 0 warmups)
    output:  bench-results/sched-arc-2026-07-03/sf10-final/duckdb/s100/batch-1/stream-31.md

    NOTE: single-invocation output is SMOKE-GRADE only. For win/loss
    claims use scripts/bench/strict_22q.sh / strict_ab.sh /
    strict_throughput.sh (see scripts/bench/README.md).

--- Q08 ---
  DuckDB       1138.03 ms ±  0.00  (2 rows)

--- Q06 ---
  DuckDB        434.30 ms ±  0.00  (1 rows)

--- Q10 ---
  DuckDB       1764.73 ms ±  0.00  (381105 rows)

--- Q19 ---
  DuckDB       1373.03 ms ±  0.00  (1 rows)

--- Q21 ---
  DuckDB       2820.40 ms ±  0.00  (4009 rows)

--- Q07 ---
  DuckDB        950.79 ms ±  0.00  (4 rows)

--- Q15 ---
  DuckDB        586.31 ms ±  0.00  (1 rows)

--- Q14 ---
  DuckDB        998.48 ms ±  0.00  (1 rows)

--- Q22 ---
  DuckDB        286.62 ms ±  0.00  (7 rows)

--- Q11 ---
  DuckDB        139.66 ms ±  0.00  (8685 rows)

--- Q03 ---
  DuckDB        981.32 ms ±  0.00  (114003 rows)

--- Q12 ---
  DuckDB        655.76 ms ±  0.00  (2 rows)

--- Q20 ---
  DuckDB        962.20 ms ±  0.00  (1804 rows)

--- Q09 ---
  DuckDB       2490.59 ms ±  0.00  (175 rows)

--- Q17 ---
  DuckDB       1259.09 ms ±  0.00  (1 rows)

--- Q18 ---
  DuckDB       1529.62 ms ±  0.00  (624 rows)

--- Q02 ---
  DuckDB        111.09 ms ±  0.00  (4667 rows)

--- Q05 ---
  DuckDB       1052.46 ms ±  0.00  (5 rows)

--- Q13 ---
  DuckDB       1981.03 ms ±  0.00  (46 rows)

--- Q04 ---
  DuckDB        451.53 ms ±  0.00  (5 rows)

--- Q16 ---
  DuckDB        165.18 ms ±  0.00  (27840 rows)

--- Q01 ---
  DuckDB       2137.74 ms ±  0.00  (4 rows)

wrote bench-results/sched-arc-2026-07-03/sf10-final/duckdb/s100/batch-1/stream-31.md
