=== TPC-H 22 triangulation bench ===
    data:    /Users/ryanevans/RustroverProjects/ematix-flow/examples/tpch/data/sf10
    queries: 22 ([4, 16, 21, 5, 1, 14, 12, 19, 2, 3, 10, 11, 8, 9, 13, 6, 7, 17, 20, 22, 18, 15])
    trials:  1 (after 0 warmups)
    output:  bench-results/sched-arc-2026-07-03/sf10-final/duckdb/s100/batch-1/stream-11.md

    NOTE: single-invocation output is SMOKE-GRADE only. For win/loss
    claims use scripts/bench/strict_22q.sh / strict_ab.sh /
    strict_throughput.sh (see scripts/bench/README.md).

--- Q04 ---
  DuckDB        607.82 ms ±  0.00  (5 rows)

--- Q16 ---
  DuckDB        356.85 ms ±  0.00  (27840 rows)

--- Q21 ---
  DuckDB       2752.25 ms ±  0.00  (4009 rows)

--- Q05 ---
  DuckDB       1141.03 ms ±  0.00  (5 rows)

--- Q01 ---
  DuckDB       1997.00 ms ±  0.00  (4 rows)

--- Q14 ---
  DuckDB        857.42 ms ±  0.00  (1 rows)

--- Q12 ---
  DuckDB        757.96 ms ±  0.00  (2 rows)

--- Q19 ---
  DuckDB       1617.39 ms ±  0.00  (1 rows)

--- Q02 ---
  DuckDB        209.59 ms ±  0.00  (4667 rows)

--- Q03 ---
  DuckDB        825.70 ms ±  0.00  (114003 rows)

--- Q10 ---
  DuckDB       2103.17 ms ±  0.00  (381105 rows)

--- Q11 ---
  DuckDB        132.57 ms ±  0.00  (8685 rows)

--- Q08 ---
  DuckDB       1167.03 ms ±  0.00  (2 rows)

--- Q09 ---
  DuckDB       2539.25 ms ±  0.00  (175 rows)

--- Q13 ---
  DuckDB       1948.04 ms ±  0.00  (46 rows)

--- Q06 ---
  DuckDB        536.76 ms ±  0.00  (1 rows)

--- Q07 ---
  DuckDB       1098.69 ms ±  0.00  (4 rows)

--- Q17 ---
  DuckDB       1204.08 ms ±  0.00  (1 rows)

--- Q20 ---
  DuckDB       1180.06 ms ±  0.00  (1804 rows)

--- Q22 ---
  DuckDB        301.87 ms ±  0.00  (7 rows)

--- Q18 ---
  DuckDB       1645.53 ms ±  0.00  (624 rows)

--- Q15 ---
  DuckDB        560.52 ms ±  0.00  (1 rows)

wrote bench-results/sched-arc-2026-07-03/sf10-final/duckdb/s100/batch-1/stream-11.md
