=== TPC-H 22 triangulation bench ===
    data:    /Users/ryanevans/RustroverProjects/ematix-flow/examples/tpch/data/sf10
    queries: 22 ([21, 19, 20, 13, 18, 4, 14, 5, 3, 22, 6, 12, 9, 15, 8, 7, 11, 17, 1, 16, 2, 10])
    trials:  1 (after 0 warmups)
    output:  bench-results/sched-arc-2026-07-03/sf10-final/duckdb/s100/batch-1/stream-84.md

    NOTE: single-invocation output is SMOKE-GRADE only. For win/loss
    claims use scripts/bench/strict_22q.sh / strict_ab.sh /
    strict_throughput.sh (see scripts/bench/README.md).

--- Q21 ---
  DuckDB       2952.48 ms ±  0.00  (4009 rows)

--- Q19 ---
  DuckDB       1512.51 ms ±  0.00  (1 rows)

--- Q20 ---
  DuckDB       1491.24 ms ±  0.00  (1804 rows)

--- Q13 ---
  DuckDB       1909.41 ms ±  0.00  (46 rows)

--- Q18 ---
  DuckDB       1422.65 ms ±  0.00  (624 rows)

--- Q04 ---
  DuckDB        615.30 ms ±  0.00  (5 rows)

--- Q14 ---
  DuckDB        887.34 ms ±  0.00  (1 rows)

--- Q05 ---
  DuckDB        995.89 ms ±  0.00  (5 rows)

--- Q03 ---
  DuckDB       1122.99 ms ±  0.00  (114003 rows)

--- Q22 ---
  DuckDB        326.48 ms ±  0.00  (7 rows)

--- Q06 ---
  DuckDB        622.07 ms ±  0.00  (1 rows)

--- Q12 ---
  DuckDB        844.97 ms ±  0.00  (2 rows)

--- Q09 ---
  DuckDB       2263.27 ms ±  0.00  (175 rows)

--- Q15 ---
  DuckDB        505.90 ms ±  0.00  (1 rows)

--- Q08 ---
  DuckDB       1334.85 ms ±  0.00  (2 rows)

--- Q07 ---
  DuckDB        971.24 ms ±  0.00  (4 rows)

--- Q11 ---
  DuckDB        103.23 ms ±  0.00  (8685 rows)

--- Q17 ---
  DuckDB       1397.73 ms ±  0.00  (1 rows)

--- Q01 ---
  DuckDB       2102.00 ms ±  0.00  (4 rows)

--- Q16 ---
  DuckDB        352.14 ms ±  0.00  (27840 rows)

--- Q02 ---
  DuckDB        233.79 ms ±  0.00  (4667 rows)

--- Q10 ---
  DuckDB       1754.91 ms ±  0.00  (381105 rows)

wrote bench-results/sched-arc-2026-07-03/sf10-final/duckdb/s100/batch-1/stream-84.md
