=== TPC-H 22 triangulation bench ===
    data:    /Users/ryanevans/RustroverProjects/ematix-flow/examples/tpch/data/sf10
    queries: 22 ([10, 8, 6, 15, 17, 9, 14, 22, 2, 3, 21, 11, 19, 12, 5, 7, 1, 18, 13, 20, 4, 16])
    trials:  1 (after 0 warmups)
    output:  bench-results/sched-arc-2026-07-03/sf10-final/duckdb/s100/batch-1/stream-64.md

    NOTE: single-invocation output is SMOKE-GRADE only. For win/loss
    claims use scripts/bench/strict_22q.sh / strict_ab.sh /
    strict_throughput.sh (see scripts/bench/README.md).

--- Q10 ---
  DuckDB       1744.58 ms ±  0.00  (381105 rows)

--- Q08 ---
  DuckDB       1191.21 ms ±  0.00  (2 rows)

--- Q06 ---
  DuckDB        526.23 ms ±  0.00  (1 rows)

--- Q15 ---
  DuckDB        590.24 ms ±  0.00  (1 rows)

--- Q17 ---
  DuckDB       1173.61 ms ±  0.00  (1 rows)

--- Q09 ---
  DuckDB       2237.79 ms ±  0.00  (175 rows)

--- Q14 ---
  DuckDB        760.04 ms ±  0.00  (1 rows)

--- Q22 ---
  DuckDB        286.23 ms ±  0.00  (7 rows)

--- Q02 ---
  DuckDB        238.05 ms ±  0.00  (4667 rows)

--- Q03 ---
  DuckDB       1009.84 ms ±  0.00  (114003 rows)

--- Q21 ---
  DuckDB       2948.60 ms ±  0.00  (4009 rows)

--- Q11 ---
  DuckDB        234.51 ms ±  0.00  (8685 rows)

--- Q19 ---
  DuckDB       1649.01 ms ±  0.00  (1 rows)

--- Q12 ---
  DuckDB        638.68 ms ±  0.00  (2 rows)

--- Q05 ---
  DuckDB        989.60 ms ±  0.00  (5 rows)

--- Q07 ---
  DuckDB       1040.32 ms ±  0.00  (4 rows)

--- Q01 ---
  DuckDB       2201.06 ms ±  0.00  (4 rows)

--- Q18 ---
  DuckDB       1807.92 ms ±  0.00  (624 rows)

--- Q13 ---
  DuckDB       1966.89 ms ±  0.00  (46 rows)

--- Q20 ---
  DuckDB        831.04 ms ±  0.00  (1804 rows)

--- Q04 ---
  DuckDB        520.02 ms ±  0.00  (5 rows)

--- Q16 ---
  DuckDB        391.23 ms ±  0.00  (27840 rows)

wrote bench-results/sched-arc-2026-07-03/sf10-final/duckdb/s100/batch-1/stream-64.md
