=== TPC-H 22 triangulation bench ===
    data:    /Users/ryanevans/RustroverProjects/ematix-flow/examples/tpch/data/sf10
    queries: 22 ([8, 14, 11, 21, 17, 22, 6, 13, 9, 1, 10, 15, 2, 7, 18, 5, 20, 3, 4, 12, 19, 16])
    trials:  1 (after 0 warmups)
    output:  bench-results/sched-arc-2026-07-03/sf10-final/duckdb/s100/batch-1/stream-93.md

    NOTE: single-invocation output is SMOKE-GRADE only. For win/loss
    claims use scripts/bench/strict_22q.sh / strict_ab.sh /
    strict_throughput.sh (see scripts/bench/README.md).

--- Q08 ---
  DuckDB       1137.88 ms ±  0.00  (2 rows)

--- Q14 ---
  DuckDB       1089.38 ms ±  0.00  (1 rows)

--- Q11 ---
  DuckDB         83.34 ms ±  0.00  (8685 rows)

--- Q21 ---
  DuckDB       3154.44 ms ±  0.00  (4009 rows)

--- Q17 ---
  DuckDB       1244.70 ms ±  0.00  (1 rows)

--- Q22 ---
  DuckDB        452.30 ms ±  0.00  (7 rows)

--- Q06 ---
  DuckDB        426.44 ms ±  0.00  (1 rows)

--- Q13 ---
  DuckDB       1993.34 ms ±  0.00  (46 rows)

--- Q09 ---
  DuckDB       2280.67 ms ±  0.00  (175 rows)

--- Q01 ---
  DuckDB       2274.31 ms ±  0.00  (4 rows)

--- Q10 ---
  DuckDB       1685.01 ms ±  0.00  (381105 rows)

--- Q15 ---
  DuckDB        815.70 ms ±  0.00  (1 rows)

--- Q02 ---
  DuckDB        327.06 ms ±  0.00  (4667 rows)

--- Q07 ---
  DuckDB       1010.69 ms ±  0.00  (4 rows)

--- Q18 ---
  DuckDB       1531.61 ms ±  0.00  (624 rows)

--- Q05 ---
  DuckDB        928.28 ms ±  0.00  (5 rows)

--- Q20 ---
  DuckDB        904.01 ms ±  0.00  (1804 rows)

--- Q03 ---
  DuckDB        898.30 ms ±  0.00  (114003 rows)

--- Q04 ---
  DuckDB        586.24 ms ±  0.00  (5 rows)

--- Q12 ---
  DuckDB        656.18 ms ±  0.00  (2 rows)

--- Q19 ---
  DuckDB       1237.14 ms ±  0.00  (1 rows)

--- Q16 ---
  DuckDB        270.08 ms ±  0.00  (27840 rows)

wrote bench-results/sched-arc-2026-07-03/sf10-final/duckdb/s100/batch-1/stream-93.md
