=== TPC-H 22 triangulation bench ===
    data:    /Users/ryanevans/RustroverProjects/ematix-flow/examples/tpch/data/sf10
    queries: 22 ([18, 21, 3, 15, 13, 11, 8, 22, 16, 5, 19, 7, 4, 1, 2, 9, 6, 20, 12, 10, 14, 17])
    trials:  1 (after 0 warmups)
    output:  bench-results/sched-arc-2026-07-03/sf10-final/duckdb/s100/batch-1/stream-17.md

    NOTE: single-invocation output is SMOKE-GRADE only. For win/loss
    claims use scripts/bench/strict_22q.sh / strict_ab.sh /
    strict_throughput.sh (see scripts/bench/README.md).

--- Q18 ---
  DuckDB       1547.02 ms ±  0.00  (624 rows)

--- Q21 ---
  DuckDB       3114.04 ms ±  0.00  (4009 rows)

--- Q03 ---
  DuckDB       1202.94 ms ±  0.00  (114003 rows)

--- Q15 ---
  DuckDB        537.17 ms ±  0.00  (1 rows)

--- Q13 ---
  DuckDB       1924.21 ms ±  0.00  (46 rows)

--- Q11 ---
  DuckDB        192.05 ms ±  0.00  (8685 rows)

--- Q08 ---
  DuckDB       1245.09 ms ±  0.00  (2 rows)

--- Q22 ---
  DuckDB        417.51 ms ±  0.00  (7 rows)

--- Q16 ---
  DuckDB        209.30 ms ±  0.00  (27840 rows)

--- Q05 ---
  DuckDB       1040.58 ms ±  0.00  (5 rows)

--- Q19 ---
  DuckDB       1647.74 ms ±  0.00  (1 rows)

--- Q07 ---
  DuckDB       1126.83 ms ±  0.00  (4 rows)

--- Q04 ---
  DuckDB        744.67 ms ±  0.00  (5 rows)

--- Q01 ---
  DuckDB       2234.89 ms ±  0.00  (4 rows)

--- Q02 ---
  DuckDB        154.81 ms ±  0.00  (4667 rows)

--- Q09 ---
  DuckDB       2456.99 ms ±  0.00  (175 rows)

--- Q06 ---
  DuckDB        535.87 ms ±  0.00  (1 rows)

--- Q20 ---
  DuckDB       1121.57 ms ±  0.00  (1804 rows)

--- Q12 ---
  DuckDB        859.99 ms ±  0.00  (2 rows)

--- Q10 ---
  DuckDB       1803.54 ms ±  0.00  (381105 rows)

--- Q14 ---
  DuckDB        819.00 ms ±  0.00  (1 rows)

--- Q17 ---
  DuckDB       1262.51 ms ±  0.00  (1 rows)

wrote bench-results/sched-arc-2026-07-03/sf10-final/duckdb/s100/batch-1/stream-17.md
