=== TPC-H 22 triangulation bench ===
    data:    /Users/ryanevans/RustroverProjects/ematix-flow/examples/tpch/data/sf10
    queries: 22 ([11, 14, 5, 19, 22, 9, 16, 6, 4, 8, 2, 13, 1, 15, 7, 20, 17, 21, 10, 12, 3, 18])
    trials:  1 (after 0 warmups)
    output:  bench-results/sched-arc-2026-07-03/sf10-final/duckdb/s100/batch-1/stream-29.md

    NOTE: single-invocation output is SMOKE-GRADE only. For win/loss
    claims use scripts/bench/strict_22q.sh / strict_ab.sh /
    strict_throughput.sh (see scripts/bench/README.md).

--- Q11 ---
  DuckDB        152.49 ms ±  0.00  (8685 rows)

--- Q14 ---
  DuckDB        743.79 ms ±  0.00  (1 rows)

--- Q05 ---
  DuckDB       1149.93 ms ±  0.00  (5 rows)

--- Q19 ---
  DuckDB       1394.15 ms ±  0.00  (1 rows)

--- Q22 ---
  DuckDB        369.53 ms ±  0.00  (7 rows)

--- Q09 ---
  DuckDB       2139.89 ms ±  0.00  (175 rows)

--- Q16 ---
  DuckDB        328.24 ms ±  0.00  (27840 rows)

--- Q06 ---
  DuckDB        478.16 ms ±  0.00  (1 rows)

--- Q04 ---
  DuckDB        646.51 ms ±  0.00  (5 rows)

--- Q08 ---
  DuckDB       1240.28 ms ±  0.00  (2 rows)

--- Q02 ---
  DuckDB        276.50 ms ±  0.00  (4667 rows)

--- Q13 ---
  DuckDB       2277.67 ms ±  0.00  (46 rows)

--- Q01 ---
  DuckDB       2287.05 ms ±  0.00  (4 rows)

--- Q15 ---
  DuckDB        772.42 ms ±  0.00  (1 rows)

--- Q07 ---
  DuckDB        939.57 ms ±  0.00  (4 rows)

--- Q20 ---
  DuckDB        911.18 ms ±  0.00  (1804 rows)

--- Q17 ---
  DuckDB       1192.19 ms ±  0.00  (1 rows)

--- Q21 ---
  DuckDB       3155.61 ms ±  0.00  (4009 rows)

--- Q10 ---
  DuckDB       1917.11 ms ±  0.00  (381105 rows)

--- Q12 ---
  DuckDB        894.19 ms ±  0.00  (2 rows)

--- Q03 ---
  DuckDB        977.57 ms ±  0.00  (114003 rows)

--- Q18 ---
  DuckDB       1459.84 ms ±  0.00  (624 rows)

wrote bench-results/sched-arc-2026-07-03/sf10-final/duckdb/s100/batch-1/stream-29.md
