=== TPC-H 22 triangulation bench ===
    data:    /Users/ryanevans/RustroverProjects/ematix-flow/examples/tpch/data/sf10
    queries: 22 ([5, 9, 4, 2, 7, 20, 12, 6, 21, 10, 8, 22, 3, 1, 14, 16, 13, 19, 18, 11, 15, 17])
    trials:  1 (after 0 warmups)
    output:  bench-results/sched-arc-2026-07-03/sf10-final/duckdb/s100/batch-1/stream-81.md

    NOTE: single-invocation output is SMOKE-GRADE only. For win/loss
    claims use scripts/bench/strict_22q.sh / strict_ab.sh /
    strict_throughput.sh (see scripts/bench/README.md).

--- Q05 ---
  DuckDB        973.04 ms ±  0.00  (5 rows)

--- Q09 ---
  DuckDB       2447.04 ms ±  0.00  (175 rows)

--- Q04 ---
  DuckDB        751.54 ms ±  0.00  (5 rows)

--- Q02 ---
  DuckDB        174.78 ms ±  0.00  (4667 rows)

--- Q07 ---
  DuckDB       1126.06 ms ±  0.00  (4 rows)

--- Q20 ---
  DuckDB        827.54 ms ±  0.00  (1804 rows)

--- Q12 ---
  DuckDB        725.80 ms ±  0.00  (2 rows)

--- Q06 ---
  DuckDB        503.73 ms ±  0.00  (1 rows)

--- Q21 ---
  DuckDB       3085.56 ms ±  0.00  (4009 rows)

--- Q10 ---
  DuckDB       1689.60 ms ±  0.00  (381105 rows)

--- Q08 ---
  DuckDB       1380.72 ms ±  0.00  (2 rows)

--- Q22 ---
  DuckDB        323.59 ms ±  0.00  (7 rows)

--- Q03 ---
  DuckDB       1080.01 ms ±  0.00  (114003 rows)

--- Q01 ---
  DuckDB       2009.67 ms ±  0.00  (4 rows)

--- Q14 ---
  DuckDB       1037.33 ms ±  0.00  (1 rows)

--- Q16 ---
  DuckDB        353.88 ms ±  0.00  (27840 rows)

--- Q13 ---
  DuckDB       1899.64 ms ±  0.00  (46 rows)

--- Q19 ---
  DuckDB       1539.98 ms ±  0.00  (1 rows)

--- Q18 ---
  DuckDB       1805.57 ms ±  0.00  (624 rows)

--- Q11 ---
  DuckDB         70.36 ms ±  0.00  (8685 rows)

--- Q15 ---
  DuckDB        579.82 ms ±  0.00  (1 rows)

--- Q17 ---
  DuckDB       1152.81 ms ±  0.00  (1 rows)

wrote bench-results/sched-arc-2026-07-03/sf10-final/duckdb/s100/batch-1/stream-81.md
