=== TPC-H 22 triangulation bench ===
    data:    /Users/ryanevans/RustroverProjects/ematix-flow/examples/tpch/data/sf10
    queries: 22 ([15, 22, 9, 5, 12, 20, 10, 14, 19, 4, 18, 3, 11, 13, 16, 21, 8, 6, 2, 17, 1, 7])
    trials:  1 (after 0 warmups)
    output:  bench-results/sched-arc-2026-07-03/sf10-final/duckdb/s100/batch-1/stream-15.md

    NOTE: single-invocation output is SMOKE-GRADE only. For win/loss
    claims use scripts/bench/strict_22q.sh / strict_ab.sh /
    strict_throughput.sh (see scripts/bench/README.md).

--- Q15 ---
  DuckDB        573.59 ms ±  0.00  (1 rows)

--- Q22 ---
  DuckDB        414.73 ms ±  0.00  (7 rows)

--- Q09 ---
  DuckDB       2544.25 ms ±  0.00  (175 rows)

--- Q05 ---
  DuckDB        964.74 ms ±  0.00  (5 rows)

--- Q12 ---
  DuckDB        708.70 ms ±  0.00  (2 rows)

--- Q20 ---
  DuckDB       1032.66 ms ±  0.00  (1804 rows)

--- Q10 ---
  DuckDB       1853.02 ms ±  0.00  (381105 rows)

--- Q14 ---
  DuckDB        915.50 ms ±  0.00  (1 rows)

--- Q19 ---
  DuckDB       1596.63 ms ±  0.00  (1 rows)

--- Q04 ---
  DuckDB        817.15 ms ±  0.00  (5 rows)

--- Q18 ---
  DuckDB       1588.70 ms ±  0.00  (624 rows)

--- Q03 ---
  DuckDB       1058.62 ms ±  0.00  (114003 rows)

--- Q11 ---
  DuckDB         97.73 ms ±  0.00  (8685 rows)

--- Q13 ---
  DuckDB       1936.51 ms ±  0.00  (46 rows)

--- Q16 ---
  DuckDB        256.13 ms ±  0.00  (27840 rows)

--- Q21 ---
  DuckDB       3151.94 ms ±  0.00  (4009 rows)

--- Q08 ---
  DuckDB       1198.65 ms ±  0.00  (2 rows)

--- Q06 ---
  DuckDB        600.04 ms ±  0.00  (1 rows)

--- Q02 ---
  DuckDB        382.93 ms ±  0.00  (4667 rows)

--- Q17 ---
  DuckDB       1202.66 ms ±  0.00  (1 rows)

--- Q01 ---
  DuckDB       1965.62 ms ±  0.00  (4 rows)

--- Q07 ---
  DuckDB        982.78 ms ±  0.00  (4 rows)

wrote bench-results/sched-arc-2026-07-03/sf10-final/duckdb/s100/batch-1/stream-15.md
