=== TPC-H 22 triangulation bench ===
    data:    /Users/ryanevans/RustroverProjects/ematix-flow/examples/tpch/data/sf10
    queries: 22 ([3, 4, 18, 14, 1, 11, 9, 12, 16, 10, 8, 13, 5, 6, 17, 15, 22, 2, 20, 21, 7, 19])
    trials:  1 (after 0 warmups)
    output:  bench-results/sched-arc-2026-07-03/sf10-final/duckdb/s100/batch-1/stream-58.md

    NOTE: single-invocation output is SMOKE-GRADE only. For win/loss
    claims use scripts/bench/strict_22q.sh / strict_ab.sh /
    strict_throughput.sh (see scripts/bench/README.md).

--- Q03 ---
  DuckDB       1017.63 ms ±  0.00  (114003 rows)

--- Q04 ---
  DuckDB        705.05 ms ±  0.00  (5 rows)

--- Q18 ---
  DuckDB       1604.47 ms ±  0.00  (624 rows)

--- Q14 ---
  DuckDB        912.77 ms ±  0.00  (1 rows)

--- Q01 ---
  DuckDB       2175.90 ms ±  0.00  (4 rows)

--- Q11 ---
  DuckDB        126.26 ms ±  0.00  (8685 rows)

--- Q09 ---
  DuckDB       2130.12 ms ±  0.00  (175 rows)

--- Q12 ---
  DuckDB        789.71 ms ±  0.00  (2 rows)

--- Q16 ---
  DuckDB        468.13 ms ±  0.00  (27840 rows)

--- Q10 ---
  DuckDB       2055.11 ms ±  0.00  (381105 rows)

--- Q08 ---
  DuckDB       1349.28 ms ±  0.00  (2 rows)

--- Q13 ---
  DuckDB       1903.28 ms ±  0.00  (46 rows)

--- Q05 ---
  DuckDB       1065.94 ms ±  0.00  (5 rows)

--- Q06 ---
  DuckDB        450.90 ms ±  0.00  (1 rows)

--- Q17 ---
  DuckDB       1189.63 ms ±  0.00  (1 rows)

--- Q15 ---
  DuckDB        570.30 ms ±  0.00  (1 rows)

--- Q22 ---
  DuckDB        310.67 ms ±  0.00  (7 rows)

--- Q02 ---
  DuckDB        105.15 ms ±  0.00  (4667 rows)

--- Q20 ---
  DuckDB        930.84 ms ±  0.00  (1804 rows)

--- Q21 ---
  DuckDB       2785.75 ms ±  0.00  (4009 rows)

--- Q07 ---
  DuckDB       1220.82 ms ±  0.00  (4 rows)

--- Q19 ---
  DuckDB       1378.72 ms ±  0.00  (1 rows)

wrote bench-results/sched-arc-2026-07-03/sf10-final/duckdb/s100/batch-1/stream-58.md
