=== TPC-H 22 triangulation bench ===
    data:    /Users/ryanevans/RustroverProjects/ematix-flow/examples/tpch/data/sf10
    queries: 22 ([14, 16, 4, 22, 15, 18, 7, 11, 6, 20, 12, 1, 21, 9, 10, 5, 17, 8, 19, 2, 13, 3])
    trials:  1 (after 0 warmups)
    output:  bench-results/sched-arc-2026-07-03/sf10-final/duckdb/s100/batch-1/stream-46.md

    NOTE: single-invocation output is SMOKE-GRADE only. For win/loss
    claims use scripts/bench/strict_22q.sh / strict_ab.sh /
    strict_throughput.sh (see scripts/bench/README.md).

--- Q14 ---
  DuckDB       1074.83 ms ±  0.00  (1 rows)

--- Q16 ---
  DuckDB        281.50 ms ±  0.00  (27840 rows)

--- Q04 ---
  DuckDB        647.88 ms ±  0.00  (5 rows)

--- Q22 ---
  DuckDB        348.32 ms ±  0.00  (7 rows)

--- Q15 ---
  DuckDB        460.95 ms ±  0.00  (1 rows)

--- Q18 ---
  DuckDB       1726.42 ms ±  0.00  (624 rows)

--- Q07 ---
  DuckDB        936.01 ms ±  0.00  (4 rows)

--- Q11 ---
  DuckDB        104.51 ms ±  0.00  (8685 rows)

--- Q06 ---
  DuckDB        332.55 ms ±  0.00  (1 rows)

--- Q20 ---
  DuckDB       1079.48 ms ±  0.00  (1804 rows)

--- Q12 ---
  DuckDB        645.89 ms ±  0.00  (2 rows)

--- Q01 ---
  DuckDB       1990.27 ms ±  0.00  (4 rows)

--- Q21 ---
  DuckDB       2949.56 ms ±  0.00  (4009 rows)

--- Q09 ---
  DuckDB       2403.32 ms ±  0.00  (175 rows)

--- Q10 ---
  DuckDB       1994.71 ms ±  0.00  (381105 rows)

--- Q05 ---
  DuckDB        989.55 ms ±  0.00  (5 rows)

--- Q17 ---
  DuckDB       1247.57 ms ±  0.00  (1 rows)

--- Q08 ---
  DuckDB       1211.54 ms ±  0.00  (2 rows)

--- Q19 ---
  DuckDB       1614.55 ms ±  0.00  (1 rows)

--- Q02 ---
  DuckDB        244.39 ms ±  0.00  (4667 rows)

--- Q13 ---
  DuckDB       1742.66 ms ±  0.00  (46 rows)

--- Q03 ---
  DuckDB        890.24 ms ±  0.00  (114003 rows)

wrote bench-results/sched-arc-2026-07-03/sf10-final/duckdb/s100/batch-1/stream-46.md
