=== TPC-H 22 triangulation bench ===
    data:    /Users/ryanevans/RustroverProjects/ematix-flow/examples/tpch/data/sf10
    queries: 22 ([19, 14, 9, 21, 16, 11, 10, 7, 3, 18, 20, 22, 17, 2, 13, 12, 4, 6, 15, 1, 8, 5])
    trials:  1 (after 0 warmups)
    output:  bench-results/sched-arc-2026-07-03/sf10-final/duckdb/s100/batch-1/stream-22.md

    NOTE: single-invocation output is SMOKE-GRADE only. For win/loss
    claims use scripts/bench/strict_22q.sh / strict_ab.sh /
    strict_throughput.sh (see scripts/bench/README.md).

--- Q19 ---
  DuckDB       1548.39 ms ±  0.00  (1 rows)

--- Q14 ---
  DuckDB        747.52 ms ±  0.00  (1 rows)

--- Q09 ---
  DuckDB       2232.42 ms ±  0.00  (175 rows)

--- Q21 ---
  DuckDB       2934.96 ms ±  0.00  (4009 rows)

--- Q16 ---
  DuckDB        403.67 ms ±  0.00  (27840 rows)

--- Q11 ---
  DuckDB         72.07 ms ±  0.00  (8685 rows)

--- Q10 ---
  DuckDB       1971.87 ms ±  0.00  (381105 rows)

--- Q07 ---
  DuckDB        991.66 ms ±  0.00  (4 rows)

--- Q03 ---
  DuckDB       1122.22 ms ±  0.00  (114003 rows)

--- Q18 ---
  DuckDB       1626.25 ms ±  0.00  (624 rows)

--- Q20 ---
  DuckDB        969.35 ms ±  0.00  (1804 rows)

--- Q22 ---
  DuckDB        496.68 ms ±  0.00  (7 rows)

--- Q17 ---
  DuckDB       1153.35 ms ±  0.00  (1 rows)

--- Q02 ---
  DuckDB        342.36 ms ±  0.00  (4667 rows)

--- Q13 ---
  DuckDB       1907.47 ms ±  0.00  (46 rows)

--- Q12 ---
  DuckDB        721.53 ms ±  0.00  (2 rows)

--- Q04 ---
  DuckDB        561.95 ms ±  0.00  (5 rows)

--- Q06 ---
  DuckDB        511.26 ms ±  0.00  (1 rows)

--- Q15 ---
  DuckDB        539.66 ms ±  0.00  (1 rows)

--- Q01 ---
  DuckDB       2164.42 ms ±  0.00  (4 rows)

--- Q08 ---
  DuckDB       1100.28 ms ±  0.00  (2 rows)

--- Q05 ---
  DuckDB       1101.15 ms ±  0.00  (5 rows)

wrote bench-results/sched-arc-2026-07-03/sf10-final/duckdb/s100/batch-1/stream-22.md
