=== TPC-H 22 triangulation bench ===
    data:    /Users/ryanevans/RustroverProjects/ematix-flow/examples/tpch/data/sf10
    queries: 22 ([16, 21, 14, 18, 10, 12, 19, 20, 8, 17, 3, 13, 2, 15, 7, 1, 6, 11, 4, 9, 5, 22])
    trials:  1 (after 0 warmups)
    output:  bench-results/sched-arc-2026-07-03/sf10-final/duckdb/s100/batch-1/stream-20.md

    NOTE: single-invocation output is SMOKE-GRADE only. For win/loss
    claims use scripts/bench/strict_22q.sh / strict_ab.sh /
    strict_throughput.sh (see scripts/bench/README.md).

--- Q16 ---
  DuckDB        285.89 ms ±  0.00  (27840 rows)

--- Q21 ---
  DuckDB       3346.25 ms ±  0.00  (4009 rows)

--- Q14 ---
  DuckDB        953.29 ms ±  0.00  (1 rows)

--- Q18 ---
  DuckDB       1721.56 ms ±  0.00  (624 rows)

--- Q10 ---
  DuckDB       1672.76 ms ±  0.00  (381105 rows)

--- Q12 ---
  DuckDB       1160.35 ms ±  0.00  (2 rows)

--- Q19 ---
  DuckDB       1263.78 ms ±  0.00  (1 rows)

--- Q20 ---
  DuckDB       1179.36 ms ±  0.00  (1804 rows)

--- Q08 ---
  DuckDB       1406.34 ms ±  0.00  (2 rows)

--- Q17 ---
  DuckDB       1035.85 ms ±  0.00  (1 rows)

--- Q03 ---
  DuckDB       1241.04 ms ±  0.00  (114003 rows)

--- Q13 ---
  DuckDB       1967.38 ms ±  0.00  (46 rows)

--- Q02 ---
  DuckDB        442.85 ms ±  0.00  (4667 rows)

--- Q15 ---
  DuckDB        788.07 ms ±  0.00  (1 rows)

--- Q07 ---
  DuckDB       1093.78 ms ±  0.00  (4 rows)

--- Q01 ---
  DuckDB       2184.36 ms ±  0.00  (4 rows)

--- Q06 ---
  DuckDB        515.63 ms ±  0.00  (1 rows)

--- Q11 ---
  DuckDB        134.35 ms ±  0.00  (8685 rows)

--- Q04 ---
  DuckDB        623.83 ms ±  0.00  (5 rows)

--- Q09 ---
  DuckDB       2029.32 ms ±  0.00  (175 rows)

--- Q05 ---
  DuckDB       1068.58 ms ±  0.00  (5 rows)

--- Q22 ---
  DuckDB        390.75 ms ±  0.00  (7 rows)

wrote bench-results/sched-arc-2026-07-03/sf10-final/duckdb/s100/batch-1/stream-20.md
