=== TPC-H 22 triangulation bench ===
    data:    /Users/ryanevans/RustroverProjects/ematix-flow/examples/tpch/data/sf10
    queries: 22 ([10, 13, 19, 5, 20, 1, 7, 14, 18, 2, 15, 17, 4, 6, 21, 3, 11, 22, 8, 12, 9, 16])
    trials:  1 (after 0 warmups)
    output:  bench-results/sched-arc-2026-07-03/sf10-final/duckdb/s100/batch-1/stream-50.md

    NOTE: single-invocation output is SMOKE-GRADE only. For win/loss
    claims use scripts/bench/strict_22q.sh / strict_ab.sh /
    strict_throughput.sh (see scripts/bench/README.md).

--- Q10 ---
  DuckDB       1804.12 ms ±  0.00  (381105 rows)

--- Q13 ---
  DuckDB       2106.05 ms ±  0.00  (46 rows)

--- Q19 ---
  DuckDB       1380.24 ms ±  0.00  (1 rows)

--- Q05 ---
  DuckDB       1084.43 ms ±  0.00  (5 rows)

--- Q20 ---
  DuckDB       1112.75 ms ±  0.00  (1804 rows)

--- Q01 ---
  DuckDB       1990.87 ms ±  0.00  (4 rows)

--- Q07 ---
  DuckDB        884.79 ms ±  0.00  (4 rows)

--- Q14 ---
  DuckDB        831.75 ms ±  0.00  (1 rows)

--- Q18 ---
  DuckDB       1868.40 ms ±  0.00  (624 rows)

--- Q02 ---
  DuckDB        237.73 ms ±  0.00  (4667 rows)

--- Q15 ---
  DuckDB        554.12 ms ±  0.00  (1 rows)

--- Q17 ---
  DuckDB       1031.49 ms ±  0.00  (1 rows)

--- Q04 ---
  DuckDB        605.40 ms ±  0.00  (5 rows)

--- Q06 ---
  DuckDB        437.62 ms ±  0.00  (1 rows)

--- Q21 ---
  DuckDB       2887.25 ms ±  0.00  (4009 rows)

--- Q03 ---
  DuckDB       1082.38 ms ±  0.00  (114003 rows)

--- Q11 ---
  DuckDB        119.64 ms ±  0.00  (8685 rows)

--- Q22 ---
  DuckDB        274.55 ms ±  0.00  (7 rows)

--- Q08 ---
  DuckDB       1153.13 ms ±  0.00  (2 rows)

--- Q12 ---
  DuckDB        767.42 ms ±  0.00  (2 rows)

--- Q09 ---
  DuckDB       2093.42 ms ±  0.00  (175 rows)

--- Q16 ---
  DuckDB        233.01 ms ±  0.00  (27840 rows)

wrote bench-results/sched-arc-2026-07-03/sf10-final/duckdb/s100/batch-1/stream-50.md
