=== TPC-H 22 triangulation bench ===
    data:    /Users/ryanevans/RustroverProjects/ematix-flow/examples/tpch/data/sf10
    queries: 22 ([1, 2, 3, 17, 5, 14, 12, 19, 9, 18, 21, 10, 6, 16, 13, 15, 8, 22, 11, 4, 20, 7])
    trials:  1 (after 0 warmups)
    output:  bench-results/sched-arc-2026-07-03/sf10-final/duckdb/s100/batch-1/stream-85.md

    NOTE: single-invocation output is SMOKE-GRADE only. For win/loss
    claims use scripts/bench/strict_22q.sh / strict_ab.sh /
    strict_throughput.sh (see scripts/bench/README.md).

--- Q01 ---
  DuckDB       1973.41 ms ±  0.00  (4 rows)

--- Q02 ---
  DuckDB        291.51 ms ±  0.00  (4667 rows)

--- Q03 ---
  DuckDB       1058.92 ms ±  0.00  (114003 rows)

--- Q17 ---
  DuckDB       1176.92 ms ±  0.00  (1 rows)

--- Q05 ---
  DuckDB        976.28 ms ±  0.00  (5 rows)

--- Q14 ---
  DuckDB       1017.25 ms ±  0.00  (1 rows)

--- Q12 ---
  DuckDB        672.11 ms ±  0.00  (2 rows)

--- Q19 ---
  DuckDB       1439.50 ms ±  0.00  (1 rows)

--- Q09 ---
  DuckDB       2403.65 ms ±  0.00  (175 rows)

--- Q18 ---
  DuckDB       1811.34 ms ±  0.00  (624 rows)

--- Q21 ---
  DuckDB       3219.77 ms ±  0.00  (4009 rows)

--- Q10 ---
  DuckDB       1931.18 ms ±  0.00  (381105 rows)

--- Q06 ---
  DuckDB        719.59 ms ±  0.00  (1 rows)

--- Q16 ---
  DuckDB        337.41 ms ±  0.00  (27840 rows)

--- Q13 ---
  DuckDB       1955.03 ms ±  0.00  (46 rows)

--- Q15 ---
  DuckDB        796.82 ms ±  0.00  (1 rows)

--- Q08 ---
  DuckDB       1134.13 ms ±  0.00  (2 rows)

--- Q22 ---
  DuckDB        331.98 ms ±  0.00  (7 rows)

--- Q11 ---
  DuckDB         72.74 ms ±  0.00  (8685 rows)

--- Q04 ---
  DuckDB        675.62 ms ±  0.00  (5 rows)

--- Q20 ---
  DuckDB        913.92 ms ±  0.00  (1804 rows)

--- Q07 ---
  DuckDB       1052.71 ms ±  0.00  (4 rows)

wrote bench-results/sched-arc-2026-07-03/sf10-final/duckdb/s100/batch-1/stream-85.md
