=== TPC-H 22 triangulation bench ===
    data:    /Users/ryanevans/RustroverProjects/ematix-flow/examples/tpch/data/sf10
    queries: 22 ([1, 8, 5, 4, 9, 3, 7, 10, 13, 18, 6, 12, 20, 11, 21, 16, 17, 2, 22, 14, 19, 15])
    trials:  1 (after 0 warmups)
    output:  bench-results/sched-arc-2026-07-03/sf10-final/duckdb/s100/batch-1/stream-75.md

    NOTE: single-invocation output is SMOKE-GRADE only. For win/loss
    claims use scripts/bench/strict_22q.sh / strict_ab.sh /
    strict_throughput.sh (see scripts/bench/README.md).

--- Q01 ---
  DuckDB       1964.88 ms ±  0.00  (4 rows)

--- Q08 ---
  DuckDB       1096.04 ms ±  0.00  (2 rows)

--- Q05 ---
  DuckDB       1162.19 ms ±  0.00  (5 rows)

--- Q04 ---
  DuckDB        625.37 ms ±  0.00  (5 rows)

--- Q09 ---
  DuckDB       2395.43 ms ±  0.00  (175 rows)

--- Q03 ---
  DuckDB       1049.51 ms ±  0.00  (114003 rows)

--- Q07 ---
  DuckDB        921.95 ms ±  0.00  (4 rows)

--- Q10 ---
  DuckDB       1944.46 ms ±  0.00  (381105 rows)

--- Q13 ---
  DuckDB       1998.60 ms ±  0.00  (46 rows)

--- Q18 ---
  DuckDB       1576.89 ms ±  0.00  (624 rows)

--- Q06 ---
  DuckDB        505.95 ms ±  0.00  (1 rows)

--- Q12 ---
  DuckDB        783.87 ms ±  0.00  (2 rows)

--- Q20 ---
  DuckDB        989.16 ms ±  0.00  (1804 rows)

--- Q11 ---
  DuckDB         73.14 ms ±  0.00  (8685 rows)

--- Q21 ---
  DuckDB       2930.74 ms ±  0.00  (4009 rows)

--- Q16 ---
  DuckDB        212.57 ms ±  0.00  (27840 rows)

--- Q17 ---
  DuckDB       1118.33 ms ±  0.00  (1 rows)

--- Q02 ---
  DuckDB        330.66 ms ±  0.00  (4667 rows)

--- Q22 ---
  DuckDB        416.61 ms ±  0.00  (7 rows)

--- Q14 ---
  DuckDB       1075.15 ms ±  0.00  (1 rows)

--- Q19 ---
  DuckDB       1573.95 ms ±  0.00  (1 rows)

--- Q15 ---
  DuckDB        597.77 ms ±  0.00  (1 rows)

wrote bench-results/sched-arc-2026-07-03/sf10-final/duckdb/s100/batch-1/stream-75.md
