=== TPC-H 22 triangulation bench ===
    data:    /Users/ryanevans/RustroverProjects/ematix-flow/examples/tpch/data/sf10
    queries: 22 ([17, 2, 3, 14, 11, 22, 9, 1, 12, 21, 7, 19, 6, 8, 4, 13, 20, 16, 10, 18, 15, 5])
    trials:  1 (after 0 warmups)
    output:  bench-results/sched-arc-2026-07-03/sf10-final/duckdb/s100/batch-1/stream-54.md

    NOTE: single-invocation output is SMOKE-GRADE only. For win/loss
    claims use scripts/bench/strict_22q.sh / strict_ab.sh /
    strict_throughput.sh (see scripts/bench/README.md).

--- Q17 ---
  DuckDB        919.20 ms ±  0.00  (1 rows)

--- Q02 ---
  DuckDB        123.31 ms ±  0.00  (4667 rows)

--- Q03 ---
  DuckDB       1159.91 ms ±  0.00  (114003 rows)

--- Q14 ---
  DuckDB       1006.42 ms ±  0.00  (1 rows)

--- Q11 ---
  DuckDB        210.66 ms ±  0.00  (8685 rows)

--- Q22 ---
  DuckDB        453.08 ms ±  0.00  (7 rows)

--- Q09 ---
  DuckDB       1896.76 ms ±  0.00  (175 rows)

--- Q01 ---
  DuckDB       2050.88 ms ±  0.00  (4 rows)

--- Q12 ---
  DuckDB        721.67 ms ±  0.00  (2 rows)

--- Q21 ---
  DuckDB       3057.33 ms ±  0.00  (4009 rows)

--- Q07 ---
  DuckDB       1037.15 ms ±  0.00  (4 rows)

--- Q19 ---
  DuckDB       1368.03 ms ±  0.00  (1 rows)

--- Q06 ---
  DuckDB        593.56 ms ±  0.00  (1 rows)

--- Q08 ---
  DuckDB       1361.43 ms ±  0.00  (2 rows)

--- Q04 ---
  DuckDB        731.13 ms ±  0.00  (5 rows)

--- Q13 ---
  DuckDB       2325.64 ms ±  0.00  (46 rows)

--- Q20 ---
  DuckDB        829.00 ms ±  0.00  (1804 rows)

--- Q16 ---
  DuckDB        289.83 ms ±  0.00  (27840 rows)

--- Q10 ---
  DuckDB       2093.01 ms ±  0.00  (381105 rows)

--- Q18 ---
  DuckDB       1447.17 ms ±  0.00  (624 rows)

--- Q15 ---
  DuckDB        708.16 ms ±  0.00  (1 rows)

--- Q05 ---
  DuckDB       1185.91 ms ±  0.00  (5 rows)

wrote bench-results/sched-arc-2026-07-03/sf10-final/duckdb/s100/batch-1/stream-54.md
