=== TPC-H 22 triangulation bench ===
    data:    /Users/ryanevans/RustroverProjects/ematix-flow/examples/tpch/data/sf10
    queries: 22 ([6, 13, 22, 14, 3, 1, 16, 21, 7, 15, 5, 19, 11, 2, 12, 10, 18, 9, 8, 17, 20, 4])
    trials:  1 (after 0 warmups)
    output:  bench-results/sched-arc-2026-07-03/sf10-final/duckdb/s100/batch-1/stream-14.md

    NOTE: single-invocation output is SMOKE-GRADE only. For win/loss
    claims use scripts/bench/strict_22q.sh / strict_ab.sh /
    strict_throughput.sh (see scripts/bench/README.md).

--- Q06 ---
  DuckDB        451.33 ms ±  0.00  (1 rows)

--- Q13 ---
  DuckDB       1971.13 ms ±  0.00  (46 rows)

--- Q22 ---
  DuckDB        658.25 ms ±  0.00  (7 rows)

--- Q14 ---
  DuckDB       1055.91 ms ±  0.00  (1 rows)

--- Q03 ---
  DuckDB        953.91 ms ±  0.00  (114003 rows)

--- Q01 ---
  DuckDB       2155.58 ms ±  0.00  (4 rows)

--- Q16 ---
  DuckDB        407.65 ms ±  0.00  (27840 rows)

--- Q21 ---
  DuckDB       3095.75 ms ±  0.00  (4009 rows)

--- Q07 ---
  DuckDB        841.00 ms ±  0.00  (4 rows)

--- Q15 ---
  DuckDB        668.07 ms ±  0.00  (1 rows)

--- Q05 ---
  DuckDB       1017.89 ms ±  0.00  (5 rows)

--- Q19 ---
  DuckDB       1565.91 ms ±  0.00  (1 rows)

--- Q11 ---
  DuckDB        282.20 ms ±  0.00  (8685 rows)

--- Q02 ---
  DuckDB        306.79 ms ±  0.00  (4667 rows)

--- Q12 ---
  DuckDB        757.96 ms ±  0.00  (2 rows)

--- Q10 ---
  DuckDB       2027.39 ms ±  0.00  (381105 rows)

--- Q18 ---
  DuckDB       1694.29 ms ±  0.00  (624 rows)

--- Q09 ---
  DuckDB       2149.02 ms ±  0.00  (175 rows)

--- Q08 ---
  DuckDB       1286.19 ms ±  0.00  (2 rows)

--- Q17 ---
  DuckDB       1152.06 ms ±  0.00  (1 rows)

--- Q20 ---
  DuckDB        903.59 ms ±  0.00  (1804 rows)

--- Q04 ---
  DuckDB        499.78 ms ±  0.00  (5 rows)

wrote bench-results/sched-arc-2026-07-03/sf10-final/duckdb/s100/batch-1/stream-14.md
