=== TPC-H 22 triangulation bench ===
    data:    /Users/ryanevans/RustroverProjects/ematix-flow/examples/tpch/data/sf10
    queries: 22 ([9, 19, 10, 16, 7, 15, 6, 20, 8, 22, 5, 21, 13, 1, 18, 2, 17, 11, 4, 14, 12, 3])
    trials:  1 (after 0 warmups)
    output:  bench-results/sched-arc-2026-07-03/sf10-final/duckdb/s100/batch-1/stream-49.md

    NOTE: single-invocation output is SMOKE-GRADE only. For win/loss
    claims use scripts/bench/strict_22q.sh / strict_ab.sh /
    strict_throughput.sh (see scripts/bench/README.md).

--- Q09 ---
  DuckDB       2040.24 ms ±  0.00  (175 rows)

--- Q19 ---
  DuckDB       1625.59 ms ±  0.00  (1 rows)

--- Q10 ---
  DuckDB       1688.09 ms ±  0.00  (381105 rows)

--- Q16 ---
  DuckDB        324.80 ms ±  0.00  (27840 rows)

--- Q07 ---
  DuckDB       1165.70 ms ±  0.00  (4 rows)

--- Q15 ---
  DuckDB        517.19 ms ±  0.00  (1 rows)

--- Q06 ---
  DuckDB        706.18 ms ±  0.00  (1 rows)

--- Q20 ---
  DuckDB        806.20 ms ±  0.00  (1804 rows)

--- Q08 ---
  DuckDB       1301.52 ms ±  0.00  (2 rows)

--- Q22 ---
  DuckDB        404.48 ms ±  0.00  (7 rows)

--- Q05 ---
  DuckDB       1101.64 ms ±  0.00  (5 rows)

--- Q21 ---
  DuckDB       2936.15 ms ±  0.00  (4009 rows)

--- Q13 ---
  DuckDB       1873.70 ms ±  0.00  (46 rows)

--- Q01 ---
  DuckDB       2199.53 ms ±  0.00  (4 rows)

--- Q18 ---
  DuckDB       1537.36 ms ±  0.00  (624 rows)

--- Q02 ---
  DuckDB        264.27 ms ±  0.00  (4667 rows)

--- Q17 ---
  DuckDB       1149.74 ms ±  0.00  (1 rows)

--- Q11 ---
  DuckDB         78.72 ms ±  0.00  (8685 rows)

--- Q04 ---
  DuckDB        722.90 ms ±  0.00  (5 rows)

--- Q14 ---
  DuckDB        865.64 ms ±  0.00  (1 rows)

--- Q12 ---
  DuckDB        908.54 ms ±  0.00  (2 rows)

--- Q03 ---
  DuckDB       1058.16 ms ±  0.00  (114003 rows)

wrote bench-results/sched-arc-2026-07-03/sf10-final/duckdb/s100/batch-1/stream-49.md
