=== TPC-H 22 triangulation bench ===
    data:    /Users/ryanevans/RustroverProjects/ematix-flow/examples/tpch/data/sf10
    queries: 22 ([22, 12, 11, 19, 21, 15, 18, 6, 20, 14, 17, 9, 7, 1, 2, 3, 5, 16, 13, 4, 10, 8])
    trials:  1 (after 0 warmups)
    output:  bench-results/sched-arc-2026-07-03/sf10-final/duckdb/s100/batch-1/stream-4.md

    NOTE: single-invocation output is SMOKE-GRADE only. For win/loss
    claims use scripts/bench/strict_22q.sh / strict_ab.sh /
    strict_throughput.sh (see scripts/bench/README.md).

--- Q22 ---
  DuckDB        100.26 ms ±  0.00  (7 rows)

--- Q12 ---
  DuckDB        754.77 ms ±  0.00  (2 rows)

--- Q11 ---
  DuckDB        211.57 ms ±  0.00  (8685 rows)

--- Q19 ---
  DuckDB       1679.35 ms ±  0.00  (1 rows)

--- Q21 ---
  DuckDB       3323.65 ms ±  0.00  (4009 rows)

--- Q15 ---
  DuckDB        494.07 ms ±  0.00  (1 rows)

--- Q18 ---
  DuckDB       1659.98 ms ±  0.00  (624 rows)

--- Q06 ---
  DuckDB        471.60 ms ±  0.00  (1 rows)

--- Q20 ---
  DuckDB        780.85 ms ±  0.00  (1804 rows)

--- Q14 ---
  DuckDB        821.50 ms ±  0.00  (1 rows)

--- Q17 ---
  DuckDB       1305.74 ms ±  0.00  (1 rows)

--- Q09 ---
  DuckDB       2226.35 ms ±  0.00  (175 rows)

--- Q07 ---
  DuckDB       1102.70 ms ±  0.00  (4 rows)

--- Q01 ---
  DuckDB       2385.76 ms ±  0.00  (4 rows)

--- Q02 ---
  DuckDB        120.10 ms ±  0.00  (4667 rows)

--- Q03 ---
  DuckDB       1077.64 ms ±  0.00  (114003 rows)

--- Q05 ---
  DuckDB       1047.59 ms ±  0.00  (5 rows)

--- Q16 ---
  DuckDB        392.45 ms ±  0.00  (27840 rows)

--- Q13 ---
  DuckDB       1834.12 ms ±  0.00  (46 rows)

--- Q04 ---
  DuckDB        523.02 ms ±  0.00  (5 rows)

--- Q10 ---
  DuckDB       1949.84 ms ±  0.00  (381105 rows)

--- Q08 ---
  DuckDB       1095.43 ms ±  0.00  (2 rows)

wrote bench-results/sched-arc-2026-07-03/sf10-final/duckdb/s100/batch-1/stream-4.md
