=== TPC-H 22 triangulation bench ===
    data:    /Users/ryanevans/RustroverProjects/ematix-flow/examples/tpch/data/sf10
    queries: 22 ([18, 6, 8, 19, 1, 12, 2, 9, 7, 16, 21, 13, 17, 14, 3, 22, 11, 5, 20, 15, 10, 4])
    trials:  1 (after 0 warmups)
    output:  bench-results/sched-arc-2026-07-03/sf10-final/duckdb/s100/batch-1/stream-70.md

    NOTE: single-invocation output is SMOKE-GRADE only. For win/loss
    claims use scripts/bench/strict_22q.sh / strict_ab.sh /
    strict_throughput.sh (see scripts/bench/README.md).

--- Q18 ---
  DuckDB       1441.22 ms ±  0.00  (624 rows)

--- Q06 ---
  DuckDB        498.71 ms ±  0.00  (1 rows)

--- Q08 ---
  DuckDB       1320.63 ms ±  0.00  (2 rows)

--- Q19 ---
  DuckDB       1658.34 ms ±  0.00  (1 rows)

--- Q01 ---
  DuckDB       1971.63 ms ±  0.00  (4 rows)

--- Q12 ---
  DuckDB        699.27 ms ±  0.00  (2 rows)

--- Q02 ---
  DuckDB        241.75 ms ±  0.00  (4667 rows)

--- Q09 ---
  DuckDB       2353.80 ms ±  0.00  (175 rows)

--- Q07 ---
  DuckDB       1019.78 ms ±  0.00  (4 rows)

--- Q16 ---
  DuckDB        307.88 ms ±  0.00  (27840 rows)

--- Q21 ---
  DuckDB       3070.08 ms ±  0.00  (4009 rows)

--- Q13 ---
  DuckDB       1933.33 ms ±  0.00  (46 rows)

--- Q17 ---
  DuckDB       1201.31 ms ±  0.00  (1 rows)

--- Q14 ---
  DuckDB        841.89 ms ±  0.00  (1 rows)

--- Q03 ---
  DuckDB       1163.42 ms ±  0.00  (114003 rows)

--- Q22 ---
  DuckDB        450.14 ms ±  0.00  (7 rows)

--- Q11 ---
  DuckDB         78.22 ms ±  0.00  (8685 rows)

--- Q05 ---
  DuckDB       1027.63 ms ±  0.00  (5 rows)

--- Q20 ---
  DuckDB        826.20 ms ±  0.00  (1804 rows)

--- Q15 ---
  DuckDB        442.75 ms ±  0.00  (1 rows)

--- Q10 ---
  DuckDB       1321.33 ms ±  0.00  (381105 rows)

--- Q04 ---
  DuckDB        525.15 ms ±  0.00  (5 rows)

wrote bench-results/sched-arc-2026-07-03/sf10-final/duckdb/s100/batch-1/stream-70.md
