=== TPC-H 22 triangulation bench ===
    data:    /Users/ryanevans/RustroverProjects/ematix-flow/examples/tpch/data/sf10
    queries: 22 ([19, 21, 1, 20, 18, 5, 17, 10, 16, 8, 7, 9, 13, 14, 15, 11, 12, 3, 6, 4, 2, 22])
    trials:  1 (after 0 warmups)
    output:  bench-results/sched-arc-2026-07-03/sf10-final/duckdb/s100/batch-1/stream-69.md

    NOTE: single-invocation output is SMOKE-GRADE only. For win/loss
    claims use scripts/bench/strict_22q.sh / strict_ab.sh /
    strict_throughput.sh (see scripts/bench/README.md).

--- Q19 ---
  DuckDB       1434.79 ms ±  0.00  (1 rows)

--- Q21 ---
  DuckDB       3210.06 ms ±  0.00  (4009 rows)

--- Q01 ---
  DuckDB       2034.31 ms ±  0.00  (4 rows)

--- Q20 ---
  DuckDB       1004.07 ms ±  0.00  (1804 rows)

--- Q18 ---
  DuckDB       1608.20 ms ±  0.00  (624 rows)

--- Q05 ---
  DuckDB        852.88 ms ±  0.00  (5 rows)

--- Q17 ---
  DuckDB       1229.00 ms ±  0.00  (1 rows)

--- Q10 ---
  DuckDB       1880.42 ms ±  0.00  (381105 rows)

--- Q16 ---
  DuckDB        364.60 ms ±  0.00  (27840 rows)

--- Q08 ---
  DuckDB       1353.17 ms ±  0.00  (2 rows)

--- Q07 ---
  DuckDB       1151.19 ms ±  0.00  (4 rows)

--- Q09 ---
  DuckDB       2390.39 ms ±  0.00  (175 rows)

--- Q13 ---
  DuckDB       2066.06 ms ±  0.00  (46 rows)

--- Q14 ---
  DuckDB        853.26 ms ±  0.00  (1 rows)

--- Q15 ---
  DuckDB        568.97 ms ±  0.00  (1 rows)

--- Q11 ---
  DuckDB        180.87 ms ±  0.00  (8685 rows)

--- Q12 ---
  DuckDB        676.04 ms ±  0.00  (2 rows)

--- Q03 ---
  DuckDB        677.25 ms ±  0.00  (114003 rows)

--- Q06 ---
  DuckDB        445.84 ms ±  0.00  (1 rows)

--- Q04 ---
  DuckDB        759.61 ms ±  0.00  (5 rows)

--- Q02 ---
  DuckDB        318.22 ms ±  0.00  (4667 rows)

--- Q22 ---
  DuckDB        367.54 ms ±  0.00  (7 rows)

wrote bench-results/sched-arc-2026-07-03/sf10-final/duckdb/s100/batch-1/stream-69.md
