=== TPC-H 22 triangulation bench ===
    data:    /Users/ryanevans/RustroverProjects/ematix-flow/examples/tpch/data/sf10
    queries: 22 ([21, 9, 18, 8, 6, 12, 10, 7, 1, 22, 19, 20, 14, 4, 11, 17, 2, 13, 5, 3, 15, 16])
    trials:  1 (after 0 warmups)
    output:  bench-results/sched-arc-2026-07-03/sf10-final/duckdb/s100/batch-1/stream-83.md

    NOTE: single-invocation output is SMOKE-GRADE only. For win/loss
    claims use scripts/bench/strict_22q.sh / strict_ab.sh /
    strict_throughput.sh (see scripts/bench/README.md).

--- Q21 ---
  DuckDB       2776.98 ms ±  0.00  (4009 rows)

--- Q09 ---
  DuckDB       2633.32 ms ±  0.00  (175 rows)

--- Q18 ---
  DuckDB       1752.67 ms ±  0.00  (624 rows)

--- Q08 ---
  DuckDB       1313.38 ms ±  0.00  (2 rows)

--- Q06 ---
  DuckDB        460.44 ms ±  0.00  (1 rows)

--- Q12 ---
  DuckDB        748.39 ms ±  0.00  (2 rows)

--- Q10 ---
  DuckDB       1942.68 ms ±  0.00  (381105 rows)

--- Q07 ---
  DuckDB       1034.57 ms ±  0.00  (4 rows)

--- Q01 ---
  DuckDB       2353.54 ms ±  0.00  (4 rows)

--- Q22 ---
  DuckDB        481.85 ms ±  0.00  (7 rows)

--- Q19 ---
  DuckDB       1526.91 ms ±  0.00  (1 rows)

--- Q20 ---
  DuckDB        909.54 ms ±  0.00  (1804 rows)

--- Q14 ---
  DuckDB        879.87 ms ±  0.00  (1 rows)

--- Q04 ---
  DuckDB        815.70 ms ±  0.00  (5 rows)

--- Q11 ---
  DuckDB        225.63 ms ±  0.00  (8685 rows)

--- Q17 ---
  DuckDB       1297.37 ms ±  0.00  (1 rows)

--- Q02 ---
  DuckDB        287.17 ms ±  0.00  (4667 rows)

--- Q13 ---
  DuckDB       1774.54 ms ±  0.00  (46 rows)

--- Q05 ---
  DuckDB       1005.96 ms ±  0.00  (5 rows)

--- Q03 ---
  DuckDB       1104.51 ms ±  0.00  (114003 rows)

--- Q15 ---
  DuckDB        660.92 ms ±  0.00  (1 rows)

--- Q16 ---
  DuckDB        289.24 ms ±  0.00  (27840 rows)

wrote bench-results/sched-arc-2026-07-03/sf10-final/duckdb/s100/batch-1/stream-83.md
