=== TPC-H 22 triangulation bench ===
    data:    /Users/ryanevans/RustroverProjects/ematix-flow/examples/tpch/data/sf10
    queries: 22 ([16, 12, 15, 21, 10, 9, 5, 22, 2, 4, 3, 8, 20, 19, 14, 18, 17, 1, 6, 11, 7, 13])
    trials:  1 (after 0 warmups)
    output:  bench-results/sched-arc-2026-07-03/sf10-final/duckdb/s100/batch-1/stream-88.md

    NOTE: single-invocation output is SMOKE-GRADE only. For win/loss
    claims use scripts/bench/strict_22q.sh / strict_ab.sh /
    strict_throughput.sh (see scripts/bench/README.md).

--- Q16 ---
  DuckDB        289.13 ms ±  0.00  (27840 rows)

--- Q12 ---
  DuckDB        755.78 ms ±  0.00  (2 rows)

--- Q15 ---
  DuckDB        502.17 ms ±  0.00  (1 rows)

--- Q21 ---
  DuckDB       3259.38 ms ±  0.00  (4009 rows)

--- Q10 ---
  DuckDB       1634.66 ms ±  0.00  (381105 rows)

--- Q09 ---
  DuckDB       2110.80 ms ±  0.00  (175 rows)

--- Q05 ---
  DuckDB       1252.21 ms ±  0.00  (5 rows)

--- Q22 ---
  DuckDB        441.17 ms ±  0.00  (7 rows)

--- Q02 ---
  DuckDB        314.93 ms ±  0.00  (4667 rows)

--- Q04 ---
  DuckDB        652.96 ms ±  0.00  (5 rows)

--- Q03 ---
  DuckDB        991.37 ms ±  0.00  (114003 rows)

--- Q08 ---
  DuckDB       1188.69 ms ±  0.00  (2 rows)

--- Q20 ---
  DuckDB       1165.89 ms ±  0.00  (1804 rows)

--- Q19 ---
  DuckDB       1410.96 ms ±  0.00  (1 rows)

--- Q14 ---
  DuckDB        871.53 ms ±  0.00  (1 rows)

--- Q18 ---
  DuckDB       1637.17 ms ±  0.00  (624 rows)

--- Q17 ---
  DuckDB       1254.29 ms ±  0.00  (1 rows)

--- Q01 ---
  DuckDB       2168.77 ms ±  0.00  (4 rows)

--- Q06 ---
  DuckDB        506.14 ms ±  0.00  (1 rows)

--- Q11 ---
  DuckDB        208.77 ms ±  0.00  (8685 rows)

--- Q07 ---
  DuckDB        904.74 ms ±  0.00  (4 rows)

--- Q13 ---
  DuckDB       1983.63 ms ±  0.00  (46 rows)

wrote bench-results/sched-arc-2026-07-03/sf10-final/duckdb/s100/batch-1/stream-88.md
