=== TPC-H 22 triangulation bench ===
    data:    /Users/ryanevans/RustroverProjects/ematix-flow/examples/tpch/data/sf10
    queries: 22 ([20, 19, 2, 5, 7, 8, 17, 9, 16, 13, 18, 11, 10, 1, 6, 15, 12, 3, 4, 22, 14, 21])
    trials:  1 (after 0 warmups)
    output:  bench-results/sched-arc-2026-07-03/sf10-final/duckdb/s100/batch-1/stream-38.md

    NOTE: single-invocation output is SMOKE-GRADE only. For win/loss
    claims use scripts/bench/strict_22q.sh / strict_ab.sh /
    strict_throughput.sh (see scripts/bench/README.md).

--- Q20 ---
  DuckDB        764.14 ms ±  0.00  (1804 rows)

--- Q19 ---
  DuckDB       1691.26 ms ±  0.00  (1 rows)

--- Q02 ---
  DuckDB        605.34 ms ±  0.00  (4667 rows)

--- Q05 ---
  DuckDB        984.10 ms ±  0.00  (5 rows)

--- Q07 ---
  DuckDB        972.84 ms ±  0.00  (4 rows)

--- Q08 ---
  DuckDB       1222.59 ms ±  0.00  (2 rows)

--- Q17 ---
  DuckDB       1143.22 ms ±  0.00  (1 rows)

--- Q09 ---
  DuckDB       2418.11 ms ±  0.00  (175 rows)

--- Q16 ---
  DuckDB        497.28 ms ±  0.00  (27840 rows)

--- Q13 ---
  DuckDB       2060.92 ms ±  0.00  (46 rows)

--- Q18 ---
  DuckDB       1781.81 ms ±  0.00  (624 rows)

--- Q11 ---
  DuckDB         96.08 ms ±  0.00  (8685 rows)

--- Q10 ---
  DuckDB       1834.11 ms ±  0.00  (381105 rows)

--- Q01 ---
  DuckDB       2153.52 ms ±  0.00  (4 rows)

--- Q06 ---
  DuckDB        497.32 ms ±  0.00  (1 rows)

--- Q15 ---
  DuckDB        744.21 ms ±  0.00  (1 rows)

--- Q12 ---
  DuckDB        733.15 ms ±  0.00  (2 rows)

--- Q03 ---
  DuckDB       1134.24 ms ±  0.00  (114003 rows)

--- Q04 ---
  DuckDB        512.07 ms ±  0.00  (5 rows)

--- Q22 ---
  DuckDB        274.73 ms ±  0.00  (7 rows)

--- Q14 ---
  DuckDB        956.29 ms ±  0.00  (1 rows)

--- Q21 ---
  DuckDB       2843.36 ms ±  0.00  (4009 rows)

wrote bench-results/sched-arc-2026-07-03/sf10-final/duckdb/s100/batch-1/stream-38.md
