=== TPC-H 22 triangulation bench ===
    data:    /Users/ryanevans/RustroverProjects/ematix-flow/examples/tpch/data/sf10
    queries: 22 ([6, 18, 21, 16, 8, 15, 22, 20, 7, 19, 14, 17, 9, 1, 10, 12, 4, 3, 2, 13, 5, 11])
    trials:  1 (after 0 warmups)
    output:  /Users/ryanevans/RustroverProjects/ematix-flow/bench-results/campaign-2026-07-01/tput-sf10/ematix/s10/batch-3/stream-7.md

    NOTE: single-invocation output is SMOKE-GRADE only. For win/loss
    claims use scripts/bench/strict_22q.sh / strict_ab.sh /
    strict_throughput.sh (see scripts/bench/README.md).

--- Q06 ---
  ematix-flow   300.74 ms ±  0.00  (1 rows)

--- Q18 ---
  ematix-flow  6799.68 ms ±  0.00  (624 rows)

--- Q21 ---
  ematix-flow  7778.59 ms ±  0.00  (4009 rows)

--- Q16 ---
  ematix-flow  2102.08 ms ±  0.00  (27840 rows)

--- Q08 ---
  ematix-flow  4718.18 ms ±  0.00  (2 rows)

--- Q15 ---
  ematix-flow   624.48 ms ±  0.00  (1 rows)

--- Q22 ---
  ematix-flow  1220.95 ms ±  0.00  (7 rows)

--- Q20 ---
  ematix-flow  2862.33 ms ±  0.00  (1804 rows)

--- Q07 ---
  ematix-flow  3107.24 ms ±  0.00  (4 rows)

--- Q19 ---
  ematix-flow   729.64 ms ±  0.00  (1 rows)

--- Q14 ---
  ematix-flow   552.48 ms ±  0.00  (1 rows)

--- Q17 ---
  ematix-flow  3309.58 ms ±  0.00  (1 rows)

--- Q09 ---
  ematix-flow  21337.95 ms ±  0.00  (175 rows)

--- Q01 ---
  ematix-flow  5717.74 ms ±  0.00  (4 rows)

--- Q10 ---
  ematix-flow  9138.41 ms ±  0.00  (381105 rows)

--- Q12 ---
  ematix-flow  2903.29 ms ±  0.00  (2 rows)

--- Q04 ---
  ematix-flow  2452.02 ms ±  0.00  (5 rows)

--- Q03 ---
  ematix-flow  6422.88 ms ±  0.00  (114003 rows)

--- Q02 ---
  ematix-flow   981.81 ms ±  0.00  (4667 rows)

--- Q13 ---
  ematix-flow  2770.20 ms ±  0.00  (46 rows)

--- Q05 ---
  ematix-flow  3188.37 ms ±  0.00  (5 rows)

--- Q11 ---
  ematix-flow   129.95 ms ±  0.00  (8685 rows)

wrote /Users/ryanevans/RustroverProjects/ematix-flow/bench-results/campaign-2026-07-01/tput-sf10/ematix/s10/batch-3/stream-7.md
