=== TPC-H 22 triangulation bench ===
    data:    /Users/ryanevans/RustroverProjects/ematix-flow/examples/tpch/data/sf10
    queries: 22 ([4, 13, 6, 17, 21, 10, 12, 22, 9, 18, 3, 11, 5, 8, 20, 15, 7, 1, 16, 14, 2, 19])
    trials:  1 (after 0 warmups)
    output:  /Users/ryanevans/RustroverProjects/ematix-flow/bench-results/campaign-2026-07-01/tput-sf10/ematix/s10/batch-3/stream-10.md

    NOTE: single-invocation output is SMOKE-GRADE only. For win/loss
    claims use scripts/bench/strict_22q.sh / strict_ab.sh /
    strict_throughput.sh (see scripts/bench/README.md).

--- Q04 ---
  ematix-flow  1063.16 ms ±  0.00  (5 rows)

--- Q13 ---
  ematix-flow  4393.68 ms ±  0.00  (46 rows)

--- Q06 ---
  ematix-flow  2171.38 ms ±  0.00  (1 rows)

--- Q17 ---
  ematix-flow  2407.23 ms ±  0.00  (1 rows)

--- Q21 ---
  ematix-flow  10569.78 ms ±  0.00  (4009 rows)

--- Q10 ---
  ematix-flow  4947.85 ms ±  0.00  (381105 rows)

--- Q12 ---
  ematix-flow  1908.96 ms ±  0.00  (2 rows)

--- Q22 ---
  ematix-flow  1325.48 ms ±  0.00  (7 rows)

--- Q09 ---
  ematix-flow  19894.92 ms ±  0.00  (175 rows)

--- Q18 ---
  ematix-flow  10519.63 ms ±  0.00  (624 rows)

--- Q03 ---
  ematix-flow  5316.81 ms ±  0.00  (114003 rows)

--- Q11 ---
  ematix-flow  1416.76 ms ±  0.00  (8685 rows)

--- Q05 ---
  ematix-flow  9191.87 ms ±  0.00  (5 rows)

--- Q08 ---
  ematix-flow  6095.66 ms ±  0.00  (2 rows)

--- Q20 ---
  ematix-flow  1964.00 ms ±  0.00  (1804 rows)

--- Q15 ---
  ematix-flow   480.48 ms ±  0.00  (1 rows)

--- Q07 ---
  ematix-flow  3012.72 ms ±  0.00  (4 rows)

--- Q01 ---
  ematix-flow  1836.65 ms ±  0.00  (4 rows)

--- Q16 ---
  ematix-flow   315.80 ms ±  0.00  (27840 rows)

--- Q14 ---
  ematix-flow   181.06 ms ±  0.00  (1 rows)

--- Q02 ---
  ematix-flow    27.22 ms ±  0.00  (4667 rows)

--- Q19 ---
  ematix-flow   152.14 ms ±  0.00  (1 rows)

wrote /Users/ryanevans/RustroverProjects/ematix-flow/bench-results/campaign-2026-07-01/tput-sf10/ematix/s10/batch-3/stream-10.md
