=== TPC-H 22 triangulation bench ===
    data:    /Users/ryanevans/RustroverProjects/ematix-flow/examples/tpch/data/sf10
    queries: 22 ([21, 14, 13, 22, 7, 18, 4, 20, 17, 15, 6, 12, 8, 10, 11, 5, 1, 2, 9, 16, 3, 19])
    trials:  1 (after 0 warmups)
    output:  /Users/ryanevans/RustroverProjects/ematix-flow/bench-results/campaign-2026-07-01/tput-sf10/ematix/s10/batch-3/stream-6.md

    NOTE: single-invocation output is SMOKE-GRADE only. For win/loss
    claims use scripts/bench/strict_22q.sh / strict_ab.sh /
    strict_throughput.sh (see scripts/bench/README.md).

--- Q21 ---
  ematix-flow  4473.44 ms ±  0.00  (4009 rows)

--- Q14 ---
  ematix-flow   444.44 ms ±  0.00  (1 rows)

--- Q13 ---
  ematix-flow  5243.84 ms ±  0.00  (46 rows)

--- Q22 ---
  ematix-flow   949.71 ms ±  0.00  (7 rows)

--- Q07 ---
  ematix-flow  2706.58 ms ±  0.00  (4 rows)

--- Q18 ---
  ematix-flow  8689.52 ms ±  0.00  (624 rows)

--- Q04 ---
  ematix-flow  2064.75 ms ±  0.00  (5 rows)

--- Q20 ---
  ematix-flow  4154.13 ms ±  0.00  (1804 rows)

--- Q17 ---
  ematix-flow  2365.78 ms ±  0.00  (1 rows)

--- Q15 ---
  ematix-flow  1234.10 ms ±  0.00  (1 rows)

--- Q06 ---
  ematix-flow  1405.51 ms ±  0.00  (1 rows)

--- Q12 ---
  ematix-flow  1727.43 ms ±  0.00  (2 rows)

--- Q08 ---
  ematix-flow  5570.37 ms ±  0.00  (2 rows)

--- Q10 ---
  ematix-flow  9397.90 ms ±  0.00  (381105 rows)

--- Q11 ---
  ematix-flow   906.55 ms ±  0.00  (8685 rows)

--- Q05 ---
  ematix-flow  9651.79 ms ±  0.00  (5 rows)

--- Q01 ---
  ematix-flow  5478.87 ms ±  0.00  (4 rows)

--- Q02 ---
  ematix-flow  1489.62 ms ±  0.00  (4667 rows)

--- Q09 ---
  ematix-flow  16685.31 ms ±  0.00  (175 rows)

--- Q16 ---
  ematix-flow  1123.70 ms ±  0.00  (27840 rows)

--- Q03 ---
  ematix-flow  2293.15 ms ±  0.00  (114003 rows)

--- Q19 ---
  ematix-flow   662.16 ms ±  0.00  (1 rows)

wrote /Users/ryanevans/RustroverProjects/ematix-flow/bench-results/campaign-2026-07-01/tput-sf10/ematix/s10/batch-3/stream-6.md
