=== TPC-H 22 triangulation bench ===
    data:    /Users/ryanevans/RustroverProjects/ematix-flow/examples/tpch/data/sf10
    queries: 22 ([13, 18, 3, 7, 11, 4, 21, 16, 14, 22, 2, 10, 8, 19, 17, 1, 6, 5, 9, 12, 20, 15])
    trials:  1 (after 0 warmups)
    output:  /Users/ryanevans/RustroverProjects/ematix-flow/bench-results/campaign-2026-07-01/tput-sf10/ematix/s10/batch-3/stream-9.md

    NOTE: single-invocation output is SMOKE-GRADE only. For win/loss
    claims use scripts/bench/strict_22q.sh / strict_ab.sh /
    strict_throughput.sh (see scripts/bench/README.md).

--- Q13 ---
  ematix-flow  4109.73 ms ±  0.00  (46 rows)

--- Q18 ---
  ematix-flow  7871.83 ms ±  0.00  (624 rows)

--- Q03 ---
  ematix-flow  5749.57 ms ±  0.00  (114003 rows)

--- Q07 ---
  ematix-flow  4137.87 ms ±  0.00  (4 rows)

--- Q11 ---
  ematix-flow  1321.79 ms ±  0.00  (8685 rows)

--- Q04 ---
  ematix-flow  2265.95 ms ±  0.00  (5 rows)

--- Q21 ---
  ematix-flow  17784.21 ms ±  0.00  (4009 rows)

--- Q16 ---
  ematix-flow  2895.82 ms ±  0.00  (27840 rows)

--- Q14 ---
  ematix-flow   612.72 ms ±  0.00  (1 rows)

--- Q22 ---
  ematix-flow  3155.20 ms ±  0.00  (7 rows)

--- Q02 ---
  ematix-flow  1387.42 ms ±  0.00  (4667 rows)

--- Q10 ---
  ematix-flow  8071.15 ms ±  0.00  (381105 rows)

--- Q08 ---
  ematix-flow  5624.45 ms ±  0.00  (2 rows)

--- Q19 ---
  ematix-flow   684.37 ms ±  0.00  (1 rows)

--- Q17 ---
  ematix-flow  4023.90 ms ±  0.00  (1 rows)

--- Q01 ---
  ematix-flow  4893.17 ms ±  0.00  (4 rows)

--- Q06 ---
  ematix-flow  1337.50 ms ±  0.00  (1 rows)

--- Q05 ---
  ematix-flow  7247.48 ms ±  0.00  (5 rows)

--- Q09 ---
  ematix-flow  5350.90 ms ±  0.00  (175 rows)

--- Q12 ---
  ematix-flow   314.92 ms ±  0.00  (2 rows)

--- Q20 ---
  ematix-flow   435.32 ms ±  0.00  (1804 rows)

--- Q15 ---
  ematix-flow    84.70 ms ±  0.00  (1 rows)

wrote /Users/ryanevans/RustroverProjects/ematix-flow/bench-results/campaign-2026-07-01/tput-sf10/ematix/s10/batch-3/stream-9.md
