=== TPC-H 22 triangulation bench ===
    data:    /Users/ryanevans/RustroverProjects/ematix-flow/examples/tpch/data/sf10
    queries: 22 ([21, 20, 4, 6, 16, 5, 19, 8, 13, 15, 9, 2, 7, 12, 14, 10, 17, 3, 22, 11, 18, 1])
    trials:  1 (after 0 warmups)
    output:  bench-results/tput-rebaseline-2026-07-03/sf10-auto/ematix/s100/batch-1/stream-86.md

    NOTE: single-invocation output is SMOKE-GRADE only. For win/loss
    claims use scripts/bench/strict_22q.sh / strict_ab.sh /
    strict_throughput.sh (see scripts/bench/README.md).

--- Q21 ---
  ematix-flow  3002.09 ms ±  0.00  (4009 rows)

--- Q20 ---
  ematix-flow  1354.28 ms ±  0.00  (1804 rows)

--- Q04 ---
  ematix-flow   944.44 ms ±  0.00  (5 rows)

--- Q06 ---
  ematix-flow   298.38 ms ±  0.00  (1 rows)

--- Q16 ---
  ematix-flow   494.30 ms ±  0.00  (27840 rows)

--- Q05 ---
  ematix-flow  1251.32 ms ±  0.00  (5 rows)

--- Q19 ---
  ematix-flow   407.86 ms ±  0.00  (1 rows)

--- Q08 ---
  ematix-flow  1168.72 ms ±  0.00  (2 rows)

--- Q13 ---
  ematix-flow  1621.94 ms ±  0.00  (46 rows)

--- Q15 ---
  ematix-flow   515.24 ms ±  0.00  (1 rows)

--- Q09 ---
  ematix-flow  3053.18 ms ±  0.00  (175 rows)

--- Q02 ---
  ematix-flow   189.88 ms ±  0.00  (4667 rows)

--- Q07 ---
  ematix-flow  1359.89 ms ±  0.00  (4 rows)

--- Q12 ---
  ematix-flow  1136.25 ms ±  0.00  (2 rows)

--- Q14 ---
  ematix-flow   353.08 ms ±  0.00  (1 rows)

--- Q10 ---
  ematix-flow  2343.30 ms ±  0.00  (381105 rows)

--- Q17 ---
  ematix-flow  1296.89 ms ±  0.00  (1 rows)

--- Q03 ---
  ematix-flow  1209.48 ms ±  0.00  (114003 rows)

--- Q22 ---
  ematix-flow   473.60 ms ±  0.00  (7 rows)

--- Q11 ---
  ematix-flow   165.41 ms ±  0.00  (8685 rows)

--- Q18 ---
  ematix-flow  4224.08 ms ±  0.00  (624 rows)

--- Q01 ---
  ematix-flow  2846.10 ms ±  0.00  (4 rows)

wrote bench-results/tput-rebaseline-2026-07-03/sf10-auto/ematix/s100/batch-1/stream-86.md
