=== TPC-H 22 triangulation bench ===
    data:    /Users/ryanevans/RustroverProjects/ematix-flow/examples/tpch/data/sf10
    queries: 22 ([20, 19, 2, 5, 7, 8, 17, 9, 16, 13, 18, 11, 10, 1, 6, 15, 12, 3, 4, 22, 14, 21])
    trials:  1 (after 0 warmups)
    output:  bench-results/tput-rebaseline-2026-07-03/sf10-auto/ematix/s100/batch-1/stream-38.md

    NOTE: single-invocation output is SMOKE-GRADE only. For win/loss
    claims use scripts/bench/strict_22q.sh / strict_ab.sh /
    strict_throughput.sh (see scripts/bench/README.md).

--- Q20 ---
  ematix-flow  1200.43 ms ±  0.00  (1804 rows)

--- Q19 ---
  ematix-flow   409.84 ms ±  0.00  (1 rows)

--- Q02 ---
  ematix-flow   142.94 ms ±  0.00  (4667 rows)

--- Q05 ---
  ematix-flow  1064.50 ms ±  0.00  (5 rows)

--- Q07 ---
  ematix-flow   922.16 ms ±  0.00  (4 rows)

--- Q08 ---
  ematix-flow  1094.86 ms ±  0.00  (2 rows)

--- Q17 ---
  ematix-flow   804.28 ms ±  0.00  (1 rows)

--- Q09 ---
  ematix-flow  3787.20 ms ±  0.00  (175 rows)

--- Q16 ---
  ematix-flow   571.19 ms ±  0.00  (27840 rows)

--- Q13 ---
  ematix-flow  1834.31 ms ±  0.00  (46 rows)

--- Q18 ---
  ematix-flow  5529.77 ms ±  0.00  (624 rows)

--- Q11 ---
  ematix-flow   204.57 ms ±  0.00  (8685 rows)

--- Q10 ---
  ematix-flow  1998.56 ms ±  0.00  (381105 rows)

--- Q01 ---
  ematix-flow  3696.79 ms ±  0.00  (4 rows)

--- Q06 ---
  ematix-flow   313.24 ms ±  0.00  (1 rows)

--- Q15 ---
  ematix-flow   525.87 ms ±  0.00  (1 rows)

--- Q12 ---
  ematix-flow   703.99 ms ±  0.00  (2 rows)

--- Q03 ---
  ematix-flow  1172.60 ms ±  0.00  (114003 rows)

--- Q04 ---
  ematix-flow  1248.41 ms ±  0.00  (5 rows)

--- Q22 ---
  ematix-flow   418.45 ms ±  0.00  (7 rows)

--- Q14 ---
  ematix-flow   268.35 ms ±  0.00  (1 rows)

--- Q21 ---
  ematix-flow  2850.36 ms ±  0.00  (4009 rows)

wrote bench-results/tput-rebaseline-2026-07-03/sf10-auto/ematix/s100/batch-1/stream-38.md
