=== TPC-H 22 triangulation bench ===
    data:    /Users/ryanevans/RustroverProjects/ematix-flow/examples/tpch/data/sf10
    queries: 22 ([13, 22, 4, 10, 3, 11, 21, 9, 8, 17, 16, 6, 5, 20, 15, 18, 19, 1, 2, 12, 14, 7])
    trials:  1 (after 0 warmups)
    output:  bench-results/tput-rebaseline-2026-07-03/sf10-auto/ematix/s100/batch-1/stream-97.md

    NOTE: single-invocation output is SMOKE-GRADE only. For win/loss
    claims use scripts/bench/strict_22q.sh / strict_ab.sh /
    strict_throughput.sh (see scripts/bench/README.md).

--- Q13 ---
  ematix-flow  1469.44 ms ±  0.00  (46 rows)

--- Q22 ---
  ematix-flow   430.26 ms ±  0.00  (7 rows)

--- Q04 ---
  ematix-flow   817.15 ms ±  0.00  (5 rows)

--- Q10 ---
  ematix-flow  2018.02 ms ±  0.00  (381105 rows)

--- Q03 ---
  ematix-flow  1543.87 ms ±  0.00  (114003 rows)

--- Q11 ---
  ematix-flow   286.10 ms ±  0.00  (8685 rows)

--- Q21 ---
  ematix-flow  2867.57 ms ±  0.00  (4009 rows)

--- Q09 ---
  ematix-flow  3512.50 ms ±  0.00  (175 rows)

--- Q08 ---
  ematix-flow  1154.95 ms ±  0.00  (2 rows)

--- Q17 ---
  ematix-flow  1131.02 ms ±  0.00  (1 rows)

--- Q16 ---
  ematix-flow   420.20 ms ±  0.00  (27840 rows)

--- Q06 ---
  ematix-flow   204.45 ms ±  0.00  (1 rows)

--- Q05 ---
  ematix-flow  1484.62 ms ±  0.00  (5 rows)

--- Q20 ---
  ematix-flow  1233.77 ms ±  0.00  (1804 rows)

--- Q15 ---
  ematix-flow   446.42 ms ±  0.00  (1 rows)

--- Q18 ---
  ematix-flow  3879.28 ms ±  0.00  (624 rows)

--- Q19 ---
  ematix-flow   418.33 ms ±  0.00  (1 rows)

--- Q01 ---
  ematix-flow  2543.09 ms ±  0.00  (4 rows)

--- Q02 ---
  ematix-flow   169.83 ms ±  0.00  (4667 rows)

--- Q12 ---
  ematix-flow   467.41 ms ±  0.00  (2 rows)

--- Q14 ---
  ematix-flow   154.10 ms ±  0.00  (1 rows)

--- Q07 ---
  ematix-flow   453.13 ms ±  0.00  (4 rows)

wrote bench-results/tput-rebaseline-2026-07-03/sf10-auto/ematix/s100/batch-1/stream-97.md
