=== TPC-H 22 triangulation bench ===
    data:    /Users/ryanevans/RustroverProjects/ematix-flow/examples/tpch/data/sf10
    queries: 22 ([6, 18, 21, 16, 8, 15, 22, 20, 7, 19, 14, 17, 9, 1, 10, 12, 4, 3, 2, 13, 5, 11])
    trials:  1 (after 0 warmups)
    output:  bench-results/tput-rebaseline-2026-07-03/sf10-auto/ematix/s100/batch-1/stream-7.md

    NOTE: single-invocation output is SMOKE-GRADE only. For win/loss
    claims use scripts/bench/strict_22q.sh / strict_ab.sh /
    strict_throughput.sh (see scripts/bench/README.md).

--- Q06 ---
  ematix-flow   253.47 ms ±  0.00  (1 rows)

--- Q18 ---
  ematix-flow  3093.61 ms ±  0.00  (624 rows)

--- Q21 ---
  ematix-flow  2917.57 ms ±  0.00  (4009 rows)

--- Q16 ---
  ematix-flow   550.90 ms ±  0.00  (27840 rows)

--- Q08 ---
  ematix-flow  1098.28 ms ±  0.00  (2 rows)

--- Q15 ---
  ematix-flow   390.02 ms ±  0.00  (1 rows)

--- Q22 ---
  ematix-flow   436.15 ms ±  0.00  (7 rows)

--- Q20 ---
  ematix-flow  1305.79 ms ±  0.00  (1804 rows)

--- Q07 ---
  ematix-flow  1158.03 ms ±  0.00  (4 rows)

--- Q19 ---
  ematix-flow   509.59 ms ±  0.00  (1 rows)

--- Q14 ---
  ematix-flow   353.54 ms ±  0.00  (1 rows)

--- Q17 ---
  ematix-flow   955.27 ms ±  0.00  (1 rows)

--- Q09 ---
  ematix-flow  4879.02 ms ±  0.00  (175 rows)

--- Q01 ---
  ematix-flow  3170.53 ms ±  0.00  (4 rows)

--- Q10 ---
  ematix-flow  1952.37 ms ±  0.00  (381105 rows)

--- Q12 ---
  ematix-flow   930.28 ms ±  0.00  (2 rows)

--- Q04 ---
  ematix-flow  1572.35 ms ±  0.00  (5 rows)

--- Q03 ---
  ematix-flow  1778.95 ms ±  0.00  (114003 rows)

--- Q02 ---
  ematix-flow   292.10 ms ±  0.00  (4667 rows)

--- Q13 ---
  ematix-flow  1866.79 ms ±  0.00  (46 rows)

--- Q05 ---
  ematix-flow  1390.42 ms ±  0.00  (5 rows)

--- Q11 ---
  ematix-flow   145.76 ms ±  0.00  (8685 rows)

wrote bench-results/tput-rebaseline-2026-07-03/sf10-auto/ematix/s100/batch-1/stream-7.md
