=== TPC-H 22 triangulation bench ===
    data:    /Users/ryanevans/RustroverProjects/ematix-flow/examples/tpch/data/sf10
    queries: 22 ([15, 8, 1, 14, 18, 19, 11, 21, 16, 12, 3, 10, 5, 9, 6, 13, 7, 20, 4, 17, 2, 22])
    trials:  1 (after 0 warmups)
    output:  bench-results/tput-rebaseline-2026-07-03/sf10-auto/ematix/s100/batch-1/stream-19.md

    NOTE: single-invocation output is SMOKE-GRADE only. For win/loss
    claims use scripts/bench/strict_22q.sh / strict_ab.sh /
    strict_throughput.sh (see scripts/bench/README.md).

--- Q15 ---
  ematix-flow   357.96 ms ±  0.00  (1 rows)

--- Q08 ---
  ematix-flow   989.24 ms ±  0.00  (2 rows)

--- Q01 ---
  ematix-flow  2957.86 ms ±  0.00  (4 rows)

--- Q14 ---
  ematix-flow   263.80 ms ±  0.00  (1 rows)

--- Q18 ---
  ematix-flow  3372.69 ms ±  0.00  (624 rows)

--- Q19 ---
  ematix-flow   414.23 ms ±  0.00  (1 rows)

--- Q11 ---
  ematix-flow   162.91 ms ±  0.00  (8685 rows)

--- Q21 ---
  ematix-flow  2730.25 ms ±  0.00  (4009 rows)

--- Q16 ---
  ematix-flow   434.28 ms ±  0.00  (27840 rows)

--- Q12 ---
  ematix-flow   860.29 ms ±  0.00  (2 rows)

--- Q03 ---
  ematix-flow  1506.69 ms ±  0.00  (114003 rows)

--- Q10 ---
  ematix-flow  2004.91 ms ±  0.00  (381105 rows)

--- Q05 ---
  ematix-flow  1551.47 ms ±  0.00  (5 rows)

--- Q09 ---
  ematix-flow  4620.23 ms ±  0.00  (175 rows)

--- Q06 ---
  ematix-flow   646.91 ms ±  0.00  (1 rows)

--- Q13 ---
  ematix-flow  1698.61 ms ±  0.00  (46 rows)

--- Q07 ---
  ematix-flow  1500.88 ms ±  0.00  (4 rows)

--- Q20 ---
  ematix-flow  1494.12 ms ±  0.00  (1804 rows)

--- Q04 ---
  ematix-flow  1176.44 ms ±  0.00  (5 rows)

--- Q17 ---
  ematix-flow  1109.04 ms ±  0.00  (1 rows)

--- Q02 ---
  ematix-flow   232.15 ms ±  0.00  (4667 rows)

--- Q22 ---
  ematix-flow   458.70 ms ±  0.00  (7 rows)

wrote bench-results/tput-rebaseline-2026-07-03/sf10-auto/ematix/s100/batch-1/stream-19.md
