=== TPC-H 22 triangulation bench ===
    data:    /Users/ryanevans/RustroverProjects/ematix-flow/examples/tpch/data/sf10
    queries: 22 ([7, 20, 9, 21, 13, 11, 10, 22, 17, 14, 4, 1, 19, 2, 3, 16, 18, 8, 6, 12, 15, 5])
    trials:  1 (after 0 warmups)
    output:  bench-results/tput-rebaseline-2026-07-03/sf10-auto/ematix/s100/batch-1/stream-79.md

    NOTE: single-invocation output is SMOKE-GRADE only. For win/loss
    claims use scripts/bench/strict_22q.sh / strict_ab.sh /
    strict_throughput.sh (see scripts/bench/README.md).

--- Q07 ---
  ematix-flow  1100.19 ms ±  0.00  (4 rows)

--- Q20 ---
  ematix-flow  1446.73 ms ±  0.00  (1804 rows)

--- Q09 ---
  ematix-flow  3240.92 ms ±  0.00  (175 rows)

--- Q21 ---
  ematix-flow  2834.58 ms ±  0.00  (4009 rows)

--- Q13 ---
  ematix-flow  1534.37 ms ±  0.00  (46 rows)

--- Q11 ---
  ematix-flow   222.69 ms ±  0.00  (8685 rows)

--- Q10 ---
  ematix-flow  1733.12 ms ±  0.00  (381105 rows)

--- Q22 ---
  ematix-flow   235.79 ms ±  0.00  (7 rows)

--- Q17 ---
  ematix-flow   826.70 ms ±  0.00  (1 rows)

--- Q14 ---
  ematix-flow   315.46 ms ±  0.00  (1 rows)

--- Q04 ---
  ematix-flow  1105.80 ms ±  0.00  (5 rows)

--- Q01 ---
  ematix-flow  4006.93 ms ±  0.00  (4 rows)

--- Q19 ---
  ematix-flow   465.62 ms ±  0.00  (1 rows)

--- Q02 ---
  ematix-flow   129.65 ms ±  0.00  (4667 rows)

--- Q03 ---
  ematix-flow  1510.99 ms ±  0.00  (114003 rows)

--- Q16 ---
  ematix-flow   519.57 ms ±  0.00  (27840 rows)

--- Q18 ---
  ematix-flow  4462.34 ms ±  0.00  (624 rows)

--- Q08 ---
  ematix-flow  1083.04 ms ±  0.00  (2 rows)

--- Q06 ---
  ematix-flow   342.12 ms ±  0.00  (1 rows)

--- Q12 ---
  ematix-flow   691.68 ms ±  0.00  (2 rows)

--- Q15 ---
  ematix-flow   473.56 ms ±  0.00  (1 rows)

--- Q05 ---
  ematix-flow  1333.33 ms ±  0.00  (5 rows)

wrote bench-results/tput-rebaseline-2026-07-03/sf10-auto/ematix/s100/batch-1/stream-79.md
