=== TPC-H 22 triangulation bench ===
    data:    /Users/ryanevans/RustroverProjects/ematix-flow/examples/tpch/data/sf10
    queries: 22 ([1, 13, 2, 4, 3, 11, 5, 19, 10, 12, 21, 16, 7, 14, 15, 9, 20, 22, 6, 18, 17, 8])
    trials:  1 (after 0 warmups)
    output:  bench-results/tput-rebaseline-2026-07-03/sf10-auto/ematix/s100/batch-1/stream-51.md

    NOTE: single-invocation output is SMOKE-GRADE only. For win/loss
    claims use scripts/bench/strict_22q.sh / strict_ab.sh /
    strict_throughput.sh (see scripts/bench/README.md).

--- Q01 ---
  ematix-flow  2693.01 ms ±  0.00  (4 rows)

--- Q13 ---
  ematix-flow  1526.41 ms ±  0.00  (46 rows)

--- Q02 ---
  ematix-flow   190.84 ms ±  0.00  (4667 rows)

--- Q04 ---
  ematix-flow   842.73 ms ±  0.00  (5 rows)

--- Q03 ---
  ematix-flow  1162.85 ms ±  0.00  (114003 rows)

--- Q11 ---
  ematix-flow   178.16 ms ±  0.00  (8685 rows)

--- Q05 ---
  ematix-flow  1339.07 ms ±  0.00  (5 rows)

--- Q19 ---
  ematix-flow   396.70 ms ±  0.00  (1 rows)

--- Q10 ---
  ematix-flow  1797.46 ms ±  0.00  (381105 rows)

--- Q12 ---
  ematix-flow   718.92 ms ±  0.00  (2 rows)

--- Q21 ---
  ematix-flow  2678.06 ms ±  0.00  (4009 rows)

--- Q16 ---
  ematix-flow   469.62 ms ±  0.00  (27840 rows)

--- Q07 ---
  ematix-flow  1523.19 ms ±  0.00  (4 rows)

--- Q14 ---
  ematix-flow   363.39 ms ±  0.00  (1 rows)

--- Q15 ---
  ematix-flow   510.86 ms ±  0.00  (1 rows)

--- Q09 ---
  ematix-flow  5250.59 ms ±  0.00  (175 rows)

--- Q20 ---
  ematix-flow  1508.84 ms ±  0.00  (1804 rows)

--- Q22 ---
  ematix-flow   350.82 ms ±  0.00  (7 rows)

--- Q06 ---
  ematix-flow   379.59 ms ±  0.00  (1 rows)

--- Q18 ---
  ematix-flow  4513.20 ms ±  0.00  (624 rows)

--- Q17 ---
  ematix-flow   844.18 ms ±  0.00  (1 rows)

--- Q08 ---
  ematix-flow  1110.33 ms ±  0.00  (2 rows)

wrote bench-results/tput-rebaseline-2026-07-03/sf10-auto/ematix/s100/batch-1/stream-51.md
