=== TPC-H 22 triangulation bench ===
    data:    /Users/ryanevans/RustroverProjects/ematix-flow/examples/tpch/data/sf10
    queries: 22 ([7, 8, 4, 19, 16, 13, 3, 2, 6, 15, 9, 12, 1, 17, 22, 14, 10, 20, 21, 5, 11, 18])
    trials:  1 (after 0 warmups)
    output:  bench-results/tput-rebaseline-2026-07-03/sf10-auto/ematix/s100/batch-1/stream-35.md

    NOTE: single-invocation output is SMOKE-GRADE only. For win/loss
    claims use scripts/bench/strict_22q.sh / strict_ab.sh /
    strict_throughput.sh (see scripts/bench/README.md).

--- Q07 ---
  ematix-flow  1073.66 ms ±  0.00  (4 rows)

--- Q08 ---
  ematix-flow  1090.46 ms ±  0.00  (2 rows)

--- Q04 ---
  ematix-flow   731.44 ms ±  0.00  (5 rows)

--- Q19 ---
  ematix-flow   429.85 ms ±  0.00  (1 rows)

--- Q16 ---
  ematix-flow   274.99 ms ±  0.00  (27840 rows)

--- Q13 ---
  ematix-flow  1228.37 ms ±  0.00  (46 rows)

--- Q03 ---
  ematix-flow  1174.52 ms ±  0.00  (114003 rows)

--- Q02 ---
  ematix-flow   183.30 ms ±  0.00  (4667 rows)

--- Q06 ---
  ematix-flow   302.02 ms ±  0.00  (1 rows)

--- Q15 ---
  ematix-flow   438.85 ms ±  0.00  (1 rows)

--- Q09 ---
  ematix-flow  3630.52 ms ±  0.00  (175 rows)

--- Q12 ---
  ematix-flow   722.04 ms ±  0.00  (2 rows)

--- Q01 ---
  ematix-flow  3603.37 ms ±  0.00  (4 rows)

--- Q17 ---
  ematix-flow  1241.93 ms ±  0.00  (1 rows)

--- Q22 ---
  ematix-flow   787.91 ms ±  0.00  (7 rows)

--- Q14 ---
  ematix-flow   290.48 ms ±  0.00  (1 rows)

--- Q10 ---
  ematix-flow  1626.94 ms ±  0.00  (381105 rows)

--- Q20 ---
  ematix-flow  1344.56 ms ±  0.00  (1804 rows)

--- Q21 ---
  ematix-flow  3120.12 ms ±  0.00  (4009 rows)

--- Q05 ---
  ematix-flow  1339.63 ms ±  0.00  (5 rows)

--- Q11 ---
  ematix-flow   185.66 ms ±  0.00  (8685 rows)

--- Q18 ---
  ematix-flow  5019.11 ms ±  0.00  (624 rows)

wrote bench-results/tput-rebaseline-2026-07-03/sf10-auto/ematix/s100/batch-1/stream-35.md
