=== TPC-H 22 triangulation bench ===
    data:    /Users/ryanevans/RustroverProjects/ematix-flow/examples/tpch/data/sf10
    queries: 22 ([20, 6, 14, 10, 21, 22, 12, 13, 1, 17, 2, 18, 7, 11, 8, 15, 16, 4, 9, 3, 19, 5])
    trials:  1 (after 0 warmups)
    output:  bench-results/tput-rebaseline-2026-07-03/sf10-auto/ematix/s100/batch-1/stream-1.md

    NOTE: single-invocation output is SMOKE-GRADE only. For win/loss
    claims use scripts/bench/strict_22q.sh / strict_ab.sh /
    strict_throughput.sh (see scripts/bench/README.md).

--- Q20 ---
  ematix-flow   271.13 ms ±  0.00  (1804 rows)

--- Q06 ---
  ematix-flow   129.67 ms ±  0.00  (1 rows)

--- Q14 ---
  ematix-flow   554.32 ms ±  0.00  (1 rows)

--- Q10 ---
  ematix-flow  1682.15 ms ±  0.00  (381105 rows)

--- Q21 ---
  ematix-flow  2262.69 ms ±  0.00  (4009 rows)

--- Q22 ---
  ematix-flow   384.57 ms ±  0.00  (7 rows)

--- Q12 ---
  ematix-flow   657.12 ms ±  0.00  (2 rows)

--- Q13 ---
  ematix-flow  1422.50 ms ±  0.00  (46 rows)

--- Q01 ---
  ematix-flow  3169.77 ms ±  0.00  (4 rows)

--- Q17 ---
  ematix-flow   785.33 ms ±  0.00  (1 rows)

--- Q02 ---
  ematix-flow   115.93 ms ±  0.00  (4667 rows)

--- Q18 ---
  ematix-flow  4439.05 ms ±  0.00  (624 rows)

--- Q07 ---
  ematix-flow  1182.18 ms ±  0.00  (4 rows)

--- Q11 ---
  ematix-flow   374.73 ms ±  0.00  (8685 rows)

--- Q08 ---
  ematix-flow  1551.91 ms ±  0.00  (2 rows)

--- Q15 ---
  ematix-flow   435.89 ms ±  0.00  (1 rows)

--- Q16 ---
  ematix-flow   925.28 ms ±  0.00  (27840 rows)

--- Q04 ---
  ematix-flow  1339.06 ms ±  0.00  (5 rows)

--- Q09 ---
  ematix-flow  4718.76 ms ±  0.00  (175 rows)

--- Q03 ---
  ematix-flow  1637.44 ms ±  0.00  (114003 rows)

--- Q19 ---
  ematix-flow   576.81 ms ±  0.00  (1 rows)

--- Q05 ---
  ematix-flow  1127.21 ms ±  0.00  (5 rows)

wrote bench-results/tput-rebaseline-2026-07-03/sf10-auto/ematix/s100/batch-1/stream-1.md
