=== TPC-H 22 triangulation bench ===
    data:    /Users/ryanevans/RustroverProjects/ematix-flow/examples/tpch/data/sf10
    queries: 22 ([2, 4, 15, 18, 17, 14, 21, 16, 3, 6, 5, 11, 19, 10, 12, 20, 8, 22, 1, 13, 9, 7])
    trials:  1 (after 0 warmups)
    output:  bench-results/tput-rebaseline-2026-07-03/sf10-auto/ematix/s100/batch-1/stream-39.md

    NOTE: single-invocation output is SMOKE-GRADE only. For win/loss
    claims use scripts/bench/strict_22q.sh / strict_ab.sh /
    strict_throughput.sh (see scripts/bench/README.md).

--- Q02 ---
  ematix-flow   103.20 ms ±  0.00  (4667 rows)

--- Q04 ---
  ematix-flow   727.30 ms ±  0.00  (5 rows)

--- Q15 ---
  ematix-flow   488.31 ms ±  0.00  (1 rows)

--- Q18 ---
  ematix-flow  2805.99 ms ±  0.00  (624 rows)

--- Q17 ---
  ematix-flow   775.84 ms ±  0.00  (1 rows)

--- Q14 ---
  ematix-flow   278.59 ms ±  0.00  (1 rows)

--- Q21 ---
  ematix-flow  3431.78 ms ±  0.00  (4009 rows)

--- Q16 ---
  ematix-flow   486.05 ms ±  0.00  (27840 rows)

--- Q03 ---
  ematix-flow   997.33 ms ±  0.00  (114003 rows)

--- Q06 ---
  ematix-flow   881.19 ms ±  0.00  (1 rows)

--- Q05 ---
  ematix-flow  1250.85 ms ±  0.00  (5 rows)

--- Q11 ---
  ematix-flow   187.08 ms ±  0.00  (8685 rows)

--- Q19 ---
  ematix-flow   669.16 ms ±  0.00  (1 rows)

--- Q10 ---
  ematix-flow  2561.33 ms ±  0.00  (381105 rows)

--- Q12 ---
  ematix-flow   892.89 ms ±  0.00  (2 rows)

--- Q20 ---
  ematix-flow  1165.99 ms ±  0.00  (1804 rows)

--- Q08 ---
  ematix-flow   992.61 ms ±  0.00  (2 rows)

--- Q22 ---
  ematix-flow   347.19 ms ±  0.00  (7 rows)

--- Q01 ---
  ematix-flow  3859.58 ms ±  0.00  (4 rows)

--- Q13 ---
  ematix-flow  2201.56 ms ±  0.00  (46 rows)

--- Q09 ---
  ematix-flow  4422.18 ms ±  0.00  (175 rows)

--- Q07 ---
  ematix-flow  1123.09 ms ±  0.00  (4 rows)

wrote bench-results/tput-rebaseline-2026-07-03/sf10-auto/ematix/s100/batch-1/stream-39.md
