=== TPC-H 22 triangulation bench ===
    data:    /Users/ryanevans/RustroverProjects/ematix-flow/examples/tpch/data/sf10
    queries: 22 ([6, 13, 22, 14, 3, 1, 16, 21, 7, 15, 5, 19, 11, 2, 12, 10, 18, 9, 8, 17, 20, 4])
    trials:  1 (after 0 warmups)
    output:  bench-results/tput-rebaseline-2026-07-03/sf10-auto/ematix/s100/batch-1/stream-14.md

    NOTE: single-invocation output is SMOKE-GRADE only. For win/loss
    claims use scripts/bench/strict_22q.sh / strict_ab.sh /
    strict_throughput.sh (see scripts/bench/README.md).

--- Q06 ---
  ematix-flow   306.69 ms ±  0.00  (1 rows)

--- Q13 ---
  ematix-flow  1626.74 ms ±  0.00  (46 rows)

--- Q22 ---
  ematix-flow   407.30 ms ±  0.00  (7 rows)

--- Q14 ---
  ematix-flow   300.15 ms ±  0.00  (1 rows)

--- Q03 ---
  ematix-flow   919.94 ms ±  0.00  (114003 rows)

--- Q01 ---
  ematix-flow  3102.54 ms ±  0.00  (4 rows)

--- Q16 ---
  ematix-flow   541.97 ms ±  0.00  (27840 rows)

--- Q21 ---
  ematix-flow  3295.45 ms ±  0.00  (4009 rows)

--- Q07 ---
  ematix-flow  1026.03 ms ±  0.00  (4 rows)

--- Q15 ---
  ematix-flow   468.24 ms ±  0.00  (1 rows)

--- Q05 ---
  ematix-flow  1103.77 ms ±  0.00  (5 rows)

--- Q19 ---
  ematix-flow   477.65 ms ±  0.00  (1 rows)

--- Q11 ---
  ematix-flow   119.62 ms ±  0.00  (8685 rows)

--- Q02 ---
  ematix-flow    91.60 ms ±  0.00  (4667 rows)

--- Q12 ---
  ematix-flow  1011.61 ms ±  0.00  (2 rows)

--- Q10 ---
  ematix-flow  2156.78 ms ±  0.00  (381105 rows)

--- Q18 ---
  ematix-flow  2990.53 ms ±  0.00  (624 rows)

--- Q09 ---
  ematix-flow  6248.39 ms ±  0.00  (175 rows)

--- Q08 ---
  ematix-flow  1738.70 ms ±  0.00  (2 rows)

--- Q17 ---
  ematix-flow   969.64 ms ±  0.00  (1 rows)

--- Q20 ---
  ematix-flow  1548.11 ms ±  0.00  (1804 rows)

--- Q04 ---
  ematix-flow   973.32 ms ±  0.00  (5 rows)

wrote bench-results/tput-rebaseline-2026-07-03/sf10-auto/ematix/s100/batch-1/stream-14.md
