=== TPC-H 22 triangulation bench ===
    data:    /Users/ryanevans/RustroverProjects/ematix-flow/examples/tpch/data/sf10
    queries: 22 ([18, 14, 8, 9, 10, 15, 20, 5, 16, 6, 17, 19, 3, 1, 22, 2, 21, 4, 7, 13, 11, 12])
    trials:  1 (after 0 warmups)
    output:  bench-results/tput-rebaseline-2026-07-03/sf10-auto/ematix/s100/batch-1/stream-96.md

    NOTE: single-invocation output is SMOKE-GRADE only. For win/loss
    claims use scripts/bench/strict_22q.sh / strict_ab.sh /
    strict_throughput.sh (see scripts/bench/README.md).

--- Q18 ---
  ematix-flow  3402.99 ms ±  0.00  (624 rows)

--- Q14 ---
  ematix-flow   291.86 ms ±  0.00  (1 rows)

--- Q08 ---
  ematix-flow  1123.89 ms ±  0.00  (2 rows)

--- Q09 ---
  ematix-flow  2865.84 ms ±  0.00  (175 rows)

--- Q10 ---
  ematix-flow  2334.48 ms ±  0.00  (381105 rows)

--- Q15 ---
  ematix-flow   396.24 ms ±  0.00  (1 rows)

--- Q20 ---
  ematix-flow  1065.03 ms ±  0.00  (1804 rows)

--- Q05 ---
  ematix-flow  1347.79 ms ±  0.00  (5 rows)

--- Q16 ---
  ematix-flow   531.94 ms ±  0.00  (27840 rows)

--- Q06 ---
  ematix-flow   648.25 ms ±  0.00  (1 rows)

--- Q17 ---
  ematix-flow   716.01 ms ±  0.00  (1 rows)

--- Q19 ---
  ematix-flow   505.55 ms ±  0.00  (1 rows)

--- Q03 ---
  ematix-flow  1254.62 ms ±  0.00  (114003 rows)

--- Q01 ---
  ematix-flow  3679.36 ms ±  0.00  (4 rows)

--- Q22 ---
  ematix-flow   392.90 ms ±  0.00  (7 rows)

--- Q02 ---
  ematix-flow   190.11 ms ±  0.00  (4667 rows)

--- Q21 ---
  ematix-flow  3958.44 ms ±  0.00  (4009 rows)

--- Q04 ---
  ematix-flow   655.90 ms ±  0.00  (5 rows)

--- Q07 ---
  ematix-flow   997.80 ms ±  0.00  (4 rows)

--- Q13 ---
  ematix-flow  1131.40 ms ±  0.00  (46 rows)

--- Q11 ---
  ematix-flow   178.51 ms ±  0.00  (8685 rows)

--- Q12 ---
  ematix-flow   731.52 ms ±  0.00  (2 rows)

wrote bench-results/tput-rebaseline-2026-07-03/sf10-auto/ematix/s100/batch-1/stream-96.md
