=== TPC-H 22 triangulation bench ===
    data:    /Users/ryanevans/RustroverProjects/ematix-flow/examples/tpch/data/sf10
    queries: 22 ([13, 19, 2, 3, 15, 17, 20, 16, 12, 22, 7, 5, 21, 8, 11, 1, 14, 10, 9, 4, 6, 18])
    trials:  1 (after 0 warmups)
    output:  bench-results/tput-rebaseline-2026-07-03/sf10-auto/ematix/s100/batch-1/stream-94.md

    NOTE: single-invocation output is SMOKE-GRADE only. For win/loss
    claims use scripts/bench/strict_22q.sh / strict_ab.sh /
    strict_throughput.sh (see scripts/bench/README.md).

--- Q13 ---
  ematix-flow  1683.16 ms ±  0.00  (46 rows)

--- Q19 ---
  ematix-flow   527.21 ms ±  0.00  (1 rows)

--- Q02 ---
  ematix-flow   117.13 ms ±  0.00  (4667 rows)

--- Q03 ---
  ematix-flow  1189.81 ms ±  0.00  (114003 rows)

--- Q15 ---
  ematix-flow   394.99 ms ±  0.00  (1 rows)

--- Q17 ---
  ematix-flow   797.02 ms ±  0.00  (1 rows)

--- Q20 ---
  ematix-flow  1323.84 ms ±  0.00  (1804 rows)

--- Q16 ---
  ematix-flow   323.24 ms ±  0.00  (27840 rows)

--- Q12 ---
  ematix-flow   742.19 ms ±  0.00  (2 rows)

--- Q22 ---
  ematix-flow   425.82 ms ±  0.00  (7 rows)

--- Q07 ---
  ematix-flow  1261.51 ms ±  0.00  (4 rows)

--- Q05 ---
  ematix-flow  1462.66 ms ±  0.00  (5 rows)

--- Q21 ---
  ematix-flow  3141.98 ms ±  0.00  (4009 rows)

--- Q08 ---
  ematix-flow  1150.33 ms ±  0.00  (2 rows)

--- Q11 ---
  ematix-flow    89.79 ms ±  0.00  (8685 rows)

--- Q01 ---
  ematix-flow  3144.64 ms ±  0.00  (4 rows)

--- Q14 ---
  ematix-flow   397.10 ms ±  0.00  (1 rows)

--- Q10 ---
  ematix-flow  2207.14 ms ±  0.00  (381105 rows)

--- Q09 ---
  ematix-flow  5042.39 ms ±  0.00  (175 rows)

--- Q04 ---
  ematix-flow   610.26 ms ±  0.00  (5 rows)

--- Q06 ---
  ematix-flow   154.73 ms ±  0.00  (1 rows)

--- Q18 ---
  ematix-flow  3266.64 ms ±  0.00  (624 rows)

wrote bench-results/tput-rebaseline-2026-07-03/sf10-auto/ematix/s100/batch-1/stream-94.md
