=== TPC-H 22 triangulation bench ===
    data:    /Users/ryanevans/RustroverProjects/ematix-flow/examples/tpch/data/sf10
    queries: 22 ([8, 6, 10, 19, 21, 7, 15, 14, 22, 11, 3, 12, 20, 9, 17, 18, 2, 5, 13, 4, 16, 1])
    trials:  1 (after 0 warmups)
    output:  bench-results/tput-rebaseline-2026-07-03/sf10-auto/ematix/s100/batch-1/stream-31.md

    NOTE: single-invocation output is SMOKE-GRADE only. For win/loss
    claims use scripts/bench/strict_22q.sh / strict_ab.sh /
    strict_throughput.sh (see scripts/bench/README.md).

--- Q08 ---
  ematix-flow   950.49 ms ±  0.00  (2 rows)

--- Q06 ---
  ematix-flow   412.73 ms ±  0.00  (1 rows)

--- Q10 ---
  ematix-flow  1653.31 ms ±  0.00  (381105 rows)

--- Q19 ---
  ematix-flow   479.45 ms ±  0.00  (1 rows)

--- Q21 ---
  ematix-flow  2193.72 ms ±  0.00  (4009 rows)

--- Q07 ---
  ematix-flow   919.25 ms ±  0.00  (4 rows)

--- Q15 ---
  ematix-flow   368.56 ms ±  0.00  (1 rows)

--- Q14 ---
  ematix-flow   241.39 ms ±  0.00  (1 rows)

--- Q22 ---
  ematix-flow   378.48 ms ±  0.00  (7 rows)

--- Q11 ---
  ematix-flow   183.79 ms ±  0.00  (8685 rows)

--- Q03 ---
  ematix-flow  1431.83 ms ±  0.00  (114003 rows)

--- Q12 ---
  ematix-flow   862.19 ms ±  0.00  (2 rows)

--- Q20 ---
  ematix-flow  1306.69 ms ±  0.00  (1804 rows)

--- Q09 ---
  ematix-flow  5801.75 ms ±  0.00  (175 rows)

--- Q17 ---
  ematix-flow  1114.24 ms ±  0.00  (1 rows)

--- Q18 ---
  ematix-flow  3686.94 ms ±  0.00  (624 rows)

--- Q02 ---
  ematix-flow   209.02 ms ±  0.00  (4667 rows)

--- Q05 ---
  ematix-flow  1349.67 ms ±  0.00  (5 rows)

--- Q13 ---
  ematix-flow  1134.68 ms ±  0.00  (46 rows)

--- Q04 ---
  ematix-flow  1277.17 ms ±  0.00  (5 rows)

--- Q16 ---
  ematix-flow   834.32 ms ±  0.00  (27840 rows)

--- Q01 ---
  ematix-flow  4270.78 ms ±  0.00  (4 rows)

wrote bench-results/tput-rebaseline-2026-07-03/sf10-auto/ematix/s100/batch-1/stream-31.md
