=== TPC-H 22 triangulation bench ===
    data:    /Users/ryanevans/RustroverProjects/ematix-flow/examples/tpch/data/sf10
    queries: 22 ([15, 8, 6, 18, 3, 12, 14, 4, 11, 22, 17, 20, 19, 5, 21, 9, 2, 16, 10, 7, 1, 13])
    trials:  1 (after 0 warmups)
    output:  bench-results/tput-rebaseline-2026-07-03/sf10-auto/ematix/s100/batch-1/stream-25.md

    NOTE: single-invocation output is SMOKE-GRADE only. For win/loss
    claims use scripts/bench/strict_22q.sh / strict_ab.sh /
    strict_throughput.sh (see scripts/bench/README.md).

--- Q15 ---
  ematix-flow   492.67 ms ±  0.00  (1 rows)

--- Q08 ---
  ematix-flow  1274.63 ms ±  0.00  (2 rows)

--- Q06 ---
  ematix-flow   251.73 ms ±  0.00  (1 rows)

--- Q18 ---
  ematix-flow  2947.03 ms ±  0.00  (624 rows)

--- Q03 ---
  ematix-flow  1240.37 ms ±  0.00  (114003 rows)

--- Q12 ---
  ematix-flow   747.70 ms ±  0.00  (2 rows)

--- Q14 ---
  ematix-flow   259.16 ms ±  0.00  (1 rows)

--- Q04 ---
  ematix-flow  1134.21 ms ±  0.00  (5 rows)

--- Q11 ---
  ematix-flow   110.37 ms ±  0.00  (8685 rows)

--- Q22 ---
  ematix-flow   556.15 ms ±  0.00  (7 rows)

--- Q17 ---
  ematix-flow   825.02 ms ±  0.00  (1 rows)

--- Q20 ---
  ematix-flow  1224.41 ms ±  0.00  (1804 rows)

--- Q19 ---
  ematix-flow   496.54 ms ±  0.00  (1 rows)

--- Q05 ---
  ematix-flow  1117.55 ms ±  0.00  (5 rows)

--- Q21 ---
  ematix-flow  3295.00 ms ±  0.00  (4009 rows)

--- Q09 ---
  ematix-flow  5191.60 ms ±  0.00  (175 rows)

--- Q02 ---
  ematix-flow   272.04 ms ±  0.00  (4667 rows)

--- Q16 ---
  ematix-flow   431.30 ms ±  0.00  (27840 rows)

--- Q10 ---
  ematix-flow  1622.08 ms ±  0.00  (381105 rows)

--- Q07 ---
  ematix-flow   936.62 ms ±  0.00  (4 rows)

--- Q01 ---
  ematix-flow  3534.29 ms ±  0.00  (4 rows)

--- Q13 ---
  ematix-flow  1173.29 ms ±  0.00  (46 rows)

wrote bench-results/tput-rebaseline-2026-07-03/sf10-auto/ematix/s100/batch-1/stream-25.md
