=== TPC-H 22 triangulation bench ===
    data:    /Users/ryanevans/RustroverProjects/ematix-flow/examples/tpch/data/sf10
    queries: 22 ([21, 9, 18, 8, 6, 12, 10, 7, 1, 22, 19, 20, 14, 4, 11, 17, 2, 13, 5, 3, 15, 16])
    trials:  1 (after 0 warmups)
    output:  bench-results/tput-rebaseline-2026-07-03/sf10-auto/ematix/s100/batch-1/stream-83.md

    NOTE: single-invocation output is SMOKE-GRADE only. For win/loss
    claims use scripts/bench/strict_22q.sh / strict_ab.sh /
    strict_throughput.sh (see scripts/bench/README.md).

--- Q21 ---
  ematix-flow  3227.07 ms ±  0.00  (4009 rows)

--- Q09 ---
  ematix-flow  3089.03 ms ±  0.00  (175 rows)

--- Q18 ---
  ematix-flow  2791.51 ms ±  0.00  (624 rows)

--- Q08 ---
  ematix-flow  1125.28 ms ±  0.00  (2 rows)

--- Q06 ---
  ematix-flow   291.70 ms ±  0.00  (1 rows)

--- Q12 ---
  ematix-flow   815.66 ms ±  0.00  (2 rows)

--- Q10 ---
  ematix-flow  1898.68 ms ±  0.00  (381105 rows)

--- Q07 ---
  ematix-flow  1014.99 ms ±  0.00  (4 rows)

--- Q01 ---
  ematix-flow  2652.36 ms ±  0.00  (4 rows)

--- Q22 ---
  ematix-flow   722.31 ms ±  0.00  (7 rows)

--- Q19 ---
  ematix-flow   562.67 ms ±  0.00  (1 rows)

--- Q20 ---
  ematix-flow  1670.55 ms ±  0.00  (1804 rows)

--- Q14 ---
  ematix-flow   415.98 ms ±  0.00  (1 rows)

--- Q04 ---
  ematix-flow  1491.54 ms ±  0.00  (5 rows)

--- Q11 ---
  ematix-flow   245.33 ms ±  0.00  (8685 rows)

--- Q17 ---
  ematix-flow   843.49 ms ±  0.00  (1 rows)

--- Q02 ---
  ematix-flow   170.83 ms ±  0.00  (4667 rows)

--- Q13 ---
  ematix-flow  1508.37 ms ±  0.00  (46 rows)

--- Q05 ---
  ematix-flow  1135.89 ms ±  0.00  (5 rows)

--- Q03 ---
  ematix-flow  1096.80 ms ±  0.00  (114003 rows)

--- Q15 ---
  ematix-flow   566.42 ms ±  0.00  (1 rows)

--- Q16 ---
  ematix-flow   675.78 ms ±  0.00  (27840 rows)

wrote bench-results/tput-rebaseline-2026-07-03/sf10-auto/ematix/s100/batch-1/stream-83.md
