=== TPC-H 22 triangulation bench ===
    data:    /Users/ryanevans/RustroverProjects/ematix-flow/examples/tpch/data/sf10
    queries: 22 ([4, 16, 21, 5, 1, 14, 12, 19, 2, 3, 10, 11, 8, 9, 13, 6, 7, 17, 20, 22, 18, 15])
    trials:  1 (after 0 warmups)
    output:  bench-results/tput-rebaseline-2026-07-03/sf10-auto/ematix/s100/batch-1/stream-11.md

    NOTE: single-invocation output is SMOKE-GRADE only. For win/loss
    claims use scripts/bench/strict_22q.sh / strict_ab.sh /
    strict_throughput.sh (see scripts/bench/README.md).

--- Q04 ---
  ematix-flow   918.98 ms ±  0.00  (5 rows)

--- Q16 ---
  ematix-flow   522.23 ms ±  0.00  (27840 rows)

--- Q21 ---
  ematix-flow  2645.02 ms ±  0.00  (4009 rows)

--- Q05 ---
  ematix-flow  1188.08 ms ±  0.00  (5 rows)

--- Q01 ---
  ematix-flow  3044.00 ms ±  0.00  (4 rows)

--- Q14 ---
  ematix-flow   396.16 ms ±  0.00  (1 rows)

--- Q12 ---
  ematix-flow   621.69 ms ±  0.00  (2 rows)

--- Q19 ---
  ematix-flow   438.36 ms ±  0.00  (1 rows)

--- Q02 ---
  ematix-flow   101.22 ms ±  0.00  (4667 rows)

--- Q03 ---
  ematix-flow  1471.96 ms ±  0.00  (114003 rows)

--- Q10 ---
  ematix-flow  1743.83 ms ±  0.00  (381105 rows)

--- Q11 ---
  ematix-flow   149.03 ms ±  0.00  (8685 rows)

--- Q08 ---
  ematix-flow  1058.19 ms ±  0.00  (2 rows)

--- Q09 ---
  ematix-flow  3903.32 ms ±  0.00  (175 rows)

--- Q13 ---
  ematix-flow  1167.52 ms ±  0.00  (46 rows)

--- Q06 ---
  ematix-flow   357.34 ms ±  0.00  (1 rows)

--- Q07 ---
  ematix-flow  1195.47 ms ±  0.00  (4 rows)

--- Q17 ---
  ematix-flow   836.68 ms ±  0.00  (1 rows)

--- Q20 ---
  ematix-flow  1141.66 ms ±  0.00  (1804 rows)

--- Q22 ---
  ematix-flow   450.75 ms ±  0.00  (7 rows)

--- Q18 ---
  ematix-flow  7194.63 ms ±  0.00  (624 rows)

--- Q15 ---
  ematix-flow   511.54 ms ±  0.00  (1 rows)

wrote bench-results/tput-rebaseline-2026-07-03/sf10-auto/ematix/s100/batch-1/stream-11.md
