=== TPC-H 22 triangulation bench ===
    data:    /Users/ryanevans/RustroverProjects/ematix-flow/examples/tpch/data/sf100
    queries: 22 ([19, 22, 14, 11, 5, 18, 8, 16, 7, 20, 13, 1, 15, 4, 17, 9, 10, 6, 12, 21, 3, 2])
    trials:  1 (after 0 warmups)
    output:  bench-results/sched-arc-2026-07-03/sf100-final/ematix/s10/batch-4/stream-2.md

    NOTE: single-invocation output is SMOKE-GRADE only. For win/loss
    claims use scripts/bench/strict_22q.sh / strict_ab.sh /
    strict_throughput.sh (see scripts/bench/README.md).

--- Q19 ---
  ematix-flow  2308.93 ms ±  0.00  (1 rows)

--- Q22 ---
  ematix-flow  1244.39 ms ±  0.00  (7 rows)

--- Q14 ---
  ematix-flow  2349.08 ms ±  0.00  (1 rows)

--- Q11 ---
  ematix-flow   614.53 ms ±  0.00  (92698 rows)

--- Q05 ---
  ematix-flow  4718.37 ms ±  0.00  (5 rows)

--- Q18 ---
  ematix-flow  9321.26 ms ±  0.00  (6398 rows)

--- Q08 ---
  ematix-flow  5654.15 ms ±  0.00  (2 rows)

--- Q16 ---
  ematix-flow  1085.32 ms ±  0.00  (27840 rows)

--- Q07 ---
  ematix-flow  6698.24 ms ±  0.00  (4 rows)

--- Q20 ---
  ematix-flow  5739.28 ms ±  0.00  (17971 rows)

--- Q13 ---
  ematix-flow  4758.58 ms ±  0.00  (45 rows)

--- Q01 ---
  ematix-flow  5690.59 ms ±  0.00  (4 rows)

--- Q15 ---
  ematix-flow  2784.36 ms ±  0.00  (1 rows)

--- Q04 ---
  ematix-flow  2352.43 ms ±  0.00  (5 rows)

--- Q17 ---
  ematix-flow  3480.70 ms ±  0.00  (1 rows)

--- Q09 ---
  ematix-flow  12744.74 ms ±  0.00  (175 rows)

--- Q10 ---
  ematix-flow  6708.02 ms ±  0.00  (3884218 rows)

--- Q06 ---
  ematix-flow  1280.23 ms ±  0.00  (1 rows)

--- Q12 ---
  ematix-flow  3701.79 ms ±  0.00  (2 rows)

--- Q21 ---
  ematix-flow  18303.40 ms ±  0.00  (39950 rows)

--- Q03 ---
  ematix-flow  5003.59 ms ±  0.00  (1131041 rows)

--- Q02 ---
  ematix-flow   730.43 ms ±  0.00  (47107 rows)

wrote bench-results/sched-arc-2026-07-03/sf100-final/ematix/s10/batch-4/stream-2.md
