=== TPC-H 22 triangulation bench ===
    data:    /Users/ryanevans/RustroverProjects/ematix-flow/examples/tpch/data/sf100
    queries: 22 ([2, 14, 17, 6, 11, 7, 20, 13, 15, 4, 9, 21, 22, 1, 10, 3, 16, 12, 5, 18, 19, 8])
    trials:  1 (after 0 warmups)
    output:  bench-results/tput-rebaseline-2026-07-03/sf100-auto/ematix/s10/batch-3/stream-3.md

    NOTE: single-invocation output is SMOKE-GRADE only. For win/loss
    claims use scripts/bench/strict_22q.sh / strict_ab.sh /
    strict_throughput.sh (see scripts/bench/README.md).

--- Q02 ---
  ematix-flow   763.88 ms ±  0.00  (47107 rows)

--- Q14 ---
  ematix-flow  2965.54 ms ±  0.00  (1 rows)

--- Q17 ---
  ematix-flow  3875.94 ms ±  0.00  (1 rows)

--- Q06 ---
  ematix-flow   893.62 ms ±  0.00  (1 rows)

--- Q11 ---
  ematix-flow   679.02 ms ±  0.00  (92698 rows)

--- Q07 ---
  ematix-flow  3801.51 ms ±  0.00  (4 rows)

--- Q20 ---
  ematix-flow  3524.71 ms ±  0.00  (17971 rows)

--- Q13 ---
  ematix-flow  3957.92 ms ±  0.00  (45 rows)

--- Q15 ---
  ematix-flow  2076.50 ms ±  0.00  (1 rows)

--- Q04 ---
  ematix-flow  2808.94 ms ±  0.00  (5 rows)

--- Q09 ---
  ematix-flow  10640.28 ms ±  0.00  (175 rows)

--- Q21 ---
  ematix-flow  12111.76 ms ±  0.00  (39950 rows)

--- Q22 ---
  ematix-flow  1280.44 ms ±  0.00  (7 rows)

--- Q01 ---
  ematix-flow  6997.18 ms ±  0.00  (4 rows)

--- Q10 ---
  ematix-flow  5400.75 ms ±  0.00  (3884218 rows)

--- Q03 ---
  ematix-flow  6535.99 ms ±  0.00  (1131041 rows)

--- Q16 ---
  ematix-flow  2085.92 ms ±  0.00  (27840 rows)

--- Q12 ---
  ematix-flow  3285.71 ms ±  0.00  (2 rows)

--- Q05 ---
  ematix-flow  3866.92 ms ±  0.00  (5 rows)

--- Q18 ---
  ematix-flow  19095.74 ms ±  0.00  (6398 rows)

--- Q19 ---
  ematix-flow  3147.79 ms ±  0.00  (1 rows)

--- Q08 ---
  ematix-flow  4357.53 ms ±  0.00  (2 rows)

wrote bench-results/tput-rebaseline-2026-07-03/sf100-auto/ematix/s10/batch-3/stream-3.md
