=== TPC-H 22 triangulation bench ===
    data:    /Users/ryanevans/RustroverProjects/ematix-flow/examples/tpch/data/sf100
    queries: 22 ([4, 13, 6, 17, 21, 10, 12, 22, 9, 18, 3, 11, 5, 8, 20, 15, 7, 1, 16, 14, 2, 19])
    trials:  1 (after 0 warmups)
    output:  bench-results/tput-rebaseline-2026-07-03/sf100-auto/ematix/s10/batch-3/stream-10.md

    NOTE: single-invocation output is SMOKE-GRADE only. For win/loss
    claims use scripts/bench/strict_22q.sh / strict_ab.sh /
    strict_throughput.sh (see scripts/bench/README.md).

--- Q04 ---
  ematix-flow  2499.60 ms ±  0.00  (5 rows)

--- Q13 ---
  ematix-flow  4655.42 ms ±  0.00  (45 rows)

--- Q06 ---
  ematix-flow   875.05 ms ±  0.00  (1 rows)

--- Q17 ---
  ematix-flow  4189.56 ms ±  0.00  (1 rows)

--- Q21 ---
  ematix-flow  9133.17 ms ±  0.00  (39950 rows)

--- Q10 ---
  ematix-flow  1740.92 ms ±  0.00  (3884218 rows)

--- Q12 ---
  ematix-flow   924.11 ms ±  0.00  (2 rows)

--- Q22 ---
  ematix-flow   428.47 ms ±  0.00  (7 rows)

--- Q09 ---
  ematix-flow  2861.10 ms ±  0.00  (175 rows)

--- Q18 ---
  ematix-flow  2056.39 ms ±  0.00  (6398 rows)

--- Q03 ---
  ematix-flow  1443.88 ms ±  0.00  (1131041 rows)

--- Q11 ---
  ematix-flow   218.61 ms ±  0.00  (92698 rows)

--- Q05 ---
  ematix-flow  1371.40 ms ±  0.00  (5 rows)

--- Q08 ---
  ematix-flow  1575.74 ms ±  0.00  (2 rows)

--- Q20 ---
  ematix-flow  1122.18 ms ±  0.00  (17971 rows)

--- Q15 ---
  ematix-flow   744.87 ms ±  0.00  (1 rows)

--- Q07 ---
  ematix-flow  1353.85 ms ±  0.00  (4 rows)

--- Q01 ---
  ematix-flow  2295.49 ms ±  0.00  (4 rows)

--- Q16 ---
  ematix-flow   410.62 ms ±  0.00  (27840 rows)

--- Q14 ---
  ematix-flow   759.16 ms ±  0.00  (1 rows)

--- Q02 ---
  ematix-flow   228.44 ms ±  0.00  (47107 rows)

--- Q19 ---
  ematix-flow  1098.90 ms ±  0.00  (1 rows)

wrote bench-results/tput-rebaseline-2026-07-03/sf100-auto/ematix/s10/batch-3/stream-10.md
