=== TPC-H 22 triangulation bench ===
    data:    /Users/ryanevans/RustroverProjects/ematix-flow/examples/tpch/data/sf10
    queries: 22 ([21, 13, 19, 22, 10, 14, 5, 7, 4, 16, 6, 2, 3, 18, 11, 8, 15, 1, 17, 12, 9, 20])
    trials:  1 (after 0 warmups)
    output:  bench-results/tput-rebaseline-2026-07-03/sf10-s10-legacy/ematix/s10/batch-4/stream-5.md

    NOTE: single-invocation output is SMOKE-GRADE only. For win/loss
    claims use scripts/bench/strict_22q.sh / strict_ab.sh /
    strict_throughput.sh (see scripts/bench/README.md).

--- Q21 ---
  ematix-flow  1839.61 ms ±  0.00  (4009 rows)

--- Q13 ---
  ematix-flow  3348.92 ms ±  0.00  (46 rows)

--- Q19 ---
  ematix-flow   548.61 ms ±  0.00  (1 rows)

--- Q22 ---
  ematix-flow  1839.98 ms ±  0.00  (7 rows)

--- Q10 ---
  ematix-flow  3782.99 ms ±  0.00  (381105 rows)

--- Q14 ---
  ematix-flow   522.24 ms ±  0.00  (1 rows)

--- Q05 ---
  ematix-flow  3786.53 ms ±  0.00  (5 rows)

--- Q07 ---
  ematix-flow  2055.55 ms ±  0.00  (4 rows)

--- Q04 ---
  ematix-flow  1690.28 ms ±  0.00  (5 rows)

--- Q16 ---
  ematix-flow  1311.98 ms ±  0.00  (27840 rows)

--- Q06 ---
  ematix-flow  2428.80 ms ±  0.00  (1 rows)

--- Q02 ---
  ematix-flow   798.46 ms ±  0.00  (4667 rows)

--- Q03 ---
  ematix-flow  3297.31 ms ±  0.00  (114003 rows)

--- Q18 ---
  ematix-flow  11475.14 ms ±  0.00  (624 rows)

--- Q11 ---
  ematix-flow   650.31 ms ±  0.00  (8685 rows)

--- Q08 ---
  ematix-flow  9039.47 ms ±  0.00  (2 rows)

--- Q15 ---
  ematix-flow   735.19 ms ±  0.00  (1 rows)

--- Q01 ---
  ematix-flow  4317.61 ms ±  0.00  (4 rows)

--- Q17 ---
  ematix-flow  2174.33 ms ±  0.00  (1 rows)

--- Q12 ---
  ematix-flow   938.00 ms ±  0.00  (2 rows)

--- Q09 ---
  ematix-flow  9378.65 ms ±  0.00  (175 rows)

--- Q20 ---
  ematix-flow  1659.98 ms ±  0.00  (1804 rows)

wrote bench-results/tput-rebaseline-2026-07-03/sf10-s10-legacy/ematix/s10/batch-4/stream-5.md
