=== TPC-H 22 triangulation bench ===
    data:    /Users/ryanevans/RustroverProjects/ematix-flow/examples/tpch/data/sf10
    queries: 22 ([19, 22, 14, 11, 5, 18, 8, 16, 7, 20, 13, 1, 15, 4, 17, 9, 10, 6, 12, 21, 3, 2])
    trials:  1 (after 0 warmups)
    output:  bench-results/tput-rebaseline-2026-07-03/sf10-s10-legacy/ematix/s10/batch-4/stream-2.md

    NOTE: single-invocation output is SMOKE-GRADE only. For win/loss
    claims use scripts/bench/strict_22q.sh / strict_ab.sh /
    strict_throughput.sh (see scripts/bench/README.md).

--- Q19 ---
  ematix-flow   206.12 ms ±  0.00  (1 rows)

--- Q22 ---
  ematix-flow   257.70 ms ±  0.00  (7 rows)

--- Q14 ---
  ematix-flow   352.54 ms ±  0.00  (1 rows)

--- Q11 ---
  ematix-flow   267.80 ms ±  0.00  (8685 rows)

--- Q05 ---
  ematix-flow  1040.68 ms ±  0.00  (5 rows)

--- Q18 ---
  ematix-flow  7233.59 ms ±  0.00  (624 rows)

--- Q08 ---
  ematix-flow  2584.11 ms ±  0.00  (2 rows)

--- Q16 ---
  ematix-flow  1824.59 ms ±  0.00  (27840 rows)

--- Q07 ---
  ematix-flow  3633.30 ms ±  0.00  (4 rows)

--- Q20 ---
  ematix-flow  2984.57 ms ±  0.00  (1804 rows)

--- Q13 ---
  ematix-flow  4945.02 ms ±  0.00  (46 rows)

--- Q01 ---
  ematix-flow  3497.71 ms ±  0.00  (4 rows)

--- Q15 ---
  ematix-flow   726.30 ms ±  0.00  (1 rows)

--- Q04 ---
  ematix-flow  1503.18 ms ±  0.00  (5 rows)

--- Q17 ---
  ematix-flow  3640.74 ms ±  0.00  (1 rows)

--- Q09 ---
  ematix-flow  19164.07 ms ±  0.00  (175 rows)

--- Q10 ---
  ematix-flow  6315.74 ms ±  0.00  (381105 rows)

--- Q06 ---
  ematix-flow  1706.41 ms ±  0.00  (1 rows)

--- Q12 ---
  ematix-flow  1107.95 ms ±  0.00  (2 rows)

--- Q21 ---
  ematix-flow  7408.78 ms ±  0.00  (4009 rows)

--- Q03 ---
  ematix-flow  1140.07 ms ±  0.00  (114003 rows)

--- Q02 ---
  ematix-flow   154.07 ms ±  0.00  (4667 rows)

wrote bench-results/tput-rebaseline-2026-07-03/sf10-s10-legacy/ematix/s10/batch-4/stream-2.md
