=== TPC-H 22 triangulation bench ===
    data:    /Users/ryanevans/RustroverProjects/ematix-flow/examples/tpch/data/sf10
    queries: 22 ([4, 13, 6, 17, 21, 10, 12, 22, 9, 18, 3, 11, 5, 8, 20, 15, 7, 1, 16, 14, 2, 19])
    trials:  1 (after 0 warmups)
    output:  bench-results/sched-diag-2026-07-03/p4/ematix/s10/batch-2/stream-10.md

    NOTE: single-invocation output is SMOKE-GRADE only. For win/loss
    claims use scripts/bench/strict_22q.sh / strict_ab.sh /
    strict_throughput.sh (see scripts/bench/README.md).

--- Q04 ---
  ematix-flow   720.46 ms ±  0.00  (5 rows)

--- Q13 ---
  ematix-flow  1359.58 ms ±  0.00  (46 rows)

--- Q06 ---
  ematix-flow   140.40 ms ±  0.00  (1 rows)

--- Q17 ---
  ematix-flow   867.69 ms ±  0.00  (1 rows)

--- Q21 ---
  ematix-flow  2903.56 ms ±  0.00  (4009 rows)

--- Q10 ---
  ematix-flow  1834.45 ms ±  0.00  (381105 rows)

--- Q12 ---
  ematix-flow   719.56 ms ±  0.00  (2 rows)

--- Q22 ---
  ematix-flow   393.20 ms ±  0.00  (7 rows)

--- Q09 ---
  ematix-flow  2869.31 ms ±  0.00  (175 rows)

--- Q18 ---
  ematix-flow  7251.46 ms ±  0.00  (624 rows)

--- Q03 ---
  ematix-flow  2051.96 ms ±  0.00  (114003 rows)

--- Q11 ---
  ematix-flow   253.58 ms ±  0.00  (8685 rows)

--- Q05 ---
  ematix-flow  1401.56 ms ±  0.00  (5 rows)

--- Q08 ---
  ematix-flow   932.00 ms ±  0.00  (2 rows)

--- Q20 ---
  ematix-flow  1660.97 ms ±  0.00  (1804 rows)

--- Q15 ---
  ematix-flow   577.39 ms ±  0.00  (1 rows)

--- Q07 ---
  ematix-flow  1774.78 ms ±  0.00  (4 rows)

--- Q01 ---
  ematix-flow  3387.49 ms ±  0.00  (4 rows)

--- Q16 ---
  ematix-flow   488.52 ms ±  0.00  (27840 rows)

--- Q14 ---
  ematix-flow   262.43 ms ±  0.00  (1 rows)

--- Q02 ---
  ematix-flow    62.75 ms ±  0.00  (4667 rows)

--- Q19 ---
  ematix-flow   250.52 ms ±  0.00  (1 rows)

wrote bench-results/sched-diag-2026-07-03/p4/ematix/s10/batch-2/stream-10.md
