=== TPC-H 22 triangulation bench ===
    data:    /Users/ryanevans/RustroverProjects/ematix-flow/examples/tpch/data/sf10
    queries: 22 ([20, 2, 13, 7, 1, 10, 22, 3, 21, 9, 18, 6, 11, 12, 5, 16, 14, 8, 19, 4, 17, 15])
    trials:  1 (after 0 warmups)
    output:  /Users/ryanevans/RustroverProjects/ematix-flow/bench-results/campaign-2026-07-01/tput-sf10/duckdb/s100/batch-1/stream-68.md

    NOTE: single-invocation output is SMOKE-GRADE only. For win/loss
    claims use scripts/bench/strict_22q.sh / strict_ab.sh /
    strict_throughput.sh (see scripts/bench/README.md).

--- Q20 ---
  DuckDB        846.63 ms ±  0.00  (1804 rows)

--- Q02 ---
  DuckDB        239.14 ms ±  0.00  (4667 rows)

--- Q13 ---
  DuckDB       1943.94 ms ±  0.00  (46 rows)

--- Q07 ---
  DuckDB       1041.67 ms ±  0.00  (4 rows)

--- Q01 ---
  DuckDB       2089.45 ms ±  0.00  (4 rows)

--- Q10 ---
  DuckDB       1772.48 ms ±  0.00  (381105 rows)

--- Q22 ---
  DuckDB        392.79 ms ±  0.00  (7 rows)

--- Q03 ---
  DuckDB       1081.36 ms ±  0.00  (114003 rows)

--- Q21 ---
  DuckDB       3030.96 ms ±  0.00  (4009 rows)

--- Q09 ---
  DuckDB       2233.35 ms ±  0.00  (175 rows)

--- Q18 ---
  DuckDB       1627.70 ms ±  0.00  (624 rows)

--- Q06 ---
  DuckDB        553.29 ms ±  0.00  (1 rows)

--- Q11 ---
  DuckDB        133.42 ms ±  0.00  (8685 rows)

--- Q12 ---
  DuckDB        841.05 ms ±  0.00  (2 rows)

--- Q05 ---
  DuckDB       1153.03 ms ±  0.00  (5 rows)

--- Q16 ---
  DuckDB        279.46 ms ±  0.00  (27840 rows)

--- Q14 ---
  DuckDB        941.01 ms ±  0.00  (1 rows)

--- Q08 ---
  DuckDB       1188.11 ms ±  0.00  (2 rows)

--- Q19 ---
  DuckDB       1385.17 ms ±  0.00  (1 rows)

--- Q04 ---
  DuckDB        569.16 ms ±  0.00  (5 rows)

--- Q17 ---
  DuckDB       1111.78 ms ±  0.00  (1 rows)

--- Q15 ---
  DuckDB        449.76 ms ±  0.00  (1 rows)

wrote /Users/ryanevans/RustroverProjects/ematix-flow/bench-results/campaign-2026-07-01/tput-sf10/duckdb/s100/batch-1/stream-68.md
