=== TPC-H 22 triangulation bench ===
    data:    /Users/ryanevans/RustroverProjects/ematix-flow/examples/tpch/data/sf10
    queries: 22 ([21, 9, 18, 8, 6, 12, 10, 7, 1, 22, 19, 20, 14, 4, 11, 17, 2, 13, 5, 3, 15, 16])
    trials:  1 (after 0 warmups)
    output:  /Users/ryanevans/RustroverProjects/ematix-flow/bench-results/campaign-2026-07-01/tput-sf10/duckdb/s100/batch-1/stream-83.md

    NOTE: single-invocation output is SMOKE-GRADE only. For win/loss
    claims use scripts/bench/strict_22q.sh / strict_ab.sh /
    strict_throughput.sh (see scripts/bench/README.md).

--- Q21 ---
  DuckDB       2847.67 ms ±  0.00  (4009 rows)

--- Q09 ---
  DuckDB       2442.36 ms ±  0.00  (175 rows)

--- Q18 ---
  DuckDB       1901.74 ms ±  0.00  (624 rows)

--- Q08 ---
  DuckDB       1308.75 ms ±  0.00  (2 rows)

--- Q06 ---
  DuckDB        512.21 ms ±  0.00  (1 rows)

--- Q12 ---
  DuckDB        635.58 ms ±  0.00  (2 rows)

--- Q10 ---
  DuckDB       1833.18 ms ±  0.00  (381105 rows)

--- Q07 ---
  DuckDB        982.46 ms ±  0.00  (4 rows)

--- Q01 ---
  DuckDB       2225.10 ms ±  0.00  (4 rows)

--- Q22 ---
  DuckDB        285.40 ms ±  0.00  (7 rows)

--- Q19 ---
  DuckDB       1413.09 ms ±  0.00  (1 rows)

--- Q20 ---
  DuckDB       1020.23 ms ±  0.00  (1804 rows)

--- Q14 ---
  DuckDB        765.64 ms ±  0.00  (1 rows)

--- Q04 ---
  DuckDB        791.19 ms ±  0.00  (5 rows)

--- Q11 ---
  DuckDB        130.59 ms ±  0.00  (8685 rows)

--- Q17 ---
  DuckDB       1203.82 ms ±  0.00  (1 rows)

--- Q02 ---
  DuckDB        271.46 ms ±  0.00  (4667 rows)

--- Q13 ---
  DuckDB       1824.24 ms ±  0.00  (46 rows)

--- Q05 ---
  DuckDB        893.43 ms ±  0.00  (5 rows)

--- Q03 ---
  DuckDB       1158.69 ms ±  0.00  (114003 rows)

--- Q15 ---
  DuckDB        560.76 ms ±  0.00  (1 rows)

--- Q16 ---
  DuckDB        281.81 ms ±  0.00  (27840 rows)

wrote /Users/ryanevans/RustroverProjects/ematix-flow/bench-results/campaign-2026-07-01/tput-sf10/duckdb/s100/batch-1/stream-83.md
