=== TPC-H 22 triangulation bench ===
    data:    /Users/ryanevans/RustroverProjects/ematix-flow/examples/tpch/data/sf10
    queries: 22 ([14, 20, 18, 4, 15, 12, 13, 7, 21, 3, 11, 2, 1, 6, 17, 16, 8, 9, 5, 19, 22, 10])
    trials:  1 (after 0 warmups)
    output:  /Users/ryanevans/RustroverProjects/ematix-flow/bench-results/campaign-2026-07-01/tput-sf10/duckdb/s100/batch-1/stream-60.md

    NOTE: single-invocation output is SMOKE-GRADE only. For win/loss
    claims use scripts/bench/strict_22q.sh / strict_ab.sh /
    strict_throughput.sh (see scripts/bench/README.md).

--- Q14 ---
  DuckDB        831.59 ms ±  0.00  (1 rows)

--- Q20 ---
  DuckDB       1006.04 ms ±  0.00  (1804 rows)

--- Q18 ---
  DuckDB       1675.26 ms ±  0.00  (624 rows)

--- Q04 ---
  DuckDB        805.62 ms ±  0.00  (5 rows)

--- Q15 ---
  DuckDB        692.10 ms ±  0.00  (1 rows)

--- Q12 ---
  DuckDB        781.67 ms ±  0.00  (2 rows)

--- Q13 ---
  DuckDB       2146.68 ms ±  0.00  (46 rows)

--- Q07 ---
  DuckDB       1070.95 ms ±  0.00  (4 rows)

--- Q21 ---
  DuckDB       3152.96 ms ±  0.00  (4009 rows)

--- Q03 ---
  DuckDB        982.14 ms ±  0.00  (114003 rows)

--- Q11 ---
  DuckDB        107.40 ms ±  0.00  (8685 rows)

--- Q02 ---
  DuckDB        257.35 ms ±  0.00  (4667 rows)

--- Q01 ---
  DuckDB       2193.81 ms ±  0.00  (4 rows)

--- Q06 ---
  DuckDB        446.68 ms ±  0.00  (1 rows)

--- Q17 ---
  DuckDB       1119.95 ms ±  0.00  (1 rows)

--- Q16 ---
  DuckDB        366.46 ms ±  0.00  (27840 rows)

--- Q08 ---
  DuckDB       1056.92 ms ±  0.00  (2 rows)

--- Q09 ---
  DuckDB       2067.20 ms ±  0.00  (175 rows)

--- Q05 ---
  DuckDB        894.94 ms ±  0.00  (5 rows)

--- Q19 ---
  DuckDB       1476.46 ms ±  0.00  (1 rows)

--- Q22 ---
  DuckDB        341.37 ms ±  0.00  (7 rows)

--- Q10 ---
  DuckDB       1653.09 ms ±  0.00  (381105 rows)

wrote /Users/ryanevans/RustroverProjects/ematix-flow/bench-results/campaign-2026-07-01/tput-sf10/duckdb/s100/batch-1/stream-60.md
