=== TPC-H 22 triangulation bench ===
    data:    /Users/ryanevans/RustroverProjects/ematix-flow/examples/tpch/data/sf10
    queries: 22 ([1, 2, 3, 17, 5, 14, 12, 19, 9, 18, 21, 10, 6, 16, 13, 15, 8, 22, 11, 4, 20, 7])
    trials:  1 (after 0 warmups)
    output:  /Users/ryanevans/RustroverProjects/ematix-flow/bench-results/campaign-2026-07-01/tput-sf10/duckdb/s100/batch-1/stream-85.md

    NOTE: single-invocation output is SMOKE-GRADE only. For win/loss
    claims use scripts/bench/strict_22q.sh / strict_ab.sh /
    strict_throughput.sh (see scripts/bench/README.md).

--- Q01 ---
  DuckDB       2056.38 ms ±  0.00  (4 rows)

--- Q02 ---
  DuckDB        201.97 ms ±  0.00  (4667 rows)

--- Q03 ---
  DuckDB       1086.94 ms ±  0.00  (114003 rows)

--- Q17 ---
  DuckDB       1203.73 ms ±  0.00  (1 rows)

--- Q05 ---
  DuckDB       1075.91 ms ±  0.00  (5 rows)

--- Q14 ---
  DuckDB        786.69 ms ±  0.00  (1 rows)

--- Q12 ---
  DuckDB        792.09 ms ±  0.00  (2 rows)

--- Q19 ---
  DuckDB       1402.32 ms ±  0.00  (1 rows)

--- Q09 ---
  DuckDB       2493.53 ms ±  0.00  (175 rows)

--- Q18 ---
  DuckDB       1706.77 ms ±  0.00  (624 rows)

--- Q21 ---
  DuckDB       2822.98 ms ±  0.00  (4009 rows)

--- Q10 ---
  DuckDB       1763.50 ms ±  0.00  (381105 rows)

--- Q06 ---
  DuckDB        512.82 ms ±  0.00  (1 rows)

--- Q16 ---
  DuckDB        267.02 ms ±  0.00  (27840 rows)

--- Q13 ---
  DuckDB       2039.10 ms ±  0.00  (46 rows)

--- Q15 ---
  DuckDB        575.04 ms ±  0.00  (1 rows)

--- Q08 ---
  DuckDB       1097.28 ms ±  0.00  (2 rows)

--- Q22 ---
  DuckDB        368.39 ms ±  0.00  (7 rows)

--- Q11 ---
  DuckDB         99.19 ms ±  0.00  (8685 rows)

--- Q04 ---
  DuckDB        602.74 ms ±  0.00  (5 rows)

--- Q20 ---
  DuckDB       1036.41 ms ±  0.00  (1804 rows)

--- Q07 ---
  DuckDB        867.53 ms ±  0.00  (4 rows)

wrote /Users/ryanevans/RustroverProjects/ematix-flow/bench-results/campaign-2026-07-01/tput-sf10/duckdb/s100/batch-1/stream-85.md
