=== TPC-H 22 triangulation bench ===
    data:    /Users/ryanevans/RustroverProjects/ematix-flow/examples/tpch/data/sf10
    queries: 22 ([13, 22, 4, 10, 3, 11, 21, 9, 8, 17, 16, 6, 5, 20, 15, 18, 19, 1, 2, 12, 14, 7])
    trials:  1 (after 0 warmups)
    output:  /Users/ryanevans/RustroverProjects/ematix-flow/bench-results/campaign-2026-07-01/tput-sf10/duckdb/s100/batch-1/stream-97.md

    NOTE: single-invocation output is SMOKE-GRADE only. For win/loss
    claims use scripts/bench/strict_22q.sh / strict_ab.sh /
    strict_throughput.sh (see scripts/bench/README.md).

--- Q13 ---
  DuckDB       1664.83 ms ±  0.00  (46 rows)

--- Q22 ---
  DuckDB        422.04 ms ±  0.00  (7 rows)

--- Q04 ---
  DuckDB        609.74 ms ±  0.00  (5 rows)

--- Q10 ---
  DuckDB       2064.56 ms ±  0.00  (381105 rows)

--- Q03 ---
  DuckDB       1123.34 ms ±  0.00  (114003 rows)

--- Q11 ---
  DuckDB         99.89 ms ±  0.00  (8685 rows)

--- Q21 ---
  DuckDB       2922.52 ms ±  0.00  (4009 rows)

--- Q09 ---
  DuckDB       2155.31 ms ±  0.00  (175 rows)

--- Q08 ---
  DuckDB       1416.37 ms ±  0.00  (2 rows)

--- Q17 ---
  DuckDB        977.40 ms ±  0.00  (1 rows)

--- Q16 ---
  DuckDB        484.70 ms ±  0.00  (27840 rows)

--- Q06 ---
  DuckDB        508.22 ms ±  0.00  (1 rows)

--- Q05 ---
  DuckDB       1086.01 ms ±  0.00  (5 rows)

--- Q20 ---
  DuckDB        822.25 ms ±  0.00  (1804 rows)

--- Q15 ---
  DuckDB        532.42 ms ±  0.00  (1 rows)

--- Q18 ---
  DuckDB       1551.44 ms ±  0.00  (624 rows)

--- Q19 ---
  DuckDB       1533.50 ms ±  0.00  (1 rows)

--- Q01 ---
  DuckDB       1907.04 ms ±  0.00  (4 rows)

--- Q02 ---
  DuckDB        177.83 ms ±  0.00  (4667 rows)

--- Q12 ---
  DuckDB        475.69 ms ±  0.00  (2 rows)

--- Q14 ---
  DuckDB        627.37 ms ±  0.00  (1 rows)

--- Q07 ---
  DuckDB        686.37 ms ±  0.00  (4 rows)

wrote /Users/ryanevans/RustroverProjects/ematix-flow/bench-results/campaign-2026-07-01/tput-sf10/duckdb/s100/batch-1/stream-97.md
