=== TPC-H 22 triangulation bench ===
    data:    /Users/ryanevans/RustroverProjects/ematix-flow/examples/tpch/data/sf10
    queries: 22 ([16, 21, 14, 18, 10, 12, 19, 20, 8, 17, 3, 13, 2, 15, 7, 1, 6, 11, 4, 9, 5, 22])
    trials:  1 (after 0 warmups)
    output:  /Users/ryanevans/RustroverProjects/ematix-flow/bench-results/campaign-2026-07-01/tput-sf10/duckdb/s100/batch-1/stream-20.md

    NOTE: single-invocation output is SMOKE-GRADE only. For win/loss
    claims use scripts/bench/strict_22q.sh / strict_ab.sh /
    strict_throughput.sh (see scripts/bench/README.md).

--- Q16 ---
  DuckDB        387.49 ms ±  0.00  (27840 rows)

--- Q21 ---
  DuckDB       3140.16 ms ±  0.00  (4009 rows)

--- Q14 ---
  DuckDB       1017.44 ms ±  0.00  (1 rows)

--- Q18 ---
  DuckDB       1598.55 ms ±  0.00  (624 rows)

--- Q10 ---
  DuckDB       1632.45 ms ±  0.00  (381105 rows)

--- Q12 ---
  DuckDB        729.72 ms ±  0.00  (2 rows)

--- Q19 ---
  DuckDB       1636.38 ms ±  0.00  (1 rows)

--- Q20 ---
  DuckDB        843.65 ms ±  0.00  (1804 rows)

--- Q08 ---
  DuckDB       1219.65 ms ±  0.00  (2 rows)

--- Q17 ---
  DuckDB       1115.40 ms ±  0.00  (1 rows)

--- Q03 ---
  DuckDB       1087.98 ms ±  0.00  (114003 rows)

--- Q13 ---
  DuckDB       1935.59 ms ±  0.00  (46 rows)

--- Q02 ---
  DuckDB        154.32 ms ±  0.00  (4667 rows)

--- Q15 ---
  DuckDB        758.26 ms ±  0.00  (1 rows)

--- Q07 ---
  DuckDB        992.81 ms ±  0.00  (4 rows)

--- Q01 ---
  DuckDB       1995.04 ms ±  0.00  (4 rows)

--- Q06 ---
  DuckDB        537.67 ms ±  0.00  (1 rows)

--- Q11 ---
  DuckDB        270.35 ms ±  0.00  (8685 rows)

--- Q04 ---
  DuckDB        720.87 ms ±  0.00  (5 rows)

--- Q09 ---
  DuckDB       2188.29 ms ±  0.00  (175 rows)

--- Q05 ---
  DuckDB        629.19 ms ±  0.00  (5 rows)

--- Q22 ---
  DuckDB        404.08 ms ±  0.00  (7 rows)

wrote /Users/ryanevans/RustroverProjects/ematix-flow/bench-results/campaign-2026-07-01/tput-sf10/duckdb/s100/batch-1/stream-20.md
