=== TPC-H 22 triangulation bench ===
    data:    /Users/ryanevans/RustroverProjects/ematix-flow/examples/tpch/data/sf10
    queries: 22 ([11, 9, 3, 20, 12, 13, 7, 21, 4, 5, 19, 15, 22, 6, 2, 8, 14, 10, 17, 16, 1, 18])
    trials:  1 (after 0 warmups)
    output:  /Users/ryanevans/RustroverProjects/ematix-flow/bench-results/campaign-2026-07-01/tput-sf10/duckdb/s100/batch-1/stream-56.md

    NOTE: single-invocation output is SMOKE-GRADE only. For win/loss
    claims use scripts/bench/strict_22q.sh / strict_ab.sh /
    strict_throughput.sh (see scripts/bench/README.md).

--- Q11 ---
  DuckDB        105.72 ms ±  0.00  (8685 rows)

--- Q09 ---
  DuckDB       2088.78 ms ±  0.00  (175 rows)

--- Q03 ---
  DuckDB       1106.56 ms ±  0.00  (114003 rows)

--- Q20 ---
  DuckDB       1002.84 ms ±  0.00  (1804 rows)

--- Q12 ---
  DuckDB        922.40 ms ±  0.00  (2 rows)

--- Q13 ---
  DuckDB       1909.53 ms ±  0.00  (46 rows)

--- Q07 ---
  DuckDB        980.22 ms ±  0.00  (4 rows)

--- Q21 ---
  DuckDB       3113.71 ms ±  0.00  (4009 rows)

--- Q04 ---
  DuckDB        778.64 ms ±  0.00  (5 rows)

--- Q05 ---
  DuckDB       1027.54 ms ±  0.00  (5 rows)

--- Q19 ---
  DuckDB       1303.71 ms ±  0.00  (1 rows)

--- Q15 ---
  DuckDB        861.48 ms ±  0.00  (1 rows)

--- Q22 ---
  DuckDB        335.38 ms ±  0.00  (7 rows)

--- Q06 ---
  DuckDB        481.60 ms ±  0.00  (1 rows)

--- Q02 ---
  DuckDB        154.40 ms ±  0.00  (4667 rows)

--- Q08 ---
  DuckDB       1250.29 ms ±  0.00  (2 rows)

--- Q14 ---
  DuckDB        998.21 ms ±  0.00  (1 rows)

--- Q10 ---
  DuckDB       1897.30 ms ±  0.00  (381105 rows)

--- Q17 ---
  DuckDB       1233.33 ms ±  0.00  (1 rows)

--- Q16 ---
  DuckDB        333.82 ms ±  0.00  (27840 rows)

--- Q01 ---
  DuckDB       1887.45 ms ±  0.00  (4 rows)

--- Q18 ---
  DuckDB       1505.78 ms ±  0.00  (624 rows)

wrote /Users/ryanevans/RustroverProjects/ematix-flow/bench-results/campaign-2026-07-01/tput-sf10/duckdb/s100/batch-1/stream-56.md
