=== TPC-H 22 triangulation bench ===
    data:    /Users/ryanevans/RustroverProjects/ematix-flow/examples/tpch/data/sf10
    queries: 22 ([20, 19, 2, 5, 7, 8, 17, 9, 16, 13, 18, 11, 10, 1, 6, 15, 12, 3, 4, 22, 14, 21])
    trials:  1 (after 0 warmups)
    output:  /Users/ryanevans/RustroverProjects/ematix-flow/bench-results/campaign-2026-07-01/tput-sf10/duckdb/s100/batch-1/stream-38.md

    NOTE: single-invocation output is SMOKE-GRADE only. For win/loss
    claims use scripts/bench/strict_22q.sh / strict_ab.sh /
    strict_throughput.sh (see scripts/bench/README.md).

--- Q20 ---
  DuckDB        882.18 ms ±  0.00  (1804 rows)

--- Q19 ---
  DuckDB       1588.20 ms ±  0.00  (1 rows)

--- Q02 ---
  DuckDB        424.01 ms ±  0.00  (4667 rows)

--- Q05 ---
  DuckDB       1038.70 ms ±  0.00  (5 rows)

--- Q07 ---
  DuckDB       1132.89 ms ±  0.00  (4 rows)

--- Q08 ---
  DuckDB       1262.26 ms ±  0.00  (2 rows)

--- Q17 ---
  DuckDB       1040.95 ms ±  0.00  (1 rows)

--- Q09 ---
  DuckDB       2332.53 ms ±  0.00  (175 rows)

--- Q16 ---
  DuckDB        257.27 ms ±  0.00  (27840 rows)

--- Q13 ---
  DuckDB       1883.48 ms ±  0.00  (46 rows)

--- Q18 ---
  DuckDB       1477.84 ms ±  0.00  (624 rows)

--- Q11 ---
  DuckDB        139.00 ms ±  0.00  (8685 rows)

--- Q10 ---
  DuckDB       2000.60 ms ±  0.00  (381105 rows)

--- Q01 ---
  DuckDB       1977.39 ms ±  0.00  (4 rows)

--- Q06 ---
  DuckDB        552.70 ms ±  0.00  (1 rows)

--- Q15 ---
  DuckDB        490.84 ms ±  0.00  (1 rows)

--- Q12 ---
  DuckDB        770.04 ms ±  0.00  (2 rows)

--- Q03 ---
  DuckDB        956.92 ms ±  0.00  (114003 rows)

--- Q04 ---
  DuckDB        586.72 ms ±  0.00  (5 rows)

--- Q22 ---
  DuckDB        412.25 ms ±  0.00  (7 rows)

--- Q14 ---
  DuckDB        879.25 ms ±  0.00  (1 rows)

--- Q21 ---
  DuckDB       2994.85 ms ±  0.00  (4009 rows)

wrote /Users/ryanevans/RustroverProjects/ematix-flow/bench-results/campaign-2026-07-01/tput-sf10/duckdb/s100/batch-1/stream-38.md
