=== TPC-H 22 triangulation bench ===
    data:    /Users/ryanevans/RustroverProjects/ematix-flow/examples/tpch/data/sf10
    queries: 22 ([5, 4, 2, 7, 1, 12, 3, 14, 20, 13, 15, 18, 22, 10, 11, 21, 17, 16, 9, 8, 6, 19])
    trials:  1 (after 0 warmups)
    output:  /Users/ryanevans/RustroverProjects/ematix-flow/bench-results/campaign-2026-07-01/tput-sf10/duckdb/s100/batch-1/stream-33.md

    NOTE: single-invocation output is SMOKE-GRADE only. For win/loss
    claims use scripts/bench/strict_22q.sh / strict_ab.sh /
    strict_throughput.sh (see scripts/bench/README.md).

--- Q05 ---
  DuckDB        949.18 ms ±  0.00  (5 rows)

--- Q04 ---
  DuckDB        314.88 ms ±  0.00  (5 rows)

--- Q02 ---
  DuckDB        268.91 ms ±  0.00  (4667 rows)

--- Q07 ---
  DuckDB       1138.04 ms ±  0.00  (4 rows)

--- Q01 ---
  DuckDB       1864.38 ms ±  0.00  (4 rows)

--- Q12 ---
  DuckDB        761.29 ms ±  0.00  (2 rows)

--- Q03 ---
  DuckDB       1054.88 ms ±  0.00  (114003 rows)

--- Q14 ---
  DuckDB        938.79 ms ±  0.00  (1 rows)

--- Q20 ---
  DuckDB        970.13 ms ±  0.00  (1804 rows)

--- Q13 ---
  DuckDB       1961.72 ms ±  0.00  (46 rows)

--- Q15 ---
  DuckDB        622.02 ms ±  0.00  (1 rows)

--- Q18 ---
  DuckDB       1606.62 ms ±  0.00  (624 rows)

--- Q22 ---
  DuckDB        320.59 ms ±  0.00  (7 rows)

--- Q10 ---
  DuckDB       1920.90 ms ±  0.00  (381105 rows)

--- Q11 ---
  DuckDB        118.78 ms ±  0.00  (8685 rows)

--- Q21 ---
  DuckDB       3157.40 ms ±  0.00  (4009 rows)

--- Q17 ---
  DuckDB       1121.60 ms ±  0.00  (1 rows)

--- Q16 ---
  DuckDB        356.65 ms ±  0.00  (27840 rows)

--- Q09 ---
  DuckDB       2298.91 ms ±  0.00  (175 rows)

--- Q08 ---
  DuckDB       1392.96 ms ±  0.00  (2 rows)

--- Q06 ---
  DuckDB        453.31 ms ±  0.00  (1 rows)

--- Q19 ---
  DuckDB       1623.20 ms ±  0.00  (1 rows)

wrote /Users/ryanevans/RustroverProjects/ematix-flow/bench-results/campaign-2026-07-01/tput-sf10/duckdb/s100/batch-1/stream-33.md
