=== TPC-H 22 triangulation bench ===
    data:    /Users/ryanevans/RustroverProjects/ematix-flow/examples/tpch/data/sf10
    queries: 22 ([6, 5, 12, 21, 13, 14, 17, 4, 19, 8, 16, 3, 11, 15, 22, 2, 9, 7, 1, 20, 10, 18])
    trials:  1 (after 0 warmups)
    output:  /Users/ryanevans/RustroverProjects/ematix-flow/bench-results/campaign-2026-07-01/tput-sf10/duckdb/s100/batch-1/stream-30.md

    NOTE: single-invocation output is SMOKE-GRADE only. For win/loss
    claims use scripts/bench/strict_22q.sh / strict_ab.sh /
    strict_throughput.sh (see scripts/bench/README.md).

--- Q06 ---
  DuckDB        473.72 ms ±  0.00  (1 rows)

--- Q05 ---
  DuckDB        856.80 ms ±  0.00  (5 rows)

--- Q12 ---
  DuckDB        677.28 ms ±  0.00  (2 rows)

--- Q21 ---
  DuckDB       2835.62 ms ±  0.00  (4009 rows)

--- Q13 ---
  DuckDB       1688.63 ms ±  0.00  (46 rows)

--- Q14 ---
  DuckDB        631.04 ms ±  0.00  (1 rows)

--- Q17 ---
  DuckDB       1171.38 ms ±  0.00  (1 rows)

--- Q04 ---
  DuckDB        667.02 ms ±  0.00  (5 rows)

--- Q19 ---
  DuckDB       1690.68 ms ±  0.00  (1 rows)

--- Q08 ---
  DuckDB       1194.11 ms ±  0.00  (2 rows)

--- Q16 ---
  DuckDB        406.68 ms ±  0.00  (27840 rows)

--- Q03 ---
  DuckDB       1084.02 ms ±  0.00  (114003 rows)

--- Q11 ---
  DuckDB        386.65 ms ±  0.00  (8685 rows)

--- Q15 ---
  DuckDB        615.72 ms ±  0.00  (1 rows)

--- Q22 ---
  DuckDB        331.07 ms ±  0.00  (7 rows)

--- Q02 ---
  DuckDB        340.32 ms ±  0.00  (4667 rows)

--- Q09 ---
  DuckDB       2316.59 ms ±  0.00  (175 rows)

--- Q07 ---
  DuckDB       1037.74 ms ±  0.00  (4 rows)

--- Q01 ---
  DuckDB       1918.33 ms ±  0.00  (4 rows)

--- Q20 ---
  DuckDB        770.28 ms ±  0.00  (1804 rows)

--- Q10 ---
  DuckDB       1813.02 ms ±  0.00  (381105 rows)

--- Q18 ---
  DuckDB       1488.66 ms ±  0.00  (624 rows)

wrote /Users/ryanevans/RustroverProjects/ematix-flow/bench-results/campaign-2026-07-01/tput-sf10/duckdb/s100/batch-1/stream-30.md
