=== TPC-H 22 triangulation bench ===
    data:    /Users/ryanevans/RustroverProjects/ematix-flow/examples/tpch/data/sf10
    queries: 22 ([22, 17, 14, 10, 9, 16, 4, 8, 1, 5, 3, 12, 2, 15, 11, 18, 21, 20, 7, 6, 19, 13])
    trials:  1 (after 0 warmups)
    output:  /Users/ryanevans/RustroverProjects/ematix-flow/bench-results/campaign-2026-07-01/tput-sf10/duckdb/s100/batch-1/stream-24.md

    NOTE: single-invocation output is SMOKE-GRADE only. For win/loss
    claims use scripts/bench/strict_22q.sh / strict_ab.sh /
    strict_throughput.sh (see scripts/bench/README.md).

--- Q22 ---
  DuckDB        136.69 ms ±  0.00  (7 rows)

--- Q17 ---
  DuckDB        894.91 ms ±  0.00  (1 rows)

--- Q14 ---
  DuckDB        791.54 ms ±  0.00  (1 rows)

--- Q10 ---
  DuckDB       2121.70 ms ±  0.00  (381105 rows)

--- Q09 ---
  DuckDB       2146.23 ms ±  0.00  (175 rows)

--- Q16 ---
  DuckDB        515.37 ms ±  0.00  (27840 rows)

--- Q04 ---
  DuckDB        696.84 ms ±  0.00  (5 rows)

--- Q08 ---
  DuckDB       1143.21 ms ±  0.00  (2 rows)

--- Q01 ---
  DuckDB       2111.59 ms ±  0.00  (4 rows)

--- Q05 ---
  DuckDB        993.37 ms ±  0.00  (5 rows)

--- Q03 ---
  DuckDB       1071.76 ms ±  0.00  (114003 rows)

--- Q12 ---
  DuckDB        620.22 ms ±  0.00  (2 rows)

--- Q02 ---
  DuckDB        122.53 ms ±  0.00  (4667 rows)

--- Q15 ---
  DuckDB        620.92 ms ±  0.00  (1 rows)

--- Q11 ---
  DuckDB        149.83 ms ±  0.00  (8685 rows)

--- Q18 ---
  DuckDB       1473.94 ms ±  0.00  (624 rows)

--- Q21 ---
  DuckDB       2942.02 ms ±  0.00  (4009 rows)

--- Q20 ---
  DuckDB       1036.67 ms ±  0.00  (1804 rows)

--- Q07 ---
  DuckDB        928.39 ms ±  0.00  (4 rows)

--- Q06 ---
  DuckDB        466.92 ms ±  0.00  (1 rows)

--- Q19 ---
  DuckDB       1537.42 ms ±  0.00  (1 rows)

--- Q13 ---
  DuckDB       1884.49 ms ±  0.00  (46 rows)

wrote /Users/ryanevans/RustroverProjects/ematix-flow/bench-results/campaign-2026-07-01/tput-sf10/duckdb/s100/batch-1/stream-24.md
