=== TPC-H 22 triangulation bench ===
    data:    /Users/ryanevans/RustroverProjects/ematix-flow/examples/tpch/data/sf10
    queries: 22 ([21, 13, 19, 22, 10, 14, 5, 7, 4, 16, 6, 2, 3, 18, 11, 8, 15, 1, 17, 12, 9, 20])
    trials:  1 (after 0 warmups)
    output:  /Users/ryanevans/RustroverProjects/ematix-flow/bench-results/campaign-2026-07-01/tput-sf10/duckdb/s100/batch-1/stream-5.md

    NOTE: single-invocation output is SMOKE-GRADE only. For win/loss
    claims use scripts/bench/strict_22q.sh / strict_ab.sh /
    strict_throughput.sh (see scripts/bench/README.md).

--- Q21 ---
  DuckDB       2911.65 ms ±  0.00  (4009 rows)

--- Q13 ---
  DuckDB       1971.06 ms ±  0.00  (46 rows)

--- Q19 ---
  DuckDB       1503.95 ms ±  0.00  (1 rows)

--- Q22 ---
  DuckDB        283.02 ms ±  0.00  (7 rows)

--- Q10 ---
  DuckDB       1863.77 ms ±  0.00  (381105 rows)

--- Q14 ---
  DuckDB        613.63 ms ±  0.00  (1 rows)

--- Q05 ---
  DuckDB        983.63 ms ±  0.00  (5 rows)

--- Q07 ---
  DuckDB       1189.72 ms ±  0.00  (4 rows)

--- Q04 ---
  DuckDB        595.08 ms ±  0.00  (5 rows)

--- Q16 ---
  DuckDB        445.97 ms ±  0.00  (27840 rows)

--- Q06 ---
  DuckDB        553.84 ms ±  0.00  (1 rows)

--- Q02 ---
  DuckDB        203.36 ms ±  0.00  (4667 rows)

--- Q03 ---
  DuckDB       1038.49 ms ±  0.00  (114003 rows)

--- Q18 ---
  DuckDB       1643.72 ms ±  0.00  (624 rows)

--- Q11 ---
  DuckDB        130.50 ms ±  0.00  (8685 rows)

--- Q08 ---
  DuckDB       1206.37 ms ±  0.00  (2 rows)

--- Q15 ---
  DuckDB        594.72 ms ±  0.00  (1 rows)

--- Q01 ---
  DuckDB       1872.83 ms ±  0.00  (4 rows)

--- Q17 ---
  DuckDB       1036.38 ms ±  0.00  (1 rows)

--- Q12 ---
  DuckDB       1012.21 ms ±  0.00  (2 rows)

--- Q09 ---
  DuckDB       2296.17 ms ±  0.00  (175 rows)

--- Q20 ---
  DuckDB       1045.06 ms ±  0.00  (1804 rows)

wrote /Users/ryanevans/RustroverProjects/ematix-flow/bench-results/campaign-2026-07-01/tput-sf10/duckdb/s100/batch-1/stream-5.md
