=== TPC-H 22 triangulation bench ===
    data:    /Users/ryanevans/RustroverProjects/ematix-flow/examples/tpch/data/sf10
    queries: 22 ([13, 5, 9, 8, 1, 14, 2, 7, 4, 21, 22, 16, 11, 15, 17, 10, 19, 18, 12, 6, 20, 3])
    trials:  1 (after 0 warmups)
    output:  /Users/ryanevans/RustroverProjects/ematix-flow/bench-results/campaign-2026-07-01/tput-sf10/duckdb/s100/batch-1/stream-72.md

    NOTE: single-invocation output is SMOKE-GRADE only. For win/loss
    claims use scripts/bench/strict_22q.sh / strict_ab.sh /
    strict_throughput.sh (see scripts/bench/README.md).

--- Q13 ---
  DuckDB       1621.12 ms ±  0.00  (46 rows)

--- Q05 ---
  DuckDB        863.82 ms ±  0.00  (5 rows)

--- Q09 ---
  DuckDB       2503.86 ms ±  0.00  (175 rows)

--- Q08 ---
  DuckDB       1160.63 ms ±  0.00  (2 rows)

--- Q01 ---
  DuckDB       2035.12 ms ±  0.00  (4 rows)

--- Q14 ---
  DuckDB        930.42 ms ±  0.00  (1 rows)

--- Q02 ---
  DuckDB        258.62 ms ±  0.00  (4667 rows)

--- Q07 ---
  DuckDB       1022.78 ms ±  0.00  (4 rows)

--- Q04 ---
  DuckDB        697.61 ms ±  0.00  (5 rows)

--- Q21 ---
  DuckDB       3095.37 ms ±  0.00  (4009 rows)

--- Q22 ---
  DuckDB        409.22 ms ±  0.00  (7 rows)

--- Q16 ---
  DuckDB        250.51 ms ±  0.00  (27840 rows)

--- Q11 ---
  DuckDB        121.24 ms ±  0.00  (8685 rows)

--- Q15 ---
  DuckDB        538.68 ms ±  0.00  (1 rows)

--- Q17 ---
  DuckDB       1177.34 ms ±  0.00  (1 rows)

--- Q10 ---
  DuckDB       1878.63 ms ±  0.00  (381105 rows)

--- Q19 ---
  DuckDB       1536.07 ms ±  0.00  (1 rows)

--- Q18 ---
  DuckDB       1582.88 ms ±  0.00  (624 rows)

--- Q12 ---
  DuckDB        684.06 ms ±  0.00  (2 rows)

--- Q06 ---
  DuckDB        439.17 ms ±  0.00  (1 rows)

--- Q20 ---
  DuckDB        721.83 ms ±  0.00  (1804 rows)

--- Q03 ---
  DuckDB       1459.63 ms ±  0.00  (114003 rows)

wrote /Users/ryanevans/RustroverProjects/ematix-flow/bench-results/campaign-2026-07-01/tput-sf10/duckdb/s100/batch-1/stream-72.md
