=== TPC-H 22 triangulation bench ===
    data:    /Users/ryanevans/RustroverProjects/ematix-flow/examples/tpch/data/sf10
    queries: 22 ([6, 13, 22, 14, 3, 1, 16, 21, 7, 15, 5, 19, 11, 2, 12, 10, 18, 9, 8, 17, 20, 4])
    trials:  1 (after 0 warmups)
    output:  /Users/ryanevans/RustroverProjects/ematix-flow/bench-results/campaign-2026-07-01/tput-sf10/duckdb/s100/batch-1/stream-14.md

    NOTE: single-invocation output is SMOKE-GRADE only. For win/loss
    claims use scripts/bench/strict_22q.sh / strict_ab.sh /
    strict_throughput.sh (see scripts/bench/README.md).

--- Q06 ---
  DuckDB        447.84 ms ±  0.00  (1 rows)

--- Q13 ---
  DuckDB       2008.03 ms ±  0.00  (46 rows)

--- Q22 ---
  DuckDB        427.65 ms ±  0.00  (7 rows)

--- Q14 ---
  DuckDB        903.91 ms ±  0.00  (1 rows)

--- Q03 ---
  DuckDB       1044.63 ms ±  0.00  (114003 rows)

--- Q01 ---
  DuckDB       2181.95 ms ±  0.00  (4 rows)

--- Q16 ---
  DuckDB        455.63 ms ±  0.00  (27840 rows)

--- Q21 ---
  DuckDB       2629.46 ms ±  0.00  (4009 rows)

--- Q07 ---
  DuckDB        882.30 ms ±  0.00  (4 rows)

--- Q15 ---
  DuckDB        662.96 ms ±  0.00  (1 rows)

--- Q05 ---
  DuckDB        898.93 ms ±  0.00  (5 rows)

--- Q19 ---
  DuckDB       1370.92 ms ±  0.00  (1 rows)

--- Q11 ---
  DuckDB        122.32 ms ±  0.00  (8685 rows)

--- Q02 ---
  DuckDB        328.15 ms ±  0.00  (4667 rows)

--- Q12 ---
  DuckDB        716.06 ms ±  0.00  (2 rows)

--- Q10 ---
  DuckDB       1816.78 ms ±  0.00  (381105 rows)

--- Q18 ---
  DuckDB       1759.79 ms ±  0.00  (624 rows)

--- Q09 ---
  DuckDB       2540.37 ms ±  0.00  (175 rows)

--- Q08 ---
  DuckDB       1059.45 ms ±  0.00  (2 rows)

--- Q17 ---
  DuckDB       1055.70 ms ±  0.00  (1 rows)

--- Q20 ---
  DuckDB       1238.43 ms ±  0.00  (1804 rows)

--- Q04 ---
  DuckDB        421.29 ms ±  0.00  (5 rows)

wrote /Users/ryanevans/RustroverProjects/ematix-flow/bench-results/campaign-2026-07-01/tput-sf10/duckdb/s100/batch-1/stream-14.md
