=== TPC-H 22 triangulation bench ===
    data:    /Users/ryanevans/RustroverProjects/ematix-flow/examples/tpch/data/sf10
    queries: 22 ([12, 11, 20, 14, 21, 22, 15, 4, 2, 19, 8, 7, 1, 13, 3, 9, 18, 6, 10, 17, 16, 5])
    trials:  1 (after 0 warmups)
    output:  /Users/ryanevans/RustroverProjects/ematix-flow/bench-results/campaign-2026-07-01/tput-sf10/duckdb/s100/batch-1/stream-82.md

    NOTE: single-invocation output is SMOKE-GRADE only. For win/loss
    claims use scripts/bench/strict_22q.sh / strict_ab.sh /
    strict_throughput.sh (see scripts/bench/README.md).

--- Q12 ---
  DuckDB        854.96 ms ±  0.00  (2 rows)

--- Q11 ---
  DuckDB         61.76 ms ±  0.00  (8685 rows)

--- Q20 ---
  DuckDB        996.84 ms ±  0.00  (1804 rows)

--- Q14 ---
  DuckDB       1004.31 ms ±  0.00  (1 rows)

--- Q21 ---
  DuckDB       3029.38 ms ±  0.00  (4009 rows)

--- Q22 ---
  DuckDB        469.90 ms ±  0.00  (7 rows)

--- Q15 ---
  DuckDB        528.89 ms ±  0.00  (1 rows)

--- Q04 ---
  DuckDB        678.25 ms ±  0.00  (5 rows)

--- Q02 ---
  DuckDB        199.45 ms ±  0.00  (4667 rows)

--- Q19 ---
  DuckDB       1757.16 ms ±  0.00  (1 rows)

--- Q08 ---
  DuckDB        952.28 ms ±  0.00  (2 rows)

--- Q07 ---
  DuckDB        946.11 ms ±  0.00  (4 rows)

--- Q01 ---
  DuckDB       2126.71 ms ±  0.00  (4 rows)

--- Q13 ---
  DuckDB       2055.04 ms ±  0.00  (46 rows)

--- Q03 ---
  DuckDB       1084.29 ms ±  0.00  (114003 rows)

--- Q09 ---
  DuckDB       2113.33 ms ±  0.00  (175 rows)

--- Q18 ---
  DuckDB       1520.97 ms ±  0.00  (624 rows)

--- Q06 ---
  DuckDB        597.32 ms ±  0.00  (1 rows)

--- Q10 ---
  DuckDB       2004.71 ms ±  0.00  (381105 rows)

--- Q17 ---
  DuckDB       1174.80 ms ±  0.00  (1 rows)

--- Q16 ---
  DuckDB        455.57 ms ±  0.00  (27840 rows)

--- Q05 ---
  DuckDB       1136.59 ms ±  0.00  (5 rows)

wrote /Users/ryanevans/RustroverProjects/ematix-flow/bench-results/campaign-2026-07-01/tput-sf10/duckdb/s100/batch-1/stream-82.md
