=== TPC-H 22 triangulation bench ===
    data:    /Users/ryanevans/RustroverProjects/ematix-flow/examples/tpch/data/sf10
    queries: 22 ([19, 17, 7, 6, 12, 2, 16, 13, 22, 1, 11, 21, 5, 10, 8, 18, 9, 20, 15, 14, 4, 3])
    trials:  1 (after 0 warmups)
    output:  /Users/ryanevans/RustroverProjects/ematix-flow/bench-results/campaign-2026-07-01/tput-sf10/duckdb/s100/batch-1/stream-67.md

    NOTE: single-invocation output is SMOKE-GRADE only. For win/loss
    claims use scripts/bench/strict_22q.sh / strict_ab.sh /
    strict_throughput.sh (see scripts/bench/README.md).

--- Q19 ---
  DuckDB       1419.78 ms ±  0.00  (1 rows)

--- Q17 ---
  DuckDB       1203.37 ms ±  0.00  (1 rows)

--- Q07 ---
  DuckDB       1316.76 ms ±  0.00  (4 rows)

--- Q06 ---
  DuckDB        629.64 ms ±  0.00  (1 rows)

--- Q12 ---
  DuckDB        582.92 ms ±  0.00  (2 rows)

--- Q02 ---
  DuckDB        360.09 ms ±  0.00  (4667 rows)

--- Q16 ---
  DuckDB        304.29 ms ±  0.00  (27840 rows)

--- Q13 ---
  DuckDB       1855.97 ms ±  0.00  (46 rows)

--- Q22 ---
  DuckDB        295.79 ms ±  0.00  (7 rows)

--- Q01 ---
  DuckDB       2065.64 ms ±  0.00  (4 rows)

--- Q11 ---
  DuckDB        212.72 ms ±  0.00  (8685 rows)

--- Q21 ---
  DuckDB       2973.58 ms ±  0.00  (4009 rows)

--- Q05 ---
  DuckDB       1035.23 ms ±  0.00  (5 rows)

--- Q10 ---
  DuckDB       1852.72 ms ±  0.00  (381105 rows)

--- Q08 ---
  DuckDB       1570.16 ms ±  0.00  (2 rows)

--- Q18 ---
  DuckDB       1599.05 ms ±  0.00  (624 rows)

--- Q09 ---
  DuckDB       2174.24 ms ±  0.00  (175 rows)

--- Q20 ---
  DuckDB        866.56 ms ±  0.00  (1804 rows)

--- Q15 ---
  DuckDB        492.60 ms ±  0.00  (1 rows)

--- Q14 ---
  DuckDB        992.37 ms ±  0.00  (1 rows)

--- Q04 ---
  DuckDB        726.28 ms ±  0.00  (5 rows)

--- Q03 ---
  DuckDB       1019.81 ms ±  0.00  (114003 rows)

wrote /Users/ryanevans/RustroverProjects/ematix-flow/bench-results/campaign-2026-07-01/tput-sf10/duckdb/s100/batch-1/stream-67.md
