=== TPC-H 22 triangulation bench ===
    data:    /Users/ryanevans/RustroverProjects/ematix-flow/examples/tpch/data/sf10
    queries: 22 ([4, 19, 21, 13, 11, 20, 22, 18, 14, 15, 9, 6, 2, 17, 12, 1, 16, 8, 10, 5, 7, 3])
    trials:  1 (after 0 warmups)
    output:  /Users/ryanevans/RustroverProjects/ematix-flow/bench-results/campaign-2026-07-01/tput-sf10/duckdb/s100/batch-1/stream-32.md

    NOTE: single-invocation output is SMOKE-GRADE only. For win/loss
    claims use scripts/bench/strict_22q.sh / strict_ab.sh /
    strict_throughput.sh (see scripts/bench/README.md).

--- Q04 ---
  DuckDB        669.06 ms ±  0.00  (5 rows)

--- Q19 ---
  DuckDB       1281.98 ms ±  0.00  (1 rows)

--- Q21 ---
  DuckDB       2954.51 ms ±  0.00  (4009 rows)

--- Q13 ---
  DuckDB       1814.11 ms ±  0.00  (46 rows)

--- Q11 ---
  DuckDB        191.05 ms ±  0.00  (8685 rows)

--- Q20 ---
  DuckDB       1062.60 ms ±  0.00  (1804 rows)

--- Q22 ---
  DuckDB        438.53 ms ±  0.00  (7 rows)

--- Q18 ---
  DuckDB       1516.16 ms ±  0.00  (624 rows)

--- Q14 ---
  DuckDB       1113.57 ms ±  0.00  (1 rows)

--- Q15 ---
  DuckDB        529.40 ms ±  0.00  (1 rows)

--- Q09 ---
  DuckDB       2417.49 ms ±  0.00  (175 rows)

--- Q06 ---
  DuckDB        482.30 ms ±  0.00  (1 rows)

--- Q02 ---
  DuckDB        178.81 ms ±  0.00  (4667 rows)

--- Q17 ---
  DuckDB       1092.62 ms ±  0.00  (1 rows)

--- Q12 ---
  DuckDB        882.61 ms ±  0.00  (2 rows)

--- Q01 ---
  DuckDB       2110.71 ms ±  0.00  (4 rows)

--- Q16 ---
  DuckDB        210.65 ms ±  0.00  (27840 rows)

--- Q08 ---
  DuckDB       1328.56 ms ±  0.00  (2 rows)

--- Q10 ---
  DuckDB       1878.67 ms ±  0.00  (381105 rows)

--- Q05 ---
  DuckDB        860.31 ms ±  0.00  (5 rows)

--- Q07 ---
  DuckDB        962.38 ms ±  0.00  (4 rows)

--- Q03 ---
  DuckDB       1335.52 ms ±  0.00  (114003 rows)

wrote /Users/ryanevans/RustroverProjects/ematix-flow/bench-results/campaign-2026-07-01/tput-sf10/duckdb/s100/batch-1/stream-32.md
