=== TPC-H 22 triangulation bench ===
    data:    /Users/ryanevans/RustroverProjects/ematix-flow/examples/tpch/data/sf10
    queries: 22 ([11, 1, 3, 19, 17, 4, 15, 14, 10, 9, 20, 12, 16, 2, 21, 5, 18, 8, 6, 7, 22, 13])
    trials:  1 (after 0 warmups)
    output:  /Users/ryanevans/RustroverProjects/ematix-flow/bench-results/campaign-2026-07-01/tput-sf10/duckdb/s100/batch-1/stream-99.md

    NOTE: single-invocation output is SMOKE-GRADE only. For win/loss
    claims use scripts/bench/strict_22q.sh / strict_ab.sh /
    strict_throughput.sh (see scripts/bench/README.md).

--- Q11 ---
  DuckDB        102.74 ms ±  0.00  (8685 rows)

--- Q01 ---
  DuckDB       1913.26 ms ±  0.00  (4 rows)

--- Q03 ---
  DuckDB       1447.62 ms ±  0.00  (114003 rows)

--- Q19 ---
  DuckDB       1462.79 ms ±  0.00  (1 rows)

--- Q17 ---
  DuckDB       1158.49 ms ±  0.00  (1 rows)

--- Q04 ---
  DuckDB        594.09 ms ±  0.00  (5 rows)

--- Q15 ---
  DuckDB        485.57 ms ±  0.00  (1 rows)

--- Q14 ---
  DuckDB        931.56 ms ±  0.00  (1 rows)

--- Q10 ---
  DuckDB       1887.98 ms ±  0.00  (381105 rows)

--- Q09 ---
  DuckDB       2299.41 ms ±  0.00  (175 rows)

--- Q20 ---
  DuckDB       1018.27 ms ±  0.00  (1804 rows)

--- Q12 ---
  DuckDB        843.50 ms ±  0.00  (2 rows)

--- Q16 ---
  DuckDB        369.43 ms ±  0.00  (27840 rows)

--- Q02 ---
  DuckDB        299.91 ms ±  0.00  (4667 rows)

--- Q21 ---
  DuckDB       2692.44 ms ±  0.00  (4009 rows)

--- Q05 ---
  DuckDB       1108.44 ms ±  0.00  (5 rows)

--- Q18 ---
  DuckDB       1557.11 ms ±  0.00  (624 rows)

--- Q08 ---
  DuckDB       1197.63 ms ±  0.00  (2 rows)

--- Q06 ---
  DuckDB        410.63 ms ±  0.00  (1 rows)

--- Q07 ---
  DuckDB        758.76 ms ±  0.00  (4 rows)

--- Q22 ---
  DuckDB        244.96 ms ±  0.00  (7 rows)

--- Q13 ---
  DuckDB        655.83 ms ±  0.00  (46 rows)

wrote /Users/ryanevans/RustroverProjects/ematix-flow/bench-results/campaign-2026-07-01/tput-sf10/duckdb/s100/batch-1/stream-99.md
