=== TPC-H 22 triangulation bench ===
    data:    /Users/ryanevans/RustroverProjects/ematix-flow/examples/tpch/data/sf10
    queries: 22 ([17, 9, 13, 2, 6, 18, 3, 20, 19, 4, 5, 22, 11, 7, 1, 15, 8, 14, 10, 21, 16, 12])
    trials:  1 (after 0 warmups)
    output:  /Users/ryanevans/RustroverProjects/ematix-flow/bench-results/campaign-2026-07-01/tput-sf10/duckdb/s100/batch-1/stream-16.md

    NOTE: single-invocation output is SMOKE-GRADE only. For win/loss
    claims use scripts/bench/strict_22q.sh / strict_ab.sh /
    strict_throughput.sh (see scripts/bench/README.md).

--- Q17 ---
  DuckDB       1228.89 ms ±  0.00  (1 rows)

--- Q09 ---
  DuckDB       2442.65 ms ±  0.00  (175 rows)

--- Q13 ---
  DuckDB       1956.44 ms ±  0.00  (46 rows)

--- Q02 ---
  DuckDB        114.12 ms ±  0.00  (4667 rows)

--- Q06 ---
  DuckDB        584.30 ms ±  0.00  (1 rows)

--- Q18 ---
  DuckDB       1591.40 ms ±  0.00  (624 rows)

--- Q03 ---
  DuckDB        904.67 ms ±  0.00  (114003 rows)

--- Q20 ---
  DuckDB       1109.09 ms ±  0.00  (1804 rows)

--- Q19 ---
  DuckDB       1415.92 ms ±  0.00  (1 rows)

--- Q04 ---
  DuckDB        668.73 ms ±  0.00  (5 rows)

--- Q05 ---
  DuckDB       1107.39 ms ±  0.00  (5 rows)

--- Q22 ---
  DuckDB        308.88 ms ±  0.00  (7 rows)

--- Q11 ---
  DuckDB        128.73 ms ±  0.00  (8685 rows)

--- Q07 ---
  DuckDB       1098.43 ms ±  0.00  (4 rows)

--- Q01 ---
  DuckDB       2081.86 ms ±  0.00  (4 rows)

--- Q15 ---
  DuckDB        739.47 ms ±  0.00  (1 rows)

--- Q08 ---
  DuckDB       1402.13 ms ±  0.00  (2 rows)

--- Q14 ---
  DuckDB       1045.05 ms ±  0.00  (1 rows)

--- Q10 ---
  DuckDB       1767.49 ms ±  0.00  (381105 rows)

--- Q21 ---
  DuckDB       2723.78 ms ±  0.00  (4009 rows)

--- Q16 ---
  DuckDB        131.35 ms ±  0.00  (27840 rows)

--- Q12 ---
  DuckDB        759.07 ms ±  0.00  (2 rows)

wrote /Users/ryanevans/RustroverProjects/ematix-flow/bench-results/campaign-2026-07-01/tput-sf10/duckdb/s100/batch-1/stream-16.md
