=== TPC-H 22 triangulation bench ===
    data:    /Users/ryanevans/RustroverProjects/ematix-flow/examples/tpch/data/sf10
    queries: 22 ([19, 11, 18, 10, 4, 5, 22, 1, 8, 6, 13, 7, 20, 3, 15, 21, 14, 12, 16, 17, 2, 9])
    trials:  1 (after 0 warmups)
    output:  /Users/ryanevans/RustroverProjects/ematix-flow/bench-results/campaign-2026-07-01/tput-sf10/duckdb/s100/batch-1/stream-52.md

    NOTE: single-invocation output is SMOKE-GRADE only. For win/loss
    claims use scripts/bench/strict_22q.sh / strict_ab.sh /
    strict_throughput.sh (see scripts/bench/README.md).

--- Q19 ---
  DuckDB       1453.66 ms ±  0.00  (1 rows)

--- Q11 ---
  DuckDB        244.57 ms ±  0.00  (8685 rows)

--- Q18 ---
  DuckDB       1664.06 ms ±  0.00  (624 rows)

--- Q10 ---
  DuckDB       1828.56 ms ±  0.00  (381105 rows)

--- Q04 ---
  DuckDB        584.90 ms ±  0.00  (5 rows)

--- Q05 ---
  DuckDB       1139.02 ms ±  0.00  (5 rows)

--- Q22 ---
  DuckDB        291.51 ms ±  0.00  (7 rows)

--- Q01 ---
  DuckDB       1936.82 ms ±  0.00  (4 rows)

--- Q08 ---
  DuckDB       1230.34 ms ±  0.00  (2 rows)

--- Q06 ---
  DuckDB        546.66 ms ±  0.00  (1 rows)

--- Q13 ---
  DuckDB       1869.21 ms ±  0.00  (46 rows)

--- Q07 ---
  DuckDB       1110.05 ms ±  0.00  (4 rows)

--- Q20 ---
  DuckDB        850.55 ms ±  0.00  (1804 rows)

--- Q03 ---
  DuckDB       1125.95 ms ±  0.00  (114003 rows)

--- Q15 ---
  DuckDB        524.48 ms ±  0.00  (1 rows)

--- Q21 ---
  DuckDB       3101.71 ms ±  0.00  (4009 rows)

--- Q14 ---
  DuckDB        920.14 ms ±  0.00  (1 rows)

--- Q12 ---
  DuckDB        883.94 ms ±  0.00  (2 rows)

--- Q16 ---
  DuckDB        360.89 ms ±  0.00  (27840 rows)

--- Q17 ---
  DuckDB        991.83 ms ±  0.00  (1 rows)

--- Q02 ---
  DuckDB        359.30 ms ±  0.00  (4667 rows)

--- Q09 ---
  DuckDB       2646.53 ms ±  0.00  (175 rows)

wrote /Users/ryanevans/RustroverProjects/ematix-flow/bench-results/campaign-2026-07-01/tput-sf10/duckdb/s100/batch-1/stream-52.md
