=== TPC-H 22 triangulation bench ===
    data:    /Users/ryanevans/RustroverProjects/ematix-flow/examples/tpch/data/sf10
    queries: 22 ([3, 15, 11, 16, 5, 8, 2, 17, 19, 10, 4, 7, 22, 1, 6, 21, 20, 12, 14, 18, 13, 9])
    trials:  1 (after 0 warmups)
    output:  /Users/ryanevans/RustroverProjects/ematix-flow/bench-results/campaign-2026-07-01/tput-sf10/duckdb/s100/batch-1/stream-80.md

    NOTE: single-invocation output is SMOKE-GRADE only. For win/loss
    claims use scripts/bench/strict_22q.sh / strict_ab.sh /
    strict_throughput.sh (see scripts/bench/README.md).

--- Q03 ---
  DuckDB       1220.10 ms ±  0.00  (114003 rows)

--- Q15 ---
  DuckDB        692.69 ms ±  0.00  (1 rows)

--- Q11 ---
  DuckDB        203.47 ms ±  0.00  (8685 rows)

--- Q16 ---
  DuckDB        452.97 ms ±  0.00  (27840 rows)

--- Q05 ---
  DuckDB        963.11 ms ±  0.00  (5 rows)

--- Q08 ---
  DuckDB       1176.05 ms ±  0.00  (2 rows)

--- Q02 ---
  DuckDB        328.32 ms ±  0.00  (4667 rows)

--- Q17 ---
  DuckDB       1131.69 ms ±  0.00  (1 rows)

--- Q19 ---
  DuckDB       1544.32 ms ±  0.00  (1 rows)

--- Q10 ---
  DuckDB       1934.75 ms ±  0.00  (381105 rows)

--- Q04 ---
  DuckDB        677.19 ms ±  0.00  (5 rows)

--- Q07 ---
  DuckDB       1138.11 ms ±  0.00  (4 rows)

--- Q22 ---
  DuckDB        329.65 ms ±  0.00  (7 rows)

--- Q01 ---
  DuckDB       1960.90 ms ±  0.00  (4 rows)

--- Q06 ---
  DuckDB        446.83 ms ±  0.00  (1 rows)

--- Q21 ---
  DuckDB       2877.75 ms ±  0.00  (4009 rows)

--- Q20 ---
  DuckDB        922.99 ms ±  0.00  (1804 rows)

--- Q12 ---
  DuckDB        850.16 ms ±  0.00  (2 rows)

--- Q14 ---
  DuckDB        852.17 ms ±  0.00  (1 rows)

--- Q18 ---
  DuckDB       1684.39 ms ±  0.00  (624 rows)

--- Q13 ---
  DuckDB       1830.20 ms ±  0.00  (46 rows)

--- Q09 ---
  DuckDB       2076.07 ms ±  0.00  (175 rows)

wrote /Users/ryanevans/RustroverProjects/ematix-flow/bench-results/campaign-2026-07-01/tput-sf10/duckdb/s100/batch-1/stream-80.md
