=== TPC-H 22 triangulation bench ===
    data:    /Users/ryanevans/RustroverProjects/ematix-flow/examples/tpch/data/sf10
    queries: 22 ([20, 6, 14, 10, 21, 22, 12, 13, 1, 17, 2, 18, 7, 11, 8, 15, 16, 4, 9, 3, 19, 5])
    trials:  1 (after 0 warmups)
    output:  bench-results/sched-arc-2026-07-03/sf10-final/duckdb/s10/batch-4/stream-1.md

    NOTE: single-invocation output is SMOKE-GRADE only. For win/loss
    claims use scripts/bench/strict_22q.sh / strict_ab.sh /
    strict_throughput.sh (see scripts/bench/README.md).

--- Q20 ---
  DuckDB        423.47 ms ±  0.00  (1804 rows)

--- Q06 ---
  DuckDB        474.45 ms ±  0.00  (1 rows)

--- Q14 ---
  DuckDB       1165.80 ms ±  0.00  (1 rows)

--- Q10 ---
  DuckDB       2115.85 ms ±  0.00  (381105 rows)

--- Q21 ---
  DuckDB       3139.53 ms ±  0.00  (4009 rows)

--- Q22 ---
  DuckDB        518.47 ms ±  0.00  (7 rows)

--- Q12 ---
  DuckDB        979.64 ms ±  0.00  (2 rows)

--- Q13 ---
  DuckDB       1930.61 ms ±  0.00  (46 rows)

--- Q01 ---
  DuckDB       2114.66 ms ±  0.00  (4 rows)

--- Q17 ---
  DuckDB       1238.40 ms ±  0.00  (1 rows)

--- Q02 ---
  DuckDB        206.76 ms ±  0.00  (4667 rows)

--- Q18 ---
  DuckDB       1640.21 ms ±  0.00  (624 rows)

--- Q07 ---
  DuckDB       1115.62 ms ±  0.00  (4 rows)

--- Q11 ---
  DuckDB        148.90 ms ±  0.00  (8685 rows)

--- Q08 ---
  DuckDB       1304.88 ms ±  0.00  (2 rows)

--- Q15 ---
  DuckDB        728.38 ms ±  0.00  (1 rows)

--- Q16 ---
  DuckDB        443.06 ms ±  0.00  (27840 rows)

--- Q04 ---
  DuckDB        549.22 ms ±  0.00  (5 rows)

--- Q09 ---
  DuckDB       2387.01 ms ±  0.00  (175 rows)

--- Q03 ---
  DuckDB       1304.04 ms ±  0.00  (114003 rows)

--- Q19 ---
  DuckDB       1564.20 ms ±  0.00  (1 rows)

--- Q05 ---
  DuckDB       1031.56 ms ±  0.00  (5 rows)

wrote bench-results/sched-arc-2026-07-03/sf10-final/duckdb/s10/batch-4/stream-1.md
