=== TPC-H 22 triangulation bench ===
    data:    /Users/ryanevans/RustroverProjects/ematix-flow/examples/tpch/data/sf10
    queries: 22 ([2, 14, 17, 6, 11, 7, 20, 13, 15, 4, 9, 21, 22, 1, 10, 3, 16, 12, 5, 18, 19, 8])
    trials:  1 (after 0 warmups)
    output:  bench-results/sched-arc-2026-07-03/sf10-final/duckdb/s10/batch-4/stream-3.md

    NOTE: single-invocation output is SMOKE-GRADE only. For win/loss
    claims use scripts/bench/strict_22q.sh / strict_ab.sh /
    strict_throughput.sh (see scripts/bench/README.md).

--- Q02 ---
  DuckDB        227.36 ms ±  0.00  (4667 rows)

--- Q14 ---
  DuckDB        913.75 ms ±  0.00  (1 rows)

--- Q17 ---
  DuckDB       1354.99 ms ±  0.00  (1 rows)

--- Q06 ---
  DuckDB        608.25 ms ±  0.00  (1 rows)

--- Q11 ---
  DuckDB        163.05 ms ±  0.00  (8685 rows)

--- Q07 ---
  DuckDB       1079.32 ms ±  0.00  (4 rows)

--- Q20 ---
  DuckDB       1259.30 ms ±  0.00  (1804 rows)

--- Q13 ---
  DuckDB       1837.07 ms ±  0.00  (46 rows)

--- Q15 ---
  DuckDB        693.06 ms ±  0.00  (1 rows)

--- Q04 ---
  DuckDB        625.26 ms ±  0.00  (5 rows)

--- Q09 ---
  DuckDB       2289.14 ms ±  0.00  (175 rows)

--- Q21 ---
  DuckDB       3304.56 ms ±  0.00  (4009 rows)

--- Q22 ---
  DuckDB        483.56 ms ±  0.00  (7 rows)

--- Q01 ---
  DuckDB       2229.49 ms ±  0.00  (4 rows)

--- Q10 ---
  DuckDB       1586.04 ms ±  0.00  (381105 rows)

--- Q03 ---
  DuckDB       1016.36 ms ±  0.00  (114003 rows)

--- Q16 ---
  DuckDB        272.61 ms ±  0.00  (27840 rows)

--- Q12 ---
  DuckDB        862.13 ms ±  0.00  (2 rows)

--- Q05 ---
  DuckDB       1195.20 ms ±  0.00  (5 rows)

--- Q18 ---
  DuckDB       1884.31 ms ±  0.00  (624 rows)

--- Q19 ---
  DuckDB       1503.44 ms ±  0.00  (1 rows)

--- Q08 ---
  DuckDB       1098.42 ms ±  0.00  (2 rows)

wrote bench-results/sched-arc-2026-07-03/sf10-final/duckdb/s10/batch-4/stream-3.md
