=== TPC-H 22 triangulation bench ===
    data:    /Users/ryanevans/RustroverProjects/ematix-flow/examples/tpch/data/sf10
    queries: 22 ([6, 18, 21, 16, 8, 15, 22, 20, 7, 19, 14, 17, 9, 1, 10, 12, 4, 3, 2, 13, 5, 11])
    trials:  1 (after 0 warmups)
    output:  /Users/ryanevans/RustroverProjects/ematix-flow/bench-results/campaign-2026-07-01/tput-sf10/ematix/s10/batch-2/stream-7.md

    NOTE: single-invocation output is SMOKE-GRADE only. For win/loss
    claims use scripts/bench/strict_22q.sh / strict_ab.sh /
    strict_throughput.sh (see scripts/bench/README.md).

--- Q06 ---
  ematix-flow   433.87 ms ±  0.00  (1 rows)

--- Q18 ---
  ematix-flow  6314.40 ms ±  0.00  (624 rows)

--- Q21 ---
  ematix-flow  7252.57 ms ±  0.00  (4009 rows)

--- Q16 ---
  ematix-flow   894.90 ms ±  0.00  (27840 rows)

--- Q08 ---
  ematix-flow  6521.68 ms ±  0.00  (2 rows)

--- Q15 ---
  ematix-flow   634.93 ms ±  0.00  (1 rows)

--- Q22 ---
  ematix-flow  1101.95 ms ±  0.00  (7 rows)

--- Q20 ---
  ematix-flow  2858.79 ms ±  0.00  (1804 rows)

--- Q07 ---
  ematix-flow  3484.54 ms ±  0.00  (4 rows)

--- Q19 ---
  ematix-flow   597.30 ms ±  0.00  (1 rows)

--- Q14 ---
  ematix-flow  1038.28 ms ±  0.00  (1 rows)

--- Q17 ---
  ematix-flow  3858.06 ms ±  0.00  (1 rows)

--- Q09 ---
  ematix-flow  25802.67 ms ±  0.00  (175 rows)

--- Q01 ---
  ematix-flow  4668.13 ms ±  0.00  (4 rows)

--- Q10 ---
  ematix-flow  9900.36 ms ±  0.00  (381105 rows)

--- Q12 ---
  ematix-flow  2156.45 ms ±  0.00  (2 rows)

--- Q04 ---
  ematix-flow  2088.78 ms ±  0.00  (5 rows)

--- Q03 ---
  ematix-flow  4989.93 ms ±  0.00  (114003 rows)

--- Q02 ---
  ematix-flow   764.27 ms ±  0.00  (4667 rows)

--- Q13 ---
  ematix-flow  2594.68 ms ±  0.00  (46 rows)

--- Q05 ---
  ematix-flow  1083.64 ms ±  0.00  (5 rows)

--- Q11 ---
  ematix-flow   180.34 ms ±  0.00  (8685 rows)

wrote /Users/ryanevans/RustroverProjects/ematix-flow/bench-results/campaign-2026-07-01/tput-sf10/ematix/s10/batch-2/stream-7.md
