=== TPC-H 22 triangulation bench ===
    data:    /Users/ryanevans/RustroverProjects/ematix-flow/examples/tpch/data/sf10
    queries: 22 ([21, 14, 13, 22, 7, 18, 4, 20, 17, 15, 6, 12, 8, 10, 11, 5, 1, 2, 9, 16, 3, 19])
    trials:  1 (after 0 warmups)
    output:  bench-results/sched-arc-2026-07-03/sf10-final/duckdb/s10/batch-1/stream-6.md

    NOTE: single-invocation output is SMOKE-GRADE only. For win/loss
    claims use scripts/bench/strict_22q.sh / strict_ab.sh /
    strict_throughput.sh (see scripts/bench/README.md).

--- Q21 ---
  DuckDB       3313.91 ms ±  0.00  (4009 rows)

--- Q14 ---
  DuckDB        841.17 ms ±  0.00  (1 rows)

--- Q13 ---
  DuckDB       1702.00 ms ±  0.00  (46 rows)

--- Q22 ---
  DuckDB        405.06 ms ±  0.00  (7 rows)

--- Q07 ---
  DuckDB       1093.37 ms ±  0.00  (4 rows)

--- Q18 ---
  DuckDB       1467.01 ms ±  0.00  (624 rows)

--- Q04 ---
  DuckDB        589.35 ms ±  0.00  (5 rows)

--- Q20 ---
  DuckDB       1118.38 ms ±  0.00  (1804 rows)

--- Q17 ---
  DuckDB       1413.89 ms ±  0.00  (1 rows)

--- Q15 ---
  DuckDB        599.23 ms ±  0.00  (1 rows)

--- Q06 ---
  DuckDB        504.14 ms ±  0.00  (1 rows)

--- Q12 ---
  DuckDB       1104.92 ms ±  0.00  (2 rows)

--- Q08 ---
  DuckDB       1371.67 ms ±  0.00  (2 rows)

--- Q10 ---
  DuckDB       1700.73 ms ±  0.00  (381105 rows)

--- Q11 ---
  DuckDB        156.44 ms ±  0.00  (8685 rows)

--- Q05 ---
  DuckDB       1154.83 ms ±  0.00  (5 rows)

--- Q01 ---
  DuckDB       1870.26 ms ±  0.00  (4 rows)

--- Q02 ---
  DuckDB        213.51 ms ±  0.00  (4667 rows)

--- Q09 ---
  DuckDB       2573.08 ms ±  0.00  (175 rows)

--- Q16 ---
  DuckDB        393.89 ms ±  0.00  (27840 rows)

--- Q03 ---
  DuckDB        884.23 ms ±  0.00  (114003 rows)

--- Q19 ---
  DuckDB        740.16 ms ±  0.00  (1 rows)

wrote bench-results/sched-arc-2026-07-03/sf10-final/duckdb/s10/batch-1/stream-6.md
