=== TPC-H 22 triangulation bench ===
    data:    /Users/ryanevans/RustroverProjects/ematix-flow/examples/tpch/data/sf10
    queries: 22 ([2, 14, 17, 6, 11, 7, 20, 13, 15, 4, 9, 21, 22, 1, 10, 3, 16, 12, 5, 18, 19, 8])
    trials:  1 (after 0 warmups)
    output:  bench-results/sched-arc-2026-07-03/sf10-final/duckdb/s10/batch-1/stream-3.md

    NOTE: single-invocation output is SMOKE-GRADE only. For win/loss
    claims use scripts/bench/strict_22q.sh / strict_ab.sh /
    strict_throughput.sh (see scripts/bench/README.md).

--- Q02 ---
  DuckDB        185.05 ms ±  0.00  (4667 rows)

--- Q14 ---
  DuckDB        881.29 ms ±  0.00  (1 rows)

--- Q17 ---
  DuckDB       1172.96 ms ±  0.00  (1 rows)

--- Q06 ---
  DuckDB        525.41 ms ±  0.00  (1 rows)

--- Q11 ---
  DuckDB        174.17 ms ±  0.00  (8685 rows)

--- Q07 ---
  DuckDB       1180.12 ms ±  0.00  (4 rows)

--- Q20 ---
  DuckDB       1457.42 ms ±  0.00  (1804 rows)

--- Q13 ---
  DuckDB       1582.67 ms ±  0.00  (46 rows)

--- Q15 ---
  DuckDB        606.05 ms ±  0.00  (1 rows)

--- Q04 ---
  DuckDB        697.36 ms ±  0.00  (5 rows)

--- Q09 ---
  DuckDB       2144.34 ms ±  0.00  (175 rows)

--- Q21 ---
  DuckDB       2721.18 ms ±  0.00  (4009 rows)

--- Q22 ---
  DuckDB        424.68 ms ±  0.00  (7 rows)

--- Q01 ---
  DuckDB       1776.06 ms ±  0.00  (4 rows)

--- Q10 ---
  DuckDB       1563.40 ms ±  0.00  (381105 rows)

--- Q03 ---
  DuckDB       1108.27 ms ±  0.00  (114003 rows)

--- Q16 ---
  DuckDB        279.86 ms ±  0.00  (27840 rows)

--- Q12 ---
  DuckDB        698.79 ms ±  0.00  (2 rows)

--- Q05 ---
  DuckDB        959.05 ms ±  0.00  (5 rows)

--- Q18 ---
  DuckDB       1502.80 ms ±  0.00  (624 rows)

--- Q19 ---
  DuckDB       1580.56 ms ±  0.00  (1 rows)

--- Q08 ---
  DuckDB       1352.29 ms ±  0.00  (2 rows)

wrote bench-results/sched-arc-2026-07-03/sf10-final/duckdb/s10/batch-1/stream-3.md
