=== TPC-H 22 triangulation bench ===
    data:    /Users/ryanevans/RustroverProjects/ematix-flow/examples/tpch/data/sf10
    queries: 22 ([17, 21, 15, 19, 6, 10, 11, 22, 1, 18, 14, 9, 20, 4, 16, 3, 2, 7, 5, 13, 12, 8])
    trials:  1 (after 0 warmups)
    output:  bench-results/sched-arc-2026-07-03/sf10-final/duckdb/s10/batch-1/stream-8.md

    NOTE: single-invocation output is SMOKE-GRADE only. For win/loss
    claims use scripts/bench/strict_22q.sh / strict_ab.sh /
    strict_throughput.sh (see scripts/bench/README.md).

--- Q17 ---
  DuckDB       1308.49 ms ±  0.00  (1 rows)

--- Q21 ---
  DuckDB       3060.15 ms ±  0.00  (4009 rows)

--- Q15 ---
  DuckDB        703.24 ms ±  0.00  (1 rows)

--- Q19 ---
  DuckDB       1642.16 ms ±  0.00  (1 rows)

--- Q06 ---
  DuckDB        654.74 ms ±  0.00  (1 rows)

--- Q10 ---
  DuckDB       1524.07 ms ±  0.00  (381105 rows)

--- Q11 ---
  DuckDB        160.09 ms ±  0.00  (8685 rows)

--- Q22 ---
  DuckDB        526.13 ms ±  0.00  (7 rows)

--- Q01 ---
  DuckDB       2063.72 ms ±  0.00  (4 rows)

--- Q18 ---
  DuckDB       1664.49 ms ±  0.00  (624 rows)

--- Q14 ---
  DuckDB        826.54 ms ±  0.00  (1 rows)

--- Q09 ---
  DuckDB       2656.73 ms ±  0.00  (175 rows)

--- Q20 ---
  DuckDB       1128.72 ms ±  0.00  (1804 rows)

--- Q04 ---
  DuckDB        750.20 ms ±  0.00  (5 rows)

--- Q16 ---
  DuckDB        659.93 ms ±  0.00  (27840 rows)

--- Q03 ---
  DuckDB       1322.62 ms ±  0.00  (114003 rows)

--- Q02 ---
  DuckDB        276.81 ms ±  0.00  (4667 rows)

--- Q07 ---
  DuckDB       1165.52 ms ±  0.00  (4 rows)

--- Q05 ---
  DuckDB        970.27 ms ±  0.00  (5 rows)

--- Q13 ---
  DuckDB       1746.24 ms ±  0.00  (46 rows)

--- Q12 ---
  DuckDB        493.61 ms ±  0.00  (2 rows)

--- Q08 ---
  DuckDB        189.10 ms ±  0.00  (2 rows)

wrote bench-results/sched-arc-2026-07-03/sf10-final/duckdb/s10/batch-1/stream-8.md
