=== TPC-H 22 triangulation bench ===
    data:    /Users/ryanevans/RustroverProjects/ematix-flow/examples/tpch/data/sf10
    queries: 22 ([19, 22, 14, 11, 5, 18, 8, 16, 7, 20, 13, 1, 15, 4, 17, 9, 10, 6, 12, 21, 3, 2])
    trials:  1 (after 0 warmups)
    output:  bench-results/sched-arc-2026-07-03/sf10-final/duckdb/s10/batch-1/stream-2.md

    NOTE: single-invocation output is SMOKE-GRADE only. For win/loss
    claims use scripts/bench/strict_22q.sh / strict_ab.sh /
    strict_throughput.sh (see scripts/bench/README.md).

--- Q19 ---
  DuckDB        904.27 ms ±  0.00  (1 rows)

--- Q22 ---
  DuckDB        427.57 ms ±  0.00  (7 rows)

--- Q14 ---
  DuckDB        874.42 ms ±  0.00  (1 rows)

--- Q11 ---
  DuckDB        191.83 ms ±  0.00  (8685 rows)

--- Q05 ---
  DuckDB        995.79 ms ±  0.00  (5 rows)

--- Q18 ---
  DuckDB       1832.97 ms ±  0.00  (624 rows)

--- Q08 ---
  DuckDB       1330.36 ms ±  0.00  (2 rows)

--- Q16 ---
  DuckDB        435.84 ms ±  0.00  (27840 rows)

--- Q07 ---
  DuckDB       1084.65 ms ±  0.00  (4 rows)

--- Q20 ---
  DuckDB       1091.48 ms ±  0.00  (1804 rows)

--- Q13 ---
  DuckDB       1638.96 ms ±  0.00  (46 rows)

--- Q01 ---
  DuckDB       2024.03 ms ±  0.00  (4 rows)

--- Q15 ---
  DuckDB        703.11 ms ±  0.00  (1 rows)

--- Q04 ---
  DuckDB        654.14 ms ±  0.00  (5 rows)

--- Q17 ---
  DuckDB       1232.91 ms ±  0.00  (1 rows)

--- Q09 ---
  DuckDB       2237.31 ms ±  0.00  (175 rows)

--- Q10 ---
  DuckDB       2000.43 ms ±  0.00  (381105 rows)

--- Q06 ---
  DuckDB        509.18 ms ±  0.00  (1 rows)

--- Q12 ---
  DuckDB        829.82 ms ±  0.00  (2 rows)

--- Q21 ---
  DuckDB       2894.58 ms ±  0.00  (4009 rows)

--- Q03 ---
  DuckDB       1140.99 ms ±  0.00  (114003 rows)

--- Q02 ---
  DuckDB        277.72 ms ±  0.00  (4667 rows)

wrote bench-results/sched-arc-2026-07-03/sf10-final/duckdb/s10/batch-1/stream-2.md
