=== TPC-H 22 triangulation bench ===
    data:    /Users/ryanevans/RustroverProjects/ematix-flow/examples/tpch/data/sf10
    queries: 22 ([20, 6, 14, 10, 21, 22, 12, 13, 1, 17, 2, 18, 7, 11, 8, 15, 16, 4, 9, 3, 19, 5])
    trials:  1 (after 0 warmups)
    output:  bench-results/sched-diag-2026-07-03/auto-rayon2-rb4/ematix/s10/batch-2/stream-1.md

    NOTE: single-invocation output is SMOKE-GRADE only. For win/loss
    claims use scripts/bench/strict_22q.sh / strict_ab.sh /
    strict_throughput.sh (see scripts/bench/README.md).

--- Q20 ---
  ematix-flow   393.57 ms ±  0.00  (1804 rows)

--- Q06 ---
  ematix-flow   155.24 ms ±  0.00  (1 rows)

--- Q14 ---
  ematix-flow   372.89 ms ±  0.00  (1 rows)

--- Q10 ---
  ematix-flow  1586.32 ms ±  0.00  (381105 rows)

--- Q21 ---
  ematix-flow  2043.54 ms ±  0.00  (4009 rows)

--- Q22 ---
  ematix-flow   558.42 ms ±  0.00  (7 rows)

--- Q12 ---
  ematix-flow   731.87 ms ±  0.00  (2 rows)

--- Q13 ---
  ematix-flow  1853.32 ms ±  0.00  (46 rows)

--- Q01 ---
  ematix-flow  4541.61 ms ±  0.00  (4 rows)

--- Q17 ---
  ematix-flow   679.68 ms ±  0.00  (1 rows)

--- Q02 ---
  ematix-flow    99.53 ms ±  0.00  (4667 rows)

--- Q18 ---
  ematix-flow  3992.71 ms ±  0.00  (624 rows)

--- Q07 ---
  ematix-flow  1292.77 ms ±  0.00  (4 rows)

--- Q11 ---
  ematix-flow   197.81 ms ±  0.00  (8685 rows)

--- Q08 ---
  ematix-flow   977.40 ms ±  0.00  (2 rows)

--- Q15 ---
  ematix-flow   391.67 ms ±  0.00  (1 rows)

--- Q16 ---
  ematix-flow   400.41 ms ±  0.00  (27840 rows)

--- Q04 ---
  ematix-flow   708.40 ms ±  0.00  (5 rows)

--- Q09 ---
  ematix-flow  3444.58 ms ±  0.00  (175 rows)

--- Q03 ---
  ematix-flow  1211.86 ms ±  0.00  (114003 rows)

--- Q19 ---
  ematix-flow   489.57 ms ±  0.00  (1 rows)

--- Q05 ---
  ematix-flow  1169.65 ms ±  0.00  (5 rows)

wrote bench-results/sched-diag-2026-07-03/auto-rayon2-rb4/ematix/s10/batch-2/stream-1.md
