=== TPC-H 22 triangulation bench ===
    data:    /Users/ryanevans/RustroverProjects/ematix-flow/examples/tpch/data/sf10
    queries: 22 ([21, 13, 19, 22, 10, 14, 5, 7, 4, 16, 6, 2, 3, 18, 11, 8, 15, 1, 17, 12, 9, 20])
    trials:  1 (after 0 warmups)
    output:  bench-results/sched-diag-2026-07-03/auto-rayon2-rb4/ematix/s10/batch-2/stream-5.md

    NOTE: single-invocation output is SMOKE-GRADE only. For win/loss
    claims use scripts/bench/strict_22q.sh / strict_ab.sh /
    strict_throughput.sh (see scripts/bench/README.md).

--- Q21 ---
  ematix-flow  2867.88 ms ±  0.00  (4009 rows)

--- Q13 ---
  ematix-flow  1610.46 ms ±  0.00  (46 rows)

--- Q19 ---
  ematix-flow   440.29 ms ±  0.00  (1 rows)

--- Q22 ---
  ematix-flow   244.48 ms ±  0.00  (7 rows)

--- Q10 ---
  ematix-flow  1484.46 ms ±  0.00  (381105 rows)

--- Q14 ---
  ematix-flow   239.14 ms ±  0.00  (1 rows)

--- Q05 ---
  ematix-flow   900.45 ms ±  0.00  (5 rows)

--- Q07 ---
  ematix-flow   959.06 ms ±  0.00  (4 rows)

--- Q04 ---
  ematix-flow   822.72 ms ±  0.00  (5 rows)

--- Q16 ---
  ematix-flow   434.23 ms ±  0.00  (27840 rows)

--- Q06 ---
  ematix-flow   214.50 ms ±  0.00  (1 rows)

--- Q02 ---
  ematix-flow   176.60 ms ±  0.00  (4667 rows)

--- Q03 ---
  ematix-flow  1215.23 ms ±  0.00  (114003 rows)

--- Q18 ---
  ematix-flow  4322.95 ms ±  0.00  (624 rows)

--- Q11 ---
  ematix-flow   183.61 ms ±  0.00  (8685 rows)

--- Q08 ---
  ematix-flow   941.53 ms ±  0.00  (2 rows)

--- Q15 ---
  ematix-flow   396.74 ms ±  0.00  (1 rows)

--- Q01 ---
  ematix-flow  4660.39 ms ±  0.00  (4 rows)

--- Q17 ---
  ematix-flow   721.24 ms ±  0.00  (1 rows)

--- Q12 ---
  ematix-flow   642.71 ms ±  0.00  (2 rows)

--- Q09 ---
  ematix-flow  4024.87 ms ±  0.00  (175 rows)

--- Q20 ---
  ematix-flow  1235.67 ms ±  0.00  (1804 rows)

wrote bench-results/sched-diag-2026-07-03/auto-rayon2-rb4/ematix/s10/batch-2/stream-5.md
