=== TPC-H 22 triangulation bench ===
    data:    /Users/ryanevans/RustroverProjects/ematix-flow/examples/tpch/data/sf10
    queries: 22 ([20, 6, 14, 10, 21, 22, 12, 13, 1, 17, 2, 18, 7, 11, 8, 15, 16, 4, 9, 3, 19, 5])
    trials:  1 (after 0 warmups)
    output:  bench-results/campaign-2026-07-01/tput-sf10-p2-diag/ematix/s10/batch-1/stream-1.md

    NOTE: single-invocation output is SMOKE-GRADE only. For win/loss
    claims use scripts/bench/strict_22q.sh / strict_ab.sh /
    strict_throughput.sh (see scripts/bench/README.md).

--- Q20 ---
  ematix-flow  1461.58 ms ±  0.00  (1804 rows)

--- Q06 ---
  ematix-flow   269.88 ms ±  0.00  (1 rows)

--- Q14 ---
  ematix-flow   290.97 ms ±  0.00  (1 rows)

--- Q10 ---
  ematix-flow  1415.85 ms ±  0.00  (381105 rows)

--- Q21 ---
  ematix-flow  2386.61 ms ±  0.00  (4009 rows)

--- Q22 ---
  ematix-flow   422.01 ms ±  0.00  (7 rows)

--- Q12 ---
  ematix-flow   592.15 ms ±  0.00  (2 rows)

--- Q13 ---
  ematix-flow  1797.31 ms ±  0.00  (46 rows)

--- Q01 ---
  ematix-flow  4452.73 ms ±  0.00  (4 rows)

--- Q17 ---
  ematix-flow   524.02 ms ±  0.00  (1 rows)

--- Q02 ---
  ematix-flow   114.47 ms ±  0.00  (4667 rows)

--- Q18 ---
  ematix-flow  5653.04 ms ±  0.00  (624 rows)

--- Q07 ---
  ematix-flow   786.85 ms ±  0.00  (4 rows)

--- Q11 ---
  ematix-flow   122.20 ms ±  0.00  (8685 rows)

--- Q08 ---
  ematix-flow   933.44 ms ±  0.00  (2 rows)

--- Q15 ---
  ematix-flow   414.51 ms ±  0.00  (1 rows)

--- Q16 ---
  ematix-flow   560.84 ms ±  0.00  (27840 rows)

--- Q04 ---
  ematix-flow   767.76 ms ±  0.00  (5 rows)

--- Q09 ---
  ematix-flow  4973.66 ms ±  0.00  (175 rows)

--- Q03 ---
  ematix-flow  1311.86 ms ±  0.00  (114003 rows)

--- Q19 ---
  ematix-flow   520.71 ms ±  0.00  (1 rows)

--- Q05 ---
  ematix-flow  1379.56 ms ±  0.00  (5 rows)

wrote bench-results/campaign-2026-07-01/tput-sf10-p2-diag/ematix/s10/batch-1/stream-1.md
