=== TPC-H 22 triangulation bench ===
    data:    /Users/ryanevans/RustroverProjects/ematix-flow/examples/tpch/data/sf10
    queries: 22 ([17, 21, 15, 19, 6, 10, 11, 22, 1, 18, 14, 9, 20, 4, 16, 3, 2, 7, 5, 13, 12, 8])
    trials:  1 (after 0 warmups)
    output:  bench-results/campaign-2026-07-01/tput-sf10-p2-diag/ematix/s10/batch-1/stream-8.md

    NOTE: single-invocation output is SMOKE-GRADE only. For win/loss
    claims use scripts/bench/strict_22q.sh / strict_ab.sh /
    strict_throughput.sh (see scripts/bench/README.md).

--- Q17 ---
  ematix-flow   737.19 ms ±  0.00  (1 rows)

--- Q21 ---
  ematix-flow  2552.03 ms ±  0.00  (4009 rows)

--- Q15 ---
  ematix-flow   369.24 ms ±  0.00  (1 rows)

--- Q19 ---
  ematix-flow   340.68 ms ±  0.00  (1 rows)

--- Q06 ---
  ematix-flow   176.98 ms ±  0.00  (1 rows)

--- Q10 ---
  ematix-flow  1256.40 ms ±  0.00  (381105 rows)

--- Q11 ---
  ematix-flow   191.86 ms ±  0.00  (8685 rows)

--- Q22 ---
  ematix-flow   190.58 ms ±  0.00  (7 rows)

--- Q01 ---
  ematix-flow  4553.82 ms ±  0.00  (4 rows)

--- Q18 ---
  ematix-flow  5473.31 ms ±  0.00  (624 rows)

--- Q14 ---
  ematix-flow   248.12 ms ±  0.00  (1 rows)

--- Q09 ---
  ematix-flow  3241.98 ms ±  0.00  (175 rows)

--- Q20 ---
  ematix-flow   850.93 ms ±  0.00  (1804 rows)

--- Q04 ---
  ematix-flow   840.71 ms ±  0.00  (5 rows)

--- Q16 ---
  ematix-flow   605.57 ms ±  0.00  (27840 rows)

--- Q03 ---
  ematix-flow  1013.98 ms ±  0.00  (114003 rows)

--- Q02 ---
  ematix-flow    93.56 ms ±  0.00  (4667 rows)

--- Q07 ---
  ematix-flow  1084.42 ms ±  0.00  (4 rows)

--- Q05 ---
  ematix-flow  2867.96 ms ±  0.00  (5 rows)

--- Q13 ---
  ematix-flow  1805.82 ms ±  0.00  (46 rows)

--- Q12 ---
  ematix-flow  1199.43 ms ±  0.00  (2 rows)

--- Q08 ---
  ematix-flow  1029.21 ms ±  0.00  (2 rows)

wrote bench-results/campaign-2026-07-01/tput-sf10-p2-diag/ematix/s10/batch-1/stream-8.md
