=== TPC-H 22 triangulation bench ===
    data:    /Users/ryanevans/RustroverProjects/ematix-flow/examples/tpch/data/sf10
    queries: 22 ([13, 18, 3, 7, 11, 4, 21, 16, 14, 22, 2, 10, 8, 19, 17, 1, 6, 5, 9, 12, 20, 15])
    trials:  1 (after 0 warmups)
    output:  bench-results/campaign-2026-07-01/tput-sf10-p2-diag/ematix/s10/batch-1/stream-9.md

    NOTE: single-invocation output is SMOKE-GRADE only. For win/loss
    claims use scripts/bench/strict_22q.sh / strict_ab.sh /
    strict_throughput.sh (see scripts/bench/README.md).

--- Q13 ---
  ematix-flow  1735.90 ms ±  0.00  (46 rows)

--- Q18 ---
  ematix-flow  4355.14 ms ±  0.00  (624 rows)

--- Q03 ---
  ematix-flow   904.89 ms ±  0.00  (114003 rows)

--- Q07 ---
  ematix-flow  1093.65 ms ±  0.00  (4 rows)

--- Q11 ---
  ematix-flow   174.86 ms ±  0.00  (8685 rows)

--- Q04 ---
  ematix-flow   712.93 ms ±  0.00  (5 rows)

--- Q21 ---
  ematix-flow  2772.41 ms ±  0.00  (4009 rows)

--- Q16 ---
  ematix-flow   437.38 ms ±  0.00  (27840 rows)

--- Q14 ---
  ematix-flow   208.54 ms ±  0.00  (1 rows)

--- Q22 ---
  ematix-flow   376.72 ms ±  0.00  (7 rows)

--- Q02 ---
  ematix-flow    78.56 ms ±  0.00  (4667 rows)

--- Q10 ---
  ematix-flow  1294.18 ms ±  0.00  (381105 rows)

--- Q08 ---
  ematix-flow  1014.43 ms ±  0.00  (2 rows)

--- Q19 ---
  ematix-flow   401.69 ms ±  0.00  (1 rows)

--- Q17 ---
  ematix-flow   681.73 ms ±  0.00  (1 rows)

--- Q01 ---
  ematix-flow  4138.23 ms ±  0.00  (4 rows)

--- Q06 ---
  ematix-flow   355.82 ms ±  0.00  (1 rows)

--- Q05 ---
  ematix-flow  1642.43 ms ±  0.00  (5 rows)

--- Q09 ---
  ematix-flow  4721.89 ms ±  0.00  (175 rows)

--- Q12 ---
  ematix-flow   820.53 ms ±  0.00  (2 rows)

--- Q20 ---
  ematix-flow  1546.54 ms ±  0.00  (1804 rows)

--- Q15 ---
  ematix-flow   488.76 ms ±  0.00  (1 rows)

wrote bench-results/campaign-2026-07-01/tput-sf10-p2-diag/ematix/s10/batch-1/stream-9.md
