=== TPC-H 22 triangulation bench ===
    data:    /Users/ryanevans/RustroverProjects/ematix-flow/examples/tpch/data/sf10
    queries: 22 ([2, 14, 17, 6, 11, 7, 20, 13, 15, 4, 9, 21, 22, 1, 10, 3, 16, 12, 5, 18, 19, 8])
    trials:  1 (after 0 warmups)
    output:  bench-results/campaign-2026-07-01/tput-sf10-p2-diag/ematix/s10/batch-1/stream-3.md

    NOTE: single-invocation output is SMOKE-GRADE only. For win/loss
    claims use scripts/bench/strict_22q.sh / strict_ab.sh /
    strict_throughput.sh (see scripts/bench/README.md).

--- Q02 ---
  ematix-flow   110.01 ms ±  0.00  (4667 rows)

--- Q14 ---
  ematix-flow   326.07 ms ±  0.00  (1 rows)

--- Q17 ---
  ematix-flow   803.93 ms ±  0.00  (1 rows)

--- Q06 ---
  ematix-flow    94.73 ms ±  0.00  (1 rows)

--- Q11 ---
  ematix-flow   143.86 ms ±  0.00  (8685 rows)

--- Q07 ---
  ematix-flow  1067.01 ms ±  0.00  (4 rows)

--- Q20 ---
  ematix-flow   907.44 ms ±  0.00  (1804 rows)

--- Q13 ---
  ematix-flow  1441.89 ms ±  0.00  (46 rows)

--- Q15 ---
  ematix-flow   357.26 ms ±  0.00  (1 rows)

--- Q04 ---
  ematix-flow   530.98 ms ±  0.00  (5 rows)

--- Q09 ---
  ematix-flow  3869.21 ms ±  0.00  (175 rows)

--- Q21 ---
  ematix-flow  2682.97 ms ±  0.00  (4009 rows)

--- Q22 ---
  ematix-flow   256.30 ms ±  0.00  (7 rows)

--- Q01 ---
  ematix-flow  4263.96 ms ±  0.00  (4 rows)

--- Q10 ---
  ematix-flow  1564.15 ms ±  0.00  (381105 rows)

--- Q03 ---
  ematix-flow   942.68 ms ±  0.00  (114003 rows)

--- Q16 ---
  ematix-flow   438.45 ms ±  0.00  (27840 rows)

--- Q12 ---
  ematix-flow   492.91 ms ±  0.00  (2 rows)

--- Q05 ---
  ematix-flow  1900.84 ms ±  0.00  (5 rows)

--- Q18 ---
  ematix-flow  7222.95 ms ±  0.00  (624 rows)

--- Q19 ---
  ematix-flow   616.95 ms ±  0.00  (1 rows)

--- Q08 ---
  ematix-flow   946.36 ms ±  0.00  (2 rows)

wrote bench-results/campaign-2026-07-01/tput-sf10-p2-diag/ematix/s10/batch-1/stream-3.md
