=== TPC-H 22 triangulation bench ===
    data:    /Users/ryanevans/RustroverProjects/ematix-flow/examples/tpch/data/sf10
    queries: 22 ([21, 13, 19, 22, 10, 14, 5, 7, 4, 16, 6, 2, 3, 18, 11, 8, 15, 1, 17, 12, 9, 20])
    trials:  1 (after 0 warmups)
    output:  bench-results/campaign-2026-07-01/tput-sf10-p2-diag/ematix/s10/batch-1/stream-5.md

    NOTE: single-invocation output is SMOKE-GRADE only. For win/loss
    claims use scripts/bench/strict_22q.sh / strict_ab.sh /
    strict_throughput.sh (see scripts/bench/README.md).

--- Q21 ---
  ematix-flow  2976.52 ms ±  0.00  (4009 rows)

--- Q13 ---
  ematix-flow  1468.46 ms ±  0.00  (46 rows)

--- Q19 ---
  ematix-flow   332.23 ms ±  0.00  (1 rows)

--- Q22 ---
  ematix-flow   219.20 ms ±  0.00  (7 rows)

--- Q10 ---
  ematix-flow  1202.54 ms ±  0.00  (381105 rows)

--- Q14 ---
  ematix-flow   254.42 ms ±  0.00  (1 rows)

--- Q05 ---
  ematix-flow  1836.17 ms ±  0.00  (5 rows)

--- Q07 ---
  ematix-flow   878.91 ms ±  0.00  (4 rows)

--- Q04 ---
  ematix-flow   780.89 ms ±  0.00  (5 rows)

--- Q16 ---
  ematix-flow   536.48 ms ±  0.00  (27840 rows)

--- Q06 ---
  ematix-flow   133.16 ms ±  0.00  (1 rows)

--- Q02 ---
  ematix-flow   195.85 ms ±  0.00  (4667 rows)

--- Q03 ---
  ematix-flow  1107.46 ms ±  0.00  (114003 rows)

--- Q18 ---
  ematix-flow  5657.39 ms ±  0.00  (624 rows)

--- Q11 ---
  ematix-flow   245.96 ms ±  0.00  (8685 rows)

--- Q08 ---
  ematix-flow   858.57 ms ±  0.00  (2 rows)

--- Q15 ---
  ematix-flow   330.15 ms ±  0.00  (1 rows)

--- Q01 ---
  ematix-flow  4484.18 ms ±  0.00  (4 rows)

--- Q17 ---
  ematix-flow   632.35 ms ±  0.00  (1 rows)

--- Q12 ---
  ematix-flow   735.20 ms ±  0.00  (2 rows)

--- Q09 ---
  ematix-flow  4925.03 ms ±  0.00  (175 rows)

--- Q20 ---
  ematix-flow  1168.56 ms ±  0.00  (1804 rows)

wrote bench-results/campaign-2026-07-01/tput-sf10-p2-diag/ematix/s10/batch-1/stream-5.md
