=== TPC-H 22 triangulation bench ===
    data:    /Users/ryanevans/RustroverProjects/ematix-flow/examples/tpch/data/sf10
    queries: 22 ([13, 5, 9, 8, 1, 14, 2, 7, 4, 21, 22, 16, 11, 15, 17, 10, 19, 18, 12, 6, 20, 3])
    trials:  1 (after 0 warmups)
    output:  /Users/ryanevans/RustroverProjects/ematix-flow/bench-results/campaign-2026-07-01/tput-sf10/ematix/s100/batch-2/stream-72.md

    NOTE: single-invocation output is SMOKE-GRADE only. For win/loss
    claims use scripts/bench/strict_22q.sh / strict_ab.sh /
    strict_throughput.sh (see scripts/bench/README.md).

--- Q13 ---
  ematix-flow  2330.23 ms ±  0.00  (46 rows)

--- Q05 ---
  ematix-flow  5297.63 ms ±  0.00  (5 rows)

--- Q09 ---
  ematix-flow  8876.21 ms ±  0.00  (175 rows)

--- Q08 ---
  ematix-flow  3055.78 ms ±  0.00  (2 rows)

--- Q01 ---
  ematix-flow  2774.61 ms ±  0.00  (4 rows)

--- Q14 ---
  ematix-flow   409.56 ms ±  0.00  (1 rows)

--- Q02 ---
  ematix-flow   260.72 ms ±  0.00  (4667 rows)

--- Q07 ---
  ematix-flow  1564.48 ms ±  0.00  (4 rows)

--- Q04 ---
  ematix-flow  1255.69 ms ±  0.00  (5 rows)

--- Q21 ---
  ematix-flow  6706.68 ms ±  0.00  (4009 rows)

--- Q22 ---
  ematix-flow   898.09 ms ±  0.00  (7 rows)

--- Q16 ---
  ematix-flow  1835.30 ms ±  0.00  (27840 rows)

--- Q11 ---
  ematix-flow   188.60 ms ±  0.00  (8685 rows)

--- Q15 ---
  ematix-flow   356.24 ms ±  0.00  (1 rows)

--- Q17 ---
  ematix-flow  4647.31 ms ±  0.00  (1 rows)

--- Q10 ---
  ematix-flow  8668.18 ms ±  0.00  (381105 rows)

--- Q19 ---
  ematix-flow   848.52 ms ±  0.00  (1 rows)

--- Q18 ---
  ematix-flow  6836.94 ms ±  0.00  (624 rows)

--- Q12 ---
  ematix-flow  1740.72 ms ±  0.00  (2 rows)

--- Q06 ---
  ematix-flow  1077.50 ms ±  0.00  (1 rows)

--- Q20 ---
  ematix-flow  3073.99 ms ±  0.00  (1804 rows)

--- Q03 ---
  ematix-flow  1846.91 ms ±  0.00  (114003 rows)

wrote /Users/ryanevans/RustroverProjects/ematix-flow/bench-results/campaign-2026-07-01/tput-sf10/ematix/s100/batch-2/stream-72.md
