=== TPC-H 22 triangulation bench ===
    data:    /Users/ryanevans/RustroverProjects/ematix-flow/examples/tpch/data/sf10
    queries: 22 ([15, 13, 18, 10, 3, 6, 1, 7, 4, 8, 17, 9, 11, 21, 5, 16, 20, 14, 22, 2, 19, 12])
    trials:  1 (after 0 warmups)
    output:  /Users/ryanevans/RustroverProjects/ematix-flow/bench-results/campaign-2026-07-01/tput-sf10/ematix/s100/batch-2/stream-98.md

    NOTE: single-invocation output is SMOKE-GRADE only. For win/loss
    claims use scripts/bench/strict_22q.sh / strict_ab.sh /
    strict_throughput.sh (see scripts/bench/README.md).

--- Q15 ---
  ematix-flow   554.69 ms ±  0.00  (1 rows)

--- Q13 ---
  ematix-flow  3947.54 ms ±  0.00  (46 rows)

--- Q18 ---
  ematix-flow  7814.48 ms ±  0.00  (624 rows)

--- Q10 ---
  ematix-flow  5010.40 ms ±  0.00  (381105 rows)

--- Q03 ---
  ematix-flow  4976.80 ms ±  0.00  (114003 rows)

--- Q06 ---
  ematix-flow  2955.68 ms ±  0.00  (1 rows)

--- Q01 ---
  ematix-flow  5293.77 ms ±  0.00  (4 rows)

--- Q07 ---
  ematix-flow  3473.31 ms ±  0.00  (4 rows)

--- Q04 ---
  ematix-flow  1672.35 ms ±  0.00  (5 rows)

--- Q08 ---
  ematix-flow  3505.49 ms ±  0.00  (2 rows)

--- Q17 ---
  ematix-flow  3183.22 ms ±  0.00  (1 rows)

--- Q09 ---
  ematix-flow  3492.96 ms ±  0.00  (175 rows)

--- Q11 ---
  ematix-flow   321.79 ms ±  0.00  (8685 rows)

--- Q21 ---
  ematix-flow  2558.18 ms ±  0.00  (4009 rows)

--- Q05 ---
  ematix-flow  1152.40 ms ±  0.00  (5 rows)

--- Q16 ---
  ematix-flow   313.26 ms ±  0.00  (27840 rows)

--- Q20 ---
  ematix-flow   423.14 ms ±  0.00  (1804 rows)

--- Q14 ---
  ematix-flow   156.98 ms ±  0.00  (1 rows)

--- Q22 ---
  ematix-flow   141.54 ms ±  0.00  (7 rows)

--- Q02 ---
  ematix-flow   168.27 ms ±  0.00  (4667 rows)

--- Q19 ---
  ematix-flow   215.07 ms ±  0.00  (1 rows)

--- Q12 ---
  ematix-flow   109.09 ms ±  0.00  (2 rows)

wrote /Users/ryanevans/RustroverProjects/ematix-flow/bench-results/campaign-2026-07-01/tput-sf10/ematix/s100/batch-2/stream-98.md
