=== TPC-H 22 triangulation bench ===
    data:    /Users/ryanevans/RustroverProjects/ematix-flow/examples/tpch/data/sf10
    queries: 22 ([18, 6, 8, 19, 1, 12, 2, 9, 7, 16, 21, 13, 17, 14, 3, 22, 11, 5, 20, 15, 10, 4])
    trials:  1 (after 0 warmups)
    output:  /Users/ryanevans/RustroverProjects/ematix-flow/bench-results/campaign-2026-07-01/tput-sf10/ematix/s100/batch-2/stream-70.md

    NOTE: single-invocation output is SMOKE-GRADE only. For win/loss
    claims use scripts/bench/strict_22q.sh / strict_ab.sh /
    strict_throughput.sh (see scripts/bench/README.md).

--- Q18 ---
  ematix-flow  9426.20 ms ±  0.00  (624 rows)

--- Q06 ---
  ematix-flow   792.56 ms ±  0.00  (1 rows)

--- Q08 ---
  ematix-flow  2976.01 ms ±  0.00  (2 rows)

--- Q19 ---
  ematix-flow   812.83 ms ±  0.00  (1 rows)

--- Q01 ---
  ematix-flow  3831.44 ms ±  0.00  (4 rows)

--- Q12 ---
  ematix-flow   766.94 ms ±  0.00  (2 rows)

--- Q02 ---
  ematix-flow   635.46 ms ±  0.00  (4667 rows)

--- Q09 ---
  ematix-flow  9377.31 ms ±  0.00  (175 rows)

--- Q07 ---
  ematix-flow  4478.29 ms ±  0.00  (4 rows)

--- Q16 ---
  ematix-flow  2522.07 ms ±  0.00  (27840 rows)

--- Q21 ---
  ematix-flow  13946.91 ms ±  0.00  (4009 rows)

--- Q13 ---
  ematix-flow  3511.67 ms ±  0.00  (46 rows)

--- Q17 ---
  ematix-flow  2620.30 ms ±  0.00  (1 rows)

--- Q14 ---
  ematix-flow   926.19 ms ±  0.00  (1 rows)

--- Q03 ---
  ematix-flow  3396.68 ms ±  0.00  (114003 rows)

--- Q22 ---
  ematix-flow   640.60 ms ±  0.00  (7 rows)

--- Q11 ---
  ematix-flow   926.09 ms ±  0.00  (8685 rows)

--- Q05 ---
  ematix-flow  6872.99 ms ±  0.00  (5 rows)

--- Q20 ---
  ematix-flow  1314.99 ms ±  0.00  (1804 rows)

--- Q15 ---
  ematix-flow   868.02 ms ±  0.00  (1 rows)

--- Q10 ---
  ematix-flow  2109.05 ms ±  0.00  (381105 rows)

--- Q04 ---
  ematix-flow  1265.82 ms ±  0.00  (5 rows)

wrote /Users/ryanevans/RustroverProjects/ematix-flow/bench-results/campaign-2026-07-01/tput-sf10/ematix/s100/batch-2/stream-70.md
