=== TPC-H 22 triangulation bench ===
    data:    /Users/ryanevans/RustroverProjects/ematix-flow/examples/tpch/data/sf10
    queries: 22 ([13, 19, 2, 3, 15, 17, 20, 16, 12, 22, 7, 5, 21, 8, 11, 1, 14, 10, 9, 4, 6, 18])
    trials:  1 (after 0 warmups)
    output:  /Users/ryanevans/RustroverProjects/ematix-flow/bench-results/campaign-2026-07-01/tput-sf10/ematix/s100/batch-2/stream-94.md

    NOTE: single-invocation output is SMOKE-GRADE only. For win/loss
    claims use scripts/bench/strict_22q.sh / strict_ab.sh /
    strict_throughput.sh (see scripts/bench/README.md).

--- Q13 ---
  ematix-flow  2163.12 ms ±  0.00  (46 rows)

--- Q19 ---
  ematix-flow   584.22 ms ±  0.00  (1 rows)

--- Q02 ---
  ematix-flow  1054.70 ms ±  0.00  (4667 rows)

--- Q03 ---
  ematix-flow  5422.16 ms ±  0.00  (114003 rows)

--- Q15 ---
  ematix-flow   675.04 ms ±  0.00  (1 rows)

--- Q17 ---
  ematix-flow   550.78 ms ±  0.00  (1 rows)

--- Q20 ---
  ematix-flow  1298.30 ms ±  0.00  (1804 rows)

--- Q16 ---
  ematix-flow  1194.82 ms ±  0.00  (27840 rows)

--- Q12 ---
  ematix-flow  2056.41 ms ±  0.00  (2 rows)

--- Q22 ---
  ematix-flow   831.83 ms ±  0.00  (7 rows)

--- Q07 ---
  ematix-flow  1654.16 ms ±  0.00  (4 rows)

--- Q05 ---
  ematix-flow  2917.27 ms ±  0.00  (5 rows)

--- Q21 ---
  ematix-flow  9003.90 ms ±  0.00  (4009 rows)

--- Q08 ---
  ematix-flow  4832.74 ms ±  0.00  (2 rows)

--- Q11 ---
  ematix-flow   578.47 ms ±  0.00  (8685 rows)

--- Q01 ---
  ematix-flow  4155.62 ms ±  0.00  (4 rows)

--- Q14 ---
  ematix-flow  2262.11 ms ±  0.00  (1 rows)

--- Q10 ---
  ematix-flow  7469.03 ms ±  0.00  (381105 rows)

--- Q09 ---
  ematix-flow  8306.50 ms ±  0.00  (175 rows)

--- Q04 ---
  ematix-flow  1163.41 ms ±  0.00  (5 rows)

--- Q06 ---
  ematix-flow   976.42 ms ±  0.00  (1 rows)

--- Q18 ---
  ematix-flow  5728.24 ms ±  0.00  (624 rows)

wrote /Users/ryanevans/RustroverProjects/ematix-flow/bench-results/campaign-2026-07-01/tput-sf10/ematix/s100/batch-2/stream-94.md
