=== TPC-H 22 triangulation bench ===
    data:    /Users/ryanevans/RustroverProjects/ematix-flow/examples/tpch/data/sf10
    queries: 22 ([19, 18, 21, 15, 13, 17, 8, 14, 9, 16, 7, 22, 12, 5, 4, 6, 20, 3, 10, 1, 2, 11])
    trials:  1 (after 0 warmups)
    output:  /Users/ryanevans/RustroverProjects/ematix-flow/bench-results/campaign-2026-07-01/tput-sf10/ematix/s100/batch-2/stream-36.md

    NOTE: single-invocation output is SMOKE-GRADE only. For win/loss
    claims use scripts/bench/strict_22q.sh / strict_ab.sh /
    strict_throughput.sh (see scripts/bench/README.md).

--- Q19 ---
  ematix-flow   627.30 ms ±  0.00  (1 rows)

--- Q18 ---
  ematix-flow  3524.99 ms ±  0.00  (624 rows)

--- Q21 ---
  ematix-flow  8992.88 ms ±  0.00  (4009 rows)

--- Q15 ---
  ematix-flow   891.70 ms ±  0.00  (1 rows)

--- Q13 ---
  ematix-flow  6788.75 ms ±  0.00  (46 rows)

--- Q17 ---
  ematix-flow  3357.53 ms ±  0.00  (1 rows)

--- Q08 ---
  ematix-flow  4966.64 ms ±  0.00  (2 rows)

--- Q14 ---
  ematix-flow   685.72 ms ±  0.00  (1 rows)

--- Q09 ---
  ematix-flow  8616.15 ms ±  0.00  (175 rows)

--- Q16 ---
  ematix-flow   883.56 ms ±  0.00  (27840 rows)

--- Q07 ---
  ematix-flow  3652.10 ms ±  0.00  (4 rows)

--- Q22 ---
  ematix-flow  2951.22 ms ±  0.00  (7 rows)

--- Q12 ---
  ematix-flow  2498.05 ms ±  0.00  (2 rows)

--- Q05 ---
  ematix-flow  6239.56 ms ±  0.00  (5 rows)

--- Q04 ---
  ematix-flow  1302.94 ms ±  0.00  (5 rows)

--- Q06 ---
  ematix-flow  1642.67 ms ±  0.00  (1 rows)

--- Q20 ---
  ematix-flow  2868.41 ms ±  0.00  (1804 rows)

--- Q03 ---
  ematix-flow  2276.83 ms ±  0.00  (114003 rows)

--- Q10 ---
  ematix-flow  3427.68 ms ±  0.00  (381105 rows)

--- Q01 ---
  ematix-flow  2523.65 ms ±  0.00  (4 rows)

--- Q02 ---
  ematix-flow   188.31 ms ±  0.00  (4667 rows)

--- Q11 ---
  ematix-flow   222.10 ms ±  0.00  (8685 rows)

wrote /Users/ryanevans/RustroverProjects/ematix-flow/bench-results/campaign-2026-07-01/tput-sf10/ematix/s100/batch-2/stream-36.md
