=== TPC-H 22 triangulation bench ===
    data:    /Users/ryanevans/RustroverProjects/ematix-flow/examples/tpch/data/sf10
    queries: 22 ([2, 4, 15, 18, 17, 14, 21, 16, 3, 6, 5, 11, 19, 10, 12, 20, 8, 22, 1, 13, 9, 7])
    trials:  1 (after 0 warmups)
    output:  /Users/ryanevans/RustroverProjects/ematix-flow/bench-results/campaign-2026-07-01/tput-sf10/ematix/s100/batch-2/stream-39.md

    NOTE: single-invocation output is SMOKE-GRADE only. For win/loss
    claims use scripts/bench/strict_22q.sh / strict_ab.sh /
    strict_throughput.sh (see scripts/bench/README.md).

--- Q02 ---
  ematix-flow   213.72 ms ±  0.00  (4667 rows)

--- Q04 ---
  ematix-flow   803.46 ms ±  0.00  (5 rows)

--- Q15 ---
  ematix-flow   460.17 ms ±  0.00  (1 rows)

--- Q18 ---
  ematix-flow  5247.26 ms ±  0.00  (624 rows)

--- Q17 ---
  ematix-flow  2755.73 ms ±  0.00  (1 rows)

--- Q14 ---
  ematix-flow   711.15 ms ±  0.00  (1 rows)

--- Q21 ---
  ematix-flow  16205.22 ms ±  0.00  (4009 rows)

--- Q16 ---
  ematix-flow  2332.82 ms ±  0.00  (27840 rows)

--- Q03 ---
  ematix-flow  3849.58 ms ±  0.00  (114003 rows)

--- Q06 ---
  ematix-flow  1574.57 ms ±  0.00  (1 rows)

--- Q05 ---
  ematix-flow  7538.58 ms ±  0.00  (5 rows)

--- Q11 ---
  ematix-flow   750.19 ms ±  0.00  (8685 rows)

--- Q19 ---
  ematix-flow  1129.77 ms ±  0.00  (1 rows)

--- Q10 ---
  ematix-flow  9839.51 ms ±  0.00  (381105 rows)

--- Q12 ---
  ematix-flow  1163.04 ms ±  0.00  (2 rows)

--- Q20 ---
  ematix-flow  2560.64 ms ±  0.00  (1804 rows)

--- Q08 ---
  ematix-flow  3125.56 ms ±  0.00  (2 rows)

--- Q22 ---
  ematix-flow  1180.55 ms ±  0.00  (7 rows)

--- Q01 ---
  ematix-flow  3559.38 ms ±  0.00  (4 rows)

--- Q13 ---
  ematix-flow  2866.65 ms ±  0.00  (46 rows)

--- Q09 ---
  ematix-flow  1708.25 ms ±  0.00  (175 rows)

--- Q07 ---
  ematix-flow  1158.93 ms ±  0.00  (4 rows)

wrote /Users/ryanevans/RustroverProjects/ematix-flow/bench-results/campaign-2026-07-01/tput-sf10/ematix/s100/batch-2/stream-39.md
