=== TPC-H 22 triangulation bench ===
    data:    /Users/ryanevans/RustroverProjects/ematix-flow/examples/tpch/data/sf10
    queries: 22 ([17, 2, 3, 14, 11, 22, 9, 1, 12, 21, 7, 19, 6, 8, 4, 13, 20, 16, 10, 18, 15, 5])
    trials:  1 (after 0 warmups)
    output:  /Users/ryanevans/RustroverProjects/ematix-flow/bench-results/campaign-2026-07-01/tput-sf10/ematix/s100/batch-2/stream-54.md

    NOTE: single-invocation output is SMOKE-GRADE only. For win/loss
    claims use scripts/bench/strict_22q.sh / strict_ab.sh /
    strict_throughput.sh (see scripts/bench/README.md).

--- Q17 ---
  ematix-flow   556.10 ms ±  0.00  (1 rows)

--- Q02 ---
  ematix-flow   133.22 ms ±  0.00  (4667 rows)

--- Q03 ---
  ematix-flow  1360.06 ms ±  0.00  (114003 rows)

--- Q14 ---
  ematix-flow   581.54 ms ±  0.00  (1 rows)

--- Q11 ---
  ematix-flow   457.25 ms ±  0.00  (8685 rows)

--- Q22 ---
  ematix-flow   536.63 ms ±  0.00  (7 rows)

--- Q09 ---
  ematix-flow  11029.89 ms ±  0.00  (175 rows)

--- Q01 ---
  ematix-flow  4098.95 ms ±  0.00  (4 rows)

--- Q12 ---
  ematix-flow   709.76 ms ±  0.00  (2 rows)

--- Q21 ---
  ematix-flow  11164.28 ms ±  0.00  (4009 rows)

--- Q07 ---
  ematix-flow  2665.91 ms ±  0.00  (4 rows)

--- Q19 ---
  ematix-flow  1009.26 ms ±  0.00  (1 rows)

--- Q06 ---
  ematix-flow  1885.19 ms ±  0.00  (1 rows)

--- Q08 ---
  ematix-flow  3402.83 ms ±  0.00  (2 rows)

--- Q04 ---
  ematix-flow  2356.57 ms ±  0.00  (5 rows)

--- Q13 ---
  ematix-flow  6116.46 ms ±  0.00  (46 rows)

--- Q20 ---
  ematix-flow  3543.36 ms ±  0.00  (1804 rows)

--- Q16 ---
  ematix-flow  1710.87 ms ±  0.00  (27840 rows)

--- Q10 ---
  ematix-flow  3441.31 ms ±  0.00  (381105 rows)

--- Q18 ---
  ematix-flow  6166.23 ms ±  0.00  (624 rows)

--- Q15 ---
  ematix-flow   797.65 ms ±  0.00  (1 rows)

--- Q05 ---
  ematix-flow  4183.51 ms ±  0.00  (5 rows)

wrote /Users/ryanevans/RustroverProjects/ematix-flow/bench-results/campaign-2026-07-01/tput-sf10/ematix/s100/batch-2/stream-54.md
