=== TPC-H 22 triangulation bench ===
    data:    /Users/ryanevans/RustroverProjects/ematix-flow/examples/tpch/data/sf10
    queries: 22 ([14, 20, 18, 4, 15, 12, 13, 7, 21, 3, 11, 2, 1, 6, 17, 16, 8, 9, 5, 19, 22, 10])
    trials:  1 (after 0 warmups)
    output:  /Users/ryanevans/RustroverProjects/ematix-flow/bench-results/campaign-2026-07-01/tput-sf10/ematix/s100/batch-2/stream-60.md

    NOTE: single-invocation output is SMOKE-GRADE only. For win/loss
    claims use scripts/bench/strict_22q.sh / strict_ab.sh /
    strict_throughput.sh (see scripts/bench/README.md).

--- Q14 ---
  ematix-flow   643.34 ms ±  0.00  (1 rows)

--- Q20 ---
  ematix-flow  2535.06 ms ±  0.00  (1804 rows)

--- Q18 ---
  ematix-flow  7289.98 ms ±  0.00  (624 rows)

--- Q04 ---
  ematix-flow  2148.11 ms ±  0.00  (5 rows)

--- Q15 ---
  ematix-flow   651.62 ms ±  0.00  (1 rows)

--- Q12 ---
  ematix-flow  1808.09 ms ±  0.00  (2 rows)

--- Q13 ---
  ematix-flow  4665.56 ms ±  0.00  (46 rows)

--- Q07 ---
  ematix-flow  2797.41 ms ±  0.00  (4 rows)

--- Q21 ---
  ematix-flow  12043.75 ms ±  0.00  (4009 rows)

--- Q03 ---
  ematix-flow  3837.82 ms ±  0.00  (114003 rows)

--- Q11 ---
  ematix-flow   829.45 ms ±  0.00  (8685 rows)

--- Q02 ---
  ematix-flow   607.62 ms ±  0.00  (4667 rows)

--- Q01 ---
  ematix-flow  4640.88 ms ±  0.00  (4 rows)

--- Q06 ---
  ematix-flow  1011.58 ms ±  0.00  (1 rows)

--- Q17 ---
  ematix-flow  1408.56 ms ±  0.00  (1 rows)

--- Q16 ---
  ematix-flow  1322.74 ms ±  0.00  (27840 rows)

--- Q08 ---
  ematix-flow  3706.51 ms ±  0.00  (2 rows)

--- Q09 ---
  ematix-flow  5289.85 ms ±  0.00  (175 rows)

--- Q05 ---
  ematix-flow  5093.65 ms ±  0.00  (5 rows)

--- Q19 ---
  ematix-flow  1049.47 ms ±  0.00  (1 rows)

--- Q22 ---
  ematix-flow   304.26 ms ±  0.00  (7 rows)

--- Q10 ---
  ematix-flow  4099.45 ms ±  0.00  (381105 rows)

wrote /Users/ryanevans/RustroverProjects/ematix-flow/bench-results/campaign-2026-07-01/tput-sf10/ematix/s100/batch-2/stream-60.md
