=== TPC-H 22 triangulation bench ===
    data:    /Users/ryanevans/RustroverProjects/ematix-flow/examples/tpch/data/sf10
    queries: 22 ([4, 22, 21, 1, 11, 9, 20, 2, 6, 17, 8, 13, 5, 14, 18, 15, 12, 10, 19, 16, 3, 7])
    trials:  1 (after 0 warmups)
    output:  /Users/ryanevans/RustroverProjects/ematix-flow/bench-results/campaign-2026-07-01/tput-sf10/ematix/s100/batch-2/stream-90.md

    NOTE: single-invocation output is SMOKE-GRADE only. For win/loss
    claims use scripts/bench/strict_22q.sh / strict_ab.sh /
    strict_throughput.sh (see scripts/bench/README.md).

--- Q04 ---
  ematix-flow  2162.51 ms ±  0.00  (5 rows)

--- Q22 ---
  ematix-flow  1546.98 ms ±  0.00  (7 rows)

--- Q21 ---
  ematix-flow  7416.08 ms ±  0.00  (4009 rows)

--- Q01 ---
  ematix-flow  4650.94 ms ±  0.00  (4 rows)

--- Q11 ---
  ematix-flow   792.40 ms ±  0.00  (8685 rows)

--- Q09 ---
  ematix-flow  12136.21 ms ±  0.00  (175 rows)

--- Q20 ---
  ematix-flow  2223.36 ms ±  0.00  (1804 rows)

--- Q02 ---
  ematix-flow   637.11 ms ±  0.00  (4667 rows)

--- Q06 ---
  ematix-flow  2183.02 ms ±  0.00  (1 rows)

--- Q17 ---
  ematix-flow  1859.22 ms ±  0.00  (1 rows)

--- Q08 ---
  ematix-flow  5112.20 ms ±  0.00  (2 rows)

--- Q13 ---
  ematix-flow  5436.27 ms ±  0.00  (46 rows)

--- Q05 ---
  ematix-flow  2042.80 ms ±  0.00  (5 rows)

--- Q14 ---
  ematix-flow   843.96 ms ±  0.00  (1 rows)

--- Q18 ---
  ematix-flow  4737.61 ms ±  0.00  (624 rows)

--- Q15 ---
  ematix-flow   781.49 ms ±  0.00  (1 rows)

--- Q12 ---
  ematix-flow  1613.43 ms ±  0.00  (2 rows)

--- Q10 ---
  ematix-flow  6113.14 ms ±  0.00  (381105 rows)

--- Q19 ---
  ematix-flow   706.07 ms ±  0.00  (1 rows)

--- Q16 ---
  ematix-flow   800.92 ms ±  0.00  (27840 rows)

--- Q03 ---
  ematix-flow  4489.04 ms ±  0.00  (114003 rows)

--- Q07 ---
  ematix-flow  1737.62 ms ±  0.00  (4 rows)

wrote /Users/ryanevans/RustroverProjects/ematix-flow/bench-results/campaign-2026-07-01/tput-sf10/ematix/s100/batch-2/stream-90.md
