=== TPC-H 22 triangulation bench ===
    data:    /Users/ryanevans/RustroverProjects/ematix-flow/examples/tpch/data/sf10
    queries: 22 ([22, 6, 3, 16, 10, 13, 17, 20, 7, 14, 19, 15, 11, 2, 12, 5, 18, 8, 9, 1, 4, 21])
    trials:  1 (after 0 warmups)
    output:  /Users/ryanevans/RustroverProjects/ematix-flow/bench-results/campaign-2026-07-01/tput-sf10/ematix/s100/batch-2/stream-42.md

    NOTE: single-invocation output is SMOKE-GRADE only. For win/loss
    claims use scripts/bench/strict_22q.sh / strict_ab.sh /
    strict_throughput.sh (see scripts/bench/README.md).

--- Q22 ---
  ematix-flow   794.02 ms ±  0.00  (7 rows)

--- Q06 ---
  ematix-flow   668.63 ms ±  0.00  (1 rows)

--- Q03 ---
  ematix-flow   836.69 ms ±  0.00  (114003 rows)

--- Q16 ---
  ematix-flow   586.84 ms ±  0.00  (27840 rows)

--- Q10 ---
  ematix-flow  1538.93 ms ±  0.00  (381105 rows)

--- Q13 ---
  ematix-flow  1331.75 ms ±  0.00  (46 rows)

--- Q17 ---
  ematix-flow  2705.15 ms ±  0.00  (1 rows)

--- Q20 ---
  ematix-flow  1229.38 ms ±  0.00  (1804 rows)

--- Q07 ---
  ematix-flow  2704.15 ms ±  0.00  (4 rows)

--- Q14 ---
  ematix-flow   879.94 ms ±  0.00  (1 rows)

--- Q19 ---
  ematix-flow   549.32 ms ±  0.00  (1 rows)

--- Q15 ---
  ematix-flow   573.93 ms ±  0.00  (1 rows)

--- Q11 ---
  ematix-flow   679.82 ms ±  0.00  (8685 rows)

--- Q02 ---
  ematix-flow   538.28 ms ±  0.00  (4667 rows)

--- Q12 ---
  ematix-flow  1318.96 ms ±  0.00  (2 rows)

--- Q05 ---
  ematix-flow  3973.85 ms ±  0.00  (5 rows)

--- Q18 ---
  ematix-flow  8300.21 ms ±  0.00  (624 rows)

--- Q08 ---
  ematix-flow  5036.30 ms ±  0.00  (2 rows)

--- Q09 ---
  ematix-flow  7169.47 ms ±  0.00  (175 rows)

--- Q01 ---
  ematix-flow  2545.81 ms ±  0.00  (4 rows)

--- Q04 ---
  ematix-flow  1428.27 ms ±  0.00  (5 rows)

--- Q21 ---
  ematix-flow  11154.93 ms ±  0.00  (4009 rows)

wrote /Users/ryanevans/RustroverProjects/ematix-flow/bench-results/campaign-2026-07-01/tput-sf10/ematix/s100/batch-2/stream-42.md
