=== TPC-H 22 triangulation bench ===
    data:    /Users/ryanevans/RustroverProjects/ematix-flow/examples/tpch/data/sf10
    queries: 22 ([21, 1, 9, 14, 6, 20, 17, 4, 8, 2, 15, 3, 16, 13, 12, 7, 10, 19, 22, 5, 11, 18])
    trials:  1 (after 0 warmups)
    output:  /Users/ryanevans/RustroverProjects/ematix-flow/bench-results/campaign-2026-07-01/tput-sf10/ematix/s100/batch-2/stream-48.md

    NOTE: single-invocation output is SMOKE-GRADE only. For win/loss
    claims use scripts/bench/strict_22q.sh / strict_ab.sh /
    strict_throughput.sh (see scripts/bench/README.md).

--- Q21 ---
  ematix-flow  4932.23 ms ±  0.00  (4009 rows)

--- Q01 ---
  ematix-flow  4116.88 ms ±  0.00  (4 rows)

--- Q09 ---
  ematix-flow  7369.22 ms ±  0.00  (175 rows)

--- Q14 ---
  ematix-flow   550.01 ms ±  0.00  (1 rows)

--- Q06 ---
  ematix-flow  1289.78 ms ±  0.00  (1 rows)

--- Q20 ---
  ematix-flow  1804.63 ms ±  0.00  (1804 rows)

--- Q17 ---
  ematix-flow  2670.69 ms ±  0.00  (1 rows)

--- Q04 ---
  ematix-flow  1729.10 ms ±  0.00  (5 rows)

--- Q08 ---
  ematix-flow  5990.15 ms ±  0.00  (2 rows)

--- Q02 ---
  ematix-flow   625.94 ms ±  0.00  (4667 rows)

--- Q15 ---
  ematix-flow   711.68 ms ±  0.00  (1 rows)

--- Q03 ---
  ematix-flow  3829.86 ms ±  0.00  (114003 rows)

--- Q16 ---
  ematix-flow  1478.80 ms ±  0.00  (27840 rows)

--- Q13 ---
  ematix-flow  4595.11 ms ±  0.00  (46 rows)

--- Q12 ---
  ematix-flow  2259.46 ms ±  0.00  (2 rows)

--- Q07 ---
  ematix-flow  3508.55 ms ±  0.00  (4 rows)

--- Q10 ---
  ematix-flow  3882.68 ms ±  0.00  (381105 rows)

--- Q19 ---
  ematix-flow   529.69 ms ±  0.00  (1 rows)

--- Q22 ---
  ematix-flow  1437.08 ms ±  0.00  (7 rows)

--- Q05 ---
  ematix-flow  4440.58 ms ±  0.00  (5 rows)

--- Q11 ---
  ematix-flow   457.81 ms ±  0.00  (8685 rows)

--- Q18 ---
  ematix-flow  7336.51 ms ±  0.00  (624 rows)

wrote /Users/ryanevans/RustroverProjects/ematix-flow/bench-results/campaign-2026-07-01/tput-sf10/ematix/s100/batch-2/stream-48.md
