=== TPC-H 22 triangulation bench ===
    data:    /Users/ryanevans/RustroverProjects/ematix-flow/examples/tpch/data/sf10
    queries: 22 ([16, 12, 15, 21, 10, 9, 5, 22, 2, 4, 3, 8, 20, 19, 14, 18, 17, 1, 6, 11, 7, 13])
    trials:  1 (after 0 warmups)
    output:  /Users/ryanevans/RustroverProjects/ematix-flow/bench-results/campaign-2026-07-01/tput-sf10/ematix/s100/batch-2/stream-88.md

    NOTE: single-invocation output is SMOKE-GRADE only. For win/loss
    claims use scripts/bench/strict_22q.sh / strict_ab.sh /
    strict_throughput.sh (see scripts/bench/README.md).

--- Q16 ---
  ematix-flow   910.60 ms ±  0.00  (27840 rows)

--- Q12 ---
  ematix-flow   499.94 ms ±  0.00  (2 rows)

--- Q15 ---
  ematix-flow   556.08 ms ±  0.00  (1 rows)

--- Q21 ---
  ematix-flow  9302.78 ms ±  0.00  (4009 rows)

--- Q10 ---
  ematix-flow  7346.07 ms ±  0.00  (381105 rows)

--- Q09 ---
  ematix-flow  13156.85 ms ±  0.00  (175 rows)

--- Q05 ---
  ematix-flow  4016.36 ms ±  0.00  (5 rows)

--- Q22 ---
  ematix-flow   989.86 ms ±  0.00  (7 rows)

--- Q02 ---
  ematix-flow   562.51 ms ±  0.00  (4667 rows)

--- Q04 ---
  ematix-flow  2833.66 ms ±  0.00  (5 rows)

--- Q03 ---
  ematix-flow  1873.47 ms ±  0.00  (114003 rows)

--- Q08 ---
  ematix-flow  5299.77 ms ±  0.00  (2 rows)

--- Q20 ---
  ematix-flow  2581.29 ms ±  0.00  (1804 rows)

--- Q19 ---
  ematix-flow   693.07 ms ±  0.00  (1 rows)

--- Q14 ---
  ematix-flow   575.84 ms ±  0.00  (1 rows)

--- Q18 ---
  ematix-flow  5766.71 ms ±  0.00  (624 rows)

--- Q17 ---
  ematix-flow  3318.88 ms ±  0.00  (1 rows)

--- Q01 ---
  ematix-flow  3909.13 ms ±  0.00  (4 rows)

--- Q06 ---
  ematix-flow   218.24 ms ±  0.00  (1 rows)

--- Q11 ---
  ematix-flow   600.87 ms ±  0.00  (8685 rows)

--- Q07 ---
  ematix-flow  1361.00 ms ±  0.00  (4 rows)

--- Q13 ---
  ematix-flow  4299.38 ms ±  0.00  (46 rows)

wrote /Users/ryanevans/RustroverProjects/ematix-flow/bench-results/campaign-2026-07-01/tput-sf10/ematix/s100/batch-2/stream-88.md
