=== TPC-H 22 triangulation bench ===
    data:    /Users/ryanevans/RustroverProjects/ematix-flow/examples/tpch/data/sf10
    queries: 22 ([13, 18, 3, 7, 11, 4, 21, 16, 14, 22, 2, 10, 8, 19, 17, 1, 6, 5, 9, 12, 20, 15])
    trials:  1 (after 0 warmups)
    output:  /Users/ryanevans/RustroverProjects/ematix-flow/bench-results/campaign-2026-07-01/tput-sf10/ematix/s100/batch-2/stream-9.md

    NOTE: single-invocation output is SMOKE-GRADE only. For win/loss
    claims use scripts/bench/strict_22q.sh / strict_ab.sh /
    strict_throughput.sh (see scripts/bench/README.md).

--- Q13 ---
  ematix-flow  3851.89 ms ±  0.00  (46 rows)

--- Q18 ---
  ematix-flow  7016.15 ms ±  0.00  (624 rows)

--- Q03 ---
  ematix-flow  2411.36 ms ±  0.00  (114003 rows)

--- Q07 ---
  ematix-flow  1503.53 ms ±  0.00  (4 rows)

--- Q11 ---
  ematix-flow   729.77 ms ±  0.00  (8685 rows)

--- Q04 ---
  ematix-flow  1402.52 ms ±  0.00  (5 rows)

--- Q21 ---
  ematix-flow  10938.91 ms ±  0.00  (4009 rows)

--- Q16 ---
  ematix-flow  2485.32 ms ±  0.00  (27840 rows)

--- Q14 ---
  ematix-flow   659.44 ms ±  0.00  (1 rows)

--- Q22 ---
  ematix-flow  2917.29 ms ±  0.00  (7 rows)

--- Q02 ---
  ematix-flow  1199.72 ms ±  0.00  (4667 rows)

--- Q10 ---
  ematix-flow  5959.02 ms ±  0.00  (381105 rows)

--- Q08 ---
  ematix-flow  4632.63 ms ±  0.00  (2 rows)

--- Q19 ---
  ematix-flow   842.58 ms ±  0.00  (1 rows)

--- Q17 ---
  ematix-flow  3043.56 ms ±  0.00  (1 rows)

--- Q01 ---
  ematix-flow  3782.97 ms ±  0.00  (4 rows)

--- Q06 ---
  ematix-flow   944.31 ms ±  0.00  (1 rows)

--- Q05 ---
  ematix-flow  6560.14 ms ±  0.00  (5 rows)

--- Q09 ---
  ematix-flow  5319.93 ms ±  0.00  (175 rows)

--- Q12 ---
  ematix-flow  1112.97 ms ±  0.00  (2 rows)

--- Q20 ---
  ematix-flow  1739.25 ms ±  0.00  (1804 rows)

--- Q15 ---
  ematix-flow   584.13 ms ±  0.00  (1 rows)

wrote /Users/ryanevans/RustroverProjects/ematix-flow/bench-results/campaign-2026-07-01/tput-sf10/ematix/s100/batch-2/stream-9.md
