=== TPC-H 22 triangulation bench ===
    data:    /Users/ryanevans/RustroverProjects/ematix-flow/examples/tpch/data/sf10
    queries: 22 ([12, 1, 7, 9, 3, 19, 13, 5, 21, 8, 2, 16, 18, 14, 15, 6, 10, 22, 11, 4, 17, 20])
    trials:  1 (after 0 warmups)
    output:  /Users/ryanevans/RustroverProjects/ematix-flow/bench-results/campaign-2026-07-01/tput-sf10/ematix/s100/batch-2/stream-74.md

    NOTE: single-invocation output is SMOKE-GRADE only. For win/loss
    claims use scripts/bench/strict_22q.sh / strict_ab.sh /
    strict_throughput.sh (see scripts/bench/README.md).

--- Q12 ---
  ematix-flow   805.48 ms ±  0.00  (2 rows)

--- Q01 ---
  ematix-flow  7131.55 ms ±  0.00  (4 rows)

--- Q07 ---
  ematix-flow  2145.89 ms ±  0.00  (4 rows)

--- Q09 ---
  ematix-flow  4688.94 ms ±  0.00  (175 rows)

--- Q03 ---
  ematix-flow  1364.54 ms ±  0.00  (114003 rows)

--- Q19 ---
  ematix-flow   421.46 ms ±  0.00  (1 rows)

--- Q13 ---
  ematix-flow  1987.36 ms ±  0.00  (46 rows)

--- Q05 ---
  ematix-flow  5307.93 ms ±  0.00  (5 rows)

--- Q21 ---
  ematix-flow  5303.60 ms ±  0.00  (4009 rows)

--- Q08 ---
  ematix-flow  5796.45 ms ±  0.00  (2 rows)

--- Q02 ---
  ematix-flow  2009.01 ms ±  0.00  (4667 rows)

--- Q16 ---
  ematix-flow  2512.50 ms ±  0.00  (27840 rows)

--- Q18 ---
  ematix-flow  8970.07 ms ±  0.00  (624 rows)

--- Q14 ---
  ematix-flow   704.40 ms ±  0.00  (1 rows)

--- Q15 ---
  ematix-flow   774.13 ms ±  0.00  (1 rows)

--- Q06 ---
  ematix-flow  1155.25 ms ±  0.00  (1 rows)

--- Q10 ---
  ematix-flow  3928.22 ms ±  0.00  (381105 rows)

--- Q22 ---
  ematix-flow   753.54 ms ±  0.00  (7 rows)

--- Q11 ---
  ematix-flow   591.72 ms ±  0.00  (8685 rows)

--- Q04 ---
  ematix-flow  1759.19 ms ±  0.00  (5 rows)

--- Q17 ---
  ematix-flow  1790.58 ms ±  0.00  (1 rows)

--- Q20 ---
  ematix-flow  2071.46 ms ±  0.00  (1804 rows)

wrote /Users/ryanevans/RustroverProjects/ematix-flow/bench-results/campaign-2026-07-01/tput-sf10/ematix/s100/batch-2/stream-74.md
