=== TPC-H 22 triangulation bench ===
    data:    /Users/ryanevans/RustroverProjects/ematix-flow/examples/tpch/data/sf10
    queries: 22 ([7, 8, 4, 19, 16, 13, 3, 2, 6, 15, 9, 12, 1, 17, 22, 14, 10, 20, 21, 5, 11, 18])
    trials:  1 (after 0 warmups)
    output:  /Users/ryanevans/RustroverProjects/ematix-flow/bench-results/campaign-2026-07-01/tput-sf10/ematix/s100/batch-2/stream-35.md

    NOTE: single-invocation output is SMOKE-GRADE only. For win/loss
    claims use scripts/bench/strict_22q.sh / strict_ab.sh /
    strict_throughput.sh (see scripts/bench/README.md).

--- Q07 ---
  ematix-flow   938.82 ms ±  0.00  (4 rows)

--- Q08 ---
  ematix-flow  1494.95 ms ±  0.00  (2 rows)

--- Q04 ---
  ematix-flow   900.75 ms ±  0.00  (5 rows)

--- Q19 ---
  ematix-flow   608.73 ms ±  0.00  (1 rows)

--- Q16 ---
  ematix-flow   916.20 ms ±  0.00  (27840 rows)

--- Q13 ---
  ematix-flow  3330.39 ms ±  0.00  (46 rows)

--- Q03 ---
  ematix-flow  3161.73 ms ±  0.00  (114003 rows)

--- Q02 ---
  ematix-flow  1404.03 ms ±  0.00  (4667 rows)

--- Q06 ---
  ematix-flow  1185.79 ms ±  0.00  (1 rows)

--- Q15 ---
  ematix-flow   954.56 ms ±  0.00  (1 rows)

--- Q09 ---
  ematix-flow  14068.52 ms ±  0.00  (175 rows)

--- Q12 ---
  ematix-flow  1415.39 ms ±  0.00  (2 rows)

--- Q01 ---
  ematix-flow  3483.86 ms ±  0.00  (4 rows)

--- Q17 ---
  ematix-flow  3005.70 ms ±  0.00  (1 rows)

--- Q22 ---
  ematix-flow  1065.49 ms ±  0.00  (7 rows)

--- Q14 ---
  ematix-flow   615.45 ms ±  0.00  (1 rows)

--- Q10 ---
  ematix-flow  3524.20 ms ±  0.00  (381105 rows)

--- Q20 ---
  ematix-flow  2884.30 ms ±  0.00  (1804 rows)

--- Q21 ---
  ematix-flow  13637.83 ms ±  0.00  (4009 rows)

--- Q05 ---
  ematix-flow  6705.22 ms ±  0.00  (5 rows)

--- Q11 ---
  ematix-flow   484.50 ms ±  0.00  (8685 rows)

--- Q18 ---
  ematix-flow  3353.50 ms ±  0.00  (624 rows)

wrote /Users/ryanevans/RustroverProjects/ematix-flow/bench-results/campaign-2026-07-01/tput-sf10/ematix/s100/batch-2/stream-35.md
