=== TPC-H 22 triangulation bench ===
    data:    /Users/ryanevans/RustroverProjects/ematix-flow/examples/tpch/data/sf10
    queries: 22 ([20, 12, 10, 1, 19, 2, 17, 9, 11, 14, 3, 16, 22, 7, 13, 15, 21, 8, 6, 18, 5, 4])
    trials:  1 (after 0 warmups)
    output:  /Users/ryanevans/RustroverProjects/ematix-flow/bench-results/campaign-2026-07-01/tput-sf10/ematix/s100/batch-2/stream-28.md

    NOTE: single-invocation output is SMOKE-GRADE only. For win/loss
    claims use scripts/bench/strict_22q.sh / strict_ab.sh /
    strict_throughput.sh (see scripts/bench/README.md).

--- Q20 ---
  ematix-flow  2704.86 ms ±  0.00  (1804 rows)

--- Q12 ---
  ematix-flow   698.34 ms ±  0.00  (2 rows)

--- Q10 ---
  ematix-flow  6886.09 ms ±  0.00  (381105 rows)

--- Q01 ---
  ematix-flow  3479.52 ms ±  0.00  (4 rows)

--- Q19 ---
  ematix-flow  1127.76 ms ±  0.00  (1 rows)

--- Q02 ---
  ematix-flow   360.56 ms ±  0.00  (4667 rows)

--- Q17 ---
  ematix-flow  3534.90 ms ±  0.00  (1 rows)

--- Q09 ---
  ematix-flow  6500.01 ms ±  0.00  (175 rows)

--- Q11 ---
  ematix-flow   515.20 ms ±  0.00  (8685 rows)

--- Q14 ---
  ematix-flow   634.36 ms ±  0.00  (1 rows)

--- Q03 ---
  ematix-flow  4434.87 ms ±  0.00  (114003 rows)

--- Q16 ---
  ematix-flow  1221.52 ms ±  0.00  (27840 rows)

--- Q22 ---
  ematix-flow  1364.11 ms ±  0.00  (7 rows)

--- Q07 ---
  ematix-flow  2506.93 ms ±  0.00  (4 rows)

--- Q13 ---
  ematix-flow  2168.93 ms ±  0.00  (46 rows)

--- Q15 ---
  ematix-flow   660.30 ms ±  0.00  (1 rows)

--- Q21 ---
  ematix-flow  12668.37 ms ±  0.00  (4009 rows)

--- Q08 ---
  ematix-flow  5307.17 ms ±  0.00  (2 rows)

--- Q06 ---
  ematix-flow  3093.44 ms ±  0.00  (1 rows)

--- Q18 ---
  ematix-flow  6189.25 ms ±  0.00  (624 rows)

--- Q05 ---
  ematix-flow  4564.16 ms ±  0.00  (5 rows)

--- Q04 ---
  ematix-flow   519.39 ms ±  0.00  (5 rows)

wrote /Users/ryanevans/RustroverProjects/ematix-flow/bench-results/campaign-2026-07-01/tput-sf10/ematix/s100/batch-2/stream-28.md
