=== TPC-H 22 triangulation bench ===
    data:    /Users/ryanevans/RustroverProjects/ematix-flow/examples/tpch/data/sf10
    queries: 22 ([5, 15, 14, 17, 9, 3, 4, 19, 2, 22, 21, 8, 1, 12, 13, 20, 10, 11, 7, 18, 6, 16])
    trials:  1 (after 0 warmups)
    output:  /Users/ryanevans/RustroverProjects/ematix-flow/bench-results/campaign-2026-07-01/tput-sf10/ematix/s100/batch-2/stream-61.md

    NOTE: single-invocation output is SMOKE-GRADE only. For win/loss
    claims use scripts/bench/strict_22q.sh / strict_ab.sh /
    strict_throughput.sh (see scripts/bench/README.md).

--- Q05 ---
  ematix-flow  5575.24 ms ±  0.00  (5 rows)

--- Q15 ---
  ematix-flow   513.31 ms ±  0.00  (1 rows)

--- Q14 ---
  ematix-flow   629.03 ms ±  0.00  (1 rows)

--- Q17 ---
  ematix-flow  1903.52 ms ±  0.00  (1 rows)

--- Q09 ---
  ematix-flow  6450.73 ms ±  0.00  (175 rows)

--- Q03 ---
  ematix-flow  1217.96 ms ±  0.00  (114003 rows)

--- Q04 ---
  ematix-flow   802.24 ms ±  0.00  (5 rows)

--- Q19 ---
  ematix-flow   943.63 ms ±  0.00  (1 rows)

--- Q02 ---
  ematix-flow   475.01 ms ±  0.00  (4667 rows)

--- Q22 ---
  ematix-flow  1932.08 ms ±  0.00  (7 rows)

--- Q21 ---
  ematix-flow  5332.90 ms ±  0.00  (4009 rows)

--- Q08 ---
  ematix-flow  3636.52 ms ±  0.00  (2 rows)

--- Q01 ---
  ematix-flow  3537.03 ms ±  0.00  (4 rows)

--- Q12 ---
  ematix-flow  1326.51 ms ±  0.00  (2 rows)

--- Q13 ---
  ematix-flow  3815.58 ms ±  0.00  (46 rows)

--- Q20 ---
  ematix-flow  3587.10 ms ±  0.00  (1804 rows)

--- Q10 ---
  ematix-flow  5587.64 ms ±  0.00  (381105 rows)

--- Q11 ---
  ematix-flow   978.69 ms ±  0.00  (8685 rows)

--- Q07 ---
  ematix-flow  2467.99 ms ±  0.00  (4 rows)

--- Q18 ---
  ematix-flow  9453.48 ms ±  0.00  (624 rows)

--- Q06 ---
  ematix-flow  3828.06 ms ±  0.00  (1 rows)

--- Q16 ---
  ematix-flow  1993.21 ms ±  0.00  (27840 rows)

wrote /Users/ryanevans/RustroverProjects/ematix-flow/bench-results/campaign-2026-07-01/tput-sf10/ematix/s100/batch-2/stream-61.md
