=== TPC-H 22 triangulation bench ===
    data:    /Users/ryanevans/RustroverProjects/ematix-flow/examples/tpch/data/sf10
    queries: 22 ([20, 12, 16, 3, 6, 17, 19, 1, 13, 8, 21, 18, 22, 11, 15, 5, 2, 14, 9, 10, 4, 7])
    trials:  1 (after 0 warmups)
    output:  /Users/ryanevans/RustroverProjects/ematix-flow/bench-results/campaign-2026-07-01/tput-sf10/ematix/s100/batch-2/stream-78.md

    NOTE: single-invocation output is SMOKE-GRADE only. For win/loss
    claims use scripts/bench/strict_22q.sh / strict_ab.sh /
    strict_throughput.sh (see scripts/bench/README.md).

--- Q20 ---
  ematix-flow  1192.09 ms ±  0.00  (1804 rows)

--- Q12 ---
  ematix-flow  1195.15 ms ±  0.00  (2 rows)

--- Q16 ---
  ematix-flow  1329.14 ms ±  0.00  (27840 rows)

--- Q03 ---
  ematix-flow  2918.42 ms ±  0.00  (114003 rows)

--- Q06 ---
  ematix-flow   886.57 ms ±  0.00  (1 rows)

--- Q17 ---
  ematix-flow   817.02 ms ±  0.00  (1 rows)

--- Q19 ---
  ematix-flow   858.44 ms ±  0.00  (1 rows)

--- Q01 ---
  ematix-flow  1901.33 ms ±  0.00  (4 rows)

--- Q13 ---
  ematix-flow  2946.67 ms ±  0.00  (46 rows)

--- Q08 ---
  ematix-flow  5021.98 ms ±  0.00  (2 rows)

--- Q21 ---
  ematix-flow  17519.89 ms ±  0.00  (4009 rows)

--- Q18 ---
  ematix-flow  6769.43 ms ±  0.00  (624 rows)

--- Q22 ---
  ematix-flow  1751.96 ms ±  0.00  (7 rows)

--- Q11 ---
  ematix-flow   881.42 ms ±  0.00  (8685 rows)

--- Q15 ---
  ematix-flow   660.55 ms ±  0.00  (1 rows)

--- Q05 ---
  ematix-flow  3518.35 ms ±  0.00  (5 rows)

--- Q02 ---
  ematix-flow   498.23 ms ±  0.00  (4667 rows)

--- Q14 ---
  ematix-flow   484.33 ms ±  0.00  (1 rows)

--- Q09 ---
  ematix-flow  6092.68 ms ±  0.00  (175 rows)

--- Q10 ---
  ematix-flow  4829.11 ms ±  0.00  (381105 rows)

--- Q04 ---
  ematix-flow  1809.90 ms ±  0.00  (5 rows)

--- Q07 ---
  ematix-flow  2016.23 ms ±  0.00  (4 rows)

wrote /Users/ryanevans/RustroverProjects/ematix-flow/bench-results/campaign-2026-07-01/tput-sf10/ematix/s100/batch-2/stream-78.md
