=== TPC-H 22 triangulation bench ===
    data:    /Users/ryanevans/RustroverProjects/ematix-flow/examples/tpch/data/sf10
    queries: 22 ([22, 9, 18, 1, 11, 7, 2, 14, 21, 10, 12, 4, 5, 16, 8, 17, 15, 13, 20, 6, 19, 3])
    trials:  1 (after 0 warmups)
    output:  /Users/ryanevans/RustroverProjects/ematix-flow/bench-results/campaign-2026-07-01/tput-sf10/ematix/s100/batch-2/stream-91.md

    NOTE: single-invocation output is SMOKE-GRADE only. For win/loss
    claims use scripts/bench/strict_22q.sh / strict_ab.sh /
    strict_throughput.sh (see scripts/bench/README.md).

--- Q22 ---
  ematix-flow  1774.51 ms ±  0.00  (7 rows)

--- Q09 ---
  ematix-flow  10339.52 ms ±  0.00  (175 rows)

--- Q18 ---
  ematix-flow  4844.98 ms ±  0.00  (624 rows)

--- Q01 ---
  ematix-flow  2171.50 ms ±  0.00  (4 rows)

--- Q11 ---
  ematix-flow   615.04 ms ±  0.00  (8685 rows)

--- Q07 ---
  ematix-flow  2720.28 ms ±  0.00  (4 rows)

--- Q02 ---
  ematix-flow   681.45 ms ±  0.00  (4667 rows)

--- Q14 ---
  ematix-flow  1021.53 ms ±  0.00  (1 rows)

--- Q21 ---
  ematix-flow  7870.19 ms ±  0.00  (4009 rows)

--- Q10 ---
  ematix-flow  4694.96 ms ±  0.00  (381105 rows)

--- Q12 ---
  ematix-flow   794.33 ms ±  0.00  (2 rows)

--- Q04 ---
  ematix-flow   695.07 ms ±  0.00  (5 rows)

--- Q05 ---
  ematix-flow  4003.18 ms ±  0.00  (5 rows)

--- Q16 ---
  ematix-flow  1275.68 ms ±  0.00  (27840 rows)

--- Q08 ---
  ematix-flow  4549.18 ms ±  0.00  (2 rows)

--- Q17 ---
  ematix-flow  1818.73 ms ±  0.00  (1 rows)

--- Q15 ---
  ematix-flow   625.54 ms ±  0.00  (1 rows)

--- Q13 ---
  ematix-flow  5291.88 ms ±  0.00  (46 rows)

--- Q20 ---
  ematix-flow  4573.98 ms ±  0.00  (1804 rows)

--- Q06 ---
  ematix-flow  2750.40 ms ±  0.00  (1 rows)

--- Q19 ---
  ematix-flow  1122.16 ms ±  0.00  (1 rows)

--- Q03 ---
  ematix-flow  3545.07 ms ±  0.00  (114003 rows)

wrote /Users/ryanevans/RustroverProjects/ematix-flow/bench-results/campaign-2026-07-01/tput-sf10/ematix/s100/batch-2/stream-91.md
