=== TPC-H 22 triangulation bench ===
    data:    /Users/ryanevans/RustroverProjects/ematix-flow/examples/tpch/data/sf10
    queries: 22 ([18, 14, 8, 9, 10, 15, 20, 5, 16, 6, 17, 19, 3, 1, 22, 2, 21, 4, 7, 13, 11, 12])
    trials:  1 (after 0 warmups)
    output:  /Users/ryanevans/RustroverProjects/ematix-flow/bench-results/campaign-2026-07-01/tput-sf10/ematix/s100/batch-2/stream-96.md

    NOTE: single-invocation output is SMOKE-GRADE only. For win/loss
    claims use scripts/bench/strict_22q.sh / strict_ab.sh /
    strict_throughput.sh (see scripts/bench/README.md).

--- Q18 ---
  ematix-flow  5791.95 ms ±  0.00  (624 rows)

--- Q14 ---
  ematix-flow   351.16 ms ±  0.00  (1 rows)

--- Q08 ---
  ematix-flow  2346.89 ms ±  0.00  (2 rows)

--- Q09 ---
  ematix-flow  8418.63 ms ±  0.00  (175 rows)

--- Q10 ---
  ematix-flow  4655.10 ms ±  0.00  (381105 rows)

--- Q15 ---
  ematix-flow  1202.26 ms ±  0.00  (1 rows)

--- Q20 ---
  ematix-flow  4241.45 ms ±  0.00  (1804 rows)

--- Q05 ---
  ematix-flow  9693.45 ms ±  0.00  (5 rows)

--- Q16 ---
  ematix-flow  1565.64 ms ±  0.00  (27840 rows)

--- Q06 ---
  ematix-flow   994.75 ms ±  0.00  (1 rows)

--- Q17 ---
  ematix-flow  1376.72 ms ±  0.00  (1 rows)

--- Q19 ---
  ematix-flow   615.49 ms ±  0.00  (1 rows)

--- Q03 ---
  ematix-flow  2525.58 ms ±  0.00  (114003 rows)

--- Q01 ---
  ematix-flow  2994.93 ms ±  0.00  (4 rows)

--- Q22 ---
  ematix-flow  1047.70 ms ±  0.00  (7 rows)

--- Q02 ---
  ematix-flow   668.90 ms ±  0.00  (4667 rows)

--- Q21 ---
  ematix-flow  4938.98 ms ±  0.00  (4009 rows)

--- Q04 ---
  ematix-flow   671.81 ms ±  0.00  (5 rows)

--- Q07 ---
  ematix-flow   932.12 ms ±  0.00  (4 rows)

--- Q13 ---
  ematix-flow   829.46 ms ±  0.00  (46 rows)

--- Q11 ---
  ematix-flow   175.53 ms ±  0.00  (8685 rows)

--- Q12 ---
  ematix-flow   267.59 ms ±  0.00  (2 rows)

wrote /Users/ryanevans/RustroverProjects/ematix-flow/bench-results/campaign-2026-07-01/tput-sf10/ematix/s100/batch-2/stream-96.md
