=== TPC-H 22 triangulation bench ===
    data:    /Users/ryanevans/RustroverProjects/ematix-flow/examples/tpch/data/sf10
    queries: 22 ([9, 8, 3, 12, 7, 6, 15, 14, 4, 20, 11, 2, 10, 21, 13, 19, 1, 16, 5, 22, 17, 18])
    trials:  1 (after 0 warmups)
    output:  /Users/ryanevans/RustroverProjects/ematix-flow/bench-results/campaign-2026-07-01/tput-sf10/ematix/s100/batch-2/stream-95.md

    NOTE: single-invocation output is SMOKE-GRADE only. For win/loss
    claims use scripts/bench/strict_22q.sh / strict_ab.sh /
    strict_throughput.sh (see scripts/bench/README.md).

--- Q09 ---
  ematix-flow  5452.13 ms ±  0.00  (175 rows)

--- Q08 ---
  ematix-flow  1829.92 ms ±  0.00  (2 rows)

--- Q03 ---
  ematix-flow  2663.04 ms ±  0.00  (114003 rows)

--- Q12 ---
  ematix-flow  1795.24 ms ±  0.00  (2 rows)

--- Q07 ---
  ematix-flow  4536.97 ms ±  0.00  (4 rows)

--- Q06 ---
  ematix-flow  1869.43 ms ±  0.00  (1 rows)

--- Q15 ---
  ematix-flow   821.32 ms ±  0.00  (1 rows)

--- Q14 ---
  ematix-flow   595.97 ms ±  0.00  (1 rows)

--- Q04 ---
  ematix-flow  2116.58 ms ±  0.00  (5 rows)

--- Q20 ---
  ematix-flow  2492.00 ms ±  0.00  (1804 rows)

--- Q11 ---
  ematix-flow   374.10 ms ±  0.00  (8685 rows)

--- Q02 ---
  ematix-flow   856.47 ms ±  0.00  (4667 rows)

--- Q10 ---
  ematix-flow  11378.00 ms ±  0.00  (381105 rows)

--- Q21 ---
  ematix-flow  6740.44 ms ±  0.00  (4009 rows)

--- Q13 ---
  ematix-flow  3433.93 ms ±  0.00  (46 rows)

--- Q19 ---
  ematix-flow   534.01 ms ±  0.00  (1 rows)

--- Q01 ---
  ematix-flow  3592.12 ms ±  0.00  (4 rows)

--- Q16 ---
  ematix-flow   679.06 ms ±  0.00  (27840 rows)

--- Q05 ---
  ematix-flow  3152.56 ms ±  0.00  (5 rows)

--- Q22 ---
  ematix-flow   294.44 ms ±  0.00  (7 rows)

--- Q17 ---
  ematix-flow   617.83 ms ±  0.00  (1 rows)

--- Q18 ---
  ematix-flow  1469.06 ms ±  0.00  (624 rows)

wrote /Users/ryanevans/RustroverProjects/ematix-flow/bench-results/campaign-2026-07-01/tput-sf10/ematix/s100/batch-2/stream-95.md
