=== TPC-H 22 triangulation bench ===
    data:    /Users/ryanevans/RustroverProjects/ematix-flow/examples/tpch/data/sf10
    queries: 22 ([15, 8, 6, 18, 3, 12, 14, 4, 11, 22, 17, 20, 19, 5, 21, 9, 2, 16, 10, 7, 1, 13])
    trials:  1 (after 0 warmups)
    output:  /Users/ryanevans/RustroverProjects/ematix-flow/bench-results/campaign-2026-07-01/tput-sf10/ematix/s100/batch-2/stream-25.md

    NOTE: single-invocation output is SMOKE-GRADE only. For win/loss
    claims use scripts/bench/strict_22q.sh / strict_ab.sh /
    strict_throughput.sh (see scripts/bench/README.md).

--- Q15 ---
  ematix-flow   556.58 ms ±  0.00  (1 rows)

--- Q08 ---
  ematix-flow  1016.42 ms ±  0.00  (2 rows)

--- Q06 ---
  ematix-flow   167.19 ms ±  0.00  (1 rows)

--- Q18 ---
  ematix-flow  6449.82 ms ±  0.00  (624 rows)

--- Q03 ---
  ematix-flow  4391.32 ms ±  0.00  (114003 rows)

--- Q12 ---
  ematix-flow  1366.34 ms ±  0.00  (2 rows)

--- Q14 ---
  ematix-flow   657.47 ms ±  0.00  (1 rows)

--- Q04 ---
  ematix-flow  1771.93 ms ±  0.00  (5 rows)

--- Q11 ---
  ematix-flow   670.80 ms ±  0.00  (8685 rows)

--- Q22 ---
  ematix-flow   849.29 ms ±  0.00  (7 rows)

--- Q17 ---
  ematix-flow  2616.39 ms ±  0.00  (1 rows)

--- Q20 ---
  ematix-flow  1625.34 ms ±  0.00  (1804 rows)

--- Q19 ---
  ematix-flow   983.27 ms ±  0.00  (1 rows)

--- Q05 ---
  ematix-flow  6649.83 ms ±  0.00  (5 rows)

--- Q21 ---
  ematix-flow  10738.83 ms ±  0.00  (4009 rows)

--- Q09 ---
  ematix-flow  11765.25 ms ±  0.00  (175 rows)

--- Q02 ---
  ematix-flow   329.81 ms ±  0.00  (4667 rows)

--- Q16 ---
  ematix-flow  1550.18 ms ±  0.00  (27840 rows)

--- Q10 ---
  ematix-flow  7674.06 ms ±  0.00  (381105 rows)

--- Q07 ---
  ematix-flow  4853.81 ms ±  0.00  (4 rows)

--- Q01 ---
  ematix-flow  2336.08 ms ±  0.00  (4 rows)

--- Q13 ---
  ematix-flow  3272.72 ms ±  0.00  (46 rows)

wrote /Users/ryanevans/RustroverProjects/ematix-flow/bench-results/campaign-2026-07-01/tput-sf10/ematix/s100/batch-2/stream-25.md
