=== TPC-H 22 triangulation bench ===
    data:    /Users/ryanevans/RustroverProjects/ematix-flow/examples/tpch/data/sf10
    queries: 22 ([15, 22, 9, 5, 12, 20, 10, 14, 19, 4, 18, 3, 11, 13, 16, 21, 8, 6, 2, 17, 1, 7])
    trials:  1 (after 0 warmups)
    output:  /Users/ryanevans/RustroverProjects/ematix-flow/bench-results/campaign-2026-07-01/tput-sf10/ematix/s100/batch-2/stream-15.md

    NOTE: single-invocation output is SMOKE-GRADE only. For win/loss
    claims use scripts/bench/strict_22q.sh / strict_ab.sh /
    strict_throughput.sh (see scripts/bench/README.md).

--- Q15 ---
  ematix-flow   235.43 ms ±  0.00  (1 rows)

--- Q22 ---
  ematix-flow   519.84 ms ±  0.00  (7 rows)

--- Q09 ---
  ematix-flow  3605.59 ms ±  0.00  (175 rows)

--- Q05 ---
  ematix-flow  5169.60 ms ±  0.00  (5 rows)

--- Q12 ---
  ematix-flow  1286.25 ms ±  0.00  (2 rows)

--- Q20 ---
  ematix-flow  2218.86 ms ±  0.00  (1804 rows)

--- Q10 ---
  ematix-flow  4297.63 ms ±  0.00  (381105 rows)

--- Q14 ---
  ematix-flow   631.48 ms ±  0.00  (1 rows)

--- Q19 ---
  ematix-flow  1012.62 ms ±  0.00  (1 rows)

--- Q04 ---
  ematix-flow  2632.77 ms ±  0.00  (5 rows)

--- Q18 ---
  ematix-flow  7053.95 ms ±  0.00  (624 rows)

--- Q03 ---
  ematix-flow  3849.17 ms ±  0.00  (114003 rows)

--- Q11 ---
  ematix-flow   465.38 ms ±  0.00  (8685 rows)

--- Q13 ---
  ematix-flow  5617.05 ms ±  0.00  (46 rows)

--- Q16 ---
  ematix-flow  1713.44 ms ±  0.00  (27840 rows)

--- Q21 ---
  ematix-flow  18976.88 ms ±  0.00  (4009 rows)

--- Q08 ---
  ematix-flow  5715.33 ms ±  0.00  (2 rows)

--- Q06 ---
  ematix-flow  1626.34 ms ±  0.00  (1 rows)

--- Q02 ---
  ematix-flow   938.59 ms ±  0.00  (4667 rows)

--- Q17 ---
  ematix-flow  1144.90 ms ±  0.00  (1 rows)

--- Q01 ---
  ematix-flow  2042.95 ms ±  0.00  (4 rows)

--- Q07 ---
  ematix-flow  2361.44 ms ±  0.00  (4 rows)

wrote /Users/ryanevans/RustroverProjects/ematix-flow/bench-results/campaign-2026-07-01/tput-sf10/ematix/s100/batch-2/stream-15.md
