=== TPC-H 22 triangulation bench ===
    data:    /Users/ryanevans/RustroverProjects/ematix-flow/examples/tpch/data/sf10
    queries: 22 ([7, 20, 9, 21, 13, 11, 10, 22, 17, 14, 4, 1, 19, 2, 3, 16, 18, 8, 6, 12, 15, 5])
    trials:  1 (after 0 warmups)
    output:  /Users/ryanevans/RustroverProjects/ematix-flow/bench-results/campaign-2026-07-01/tput-sf10/ematix/s100/batch-2/stream-79.md

    NOTE: single-invocation output is SMOKE-GRADE only. For win/loss
    claims use scripts/bench/strict_22q.sh / strict_ab.sh /
    strict_throughput.sh (see scripts/bench/README.md).

--- Q07 ---
  ematix-flow  1867.07 ms ±  0.00  (4 rows)

--- Q20 ---
  ematix-flow  1266.69 ms ±  0.00  (1804 rows)

--- Q09 ---
  ematix-flow  4586.06 ms ±  0.00  (175 rows)

--- Q21 ---
  ematix-flow  5846.91 ms ±  0.00  (4009 rows)

--- Q13 ---
  ematix-flow  5378.98 ms ±  0.00  (46 rows)

--- Q11 ---
  ematix-flow   812.58 ms ±  0.00  (8685 rows)

--- Q10 ---
  ematix-flow  6701.67 ms ±  0.00  (381105 rows)

--- Q22 ---
  ematix-flow  1146.54 ms ±  0.00  (7 rows)

--- Q17 ---
  ematix-flow  2917.31 ms ±  0.00  (1 rows)

--- Q14 ---
  ematix-flow   707.14 ms ±  0.00  (1 rows)

--- Q04 ---
  ematix-flow  1922.97 ms ±  0.00  (5 rows)

--- Q01 ---
  ematix-flow  3593.49 ms ±  0.00  (4 rows)

--- Q19 ---
  ematix-flow  1016.71 ms ±  0.00  (1 rows)

--- Q02 ---
  ematix-flow   584.99 ms ±  0.00  (4667 rows)

--- Q03 ---
  ematix-flow  1817.42 ms ±  0.00  (114003 rows)

--- Q16 ---
  ematix-flow  1451.17 ms ±  0.00  (27840 rows)

--- Q18 ---
  ematix-flow  5442.22 ms ±  0.00  (624 rows)

--- Q08 ---
  ematix-flow  2903.99 ms ±  0.00  (2 rows)

--- Q06 ---
  ematix-flow  2270.93 ms ±  0.00  (1 rows)

--- Q12 ---
  ematix-flow  1118.92 ms ±  0.00  (2 rows)

--- Q15 ---
  ematix-flow   467.79 ms ±  0.00  (1 rows)

--- Q05 ---
  ematix-flow  6678.23 ms ±  0.00  (5 rows)

wrote /Users/ryanevans/RustroverProjects/ematix-flow/bench-results/campaign-2026-07-01/tput-sf10/ematix/s100/batch-2/stream-79.md
