=== TPC-H 22 triangulation bench ===
    data:    /Users/ryanevans/RustroverProjects/ematix-flow/examples/tpch/data/sf10
    queries: 22 ([8, 14, 11, 21, 17, 22, 6, 13, 9, 1, 10, 15, 2, 7, 18, 5, 20, 3, 4, 12, 19, 16])
    trials:  1 (after 0 warmups)
    output:  /Users/ryanevans/RustroverProjects/ematix-flow/bench-results/campaign-2026-07-01/tput-sf10/ematix/s100/batch-2/stream-93.md

    NOTE: single-invocation output is SMOKE-GRADE only. For win/loss
    claims use scripts/bench/strict_22q.sh / strict_ab.sh /
    strict_throughput.sh (see scripts/bench/README.md).

--- Q08 ---
  ematix-flow  3820.70 ms ±  0.00  (2 rows)

--- Q14 ---
  ematix-flow   523.53 ms ±  0.00  (1 rows)

--- Q11 ---
  ematix-flow   213.47 ms ±  0.00  (8685 rows)

--- Q21 ---
  ematix-flow  8098.23 ms ±  0.00  (4009 rows)

--- Q17 ---
  ematix-flow   900.90 ms ±  0.00  (1 rows)

--- Q22 ---
  ematix-flow   765.43 ms ±  0.00  (7 rows)

--- Q06 ---
  ematix-flow   633.75 ms ±  0.00  (1 rows)

--- Q13 ---
  ematix-flow  3640.10 ms ±  0.00  (46 rows)

--- Q09 ---
  ematix-flow  2601.03 ms ±  0.00  (175 rows)

--- Q01 ---
  ematix-flow  3122.69 ms ±  0.00  (4 rows)

--- Q10 ---
  ematix-flow  6455.85 ms ±  0.00  (381105 rows)

--- Q15 ---
  ematix-flow   626.46 ms ±  0.00  (1 rows)

--- Q02 ---
  ematix-flow  1651.88 ms ±  0.00  (4667 rows)

--- Q07 ---
  ematix-flow  3673.72 ms ±  0.00  (4 rows)

--- Q18 ---
  ematix-flow  13489.84 ms ±  0.00  (624 rows)

--- Q05 ---
  ematix-flow  7374.38 ms ±  0.00  (5 rows)

--- Q20 ---
  ematix-flow  2000.78 ms ±  0.00  (1804 rows)

--- Q03 ---
  ematix-flow  2899.92 ms ±  0.00  (114003 rows)

--- Q04 ---
  ematix-flow  1432.96 ms ±  0.00  (5 rows)

--- Q12 ---
  ematix-flow   743.24 ms ±  0.00  (2 rows)

--- Q19 ---
  ematix-flow   848.99 ms ±  0.00  (1 rows)

--- Q16 ---
  ematix-flow   936.11 ms ±  0.00  (27840 rows)

wrote /Users/ryanevans/RustroverProjects/ematix-flow/bench-results/campaign-2026-07-01/tput-sf10/ematix/s100/batch-2/stream-93.md
