=== TPC-H 22 triangulation bench ===
    data:    /Users/ryanevans/RustroverProjects/ematix-flow/examples/tpch/data/sf10
    queries: 22 ([2, 17, 22, 8, 19, 5, 15, 11, 1, 4, 12, 20, 3, 9, 13, 18, 7, 16, 10, 21, 14, 6])
    trials:  1 (after 0 warmups)
    output:  /Users/ryanevans/RustroverProjects/ematix-flow/bench-results/campaign-2026-07-01/tput-sf10/ematix/s100/batch-2/stream-21.md

    NOTE: single-invocation output is SMOKE-GRADE only. For win/loss
    claims use scripts/bench/strict_22q.sh / strict_ab.sh /
    strict_throughput.sh (see scripts/bench/README.md).

--- Q02 ---
  ematix-flow   539.62 ms ±  0.00  (4667 rows)

--- Q17 ---
  ematix-flow  3308.11 ms ±  0.00  (1 rows)

--- Q22 ---
  ematix-flow  1621.02 ms ±  0.00  (7 rows)

--- Q08 ---
  ematix-flow  4015.02 ms ±  0.00  (2 rows)

--- Q19 ---
  ematix-flow   693.69 ms ±  0.00  (1 rows)

--- Q05 ---
  ematix-flow  2924.96 ms ±  0.00  (5 rows)

--- Q15 ---
  ematix-flow   493.10 ms ±  0.00  (1 rows)

--- Q11 ---
  ematix-flow   393.74 ms ±  0.00  (8685 rows)

--- Q01 ---
  ematix-flow  2198.89 ms ±  0.00  (4 rows)

--- Q04 ---
  ematix-flow   707.91 ms ±  0.00  (5 rows)

--- Q12 ---
  ematix-flow   591.42 ms ±  0.00  (2 rows)

--- Q20 ---
  ematix-flow  1150.01 ms ±  0.00  (1804 rows)

--- Q03 ---
  ematix-flow  1541.79 ms ±  0.00  (114003 rows)

--- Q09 ---
  ematix-flow  8357.18 ms ±  0.00  (175 rows)

--- Q13 ---
  ematix-flow  3674.74 ms ±  0.00  (46 rows)

--- Q18 ---
  ematix-flow  8558.07 ms ±  0.00  (624 rows)

--- Q07 ---
  ematix-flow  3058.36 ms ±  0.00  (4 rows)

--- Q16 ---
  ematix-flow   792.38 ms ±  0.00  (27840 rows)

--- Q10 ---
  ematix-flow  7748.74 ms ±  0.00  (381105 rows)

--- Q21 ---
  ematix-flow  12551.55 ms ±  0.00  (4009 rows)

--- Q14 ---
  ematix-flow   672.64 ms ±  0.00  (1 rows)

--- Q06 ---
  ematix-flow  2437.96 ms ±  0.00  (1 rows)

wrote /Users/ryanevans/RustroverProjects/ematix-flow/bench-results/campaign-2026-07-01/tput-sf10/ematix/s100/batch-2/stream-21.md
