=== TPC-H 22 triangulation bench ===
    data:    /Users/ryanevans/RustroverProjects/ematix-flow/examples/tpch/data/sf100
    queries: 22 ([21, 14, 13, 22, 7, 18, 4, 20, 17, 15, 6, 12, 8, 10, 11, 5, 1, 2, 9, 16, 3, 19])
    trials:  1 (after 0 warmups)
    output:  bench-results/tput-rebaseline-2026-07-03/sf100-auto/duckdb/s10/batch-3/stream-6.md

    NOTE: single-invocation output is SMOKE-GRADE only. For win/loss
    claims use scripts/bench/strict_22q.sh / strict_ab.sh /
    strict_throughput.sh (see scripts/bench/README.md).

--- Q21 ---
  DuckDB       10763.27 ms ±  0.00  (39950 rows)

--- Q14 ---
  DuckDB       3639.13 ms ±  0.00  (1 rows)

--- Q13 ---
  DuckDB       5270.78 ms ±  0.00  (45 rows)

--- Q22 ---
  DuckDB       1554.81 ms ±  0.00  (7 rows)

--- Q07 ---
  DuckDB       5195.53 ms ±  0.00  (4 rows)

--- Q18 ---
  DuckDB       5930.81 ms ±  0.00  (6398 rows)

--- Q04 ---
  DuckDB       3689.25 ms ±  0.00  (5 rows)

--- Q20 ---
  DuckDB       4547.18 ms ±  0.00  (17971 rows)

--- Q17 ---
  DuckDB       4831.63 ms ±  0.00  (1 rows)

--- Q15 ---
  DuckDB       5430.97 ms ±  0.00  (1 rows)

--- Q06 ---
  DuckDB       2978.64 ms ±  0.00  (1 rows)

--- Q12 ---
  DuckDB       4414.29 ms ±  0.00  (2 rows)

--- Q08 ---
  DuckDB       8041.97 ms ±  0.00  (2 rows)

--- Q10 ---
  DuckDB       5908.78 ms ±  0.00  (3884218 rows)

--- Q11 ---
  DuckDB        757.17 ms ±  0.00  (92698 rows)

--- Q05 ---
  DuckDB       5451.76 ms ±  0.00  (5 rows)

--- Q01 ---
  DuckDB       9567.15 ms ±  0.00  (4 rows)

--- Q02 ---
  DuckDB       1287.73 ms ±  0.00  (47107 rows)

--- Q09 ---
  DuckDB       45585.18 ms ±  0.00  (175 rows)

--- Q16 ---
  DuckDB       1090.05 ms ±  0.00  (27840 rows)

--- Q03 ---
  DuckDB       7553.18 ms ±  0.00  (1131041 rows)

--- Q19 ---
  DuckDB       5752.20 ms ±  0.00  (1 rows)

wrote bench-results/tput-rebaseline-2026-07-03/sf100-auto/duckdb/s10/batch-3/stream-6.md
