=== TPC-H 22 triangulation bench ===
    data:    /Users/ryanevans/RustroverProjects/ematix-flow/examples/tpch/data/sf100
    queries: 22 ([4, 13, 6, 17, 21, 10, 12, 22, 9, 18, 3, 11, 5, 8, 20, 15, 7, 1, 16, 14, 2, 19])
    trials:  1 (after 0 warmups)
    output:  bench-results/tput-rebaseline-2026-07-03/sf100-auto/duckdb/s10/batch-3/stream-10.md

    NOTE: single-invocation output is SMOKE-GRADE only. For win/loss
    claims use scripts/bench/strict_22q.sh / strict_ab.sh /
    strict_throughput.sh (see scripts/bench/README.md).

--- Q04 ---
  DuckDB       2600.30 ms ±  0.00  (5 rows)

--- Q13 ---
  DuckDB       3608.12 ms ±  0.00  (45 rows)

--- Q06 ---
  DuckDB       1068.09 ms ±  0.00  (1 rows)

--- Q17 ---
  DuckDB       1516.20 ms ±  0.00  (1 rows)

--- Q21 ---
  DuckDB       4079.02 ms ±  0.00  (39950 rows)

--- Q10 ---
  DuckDB       2209.94 ms ±  0.00  (3884218 rows)

--- Q12 ---
  DuckDB       1199.06 ms ±  0.00  (2 rows)

--- Q22 ---
  DuckDB        559.72 ms ±  0.00  (7 rows)

--- Q09 ---
  DuckDB       3681.31 ms ±  0.00  (175 rows)

--- Q18 ---
  DuckDB       2402.27 ms ±  0.00  (6398 rows)

--- Q03 ---
  DuckDB       1641.30 ms ±  0.00  (1131041 rows)

--- Q11 ---
  DuckDB        256.54 ms ±  0.00  (92698 rows)

--- Q05 ---
  DuckDB       1533.28 ms ±  0.00  (5 rows)

--- Q08 ---
  DuckDB       2163.76 ms ±  0.00  (2 rows)

--- Q20 ---
  DuckDB       1240.27 ms ±  0.00  (17971 rows)

--- Q15 ---
  DuckDB        935.18 ms ±  0.00  (1 rows)

--- Q07 ---
  DuckDB       1584.71 ms ±  0.00  (4 rows)

--- Q01 ---
  DuckDB       2568.78 ms ±  0.00  (4 rows)

--- Q16 ---
  DuckDB        366.90 ms ±  0.00  (27840 rows)

--- Q14 ---
  DuckDB       1007.69 ms ±  0.00  (1 rows)

--- Q02 ---
  DuckDB        293.06 ms ±  0.00  (47107 rows)

--- Q19 ---
  DuckDB       1628.57 ms ±  0.00  (1 rows)

wrote bench-results/tput-rebaseline-2026-07-03/sf100-auto/duckdb/s10/batch-3/stream-10.md
