=== TPC-H 22 triangulation bench ===
    data:    /Users/ryanevans/RustroverProjects/ematix-flow/examples/tpch/data/sf100
    queries: 22 ([13, 18, 3, 7, 11, 4, 21, 16, 14, 22, 2, 10, 8, 19, 17, 1, 6, 5, 9, 12, 20, 15])
    trials:  1 (after 0 warmups)
    output:  bench-results/tput-rebaseline-2026-07-03/sf100-auto/duckdb/s10/batch-3/stream-9.md

    NOTE: single-invocation output is SMOKE-GRADE only. For win/loss
    claims use scripts/bench/strict_22q.sh / strict_ab.sh /
    strict_throughput.sh (see scripts/bench/README.md).

--- Q13 ---
  DuckDB       5767.35 ms ±  0.00  (45 rows)

--- Q18 ---
  DuckDB       7986.57 ms ±  0.00  (6398 rows)

--- Q03 ---
  DuckDB       6032.15 ms ±  0.00  (1131041 rows)

--- Q07 ---
  DuckDB       4659.11 ms ±  0.00  (4 rows)

--- Q11 ---
  DuckDB        750.08 ms ±  0.00  (92698 rows)

--- Q04 ---
  DuckDB       3272.19 ms ±  0.00  (5 rows)

--- Q21 ---
  DuckDB       12102.00 ms ±  0.00  (39950 rows)

--- Q16 ---
  DuckDB       1010.07 ms ±  0.00  (27840 rows)

--- Q14 ---
  DuckDB       3347.61 ms ±  0.00  (1 rows)

--- Q22 ---
  DuckDB       1885.49 ms ±  0.00  (7 rows)

--- Q02 ---
  DuckDB       1067.76 ms ±  0.00  (47107 rows)

--- Q10 ---
  DuckDB       10671.65 ms ±  0.00  (3884218 rows)

--- Q08 ---
  DuckDB       15421.49 ms ±  0.00  (2 rows)

--- Q19 ---
  DuckDB       11902.82 ms ±  0.00  (1 rows)

--- Q17 ---
  DuckDB       12434.44 ms ±  0.00  (1 rows)

--- Q01 ---
  DuckDB       10431.60 ms ±  0.00  (4 rows)

--- Q06 ---
  DuckDB       2578.66 ms ±  0.00  (1 rows)

--- Q05 ---
  DuckDB       4206.48 ms ±  0.00  (5 rows)

--- Q09 ---
  DuckDB       12536.48 ms ±  0.00  (175 rows)

--- Q12 ---
  DuckDB       3901.48 ms ±  0.00  (2 rows)

--- Q20 ---
  DuckDB       5805.26 ms ±  0.00  (17971 rows)

--- Q15 ---
  DuckDB       3584.53 ms ±  0.00  (1 rows)

wrote bench-results/tput-rebaseline-2026-07-03/sf100-auto/duckdb/s10/batch-3/stream-9.md
