=== TPC-H 22 triangulation bench ===
    data:    /Users/ryanevans/RustroverProjects/ematix-flow/examples/tpch/data/sf100
    queries: 22 ([2, 14, 17, 6, 11, 7, 20, 13, 15, 4, 9, 21, 22, 1, 10, 3, 16, 12, 5, 18, 19, 8])
    trials:  1 (after 0 warmups)
    output:  bench-results/tput-rebaseline-2026-07-03/sf100-auto/duckdb/s10/batch-3/stream-3.md

    NOTE: single-invocation output is SMOKE-GRADE only. For win/loss
    claims use scripts/bench/strict_22q.sh / strict_ab.sh /
    strict_throughput.sh (see scripts/bench/README.md).

--- Q02 ---
  DuckDB        756.69 ms ±  0.00  (47107 rows)

--- Q14 ---
  DuckDB       2712.24 ms ±  0.00  (1 rows)

--- Q17 ---
  DuckDB       3925.88 ms ±  0.00  (1 rows)

--- Q06 ---
  DuckDB       2020.65 ms ±  0.00  (1 rows)

--- Q11 ---
  DuckDB        493.41 ms ±  0.00  (92698 rows)

--- Q07 ---
  DuckDB       4123.47 ms ±  0.00  (4 rows)

--- Q20 ---
  DuckDB       3981.70 ms ±  0.00  (17971 rows)

--- Q13 ---
  DuckDB       4956.19 ms ±  0.00  (45 rows)

--- Q15 ---
  DuckDB       3230.84 ms ±  0.00  (1 rows)

--- Q04 ---
  DuckDB       3465.64 ms ±  0.00  (5 rows)

--- Q09 ---
  DuckDB       20992.71 ms ±  0.00  (175 rows)

--- Q21 ---
  DuckDB       14866.88 ms ±  0.00  (39950 rows)

--- Q22 ---
  DuckDB       1242.58 ms ±  0.00  (7 rows)

--- Q01 ---
  DuckDB       7266.33 ms ±  0.00  (4 rows)

--- Q10 ---
  DuckDB       8604.37 ms ±  0.00  (3884218 rows)

--- Q03 ---
  DuckDB       4594.71 ms ±  0.00  (1131041 rows)

--- Q16 ---
  DuckDB        754.28 ms ±  0.00  (27840 rows)

--- Q12 ---
  DuckDB       3619.53 ms ±  0.00  (2 rows)

--- Q05 ---
  DuckDB       8464.38 ms ±  0.00  (5 rows)

--- Q18 ---
  DuckDB       14296.21 ms ±  0.00  (6398 rows)

--- Q19 ---
  DuckDB       8550.97 ms ±  0.00  (1 rows)

--- Q08 ---
  DuckDB       6718.21 ms ±  0.00  (2 rows)

wrote bench-results/tput-rebaseline-2026-07-03/sf100-auto/duckdb/s10/batch-3/stream-3.md
