=== TPC-H 22 triangulation bench ===
    data:    /Users/ryanevans/RustroverProjects/ematix-flow/examples/tpch/data/sf100
    queries: 22 ([21, 13, 19, 22, 10, 14, 5, 7, 4, 16, 6, 2, 3, 18, 11, 8, 15, 1, 17, 12, 9, 20])
    trials:  1 (after 0 warmups)
    output:  bench-results/tput-rebaseline-2026-07-03/sf100-auto/duckdb/s10/batch-3/stream-5.md

    NOTE: single-invocation output is SMOKE-GRADE only. For win/loss
    claims use scripts/bench/strict_22q.sh / strict_ab.sh /
    strict_throughput.sh (see scripts/bench/README.md).

--- Q21 ---
  DuckDB       9902.28 ms ±  0.00  (39950 rows)

--- Q13 ---
  DuckDB       6151.49 ms ±  0.00  (45 rows)

--- Q19 ---
  DuckDB       5674.27 ms ±  0.00  (1 rows)

--- Q22 ---
  DuckDB       1655.78 ms ±  0.00  (7 rows)

--- Q10 ---
  DuckDB       6142.47 ms ±  0.00  (3884218 rows)

--- Q14 ---
  DuckDB       4360.90 ms ±  0.00  (1 rows)

--- Q05 ---
  DuckDB       5124.97 ms ±  0.00  (5 rows)

--- Q07 ---
  DuckDB       5138.32 ms ±  0.00  (4 rows)

--- Q04 ---
  DuckDB       4270.27 ms ±  0.00  (5 rows)

--- Q16 ---
  DuckDB       1126.24 ms ±  0.00  (27840 rows)

--- Q06 ---
  DuckDB       5397.62 ms ±  0.00  (1 rows)

--- Q02 ---
  DuckDB       1155.83 ms ±  0.00  (47107 rows)

--- Q03 ---
  DuckDB       5304.72 ms ±  0.00  (1131041 rows)

--- Q18 ---
  DuckDB       7080.09 ms ±  0.00  (6398 rows)

--- Q11 ---
  DuckDB       1093.28 ms ±  0.00  (92698 rows)

--- Q08 ---
  DuckDB       7078.87 ms ±  0.00  (2 rows)

--- Q15 ---
  DuckDB       4300.12 ms ±  0.00  (1 rows)

--- Q01 ---
  DuckDB       9392.42 ms ±  0.00  (4 rows)

--- Q17 ---
  DuckDB       7544.48 ms ±  0.00  (1 rows)

--- Q12 ---
  DuckDB       4778.15 ms ±  0.00  (2 rows)

--- Q09 ---
  DuckDB       45514.60 ms ±  0.00  (175 rows)

--- Q20 ---
  DuckDB       5057.20 ms ±  0.00  (17971 rows)

wrote bench-results/tput-rebaseline-2026-07-03/sf100-auto/duckdb/s10/batch-3/stream-5.md
