=== TPC-H 22 triangulation bench ===
    data:    /Users/ryanevans/RustroverProjects/ematix-flow/examples/tpch/data/sf100
    queries: 22 ([22, 12, 11, 19, 21, 15, 18, 6, 20, 14, 17, 9, 7, 1, 2, 3, 5, 16, 13, 4, 10, 8])
    trials:  1 (after 0 warmups)
    output:  bench-results/tput-rebaseline-2026-07-03/sf100-auto/duckdb/s10/batch-3/stream-4.md

    NOTE: single-invocation output is SMOKE-GRADE only. For win/loss
    claims use scripts/bench/strict_22q.sh / strict_ab.sh /
    strict_throughput.sh (see scripts/bench/README.md).

--- Q22 ---
  DuckDB       1405.80 ms ±  0.00  (7 rows)

--- Q12 ---
  DuckDB       3902.56 ms ±  0.00  (2 rows)

--- Q11 ---
  DuckDB        510.28 ms ±  0.00  (92698 rows)

--- Q19 ---
  DuckDB       4512.00 ms ±  0.00  (1 rows)

--- Q21 ---
  DuckDB       10971.65 ms ±  0.00  (39950 rows)

--- Q15 ---
  DuckDB       4073.72 ms ±  0.00  (1 rows)

--- Q18 ---
  DuckDB       7308.50 ms ±  0.00  (6398 rows)

--- Q06 ---
  DuckDB       3109.78 ms ±  0.00  (1 rows)

--- Q20 ---
  DuckDB       5052.11 ms ±  0.00  (17971 rows)

--- Q14 ---
  DuckDB       4001.17 ms ±  0.00  (1 rows)

--- Q17 ---
  DuckDB       4810.13 ms ±  0.00  (1 rows)

--- Q09 ---
  DuckDB       13470.72 ms ±  0.00  (175 rows)

--- Q07 ---
  DuckDB       6262.85 ms ±  0.00  (4 rows)

--- Q01 ---
  DuckDB       8803.59 ms ±  0.00  (4 rows)

--- Q02 ---
  DuckDB        821.83 ms ±  0.00  (47107 rows)

--- Q03 ---
  DuckDB       5451.48 ms ±  0.00  (1131041 rows)

--- Q05 ---
  DuckDB       5302.99 ms ±  0.00  (5 rows)

--- Q16 ---
  DuckDB       2206.52 ms ±  0.00  (27840 rows)

--- Q13 ---
  DuckDB       4948.78 ms ±  0.00  (45 rows)

--- Q04 ---
  DuckDB       4931.66 ms ±  0.00  (5 rows)

--- Q10 ---
  DuckDB       12465.96 ms ±  0.00  (3884218 rows)

--- Q08 ---
  DuckDB       17447.30 ms ±  0.00  (2 rows)

wrote bench-results/tput-rebaseline-2026-07-03/sf100-auto/duckdb/s10/batch-3/stream-4.md
