=== TPC-H 22 triangulation bench ===
    data:    /Users/ryanevans/RustroverProjects/ematix-flow/examples/tpch/data/sf100
    queries: 22 ([17, 21, 15, 19, 6, 10, 11, 22, 1, 18, 14, 9, 20, 4, 16, 3, 2, 7, 5, 13, 12, 8])
    trials:  1 (after 0 warmups)
    output:  bench-results/tput-rebaseline-2026-07-03/sf100-auto/duckdb/s10/batch-3/stream-8.md

    NOTE: single-invocation output is SMOKE-GRADE only. For win/loss
    claims use scripts/bench/strict_22q.sh / strict_ab.sh /
    strict_throughput.sh (see scripts/bench/README.md).

--- Q17 ---
  DuckDB       4676.14 ms ±  0.00  (1 rows)

--- Q21 ---
  DuckDB       13415.42 ms ±  0.00  (39950 rows)

--- Q15 ---
  DuckDB       2762.04 ms ±  0.00  (1 rows)

--- Q19 ---
  DuckDB       4755.44 ms ±  0.00  (1 rows)

--- Q06 ---
  DuckDB       2301.56 ms ±  0.00  (1 rows)

--- Q10 ---
  DuckDB       5953.97 ms ±  0.00  (3884218 rows)

--- Q11 ---
  DuckDB        855.11 ms ±  0.00  (92698 rows)

--- Q22 ---
  DuckDB       1666.76 ms ±  0.00  (7 rows)

--- Q01 ---
  DuckDB       8422.68 ms ±  0.00  (4 rows)

--- Q18 ---
  DuckDB       9112.11 ms ±  0.00  (6398 rows)

--- Q14 ---
  DuckDB       6051.29 ms ±  0.00  (1 rows)

--- Q09 ---
  DuckDB       61441.92 ms ±  0.00  (175 rows)

--- Q20 ---
  DuckDB       3573.78 ms ±  0.00  (17971 rows)

--- Q04 ---
  DuckDB       3176.15 ms ±  0.00  (5 rows)

--- Q16 ---
  DuckDB        855.67 ms ±  0.00  (27840 rows)

--- Q03 ---
  DuckDB       5629.93 ms ±  0.00  (1131041 rows)

--- Q02 ---
  DuckDB        798.87 ms ±  0.00  (47107 rows)

--- Q07 ---
  DuckDB       5032.88 ms ±  0.00  (4 rows)

--- Q05 ---
  DuckDB       4511.81 ms ±  0.00  (5 rows)

--- Q13 ---
  DuckDB       6115.73 ms ±  0.00  (45 rows)

--- Q12 ---
  DuckDB       4396.68 ms ±  0.00  (2 rows)

--- Q08 ---
  DuckDB       4680.38 ms ±  0.00  (2 rows)

wrote bench-results/tput-rebaseline-2026-07-03/sf100-auto/duckdb/s10/batch-3/stream-8.md
