=== TPC-H 22 triangulation bench ===
    data:    /Users/ryanevans/RustroverProjects/ematix-flow/examples/tpch/data/sf10
    queries: 22 ([20, 6, 14, 10, 21, 22, 12, 13, 1, 17, 2, 18, 7, 11, 8, 15, 16, 4, 9, 3, 19, 5])
    trials:  1 (after 0 warmups)
    output:  /Users/ryanevans/RustroverProjects/ematix-flow/bench-results/campaign-2026-07-01/tput-sf10/ematix/s1/batch-1/stream-1.md

    NOTE: single-invocation output is SMOKE-GRADE only. For win/loss
    claims use scripts/bench/strict_22q.sh / strict_ab.sh /
    strict_throughput.sh (see scripts/bench/README.md).

--- Q20 ---
  ematix-flow   155.22 ms ±  0.00  (1804 rows)

--- Q06 ---
  ematix-flow    79.60 ms ±  0.00  (1 rows)

--- Q14 ---
  ematix-flow    83.29 ms ±  0.00  (1 rows)

--- Q10 ---
  ematix-flow   232.87 ms ±  0.00  (381105 rows)

--- Q21 ---
  ematix-flow   191.26 ms ±  0.00  (4009 rows)

--- Q22 ---
  ematix-flow    39.39 ms ±  0.00  (7 rows)

--- Q12 ---
  ematix-flow    97.92 ms ±  0.00  (2 rows)

--- Q13 ---
  ematix-flow   157.14 ms ±  0.00  (46 rows)

--- Q01 ---
  ematix-flow   220.24 ms ±  0.00  (4 rows)

--- Q17 ---
  ematix-flow   114.50 ms ±  0.00  (1 rows)

--- Q02 ---
  ematix-flow    24.89 ms ±  0.00  (4667 rows)

--- Q18 ---
  ematix-flow   202.53 ms ±  0.00  (624 rows)

--- Q07 ---
  ematix-flow   122.81 ms ±  0.00  (4 rows)

--- Q11 ---
  ematix-flow    16.48 ms ±  0.00  (8685 rows)

--- Q08 ---
  ematix-flow   136.73 ms ±  0.00  (2 rows)

--- Q15 ---
  ematix-flow    63.09 ms ±  0.00  (1 rows)

--- Q16 ---
  ematix-flow    43.86 ms ±  0.00  (27840 rows)

--- Q04 ---
  ematix-flow    76.46 ms ±  0.00  (5 rows)

--- Q09 ---
  ematix-flow   276.06 ms ±  0.00  (175 rows)

--- Q03 ---
  ematix-flow   124.60 ms ±  0.00  (114003 rows)

--- Q19 ---
  ematix-flow   131.78 ms ±  0.00  (1 rows)

--- Q05 ---
  ematix-flow   145.66 ms ±  0.00  (5 rows)

wrote /Users/ryanevans/RustroverProjects/ematix-flow/bench-results/campaign-2026-07-01/tput-sf10/ematix/s1/batch-1/stream-1.md
