=== TPC-H 22 triangulation bench ===
    data:    /Users/ryanevans/RustroverProjects/ematix-flow/examples/tpch/data/sf10
    queries: 22 ([17, 21, 15, 19, 6, 10, 11, 22, 1, 18, 14, 9, 20, 4, 16, 3, 2, 7, 5, 13, 12, 8])
    trials:  1 (after 0 warmups)
    output:  bench-results/sched-diag-2026-07-03/p4/ematix/s10/batch-4/stream-8.md

    NOTE: single-invocation output is SMOKE-GRADE only. For win/loss
    claims use scripts/bench/strict_22q.sh / strict_ab.sh /
    strict_throughput.sh (see scripts/bench/README.md).

--- Q17 ---
  ematix-flow   707.42 ms ±  0.00  (1 rows)

--- Q21 ---
  ematix-flow  2066.28 ms ±  0.00  (4009 rows)

--- Q15 ---
  ematix-flow   277.59 ms ±  0.00  (1 rows)

--- Q19 ---
  ematix-flow   932.26 ms ±  0.00  (1 rows)

--- Q06 ---
  ematix-flow   252.18 ms ±  0.00  (1 rows)

--- Q10 ---
  ematix-flow  1717.14 ms ±  0.00  (381105 rows)

--- Q11 ---
  ematix-flow   279.13 ms ±  0.00  (8685 rows)

--- Q22 ---
  ematix-flow   377.43 ms ±  0.00  (7 rows)

--- Q01 ---
  ematix-flow  2694.22 ms ±  0.00  (4 rows)

--- Q18 ---
  ematix-flow  3163.17 ms ±  0.00  (624 rows)

--- Q14 ---
  ematix-flow   665.99 ms ±  0.00  (1 rows)

--- Q09 ---
  ematix-flow  5791.91 ms ±  0.00  (175 rows)

--- Q20 ---
  ematix-flow  1590.54 ms ±  0.00  (1804 rows)

--- Q04 ---
  ematix-flow  1254.45 ms ±  0.00  (5 rows)

--- Q16 ---
  ematix-flow   829.07 ms ±  0.00  (27840 rows)

--- Q03 ---
  ematix-flow  1549.18 ms ±  0.00  (114003 rows)

--- Q02 ---
  ematix-flow   148.16 ms ±  0.00  (4667 rows)

--- Q07 ---
  ematix-flow  1639.87 ms ±  0.00  (4 rows)

--- Q05 ---
  ematix-flow  1807.81 ms ±  0.00  (5 rows)

--- Q13 ---
  ematix-flow  2845.77 ms ±  0.00  (46 rows)

--- Q12 ---
  ematix-flow  1033.22 ms ±  0.00  (2 rows)

--- Q08 ---
  ematix-flow  1186.20 ms ±  0.00  (2 rows)

wrote bench-results/sched-diag-2026-07-03/p4/ematix/s10/batch-4/stream-8.md
