=== TPC-H 22 triangulation bench ===
    data:    /Users/ryanevans/RustroverProjects/ematix-flow/examples/tpch/data/sf10
    queries: 22 ([13, 18, 3, 7, 11, 4, 21, 16, 14, 22, 2, 10, 8, 19, 17, 1, 6, 5, 9, 12, 20, 15])
    trials:  1 (after 0 warmups)
    output:  bench-results/sched-diag-2026-07-03/p4/ematix/s10/batch-4/stream-9.md

    NOTE: single-invocation output is SMOKE-GRADE only. For win/loss
    claims use scripts/bench/strict_22q.sh / strict_ab.sh /
    strict_throughput.sh (see scripts/bench/README.md).

--- Q13 ---
  ematix-flow  1038.52 ms ±  0.00  (46 rows)

--- Q18 ---
  ematix-flow  2502.46 ms ±  0.00  (624 rows)

--- Q03 ---
  ematix-flow  1137.48 ms ±  0.00  (114003 rows)

--- Q07 ---
  ematix-flow  1216.54 ms ±  0.00  (4 rows)

--- Q11 ---
  ematix-flow   355.20 ms ±  0.00  (8685 rows)

--- Q04 ---
  ematix-flow   962.24 ms ±  0.00  (5 rows)

--- Q21 ---
  ematix-flow  3247.37 ms ±  0.00  (4009 rows)

--- Q16 ---
  ematix-flow   767.67 ms ±  0.00  (27840 rows)

--- Q14 ---
  ematix-flow   808.72 ms ±  0.00  (1 rows)

--- Q22 ---
  ematix-flow   614.77 ms ±  0.00  (7 rows)

--- Q02 ---
  ematix-flow   264.69 ms ±  0.00  (4667 rows)

--- Q10 ---
  ematix-flow  3464.16 ms ±  0.00  (381105 rows)

--- Q08 ---
  ematix-flow  1953.95 ms ±  0.00  (2 rows)

--- Q19 ---
  ematix-flow  1133.51 ms ±  0.00  (1 rows)

--- Q17 ---
  ematix-flow  1618.84 ms ±  0.00  (1 rows)

--- Q01 ---
  ematix-flow  3058.73 ms ±  0.00  (4 rows)

--- Q06 ---
  ematix-flow   566.54 ms ±  0.00  (1 rows)

--- Q05 ---
  ematix-flow  1560.78 ms ±  0.00  (5 rows)

--- Q09 ---
  ematix-flow  5616.02 ms ±  0.00  (175 rows)

--- Q12 ---
  ematix-flow   978.91 ms ±  0.00  (2 rows)

--- Q20 ---
  ematix-flow   349.96 ms ±  0.00  (1804 rows)

--- Q15 ---
  ematix-flow   118.84 ms ±  0.00  (1 rows)

wrote bench-results/sched-diag-2026-07-03/p4/ematix/s10/batch-4/stream-9.md
