=== TPC-H 22 triangulation bench ===
    data:    /Users/ryanevans/RustroverProjects/ematix-flow/examples/tpch/data/sf10
    queries: 22 ([6, 18, 21, 16, 8, 15, 22, 20, 7, 19, 14, 17, 9, 1, 10, 12, 4, 3, 2, 13, 5, 11])
    trials:  1 (after 0 warmups)
    output:  bench-results/tput-rebaseline-2026-07-03/sf10-s10-legacy/duckdb/s10/batch-4/stream-7.md

    NOTE: single-invocation output is SMOKE-GRADE only. For win/loss
    claims use scripts/bench/strict_22q.sh / strict_ab.sh /
    strict_throughput.sh (see scripts/bench/README.md).

--- Q06 ---
  DuckDB        511.22 ms ±  0.00  (1 rows)

--- Q18 ---
  DuckDB       1732.33 ms ±  0.00  (624 rows)

--- Q21 ---
  DuckDB       3013.28 ms ±  0.00  (4009 rows)

--- Q16 ---
  DuckDB        548.74 ms ±  0.00  (27840 rows)

--- Q08 ---
  DuckDB       1327.88 ms ±  0.00  (2 rows)

--- Q15 ---
  DuckDB        526.78 ms ±  0.00  (1 rows)

--- Q22 ---
  DuckDB        443.74 ms ±  0.00  (7 rows)

--- Q20 ---
  DuckDB        815.14 ms ±  0.00  (1804 rows)

--- Q07 ---
  DuckDB       1021.13 ms ±  0.00  (4 rows)

--- Q19 ---
  DuckDB       1307.04 ms ±  0.00  (1 rows)

--- Q14 ---
  DuckDB        947.56 ms ±  0.00  (1 rows)

--- Q17 ---
  DuckDB       1214.56 ms ±  0.00  (1 rows)

--- Q09 ---
  DuckDB       2246.63 ms ±  0.00  (175 rows)

--- Q01 ---
  DuckDB       1975.52 ms ±  0.00  (4 rows)

--- Q10 ---
  DuckDB       1982.88 ms ±  0.00  (381105 rows)

--- Q12 ---
  DuckDB        805.68 ms ±  0.00  (2 rows)

--- Q04 ---
  DuckDB        548.66 ms ±  0.00  (5 rows)

--- Q03 ---
  DuckDB       1005.18 ms ±  0.00  (114003 rows)

--- Q02 ---
  DuckDB        204.69 ms ±  0.00  (4667 rows)

--- Q13 ---
  DuckDB       1329.17 ms ±  0.00  (46 rows)

--- Q05 ---
  DuckDB        353.60 ms ±  0.00  (5 rows)

--- Q11 ---
  DuckDB         34.82 ms ±  0.00  (8685 rows)

wrote bench-results/tput-rebaseline-2026-07-03/sf10-s10-legacy/duckdb/s10/batch-4/stream-7.md
