=== TPC-H 22 triangulation bench ===
    data:    /Users/ryanevans/RustroverProjects/ematix-flow/examples/tpch/data/sf10
    queries: 22 ([2, 14, 17, 6, 11, 7, 20, 13, 15, 4, 9, 21, 22, 1, 10, 3, 16, 12, 5, 18, 19, 8])
    trials:  1 (after 0 warmups)
    output:  bench-results/tput-rebaseline-2026-07-03/sf10-s10-legacy/duckdb/s10/batch-4/stream-3.md

    NOTE: single-invocation output is SMOKE-GRADE only. For win/loss
    claims use scripts/bench/strict_22q.sh / strict_ab.sh /
    strict_throughput.sh (see scripts/bench/README.md).

--- Q02 ---
  DuckDB        109.55 ms ±  0.00  (4667 rows)

--- Q14 ---
  DuckDB        589.51 ms ±  0.00  (1 rows)

--- Q17 ---
  DuckDB       1222.36 ms ±  0.00  (1 rows)

--- Q06 ---
  DuckDB        557.40 ms ±  0.00  (1 rows)

--- Q11 ---
  DuckDB         57.40 ms ±  0.00  (8685 rows)

--- Q07 ---
  DuckDB       1004.87 ms ±  0.00  (4 rows)

--- Q20 ---
  DuckDB        854.61 ms ±  0.00  (1804 rows)

--- Q13 ---
  DuckDB       1803.93 ms ±  0.00  (46 rows)

--- Q15 ---
  DuckDB        663.07 ms ±  0.00  (1 rows)

--- Q04 ---
  DuckDB        656.09 ms ±  0.00  (5 rows)

--- Q09 ---
  DuckDB       1938.16 ms ±  0.00  (175 rows)

--- Q21 ---
  DuckDB       2697.01 ms ±  0.00  (4009 rows)

--- Q22 ---
  DuckDB        441.63 ms ±  0.00  (7 rows)

--- Q01 ---
  DuckDB       2194.95 ms ±  0.00  (4 rows)

--- Q10 ---
  DuckDB       1769.14 ms ±  0.00  (381105 rows)

--- Q03 ---
  DuckDB        935.46 ms ±  0.00  (114003 rows)

--- Q16 ---
  DuckDB        191.60 ms ±  0.00  (27840 rows)

--- Q12 ---
  DuckDB        726.71 ms ±  0.00  (2 rows)

--- Q05 ---
  DuckDB        945.87 ms ±  0.00  (5 rows)

--- Q18 ---
  DuckDB       1639.89 ms ±  0.00  (624 rows)

--- Q19 ---
  DuckDB       1459.27 ms ±  0.00  (1 rows)

--- Q08 ---
  DuckDB       1009.02 ms ±  0.00  (2 rows)

wrote bench-results/tput-rebaseline-2026-07-03/sf10-s10-legacy/duckdb/s10/batch-4/stream-3.md
