=== TPC-H 22 triangulation bench ===
    data:    /Users/ryanevans/RustroverProjects/ematix-flow/examples/tpch/data/sf10
    queries: 22 ([13, 18, 3, 7, 11, 4, 21, 16, 14, 22, 2, 10, 8, 19, 17, 1, 6, 5, 9, 12, 20, 15])
    trials:  1 (after 0 warmups)
    output:  bench-results/tput-rebaseline-2026-07-03/sf10-s10-legacy/duckdb/s10/batch-4/stream-9.md

    NOTE: single-invocation output is SMOKE-GRADE only. For win/loss
    claims use scripts/bench/strict_22q.sh / strict_ab.sh /
    strict_throughput.sh (see scripts/bench/README.md).

--- Q13 ---
  DuckDB       1695.46 ms ±  0.00  (46 rows)

--- Q18 ---
  DuckDB       1427.11 ms ±  0.00  (624 rows)

--- Q03 ---
  DuckDB       1217.08 ms ±  0.00  (114003 rows)

--- Q07 ---
  DuckDB        922.43 ms ±  0.00  (4 rows)

--- Q11 ---
  DuckDB        119.40 ms ±  0.00  (8685 rows)

--- Q04 ---
  DuckDB        561.26 ms ±  0.00  (5 rows)

--- Q21 ---
  DuckDB       2768.66 ms ±  0.00  (4009 rows)

--- Q16 ---
  DuckDB        209.87 ms ±  0.00  (27840 rows)

--- Q14 ---
  DuckDB        891.58 ms ±  0.00  (1 rows)

--- Q22 ---
  DuckDB        384.37 ms ±  0.00  (7 rows)

--- Q02 ---
  DuckDB        221.20 ms ±  0.00  (4667 rows)

--- Q10 ---
  DuckDB       1619.62 ms ±  0.00  (381105 rows)

--- Q08 ---
  DuckDB       1124.66 ms ±  0.00  (2 rows)

--- Q19 ---
  DuckDB       1530.54 ms ±  0.00  (1 rows)

--- Q17 ---
  DuckDB        975.67 ms ±  0.00  (1 rows)

--- Q01 ---
  DuckDB       1824.49 ms ±  0.00  (4 rows)

--- Q06 ---
  DuckDB        459.06 ms ±  0.00  (1 rows)

--- Q05 ---
  DuckDB       1074.59 ms ±  0.00  (5 rows)

--- Q09 ---
  DuckDB       2043.07 ms ±  0.00  (175 rows)

--- Q12 ---
  DuckDB        893.07 ms ±  0.00  (2 rows)

--- Q20 ---
  DuckDB        708.65 ms ±  0.00  (1804 rows)

--- Q15 ---
  DuckDB        473.86 ms ±  0.00  (1 rows)

wrote bench-results/tput-rebaseline-2026-07-03/sf10-s10-legacy/duckdb/s10/batch-4/stream-9.md
