=== TPC-H 22 triangulation bench ===
    data:    /Users/ryanevans/RustroverProjects/ematix-flow/examples/tpch/data/sf10
    queries: 22 ([20, 6, 14, 10, 21, 22, 12, 13, 1, 17, 2, 18, 7, 11, 8, 15, 16, 4, 9, 3, 19, 5])
    trials:  1 (after 0 warmups)
    output:  bench-results/tput-rebaseline-2026-07-03/sf10-s10-legacy/duckdb/s10/batch-4/stream-1.md

    NOTE: single-invocation output is SMOKE-GRADE only. For win/loss
    claims use scripts/bench/strict_22q.sh / strict_ab.sh /
    strict_throughput.sh (see scripts/bench/README.md).

--- Q20 ---
  DuckDB        475.11 ms ±  0.00  (1804 rows)

--- Q06 ---
  DuckDB        470.71 ms ±  0.00  (1 rows)

--- Q14 ---
  DuckDB        975.59 ms ±  0.00  (1 rows)

--- Q10 ---
  DuckDB       1883.18 ms ±  0.00  (381105 rows)

--- Q21 ---
  DuckDB       2869.20 ms ±  0.00  (4009 rows)

--- Q22 ---
  DuckDB        482.63 ms ±  0.00  (7 rows)

--- Q12 ---
  DuckDB        776.08 ms ±  0.00  (2 rows)

--- Q13 ---
  DuckDB       1666.50 ms ±  0.00  (46 rows)

--- Q01 ---
  DuckDB       2009.54 ms ±  0.00  (4 rows)

--- Q17 ---
  DuckDB        988.52 ms ±  0.00  (1 rows)

--- Q02 ---
  DuckDB        285.12 ms ±  0.00  (4667 rows)

--- Q18 ---
  DuckDB       1465.34 ms ±  0.00  (624 rows)

--- Q07 ---
  DuckDB       1253.94 ms ±  0.00  (4 rows)

--- Q11 ---
  DuckDB        200.31 ms ±  0.00  (8685 rows)

--- Q08 ---
  DuckDB       1139.17 ms ±  0.00  (2 rows)

--- Q15 ---
  DuckDB        445.71 ms ±  0.00  (1 rows)

--- Q16 ---
  DuckDB        313.65 ms ±  0.00  (27840 rows)

--- Q04 ---
  DuckDB        700.65 ms ±  0.00  (5 rows)

--- Q09 ---
  DuckDB       2180.83 ms ±  0.00  (175 rows)

--- Q03 ---
  DuckDB       1125.27 ms ±  0.00  (114003 rows)

--- Q19 ---
  DuckDB       1481.04 ms ±  0.00  (1 rows)

--- Q05 ---
  DuckDB        818.33 ms ±  0.00  (5 rows)

wrote bench-results/tput-rebaseline-2026-07-03/sf10-s10-legacy/duckdb/s10/batch-4/stream-1.md
