warning: unused import: `RecordBatch`
  --> crates/ematix-flow-core/src/build_side_bloom_emitter_exec.rs:42:44
   |
42 | use datafusion::arrow::array::{Int64Array, RecordBatch};
   |                                            ^^^^^^^^^^^
   |
   = note: `#[warn(unused_imports)]` (part of `#[warn(unused)]`) on by default

warning: unused import: `Clause`
  --> crates/ematix-flow-core/src/lane_filter_sum_kernel.rs:47:33
   |
47 | use crate::fused_jit::{AggExpr, Clause, ClauseOp, ColumnTy, FusedFilterAggSpec};
   |                                 ^^^^^^

warning: unused import: `futures_util::TryStreamExt`
  --> crates/ematix-flow-core/src/build_side_bloom_emitter_exec.rs:54:5
   |
54 | use futures_util::TryStreamExt;
   |     ^^^^^^^^^^^^^^^^^^^^^^^^^^

warning: value assigned to `finalized` is never read
   --> crates/ematix-flow-core/src/build_side_bloom_emitter_exec.rs:429:29
    |
429 | ...                   finalized = true;
    |                       ^^^^^^^^^^^^^^^^
    |
    = help: maybe it is overwritten before being read?
    = note: `#[warn(unused_assignments)]` (part of `#[warn(unused)]`) on by default

warning: `ematix-flow-core` (lib) generated 4 warnings (run `cargo fix --lib -p ematix-flow-core` to apply 2 suggestions)
    Finished `release` profile [optimized] target(s) in 0.94s
warning: the following packages contain code that will be rejected by a future version of Rust: polars-sql v0.52.0
note: to see what the problems were, use the option `--future-incompat-report`, or run `cargo report future-incompatibilities --id 1`
     Running `target/release/examples/tpch_triangulation_bench`
=== TPC-H 22 triangulation bench ===
    data:    examples/tpch/data/sf10
    queries: 22 ([1, 2, 3, 4, 5, 6, 7, 8, 9, 10, 11, 12, 13, 14, 15, 16, 17, 18, 19, 20, 21, 22])
    trials:  20 (after 3 warmups)
    output:  /Users/ryanevans/RustroverProjects/ematix-flow/BENCHMARKS.md

--- Q01 ---
  ematix-flow   252.47 ms ± 14.45  (4 rows)
  DuckDB        239.80 ms ±  4.75  (4 rows)
  Polars        335.59 ms ± 25.56  (4 rows)

--- Q02 ---
  ematix-flow    34.60 ms ± 10.38  (4667 rows)
  DuckDB         45.45 ms ±  2.44  (4667 rows)
  Polars        389.98 ms ± 35.27  (4667 rows)

--- Q03 ---
  ematix-flow   144.07 ms ±  5.96  (114003 rows)
  DuckDB        144.05 ms ±  4.94  (114003 rows)
  Polars        551.01 ms ±  6.23  (114003 rows)

--- Q04 ---
  ematix-flow    54.33 ms ± 13.39  (5 rows)
  DuckDB         86.38 ms ±  2.63  (5 rows)
  Polars        272.48 ms ± 11.72  (5 rows)

--- Q05 ---
  ematix-flow   188.02 ms ±  6.13  (5 rows)
  DuckDB        144.31 ms ±  4.18  (5 rows)

thread 'polars-0' (5258812) panicked at /Users/ryanevans/.cargo/registry/src/index.crates.io-1949cf8c6b5b557f/polars-core-0.52.0/src/chunked_array/ops/chunkops.rs:152:13:
Polars' maximum length reached. Consider compiling with 'bigidx' feature.
note: run with `RUST_BACKTRACE=1` environment variable to display a backtrace

thread 'polars-0' (5258812) panicked at /Users/ryanevans/.cargo/registry/src/index.crates.io-1949cf8c6b5b557f/polars-core-0.52.0/src/chunked_array/ops/chunkops.rs:152:13:
Polars' maximum length reached. Consider compiling with 'bigidx' feature.

thread 'polars-0' (5258812) panicked at /Users/ryanevans/.cargo/registry/src/index.crates.io-1949cf8c6b5b557f/polars-core-0.52.0/src/chunked_array/ops/chunkops.rs:152:13:
Polars' maximum length reached. Consider compiling with 'bigidx' feature.

thread 'polars-0' (5258812) panicked at /Users/ryanevans/.cargo/registry/src/index.crates.io-1949cf8c6b5b557f/polars-core-0.52.0/src/chunked_array/ops/chunkops.rs:152:13:
Polars' maximum length reached. Consider compiling with 'bigidx' feature.

thread 'polars-0' (5258812) panicked at /Users/ryanevans/.cargo/registry/src/index.crates.io-1949cf8c6b5b557f/polars-core-0.52.0/src/chunked_array/ops/chunkops.rs:152:13:
Polars' maximum length reached. Consider compiling with 'bigidx' feature.

thread 'polars-0' (5258812) panicked at /Users/ryanevans/.cargo/registry/src/index.crates.io-1949cf8c6b5b557f/polars-core-0.52.0/src/chunked_array/ops/chunkops.rs:152:13:
Polars' maximum length reached. Consider compiling with 'bigidx' feature.

thread 'polars-0' (5258812) panicked at /Users/ryanevans/.cargo/registry/src/index.crates.io-1949cf8c6b5b557f/polars-core-0.52.0/src/chunked_array/ops/chunkops.rs:152:13:
Polars' maximum length reached. Consider compiling with 'bigidx' feature.

thread 'polars-0' (5258812) panicked at /Users/ryanevans/.cargo/registry/src/index.crates.io-1949cf8c6b5b557f/polars-core-0.52.0/src/chunked_array/ops/chunkops.rs:152:13:
Polars' maximum length reached. Consider compiling with 'bigidx' feature.

thread 'polars-0' (5258812) panicked at /Users/ryanevans/.cargo/registry/src/index.crates.io-1949cf8c6b5b557f/polars-core-0.52.0/src/chunked_array/ops/chunkops.rs:152:13:
Polars' maximum length reached. Consider compiling with 'bigidx' feature.

thread 'polars-0' (5258812) panicked at /Users/ryanevans/.cargo/registry/src/index.crates.io-1949cf8c6b5b557f/polars-core-0.52.0/src/chunked_array/ops/chunkops.rs:152:13:
Polars' maximum length reached. Consider compiling with 'bigidx' feature.

thread 'polars-0' (5258812) panicked at /Users/ryanevans/.cargo/registry/src/index.crates.io-1949cf8c6b5b557f/polars-core-0.52.0/src/chunked_array/ops/chunkops.rs:152:13:
Polars' maximum length reached. Consider compiling with 'bigidx' feature.

thread 'polars-0' (5258812) panicked at /Users/ryanevans/.cargo/registry/src/index.crates.io-1949cf8c6b5b557f/polars-core-0.52.0/src/chunked_array/ops/chunkops.rs:152:13:
Polars' maximum length reached. Consider compiling with 'bigidx' feature.

thread 'polars-0' (5258812) panicked at /Users/ryanevans/.cargo/registry/src/index.crates.io-1949cf8c6b5b557f/polars-core-0.52.0/src/chunked_array/ops/chunkops.rs:152:13:
Polars' maximum length reached. Consider compiling with 'bigidx' feature.

thread 'polars-0' (5258812) panicked at /Users/ryanevans/.cargo/registry/src/index.crates.io-1949cf8c6b5b557f/polars-core-0.52.0/src/chunked_array/ops/chunkops.rs:152:13:
Polars' maximum length reached. Consider compiling with 'bigidx' feature.

thread 'polars-0' (5258812) panicked at /Users/ryanevans/.cargo/registry/src/index.crates.io-1949cf8c6b5b557f/polars-core-0.52.0/src/chunked_array/ops/chunkops.rs:152:13:
Polars' maximum length reached. Consider compiling with 'bigidx' feature.

thread 'polars-0' (5258812) panicked at /Users/ryanevans/.cargo/registry/src/index.crates.io-1949cf8c6b5b557f/polars-core-0.52.0/src/chunked_array/ops/chunkops.rs:152:13:
Polars' maximum length reached. Consider compiling with 'bigidx' feature.

thread 'polars-0' (5258812) panicked at /Users/ryanevans/.cargo/registry/src/index.crates.io-1949cf8c6b5b557f/polars-core-0.52.0/src/chunked_array/ops/chunkops.rs:152:13:
Polars' maximum length reached. Consider compiling with 'bigidx' feature.

thread 'polars-0' (5258812) panicked at /Users/ryanevans/.cargo/registry/src/index.crates.io-1949cf8c6b5b557f/polars-core-0.52.0/src/chunked_array/ops/chunkops.rs:152:13:
Polars' maximum length reached. Consider compiling with 'bigidx' feature.

thread 'polars-0' (5258812) panicked at /Users/ryanevans/.cargo/registry/src/index.crates.io-1949cf8c6b5b557f/polars-core-0.52.0/src/chunked_array/ops/chunkops.rs:152:13:
Polars' maximum length reached. Consider compiling with 'bigidx' feature.

thread 'polars-0' (5258812) panicked at /Users/ryanevans/.cargo/registry/src/index.crates.io-1949cf8c6b5b557f/polars-core-0.52.0/src/chunked_array/ops/chunkops.rs:152:13:
Polars' maximum length reached. Consider compiling with 'bigidx' feature.

thread 'polars-0' (5258812) panicked at /Users/ryanevans/.cargo/registry/src/index.crates.io-1949cf8c6b5b557f/polars-core-0.52.0/src/chunked_array/ops/chunkops.rs:152:13:
Polars' maximum length reached. Consider compiling with 'bigidx' feature.

thread 'polars-0' (5258812) panicked at /Users/ryanevans/.cargo/registry/src/index.crates.io-1949cf8c6b5b557f/polars-core-0.52.0/src/chunked_array/ops/chunkops.rs:152:13:
Polars' maximum length reached. Consider compiling with 'bigidx' feature.

thread 'polars-0' (5258812) panicked at /Users/ryanevans/.cargo/registry/src/index.crates.io-1949cf8c6b5b557f/polars-core-0.52.0/src/chunked_array/ops/chunkops.rs:152:13:
Polars' maximum length reached. Consider compiling with 'bigidx' feature.
  Polars       FAIL: polars join: task 23060 panicked with message "Polars' maximum length reached. Consider compiling with 'bigidx' feature."

--- Q06 ---
  ematix-flow    75.35 ms ±  5.78  (1 rows)
  DuckDB         72.62 ms ±  1.75  (1 rows)
  Polars         62.20 ms ±  3.99  (1 rows)

--- Q07 ---
  ematix-flow   168.16 ms ± 14.14  (4 rows)
  DuckDB        146.91 ms ±  3.99  (4 rows)
  Polars       1469.86 ms ± 39.72  (4 rows)

--- Q08 ---
  ematix-flow   213.13 ms ± 12.11  (2 rows)
  DuckDB        195.39 ms ±  9.67  (2 rows)
  Polars       1315.38 ms ± 28.02  (2 rows)

--- Q09 ---
  ematix-flow   345.46 ms ± 18.02  (175 rows)
  DuckDB        361.59 ms ±  7.85  (175 rows)
  Polars        484.43 ms ± 17.37  (175 rows)

--- Q10 ---
  ematix-flow   301.11 ms ± 16.50  (381105 rows)
  DuckDB        447.91 ms ±  9.05  (381105 rows)
  Polars       4494.73 ms ± 186.98  (381105 rows)

--- Q11 ---
  ematix-flow    12.57 ms ± 18.11  (0 rows)
  DuckDB         28.44 ms ±  2.34  (0 rows)
  Polars         34.16 ms ±  1.93  (0 rows)

--- Q12 ---
  ematix-flow   111.42 ms ±  7.56  (2 rows)
  DuckDB        132.51 ms ±  5.12  (2 rows)
  Polars        155.05 ms ±  6.10  (2 rows)

--- Q13 ---
  ematix-flow   160.97 ms ±  7.80  (46 rows)
  DuckDB        339.72 ms ±  9.07  (46 rows)
  Polars        447.03 ms ± 22.43  (46 rows)

--- Q14 ---
  ematix-flow   118.25 ms ±  8.50  (1 rows)
  DuckDB        160.95 ms ±  6.63  (1 rows)
  Polars        105.68 ms ±  2.02  (1 rows)

--- Q15 ---
  ematix-flow    95.89 ms ±  7.48  (1 rows)
  DuckDB        106.94 ms ±  4.06  (1 rows)
  Polars         77.81 ms ±  1.75  (1 rows)

--- Q16 ---
  ematix-flow    64.46 ms ±  2.52  (27840 rows)
  DuckDB         72.47 ms ±  4.05  (27840 rows)
  Polars        179.17 ms ±  8.18  (27840 rows)

--- Q17 ---
  ematix-flow   239.70 ms ± 18.54  (1 rows)
  DuckDB        201.44 ms ±  5.24  (1 rows)
  Polars        528.23 ms ± 17.06  (1 rows)

--- Q18 ---
  ematix-flow   343.28 ms ± 13.12  (624 rows)
  DuckDB        281.79 ms ±  5.48  (624 rows)
  Polars        622.31 ms ± 17.84  (624 rows)

--- Q19 ---
  ematix-flow   172.25 ms ± 11.58  (1 rows)
  DuckDB        231.30 ms ±  7.13  (1 rows)
  Polars       1490.84 ms ± 42.13  (1 rows)

--- Q20 ---
  ematix-flow   159.65 ms ± 37.87  (1804 rows)
  DuckDB        159.51 ms ±  6.10  (1804 rows)
  Polars        293.08 ms ± 10.26  (1804 rows)

--- Q21 ---
  ematix-flow   397.60 ms ± 19.14  (4009 rows)
  DuckDB        483.53 ms ± 11.36  (4009 rows)
  Polars       36036.19 ms ± 3690.24  (4009 rows)

--- Q22 ---
  ematix-flow    31.54 ms ± 45.61  (7 rows)
  DuckDB        137.97 ms ±  2.61  (7 rows)
  Polars        123.96 ms ±  5.55  (7 rows)

wrote /Users/ryanevans/RustroverProjects/ematix-flow/BENCHMARKS.md
