   Compiling ematix-flow-core v0.7.0 (/Users/ryanevans/RustroverProjects/ematix-flow/crates/ematix-flow-core)
warning: unused import: `RecordBatch`
  --> crates/ematix-flow-core/src/build_side_bloom_emitter_exec.rs:42:44
   |
42 | use datafusion::arrow::array::{Int64Array, RecordBatch};
   |                                            ^^^^^^^^^^^
   |
   = note: `#[warn(unused_imports)]` (part of `#[warn(unused)]`) on by default

warning: unused import: `Clause`
  --> crates/ematix-flow-core/src/lane_filter_sum_kernel.rs:47:33
   |
47 | use crate::fused_jit::{AggExpr, Clause, ClauseOp, ColumnTy, FusedFilterAggSpec};
   |                                 ^^^^^^

warning: unused import: `futures_util::TryStreamExt`
  --> crates/ematix-flow-core/src/build_side_bloom_emitter_exec.rs:54:5
   |
54 | use futures_util::TryStreamExt;
   |     ^^^^^^^^^^^^^^^^^^^^^^^^^^

warning: value assigned to `finalized` is never read
   --> crates/ematix-flow-core/src/build_side_bloom_emitter_exec.rs:429:29
    |
429 | ...                   finalized = true;
    |                       ^^^^^^^^^^^^^^^^
    |
    = help: maybe it is overwritten before being read?
    = note: `#[warn(unused_assignments)]` (part of `#[warn(unused)]`) on by default

warning: `ematix-flow-core` (lib) generated 4 warnings (run `cargo fix --lib -p ematix-flow-core` to apply 2 suggestions)
    Finished `release` profile [optimized] target(s) in 2m 59s
warning: the following packages contain code that will be rejected by a future version of Rust: polars-sql v0.52.0
note: to see what the problems were, use the option `--future-incompat-report`, or run `cargo report future-incompatibilities --id 1`
     Running `target/release/examples/tpch_triangulation_bench`
=== TPC-H 22 triangulation bench ===
    data:    examples/tpch/data/sf10
    queries: 22 ([1, 2, 3, 4, 5, 6, 7, 8, 9, 10, 11, 12, 13, 14, 15, 16, 17, 18, 19, 20, 21, 22])
    trials:  20 (after 3 warmups)
    output:  /Users/ryanevans/RustroverProjects/ematix-flow/BENCHMARKS.md

--- Q01 ---
  ematix-flow   263.36 ms ± 12.44  (4 rows)
  DuckDB        246.30 ms ±  5.99  (4 rows)
  Polars        359.59 ms ± 27.89  (4 rows)

--- Q02 ---
  ematix-flow    35.46 ms ± 11.99  (4667 rows)
  DuckDB         47.96 ms ±  5.70  (4667 rows)
  Polars        414.96 ms ± 15.89  (4667 rows)

--- Q03 ---
  ematix-flow   153.37 ms ±  6.60  (114003 rows)
  DuckDB        151.13 ms ±  2.51  (114003 rows)
  Polars        586.72 ms ± 21.19  (114003 rows)

--- Q04 ---
  ematix-flow    57.56 ms ± 13.02  (5 rows)
  DuckDB         92.49 ms ±  2.65  (5 rows)
  Polars        280.80 ms ± 12.94  (5 rows)

--- Q05 ---
  ematix-flow   201.66 ms ±  9.80  (5 rows)
  DuckDB        157.07 ms ±  3.51  (5 rows)

thread 'polars-0' (5411550) panicked at /Users/ryanevans/.cargo/registry/src/index.crates.io-1949cf8c6b5b557f/polars-core-0.52.0/src/chunked_array/ops/chunkops.rs:152:13:
Polars' maximum length reached. Consider compiling with 'bigidx' feature.
note: run with `RUST_BACKTRACE=1` environment variable to display a backtrace

thread 'polars-0' (5411550) panicked at /Users/ryanevans/.cargo/registry/src/index.crates.io-1949cf8c6b5b557f/polars-core-0.52.0/src/chunked_array/ops/chunkops.rs:152:13:
Polars' maximum length reached. Consider compiling with 'bigidx' feature.

thread 'polars-0' (5411550) panicked at /Users/ryanevans/.cargo/registry/src/index.crates.io-1949cf8c6b5b557f/polars-core-0.52.0/src/chunked_array/ops/chunkops.rs:152:13:
Polars' maximum length reached. Consider compiling with 'bigidx' feature.

thread 'polars-0' (5411550) panicked at /Users/ryanevans/.cargo/registry/src/index.crates.io-1949cf8c6b5b557f/polars-core-0.52.0/src/chunked_array/ops/chunkops.rs:152:13:
Polars' maximum length reached. Consider compiling with 'bigidx' feature.

thread 'polars-0' (5411550) panicked at /Users/ryanevans/.cargo/registry/src/index.crates.io-1949cf8c6b5b557f/polars-core-0.52.0/src/chunked_array/ops/chunkops.rs:152:13:
Polars' maximum length reached. Consider compiling with 'bigidx' feature.

thread 'polars-0' (5411550) panicked at /Users/ryanevans/.cargo/registry/src/index.crates.io-1949cf8c6b5b557f/polars-core-0.52.0/src/chunked_array/ops/chunkops.rs:152:13:
Polars' maximum length reached. Consider compiling with 'bigidx' feature.

thread 'polars-0' (5411550) panicked at /Users/ryanevans/.cargo/registry/src/index.crates.io-1949cf8c6b5b557f/polars-core-0.52.0/src/chunked_array/ops/chunkops.rs:152:13:
Polars' maximum length reached. Consider compiling with 'bigidx' feature.

thread 'polars-0' (5411550) panicked at /Users/ryanevans/.cargo/registry/src/index.crates.io-1949cf8c6b5b557f/polars-core-0.52.0/src/chunked_array/ops/chunkops.rs:152:13:
Polars' maximum length reached. Consider compiling with 'bigidx' feature.

thread 'polars-0' (5411550) panicked at /Users/ryanevans/.cargo/registry/src/index.crates.io-1949cf8c6b5b557f/polars-core-0.52.0/src/chunked_array/ops/chunkops.rs:152:13:
Polars' maximum length reached. Consider compiling with 'bigidx' feature.

thread 'polars-0' (5411550) panicked at /Users/ryanevans/.cargo/registry/src/index.crates.io-1949cf8c6b5b557f/polars-core-0.52.0/src/chunked_array/ops/chunkops.rs:152:13:
Polars' maximum length reached. Consider compiling with 'bigidx' feature.

thread 'polars-0' (5411550) panicked at /Users/ryanevans/.cargo/registry/src/index.crates.io-1949cf8c6b5b557f/polars-core-0.52.0/src/chunked_array/ops/chunkops.rs:152:13:
Polars' maximum length reached. Consider compiling with 'bigidx' feature.

thread 'polars-0' (5411550) panicked at /Users/ryanevans/.cargo/registry/src/index.crates.io-1949cf8c6b5b557f/polars-core-0.52.0/src/chunked_array/ops/chunkops.rs:152:13:
Polars' maximum length reached. Consider compiling with 'bigidx' feature.

thread 'polars-0' (5411550) panicked at /Users/ryanevans/.cargo/registry/src/index.crates.io-1949cf8c6b5b557f/polars-core-0.52.0/src/chunked_array/ops/chunkops.rs:152:13:
Polars' maximum length reached. Consider compiling with 'bigidx' feature.

thread 'polars-0' (5411550) panicked at /Users/ryanevans/.cargo/registry/src/index.crates.io-1949cf8c6b5b557f/polars-core-0.52.0/src/chunked_array/ops/chunkops.rs:152:13:
Polars' maximum length reached. Consider compiling with 'bigidx' feature.

thread 'polars-0' (5411550) panicked at /Users/ryanevans/.cargo/registry/src/index.crates.io-1949cf8c6b5b557f/polars-core-0.52.0/src/chunked_array/ops/chunkops.rs:152:13:
Polars' maximum length reached. Consider compiling with 'bigidx' feature.

thread 'polars-0' (5411550) panicked at /Users/ryanevans/.cargo/registry/src/index.crates.io-1949cf8c6b5b557f/polars-core-0.52.0/src/chunked_array/ops/chunkops.rs:152:13:
Polars' maximum length reached. Consider compiling with 'bigidx' feature.

thread 'polars-0' (5411550) panicked at /Users/ryanevans/.cargo/registry/src/index.crates.io-1949cf8c6b5b557f/polars-core-0.52.0/src/chunked_array/ops/chunkops.rs:152:13:
Polars' maximum length reached. Consider compiling with 'bigidx' feature.

thread 'polars-0' (5411550) panicked at /Users/ryanevans/.cargo/registry/src/index.crates.io-1949cf8c6b5b557f/polars-core-0.52.0/src/chunked_array/ops/chunkops.rs:152:13:
Polars' maximum length reached. Consider compiling with 'bigidx' feature.

thread 'polars-0' (5411550) panicked at /Users/ryanevans/.cargo/registry/src/index.crates.io-1949cf8c6b5b557f/polars-core-0.52.0/src/chunked_array/ops/chunkops.rs:152:13:
Polars' maximum length reached. Consider compiling with 'bigidx' feature.

thread 'polars-0' (5411550) panicked at /Users/ryanevans/.cargo/registry/src/index.crates.io-1949cf8c6b5b557f/polars-core-0.52.0/src/chunked_array/ops/chunkops.rs:152:13:
Polars' maximum length reached. Consider compiling with 'bigidx' feature.

thread 'polars-0' (5411550) panicked at /Users/ryanevans/.cargo/registry/src/index.crates.io-1949cf8c6b5b557f/polars-core-0.52.0/src/chunked_array/ops/chunkops.rs:152:13:
Polars' maximum length reached. Consider compiling with 'bigidx' feature.

thread 'polars-4' (5411554) panicked at /Users/ryanevans/.cargo/registry/src/index.crates.io-1949cf8c6b5b557f/polars-core-0.52.0/src/chunked_array/ops/chunkops.rs:152:13:
Polars' maximum length reached. Consider compiling with 'bigidx' feature.

thread 'polars-0' (5411550) panicked at /Users/ryanevans/.cargo/registry/src/index.crates.io-1949cf8c6b5b557f/polars-core-0.52.0/src/chunked_array/ops/chunkops.rs:152:13:
Polars' maximum length reached. Consider compiling with 'bigidx' feature.
  Polars       FAIL: polars join: task 23060 panicked with message "Polars' maximum length reached. Consider compiling with 'bigidx' feature."

--- Q06 ---
  ematix-flow    79.20 ms ±  3.26  (1 rows)
  DuckDB         75.00 ms ±  4.59  (1 rows)
  Polars         61.62 ms ±  3.69  (1 rows)

--- Q07 ---
  ematix-flow   168.23 ms ±  5.37  (4 rows)
  DuckDB        153.72 ms ±  7.34  (4 rows)
  Polars       1471.49 ms ± 36.81  (4 rows)

--- Q08 ---
  ematix-flow   215.92 ms ±  9.01  (2 rows)
  DuckDB        198.34 ms ±  5.29  (2 rows)
  Polars       1310.86 ms ± 39.43  (2 rows)

--- Q09 ---
  ematix-flow   375.42 ms ± 20.41  (175 rows)
  DuckDB        379.61 ms ± 23.19  (175 rows)
  Polars        516.72 ms ± 26.41  (175 rows)

--- Q10 ---
  ematix-flow   302.98 ms ± 18.42  (381105 rows)
  DuckDB        450.07 ms ± 17.64  (381105 rows)
  Polars       5095.80 ms ± 193.77  (381105 rows)

--- Q11 ---
  ematix-flow    12.66 ms ± 26.22  (0 rows)
  DuckDB         28.63 ms ±  2.24  (0 rows)
  Polars         33.77 ms ±  1.17  (0 rows)

--- Q12 ---
  ematix-flow   107.01 ms ± 11.95  (2 rows)
  DuckDB        113.59 ms ±  3.46  (2 rows)
  Polars        117.77 ms ±  2.26  (2 rows)

--- Q13 ---
  ematix-flow   123.67 ms ±  5.89  (46 rows)
  DuckDB        298.28 ms ± 16.81  (46 rows)
  Polars        438.20 ms ± 22.45  (46 rows)

--- Q14 ---
  ematix-flow    98.91 ms ±  4.74  (1 rows)
  DuckDB        151.71 ms ± 11.29  (1 rows)
  Polars        100.37 ms ±  3.41  (1 rows)

--- Q15 ---
  ematix-flow    91.85 ms ±  5.70  (1 rows)
  DuckDB        102.85 ms ±  3.47  (1 rows)
  Polars         74.43 ms ±  3.23  (1 rows)

--- Q16 ---
  ematix-flow    62.69 ms ±  8.65  (27840 rows)
  DuckDB         70.80 ms ±  6.37  (27840 rows)
  Polars        189.73 ms ± 14.23  (27840 rows)

--- Q17 ---
  ematix-flow   269.77 ms ± 34.59  (1 rows)
  DuckDB        216.07 ms ± 16.45  (1 rows)
  Polars        535.63 ms ± 31.40  (1 rows)

--- Q18 ---
  ematix-flow   314.66 ms ± 23.91  (624 rows)
  DuckDB        262.55 ms ±  6.77  (624 rows)
  Polars        642.19 ms ± 26.33  (624 rows)

--- Q19 ---
  ematix-flow   148.33 ms ± 10.01  (1 rows)
  DuckDB        208.42 ms ±  7.94  (1 rows)
  Polars       1401.49 ms ± 31.82  (1 rows)

--- Q20 ---
  ematix-flow   160.95 ms ± 36.10  (1804 rows)
  DuckDB        155.49 ms ±  5.34  (1804 rows)
  Polars        291.74 ms ± 17.87  (1804 rows)

--- Q21 ---
  ematix-flow   371.14 ms ± 11.71  (4009 rows)
  DuckDB        461.68 ms ± 16.75  (4009 rows)
  Polars       39456.08 ms ± 5374.87  (4009 rows)

--- Q22 ---
  ematix-flow    37.51 ms ± 44.47  (7 rows)
  DuckDB        302.37 ms ± 19.91  (7 rows)
  Polars        151.82 ms ± 17.34  (7 rows)

wrote /Users/ryanevans/RustroverProjects/ematix-flow/BENCHMARKS.md
