=== TPC-H 22 triangulation bench ===
    data:    /Users/ryanevans/RustroverProjects/ematix-flow/examples/tpch/data/sf10
    queries: 22 ([20, 6, 14, 10, 21, 22, 12, 13, 1, 17, 2, 18, 7, 11, 8, 15, 16, 4, 9, 3, 19, 5])
    trials:  1 (after 0 warmups)
    output:  bench-results/sched-diag-2026-07-03/p3/ematix/s10/batch-2/stream-1.md

    NOTE: single-invocation output is SMOKE-GRADE only. For win/loss
    claims use scripts/bench/strict_22q.sh / strict_ab.sh /
    strict_throughput.sh (see scripts/bench/README.md).

--- Q20 ---
  ematix-flow   976.44 ms ±  0.00  (1804 rows)

--- Q06 ---
  ematix-flow   241.72 ms ±  0.00  (1 rows)

--- Q14 ---
  ematix-flow   289.34 ms ±  0.00  (1 rows)

--- Q10 ---
  ematix-flow  1352.97 ms ±  0.00  (381105 rows)

--- Q21 ---
  ematix-flow  3086.45 ms ±  0.00  (4009 rows)

--- Q22 ---
  ematix-flow   378.15 ms ±  0.00  (7 rows)

--- Q12 ---
  ematix-flow   580.68 ms ±  0.00  (2 rows)

--- Q13 ---
  ematix-flow  1883.57 ms ±  0.00  (46 rows)

--- Q01 ---
  ematix-flow  4551.37 ms ±  0.00  (4 rows)

--- Q17 ---
  ematix-flow   920.40 ms ±  0.00  (1 rows)

--- Q02 ---
  ematix-flow   297.66 ms ±  0.00  (4667 rows)

--- Q18 ---
  ematix-flow  4892.37 ms ±  0.00  (624 rows)

--- Q07 ---
  ematix-flow  1404.96 ms ±  0.00  (4 rows)

--- Q11 ---
  ematix-flow   256.06 ms ±  0.00  (8685 rows)

--- Q08 ---
  ematix-flow  1310.34 ms ±  0.00  (2 rows)

--- Q15 ---
  ematix-flow   408.55 ms ±  0.00  (1 rows)

--- Q16 ---
  ematix-flow   579.95 ms ±  0.00  (27840 rows)

--- Q04 ---
  ematix-flow  1397.72 ms ±  0.00  (5 rows)

--- Q09 ---
  ematix-flow  5497.34 ms ±  0.00  (175 rows)

--- Q03 ---
  ematix-flow  1516.95 ms ±  0.00  (114003 rows)

--- Q19 ---
  ematix-flow   293.39 ms ±  0.00  (1 rows)

--- Q05 ---
  ematix-flow   319.25 ms ±  0.00  (5 rows)

wrote bench-results/sched-diag-2026-07-03/p3/ematix/s10/batch-2/stream-1.md
