=== TPC-H 22 triangulation bench ===
    data:    /Users/ryanevans/RustroverProjects/ematix-flow/examples/tpch/data/sf10
    queries: 22 ([13, 18, 3, 7, 11, 4, 21, 16, 14, 22, 2, 10, 8, 19, 17, 1, 6, 5, 9, 12, 20, 15])
    trials:  1 (after 0 warmups)
    output:  bench-results/sched-diag-2026-07-03/p3/ematix/s10/batch-2/stream-9.md

    NOTE: single-invocation output is SMOKE-GRADE only. For win/loss
    claims use scripts/bench/strict_22q.sh / strict_ab.sh /
    strict_throughput.sh (see scripts/bench/README.md).

--- Q13 ---
  ematix-flow  1537.71 ms ±  0.00  (46 rows)

--- Q18 ---
  ematix-flow  3155.71 ms ±  0.00  (624 rows)

--- Q03 ---
  ematix-flow  1253.80 ms ±  0.00  (114003 rows)

--- Q07 ---
  ematix-flow  1137.81 ms ±  0.00  (4 rows)

--- Q11 ---
  ematix-flow   170.04 ms ±  0.00  (8685 rows)

--- Q04 ---
  ematix-flow  1145.76 ms ±  0.00  (5 rows)

--- Q21 ---
  ematix-flow  2773.82 ms ±  0.00  (4009 rows)

--- Q16 ---
  ematix-flow   662.55 ms ±  0.00  (27840 rows)

--- Q14 ---
  ematix-flow   320.50 ms ±  0.00  (1 rows)

--- Q22 ---
  ematix-flow   538.56 ms ±  0.00  (7 rows)

--- Q02 ---
  ematix-flow   166.89 ms ±  0.00  (4667 rows)

--- Q10 ---
  ematix-flow  1950.00 ms ±  0.00  (381105 rows)

--- Q08 ---
  ematix-flow  1057.47 ms ±  0.00  (2 rows)

--- Q19 ---
  ematix-flow   363.77 ms ±  0.00  (1 rows)

--- Q17 ---
  ematix-flow   733.27 ms ±  0.00  (1 rows)

--- Q01 ---
  ematix-flow  4139.72 ms ±  0.00  (4 rows)

--- Q06 ---
  ematix-flow   309.00 ms ±  0.00  (1 rows)

--- Q05 ---
  ematix-flow  1403.12 ms ±  0.00  (5 rows)

--- Q09 ---
  ematix-flow  6079.80 ms ±  0.00  (175 rows)

--- Q12 ---
  ematix-flow   832.86 ms ±  0.00  (2 rows)

--- Q20 ---
  ematix-flow  1293.93 ms ±  0.00  (1804 rows)

--- Q15 ---
  ematix-flow   265.88 ms ±  0.00  (1 rows)

wrote bench-results/sched-diag-2026-07-03/p3/ematix/s10/batch-2/stream-9.md
