=== TPC-H 22 triangulation bench ===
    data:    /Users/ryanevans/RustroverProjects/ematix-flow/examples/tpch/data/sf10
    queries: 22 ([6, 18, 21, 16, 8, 15, 22, 20, 7, 19, 14, 17, 9, 1, 10, 12, 4, 3, 2, 13, 5, 11])
    trials:  1 (after 0 warmups)
    output:  bench-results/sched-diag-2026-07-03/p4-rayon2/ematix/s10/batch-4/stream-7.md

    NOTE: single-invocation output is SMOKE-GRADE only. For win/loss
    claims use scripts/bench/strict_22q.sh / strict_ab.sh /
    strict_throughput.sh (see scripts/bench/README.md).

--- Q06 ---
  ematix-flow   354.92 ms ±  0.00  (1 rows)

--- Q18 ---
  ematix-flow  2430.43 ms ±  0.00  (624 rows)

--- Q21 ---
  ematix-flow  2267.46 ms ±  0.00  (4009 rows)

--- Q16 ---
  ematix-flow   529.90 ms ±  0.00  (27840 rows)

--- Q08 ---
  ematix-flow  1011.18 ms ±  0.00  (2 rows)

--- Q15 ---
  ematix-flow   433.26 ms ±  0.00  (1 rows)

--- Q22 ---
  ematix-flow   489.43 ms ±  0.00  (7 rows)

--- Q20 ---
  ematix-flow  1321.46 ms ±  0.00  (1804 rows)

--- Q07 ---
  ematix-flow  1226.77 ms ±  0.00  (4 rows)

--- Q19 ---
  ematix-flow   954.87 ms ±  0.00  (1 rows)

--- Q14 ---
  ematix-flow   535.62 ms ±  0.00  (1 rows)

--- Q17 ---
  ematix-flow  1265.37 ms ±  0.00  (1 rows)

--- Q09 ---
  ematix-flow  3780.06 ms ±  0.00  (175 rows)

--- Q01 ---
  ematix-flow  2858.51 ms ±  0.00  (4 rows)

--- Q10 ---
  ematix-flow  2946.34 ms ±  0.00  (381105 rows)

--- Q12 ---
  ematix-flow   825.97 ms ±  0.00  (2 rows)

--- Q04 ---
  ematix-flow  1272.31 ms ±  0.00  (5 rows)

--- Q03 ---
  ematix-flow  1407.59 ms ±  0.00  (114003 rows)

--- Q02 ---
  ematix-flow   290.21 ms ±  0.00  (4667 rows)

--- Q13 ---
  ematix-flow  2320.56 ms ±  0.00  (46 rows)

--- Q05 ---
  ematix-flow   925.68 ms ±  0.00  (5 rows)

--- Q11 ---
  ematix-flow    99.23 ms ±  0.00  (8685 rows)

wrote bench-results/sched-diag-2026-07-03/p4-rayon2/ematix/s10/batch-4/stream-7.md
