=== TPC-H 22 triangulation bench ===
    data:    /Users/ryanevans/RustroverProjects/ematix-flow/examples/tpch/data/sf10
    queries: 22 ([13, 18, 3, 7, 11, 4, 21, 16, 14, 22, 2, 10, 8, 19, 17, 1, 6, 5, 9, 12, 20, 15])
    trials:  1 (after 0 warmups)
    output:  bench-results/sched-diag-2026-07-03/p4-rayon2/ematix/s10/batch-4/stream-9.md

    NOTE: single-invocation output is SMOKE-GRADE only. For win/loss
    claims use scripts/bench/strict_22q.sh / strict_ab.sh /
    strict_throughput.sh (see scripts/bench/README.md).

--- Q13 ---
  ematix-flow  1618.56 ms ±  0.00  (46 rows)

--- Q18 ---
  ematix-flow  2774.20 ms ±  0.00  (624 rows)

--- Q03 ---
  ematix-flow  1210.48 ms ±  0.00  (114003 rows)

--- Q07 ---
  ematix-flow  1050.53 ms ±  0.00  (4 rows)

--- Q11 ---
  ematix-flow   277.56 ms ±  0.00  (8685 rows)

--- Q04 ---
  ematix-flow   883.09 ms ±  0.00  (5 rows)

--- Q21 ---
  ematix-flow  2718.41 ms ±  0.00  (4009 rows)

--- Q16 ---
  ematix-flow   617.88 ms ±  0.00  (27840 rows)

--- Q14 ---
  ematix-flow   716.52 ms ±  0.00  (1 rows)

--- Q22 ---
  ematix-flow   659.45 ms ±  0.00  (7 rows)

--- Q02 ---
  ematix-flow   265.08 ms ±  0.00  (4667 rows)

--- Q10 ---
  ematix-flow  2171.22 ms ±  0.00  (381105 rows)

--- Q08 ---
  ematix-flow  1112.79 ms ±  0.00  (2 rows)

--- Q19 ---
  ematix-flow   879.70 ms ±  0.00  (1 rows)

--- Q17 ---
  ematix-flow  1308.76 ms ±  0.00  (1 rows)

--- Q01 ---
  ematix-flow  2714.14 ms ±  0.00  (4 rows)

--- Q06 ---
  ematix-flow   568.27 ms ±  0.00  (1 rows)

--- Q05 ---
  ematix-flow  1308.62 ms ±  0.00  (5 rows)

--- Q09 ---
  ematix-flow  3166.59 ms ±  0.00  (175 rows)

--- Q12 ---
  ematix-flow  1041.73 ms ±  0.00  (2 rows)

--- Q20 ---
  ematix-flow  1441.70 ms ±  0.00  (1804 rows)

--- Q15 ---
  ematix-flow   269.81 ms ±  0.00  (1 rows)

wrote bench-results/sched-diag-2026-07-03/p4-rayon2/ematix/s10/batch-4/stream-9.md
