=== TPC-H 22 triangulation bench ===
    data:    /Users/ryanevans/RustroverProjects/ematix-flow/examples/tpch/data/sf10
    queries: 22 ([17, 21, 15, 19, 6, 10, 11, 22, 1, 18, 14, 9, 20, 4, 16, 3, 2, 7, 5, 13, 12, 8])
    trials:  1 (after 0 warmups)
    output:  bench-results/sched-diag-2026-07-03/p4-rayon2/ematix/s10/batch-4/stream-8.md

    NOTE: single-invocation output is SMOKE-GRADE only. For win/loss
    claims use scripts/bench/strict_22q.sh / strict_ab.sh /
    strict_throughput.sh (see scripts/bench/README.md).

--- Q17 ---
  ematix-flow   652.16 ms ±  0.00  (1 rows)

--- Q21 ---
  ematix-flow  2477.58 ms ±  0.00  (4009 rows)

--- Q15 ---
  ematix-flow   293.02 ms ±  0.00  (1 rows)

--- Q19 ---
  ematix-flow   758.61 ms ±  0.00  (1 rows)

--- Q06 ---
  ematix-flow   295.35 ms ±  0.00  (1 rows)

--- Q10 ---
  ematix-flow  1791.93 ms ±  0.00  (381105 rows)

--- Q11 ---
  ematix-flow   252.07 ms ±  0.00  (8685 rows)

--- Q22 ---
  ematix-flow   422.66 ms ±  0.00  (7 rows)

--- Q01 ---
  ematix-flow  2134.49 ms ±  0.00  (4 rows)

--- Q18 ---
  ematix-flow  3915.57 ms ±  0.00  (624 rows)

--- Q14 ---
  ematix-flow   875.25 ms ±  0.00  (1 rows)

--- Q09 ---
  ematix-flow  4162.01 ms ±  0.00  (175 rows)

--- Q20 ---
  ematix-flow  1478.85 ms ±  0.00  (1804 rows)

--- Q04 ---
  ematix-flow  1157.50 ms ±  0.00  (5 rows)

--- Q16 ---
  ematix-flow   955.58 ms ±  0.00  (27840 rows)

--- Q03 ---
  ematix-flow  1579.41 ms ±  0.00  (114003 rows)

--- Q02 ---
  ematix-flow   266.50 ms ±  0.00  (4667 rows)

--- Q07 ---
  ematix-flow  1229.86 ms ±  0.00  (4 rows)

--- Q05 ---
  ematix-flow  1434.82 ms ±  0.00  (5 rows)

--- Q13 ---
  ematix-flow  2576.16 ms ±  0.00  (46 rows)

--- Q12 ---
  ematix-flow   449.47 ms ±  0.00  (2 rows)

--- Q08 ---
  ematix-flow   378.58 ms ±  0.00  (2 rows)

wrote bench-results/sched-diag-2026-07-03/p4-rayon2/ematix/s10/batch-4/stream-8.md
