=== TPC-H 22 triangulation bench ===
    data:    /Users/ryanevans/RustroverProjects/ematix-flow/examples/tpch/data/sf10
    queries: 22 ([2, 14, 17, 6, 11, 7, 20, 13, 15, 4, 9, 21, 22, 1, 10, 3, 16, 12, 5, 18, 19, 8])
    trials:  1 (after 0 warmups)
    output:  /Users/ryanevans/RustroverProjects/ematix-flow/bench-results/campaign-2026-07-01/tput-sf10/duckdb/s10/batch-3/stream-3.md

    NOTE: single-invocation output is SMOKE-GRADE only. For win/loss
    claims use scripts/bench/strict_22q.sh / strict_ab.sh /
    strict_throughput.sh (see scripts/bench/README.md).

--- Q02 ---
  DuckDB        163.96 ms ±  0.00  (4667 rows)

--- Q14 ---
  DuckDB        866.30 ms ±  0.00  (1 rows)

--- Q17 ---
  DuckDB        960.04 ms ±  0.00  (1 rows)

--- Q06 ---
  DuckDB        414.14 ms ±  0.00  (1 rows)

--- Q11 ---
  DuckDB         84.23 ms ±  0.00  (8685 rows)

--- Q07 ---
  DuckDB        998.48 ms ±  0.00  (4 rows)

--- Q20 ---
  DuckDB        938.04 ms ±  0.00  (1804 rows)

--- Q13 ---
  DuckDB       1865.33 ms ±  0.00  (46 rows)

--- Q15 ---
  DuckDB        435.47 ms ±  0.00  (1 rows)

--- Q04 ---
  DuckDB        528.74 ms ±  0.00  (5 rows)

--- Q09 ---
  DuckDB       1876.92 ms ±  0.00  (175 rows)

--- Q21 ---
  DuckDB       2870.67 ms ±  0.00  (4009 rows)

--- Q22 ---
  DuckDB        207.71 ms ±  0.00  (7 rows)

--- Q01 ---
  DuckDB       1994.22 ms ±  0.00  (4 rows)

--- Q10 ---
  DuckDB       1653.97 ms ±  0.00  (381105 rows)

--- Q03 ---
  DuckDB        971.14 ms ±  0.00  (114003 rows)

--- Q16 ---
  DuckDB        347.23 ms ±  0.00  (27840 rows)

--- Q12 ---
  DuckDB        691.26 ms ±  0.00  (2 rows)

--- Q05 ---
  DuckDB       1015.95 ms ±  0.00  (5 rows)

--- Q18 ---
  DuckDB       1432.05 ms ±  0.00  (624 rows)

--- Q19 ---
  DuckDB       1405.06 ms ±  0.00  (1 rows)

--- Q08 ---
  DuckDB       1216.91 ms ±  0.00  (2 rows)

wrote /Users/ryanevans/RustroverProjects/ematix-flow/bench-results/campaign-2026-07-01/tput-sf10/duckdb/s10/batch-3/stream-3.md
