=== TPC-H 22 triangulation bench ===
    data:    /Users/ryanevans/RustroverProjects/ematix-flow/examples/tpch/data/sf10
    queries: 22 ([17, 21, 15, 19, 6, 10, 11, 22, 1, 18, 14, 9, 20, 4, 16, 3, 2, 7, 5, 13, 12, 8])
    trials:  1 (after 0 warmups)
    output:  bench-results/sched-diag-2026-07-03/auto-rayon2-rb4/ematix/s10/batch-1/stream-8.md

    NOTE: single-invocation output is SMOKE-GRADE only. For win/loss
    claims use scripts/bench/strict_22q.sh / strict_ab.sh /
    strict_throughput.sh (see scripts/bench/README.md).

--- Q17 ---
  ematix-flow   767.73 ms ±  0.00  (1 rows)

--- Q21 ---
  ematix-flow  2391.83 ms ±  0.00  (4009 rows)

--- Q15 ---
  ematix-flow   341.14 ms ±  0.00  (1 rows)

--- Q19 ---
  ematix-flow   349.89 ms ±  0.00  (1 rows)

--- Q06 ---
  ematix-flow   121.45 ms ±  0.00  (1 rows)

--- Q10 ---
  ematix-flow  1690.70 ms ±  0.00  (381105 rows)

--- Q11 ---
  ematix-flow   121.58 ms ±  0.00  (8685 rows)

--- Q22 ---
  ematix-flow   264.12 ms ±  0.00  (7 rows)

--- Q01 ---
  ematix-flow  3755.47 ms ±  0.00  (4 rows)

--- Q18 ---
  ematix-flow  4182.75 ms ±  0.00  (624 rows)

--- Q14 ---
  ematix-flow   242.80 ms ±  0.00  (1 rows)

--- Q09 ---
  ematix-flow  3467.35 ms ±  0.00  (175 rows)

--- Q20 ---
  ematix-flow   917.02 ms ±  0.00  (1804 rows)

--- Q04 ---
  ematix-flow   815.47 ms ±  0.00  (5 rows)

--- Q16 ---
  ematix-flow   527.96 ms ±  0.00  (27840 rows)

--- Q03 ---
  ematix-flow  1342.18 ms ±  0.00  (114003 rows)

--- Q02 ---
  ematix-flow   215.43 ms ±  0.00  (4667 rows)

--- Q07 ---
  ematix-flow  1131.08 ms ±  0.00  (4 rows)

--- Q05 ---
  ematix-flow   948.22 ms ±  0.00  (5 rows)

--- Q13 ---
  ematix-flow  2166.70 ms ±  0.00  (46 rows)

--- Q12 ---
  ematix-flow   756.29 ms ±  0.00  (2 rows)

--- Q08 ---
  ematix-flow  1097.36 ms ±  0.00  (2 rows)

wrote bench-results/sched-diag-2026-07-03/auto-rayon2-rb4/ematix/s10/batch-1/stream-8.md
