=== TPC-H 22 triangulation bench ===
    data:    /Users/ryanevans/RustroverProjects/ematix-flow/examples/tpch/data/sf10
    queries: 22 ([20, 6, 14, 10, 21, 22, 12, 13, 1, 17, 2, 18, 7, 11, 8, 15, 16, 4, 9, 3, 19, 5])
    trials:  1 (after 0 warmups)
    output:  bench-results/sched-diag-2026-07-03/auto-rayon2-rb4/ematix/s10/batch-1/stream-1.md

    NOTE: single-invocation output is SMOKE-GRADE only. For win/loss
    claims use scripts/bench/strict_22q.sh / strict_ab.sh /
    strict_throughput.sh (see scripts/bench/README.md).

--- Q20 ---
  ematix-flow   282.94 ms ±  0.00  (1804 rows)

--- Q06 ---
  ematix-flow   158.97 ms ±  0.00  (1 rows)

--- Q14 ---
  ematix-flow   167.68 ms ±  0.00  (1 rows)

--- Q10 ---
  ematix-flow  1730.91 ms ±  0.00  (381105 rows)

--- Q21 ---
  ematix-flow  2206.82 ms ±  0.00  (4009 rows)

--- Q22 ---
  ematix-flow   419.37 ms ±  0.00  (7 rows)

--- Q12 ---
  ematix-flow   721.35 ms ±  0.00  (2 rows)

--- Q13 ---
  ematix-flow  1693.03 ms ±  0.00  (46 rows)

--- Q01 ---
  ematix-flow  4166.90 ms ±  0.00  (4 rows)

--- Q17 ---
  ematix-flow   636.59 ms ±  0.00  (1 rows)

--- Q02 ---
  ematix-flow    75.69 ms ±  0.00  (4667 rows)

--- Q18 ---
  ematix-flow  4225.07 ms ±  0.00  (624 rows)

--- Q07 ---
  ematix-flow  1168.46 ms ±  0.00  (4 rows)

--- Q11 ---
  ematix-flow   140.27 ms ±  0.00  (8685 rows)

--- Q08 ---
  ematix-flow   790.16 ms ±  0.00  (2 rows)

--- Q15 ---
  ematix-flow   380.23 ms ±  0.00  (1 rows)

--- Q16 ---
  ematix-flow   442.19 ms ±  0.00  (27840 rows)

--- Q04 ---
  ematix-flow   876.49 ms ±  0.00  (5 rows)

--- Q09 ---
  ematix-flow  3999.68 ms ±  0.00  (175 rows)

--- Q03 ---
  ematix-flow  1530.88 ms ±  0.00  (114003 rows)

--- Q19 ---
  ematix-flow   354.11 ms ±  0.00  (1 rows)

--- Q05 ---
  ematix-flow  1184.06 ms ±  0.00  (5 rows)

wrote bench-results/sched-diag-2026-07-03/auto-rayon2-rb4/ematix/s10/batch-1/stream-1.md
