=== TPC-H 22 triangulation bench ===
    data:    /Users/ryanevans/RustroverProjects/ematix-flow/examples/tpch/data/sf10
    queries: 22 ([21, 13, 19, 22, 10, 14, 5, 7, 4, 16, 6, 2, 3, 18, 11, 8, 15, 1, 17, 12, 9, 20])
    trials:  1 (after 0 warmups)
    output:  bench-results/sched-diag-2026-07-03/p7/ematix/s10/batch-1/stream-5.md

    NOTE: single-invocation output is SMOKE-GRADE only. For win/loss
    claims use scripts/bench/strict_22q.sh / strict_ab.sh /
    strict_throughput.sh (see scripts/bench/README.md).

--- Q21 ---
  ematix-flow  2114.18 ms ±  0.00  (4009 rows)

--- Q13 ---
  ematix-flow  1572.50 ms ±  0.00  (46 rows)

--- Q19 ---
  ematix-flow   834.76 ms ±  0.00  (1 rows)

--- Q22 ---
  ematix-flow   877.75 ms ±  0.00  (7 rows)

--- Q10 ---
  ematix-flow  2253.33 ms ±  0.00  (381105 rows)

--- Q14 ---
  ematix-flow   572.17 ms ±  0.00  (1 rows)

--- Q05 ---
  ematix-flow  1096.50 ms ±  0.00  (5 rows)

--- Q07 ---
  ematix-flow  1474.79 ms ±  0.00  (4 rows)

--- Q04 ---
  ematix-flow  1517.14 ms ±  0.00  (5 rows)

--- Q16 ---
  ematix-flow  1291.26 ms ±  0.00  (27840 rows)

--- Q06 ---
  ematix-flow  1470.36 ms ±  0.00  (1 rows)

--- Q02 ---
  ematix-flow   191.30 ms ±  0.00  (4667 rows)

--- Q03 ---
  ematix-flow  1599.13 ms ±  0.00  (114003 rows)

--- Q18 ---
  ematix-flow  13023.20 ms ±  0.00  (624 rows)

--- Q11 ---
  ematix-flow   876.70 ms ±  0.00  (8685 rows)

--- Q08 ---
  ematix-flow  2675.15 ms ±  0.00  (2 rows)

--- Q15 ---
  ematix-flow   600.69 ms ±  0.00  (1 rows)

--- Q01 ---
  ematix-flow  3273.87 ms ±  0.00  (4 rows)

--- Q17 ---
  ematix-flow  2272.59 ms ±  0.00  (1 rows)

--- Q12 ---
  ematix-flow  1294.95 ms ±  0.00  (2 rows)

--- Q09 ---
  ematix-flow  4642.75 ms ±  0.00  (175 rows)

--- Q20 ---
  ematix-flow   809.81 ms ±  0.00  (1804 rows)

wrote bench-results/sched-diag-2026-07-03/p7/ematix/s10/batch-1/stream-5.md
