=== TPC-H 22 triangulation bench ===
    data:    /Users/ryanevans/RustroverProjects/ematix-flow/examples/tpch/data/sf100
    queries: 22 ([20, 6, 14, 10, 21, 22, 12, 13, 1, 17, 2, 18, 7, 11, 8, 15, 16, 4, 9, 3, 19, 5])
    trials:  1 (after 0 warmups)
    output:  bench-results/sched-arc-2026-07-03/sf100-final/duckdb/s1/batch-4/stream-1.md

    NOTE: single-invocation output is SMOKE-GRADE only. For win/loss
    claims use scripts/bench/strict_22q.sh / strict_ab.sh /
    strict_throughput.sh (see scripts/bench/README.md).

--- Q20 ---
  DuckDB       1856.20 ms ±  0.00  (17971 rows)

--- Q06 ---
  DuckDB        825.68 ms ±  0.00  (1 rows)

--- Q14 ---
  DuckDB       1138.79 ms ±  0.00  (1 rows)

--- Q10 ---
  DuckDB       2422.65 ms ±  0.00  (3884218 rows)

--- Q21 ---
  DuckDB       4551.22 ms ±  0.00  (39950 rows)

--- Q22 ---
  DuckDB        652.41 ms ±  0.00  (7 rows)

--- Q12 ---
  DuckDB       1329.00 ms ±  0.00  (2 rows)

--- Q13 ---
  DuckDB       2674.70 ms ±  0.00  (45 rows)

--- Q01 ---
  DuckDB       2912.38 ms ±  0.00  (4 rows)

--- Q17 ---
  DuckDB       1670.95 ms ±  0.00  (1 rows)

--- Q02 ---
  DuckDB        532.90 ms ±  0.00  (47107 rows)

--- Q18 ---
  DuckDB       2563.51 ms ±  0.00  (6398 rows)

--- Q07 ---
  DuckDB       1785.52 ms ±  0.00  (4 rows)

--- Q11 ---
  DuckDB        273.79 ms ±  0.00  (92698 rows)

--- Q08 ---
  DuckDB       2205.49 ms ±  0.00  (2 rows)

--- Q15 ---
  DuckDB       1043.86 ms ±  0.00  (1 rows)

--- Q16 ---
  DuckDB        418.41 ms ±  0.00  (27840 rows)

--- Q04 ---
  DuckDB        968.10 ms ±  0.00  (5 rows)

--- Q09 ---
  DuckDB       5130.00 ms ±  0.00  (175 rows)

--- Q03 ---
  DuckDB       2008.09 ms ±  0.00  (1131041 rows)

--- Q19 ---
  DuckDB       2475.07 ms ±  0.00  (1 rows)

--- Q05 ---
  DuckDB       1946.61 ms ±  0.00  (5 rows)

wrote bench-results/sched-arc-2026-07-03/sf100-final/duckdb/s1/batch-4/stream-1.md
