=== TPC-H 22 triangulation bench ===
    data:    /Users/ryanevans/RustroverProjects/ematix-flow/examples/tpch/data/sf10
    queries: 22 ([20, 6, 14, 10, 21, 22, 12, 13, 1, 17, 2, 18, 7, 11, 8, 15, 16, 4, 9, 3, 19, 5])
    trials:  1 (after 0 warmups)
    output:  bench-results/sf10-ties-2026-07-03/tput-sf10-s10-check/ematix/s10/batch-4/stream-1.md

    NOTE: single-invocation output is SMOKE-GRADE only. For win/loss
    claims use scripts/bench/strict_22q.sh / strict_ab.sh /
    strict_throughput.sh (see scripts/bench/README.md).

--- Q20 ---
  ematix-flow   214.53 ms ±  0.00  (1804 rows)

--- Q06 ---
  ematix-flow    94.54 ms ±  0.00  (1 rows)

--- Q14 ---
  ematix-flow   320.74 ms ±  0.00  (1 rows)

--- Q10 ---
  ematix-flow  2116.42 ms ±  0.00  (381105 rows)

--- Q21 ---
  ematix-flow  1992.19 ms ±  0.00  (4009 rows)

--- Q22 ---
  ematix-flow   261.46 ms ±  0.00  (7 rows)

--- Q12 ---
  ematix-flow  1180.48 ms ±  0.00  (2 rows)

--- Q13 ---
  ematix-flow   943.50 ms ±  0.00  (46 rows)

--- Q01 ---
  ematix-flow  2594.22 ms ±  0.00  (4 rows)

--- Q17 ---
  ematix-flow   623.80 ms ±  0.00  (1 rows)

--- Q02 ---
  ematix-flow   127.25 ms ±  0.00  (4667 rows)

--- Q18 ---
  ematix-flow  2650.63 ms ±  0.00  (624 rows)

--- Q07 ---
  ematix-flow  1701.72 ms ±  0.00  (4 rows)

--- Q11 ---
  ematix-flow   150.91 ms ±  0.00  (8685 rows)

--- Q08 ---
  ematix-flow  2214.36 ms ±  0.00  (2 rows)

--- Q15 ---
  ematix-flow   679.09 ms ±  0.00  (1 rows)

--- Q16 ---
  ematix-flow   301.45 ms ±  0.00  (27840 rows)

--- Q04 ---
  ematix-flow   744.92 ms ±  0.00  (5 rows)

--- Q09 ---
  ematix-flow  2669.75 ms ±  0.00  (175 rows)

--- Q03 ---
  ematix-flow  1399.53 ms ±  0.00  (114003 rows)

--- Q19 ---
  ematix-flow   877.90 ms ±  0.00  (1 rows)

--- Q05 ---
  ematix-flow  1760.23 ms ±  0.00  (5 rows)

wrote bench-results/sf10-ties-2026-07-03/tput-sf10-s10-check/ematix/s10/batch-4/stream-1.md
