=== TPC-H 22 triangulation bench ===
    data:    /Users/ryanevans/RustroverProjects/ematix-flow/examples/tpch/data/sf10
    queries: 22 ([21, 13, 19, 22, 10, 14, 5, 7, 4, 16, 6, 2, 3, 18, 11, 8, 15, 1, 17, 12, 9, 20])
    trials:  1 (after 0 warmups)
    output:  bench-results/sf10-ties-2026-07-03/tput-sf10-s10-check/ematix/s10/batch-4/stream-5.md

    NOTE: single-invocation output is SMOKE-GRADE only. For win/loss
    claims use scripts/bench/strict_22q.sh / strict_ab.sh /
    strict_throughput.sh (see scripts/bench/README.md).

--- Q21 ---
  ematix-flow  2207.74 ms ±  0.00  (4009 rows)

--- Q13 ---
  ematix-flow  1248.62 ms ±  0.00  (46 rows)

--- Q19 ---
  ematix-flow   943.65 ms ±  0.00  (1 rows)

--- Q22 ---
  ematix-flow   158.49 ms ±  0.00  (7 rows)

--- Q10 ---
  ematix-flow  1926.35 ms ±  0.00  (381105 rows)

--- Q14 ---
  ematix-flow   446.42 ms ±  0.00  (1 rows)

--- Q05 ---
  ematix-flow  1836.18 ms ±  0.00  (5 rows)

--- Q07 ---
  ematix-flow  1270.21 ms ±  0.00  (4 rows)

--- Q04 ---
  ematix-flow  1010.48 ms ±  0.00  (5 rows)

--- Q16 ---
  ematix-flow   390.65 ms ±  0.00  (27840 rows)

--- Q06 ---
  ematix-flow   245.77 ms ±  0.00  (1 rows)

--- Q02 ---
  ematix-flow   176.69 ms ±  0.00  (4667 rows)

--- Q03 ---
  ematix-flow  1400.59 ms ±  0.00  (114003 rows)

--- Q18 ---
  ematix-flow  2964.00 ms ±  0.00  (624 rows)

--- Q11 ---
  ematix-flow   172.41 ms ±  0.00  (8685 rows)

--- Q08 ---
  ematix-flow  2044.32 ms ±  0.00  (2 rows)

--- Q15 ---
  ematix-flow   557.16 ms ±  0.00  (1 rows)

--- Q01 ---
  ematix-flow  2557.64 ms ±  0.00  (4 rows)

--- Q17 ---
  ematix-flow   579.72 ms ±  0.00  (1 rows)

--- Q12 ---
  ematix-flow  1164.48 ms ±  0.00  (2 rows)

--- Q09 ---
  ematix-flow  2824.48 ms ±  0.00  (175 rows)

--- Q20 ---
  ematix-flow   730.81 ms ±  0.00  (1804 rows)

wrote bench-results/sf10-ties-2026-07-03/tput-sf10-s10-check/ematix/s10/batch-4/stream-5.md
