=== TPC-H 22 triangulation bench ===
    data:    /Users/ryanevans/RustroverProjects/ematix-flow/examples/tpch/data/sf10
    queries: 22 ([21, 14, 13, 22, 7, 18, 4, 20, 17, 15, 6, 12, 8, 10, 11, 5, 1, 2, 9, 16, 3, 19])
    trials:  1 (after 0 warmups)
    output:  bench-results/sf10-ties-2026-07-03/tput-sf10-s10-check/ematix/s10/batch-4/stream-6.md

    NOTE: single-invocation output is SMOKE-GRADE only. For win/loss
    claims use scripts/bench/strict_22q.sh / strict_ab.sh /
    strict_throughput.sh (see scripts/bench/README.md).

--- Q21 ---
  ematix-flow  2213.50 ms ±  0.00  (4009 rows)

--- Q14 ---
  ematix-flow   668.81 ms ±  0.00  (1 rows)

--- Q13 ---
  ematix-flow  1059.36 ms ±  0.00  (46 rows)

--- Q22 ---
  ematix-flow   241.22 ms ±  0.00  (7 rows)

--- Q07 ---
  ematix-flow  1300.81 ms ±  0.00  (4 rows)

--- Q18 ---
  ematix-flow  2645.71 ms ±  0.00  (624 rows)

--- Q04 ---
  ematix-flow   504.44 ms ±  0.00  (5 rows)

--- Q20 ---
  ematix-flow  1552.36 ms ±  0.00  (1804 rows)

--- Q17 ---
  ematix-flow   667.86 ms ±  0.00  (1 rows)

--- Q15 ---
  ematix-flow   840.82 ms ±  0.00  (1 rows)

--- Q06 ---
  ematix-flow   144.05 ms ±  0.00  (1 rows)

--- Q12 ---
  ematix-flow  1311.34 ms ±  0.00  (2 rows)

--- Q08 ---
  ematix-flow  1919.44 ms ±  0.00  (2 rows)

--- Q10 ---
  ematix-flow  2112.69 ms ±  0.00  (381105 rows)

--- Q11 ---
  ematix-flow   122.16 ms ±  0.00  (8685 rows)

--- Q05 ---
  ematix-flow  1720.37 ms ±  0.00  (5 rows)

--- Q01 ---
  ematix-flow  2695.54 ms ±  0.00  (4 rows)

--- Q02 ---
  ematix-flow   146.09 ms ±  0.00  (4667 rows)

--- Q09 ---
  ematix-flow  3042.31 ms ±  0.00  (175 rows)

--- Q16 ---
  ematix-flow   275.46 ms ±  0.00  (27840 rows)

--- Q03 ---
  ematix-flow  1013.84 ms ±  0.00  (114003 rows)

--- Q19 ---
  ematix-flow   513.66 ms ±  0.00  (1 rows)

wrote bench-results/sf10-ties-2026-07-03/tput-sf10-s10-check/ematix/s10/batch-4/stream-6.md
