=== TPC-H 22 triangulation bench ===
    data:    /Users/ryanevans/RustroverProjects/ematix-flow/examples/tpch/data/sf10
    queries: 22 ([6, 18, 21, 16, 8, 15, 22, 20, 7, 19, 14, 17, 9, 1, 10, 12, 4, 3, 2, 13, 5, 11])
    trials:  1 (after 0 warmups)
    output:  bench-results/sf10-ties-2026-07-03/tput-sf10-s10-check/ematix/s10/batch-4/stream-7.md

    NOTE: single-invocation output is SMOKE-GRADE only. For win/loss
    claims use scripts/bench/strict_22q.sh / strict_ab.sh /
    strict_throughput.sh (see scripts/bench/README.md).

--- Q06 ---
  ematix-flow   256.53 ms ±  0.00  (1 rows)

--- Q18 ---
  ematix-flow  2787.98 ms ±  0.00  (624 rows)

--- Q21 ---
  ematix-flow  1826.27 ms ±  0.00  (4009 rows)

--- Q16 ---
  ematix-flow   328.02 ms ±  0.00  (27840 rows)

--- Q08 ---
  ematix-flow  1929.51 ms ±  0.00  (2 rows)

--- Q15 ---
  ematix-flow   675.07 ms ±  0.00  (1 rows)

--- Q22 ---
  ematix-flow   275.24 ms ±  0.00  (7 rows)

--- Q20 ---
  ematix-flow  1399.74 ms ±  0.00  (1804 rows)

--- Q07 ---
  ematix-flow  1681.21 ms ±  0.00  (4 rows)

--- Q19 ---
  ematix-flow  1006.36 ms ±  0.00  (1 rows)

--- Q14 ---
  ematix-flow   527.16 ms ±  0.00  (1 rows)

--- Q17 ---
  ematix-flow   735.77 ms ±  0.00  (1 rows)

--- Q09 ---
  ematix-flow  2673.24 ms ±  0.00  (175 rows)

--- Q01 ---
  ematix-flow  2373.40 ms ±  0.00  (4 rows)

--- Q10 ---
  ematix-flow  1966.05 ms ±  0.00  (381105 rows)

--- Q12 ---
  ematix-flow  1150.04 ms ±  0.00  (2 rows)

--- Q04 ---
  ematix-flow  1064.68 ms ±  0.00  (5 rows)

--- Q03 ---
  ematix-flow  1608.33 ms ±  0.00  (114003 rows)

--- Q02 ---
  ematix-flow   139.58 ms ±  0.00  (4667 rows)

--- Q13 ---
  ematix-flow  1230.67 ms ±  0.00  (46 rows)

--- Q05 ---
  ematix-flow  1016.27 ms ±  0.00  (5 rows)

--- Q11 ---
  ematix-flow    51.99 ms ±  0.00  (8685 rows)

wrote bench-results/sf10-ties-2026-07-03/tput-sf10-s10-check/ematix/s10/batch-4/stream-7.md
