=== TPC-H 22 triangulation bench ===
    data:    /Users/ryanevans/RustroverProjects/ematix-flow/examples/tpch/data/sf10
    queries: 22 ([13, 18, 3, 7, 11, 4, 21, 16, 14, 22, 2, 10, 8, 19, 17, 1, 6, 5, 9, 12, 20, 15])
    trials:  1 (after 0 warmups)
    output:  bench-results/sf10-ties-2026-07-03/tput-sf10-s10-check/ematix/s10/batch-4/stream-9.md

    NOTE: single-invocation output is SMOKE-GRADE only. For win/loss
    claims use scripts/bench/strict_22q.sh / strict_ab.sh /
    strict_throughput.sh (see scripts/bench/README.md).

--- Q13 ---
  ematix-flow  1279.38 ms ±  0.00  (46 rows)

--- Q18 ---
  ematix-flow  2670.59 ms ±  0.00  (624 rows)

--- Q03 ---
  ematix-flow  1226.72 ms ±  0.00  (114003 rows)

--- Q07 ---
  ematix-flow  1432.00 ms ±  0.00  (4 rows)

--- Q11 ---
  ematix-flow   126.24 ms ±  0.00  (8685 rows)

--- Q04 ---
  ematix-flow   600.11 ms ±  0.00  (5 rows)

--- Q21 ---
  ematix-flow  1900.41 ms ±  0.00  (4009 rows)

--- Q16 ---
  ematix-flow   512.31 ms ±  0.00  (27840 rows)

--- Q14 ---
  ematix-flow   531.77 ms ±  0.00  (1 rows)

--- Q22 ---
  ematix-flow   298.41 ms ±  0.00  (7 rows)

--- Q02 ---
  ematix-flow   171.38 ms ±  0.00  (4667 rows)

--- Q10 ---
  ematix-flow  2057.58 ms ±  0.00  (381105 rows)

--- Q08 ---
  ematix-flow  1799.80 ms ±  0.00  (2 rows)

--- Q19 ---
  ematix-flow   938.22 ms ±  0.00  (1 rows)

--- Q17 ---
  ematix-flow   663.98 ms ±  0.00  (1 rows)

--- Q01 ---
  ematix-flow  2350.52 ms ±  0.00  (4 rows)

--- Q06 ---
  ematix-flow   302.00 ms ±  0.00  (1 rows)

--- Q05 ---
  ematix-flow  1671.56 ms ±  0.00  (5 rows)

--- Q09 ---
  ematix-flow  3470.33 ms ±  0.00  (175 rows)

--- Q12 ---
  ematix-flow  1192.04 ms ±  0.00  (2 rows)

--- Q20 ---
  ematix-flow  1001.18 ms ±  0.00  (1804 rows)

--- Q15 ---
  ematix-flow   348.36 ms ±  0.00  (1 rows)

wrote bench-results/sf10-ties-2026-07-03/tput-sf10-s10-check/ematix/s10/batch-4/stream-9.md
