=== TPC-H 22 triangulation bench ===
    data:    /Users/ryanevans/RustroverProjects/ematix-flow/examples/tpch/data/sf10
    queries: 22 ([19, 22, 14, 11, 5, 18, 8, 16, 7, 20, 13, 1, 15, 4, 17, 9, 10, 6, 12, 21, 3, 2])
    trials:  1 (after 0 warmups)
    output:  bench-results/tput-rebaseline-2026-07-03/sf10-auto/duckdb/s10/batch-1/stream-2.md

    NOTE: single-invocation output is SMOKE-GRADE only. For win/loss
    claims use scripts/bench/strict_22q.sh / strict_ab.sh /
    strict_throughput.sh (see scripts/bench/README.md).

--- Q19 ---
  DuckDB       1255.53 ms ±  0.00  (1 rows)

--- Q22 ---
  DuckDB        364.98 ms ±  0.00  (7 rows)

--- Q14 ---
  DuckDB        919.97 ms ±  0.00  (1 rows)

--- Q11 ---
  DuckDB        178.97 ms ±  0.00  (8685 rows)

--- Q05 ---
  DuckDB       1064.69 ms ±  0.00  (5 rows)

--- Q18 ---
  DuckDB       1660.90 ms ±  0.00  (624 rows)

--- Q08 ---
  DuckDB       1067.82 ms ±  0.00  (2 rows)

--- Q16 ---
  DuckDB        383.39 ms ±  0.00  (27840 rows)

--- Q07 ---
  DuckDB        950.92 ms ±  0.00  (4 rows)

--- Q20 ---
  DuckDB        830.51 ms ±  0.00  (1804 rows)

--- Q13 ---
  DuckDB       1639.71 ms ±  0.00  (46 rows)

--- Q01 ---
  DuckDB       2077.72 ms ±  0.00  (4 rows)

--- Q15 ---
  DuckDB        542.64 ms ±  0.00  (1 rows)

--- Q04 ---
  DuckDB        723.94 ms ±  0.00  (5 rows)

--- Q17 ---
  DuckDB       1049.52 ms ±  0.00  (1 rows)

--- Q09 ---
  DuckDB       2114.10 ms ±  0.00  (175 rows)

--- Q10 ---
  DuckDB       1671.90 ms ±  0.00  (381105 rows)

--- Q06 ---
  DuckDB        432.00 ms ±  0.00  (1 rows)

--- Q12 ---
  DuckDB        811.93 ms ±  0.00  (2 rows)

--- Q21 ---
  DuckDB       2703.58 ms ±  0.00  (4009 rows)

--- Q03 ---
  DuckDB        873.13 ms ±  0.00  (114003 rows)

--- Q02 ---
  DuckDB        138.74 ms ±  0.00  (4667 rows)

wrote bench-results/tput-rebaseline-2026-07-03/sf10-auto/duckdb/s10/batch-1/stream-2.md
