=== TPC-H 22 triangulation bench ===
    data:    /Users/ryanevans/RustroverProjects/ematix-flow/examples/tpch/data/sf10
    queries: 22 ([21, 13, 19, 22, 10, 14, 5, 7, 4, 16, 6, 2, 3, 18, 11, 8, 15, 1, 17, 12, 9, 20])
    trials:  1 (after 0 warmups)
    output:  bench-results/tput-rebaseline-2026-07-03/sf10-auto/duckdb/s10/batch-1/stream-5.md

    NOTE: single-invocation output is SMOKE-GRADE only. For win/loss
    claims use scripts/bench/strict_22q.sh / strict_ab.sh /
    strict_throughput.sh (see scripts/bench/README.md).

--- Q21 ---
  DuckDB       2660.05 ms ±  0.00  (4009 rows)

--- Q13 ---
  DuckDB       1798.15 ms ±  0.00  (46 rows)

--- Q19 ---
  DuckDB       1746.14 ms ±  0.00  (1 rows)

--- Q22 ---
  DuckDB        406.90 ms ±  0.00  (7 rows)

--- Q10 ---
  DuckDB       1693.43 ms ±  0.00  (381105 rows)

--- Q14 ---
  DuckDB        917.83 ms ±  0.00  (1 rows)

--- Q05 ---
  DuckDB        974.29 ms ±  0.00  (5 rows)

--- Q07 ---
  DuckDB        990.23 ms ±  0.00  (4 rows)

--- Q04 ---
  DuckDB        763.16 ms ±  0.00  (5 rows)

--- Q16 ---
  DuckDB        325.46 ms ±  0.00  (27840 rows)

--- Q06 ---
  DuckDB        534.74 ms ±  0.00  (1 rows)

--- Q02 ---
  DuckDB        270.86 ms ±  0.00  (4667 rows)

--- Q03 ---
  DuckDB       1138.82 ms ±  0.00  (114003 rows)

--- Q18 ---
  DuckDB       1506.96 ms ±  0.00  (624 rows)

--- Q11 ---
  DuckDB        209.91 ms ±  0.00  (8685 rows)

--- Q08 ---
  DuckDB       1083.44 ms ±  0.00  (2 rows)

--- Q15 ---
  DuckDB        536.44 ms ±  0.00  (1 rows)

--- Q01 ---
  DuckDB       1885.61 ms ±  0.00  (4 rows)

--- Q17 ---
  DuckDB       1202.85 ms ±  0.00  (1 rows)

--- Q12 ---
  DuckDB        728.85 ms ±  0.00  (2 rows)

--- Q09 ---
  DuckDB       2119.11 ms ±  0.00  (175 rows)

--- Q20 ---
  DuckDB        505.37 ms ±  0.00  (1804 rows)

wrote bench-results/tput-rebaseline-2026-07-03/sf10-auto/duckdb/s10/batch-1/stream-5.md
