=== TPC-H 22 triangulation bench ===
    data:    /Users/ryanevans/RustroverProjects/ematix-flow/examples/tpch/data/sf100
    queries: 22 ([17, 21, 15, 19, 6, 10, 11, 22, 1, 18, 14, 9, 20, 4, 16, 3, 2, 7, 5, 13, 12, 8])
    trials:  1 (after 0 warmups)
    output:  bench-results/sched-arc-2026-07-03/sf100-final/duckdb/s10/batch-4/stream-8.md

    NOTE: single-invocation output is SMOKE-GRADE only. For win/loss
    claims use scripts/bench/strict_22q.sh / strict_ab.sh /
    strict_throughput.sh (see scripts/bench/README.md).

--- Q17 ---
  DuckDB       4932.02 ms ±  0.00  (1 rows)

--- Q21 ---
  DuckDB       15790.86 ms ±  0.00  (39950 rows)

--- Q15 ---
  DuckDB       4025.50 ms ±  0.00  (1 rows)

--- Q19 ---
  DuckDB       5478.37 ms ±  0.00  (1 rows)

--- Q06 ---
  DuckDB       2900.58 ms ±  0.00  (1 rows)

--- Q10 ---
  DuckDB       6967.03 ms ±  0.00  (3884218 rows)

--- Q11 ---
  DuckDB       1117.72 ms ±  0.00  (92698 rows)

--- Q22 ---
  DuckDB       1395.61 ms ±  0.00  (7 rows)

--- Q01 ---
  DuckDB       8309.93 ms ±  0.00  (4 rows)

--- Q18 ---
  DuckDB       7343.48 ms ±  0.00  (6398 rows)

--- Q14 ---
  DuckDB       10914.32 ms ±  0.00  (1 rows)

--- Q09 ---
  DuckDB       422528.20 ms ±  0.00  (175 rows)

--- Q20 ---
  DuckDB       5421.48 ms ±  0.00  (17971 rows)

--- Q04 ---
  DuckDB       3741.11 ms ±  0.00  (5 rows)

--- Q16 ---
  DuckDB       1338.78 ms ±  0.00  (27840 rows)

--- Q03 ---
  DuckDB       5174.64 ms ±  0.00  (1131041 rows)

--- Q02 ---
  DuckDB        749.76 ms ±  0.00  (47107 rows)

--- Q07 ---
  DuckDB       6688.02 ms ±  0.00  (4 rows)

--- Q05 ---
  DuckDB       6553.08 ms ±  0.00  (5 rows)

--- Q13 ---
  DuckDB       4017.04 ms ±  0.00  (45 rows)

--- Q12 ---
  DuckDB       3575.69 ms ±  0.00  (2 rows)

--- Q08 ---
  DuckDB       4514.64 ms ±  0.00  (2 rows)

wrote bench-results/sched-arc-2026-07-03/sf100-final/duckdb/s10/batch-4/stream-8.md
