=== TPC-H 22 triangulation bench ===
    data:    /Users/ryanevans/RustroverProjects/ematix-flow/examples/tpch/data/sf100
    queries: 22 ([20, 6, 14, 10, 21, 22, 12, 13, 1, 17, 2, 18, 7, 11, 8, 15, 16, 4, 9, 3, 19, 5])
    trials:  1 (after 0 warmups)
    output:  bench-results/sched-arc-2026-07-03/sf100-final/duckdb/s10/batch-4/stream-1.md

    NOTE: single-invocation output is SMOKE-GRADE only. For win/loss
    claims use scripts/bench/strict_22q.sh / strict_ab.sh /
    strict_throughput.sh (see scripts/bench/README.md).

--- Q20 ---
  DuckDB       4178.88 ms ±  0.00  (17971 rows)

--- Q06 ---
  DuckDB       2365.45 ms ±  0.00  (1 rows)

--- Q14 ---
  DuckDB       3141.33 ms ±  0.00  (1 rows)

--- Q10 ---
  DuckDB       6741.96 ms ±  0.00  (3884218 rows)

--- Q21 ---
  DuckDB       15604.16 ms ±  0.00  (39950 rows)

--- Q22 ---
  DuckDB       1459.60 ms ±  0.00  (7 rows)

--- Q12 ---
  DuckDB       4586.00 ms ±  0.00  (2 rows)

--- Q13 ---
  DuckDB       7667.07 ms ±  0.00  (45 rows)

--- Q01 ---
  DuckDB       11947.00 ms ±  0.00  (4 rows)

--- Q17 ---
  DuckDB       8233.76 ms ±  0.00  (1 rows)

--- Q02 ---
  DuckDB       1032.71 ms ±  0.00  (47107 rows)

--- Q18 ---
  DuckDB       9149.22 ms ±  0.00  (6398 rows)

--- Q07 ---
  DuckDB       7536.62 ms ±  0.00  (4 rows)

--- Q11 ---
  DuckDB        596.33 ms ±  0.00  (92698 rows)

--- Q08 ---
  DuckDB       10802.02 ms ±  0.00  (2 rows)

--- Q15 ---
  DuckDB       7567.33 ms ±  0.00  (1 rows)

--- Q16 ---
  DuckDB        858.05 ms ±  0.00  (27840 rows)

--- Q04 ---
  DuckDB       5438.27 ms ±  0.00  (5 rows)

--- Q09 ---
  DuckDB       21811.03 ms ±  0.00  (175 rows)

--- Q03 ---
  DuckDB       7858.80 ms ±  0.00  (1131041 rows)

--- Q19 ---
  DuckDB       7369.78 ms ±  0.00  (1 rows)

--- Q05 ---
  DuckDB       6964.68 ms ±  0.00  (5 rows)

wrote bench-results/sched-arc-2026-07-03/sf100-final/duckdb/s10/batch-4/stream-1.md
