=== TPC-H 22 triangulation bench ===
    data:    /Users/ryanevans/RustroverProjects/ematix-flow/examples/tpch/data/sf100
    queries: 22 ([13, 18, 3, 7, 11, 4, 21, 16, 14, 22, 2, 10, 8, 19, 17, 1, 6, 5, 9, 12, 20, 15])
    trials:  1 (after 0 warmups)
    output:  bench-results/sched-arc-2026-07-03/sf100-final/duckdb/s10/batch-4/stream-9.md

    NOTE: single-invocation output is SMOKE-GRADE only. For win/loss
    claims use scripts/bench/strict_22q.sh / strict_ab.sh /
    strict_throughput.sh (see scripts/bench/README.md).

--- Q13 ---
  DuckDB       5207.44 ms ±  0.00  (45 rows)

--- Q18 ---
  DuckDB       7799.82 ms ±  0.00  (6398 rows)

--- Q03 ---
  DuckDB       7237.40 ms ±  0.00  (1131041 rows)

--- Q07 ---
  DuckDB       5149.28 ms ±  0.00  (4 rows)

--- Q11 ---
  DuckDB        835.27 ms ±  0.00  (92698 rows)

--- Q04 ---
  DuckDB       3518.69 ms ±  0.00  (5 rows)

--- Q21 ---
  DuckDB       12629.19 ms ±  0.00  (39950 rows)

--- Q16 ---
  DuckDB       1092.94 ms ±  0.00  (27840 rows)

--- Q14 ---
  DuckDB       3882.03 ms ±  0.00  (1 rows)

--- Q22 ---
  DuckDB       1256.46 ms ±  0.00  (7 rows)

--- Q02 ---
  DuckDB        853.98 ms ±  0.00  (47107 rows)

--- Q10 ---
  DuckDB       6742.58 ms ±  0.00  (3884218 rows)

--- Q08 ---
  DuckDB       12648.06 ms ±  0.00  (2 rows)

--- Q19 ---
  DuckDB       16557.83 ms ±  0.00  (1 rows)

--- Q17 ---
  DuckDB       11697.13 ms ±  0.00  (1 rows)

--- Q01 ---
  DuckDB       14356.81 ms ±  0.00  (4 rows)

--- Q06 ---
  DuckDB       8227.62 ms ±  0.00  (1 rows)

--- Q05 ---
  DuckDB       13430.05 ms ±  0.00  (5 rows)

--- Q09 ---
  DuckDB       339145.88 ms ±  0.00  (175 rows)

--- Q12 ---
  DuckDB       5700.20 ms ±  0.00  (2 rows)

--- Q20 ---
  DuckDB       5535.10 ms ±  0.00  (17971 rows)

--- Q15 ---
  DuckDB       4199.52 ms ±  0.00  (1 rows)

wrote bench-results/sched-arc-2026-07-03/sf100-final/duckdb/s10/batch-4/stream-9.md
