=== TPC-H 22 triangulation bench ===
    data:    /Users/ryanevans/RustroverProjects/ematix-flow/examples/tpch/data/sf10
    queries: 22 ([2, 9, 10, 17, 1, 22, 13, 21, 20, 12, 5, 14, 3, 18, 19, 16, 7, 8, 11, 15, 4, 6])
    trials:  1 (after 0 warmups)
    output:  bench-results/sched-arc-2026-07-03/sf10-final/ematix/s100/batch-1/stream-18.md

    NOTE: single-invocation output is SMOKE-GRADE only. For win/loss
    claims use scripts/bench/strict_22q.sh / strict_ab.sh /
    strict_throughput.sh (see scripts/bench/README.md).

--- Q02 ---
  ematix-flow   109.99 ms ±  0.00  (4667 rows)

--- Q09 ---
  ematix-flow  2635.11 ms ±  0.00  (175 rows)

--- Q10 ---
  ematix-flow  2160.54 ms ±  0.00  (381105 rows)

--- Q17 ---
  ematix-flow   475.31 ms ±  0.00  (1 rows)

--- Q01 ---
  ematix-flow  3362.22 ms ±  0.00  (4 rows)

--- Q22 ---
  ematix-flow   252.78 ms ±  0.00  (7 rows)

--- Q13 ---
  ematix-flow  1192.19 ms ±  0.00  (46 rows)

--- Q21 ---
  ematix-flow  2346.69 ms ±  0.00  (4009 rows)

--- Q20 ---
  ematix-flow  1176.85 ms ±  0.00  (1804 rows)

--- Q12 ---
  ematix-flow   995.87 ms ±  0.00  (2 rows)

--- Q05 ---
  ematix-flow  2160.46 ms ±  0.00  (5 rows)

--- Q14 ---
  ematix-flow   712.11 ms ±  0.00  (1 rows)

--- Q03 ---
  ematix-flow  1312.14 ms ±  0.00  (114003 rows)

--- Q18 ---
  ematix-flow  3296.68 ms ±  0.00  (624 rows)

--- Q19 ---
  ematix-flow  1004.33 ms ±  0.00  (1 rows)

--- Q16 ---
  ematix-flow   791.29 ms ±  0.00  (27840 rows)

--- Q07 ---
  ematix-flow  1578.67 ms ±  0.00  (4 rows)

--- Q08 ---
  ematix-flow  2478.64 ms ±  0.00  (2 rows)

--- Q11 ---
  ematix-flow   202.33 ms ±  0.00  (8685 rows)

--- Q15 ---
  ematix-flow   691.38 ms ±  0.00  (1 rows)

--- Q04 ---
  ematix-flow   768.54 ms ±  0.00  (5 rows)

--- Q06 ---
  ematix-flow   231.22 ms ±  0.00  (1 rows)

wrote bench-results/sched-arc-2026-07-03/sf10-final/ematix/s100/batch-1/stream-18.md
