=== TPC-H 22 triangulation bench ===
    data:    /Users/ryanevans/RustroverProjects/ematix-flow/examples/tpch/data/sf10
    queries: 22 ([20, 19, 2, 5, 7, 8, 17, 9, 16, 13, 18, 11, 10, 1, 6, 15, 12, 3, 4, 22, 14, 21])
    trials:  1 (after 0 warmups)
    output:  bench-results/sched-arc-2026-07-03/sf10-final/ematix/s100/batch-1/stream-38.md

    NOTE: single-invocation output is SMOKE-GRADE only. For win/loss
    claims use scripts/bench/strict_22q.sh / strict_ab.sh /
    strict_throughput.sh (see scripts/bench/README.md).

--- Q20 ---
  ematix-flow  1253.59 ms ±  0.00  (1804 rows)

--- Q19 ---
  ematix-flow   932.15 ms ±  0.00  (1 rows)

--- Q02 ---
  ematix-flow   130.98 ms ±  0.00  (4667 rows)

--- Q05 ---
  ematix-flow  1677.33 ms ±  0.00  (5 rows)

--- Q07 ---
  ematix-flow  1384.84 ms ±  0.00  (4 rows)

--- Q08 ---
  ematix-flow  2319.62 ms ±  0.00  (2 rows)

--- Q17 ---
  ematix-flow   639.10 ms ±  0.00  (1 rows)

--- Q09 ---
  ematix-flow  3439.69 ms ±  0.00  (175 rows)

--- Q16 ---
  ematix-flow   598.45 ms ±  0.00  (27840 rows)

--- Q13 ---
  ematix-flow  1288.96 ms ±  0.00  (46 rows)

--- Q18 ---
  ematix-flow  2391.77 ms ±  0.00  (624 rows)

--- Q11 ---
  ematix-flow   147.08 ms ±  0.00  (8685 rows)

--- Q10 ---
  ematix-flow  2146.86 ms ±  0.00  (381105 rows)

--- Q01 ---
  ematix-flow  2912.01 ms ±  0.00  (4 rows)

--- Q06 ---
  ematix-flow   228.91 ms ±  0.00  (1 rows)

--- Q15 ---
  ematix-flow   789.60 ms ±  0.00  (1 rows)

--- Q12 ---
  ematix-flow  1163.40 ms ±  0.00  (2 rows)

--- Q03 ---
  ematix-flow  1310.59 ms ±  0.00  (114003 rows)

--- Q04 ---
  ematix-flow   703.53 ms ±  0.00  (5 rows)

--- Q22 ---
  ematix-flow   335.31 ms ±  0.00  (7 rows)

--- Q14 ---
  ematix-flow   596.91 ms ±  0.00  (1 rows)

--- Q21 ---
  ematix-flow  2049.27 ms ±  0.00  (4009 rows)

wrote bench-results/sched-arc-2026-07-03/sf10-final/ematix/s100/batch-1/stream-38.md
