=== TPC-H 22 triangulation bench ===
    data:    /Users/ryanevans/RustroverProjects/ematix-flow/examples/tpch/data/sf10
    queries: 22 ([22, 6, 3, 16, 10, 13, 17, 20, 7, 14, 19, 15, 11, 2, 12, 5, 18, 8, 9, 1, 4, 21])
    trials:  1 (after 0 warmups)
    output:  bench-results/sched-arc-2026-07-03/sf10-final/ematix/s100/batch-1/stream-42.md

    NOTE: single-invocation output is SMOKE-GRADE only. For win/loss
    claims use scripts/bench/strict_22q.sh / strict_ab.sh /
    strict_throughput.sh (see scripts/bench/README.md).

--- Q22 ---
  ematix-flow   300.69 ms ±  0.00  (7 rows)

--- Q06 ---
  ematix-flow   248.54 ms ±  0.00  (1 rows)

--- Q03 ---
  ematix-flow  1332.60 ms ±  0.00  (114003 rows)

--- Q16 ---
  ematix-flow   306.96 ms ±  0.00  (27840 rows)

--- Q10 ---
  ematix-flow  1776.63 ms ±  0.00  (381105 rows)

--- Q13 ---
  ematix-flow  1093.43 ms ±  0.00  (46 rows)

--- Q17 ---
  ematix-flow   516.82 ms ±  0.00  (1 rows)

--- Q20 ---
  ematix-flow  1304.20 ms ±  0.00  (1804 rows)

--- Q07 ---
  ematix-flow  1627.88 ms ±  0.00  (4 rows)

--- Q14 ---
  ematix-flow   570.64 ms ±  0.00  (1 rows)

--- Q19 ---
  ematix-flow   987.30 ms ±  0.00  (1 rows)

--- Q15 ---
  ematix-flow   795.51 ms ±  0.00  (1 rows)

--- Q11 ---
  ematix-flow   226.84 ms ±  0.00  (8685 rows)

--- Q02 ---
  ematix-flow   131.28 ms ±  0.00  (4667 rows)

--- Q12 ---
  ematix-flow  1240.93 ms ±  0.00  (2 rows)

--- Q05 ---
  ematix-flow  1818.23 ms ±  0.00  (5 rows)

--- Q18 ---
  ematix-flow  2284.36 ms ±  0.00  (624 rows)

--- Q08 ---
  ematix-flow  1893.94 ms ±  0.00  (2 rows)

--- Q09 ---
  ematix-flow  3048.59 ms ±  0.00  (175 rows)

--- Q01 ---
  ematix-flow  2875.47 ms ±  0.00  (4 rows)

--- Q04 ---
  ematix-flow   719.79 ms ±  0.00  (5 rows)

--- Q21 ---
  ematix-flow  2153.60 ms ±  0.00  (4009 rows)

wrote bench-results/sched-arc-2026-07-03/sf10-final/ematix/s100/batch-1/stream-42.md
