=== TPC-H 22 triangulation bench ===
    data:    /Users/ryanevans/RustroverProjects/ematix-flow/examples/tpch/data/sf10
    queries: 22 ([2, 17, 22, 8, 19, 5, 15, 11, 1, 4, 12, 20, 3, 9, 13, 18, 7, 16, 10, 21, 14, 6])
    trials:  1 (after 0 warmups)
    output:  bench-results/sched-arc-2026-07-03/sf10-final/ematix/s100/batch-1/stream-21.md

    NOTE: single-invocation output is SMOKE-GRADE only. For win/loss
    claims use scripts/bench/strict_22q.sh / strict_ab.sh /
    strict_throughput.sh (see scripts/bench/README.md).

--- Q02 ---
  ematix-flow   127.82 ms ±  0.00  (4667 rows)

--- Q17 ---
  ematix-flow   667.52 ms ±  0.00  (1 rows)

--- Q22 ---
  ematix-flow   392.10 ms ±  0.00  (7 rows)

--- Q08 ---
  ematix-flow  2428.80 ms ±  0.00  (2 rows)

--- Q19 ---
  ematix-flow  1302.37 ms ±  0.00  (1 rows)

--- Q05 ---
  ematix-flow  1686.29 ms ±  0.00  (5 rows)

--- Q15 ---
  ematix-flow   739.25 ms ±  0.00  (1 rows)

--- Q11 ---
  ematix-flow   112.03 ms ±  0.00  (8685 rows)

--- Q01 ---
  ematix-flow  3316.58 ms ±  0.00  (4 rows)

--- Q04 ---
  ematix-flow   982.96 ms ±  0.00  (5 rows)

--- Q12 ---
  ematix-flow  1022.67 ms ±  0.00  (2 rows)

--- Q20 ---
  ematix-flow  1792.14 ms ±  0.00  (1804 rows)

--- Q03 ---
  ematix-flow  1219.47 ms ±  0.00  (114003 rows)

--- Q09 ---
  ematix-flow  3234.15 ms ±  0.00  (175 rows)

--- Q13 ---
  ematix-flow  1223.60 ms ±  0.00  (46 rows)

--- Q18 ---
  ematix-flow  3929.12 ms ±  0.00  (624 rows)

--- Q07 ---
  ematix-flow  1615.39 ms ±  0.00  (4 rows)

--- Q16 ---
  ematix-flow   370.63 ms ±  0.00  (27840 rows)

--- Q10 ---
  ematix-flow  2132.35 ms ±  0.00  (381105 rows)

--- Q21 ---
  ematix-flow  2499.06 ms ±  0.00  (4009 rows)

--- Q14 ---
  ematix-flow   539.74 ms ±  0.00  (1 rows)

--- Q06 ---
  ematix-flow   166.94 ms ±  0.00  (1 rows)

wrote bench-results/sched-arc-2026-07-03/sf10-final/ematix/s100/batch-1/stream-21.md
