=== TPC-H 22 triangulation bench ===
    data:    /Users/ryanevans/RustroverProjects/ematix-flow/examples/tpch/data/sf10
    queries: 22 ([21, 13, 19, 22, 10, 14, 5, 7, 4, 16, 6, 2, 3, 18, 11, 8, 15, 1, 17, 12, 9, 20])
    trials:  1 (after 0 warmups)
    output:  bench-results/sched-arc-2026-07-03/sf10-final/ematix/s100/batch-1/stream-5.md

    NOTE: single-invocation output is SMOKE-GRADE only. For win/loss
    claims use scripts/bench/strict_22q.sh / strict_ab.sh /
    strict_throughput.sh (see scripts/bench/README.md).

--- Q21 ---
  ematix-flow  2495.23 ms ±  0.00  (4009 rows)

--- Q13 ---
  ematix-flow  1330.70 ms ±  0.00  (46 rows)

--- Q19 ---
  ematix-flow  1039.43 ms ±  0.00  (1 rows)

--- Q22 ---
  ematix-flow   210.91 ms ±  0.00  (7 rows)

--- Q10 ---
  ematix-flow  1905.12 ms ±  0.00  (381105 rows)

--- Q14 ---
  ematix-flow   559.81 ms ±  0.00  (1 rows)

--- Q05 ---
  ematix-flow  1961.14 ms ±  0.00  (5 rows)

--- Q07 ---
  ematix-flow  1614.81 ms ±  0.00  (4 rows)

--- Q04 ---
  ematix-flow   916.95 ms ±  0.00  (5 rows)

--- Q16 ---
  ematix-flow   505.09 ms ±  0.00  (27840 rows)

--- Q06 ---
  ematix-flow   201.12 ms ±  0.00  (1 rows)

--- Q02 ---
  ematix-flow   125.74 ms ±  0.00  (4667 rows)

--- Q03 ---
  ematix-flow  1214.90 ms ±  0.00  (114003 rows)

--- Q18 ---
  ematix-flow  3500.60 ms ±  0.00  (624 rows)

--- Q11 ---
  ematix-flow   148.42 ms ±  0.00  (8685 rows)

--- Q08 ---
  ematix-flow  2304.01 ms ±  0.00  (2 rows)

--- Q15 ---
  ematix-flow   681.87 ms ±  0.00  (1 rows)

--- Q01 ---
  ematix-flow  3490.04 ms ±  0.00  (4 rows)

--- Q17 ---
  ematix-flow   730.19 ms ±  0.00  (1 rows)

--- Q12 ---
  ematix-flow  1205.50 ms ±  0.00  (2 rows)

--- Q09 ---
  ematix-flow  3363.10 ms ±  0.00  (175 rows)

--- Q20 ---
  ematix-flow  1324.41 ms ±  0.00  (1804 rows)

wrote bench-results/sched-arc-2026-07-03/sf10-final/ematix/s100/batch-1/stream-5.md
