=== TPC-H 22 triangulation bench ===
    data:    /Users/ryanevans/RustroverProjects/ematix-flow/examples/tpch/data/sf10
    queries: 22 ([21, 1, 9, 14, 6, 20, 17, 4, 8, 2, 15, 3, 16, 13, 12, 7, 10, 19, 22, 5, 11, 18])
    trials:  1 (after 0 warmups)
    output:  bench-results/sched-arc-2026-07-03/sf10-final/ematix/s100/batch-1/stream-48.md

    NOTE: single-invocation output is SMOKE-GRADE only. For win/loss
    claims use scripts/bench/strict_22q.sh / strict_ab.sh /
    strict_throughput.sh (see scripts/bench/README.md).

--- Q21 ---
  ematix-flow  1816.68 ms ±  0.00  (4009 rows)

--- Q01 ---
  ematix-flow  2967.48 ms ±  0.00  (4 rows)

--- Q09 ---
  ematix-flow  3026.44 ms ±  0.00  (175 rows)

--- Q14 ---
  ematix-flow   527.25 ms ±  0.00  (1 rows)

--- Q06 ---
  ematix-flow   381.04 ms ±  0.00  (1 rows)

--- Q20 ---
  ematix-flow  1430.83 ms ±  0.00  (1804 rows)

--- Q17 ---
  ematix-flow   508.03 ms ±  0.00  (1 rows)

--- Q04 ---
  ematix-flow   728.99 ms ±  0.00  (5 rows)

--- Q08 ---
  ematix-flow  2020.19 ms ±  0.00  (2 rows)

--- Q02 ---
  ematix-flow   109.58 ms ±  0.00  (4667 rows)

--- Q15 ---
  ematix-flow   676.88 ms ±  0.00  (1 rows)

--- Q03 ---
  ematix-flow  1216.64 ms ±  0.00  (114003 rows)

--- Q16 ---
  ematix-flow   372.93 ms ±  0.00  (27840 rows)

--- Q13 ---
  ematix-flow  1697.91 ms ±  0.00  (46 rows)

--- Q12 ---
  ematix-flow  1248.16 ms ±  0.00  (2 rows)

--- Q07 ---
  ematix-flow  1558.80 ms ±  0.00  (4 rows)

--- Q10 ---
  ematix-flow  2028.72 ms ±  0.00  (381105 rows)

--- Q19 ---
  ematix-flow   851.96 ms ±  0.00  (1 rows)

--- Q22 ---
  ematix-flow   172.19 ms ±  0.00  (7 rows)

--- Q05 ---
  ematix-flow  1768.74 ms ±  0.00  (5 rows)

--- Q11 ---
  ematix-flow   102.63 ms ±  0.00  (8685 rows)

--- Q18 ---
  ematix-flow  2480.29 ms ±  0.00  (624 rows)

wrote bench-results/sched-arc-2026-07-03/sf10-final/ematix/s100/batch-1/stream-48.md
