=== TPC-H 22 triangulation bench ===
    data:    /Users/ryanevans/RustroverProjects/ematix-flow/examples/tpch/data/sf10
    queries: 22 ([2, 14, 17, 6, 11, 7, 20, 13, 15, 4, 9, 21, 22, 1, 10, 3, 16, 12, 5, 18, 19, 8])
    trials:  1 (after 0 warmups)
    output:  bench-results/sched-arc-2026-07-03/sf10-final/ematix/s100/batch-1/stream-3.md

    NOTE: single-invocation output is SMOKE-GRADE only. For win/loss
    claims use scripts/bench/strict_22q.sh / strict_ab.sh /
    strict_throughput.sh (see scripts/bench/README.md).

--- Q02 ---
  ematix-flow    70.19 ms ±  0.00  (4667 rows)

--- Q14 ---
  ematix-flow   332.27 ms ±  0.00  (1 rows)

--- Q17 ---
  ematix-flow   973.04 ms ±  0.00  (1 rows)

--- Q06 ---
  ematix-flow   114.71 ms ±  0.00  (1 rows)

--- Q11 ---
  ematix-flow   133.44 ms ±  0.00  (8685 rows)

--- Q07 ---
  ematix-flow  1541.69 ms ±  0.00  (4 rows)

--- Q20 ---
  ematix-flow  1674.73 ms ±  0.00  (1804 rows)

--- Q13 ---
  ematix-flow  1139.27 ms ±  0.00  (46 rows)

--- Q15 ---
  ematix-flow   681.53 ms ±  0.00  (1 rows)

--- Q04 ---
  ematix-flow   680.08 ms ±  0.00  (5 rows)

--- Q09 ---
  ematix-flow  2849.57 ms ±  0.00  (175 rows)

--- Q21 ---
  ematix-flow  2348.67 ms ±  0.00  (4009 rows)

--- Q22 ---
  ematix-flow   377.31 ms ±  0.00  (7 rows)

--- Q01 ---
  ematix-flow  3375.64 ms ±  0.00  (4 rows)

--- Q10 ---
  ematix-flow  2175.66 ms ±  0.00  (381105 rows)

--- Q03 ---
  ematix-flow  1264.79 ms ±  0.00  (114003 rows)

--- Q16 ---
  ematix-flow   307.95 ms ±  0.00  (27840 rows)

--- Q12 ---
  ematix-flow  1165.41 ms ±  0.00  (2 rows)

--- Q05 ---
  ematix-flow  2001.66 ms ±  0.00  (5 rows)

--- Q18 ---
  ematix-flow  4280.91 ms ±  0.00  (624 rows)

--- Q19 ---
  ematix-flow  1117.91 ms ±  0.00  (1 rows)

--- Q08 ---
  ematix-flow  1997.67 ms ±  0.00  (2 rows)

wrote bench-results/sched-arc-2026-07-03/sf10-final/ematix/s100/batch-1/stream-3.md
