=== TPC-H 22 triangulation bench ===
    data:    /Users/ryanevans/RustroverProjects/ematix-flow/examples/tpch/data/sf10
    queries: 22 ([2, 4, 15, 18, 17, 14, 21, 16, 3, 6, 5, 11, 19, 10, 12, 20, 8, 22, 1, 13, 9, 7])
    trials:  1 (after 0 warmups)
    output:  bench-results/sched-arc-2026-07-03/sf10-final/ematix/s100/batch-1/stream-39.md

    NOTE: single-invocation output is SMOKE-GRADE only. For win/loss
    claims use scripts/bench/strict_22q.sh / strict_ab.sh /
    strict_throughput.sh (see scripts/bench/README.md).

--- Q02 ---
  ematix-flow    72.65 ms ±  0.00  (4667 rows)

--- Q04 ---
  ematix-flow   608.10 ms ±  0.00  (5 rows)

--- Q15 ---
  ematix-flow   718.68 ms ±  0.00  (1 rows)

--- Q18 ---
  ematix-flow  2637.15 ms ±  0.00  (624 rows)

--- Q17 ---
  ematix-flow   472.93 ms ±  0.00  (1 rows)

--- Q14 ---
  ematix-flow   501.07 ms ±  0.00  (1 rows)

--- Q21 ---
  ematix-flow  2001.90 ms ±  0.00  (4009 rows)

--- Q16 ---
  ematix-flow   395.62 ms ±  0.00  (27840 rows)

--- Q03 ---
  ematix-flow  1575.00 ms ±  0.00  (114003 rows)

--- Q06 ---
  ematix-flow   337.13 ms ±  0.00  (1 rows)

--- Q05 ---
  ematix-flow  2115.45 ms ±  0.00  (5 rows)

--- Q11 ---
  ematix-flow   196.65 ms ±  0.00  (8685 rows)

--- Q19 ---
  ematix-flow  1102.23 ms ±  0.00  (1 rows)

--- Q10 ---
  ematix-flow  2183.55 ms ±  0.00  (381105 rows)

--- Q12 ---
  ematix-flow  1227.83 ms ±  0.00  (2 rows)

--- Q20 ---
  ematix-flow  1568.55 ms ±  0.00  (1804 rows)

--- Q08 ---
  ematix-flow  2013.99 ms ±  0.00  (2 rows)

--- Q22 ---
  ematix-flow   223.96 ms ±  0.00  (7 rows)

--- Q01 ---
  ematix-flow  2911.55 ms ±  0.00  (4 rows)

--- Q13 ---
  ematix-flow  1211.70 ms ±  0.00  (46 rows)

--- Q09 ---
  ematix-flow  2746.66 ms ±  0.00  (175 rows)

--- Q07 ---
  ematix-flow  1293.03 ms ±  0.00  (4 rows)

wrote bench-results/sched-arc-2026-07-03/sf10-final/ematix/s100/batch-1/stream-39.md
