=== TPC-H 22 triangulation bench ===
    data:    /Users/ryanevans/RustroverProjects/ematix-flow/examples/tpch/data/sf10
    queries: 22 ([18, 6, 8, 19, 1, 12, 2, 9, 7, 16, 21, 13, 17, 14, 3, 22, 11, 5, 20, 15, 10, 4])
    trials:  1 (after 0 warmups)
    output:  bench-results/sched-arc-2026-07-03/sf10-final/ematix/s100/batch-1/stream-70.md

    NOTE: single-invocation output is SMOKE-GRADE only. For win/loss
    claims use scripts/bench/strict_22q.sh / strict_ab.sh /
    strict_throughput.sh (see scripts/bench/README.md).

--- Q18 ---
  ematix-flow  2553.07 ms ±  0.00  (624 rows)

--- Q06 ---
  ematix-flow   183.48 ms ±  0.00  (1 rows)

--- Q08 ---
  ematix-flow  2173.22 ms ±  0.00  (2 rows)

--- Q19 ---
  ematix-flow   993.03 ms ±  0.00  (1 rows)

--- Q01 ---
  ematix-flow  2568.14 ms ±  0.00  (4 rows)

--- Q12 ---
  ematix-flow  1088.16 ms ±  0.00  (2 rows)

--- Q02 ---
  ematix-flow   117.12 ms ±  0.00  (4667 rows)

--- Q09 ---
  ematix-flow  3071.63 ms ±  0.00  (175 rows)

--- Q07 ---
  ematix-flow  1305.16 ms ±  0.00  (4 rows)

--- Q16 ---
  ematix-flow   517.86 ms ±  0.00  (27840 rows)

--- Q21 ---
  ematix-flow  2727.31 ms ±  0.00  (4009 rows)

--- Q13 ---
  ematix-flow  1197.00 ms ±  0.00  (46 rows)

--- Q17 ---
  ematix-flow   636.56 ms ±  0.00  (1 rows)

--- Q14 ---
  ematix-flow   433.33 ms ±  0.00  (1 rows)

--- Q03 ---
  ematix-flow  1401.46 ms ±  0.00  (114003 rows)

--- Q22 ---
  ematix-flow   387.21 ms ±  0.00  (7 rows)

--- Q11 ---
  ematix-flow   141.34 ms ±  0.00  (8685 rows)

--- Q05 ---
  ematix-flow  1888.83 ms ±  0.00  (5 rows)

--- Q20 ---
  ematix-flow  1375.09 ms ±  0.00  (1804 rows)

--- Q15 ---
  ematix-flow   785.05 ms ±  0.00  (1 rows)

--- Q10 ---
  ematix-flow  1757.86 ms ±  0.00  (381105 rows)

--- Q04 ---
  ematix-flow   556.08 ms ±  0.00  (5 rows)

wrote bench-results/sched-arc-2026-07-03/sf10-final/ematix/s100/batch-1/stream-70.md
