=== TPC-H 22 triangulation bench ===
    data:    /Users/ryanevans/RustroverProjects/ematix-flow/examples/tpch/data/sf10
    queries: 22 ([10, 8, 6, 15, 17, 9, 14, 22, 2, 3, 21, 11, 19, 12, 5, 7, 1, 18, 13, 20, 4, 16])
    trials:  1 (after 0 warmups)
    output:  bench-results/sched-arc-2026-07-03/sf10-final/ematix/s100/batch-1/stream-64.md

    NOTE: single-invocation output is SMOKE-GRADE only. For win/loss
    claims use scripts/bench/strict_22q.sh / strict_ab.sh /
    strict_throughput.sh (see scripts/bench/README.md).

--- Q10 ---
  ematix-flow  2118.77 ms ±  0.00  (381105 rows)

--- Q08 ---
  ematix-flow  2008.72 ms ±  0.00  (2 rows)

--- Q06 ---
  ematix-flow   135.85 ms ±  0.00  (1 rows)

--- Q15 ---
  ematix-flow   808.55 ms ±  0.00  (1 rows)

--- Q17 ---
  ematix-flow   479.49 ms ±  0.00  (1 rows)

--- Q09 ---
  ematix-flow  2428.90 ms ±  0.00  (175 rows)

--- Q14 ---
  ematix-flow   582.55 ms ±  0.00  (1 rows)

--- Q22 ---
  ematix-flow   222.14 ms ±  0.00  (7 rows)

--- Q02 ---
  ematix-flow    97.26 ms ±  0.00  (4667 rows)

--- Q03 ---
  ematix-flow  1236.07 ms ±  0.00  (114003 rows)

--- Q21 ---
  ematix-flow  2013.55 ms ±  0.00  (4009 rows)

--- Q11 ---
  ematix-flow   116.98 ms ±  0.00  (8685 rows)

--- Q19 ---
  ematix-flow  1020.75 ms ±  0.00  (1 rows)

--- Q12 ---
  ematix-flow  1238.43 ms ±  0.00  (2 rows)

--- Q05 ---
  ematix-flow  1861.55 ms ±  0.00  (5 rows)

--- Q07 ---
  ematix-flow  1312.41 ms ±  0.00  (4 rows)

--- Q01 ---
  ematix-flow  3019.93 ms ±  0.00  (4 rows)

--- Q18 ---
  ematix-flow  3059.71 ms ±  0.00  (624 rows)

--- Q13 ---
  ematix-flow  1302.50 ms ±  0.00  (46 rows)

--- Q20 ---
  ematix-flow  1329.43 ms ±  0.00  (1804 rows)

--- Q04 ---
  ematix-flow   602.38 ms ±  0.00  (5 rows)

--- Q16 ---
  ematix-flow   361.07 ms ±  0.00  (27840 rows)

wrote bench-results/sched-arc-2026-07-03/sf10-final/ematix/s100/batch-1/stream-64.md
