=== TPC-H 22 triangulation bench ===
    data:    /Users/ryanevans/RustroverProjects/ematix-flow/examples/tpch/data/sf10
    queries: 22 ([4, 16, 21, 5, 1, 14, 12, 19, 2, 3, 10, 11, 8, 9, 13, 6, 7, 17, 20, 22, 18, 15])
    trials:  1 (after 0 warmups)
    output:  bench-results/sched-arc-2026-07-03/sf10-final/ematix/s100/batch-1/stream-11.md

    NOTE: single-invocation output is SMOKE-GRADE only. For win/loss
    claims use scripts/bench/strict_22q.sh / strict_ab.sh /
    strict_throughput.sh (see scripts/bench/README.md).

--- Q04 ---
  ematix-flow   783.77 ms ±  0.00  (5 rows)

--- Q16 ---
  ematix-flow   371.34 ms ±  0.00  (27840 rows)

--- Q21 ---
  ematix-flow  2315.41 ms ±  0.00  (4009 rows)

--- Q05 ---
  ematix-flow  2052.14 ms ±  0.00  (5 rows)

--- Q01 ---
  ematix-flow  3104.41 ms ±  0.00  (4 rows)

--- Q14 ---
  ematix-flow   459.19 ms ±  0.00  (1 rows)

--- Q12 ---
  ematix-flow  1104.26 ms ±  0.00  (2 rows)

--- Q19 ---
  ematix-flow  1028.40 ms ±  0.00  (1 rows)

--- Q02 ---
  ematix-flow   102.84 ms ±  0.00  (4667 rows)

--- Q03 ---
  ematix-flow  1268.74 ms ±  0.00  (114003 rows)

--- Q10 ---
  ematix-flow  2187.41 ms ±  0.00  (381105 rows)

--- Q11 ---
  ematix-flow    88.68 ms ±  0.00  (8685 rows)

--- Q08 ---
  ematix-flow  1694.43 ms ±  0.00  (2 rows)

--- Q09 ---
  ematix-flow  3058.72 ms ±  0.00  (175 rows)

--- Q13 ---
  ematix-flow  1328.70 ms ±  0.00  (46 rows)

--- Q06 ---
  ematix-flow   217.50 ms ±  0.00  (1 rows)

--- Q07 ---
  ematix-flow  1293.46 ms ±  0.00  (4 rows)

--- Q17 ---
  ematix-flow   482.93 ms ±  0.00  (1 rows)

--- Q20 ---
  ematix-flow  1294.66 ms ±  0.00  (1804 rows)

--- Q22 ---
  ematix-flow   255.48 ms ±  0.00  (7 rows)

--- Q18 ---
  ematix-flow  3830.83 ms ±  0.00  (624 rows)

--- Q15 ---
  ematix-flow   684.08 ms ±  0.00  (1 rows)

wrote bench-results/sched-arc-2026-07-03/sf10-final/ematix/s100/batch-1/stream-11.md
