=== TPC-H 22 triangulation bench ===
    data:    /Users/ryanevans/RustroverProjects/ematix-flow/examples/tpch/data/sf10
    queries: 22 ([15, 22, 9, 5, 12, 20, 10, 14, 19, 4, 18, 3, 11, 13, 16, 21, 8, 6, 2, 17, 1, 7])
    trials:  1 (after 0 warmups)
    output:  bench-results/sched-arc-2026-07-03/sf10-final/ematix/s100/batch-1/stream-15.md

    NOTE: single-invocation output is SMOKE-GRADE only. For win/loss
    claims use scripts/bench/strict_22q.sh / strict_ab.sh /
    strict_throughput.sh (see scripts/bench/README.md).

--- Q15 ---
  ematix-flow   945.99 ms ±  0.00  (1 rows)

--- Q22 ---
  ematix-flow   258.20 ms ±  0.00  (7 rows)

--- Q09 ---
  ematix-flow  2952.10 ms ±  0.00  (175 rows)

--- Q05 ---
  ematix-flow  1840.01 ms ±  0.00  (5 rows)

--- Q12 ---
  ematix-flow  1029.10 ms ±  0.00  (2 rows)

--- Q20 ---
  ematix-flow  1570.16 ms ±  0.00  (1804 rows)

--- Q10 ---
  ematix-flow  2141.67 ms ±  0.00  (381105 rows)

--- Q14 ---
  ematix-flow   624.30 ms ±  0.00  (1 rows)

--- Q19 ---
  ematix-flow   951.20 ms ±  0.00  (1 rows)

--- Q04 ---
  ematix-flow   546.31 ms ±  0.00  (5 rows)

--- Q18 ---
  ematix-flow  2876.27 ms ±  0.00  (624 rows)

--- Q03 ---
  ematix-flow  1476.66 ms ±  0.00  (114003 rows)

--- Q11 ---
  ematix-flow   132.82 ms ±  0.00  (8685 rows)

--- Q13 ---
  ematix-flow  1259.55 ms ±  0.00  (46 rows)

--- Q16 ---
  ematix-flow   428.95 ms ±  0.00  (27840 rows)

--- Q21 ---
  ematix-flow  2240.88 ms ±  0.00  (4009 rows)

--- Q08 ---
  ematix-flow  2378.40 ms ±  0.00  (2 rows)

--- Q06 ---
  ematix-flow   344.36 ms ±  0.00  (1 rows)

--- Q02 ---
  ematix-flow   146.66 ms ±  0.00  (4667 rows)

--- Q17 ---
  ematix-flow   976.97 ms ±  0.00  (1 rows)

--- Q01 ---
  ematix-flow  3834.93 ms ±  0.00  (4 rows)

--- Q07 ---
  ematix-flow  1538.45 ms ±  0.00  (4 rows)

wrote bench-results/sched-arc-2026-07-03/sf10-final/ematix/s100/batch-1/stream-15.md
