=== TPC-H 22 triangulation bench ===
    data:    /Users/ryanevans/RustroverProjects/ematix-flow/examples/tpch/data/sf10
    queries: 22 ([3, 11, 14, 20, 18, 22, 17, 13, 6, 7, 9, 1, 16, 8, 21, 19, 4, 12, 15, 5, 10, 2])
    trials:  1 (after 0 warmups)
    output:  bench-results/sched-arc-2026-07-03/sf10-final/ematix/s100/batch-1/stream-43.md

    NOTE: single-invocation output is SMOKE-GRADE only. For win/loss
    claims use scripts/bench/strict_22q.sh / strict_ab.sh /
    strict_throughput.sh (see scripts/bench/README.md).

--- Q03 ---
  ematix-flow  1192.24 ms ±  0.00  (114003 rows)

--- Q11 ---
  ematix-flow    93.67 ms ±  0.00  (8685 rows)

--- Q14 ---
  ematix-flow   572.22 ms ±  0.00  (1 rows)

--- Q20 ---
  ematix-flow  1476.67 ms ±  0.00  (1804 rows)

--- Q18 ---
  ematix-flow  2596.23 ms ±  0.00  (624 rows)

--- Q22 ---
  ematix-flow   287.34 ms ±  0.00  (7 rows)

--- Q17 ---
  ematix-flow   564.96 ms ±  0.00  (1 rows)

--- Q13 ---
  ematix-flow  1316.71 ms ±  0.00  (46 rows)

--- Q06 ---
  ematix-flow   161.92 ms ±  0.00  (1 rows)

--- Q07 ---
  ematix-flow  1577.84 ms ±  0.00  (4 rows)

--- Q09 ---
  ematix-flow  2528.90 ms ±  0.00  (175 rows)

--- Q01 ---
  ematix-flow  2632.75 ms ±  0.00  (4 rows)

--- Q16 ---
  ematix-flow   281.06 ms ±  0.00  (27840 rows)

--- Q08 ---
  ematix-flow  1931.14 ms ±  0.00  (2 rows)

--- Q21 ---
  ematix-flow  2871.68 ms ±  0.00  (4009 rows)

--- Q19 ---
  ematix-flow  1013.09 ms ±  0.00  (1 rows)

--- Q04 ---
  ematix-flow   725.41 ms ±  0.00  (5 rows)

--- Q12 ---
  ematix-flow  1222.44 ms ±  0.00  (2 rows)

--- Q15 ---
  ematix-flow   696.36 ms ±  0.00  (1 rows)

--- Q05 ---
  ematix-flow  1703.26 ms ±  0.00  (5 rows)

--- Q10 ---
  ematix-flow  2426.77 ms ±  0.00  (381105 rows)

--- Q02 ---
  ematix-flow    91.45 ms ±  0.00  (4667 rows)

wrote bench-results/sched-arc-2026-07-03/sf10-final/ematix/s100/batch-1/stream-43.md
