=== TPC-H 22 triangulation bench ===
    data:    /Users/ryanevans/RustroverProjects/ematix-flow/examples/tpch/data/sf10
    queries: 22 ([13, 5, 9, 8, 1, 14, 2, 7, 4, 21, 22, 16, 11, 15, 17, 10, 19, 18, 12, 6, 20, 3])
    trials:  1 (after 0 warmups)
    output:  bench-results/sched-arc-2026-07-03/sf10-final/ematix/s100/batch-1/stream-72.md

    NOTE: single-invocation output is SMOKE-GRADE only. For win/loss
    claims use scripts/bench/strict_22q.sh / strict_ab.sh /
    strict_throughput.sh (see scripts/bench/README.md).

--- Q13 ---
  ematix-flow  1151.04 ms ±  0.00  (46 rows)

--- Q05 ---
  ematix-flow  1687.61 ms ±  0.00  (5 rows)

--- Q09 ---
  ematix-flow  2262.49 ms ±  0.00  (175 rows)

--- Q08 ---
  ematix-flow  1956.10 ms ±  0.00  (2 rows)

--- Q01 ---
  ematix-flow  2700.05 ms ±  0.00  (4 rows)

--- Q14 ---
  ematix-flow   522.75 ms ±  0.00  (1 rows)

--- Q02 ---
  ematix-flow   155.70 ms ±  0.00  (4667 rows)

--- Q07 ---
  ematix-flow  1797.16 ms ±  0.00  (4 rows)

--- Q04 ---
  ematix-flow   864.52 ms ±  0.00  (5 rows)

--- Q21 ---
  ematix-flow  2014.66 ms ±  0.00  (4009 rows)

--- Q22 ---
  ematix-flow   431.07 ms ±  0.00  (7 rows)

--- Q16 ---
  ematix-flow   335.44 ms ±  0.00  (27840 rows)

--- Q11 ---
  ematix-flow   175.97 ms ±  0.00  (8685 rows)

--- Q15 ---
  ematix-flow   814.71 ms ±  0.00  (1 rows)

--- Q17 ---
  ematix-flow   528.04 ms ±  0.00  (1 rows)

--- Q10 ---
  ematix-flow  2075.44 ms ±  0.00  (381105 rows)

--- Q19 ---
  ematix-flow   866.41 ms ±  0.00  (1 rows)

--- Q18 ---
  ematix-flow  2411.55 ms ±  0.00  (624 rows)

--- Q12 ---
  ematix-flow  1084.75 ms ±  0.00  (2 rows)

--- Q06 ---
  ematix-flow   424.84 ms ±  0.00  (1 rows)

--- Q20 ---
  ematix-flow  1306.17 ms ±  0.00  (1804 rows)

--- Q03 ---
  ematix-flow  1448.83 ms ±  0.00  (114003 rows)

wrote bench-results/sched-arc-2026-07-03/sf10-final/ematix/s100/batch-1/stream-72.md
