=== TPC-H 22 triangulation bench ===
    data:    /Users/ryanevans/RustroverProjects/ematix-flow/examples/tpch/data/sf10
    queries: 22 ([15, 1, 13, 14, 18, 4, 20, 16, 21, 9, 8, 11, 12, 17, 2, 19, 6, 22, 10, 5, 7, 3])
    trials:  1 (after 0 warmups)
    output:  bench-results/sched-arc-2026-07-03/sf10-final/ematix/s100/batch-1/stream-55.md

    NOTE: single-invocation output is SMOKE-GRADE only. For win/loss
    claims use scripts/bench/strict_22q.sh / strict_ab.sh /
    strict_throughput.sh (see scripts/bench/README.md).

--- Q15 ---
  ematix-flow   754.51 ms ±  0.00  (1 rows)

--- Q01 ---
  ematix-flow  2961.20 ms ±  0.00  (4 rows)

--- Q13 ---
  ematix-flow  1143.59 ms ±  0.00  (46 rows)

--- Q14 ---
  ematix-flow   504.06 ms ±  0.00  (1 rows)

--- Q18 ---
  ematix-flow  2527.63 ms ±  0.00  (624 rows)

--- Q04 ---
  ematix-flow   517.84 ms ±  0.00  (5 rows)

--- Q20 ---
  ematix-flow  1562.69 ms ±  0.00  (1804 rows)

--- Q16 ---
  ematix-flow   398.67 ms ±  0.00  (27840 rows)

--- Q21 ---
  ematix-flow  2311.00 ms ±  0.00  (4009 rows)

--- Q09 ---
  ematix-flow  2822.44 ms ±  0.00  (175 rows)

--- Q08 ---
  ematix-flow  2108.43 ms ±  0.00  (2 rows)

--- Q11 ---
  ematix-flow   124.67 ms ±  0.00  (8685 rows)

--- Q12 ---
  ematix-flow  1290.30 ms ±  0.00  (2 rows)

--- Q17 ---
  ematix-flow   778.25 ms ±  0.00  (1 rows)

--- Q02 ---
  ematix-flow   128.26 ms ±  0.00  (4667 rows)

--- Q19 ---
  ematix-flow   954.93 ms ±  0.00  (1 rows)

--- Q06 ---
  ematix-flow   149.26 ms ±  0.00  (1 rows)

--- Q22 ---
  ematix-flow   260.05 ms ±  0.00  (7 rows)

--- Q10 ---
  ematix-flow  2414.03 ms ±  0.00  (381105 rows)

--- Q05 ---
  ematix-flow  1576.78 ms ±  0.00  (5 rows)

--- Q07 ---
  ematix-flow  1229.93 ms ±  0.00  (4 rows)

--- Q03 ---
  ematix-flow  1211.43 ms ±  0.00  (114003 rows)

wrote bench-results/sched-arc-2026-07-03/sf10-final/ematix/s100/batch-1/stream-55.md
