=== TPC-H 22 triangulation bench ===
    data:    /Users/ryanevans/RustroverProjects/ematix-flow/examples/tpch/data/sf10
    queries: 22 ([1, 2, 3, 17, 5, 14, 12, 19, 9, 18, 21, 10, 6, 16, 13, 15, 8, 22, 11, 4, 20, 7])
    trials:  1 (after 0 warmups)
    output:  bench-results/sched-arc-2026-07-03/sf10-final/ematix/s100/batch-1/stream-85.md

    NOTE: single-invocation output is SMOKE-GRADE only. For win/loss
    claims use scripts/bench/strict_22q.sh / strict_ab.sh /
    strict_throughput.sh (see scripts/bench/README.md).

--- Q01 ---
  ematix-flow  3062.31 ms ±  0.00  (4 rows)

--- Q02 ---
  ematix-flow   106.05 ms ±  0.00  (4667 rows)

--- Q03 ---
  ematix-flow  1349.92 ms ±  0.00  (114003 rows)

--- Q17 ---
  ematix-flow   494.65 ms ±  0.00  (1 rows)

--- Q05 ---
  ematix-flow  1691.55 ms ±  0.00  (5 rows)

--- Q14 ---
  ematix-flow   521.82 ms ±  0.00  (1 rows)

--- Q12 ---
  ematix-flow  1021.36 ms ±  0.00  (2 rows)

--- Q19 ---
  ematix-flow   900.50 ms ±  0.00  (1 rows)

--- Q09 ---
  ematix-flow  2779.84 ms ±  0.00  (175 rows)

--- Q18 ---
  ematix-flow  3147.40 ms ±  0.00  (624 rows)

--- Q21 ---
  ematix-flow  2505.21 ms ±  0.00  (4009 rows)

--- Q10 ---
  ematix-flow  2437.36 ms ±  0.00  (381105 rows)

--- Q06 ---
  ematix-flow   282.15 ms ±  0.00  (1 rows)

--- Q16 ---
  ematix-flow   377.00 ms ±  0.00  (27840 rows)

--- Q13 ---
  ematix-flow  1311.32 ms ±  0.00  (46 rows)

--- Q15 ---
  ematix-flow   706.55 ms ±  0.00  (1 rows)

--- Q08 ---
  ematix-flow  1958.80 ms ±  0.00  (2 rows)

--- Q22 ---
  ematix-flow   230.34 ms ±  0.00  (7 rows)

--- Q11 ---
  ematix-flow   116.71 ms ±  0.00  (8685 rows)

--- Q04 ---
  ematix-flow   953.85 ms ±  0.00  (5 rows)

--- Q20 ---
  ematix-flow  1375.73 ms ±  0.00  (1804 rows)

--- Q07 ---
  ematix-flow  1306.62 ms ±  0.00  (4 rows)

wrote bench-results/sched-arc-2026-07-03/sf10-final/ematix/s100/batch-1/stream-85.md
