=== TPC-H 22 triangulation bench ===
    data:    /Users/ryanevans/RustroverProjects/ematix-flow/examples/tpch/data/sf10
    queries: 22 ([12, 8, 14, 3, 15, 6, 16, 22, 13, 10, 19, 18, 4, 2, 21, 7, 5, 9, 1, 20, 17, 11])
    trials:  1 (after 0 warmups)
    output:  bench-results/sched-arc-2026-07-03/sf10-final/ematix/s100/batch-1/stream-71.md

    NOTE: single-invocation output is SMOKE-GRADE only. For win/loss
    claims use scripts/bench/strict_22q.sh / strict_ab.sh /
    strict_throughput.sh (see scripts/bench/README.md).

--- Q12 ---
  ematix-flow  1076.99 ms ±  0.00  (2 rows)

--- Q08 ---
  ematix-flow  1936.31 ms ±  0.00  (2 rows)

--- Q14 ---
  ematix-flow   506.15 ms ±  0.00  (1 rows)

--- Q03 ---
  ematix-flow  1207.18 ms ±  0.00  (114003 rows)

--- Q15 ---
  ematix-flow   672.95 ms ±  0.00  (1 rows)

--- Q06 ---
  ematix-flow   186.73 ms ±  0.00  (1 rows)

--- Q16 ---
  ematix-flow   247.63 ms ±  0.00  (27840 rows)

--- Q22 ---
  ematix-flow   217.03 ms ±  0.00  (7 rows)

--- Q13 ---
  ematix-flow   977.70 ms ±  0.00  (46 rows)

--- Q10 ---
  ematix-flow  2132.84 ms ±  0.00  (381105 rows)

--- Q19 ---
  ematix-flow   852.13 ms ±  0.00  (1 rows)

--- Q18 ---
  ematix-flow  2739.49 ms ±  0.00  (624 rows)

--- Q04 ---
  ematix-flow   564.64 ms ±  0.00  (5 rows)

--- Q02 ---
  ematix-flow   170.17 ms ±  0.00  (4667 rows)

--- Q21 ---
  ematix-flow  2121.15 ms ±  0.00  (4009 rows)

--- Q07 ---
  ematix-flow  1605.18 ms ±  0.00  (4 rows)

--- Q05 ---
  ematix-flow  1728.74 ms ±  0.00  (5 rows)

--- Q09 ---
  ematix-flow  2641.60 ms ±  0.00  (175 rows)

--- Q01 ---
  ematix-flow  2496.67 ms ±  0.00  (4 rows)

--- Q20 ---
  ematix-flow  1548.31 ms ±  0.00  (1804 rows)

--- Q17 ---
  ematix-flow   609.51 ms ±  0.00  (1 rows)

--- Q11 ---
  ematix-flow   116.64 ms ±  0.00  (8685 rows)

wrote bench-results/sched-arc-2026-07-03/sf10-final/ematix/s100/batch-1/stream-71.md
