=== TPC-H 22 triangulation bench ===
    data:    /Users/ryanevans/RustroverProjects/ematix-flow/examples/tpch/data/sf10
    queries: 22 ([21, 14, 13, 22, 7, 18, 4, 20, 17, 15, 6, 12, 8, 10, 11, 5, 1, 2, 9, 16, 3, 19])
    trials:  1 (after 0 warmups)
    output:  bench-results/sched-arc-2026-07-03/sf10-final/ematix/s100/batch-1/stream-6.md

    NOTE: single-invocation output is SMOKE-GRADE only. For win/loss
    claims use scripts/bench/strict_22q.sh / strict_ab.sh /
    strict_throughput.sh (see scripts/bench/README.md).

--- Q21 ---
  ematix-flow  2399.49 ms ±  0.00  (4009 rows)

--- Q14 ---
  ematix-flow   654.74 ms ±  0.00  (1 rows)

--- Q13 ---
  ematix-flow  1236.65 ms ±  0.00  (46 rows)

--- Q22 ---
  ematix-flow   270.21 ms ±  0.00  (7 rows)

--- Q07 ---
  ematix-flow  1488.30 ms ±  0.00  (4 rows)

--- Q18 ---
  ematix-flow  3258.39 ms ±  0.00  (624 rows)

--- Q04 ---
  ematix-flow   642.40 ms ±  0.00  (5 rows)

--- Q20 ---
  ematix-flow  1696.90 ms ±  0.00  (1804 rows)

--- Q17 ---
  ematix-flow   613.96 ms ±  0.00  (1 rows)

--- Q15 ---
  ematix-flow   816.53 ms ±  0.00  (1 rows)

--- Q06 ---
  ematix-flow   138.82 ms ±  0.00  (1 rows)

--- Q12 ---
  ematix-flow  1173.00 ms ±  0.00  (2 rows)

--- Q08 ---
  ematix-flow  2070.60 ms ±  0.00  (2 rows)

--- Q10 ---
  ematix-flow  2247.74 ms ±  0.00  (381105 rows)

--- Q11 ---
  ematix-flow   146.06 ms ±  0.00  (8685 rows)

--- Q05 ---
  ematix-flow  1788.32 ms ±  0.00  (5 rows)

--- Q01 ---
  ematix-flow  3083.03 ms ±  0.00  (4 rows)

--- Q02 ---
  ematix-flow   169.99 ms ±  0.00  (4667 rows)

--- Q09 ---
  ematix-flow  3141.13 ms ±  0.00  (175 rows)

--- Q16 ---
  ematix-flow   448.44 ms ±  0.00  (27840 rows)

--- Q03 ---
  ematix-flow  1419.51 ms ±  0.00  (114003 rows)

--- Q19 ---
  ematix-flow   961.93 ms ±  0.00  (1 rows)

wrote bench-results/sched-arc-2026-07-03/sf10-final/ematix/s100/batch-1/stream-6.md
