=== TPC-H 22 triangulation bench ===
    data:    /Users/ryanevans/RustroverProjects/ematix-flow/examples/tpch/data/sf10
    queries: 22 ([15, 8, 6, 18, 3, 12, 14, 4, 11, 22, 17, 20, 19, 5, 21, 9, 2, 16, 10, 7, 1, 13])
    trials:  1 (after 0 warmups)
    output:  bench-results/sched-arc-2026-07-03/sf10-final/ematix/s100/batch-1/stream-25.md

    NOTE: single-invocation output is SMOKE-GRADE only. For win/loss
    claims use scripts/bench/strict_22q.sh / strict_ab.sh /
    strict_throughput.sh (see scripts/bench/README.md).

--- Q15 ---
  ematix-flow   740.32 ms ±  0.00  (1 rows)

--- Q08 ---
  ematix-flow  2325.00 ms ±  0.00  (2 rows)

--- Q06 ---
  ematix-flow   148.35 ms ±  0.00  (1 rows)

--- Q18 ---
  ematix-flow  2734.16 ms ±  0.00  (624 rows)

--- Q03 ---
  ematix-flow  1408.59 ms ±  0.00  (114003 rows)

--- Q12 ---
  ematix-flow  1381.27 ms ±  0.00  (2 rows)

--- Q14 ---
  ematix-flow   680.86 ms ±  0.00  (1 rows)

--- Q04 ---
  ematix-flow   676.81 ms ±  0.00  (5 rows)

--- Q11 ---
  ematix-flow   123.32 ms ±  0.00  (8685 rows)

--- Q22 ---
  ematix-flow   386.12 ms ±  0.00  (7 rows)

--- Q17 ---
  ematix-flow   685.27 ms ±  0.00  (1 rows)

--- Q20 ---
  ematix-flow  1332.89 ms ±  0.00  (1804 rows)

--- Q19 ---
  ematix-flow  1001.36 ms ±  0.00  (1 rows)

--- Q05 ---
  ematix-flow  2167.45 ms ±  0.00  (5 rows)

--- Q21 ---
  ematix-flow  2720.88 ms ±  0.00  (4009 rows)

--- Q09 ---
  ematix-flow  3166.76 ms ±  0.00  (175 rows)

--- Q02 ---
  ematix-flow   106.76 ms ±  0.00  (4667 rows)

--- Q16 ---
  ematix-flow   412.80 ms ±  0.00  (27840 rows)

--- Q10 ---
  ematix-flow  2148.45 ms ±  0.00  (381105 rows)

--- Q07 ---
  ematix-flow  1457.08 ms ±  0.00  (4 rows)

--- Q01 ---
  ematix-flow  2799.72 ms ±  0.00  (4 rows)

--- Q13 ---
  ematix-flow  1030.93 ms ±  0.00  (46 rows)

wrote bench-results/sched-arc-2026-07-03/sf10-final/ematix/s100/batch-1/stream-25.md
