=== TPC-H 22 triangulation bench ===
    data:    /Users/ryanevans/RustroverProjects/ematix-flow/examples/tpch/data/sf10
    queries: 22 ([13, 22, 4, 10, 3, 11, 21, 9, 8, 17, 16, 6, 5, 20, 15, 18, 19, 1, 2, 12, 14, 7])
    trials:  1 (after 0 warmups)
    output:  /Users/ryanevans/RustroverProjects/ematix-flow/bench-results/campaign-2026-07-01/tput-sf10/ematix/s100/batch-1/stream-97.md

    NOTE: single-invocation output is SMOKE-GRADE only. For win/loss
    claims use scripts/bench/strict_22q.sh / strict_ab.sh /
    strict_throughput.sh (see scripts/bench/README.md).

--- Q13 ---
  ematix-flow  2013.39 ms ±  0.00  (46 rows)

--- Q22 ---
  ematix-flow   581.48 ms ±  0.00  (7 rows)

--- Q04 ---
  ematix-flow   975.11 ms ±  0.00  (5 rows)

--- Q10 ---
  ematix-flow  2453.86 ms ±  0.00  (381105 rows)

--- Q03 ---
  ematix-flow  2559.75 ms ±  0.00  (114003 rows)

--- Q11 ---
  ematix-flow  1572.03 ms ±  0.00  (8685 rows)

--- Q21 ---
  ematix-flow  12128.26 ms ±  0.00  (4009 rows)

--- Q09 ---
  ematix-flow  12142.18 ms ±  0.00  (175 rows)

--- Q08 ---
  ematix-flow  4505.89 ms ±  0.00  (2 rows)

--- Q17 ---
  ematix-flow   754.94 ms ±  0.00  (1 rows)

--- Q16 ---
  ematix-flow  1702.29 ms ±  0.00  (27840 rows)

--- Q06 ---
  ematix-flow   591.02 ms ±  0.00  (1 rows)

--- Q05 ---
  ematix-flow  3669.36 ms ±  0.00  (5 rows)

--- Q20 ---
  ematix-flow  2256.63 ms ±  0.00  (1804 rows)

--- Q15 ---
  ematix-flow   531.97 ms ±  0.00  (1 rows)

--- Q18 ---
  ematix-flow  3001.45 ms ±  0.00  (624 rows)

--- Q19 ---
  ematix-flow   690.70 ms ±  0.00  (1 rows)

--- Q01 ---
  ematix-flow  1809.25 ms ±  0.00  (4 rows)

--- Q02 ---
  ematix-flow   187.43 ms ±  0.00  (4667 rows)

--- Q12 ---
  ematix-flow   292.58 ms ±  0.00  (2 rows)

--- Q14 ---
  ematix-flow   122.63 ms ±  0.00  (1 rows)

--- Q07 ---
  ematix-flow   452.40 ms ±  0.00  (4 rows)

wrote /Users/ryanevans/RustroverProjects/ematix-flow/bench-results/campaign-2026-07-01/tput-sf10/ematix/s100/batch-1/stream-97.md
