=== TPC-H 22 triangulation bench ===
    data:    /Users/ryanevans/RustroverProjects/ematix-flow/examples/tpch/data/sf10
    queries: 22 ([10, 8, 6, 15, 17, 9, 14, 22, 2, 3, 21, 11, 19, 12, 5, 7, 1, 18, 13, 20, 4, 16])
    trials:  1 (after 0 warmups)
    output:  /Users/ryanevans/RustroverProjects/ematix-flow/bench-results/campaign-2026-07-01/tput-sf10/ematix/s100/batch-1/stream-64.md

    NOTE: single-invocation output is SMOKE-GRADE only. For win/loss
    claims use scripts/bench/strict_22q.sh / strict_ab.sh /
    strict_throughput.sh (see scripts/bench/README.md).

--- Q10 ---
  ematix-flow  1678.15 ms ±  0.00  (381105 rows)

--- Q08 ---
  ematix-flow  2053.62 ms ±  0.00  (2 rows)

--- Q06 ---
  ematix-flow   920.17 ms ±  0.00  (1 rows)

--- Q15 ---
  ematix-flow   315.49 ms ±  0.00  (1 rows)

--- Q17 ---
  ematix-flow   996.86 ms ±  0.00  (1 rows)

--- Q09 ---
  ematix-flow  5750.15 ms ±  0.00  (175 rows)

--- Q14 ---
  ematix-flow   722.17 ms ±  0.00  (1 rows)

--- Q22 ---
  ematix-flow  1069.43 ms ±  0.00  (7 rows)

--- Q02 ---
  ematix-flow   407.58 ms ±  0.00  (4667 rows)

--- Q03 ---
  ematix-flow  4002.17 ms ±  0.00  (114003 rows)

--- Q21 ---
  ematix-flow  8202.57 ms ±  0.00  (4009 rows)

--- Q11 ---
  ematix-flow  1739.51 ms ±  0.00  (8685 rows)

--- Q19 ---
  ematix-flow   893.19 ms ±  0.00  (1 rows)

--- Q12 ---
  ematix-flow  1584.88 ms ±  0.00  (2 rows)

--- Q05 ---
  ematix-flow  8786.35 ms ±  0.00  (5 rows)

--- Q07 ---
  ematix-flow  4524.79 ms ±  0.00  (4 rows)

--- Q01 ---
  ematix-flow  4775.44 ms ±  0.00  (4 rows)

--- Q18 ---
  ematix-flow  6968.98 ms ±  0.00  (624 rows)

--- Q13 ---
  ematix-flow  4448.75 ms ±  0.00  (46 rows)

--- Q20 ---
  ematix-flow  2416.94 ms ±  0.00  (1804 rows)

--- Q04 ---
  ematix-flow  1530.55 ms ±  0.00  (5 rows)

--- Q16 ---
  ematix-flow  2272.92 ms ±  0.00  (27840 rows)

wrote /Users/ryanevans/RustroverProjects/ematix-flow/bench-results/campaign-2026-07-01/tput-sf10/ematix/s100/batch-1/stream-64.md
