=== TPC-H 22 triangulation bench ===
    data:    /Users/ryanevans/RustroverProjects/ematix-flow/examples/tpch/data/sf10
    queries: 22 ([5, 16, 18, 19, 3, 15, 2, 20, 21, 4, 1, 17, 12, 14, 7, 9, 10, 22, 6, 8, 11, 13])
    trials:  1 (after 0 warmups)
    output:  /Users/ryanevans/RustroverProjects/ematix-flow/bench-results/campaign-2026-07-01/tput-sf10/ematix/s100/batch-1/stream-41.md

    NOTE: single-invocation output is SMOKE-GRADE only. For win/loss
    claims use scripts/bench/strict_22q.sh / strict_ab.sh /
    strict_throughput.sh (see scripts/bench/README.md).

--- Q05 ---
  ematix-flow  4138.16 ms ±  0.00  (5 rows)

--- Q16 ---
  ematix-flow  1107.46 ms ±  0.00  (27840 rows)

--- Q18 ---
  ematix-flow  5827.21 ms ±  0.00  (624 rows)

--- Q19 ---
  ematix-flow   810.78 ms ±  0.00  (1 rows)

--- Q03 ---
  ematix-flow  2551.24 ms ±  0.00  (114003 rows)

--- Q15 ---
  ematix-flow   633.73 ms ±  0.00  (1 rows)

--- Q02 ---
  ematix-flow  1347.94 ms ±  0.00  (4667 rows)

--- Q20 ---
  ematix-flow  1923.17 ms ±  0.00  (1804 rows)

--- Q21 ---
  ematix-flow  11786.56 ms ±  0.00  (4009 rows)

--- Q04 ---
  ematix-flow  1617.92 ms ±  0.00  (5 rows)

--- Q01 ---
  ematix-flow  6000.94 ms ±  0.00  (4 rows)

--- Q17 ---
  ematix-flow  2392.17 ms ±  0.00  (1 rows)

--- Q12 ---
  ematix-flow   537.09 ms ±  0.00  (2 rows)

--- Q14 ---
  ematix-flow   561.18 ms ±  0.00  (1 rows)

--- Q07 ---
  ematix-flow  3424.27 ms ±  0.00  (4 rows)

--- Q09 ---
  ematix-flow  9442.02 ms ±  0.00  (175 rows)

--- Q10 ---
  ematix-flow  5038.03 ms ±  0.00  (381105 rows)

--- Q22 ---
  ematix-flow   519.96 ms ±  0.00  (7 rows)

--- Q06 ---
  ematix-flow  2862.17 ms ±  0.00  (1 rows)

--- Q08 ---
  ematix-flow  3778.09 ms ±  0.00  (2 rows)

--- Q11 ---
  ematix-flow   428.46 ms ±  0.00  (8685 rows)

--- Q13 ---
  ematix-flow  4562.36 ms ±  0.00  (46 rows)

wrote /Users/ryanevans/RustroverProjects/ematix-flow/bench-results/campaign-2026-07-01/tput-sf10/ematix/s100/batch-1/stream-41.md
