=== TPC-H 22 triangulation bench ===
    data:    /Users/ryanevans/RustroverProjects/ematix-flow/examples/tpch/data/sf10
    queries: 22 ([1, 12, 20, 22, 3, 13, 5, 2, 4, 7, 11, 6, 16, 18, 9, 19, 15, 8, 17, 21, 10, 14])
    trials:  1 (after 0 warmups)
    output:  /Users/ryanevans/RustroverProjects/ematix-flow/bench-results/campaign-2026-07-01/tput-sf10/ematix/s100/batch-1/stream-65.md

    NOTE: single-invocation output is SMOKE-GRADE only. For win/loss
    claims use scripts/bench/strict_22q.sh / strict_ab.sh /
    strict_throughput.sh (see scripts/bench/README.md).

--- Q01 ---
  ematix-flow  1959.87 ms ±  0.00  (4 rows)

--- Q12 ---
  ematix-flow  1538.94 ms ±  0.00  (2 rows)

--- Q20 ---
  ematix-flow  2562.69 ms ±  0.00  (1804 rows)

--- Q22 ---
  ematix-flow   306.57 ms ±  0.00  (7 rows)

--- Q03 ---
  ematix-flow  3511.65 ms ±  0.00  (114003 rows)

--- Q13 ---
  ematix-flow  3922.17 ms ±  0.00  (46 rows)

--- Q05 ---
  ematix-flow  6568.10 ms ±  0.00  (5 rows)

--- Q02 ---
  ematix-flow   944.21 ms ±  0.00  (4667 rows)

--- Q04 ---
  ematix-flow  1989.43 ms ±  0.00  (5 rows)

--- Q07 ---
  ematix-flow  2497.56 ms ±  0.00  (4 rows)

--- Q11 ---
  ematix-flow   215.67 ms ±  0.00  (8685 rows)

--- Q06 ---
  ematix-flow  1475.48 ms ±  0.00  (1 rows)

--- Q16 ---
  ematix-flow  1304.17 ms ±  0.00  (27840 rows)

--- Q18 ---
  ematix-flow  7788.38 ms ±  0.00  (624 rows)

--- Q09 ---
  ematix-flow  15572.15 ms ±  0.00  (175 rows)

--- Q19 ---
  ematix-flow  1021.59 ms ±  0.00  (1 rows)

--- Q15 ---
  ematix-flow  1195.97 ms ±  0.00  (1 rows)

--- Q08 ---
  ematix-flow  4080.83 ms ±  0.00  (2 rows)

--- Q17 ---
  ematix-flow  2051.63 ms ±  0.00  (1 rows)

--- Q21 ---
  ematix-flow  6046.10 ms ±  0.00  (4009 rows)

--- Q10 ---
  ematix-flow  5796.95 ms ±  0.00  (381105 rows)

--- Q14 ---
  ematix-flow  1036.39 ms ±  0.00  (1 rows)

wrote /Users/ryanevans/RustroverProjects/ematix-flow/bench-results/campaign-2026-07-01/tput-sf10/ematix/s100/batch-1/stream-65.md
