=== TPC-H 22 triangulation bench ===
    data:    /Users/ryanevans/RustroverProjects/ematix-flow/examples/tpch/data/sf10
    queries: 22 ([11, 9, 3, 20, 12, 13, 7, 21, 4, 5, 19, 15, 22, 6, 2, 8, 14, 10, 17, 16, 1, 18])
    trials:  1 (after 0 warmups)
    output:  /Users/ryanevans/RustroverProjects/ematix-flow/bench-results/campaign-2026-07-01/tput-sf10/ematix/s100/batch-1/stream-56.md

    NOTE: single-invocation output is SMOKE-GRADE only. For win/loss
    claims use scripts/bench/strict_22q.sh / strict_ab.sh /
    strict_throughput.sh (see scripts/bench/README.md).

--- Q11 ---
  ematix-flow   114.02 ms ±  0.00  (8685 rows)

--- Q09 ---
  ematix-flow  4782.45 ms ±  0.00  (175 rows)

--- Q03 ---
  ematix-flow  5808.76 ms ±  0.00  (114003 rows)

--- Q20 ---
  ematix-flow  4132.53 ms ±  0.00  (1804 rows)

--- Q12 ---
  ematix-flow   728.58 ms ±  0.00  (2 rows)

--- Q13 ---
  ematix-flow  4173.46 ms ±  0.00  (46 rows)

--- Q07 ---
  ematix-flow  3091.47 ms ±  0.00  (4 rows)

--- Q21 ---
  ematix-flow  9888.88 ms ±  0.00  (4009 rows)

--- Q04 ---
  ematix-flow  2202.16 ms ±  0.00  (5 rows)

--- Q05 ---
  ematix-flow  8241.01 ms ±  0.00  (5 rows)

--- Q19 ---
  ematix-flow  1087.78 ms ±  0.00  (1 rows)

--- Q15 ---
  ematix-flow   775.91 ms ±  0.00  (1 rows)

--- Q22 ---
  ematix-flow   906.22 ms ±  0.00  (7 rows)

--- Q06 ---
  ematix-flow  2442.22 ms ±  0.00  (1 rows)

--- Q02 ---
  ematix-flow   664.77 ms ±  0.00  (4667 rows)

--- Q08 ---
  ematix-flow  2936.30 ms ±  0.00  (2 rows)

--- Q14 ---
  ematix-flow   672.19 ms ±  0.00  (1 rows)

--- Q10 ---
  ematix-flow  9939.66 ms ±  0.00  (381105 rows)

--- Q17 ---
  ematix-flow  2064.66 ms ±  0.00  (1 rows)

--- Q16 ---
  ematix-flow  2285.14 ms ±  0.00  (27840 rows)

--- Q01 ---
  ematix-flow  3452.06 ms ±  0.00  (4 rows)

--- Q18 ---
  ematix-flow  6771.32 ms ±  0.00  (624 rows)

wrote /Users/ryanevans/RustroverProjects/ematix-flow/bench-results/campaign-2026-07-01/tput-sf10/ematix/s100/batch-1/stream-56.md
