=== TPC-H 22 triangulation bench ===
    data:    /Users/ryanevans/RustroverProjects/ematix-flow/examples/tpch/data/sf10
    queries: 22 ([20, 12, 10, 1, 19, 2, 17, 9, 11, 14, 3, 16, 22, 7, 13, 15, 21, 8, 6, 18, 5, 4])
    trials:  1 (after 0 warmups)
    output:  /Users/ryanevans/RustroverProjects/ematix-flow/bench-results/campaign-2026-07-01/tput-sf10/ematix/s100/batch-1/stream-28.md

    NOTE: single-invocation output is SMOKE-GRADE only. For win/loss
    claims use scripts/bench/strict_22q.sh / strict_ab.sh /
    strict_throughput.sh (see scripts/bench/README.md).

--- Q20 ---
  ematix-flow  1001.32 ms ±  0.00  (1804 rows)

--- Q12 ---
  ematix-flow  1597.71 ms ±  0.00  (2 rows)

--- Q10 ---
  ematix-flow  6069.50 ms ±  0.00  (381105 rows)

--- Q01 ---
  ematix-flow  5954.08 ms ±  0.00  (4 rows)

--- Q19 ---
  ematix-flow  1642.48 ms ±  0.00  (1 rows)

--- Q02 ---
  ematix-flow   570.06 ms ±  0.00  (4667 rows)

--- Q17 ---
  ematix-flow  2840.22 ms ±  0.00  (1 rows)

--- Q09 ---
  ematix-flow  10053.20 ms ±  0.00  (175 rows)

--- Q11 ---
  ematix-flow   916.62 ms ±  0.00  (8685 rows)

--- Q14 ---
  ematix-flow   492.43 ms ±  0.00  (1 rows)

--- Q03 ---
  ematix-flow  2936.61 ms ±  0.00  (114003 rows)

--- Q16 ---
  ematix-flow  1585.80 ms ±  0.00  (27840 rows)

--- Q22 ---
  ematix-flow  1646.75 ms ±  0.00  (7 rows)

--- Q07 ---
  ematix-flow  4851.14 ms ±  0.00  (4 rows)

--- Q13 ---
  ematix-flow  5198.15 ms ±  0.00  (46 rows)

--- Q15 ---
  ematix-flow  1406.81 ms ±  0.00  (1 rows)

--- Q21 ---
  ematix-flow  15186.67 ms ±  0.00  (4009 rows)

--- Q08 ---
  ematix-flow  5265.14 ms ±  0.00  (2 rows)

--- Q06 ---
  ematix-flow  1949.19 ms ±  0.00  (1 rows)

--- Q18 ---
  ematix-flow  4558.95 ms ±  0.00  (624 rows)

--- Q05 ---
  ematix-flow  2478.52 ms ±  0.00  (5 rows)

--- Q04 ---
  ematix-flow   610.23 ms ±  0.00  (5 rows)

wrote /Users/ryanevans/RustroverProjects/ematix-flow/bench-results/campaign-2026-07-01/tput-sf10/ematix/s100/batch-1/stream-28.md
