=== TPC-H 22 triangulation bench ===
    data:    /Users/ryanevans/RustroverProjects/ematix-flow/examples/tpch/data/sf10
    queries: 22 ([19, 17, 21, 1, 8, 6, 7, 20, 18, 5, 4, 11, 14, 2, 12, 13, 3, 16, 9, 10, 22, 15])
    trials:  1 (after 0 warmups)
    output:  /Users/ryanevans/RustroverProjects/ematix-flow/bench-results/campaign-2026-07-01/tput-sf10/ematix/s100/batch-1/stream-63.md

    NOTE: single-invocation output is SMOKE-GRADE only. For win/loss
    claims use scripts/bench/strict_22q.sh / strict_ab.sh /
    strict_throughput.sh (see scripts/bench/README.md).

--- Q19 ---
  ematix-flow   662.24 ms ±  0.00  (1 rows)

--- Q17 ---
  ematix-flow  2861.87 ms ±  0.00  (1 rows)

--- Q21 ---
  ematix-flow  4254.57 ms ±  0.00  (4009 rows)

--- Q01 ---
  ematix-flow  2264.54 ms ±  0.00  (4 rows)

--- Q08 ---
  ematix-flow  3249.97 ms ±  0.00  (2 rows)

--- Q06 ---
  ematix-flow  1648.56 ms ±  0.00  (1 rows)

--- Q07 ---
  ematix-flow  2395.55 ms ±  0.00  (4 rows)

--- Q20 ---
  ematix-flow  2530.75 ms ±  0.00  (1804 rows)

--- Q18 ---
  ematix-flow  8755.11 ms ±  0.00  (624 rows)

--- Q05 ---
  ematix-flow  7060.70 ms ±  0.00  (5 rows)

--- Q04 ---
  ematix-flow  1860.51 ms ±  0.00  (5 rows)

--- Q11 ---
  ematix-flow   588.26 ms ±  0.00  (8685 rows)

--- Q14 ---
  ematix-flow   924.03 ms ±  0.00  (1 rows)

--- Q02 ---
  ematix-flow   454.34 ms ±  0.00  (4667 rows)

--- Q12 ---
  ematix-flow   605.27 ms ±  0.00  (2 rows)

--- Q13 ---
  ematix-flow  5403.10 ms ±  0.00  (46 rows)

--- Q03 ---
  ematix-flow  7057.42 ms ±  0.00  (114003 rows)

--- Q16 ---
  ematix-flow  2650.70 ms ±  0.00  (27840 rows)

--- Q09 ---
  ematix-flow  7841.58 ms ±  0.00  (175 rows)

--- Q10 ---
  ematix-flow  2870.22 ms ±  0.00  (381105 rows)

--- Q22 ---
  ematix-flow  1353.01 ms ±  0.00  (7 rows)

--- Q15 ---
  ematix-flow   750.43 ms ±  0.00  (1 rows)

wrote /Users/ryanevans/RustroverProjects/ematix-flow/bench-results/campaign-2026-07-01/tput-sf10/ematix/s100/batch-1/stream-63.md
