=== TPC-H 22 triangulation bench ===
    data:    /Users/ryanevans/RustroverProjects/ematix-flow/examples/tpch/data/sf10
    queries: 22 ([7, 16, 17, 15, 11, 18, 2, 20, 8, 5, 4, 12, 21, 6, 9, 13, 14, 22, 19, 1, 3, 10])
    trials:  1 (after 0 warmups)
    output:  /Users/ryanevans/RustroverProjects/ematix-flow/bench-results/campaign-2026-07-01/tput-sf10/ematix/s100/batch-1/stream-23.md

    NOTE: single-invocation output is SMOKE-GRADE only. For win/loss
    claims use scripts/bench/strict_22q.sh / strict_ab.sh /
    strict_throughput.sh (see scripts/bench/README.md).

--- Q07 ---
  ematix-flow  1641.30 ms ±  0.00  (4 rows)

--- Q16 ---
  ematix-flow   521.63 ms ±  0.00  (27840 rows)

--- Q17 ---
  ematix-flow   780.14 ms ±  0.00  (1 rows)

--- Q15 ---
  ematix-flow   456.98 ms ±  0.00  (1 rows)

--- Q11 ---
  ematix-flow   143.21 ms ±  0.00  (8685 rows)

--- Q18 ---
  ematix-flow  7908.91 ms ±  0.00  (624 rows)

--- Q02 ---
  ematix-flow   762.24 ms ±  0.00  (4667 rows)

--- Q20 ---
  ematix-flow  4496.60 ms ±  0.00  (1804 rows)

--- Q08 ---
  ematix-flow  2999.16 ms ±  0.00  (2 rows)

--- Q05 ---
  ematix-flow  6336.37 ms ±  0.00  (5 rows)

--- Q04 ---
  ematix-flow  1795.37 ms ±  0.00  (5 rows)

--- Q12 ---
  ematix-flow  1670.48 ms ±  0.00  (2 rows)

--- Q21 ---
  ematix-flow  12093.24 ms ±  0.00  (4009 rows)

--- Q06 ---
  ematix-flow  2484.76 ms ±  0.00  (1 rows)

--- Q09 ---
  ematix-flow  9223.25 ms ±  0.00  (175 rows)

--- Q13 ---
  ematix-flow  6293.80 ms ±  0.00  (46 rows)

--- Q14 ---
  ematix-flow   937.01 ms ±  0.00  (1 rows)

--- Q22 ---
  ematix-flow  1679.02 ms ±  0.00  (7 rows)

--- Q19 ---
  ematix-flow  1086.48 ms ±  0.00  (1 rows)

--- Q01 ---
  ematix-flow  4520.66 ms ±  0.00  (4 rows)

--- Q03 ---
  ematix-flow  3992.78 ms ±  0.00  (114003 rows)

--- Q10 ---
  ematix-flow  6238.58 ms ±  0.00  (381105 rows)

wrote /Users/ryanevans/RustroverProjects/ematix-flow/bench-results/campaign-2026-07-01/tput-sf10/ematix/s100/batch-1/stream-23.md
