=== TPC-H 22 triangulation bench ===
    data:    /Users/ryanevans/RustroverProjects/ematix-flow/examples/tpch/data/sf10
    queries: 22 ([8, 15, 10, 21, 1, 11, 18, 17, 2, 13, 16, 4, 6, 7, 14, 19, 22, 12, 5, 9, 20, 3])
    trials:  1 (after 0 warmups)
    output:  /Users/ryanevans/RustroverProjects/ematix-flow/bench-results/campaign-2026-07-01/tput-sf10/ematix/s100/batch-1/stream-89.md

    NOTE: single-invocation output is SMOKE-GRADE only. For win/loss
    claims use scripts/bench/strict_22q.sh / strict_ab.sh /
    strict_throughput.sh (see scripts/bench/README.md).

--- Q08 ---
  ematix-flow  2041.12 ms ±  0.00  (2 rows)

--- Q15 ---
  ematix-flow   556.03 ms ±  0.00  (1 rows)

--- Q10 ---
  ematix-flow  3051.60 ms ±  0.00  (381105 rows)

--- Q21 ---
  ematix-flow  10015.21 ms ±  0.00  (4009 rows)

--- Q01 ---
  ematix-flow  6794.23 ms ±  0.00  (4 rows)

--- Q11 ---
  ematix-flow   724.45 ms ±  0.00  (8685 rows)

--- Q18 ---
  ematix-flow  9552.87 ms ±  0.00  (624 rows)

--- Q17 ---
  ematix-flow  4300.78 ms ±  0.00  (1 rows)

--- Q02 ---
  ematix-flow   840.13 ms ±  0.00  (4667 rows)

--- Q13 ---
  ematix-flow  3778.60 ms ±  0.00  (46 rows)

--- Q16 ---
  ematix-flow  2244.47 ms ±  0.00  (27840 rows)

--- Q04 ---
  ematix-flow  1820.65 ms ±  0.00  (5 rows)

--- Q06 ---
  ematix-flow   871.75 ms ±  0.00  (1 rows)

--- Q07 ---
  ematix-flow  2505.63 ms ±  0.00  (4 rows)

--- Q14 ---
  ematix-flow   481.25 ms ±  0.00  (1 rows)

--- Q19 ---
  ematix-flow   816.72 ms ±  0.00  (1 rows)

--- Q22 ---
  ematix-flow  1215.60 ms ±  0.00  (7 rows)

--- Q12 ---
  ematix-flow  1266.79 ms ±  0.00  (2 rows)

--- Q05 ---
  ematix-flow  3616.79 ms ±  0.00  (5 rows)

--- Q09 ---
  ematix-flow  6274.52 ms ±  0.00  (175 rows)

--- Q20 ---
  ematix-flow  1628.66 ms ±  0.00  (1804 rows)

--- Q03 ---
  ematix-flow  3227.65 ms ±  0.00  (114003 rows)

wrote /Users/ryanevans/RustroverProjects/ematix-flow/bench-results/campaign-2026-07-01/tput-sf10/ematix/s100/batch-1/stream-89.md
