=== TPC-H 22 triangulation bench ===
    data:    /Users/ryanevans/RustroverProjects/ematix-flow/examples/tpch/data/sf10
    queries: 22 ([21, 4, 5, 2, 11, 9, 14, 10, 6, 3, 13, 1, 22, 8, 18, 12, 19, 16, 17, 15, 7, 20])
    trials:  1 (after 0 warmups)
    output:  /Users/ryanevans/RustroverProjects/ematix-flow/bench-results/campaign-2026-07-01/tput-sf10/ematix/s100/batch-1/stream-53.md

    NOTE: single-invocation output is SMOKE-GRADE only. For win/loss
    claims use scripts/bench/strict_22q.sh / strict_ab.sh /
    strict_throughput.sh (see scripts/bench/README.md).

--- Q21 ---
  ematix-flow  4114.48 ms ±  0.00  (4009 rows)

--- Q04 ---
  ematix-flow   851.35 ms ±  0.00  (5 rows)

--- Q05 ---
  ematix-flow  1636.39 ms ±  0.00  (5 rows)

--- Q02 ---
  ematix-flow   283.02 ms ±  0.00  (4667 rows)

--- Q11 ---
  ematix-flow   107.17 ms ±  0.00  (8685 rows)

--- Q09 ---
  ematix-flow  11276.64 ms ±  0.00  (175 rows)

--- Q14 ---
  ematix-flow   701.88 ms ±  0.00  (1 rows)

--- Q10 ---
  ematix-flow  4835.87 ms ±  0.00  (381105 rows)

--- Q06 ---
  ematix-flow  2064.34 ms ±  0.00  (1 rows)

--- Q03 ---
  ematix-flow  1853.42 ms ±  0.00  (114003 rows)

--- Q13 ---
  ematix-flow  3465.98 ms ±  0.00  (46 rows)

--- Q01 ---
  ematix-flow  3924.30 ms ±  0.00  (4 rows)

--- Q22 ---
  ematix-flow   893.42 ms ±  0.00  (7 rows)

--- Q08 ---
  ematix-flow  3713.56 ms ±  0.00  (2 rows)

--- Q18 ---
  ematix-flow  8614.76 ms ±  0.00  (624 rows)

--- Q12 ---
  ematix-flow  1585.37 ms ±  0.00  (2 rows)

--- Q19 ---
  ematix-flow   945.11 ms ±  0.00  (1 rows)

--- Q16 ---
  ematix-flow  1228.58 ms ±  0.00  (27840 rows)

--- Q17 ---
  ematix-flow  2044.58 ms ±  0.00  (1 rows)

--- Q15 ---
  ematix-flow   804.92 ms ±  0.00  (1 rows)

--- Q07 ---
  ematix-flow  5623.15 ms ±  0.00  (4 rows)

--- Q20 ---
  ematix-flow  5015.47 ms ±  0.00  (1804 rows)

wrote /Users/ryanevans/RustroverProjects/ematix-flow/bench-results/campaign-2026-07-01/tput-sf10/ematix/s100/batch-1/stream-53.md
