=== TPC-H 22 triangulation bench ===
    data:    /Users/ryanevans/RustroverProjects/ematix-flow/examples/tpch/data/sf10
    queries: 22 ([14, 16, 4, 22, 15, 18, 7, 11, 6, 20, 12, 1, 21, 9, 10, 5, 17, 8, 19, 2, 13, 3])
    trials:  1 (after 0 warmups)
    output:  /Users/ryanevans/RustroverProjects/ematix-flow/bench-results/campaign-2026-07-01/tput-sf10/ematix/s100/batch-1/stream-46.md

    NOTE: single-invocation output is SMOKE-GRADE only. For win/loss
    claims use scripts/bench/strict_22q.sh / strict_ab.sh /
    strict_throughput.sh (see scripts/bench/README.md).

--- Q14 ---
  ematix-flow   494.50 ms ±  0.00  (1 rows)

--- Q16 ---
  ematix-flow   914.72 ms ±  0.00  (27840 rows)

--- Q04 ---
  ematix-flow  1216.53 ms ±  0.00  (5 rows)

--- Q22 ---
  ematix-flow  1291.71 ms ±  0.00  (7 rows)

--- Q15 ---
  ematix-flow   486.32 ms ±  0.00  (1 rows)

--- Q18 ---
  ematix-flow  6302.52 ms ±  0.00  (624 rows)

--- Q07 ---
  ematix-flow  2621.33 ms ±  0.00  (4 rows)

--- Q11 ---
  ematix-flow   579.68 ms ±  0.00  (8685 rows)

--- Q06 ---
  ematix-flow   913.38 ms ±  0.00  (1 rows)

--- Q20 ---
  ematix-flow  2114.00 ms ±  0.00  (1804 rows)

--- Q12 ---
  ematix-flow   939.28 ms ±  0.00  (2 rows)

--- Q01 ---
  ematix-flow  3457.26 ms ±  0.00  (4 rows)

--- Q21 ---
  ematix-flow  12720.79 ms ±  0.00  (4009 rows)

--- Q09 ---
  ematix-flow  11126.11 ms ±  0.00  (175 rows)

--- Q10 ---
  ematix-flow  6573.25 ms ±  0.00  (381105 rows)

--- Q05 ---
  ematix-flow  7116.87 ms ±  0.00  (5 rows)

--- Q17 ---
  ematix-flow  3446.56 ms ±  0.00  (1 rows)

--- Q08 ---
  ematix-flow  3846.90 ms ±  0.00  (2 rows)

--- Q19 ---
  ematix-flow   660.80 ms ±  0.00  (1 rows)

--- Q02 ---
  ematix-flow   618.14 ms ±  0.00  (4667 rows)

--- Q13 ---
  ematix-flow  2862.05 ms ±  0.00  (46 rows)

--- Q03 ---
  ematix-flow  2379.62 ms ±  0.00  (114003 rows)

wrote /Users/ryanevans/RustroverProjects/ematix-flow/bench-results/campaign-2026-07-01/tput-sf10/ematix/s100/batch-1/stream-46.md
