=== TPC-H 22 triangulation bench ===
    data:    /Users/ryanevans/RustroverProjects/ematix-flow/examples/tpch/data/sf10
    queries: 22 ([21, 19, 20, 13, 18, 4, 14, 5, 3, 22, 6, 12, 9, 15, 8, 7, 11, 17, 1, 16, 2, 10])
    trials:  1 (after 0 warmups)
    output:  /Users/ryanevans/RustroverProjects/ematix-flow/bench-results/campaign-2026-07-01/tput-sf10/ematix/s100/batch-1/stream-84.md

    NOTE: single-invocation output is SMOKE-GRADE only. For win/loss
    claims use scripts/bench/strict_22q.sh / strict_ab.sh /
    strict_throughput.sh (see scripts/bench/README.md).

--- Q21 ---
  ematix-flow  3775.37 ms ±  0.00  (4009 rows)

--- Q19 ---
  ematix-flow   650.40 ms ±  0.00  (1 rows)

--- Q20 ---
  ematix-flow   717.00 ms ±  0.00  (1804 rows)

--- Q13 ---
  ematix-flow  1819.96 ms ±  0.00  (46 rows)

--- Q18 ---
  ematix-flow  6976.55 ms ±  0.00  (624 rows)

--- Q04 ---
  ematix-flow  1313.24 ms ±  0.00  (5 rows)

--- Q14 ---
  ematix-flow   890.56 ms ±  0.00  (1 rows)

--- Q05 ---
  ematix-flow  5688.56 ms ±  0.00  (5 rows)

--- Q03 ---
  ematix-flow  4767.90 ms ±  0.00  (114003 rows)

--- Q22 ---
  ematix-flow  1177.36 ms ±  0.00  (7 rows)

--- Q06 ---
  ematix-flow  1641.70 ms ±  0.00  (1 rows)

--- Q12 ---
  ematix-flow  1169.32 ms ±  0.00  (2 rows)

--- Q09 ---
  ematix-flow  10674.06 ms ±  0.00  (175 rows)

--- Q15 ---
  ematix-flow  1006.22 ms ±  0.00  (1 rows)

--- Q08 ---
  ematix-flow  4037.83 ms ±  0.00  (2 rows)

--- Q07 ---
  ematix-flow  3294.62 ms ±  0.00  (4 rows)

--- Q11 ---
  ematix-flow   489.09 ms ±  0.00  (8685 rows)

--- Q17 ---
  ematix-flow  2306.03 ms ±  0.00  (1 rows)

--- Q01 ---
  ematix-flow  2646.90 ms ±  0.00  (4 rows)

--- Q16 ---
  ematix-flow  1287.79 ms ±  0.00  (27840 rows)

--- Q02 ---
  ematix-flow   444.12 ms ±  0.00  (4667 rows)

--- Q10 ---
  ematix-flow  2392.05 ms ±  0.00  (381105 rows)

wrote /Users/ryanevans/RustroverProjects/ematix-flow/bench-results/campaign-2026-07-01/tput-sf10/ematix/s100/batch-1/stream-84.md
