=== TPC-H 22 triangulation bench ===
    data:    /Users/ryanevans/RustroverProjects/ematix-flow/examples/tpch/data/sf10
    queries: 22 ([7, 8, 4, 19, 16, 13, 3, 2, 6, 15, 9, 12, 1, 17, 22, 14, 10, 20, 21, 5, 11, 18])
    trials:  1 (after 0 warmups)
    output:  /Users/ryanevans/RustroverProjects/ematix-flow/bench-results/campaign-2026-07-01/tput-sf10/ematix/s100/batch-1/stream-35.md

    NOTE: single-invocation output is SMOKE-GRADE only. For win/loss
    claims use scripts/bench/strict_22q.sh / strict_ab.sh /
    strict_throughput.sh (see scripts/bench/README.md).

--- Q07 ---
  ematix-flow   774.04 ms ±  0.00  (4 rows)

--- Q08 ---
  ematix-flow  1214.48 ms ±  0.00  (2 rows)

--- Q04 ---
  ematix-flow   942.19 ms ±  0.00  (5 rows)

--- Q19 ---
  ematix-flow   699.85 ms ±  0.00  (1 rows)

--- Q16 ---
  ematix-flow   887.25 ms ±  0.00  (27840 rows)

--- Q13 ---
  ematix-flow  2741.61 ms ±  0.00  (46 rows)

--- Q03 ---
  ematix-flow  2823.56 ms ±  0.00  (114003 rows)

--- Q02 ---
  ematix-flow  1103.95 ms ±  0.00  (4667 rows)

--- Q06 ---
  ematix-flow  2397.30 ms ±  0.00  (1 rows)

--- Q15 ---
  ematix-flow   886.20 ms ±  0.00  (1 rows)

--- Q09 ---
  ematix-flow  22465.19 ms ±  0.00  (175 rows)

--- Q12 ---
  ematix-flow  1086.48 ms ±  0.00  (2 rows)

--- Q01 ---
  ematix-flow  4699.48 ms ±  0.00  (4 rows)

--- Q17 ---
  ematix-flow  1958.92 ms ±  0.00  (1 rows)

--- Q22 ---
  ematix-flow  2963.00 ms ±  0.00  (7 rows)

--- Q14 ---
  ematix-flow   889.98 ms ±  0.00  (1 rows)

--- Q10 ---
  ematix-flow  2800.04 ms ±  0.00  (381105 rows)

--- Q20 ---
  ematix-flow  5180.20 ms ±  0.00  (1804 rows)

--- Q21 ---
  ematix-flow  15014.04 ms ±  0.00  (4009 rows)

--- Q05 ---
  ematix-flow  1891.07 ms ±  0.00  (5 rows)

--- Q11 ---
  ematix-flow   301.16 ms ±  0.00  (8685 rows)

--- Q18 ---
  ematix-flow  3892.34 ms ±  0.00  (624 rows)

wrote /Users/ryanevans/RustroverProjects/ematix-flow/bench-results/campaign-2026-07-01/tput-sf10/ematix/s100/batch-1/stream-35.md
