=== TPC-H 22 triangulation bench ===
    data:    /Users/ryanevans/RustroverProjects/ematix-flow/examples/tpch/data/sf10
    queries: 22 ([13, 5, 9, 8, 1, 14, 2, 7, 4, 21, 22, 16, 11, 15, 17, 10, 19, 18, 12, 6, 20, 3])
    trials:  1 (after 0 warmups)
    output:  /Users/ryanevans/RustroverProjects/ematix-flow/bench-results/campaign-2026-07-01/tput-sf10/ematix/s100/batch-1/stream-72.md

    NOTE: single-invocation output is SMOKE-GRADE only. For win/loss
    claims use scripts/bench/strict_22q.sh / strict_ab.sh /
    strict_throughput.sh (see scripts/bench/README.md).

--- Q13 ---
  ematix-flow  4277.19 ms ±  0.00  (46 rows)

--- Q05 ---
  ematix-flow  2969.50 ms ±  0.00  (5 rows)

--- Q09 ---
  ematix-flow  5920.85 ms ±  0.00  (175 rows)

--- Q08 ---
  ematix-flow  1925.12 ms ±  0.00  (2 rows)

--- Q01 ---
  ematix-flow  2627.67 ms ±  0.00  (4 rows)

--- Q14 ---
  ematix-flow   682.22 ms ±  0.00  (1 rows)

--- Q02 ---
  ematix-flow   461.04 ms ±  0.00  (4667 rows)

--- Q07 ---
  ematix-flow  2980.78 ms ±  0.00  (4 rows)

--- Q04 ---
  ematix-flow   850.07 ms ±  0.00  (5 rows)

--- Q21 ---
  ematix-flow  7542.40 ms ±  0.00  (4009 rows)

--- Q22 ---
  ematix-flow   929.81 ms ±  0.00  (7 rows)

--- Q16 ---
  ematix-flow   976.73 ms ±  0.00  (27840 rows)

--- Q11 ---
  ematix-flow   461.14 ms ±  0.00  (8685 rows)

--- Q15 ---
  ematix-flow   537.94 ms ±  0.00  (1 rows)

--- Q17 ---
  ematix-flow  3513.66 ms ±  0.00  (1 rows)

--- Q10 ---
  ematix-flow  8374.14 ms ±  0.00  (381105 rows)

--- Q19 ---
  ematix-flow  1006.64 ms ±  0.00  (1 rows)

--- Q18 ---
  ematix-flow  8282.59 ms ±  0.00  (624 rows)

--- Q12 ---
  ematix-flow  2020.87 ms ±  0.00  (2 rows)

--- Q06 ---
  ematix-flow  1311.89 ms ±  0.00  (1 rows)

--- Q20 ---
  ematix-flow  4210.09 ms ±  0.00  (1804 rows)

--- Q03 ---
  ematix-flow  2268.48 ms ±  0.00  (114003 rows)

wrote /Users/ryanevans/RustroverProjects/ematix-flow/bench-results/campaign-2026-07-01/tput-sf10/ematix/s100/batch-1/stream-72.md
