=== TPC-H 22 triangulation bench ===
    data:    /Users/ryanevans/RustroverProjects/ematix-flow/examples/tpch/data/sf10
    queries: 22 ([15, 13, 18, 10, 3, 6, 1, 7, 4, 8, 17, 9, 11, 21, 5, 16, 20, 14, 22, 2, 19, 12])
    trials:  1 (after 0 warmups)
    output:  /Users/ryanevans/RustroverProjects/ematix-flow/bench-results/campaign-2026-07-01/tput-sf10/ematix/s100/batch-1/stream-98.md

    NOTE: single-invocation output is SMOKE-GRADE only. For win/loss
    claims use scripts/bench/strict_22q.sh / strict_ab.sh /
    strict_throughput.sh (see scripts/bench/README.md).

--- Q15 ---
  ematix-flow   417.13 ms ±  0.00  (1 rows)

--- Q13 ---
  ematix-flow  1938.87 ms ±  0.00  (46 rows)

--- Q18 ---
  ematix-flow  7265.27 ms ±  0.00  (624 rows)

--- Q10 ---
  ematix-flow  11235.47 ms ±  0.00  (381105 rows)

--- Q03 ---
  ematix-flow  5031.55 ms ±  0.00  (114003 rows)

--- Q06 ---
  ematix-flow  2444.82 ms ±  0.00  (1 rows)

--- Q01 ---
  ematix-flow  3192.38 ms ±  0.00  (4 rows)

--- Q07 ---
  ematix-flow  3513.93 ms ±  0.00  (4 rows)

--- Q04 ---
  ematix-flow  1158.33 ms ±  0.00  (5 rows)

--- Q08 ---
  ematix-flow  2857.43 ms ±  0.00  (2 rows)

--- Q17 ---
  ematix-flow  2955.20 ms ±  0.00  (1 rows)

--- Q09 ---
  ematix-flow  3611.83 ms ±  0.00  (175 rows)

--- Q11 ---
  ematix-flow   170.14 ms ±  0.00  (8685 rows)

--- Q21 ---
  ematix-flow  1729.46 ms ±  0.00  (4009 rows)

--- Q05 ---
  ematix-flow  2386.56 ms ±  0.00  (5 rows)

--- Q16 ---
  ematix-flow   411.27 ms ±  0.00  (27840 rows)

--- Q20 ---
  ematix-flow   544.10 ms ±  0.00  (1804 rows)

--- Q14 ---
  ematix-flow   214.79 ms ±  0.00  (1 rows)

--- Q22 ---
  ematix-flow   150.53 ms ±  0.00  (7 rows)

--- Q02 ---
  ematix-flow   116.41 ms ±  0.00  (4667 rows)

--- Q19 ---
  ematix-flow   249.18 ms ±  0.00  (1 rows)

--- Q12 ---
  ematix-flow   181.20 ms ±  0.00  (2 rows)

wrote /Users/ryanevans/RustroverProjects/ematix-flow/bench-results/campaign-2026-07-01/tput-sf10/ematix/s100/batch-1/stream-98.md
