=== TPC-H 22 triangulation bench ===
    data:    /Users/ryanevans/RustroverProjects/ematix-flow/examples/tpch/data/sf10
    queries: 22 ([19, 21, 1, 20, 18, 5, 17, 10, 16, 8, 7, 9, 13, 14, 15, 11, 12, 3, 6, 4, 2, 22])
    trials:  1 (after 0 warmups)
    output:  /Users/ryanevans/RustroverProjects/ematix-flow/bench-results/campaign-2026-07-01/tput-sf10/ematix/s100/batch-1/stream-69.md

    NOTE: single-invocation output is SMOKE-GRADE only. For win/loss
    claims use scripts/bench/strict_22q.sh / strict_ab.sh /
    strict_throughput.sh (see scripts/bench/README.md).

--- Q19 ---
  ematix-flow   961.65 ms ±  0.00  (1 rows)

--- Q21 ---
  ematix-flow  10310.86 ms ±  0.00  (4009 rows)

--- Q01 ---
  ematix-flow  6419.28 ms ±  0.00  (4 rows)

--- Q20 ---
  ematix-flow  2252.52 ms ±  0.00  (1804 rows)

--- Q18 ---
  ematix-flow  7896.43 ms ±  0.00  (624 rows)

--- Q05 ---
  ematix-flow  6894.25 ms ±  0.00  (5 rows)

--- Q17 ---
  ematix-flow  4006.06 ms ±  0.00  (1 rows)

--- Q10 ---
  ematix-flow  9530.77 ms ±  0.00  (381105 rows)

--- Q16 ---
  ematix-flow  1175.37 ms ±  0.00  (27840 rows)

--- Q08 ---
  ematix-flow  3594.07 ms ±  0.00  (2 rows)

--- Q07 ---
  ematix-flow  2750.25 ms ±  0.00  (4 rows)

--- Q09 ---
  ematix-flow  5299.52 ms ±  0.00  (175 rows)

--- Q13 ---
  ematix-flow  3355.13 ms ±  0.00  (46 rows)

--- Q14 ---
  ematix-flow   684.32 ms ±  0.00  (1 rows)

--- Q15 ---
  ematix-flow  1113.12 ms ±  0.00  (1 rows)

--- Q11 ---
  ematix-flow   652.78 ms ±  0.00  (8685 rows)

--- Q12 ---
  ematix-flow  1816.78 ms ±  0.00  (2 rows)

--- Q03 ---
  ematix-flow  1449.04 ms ±  0.00  (114003 rows)

--- Q06 ---
  ematix-flow  1113.74 ms ±  0.00  (1 rows)

--- Q04 ---
  ematix-flow  1832.72 ms ±  0.00  (5 rows)

--- Q02 ---
  ematix-flow   308.44 ms ±  0.00  (4667 rows)

--- Q22 ---
  ematix-flow  2411.87 ms ±  0.00  (7 rows)

wrote /Users/ryanevans/RustroverProjects/ematix-flow/bench-results/campaign-2026-07-01/tput-sf10/ematix/s100/batch-1/stream-69.md
