=== TPC-H 22 triangulation bench ===
    data:    /Users/ryanevans/RustroverProjects/ematix-flow/examples/tpch/data/sf10
    queries: 22 ([2, 9, 10, 17, 1, 22, 13, 21, 20, 12, 5, 14, 3, 18, 19, 16, 7, 8, 11, 15, 4, 6])
    trials:  1 (after 0 warmups)
    output:  /Users/ryanevans/RustroverProjects/ematix-flow/bench-results/campaign-2026-07-01/tput-sf10/ematix/s100/batch-1/stream-18.md

    NOTE: single-invocation output is SMOKE-GRADE only. For win/loss
    claims use scripts/bench/strict_22q.sh / strict_ab.sh /
    strict_throughput.sh (see scripts/bench/README.md).

--- Q02 ---
  ematix-flow    73.72 ms ±  0.00  (4667 rows)

--- Q09 ---
  ematix-flow  7629.90 ms ±  0.00  (175 rows)

--- Q10 ---
  ematix-flow  4139.87 ms ±  0.00  (381105 rows)

--- Q17 ---
  ematix-flow  4790.67 ms ±  0.00  (1 rows)

--- Q01 ---
  ematix-flow  3485.53 ms ±  0.00  (4 rows)

--- Q22 ---
  ematix-flow  2407.64 ms ±  0.00  (7 rows)

--- Q13 ---
  ematix-flow  4710.28 ms ±  0.00  (46 rows)

--- Q21 ---
  ematix-flow  10584.63 ms ±  0.00  (4009 rows)

--- Q20 ---
  ematix-flow  3210.14 ms ±  0.00  (1804 rows)

--- Q12 ---
  ematix-flow   709.30 ms ±  0.00  (2 rows)

--- Q05 ---
  ematix-flow  8607.34 ms ±  0.00  (5 rows)

--- Q14 ---
  ematix-flow   397.81 ms ±  0.00  (1 rows)

--- Q03 ---
  ematix-flow  4777.75 ms ±  0.00  (114003 rows)

--- Q18 ---
  ematix-flow  13646.86 ms ±  0.00  (624 rows)

--- Q19 ---
  ematix-flow   952.76 ms ±  0.00  (1 rows)

--- Q16 ---
  ematix-flow  1699.16 ms ±  0.00  (27840 rows)

--- Q07 ---
  ematix-flow  4889.61 ms ±  0.00  (4 rows)

--- Q08 ---
  ematix-flow  5035.78 ms ±  0.00  (2 rows)

--- Q11 ---
  ematix-flow   675.01 ms ±  0.00  (8685 rows)

--- Q15 ---
  ematix-flow   662.88 ms ±  0.00  (1 rows)

--- Q04 ---
  ematix-flow  1757.75 ms ±  0.00  (5 rows)

--- Q06 ---
  ematix-flow  1004.64 ms ±  0.00  (1 rows)

wrote /Users/ryanevans/RustroverProjects/ematix-flow/bench-results/campaign-2026-07-01/tput-sf10/ematix/s100/batch-1/stream-18.md
