=== TPC-H 22 triangulation bench ===
    data:    /Users/ryanevans/RustroverProjects/ematix-flow/examples/tpch/data/sf10
    queries: 22 ([5, 15, 14, 17, 9, 3, 4, 19, 2, 22, 21, 8, 1, 12, 13, 20, 10, 11, 7, 18, 6, 16])
    trials:  1 (after 0 warmups)
    output:  /Users/ryanevans/RustroverProjects/ematix-flow/bench-results/campaign-2026-07-01/tput-sf10/ematix/s100/batch-1/stream-61.md

    NOTE: single-invocation output is SMOKE-GRADE only. For win/loss
    claims use scripts/bench/strict_22q.sh / strict_ab.sh /
    strict_throughput.sh (see scripts/bench/README.md).

--- Q05 ---
  ematix-flow  5915.87 ms ±  0.00  (5 rows)

--- Q15 ---
  ematix-flow   659.89 ms ±  0.00  (1 rows)

--- Q14 ---
  ematix-flow   509.85 ms ±  0.00  (1 rows)

--- Q17 ---
  ematix-flow  2330.00 ms ±  0.00  (1 rows)

--- Q09 ---
  ematix-flow  4246.06 ms ±  0.00  (175 rows)

--- Q03 ---
  ematix-flow   976.47 ms ±  0.00  (114003 rows)

--- Q04 ---
  ematix-flow  1029.06 ms ±  0.00  (5 rows)

--- Q19 ---
  ematix-flow   694.49 ms ±  0.00  (1 rows)

--- Q02 ---
  ematix-flow   603.58 ms ±  0.00  (4667 rows)

--- Q22 ---
  ematix-flow   509.14 ms ±  0.00  (7 rows)

--- Q21 ---
  ematix-flow  9935.70 ms ±  0.00  (4009 rows)

--- Q08 ---
  ematix-flow  4361.05 ms ±  0.00  (2 rows)

--- Q01 ---
  ematix-flow  2541.24 ms ±  0.00  (4 rows)

--- Q12 ---
  ematix-flow  1050.59 ms ±  0.00  (2 rows)

--- Q13 ---
  ematix-flow  4098.14 ms ±  0.00  (46 rows)

--- Q20 ---
  ematix-flow  1992.87 ms ±  0.00  (1804 rows)

--- Q10 ---
  ematix-flow  4023.66 ms ±  0.00  (381105 rows)

--- Q11 ---
  ematix-flow  1142.70 ms ±  0.00  (8685 rows)

--- Q07 ---
  ematix-flow  4098.91 ms ±  0.00  (4 rows)

--- Q18 ---
  ematix-flow  10850.42 ms ±  0.00  (624 rows)

--- Q06 ---
  ematix-flow  2317.47 ms ±  0.00  (1 rows)

--- Q16 ---
  ematix-flow  1618.90 ms ±  0.00  (27840 rows)

wrote /Users/ryanevans/RustroverProjects/ematix-flow/bench-results/campaign-2026-07-01/tput-sf10/ematix/s100/batch-1/stream-61.md
