=== TPC-H 22 triangulation bench ===
    data:    /Users/ryanevans/RustroverProjects/ematix-flow/examples/tpch/data/sf10
    queries: 22 ([17, 12, 14, 21, 11, 16, 13, 15, 7, 1, 18, 4, 22, 2, 3, 20, 19, 5, 8, 6, 10, 9])
    trials:  1 (after 0 warmups)
    output:  /Users/ryanevans/RustroverProjects/ematix-flow/bench-results/campaign-2026-07-01/tput-sf10/ematix/s100/batch-1/stream-13.md

    NOTE: single-invocation output is SMOKE-GRADE only. For win/loss
    claims use scripts/bench/strict_22q.sh / strict_ab.sh /
    strict_throughput.sh (see scripts/bench/README.md).

--- Q17 ---
  ematix-flow   458.09 ms ±  0.00  (1 rows)

--- Q12 ---
  ematix-flow   567.93 ms ±  0.00  (2 rows)

--- Q14 ---
  ematix-flow   405.46 ms ±  0.00  (1 rows)

--- Q21 ---
  ematix-flow  4299.96 ms ±  0.00  (4009 rows)

--- Q11 ---
  ematix-flow  1252.47 ms ±  0.00  (8685 rows)

--- Q16 ---
  ematix-flow  1257.69 ms ±  0.00  (27840 rows)

--- Q13 ---
  ematix-flow  4414.30 ms ±  0.00  (46 rows)

--- Q15 ---
  ematix-flow  1667.94 ms ±  0.00  (1 rows)

--- Q07 ---
  ematix-flow  4701.18 ms ±  0.00  (4 rows)

--- Q01 ---
  ematix-flow  3267.53 ms ±  0.00  (4 rows)

--- Q18 ---
  ematix-flow  9532.04 ms ±  0.00  (624 rows)

--- Q04 ---
  ematix-flow  1960.11 ms ±  0.00  (5 rows)

--- Q22 ---
  ematix-flow  1925.78 ms ±  0.00  (7 rows)

--- Q02 ---
  ematix-flow   761.02 ms ±  0.00  (4667 rows)

--- Q03 ---
  ematix-flow  5716.68 ms ±  0.00  (114003 rows)

--- Q20 ---
  ematix-flow  3079.94 ms ±  0.00  (1804 rows)

--- Q19 ---
  ematix-flow   793.30 ms ±  0.00  (1 rows)

--- Q05 ---
  ematix-flow  5970.64 ms ±  0.00  (5 rows)

--- Q08 ---
  ematix-flow  11023.98 ms ±  0.00  (2 rows)

--- Q06 ---
  ematix-flow  3333.49 ms ±  0.00  (1 rows)

--- Q10 ---
  ematix-flow  9047.49 ms ±  0.00  (381105 rows)

--- Q09 ---
  ematix-flow  9241.64 ms ±  0.00  (175 rows)

wrote /Users/ryanevans/RustroverProjects/ematix-flow/bench-results/campaign-2026-07-01/tput-sf10/ematix/s100/batch-1/stream-13.md
