=== TPC-H 22 triangulation bench ===
    data:    /Users/ryanevans/RustroverProjects/ematix-flow/examples/tpch/data/sf10
    queries: 22 ([8, 14, 11, 21, 17, 22, 6, 13, 9, 1, 10, 15, 2, 7, 18, 5, 20, 3, 4, 12, 19, 16])
    trials:  1 (after 0 warmups)
    output:  /Users/ryanevans/RustroverProjects/ematix-flow/bench-results/campaign-2026-07-01/tput-sf10/ematix/s100/batch-1/stream-93.md

    NOTE: single-invocation output is SMOKE-GRADE only. For win/loss
    claims use scripts/bench/strict_22q.sh / strict_ab.sh /
    strict_throughput.sh (see scripts/bench/README.md).

--- Q08 ---
  ematix-flow  3641.85 ms ±  0.00  (2 rows)

--- Q14 ---
  ematix-flow   297.92 ms ±  0.00  (1 rows)

--- Q11 ---
  ematix-flow   466.97 ms ±  0.00  (8685 rows)

--- Q21 ---
  ematix-flow  4336.90 ms ±  0.00  (4009 rows)

--- Q17 ---
  ematix-flow  1208.09 ms ±  0.00  (1 rows)

--- Q22 ---
  ematix-flow  2064.42 ms ±  0.00  (7 rows)

--- Q06 ---
  ematix-flow  1015.18 ms ±  0.00  (1 rows)

--- Q13 ---
  ematix-flow  1459.66 ms ±  0.00  (46 rows)

--- Q09 ---
  ematix-flow  2744.29 ms ±  0.00  (175 rows)

--- Q01 ---
  ematix-flow  2204.03 ms ±  0.00  (4 rows)

--- Q10 ---
  ematix-flow  5062.10 ms ±  0.00  (381105 rows)

--- Q15 ---
  ematix-flow  1321.83 ms ±  0.00  (1 rows)

--- Q02 ---
  ematix-flow  1084.59 ms ±  0.00  (4667 rows)

--- Q07 ---
  ematix-flow  6178.44 ms ±  0.00  (4 rows)

--- Q18 ---
  ematix-flow  10454.25 ms ±  0.00  (624 rows)

--- Q05 ---
  ematix-flow  6160.13 ms ±  0.00  (5 rows)

--- Q20 ---
  ematix-flow  1407.86 ms ±  0.00  (1804 rows)

--- Q03 ---
  ematix-flow  2384.85 ms ±  0.00  (114003 rows)

--- Q04 ---
  ematix-flow  1913.19 ms ±  0.00  (5 rows)

--- Q12 ---
  ematix-flow   895.65 ms ±  0.00  (2 rows)

--- Q19 ---
  ematix-flow  1068.20 ms ±  0.00  (1 rows)

--- Q16 ---
  ematix-flow  1202.84 ms ±  0.00  (27840 rows)

wrote /Users/ryanevans/RustroverProjects/ematix-flow/bench-results/campaign-2026-07-01/tput-sf10/ematix/s100/batch-1/stream-93.md
