=== TPC-H 22 triangulation bench ===
    data:    /Users/ryanevans/RustroverProjects/ematix-flow/examples/tpch/data/sf10
    queries: 22 ([2, 17, 22, 8, 19, 5, 15, 11, 1, 4, 12, 20, 3, 9, 13, 18, 7, 16, 10, 21, 14, 6])
    trials:  1 (after 0 warmups)
    output:  /Users/ryanevans/RustroverProjects/ematix-flow/bench-results/campaign-2026-07-01/tput-sf10/ematix/s100/batch-1/stream-21.md

    NOTE: single-invocation output is SMOKE-GRADE only. For win/loss
    claims use scripts/bench/strict_22q.sh / strict_ab.sh /
    strict_throughput.sh (see scripts/bench/README.md).

--- Q02 ---
  ematix-flow   947.55 ms ±  0.00  (4667 rows)

--- Q17 ---
  ematix-flow  3086.24 ms ±  0.00  (1 rows)

--- Q22 ---
  ematix-flow   765.98 ms ±  0.00  (7 rows)

--- Q08 ---
  ematix-flow  3403.09 ms ±  0.00  (2 rows)

--- Q19 ---
  ematix-flow   461.61 ms ±  0.00  (1 rows)

--- Q05 ---
  ematix-flow  1615.01 ms ±  0.00  (5 rows)

--- Q15 ---
  ematix-flow   375.49 ms ±  0.00  (1 rows)

--- Q11 ---
  ematix-flow   349.63 ms ±  0.00  (8685 rows)

--- Q01 ---
  ematix-flow  2136.04 ms ±  0.00  (4 rows)

--- Q04 ---
  ematix-flow  2111.41 ms ±  0.00  (5 rows)

--- Q12 ---
  ematix-flow  2095.81 ms ±  0.00  (2 rows)

--- Q20 ---
  ematix-flow  3098.50 ms ±  0.00  (1804 rows)

--- Q03 ---
  ematix-flow  4138.45 ms ±  0.00  (114003 rows)

--- Q09 ---
  ematix-flow  13345.00 ms ±  0.00  (175 rows)

--- Q13 ---
  ematix-flow  5411.11 ms ±  0.00  (46 rows)

--- Q18 ---
  ematix-flow  8583.56 ms ±  0.00  (624 rows)

--- Q07 ---
  ematix-flow  4588.01 ms ±  0.00  (4 rows)

--- Q16 ---
  ematix-flow  1986.65 ms ±  0.00  (27840 rows)

--- Q10 ---
  ematix-flow  10480.34 ms ±  0.00  (381105 rows)

--- Q21 ---
  ematix-flow  15670.74 ms ±  0.00  (4009 rows)

--- Q14 ---
  ematix-flow   520.97 ms ±  0.00  (1 rows)

--- Q06 ---
  ematix-flow   454.80 ms ±  0.00  (1 rows)

wrote /Users/ryanevans/RustroverProjects/ematix-flow/bench-results/campaign-2026-07-01/tput-sf10/ematix/s100/batch-1/stream-21.md
