=== TPC-H 22 triangulation bench ===
    data:    /Users/ryanevans/RustroverProjects/ematix-flow/examples/tpch/data/sf10
    queries: 22 ([2, 14, 17, 6, 11, 7, 20, 13, 15, 4, 9, 21, 22, 1, 10, 3, 16, 12, 5, 18, 19, 8])
    trials:  1 (after 0 warmups)
    output:  /Users/ryanevans/RustroverProjects/ematix-flow/bench-results/campaign-2026-07-01/tput-sf10/ematix/s100/batch-1/stream-3.md

    NOTE: single-invocation output is SMOKE-GRADE only. For win/loss
    claims use scripts/bench/strict_22q.sh / strict_ab.sh /
    strict_throughput.sh (see scripts/bench/README.md).

--- Q02 ---
  ematix-flow   146.88 ms ±  0.00  (4667 rows)

--- Q14 ---
  ematix-flow   151.22 ms ±  0.00  (1 rows)

--- Q17 ---
  ematix-flow   672.19 ms ±  0.00  (1 rows)

--- Q06 ---
  ematix-flow   119.66 ms ±  0.00  (1 rows)

--- Q11 ---
  ematix-flow   177.59 ms ±  0.00  (8685 rows)

--- Q07 ---
  ematix-flow  2926.26 ms ±  0.00  (4 rows)

--- Q20 ---
  ematix-flow  2828.05 ms ±  0.00  (1804 rows)

--- Q13 ---
  ematix-flow  4474.96 ms ±  0.00  (46 rows)

--- Q15 ---
  ematix-flow   595.60 ms ±  0.00  (1 rows)

--- Q04 ---
  ematix-flow  1897.25 ms ±  0.00  (5 rows)

--- Q09 ---
  ematix-flow  8134.93 ms ±  0.00  (175 rows)

--- Q21 ---
  ematix-flow  9800.94 ms ±  0.00  (4009 rows)

--- Q22 ---
  ematix-flow  2910.60 ms ±  0.00  (7 rows)

--- Q01 ---
  ematix-flow  4155.35 ms ±  0.00  (4 rows)

--- Q10 ---
  ematix-flow  12204.43 ms ±  0.00  (381105 rows)

--- Q03 ---
  ematix-flow  5468.24 ms ±  0.00  (114003 rows)

--- Q16 ---
  ematix-flow  1453.90 ms ±  0.00  (27840 rows)

--- Q12 ---
  ematix-flow   880.54 ms ±  0.00  (2 rows)

--- Q05 ---
  ematix-flow  10835.80 ms ±  0.00  (5 rows)

--- Q18 ---
  ematix-flow  8640.41 ms ±  0.00  (624 rows)

--- Q19 ---
  ematix-flow   828.60 ms ±  0.00  (1 rows)

--- Q08 ---
  ematix-flow  6265.13 ms ±  0.00  (2 rows)

wrote /Users/ryanevans/RustroverProjects/ematix-flow/bench-results/campaign-2026-07-01/tput-sf10/ematix/s100/batch-1/stream-3.md
