=== TPC-H 22 triangulation bench ===
    data:    /Users/ryanevans/RustroverProjects/ematix-flow/examples/tpch/data/sf100
    queries: 22 ([20, 6, 14, 10, 21, 22, 12, 13, 1, 17, 2, 18, 7, 11, 8, 15, 16, 4, 9, 3, 19, 5])
    trials:  1 (after 0 warmups)
    output:  bench-results/sched-arc-2026-07-03/sf100-final/duckdb/s10/batch-2/stream-1.md

    NOTE: single-invocation output is SMOKE-GRADE only. For win/loss
    claims use scripts/bench/strict_22q.sh / strict_ab.sh /
    strict_throughput.sh (see scripts/bench/README.md).

--- Q20 ---
  DuckDB       4148.36 ms ±  0.00  (17971 rows)

--- Q06 ---
  DuckDB       2536.40 ms ±  0.00  (1 rows)

--- Q14 ---
  DuckDB       3416.84 ms ±  0.00  (1 rows)

--- Q10 ---
  DuckDB       6325.26 ms ±  0.00  (3884218 rows)

--- Q21 ---
  DuckDB       16382.83 ms ±  0.00  (39950 rows)

--- Q22 ---
  DuckDB       1849.92 ms ±  0.00  (7 rows)

--- Q12 ---
  DuckDB       4973.01 ms ±  0.00  (2 rows)

--- Q13 ---
  DuckDB       9349.21 ms ±  0.00  (45 rows)

--- Q01 ---
  DuckDB       13570.34 ms ±  0.00  (4 rows)

--- Q17 ---
  DuckDB       9215.84 ms ±  0.00  (1 rows)

--- Q02 ---
  DuckDB       2202.76 ms ±  0.00  (47107 rows)

--- Q18 ---
  DuckDB       9770.88 ms ±  0.00  (6398 rows)

--- Q07 ---
  DuckDB       8181.50 ms ±  0.00  (4 rows)

--- Q11 ---
  DuckDB       1676.70 ms ±  0.00  (92698 rows)

--- Q08 ---
  DuckDB       10769.49 ms ±  0.00  (2 rows)

--- Q15 ---
  DuckDB       5166.65 ms ±  0.00  (1 rows)

--- Q16 ---
  DuckDB       1517.66 ms ±  0.00  (27840 rows)

--- Q04 ---
  DuckDB       3722.86 ms ±  0.00  (5 rows)

--- Q09 ---
  DuckDB       15823.54 ms ±  0.00  (175 rows)

--- Q03 ---
  DuckDB       7561.55 ms ±  0.00  (1131041 rows)

--- Q19 ---
  DuckDB       8288.22 ms ±  0.00  (1 rows)

--- Q05 ---
  DuckDB       6255.64 ms ±  0.00  (5 rows)

wrote bench-results/sched-arc-2026-07-03/sf100-final/duckdb/s10/batch-2/stream-1.md
