=== TPC-H 22 triangulation bench ===
    data:    /Users/ryanevans/RustroverProjects/ematix-flow/examples/tpch/data/sf100
    queries: 22 ([13, 18, 3, 7, 11, 4, 21, 16, 14, 22, 2, 10, 8, 19, 17, 1, 6, 5, 9, 12, 20, 15])
    trials:  1 (after 0 warmups)
    output:  bench-results/sched-arc-2026-07-03/sf100-final/duckdb/s10/batch-2/stream-9.md

    NOTE: single-invocation output is SMOKE-GRADE only. For win/loss
    claims use scripts/bench/strict_22q.sh / strict_ab.sh /
    strict_throughput.sh (see scripts/bench/README.md).

--- Q13 ---
  DuckDB       9924.59 ms ±  0.00  (45 rows)

--- Q18 ---
  DuckDB       13673.64 ms ±  0.00  (6398 rows)

--- Q03 ---
  DuckDB       4683.87 ms ±  0.00  (1131041 rows)

--- Q07 ---
  DuckDB       4906.66 ms ±  0.00  (4 rows)

--- Q11 ---
  DuckDB        792.04 ms ±  0.00  (92698 rows)

--- Q04 ---
  DuckDB       3179.16 ms ±  0.00  (5 rows)

--- Q21 ---
  DuckDB       13506.07 ms ±  0.00  (39950 rows)

--- Q16 ---
  DuckDB        986.10 ms ±  0.00  (27840 rows)

--- Q14 ---
  DuckDB       5003.10 ms ±  0.00  (1 rows)

--- Q22 ---
  DuckDB       1941.43 ms ±  0.00  (7 rows)

--- Q02 ---
  DuckDB        970.94 ms ±  0.00  (47107 rows)

--- Q10 ---
  DuckDB       7714.72 ms ±  0.00  (3884218 rows)

--- Q08 ---
  DuckDB       9299.18 ms ±  0.00  (2 rows)

--- Q19 ---
  DuckDB       5441.42 ms ±  0.00  (1 rows)

--- Q17 ---
  DuckDB       4336.10 ms ±  0.00  (1 rows)

--- Q01 ---
  DuckDB       8359.56 ms ±  0.00  (4 rows)

--- Q06 ---
  DuckDB       2360.90 ms ±  0.00  (1 rows)

--- Q05 ---
  DuckDB       5140.87 ms ±  0.00  (5 rows)

--- Q09 ---
  DuckDB       49926.42 ms ±  0.00  (175 rows)

--- Q12 ---
  DuckDB       3759.45 ms ±  0.00  (2 rows)

--- Q20 ---
  DuckDB       3925.47 ms ±  0.00  (17971 rows)

--- Q15 ---
  DuckDB       2822.29 ms ±  0.00  (1 rows)

wrote bench-results/sched-arc-2026-07-03/sf100-final/duckdb/s10/batch-2/stream-9.md
