=== TPC-H 22 triangulation bench ===
    data:    /Users/ryanevans/RustroverProjects/ematix-flow/examples/tpch/data/sf100
    queries: 22 ([21, 13, 19, 22, 10, 14, 5, 7, 4, 16, 6, 2, 3, 18, 11, 8, 15, 1, 17, 12, 9, 20])
    trials:  1 (after 0 warmups)
    output:  /Users/ryanevans/RustroverProjects/ematix-flow/bench-results/campaign-2026-07-01/tput-sf100/duckdb/s10/batch-1/stream-5.md

    NOTE: single-invocation output is SMOKE-GRADE only. For win/loss
    claims use scripts/bench/strict_22q.sh / strict_ab.sh /
    strict_throughput.sh (see scripts/bench/README.md).

--- Q21 ---
  DuckDB       11373.50 ms ±  0.00  (39950 rows)

--- Q13 ---
  DuckDB       5968.51 ms ±  0.00  (45 rows)

--- Q19 ---
  DuckDB       8793.65 ms ±  0.00  (1 rows)

--- Q22 ---
  DuckDB       1646.78 ms ±  0.00  (7 rows)

--- Q10 ---
  DuckDB       6308.64 ms ±  0.00  (3884218 rows)

--- Q14 ---
  DuckDB       3968.09 ms ±  0.00  (1 rows)

--- Q05 ---
  DuckDB       7668.82 ms ±  0.00  (5 rows)

--- Q07 ---
  DuckDB       10987.81 ms ±  0.00  (4 rows)

--- Q04 ---
  DuckDB       5115.65 ms ±  0.00  (5 rows)

--- Q16 ---
  DuckDB       1717.09 ms ±  0.00  (27840 rows)

--- Q06 ---
  DuckDB       2903.54 ms ±  0.00  (1 rows)

--- Q02 ---
  DuckDB        976.28 ms ±  0.00  (47107 rows)

--- Q03 ---
  DuckDB       5197.60 ms ±  0.00  (1131041 rows)

--- Q18 ---
  DuckDB       6781.58 ms ±  0.00  (6398 rows)

--- Q11 ---
  DuckDB        549.17 ms ±  0.00  (92698 rows)

--- Q08 ---
  DuckDB       6490.26 ms ±  0.00  (2 rows)

--- Q15 ---
  DuckDB       3096.24 ms ±  0.00  (1 rows)

--- Q01 ---
  DuckDB       9512.69 ms ±  0.00  (4 rows)

--- Q17 ---
  DuckDB       7607.26 ms ±  0.00  (1 rows)

--- Q12 ---
  DuckDB       6342.40 ms ±  0.00  (2 rows)

--- Q09 ---
  DuckDB       17570.12 ms ±  0.00  (175 rows)

--- Q20 ---
  DuckDB       5284.97 ms ±  0.00  (17971 rows)

wrote /Users/ryanevans/RustroverProjects/ematix-flow/bench-results/campaign-2026-07-01/tput-sf100/duckdb/s10/batch-1/stream-5.md
