=== TPC-H 22 triangulation bench ===
    data:    /Users/ryanevans/RustroverProjects/ematix-flow/examples/tpch/data/sf100
    queries: 22 ([19, 22, 14, 11, 5, 18, 8, 16, 7, 20, 13, 1, 15, 4, 17, 9, 10, 6, 12, 21, 3, 2])
    trials:  1 (after 0 warmups)
    output:  /Users/ryanevans/RustroverProjects/ematix-flow/bench-results/campaign-2026-07-01/tput-sf100/duckdb/s10/batch-1/stream-2.md

    NOTE: single-invocation output is SMOKE-GRADE only. For win/loss
    claims use scripts/bench/strict_22q.sh / strict_ab.sh /
    strict_throughput.sh (see scripts/bench/README.md).

--- Q19 ---
  DuckDB       4296.31 ms ±  0.00  (1 rows)

--- Q22 ---
  DuckDB       1466.07 ms ±  0.00  (7 rows)

--- Q14 ---
  DuckDB       2913.50 ms ±  0.00  (1 rows)

--- Q11 ---
  DuckDB        500.17 ms ±  0.00  (92698 rows)

--- Q05 ---
  DuckDB       4320.15 ms ±  0.00  (5 rows)

--- Q18 ---
  DuckDB       5114.95 ms ±  0.00  (6398 rows)

--- Q08 ---
  DuckDB       8723.51 ms ±  0.00  (2 rows)

--- Q16 ---
  DuckDB       1092.66 ms ±  0.00  (27840 rows)

--- Q07 ---
  DuckDB       7475.22 ms ±  0.00  (4 rows)

--- Q20 ---
  DuckDB       9041.87 ms ±  0.00  (17971 rows)

--- Q13 ---
  DuckDB       7810.05 ms ±  0.00  (45 rows)

--- Q01 ---
  DuckDB       7686.24 ms ±  0.00  (4 rows)

--- Q15 ---
  DuckDB       4211.73 ms ±  0.00  (1 rows)

--- Q04 ---
  DuckDB       3644.60 ms ±  0.00  (5 rows)

--- Q17 ---
  DuckDB       5153.94 ms ±  0.00  (1 rows)

--- Q09 ---
  DuckDB       14871.63 ms ±  0.00  (175 rows)

--- Q10 ---
  DuckDB       5975.43 ms ±  0.00  (3884218 rows)

--- Q06 ---
  DuckDB       5249.40 ms ±  0.00  (1 rows)

--- Q12 ---
  DuckDB       5484.31 ms ±  0.00  (2 rows)

--- Q21 ---
  DuckDB       15174.56 ms ±  0.00  (39950 rows)

--- Q03 ---
  DuckDB       5858.85 ms ±  0.00  (1131041 rows)

--- Q02 ---
  DuckDB        943.10 ms ±  0.00  (47107 rows)

wrote /Users/ryanevans/RustroverProjects/ematix-flow/bench-results/campaign-2026-07-01/tput-sf100/duckdb/s10/batch-1/stream-2.md
