=== TPC-H 22 triangulation bench ===
    data:    /Users/ryanevans/RustroverProjects/ematix-flow/examples/tpch/data/sf10
    queries: 22 ([6, 13, 4, 21, 14, 2, 20, 18, 9, 12, 7, 22, 16, 17, 11, 19, 10, 5, 1, 15, 3, 8])
    trials:  1 (after 0 warmups)
    output:  bench-results/tput-rebaseline-2026-07-03/sf10-auto/ematix/s100/batch-3/stream-59.md

    NOTE: single-invocation output is SMOKE-GRADE only. For win/loss
    claims use scripts/bench/strict_22q.sh / strict_ab.sh /
    strict_throughput.sh (see scripts/bench/README.md).

--- Q06 ---
  ematix-flow   337.39 ms ±  0.00  (1 rows)

--- Q13 ---
  ematix-flow  1720.59 ms ±  0.00  (46 rows)

--- Q04 ---
  ematix-flow   979.93 ms ±  0.00  (5 rows)

--- Q21 ---
  ematix-flow  2996.68 ms ±  0.00  (4009 rows)

--- Q14 ---
  ematix-flow   388.69 ms ±  0.00  (1 rows)

--- Q02 ---
  ematix-flow   159.47 ms ±  0.00  (4667 rows)

--- Q20 ---
  ematix-flow  1141.28 ms ±  0.00  (1804 rows)

--- Q18 ---
  ematix-flow  4772.53 ms ±  0.00  (624 rows)

--- Q09 ---
  ematix-flow  5051.75 ms ±  0.00  (175 rows)

--- Q12 ---
  ematix-flow   919.60 ms ±  0.00  (2 rows)

--- Q07 ---
  ematix-flow  1215.75 ms ±  0.00  (4 rows)

--- Q22 ---
  ematix-flow   546.77 ms ±  0.00  (7 rows)

--- Q16 ---
  ematix-flow   461.31 ms ±  0.00  (27840 rows)

--- Q17 ---
  ematix-flow  1124.64 ms ±  0.00  (1 rows)

--- Q11 ---
  ematix-flow   309.10 ms ±  0.00  (8685 rows)

--- Q19 ---
  ematix-flow   665.79 ms ±  0.00  (1 rows)

--- Q10 ---
  ematix-flow  2184.85 ms ±  0.00  (381105 rows)

--- Q05 ---
  ematix-flow  1182.49 ms ±  0.00  (5 rows)

--- Q01 ---
  ematix-flow  3116.98 ms ±  0.00  (4 rows)

--- Q15 ---
  ematix-flow   528.68 ms ±  0.00  (1 rows)

--- Q03 ---
  ematix-flow  1379.97 ms ±  0.00  (114003 rows)

--- Q08 ---
  ematix-flow  1197.53 ms ±  0.00  (2 rows)

wrote bench-results/tput-rebaseline-2026-07-03/sf10-auto/ematix/s100/batch-3/stream-59.md
