=== TPC-H 22 triangulation bench ===
    data:    /Users/ryanevans/RustroverProjects/ematix-flow/examples/tpch/data/sf10
    queries: 22 ([14, 20, 18, 4, 15, 12, 13, 7, 21, 3, 11, 2, 1, 6, 17, 16, 8, 9, 5, 19, 22, 10])
    trials:  1 (after 0 warmups)
    output:  bench-results/tput-rebaseline-2026-07-03/sf10-auto/ematix/s100/batch-3/stream-60.md

    NOTE: single-invocation output is SMOKE-GRADE only. For win/loss
    claims use scripts/bench/strict_22q.sh / strict_ab.sh /
    strict_throughput.sh (see scripts/bench/README.md).

--- Q14 ---
  ematix-flow   290.35 ms ±  0.00  (1 rows)

--- Q20 ---
  ematix-flow  1093.00 ms ±  0.00  (1804 rows)

--- Q18 ---
  ematix-flow  3529.36 ms ±  0.00  (624 rows)

--- Q04 ---
  ematix-flow  1159.62 ms ±  0.00  (5 rows)

--- Q15 ---
  ematix-flow   419.46 ms ±  0.00  (1 rows)

--- Q12 ---
  ematix-flow  1001.41 ms ±  0.00  (2 rows)

--- Q13 ---
  ematix-flow  1720.42 ms ±  0.00  (46 rows)

--- Q07 ---
  ematix-flow  1139.79 ms ±  0.00  (4 rows)

--- Q21 ---
  ematix-flow  3558.50 ms ±  0.00  (4009 rows)

--- Q03 ---
  ematix-flow  1673.04 ms ±  0.00  (114003 rows)

--- Q11 ---
  ematix-flow   250.77 ms ±  0.00  (8685 rows)

--- Q02 ---
  ematix-flow   113.12 ms ±  0.00  (4667 rows)

--- Q01 ---
  ematix-flow  4528.80 ms ±  0.00  (4 rows)

--- Q06 ---
  ematix-flow   368.39 ms ±  0.00  (1 rows)

--- Q17 ---
  ematix-flow  1092.12 ms ±  0.00  (1 rows)

--- Q16 ---
  ematix-flow   634.18 ms ±  0.00  (27840 rows)

--- Q08 ---
  ematix-flow  1326.91 ms ±  0.00  (2 rows)

--- Q09 ---
  ematix-flow  3234.14 ms ±  0.00  (175 rows)

--- Q05 ---
  ematix-flow  1536.97 ms ±  0.00  (5 rows)

--- Q19 ---
  ematix-flow   486.83 ms ±  0.00  (1 rows)

--- Q22 ---
  ematix-flow   267.55 ms ±  0.00  (7 rows)

--- Q10 ---
  ematix-flow  1729.58 ms ±  0.00  (381105 rows)

wrote bench-results/tput-rebaseline-2026-07-03/sf10-auto/ematix/s100/batch-3/stream-60.md
