=== TPC-H 22 triangulation bench ===
    data:    /Users/ryanevans/RustroverProjects/ematix-flow/examples/tpch/data/sf10
    queries: 22 ([13, 5, 9, 8, 1, 14, 2, 7, 4, 21, 22, 16, 11, 15, 17, 10, 19, 18, 12, 6, 20, 3])
    trials:  1 (after 0 warmups)
    output:  bench-results/tput-rebaseline-2026-07-03/sf10-auto/ematix/s100/batch-3/stream-72.md

    NOTE: single-invocation output is SMOKE-GRADE only. For win/loss
    claims use scripts/bench/strict_22q.sh / strict_ab.sh /
    strict_throughput.sh (see scripts/bench/README.md).

--- Q13 ---
  ematix-flow  1650.69 ms ±  0.00  (46 rows)

--- Q05 ---
  ematix-flow  1291.07 ms ±  0.00  (5 rows)

--- Q09 ---
  ematix-flow  2074.69 ms ±  0.00  (175 rows)

--- Q08 ---
  ematix-flow  1188.43 ms ±  0.00  (2 rows)

--- Q01 ---
  ematix-flow  3417.59 ms ±  0.00  (4 rows)

--- Q14 ---
  ematix-flow   399.32 ms ±  0.00  (1 rows)

--- Q02 ---
  ematix-flow   207.39 ms ±  0.00  (4667 rows)

--- Q07 ---
  ematix-flow  1300.14 ms ±  0.00  (4 rows)

--- Q04 ---
  ematix-flow   700.95 ms ±  0.00  (5 rows)

--- Q21 ---
  ematix-flow  3194.51 ms ±  0.00  (4009 rows)

--- Q22 ---
  ematix-flow   449.66 ms ±  0.00  (7 rows)

--- Q16 ---
  ematix-flow   312.30 ms ±  0.00  (27840 rows)

--- Q11 ---
  ematix-flow   176.68 ms ±  0.00  (8685 rows)

--- Q15 ---
  ematix-flow   445.39 ms ±  0.00  (1 rows)

--- Q17 ---
  ematix-flow   890.23 ms ±  0.00  (1 rows)

--- Q10 ---
  ematix-flow  1725.14 ms ±  0.00  (381105 rows)

--- Q19 ---
  ematix-flow   514.92 ms ±  0.00  (1 rows)

--- Q18 ---
  ematix-flow  4028.55 ms ±  0.00  (624 rows)

--- Q12 ---
  ematix-flow   942.85 ms ±  0.00  (2 rows)

--- Q06 ---
  ematix-flow   549.10 ms ±  0.00  (1 rows)

--- Q20 ---
  ematix-flow  1083.38 ms ±  0.00  (1804 rows)

--- Q03 ---
  ematix-flow  1185.89 ms ±  0.00  (114003 rows)

wrote bench-results/tput-rebaseline-2026-07-03/sf10-auto/ematix/s100/batch-3/stream-72.md
