=== TPC-H 22 triangulation bench ===
    data:    /Users/ryanevans/RustroverProjects/ematix-flow/examples/tpch/data/sf10
    queries: 22 ([3, 19, 7, 21, 2, 20, 15, 22, 4, 10, 14, 11, 18, 8, 6, 1, 13, 5, 12, 17, 9, 16])
    trials:  1 (after 0 warmups)
    output:  bench-results/tput-rebaseline-2026-07-03/sf10-auto/ematix/s100/batch-3/stream-12.md

    NOTE: single-invocation output is SMOKE-GRADE only. For win/loss
    claims use scripts/bench/strict_22q.sh / strict_ab.sh /
    strict_throughput.sh (see scripts/bench/README.md).

--- Q03 ---
  ematix-flow  1270.20 ms ±  0.00  (114003 rows)

--- Q19 ---
  ematix-flow   491.34 ms ±  0.00  (1 rows)

--- Q07 ---
  ematix-flow  1103.86 ms ±  0.00  (4 rows)

--- Q21 ---
  ematix-flow  2502.53 ms ±  0.00  (4009 rows)

--- Q02 ---
  ematix-flow   115.02 ms ±  0.00  (4667 rows)

--- Q20 ---
  ematix-flow  1047.27 ms ±  0.00  (1804 rows)

--- Q15 ---
  ematix-flow   530.94 ms ±  0.00  (1 rows)

--- Q22 ---
  ematix-flow   397.15 ms ±  0.00  (7 rows)

--- Q04 ---
  ematix-flow  1059.55 ms ±  0.00  (5 rows)

--- Q10 ---
  ematix-flow  1821.97 ms ±  0.00  (381105 rows)

--- Q14 ---
  ematix-flow   214.93 ms ±  0.00  (1 rows)

--- Q11 ---
  ematix-flow   196.78 ms ±  0.00  (8685 rows)

--- Q18 ---
  ematix-flow  3821.01 ms ±  0.00  (624 rows)

--- Q08 ---
  ematix-flow  1238.80 ms ±  0.00  (2 rows)

--- Q06 ---
  ematix-flow   467.31 ms ±  0.00  (1 rows)

--- Q01 ---
  ematix-flow  3225.08 ms ±  0.00  (4 rows)

--- Q13 ---
  ematix-flow  1479.31 ms ±  0.00  (46 rows)

--- Q05 ---
  ematix-flow   988.94 ms ±  0.00  (5 rows)

--- Q12 ---
  ematix-flow  1238.05 ms ±  0.00  (2 rows)

--- Q17 ---
  ematix-flow  1671.38 ms ±  0.00  (1 rows)

--- Q09 ---
  ematix-flow  6569.76 ms ±  0.00  (175 rows)

--- Q16 ---
  ematix-flow   537.21 ms ±  0.00  (27840 rows)

wrote bench-results/tput-rebaseline-2026-07-03/sf10-auto/ematix/s100/batch-3/stream-12.md
