=== TPC-H 22 triangulation bench ===
    data:    /Users/ryanevans/RustroverProjects/ematix-flow/examples/tpch/data/sf10
    queries: 22 ([19, 11, 18, 10, 4, 5, 22, 1, 8, 6, 13, 7, 20, 3, 15, 21, 14, 12, 16, 17, 2, 9])
    trials:  1 (after 0 warmups)
    output:  bench-results/tput-rebaseline-2026-07-03/sf10-auto/ematix/s100/batch-3/stream-52.md

    NOTE: single-invocation output is SMOKE-GRADE only. For win/loss
    claims use scripts/bench/strict_22q.sh / strict_ab.sh /
    strict_throughput.sh (see scripts/bench/README.md).

--- Q19 ---
  ematix-flow   454.73 ms ±  0.00  (1 rows)

--- Q11 ---
  ematix-flow   341.73 ms ±  0.00  (8685 rows)

--- Q18 ---
  ematix-flow  3231.41 ms ±  0.00  (624 rows)

--- Q10 ---
  ematix-flow  1569.72 ms ±  0.00  (381105 rows)

--- Q04 ---
  ematix-flow   860.93 ms ±  0.00  (5 rows)

--- Q05 ---
  ematix-flow  1229.85 ms ±  0.00  (5 rows)

--- Q22 ---
  ematix-flow   331.38 ms ±  0.00  (7 rows)

--- Q01 ---
  ematix-flow  3607.95 ms ±  0.00  (4 rows)

--- Q08 ---
  ematix-flow  1066.64 ms ±  0.00  (2 rows)

--- Q06 ---
  ematix-flow   401.51 ms ±  0.00  (1 rows)

--- Q13 ---
  ematix-flow  1458.17 ms ±  0.00  (46 rows)

--- Q07 ---
  ematix-flow  1186.27 ms ±  0.00  (4 rows)

--- Q20 ---
  ematix-flow  1310.09 ms ±  0.00  (1804 rows)

--- Q03 ---
  ematix-flow  1234.66 ms ±  0.00  (114003 rows)

--- Q15 ---
  ematix-flow   509.68 ms ±  0.00  (1 rows)

--- Q21 ---
  ematix-flow  4622.28 ms ±  0.00  (4009 rows)

--- Q14 ---
  ematix-flow   339.15 ms ±  0.00  (1 rows)

--- Q12 ---
  ematix-flow   795.92 ms ±  0.00  (2 rows)

--- Q16 ---
  ematix-flow   649.04 ms ±  0.00  (27840 rows)

--- Q17 ---
  ematix-flow   871.03 ms ±  0.00  (1 rows)

--- Q02 ---
  ematix-flow   165.92 ms ±  0.00  (4667 rows)

--- Q09 ---
  ematix-flow  4407.31 ms ±  0.00  (175 rows)

wrote bench-results/tput-rebaseline-2026-07-03/sf10-auto/ematix/s100/batch-3/stream-52.md
