=== TPC-H 22 triangulation bench ===
    data:    /Users/ryanevans/RustroverProjects/ematix-flow/examples/tpch/data/sf10
    queries: 22 ([19, 18, 21, 15, 13, 17, 8, 14, 9, 16, 7, 22, 12, 5, 4, 6, 20, 3, 10, 1, 2, 11])
    trials:  1 (after 0 warmups)
    output:  bench-results/tput-rebaseline-2026-07-03/sf10-auto/ematix/s100/batch-3/stream-36.md

    NOTE: single-invocation output is SMOKE-GRADE only. For win/loss
    claims use scripts/bench/strict_22q.sh / strict_ab.sh /
    strict_throughput.sh (see scripts/bench/README.md).

--- Q19 ---
  ematix-flow   461.71 ms ±  0.00  (1 rows)

--- Q18 ---
  ematix-flow  2730.32 ms ±  0.00  (624 rows)

--- Q21 ---
  ematix-flow  2096.55 ms ±  0.00  (4009 rows)

--- Q15 ---
  ematix-flow   438.67 ms ±  0.00  (1 rows)

--- Q13 ---
  ematix-flow  1365.88 ms ±  0.00  (46 rows)

--- Q17 ---
  ematix-flow   869.13 ms ±  0.00  (1 rows)

--- Q08 ---
  ematix-flow  1185.93 ms ±  0.00  (2 rows)

--- Q14 ---
  ematix-flow   297.45 ms ±  0.00  (1 rows)

--- Q09 ---
  ematix-flow  5068.34 ms ±  0.00  (175 rows)

--- Q16 ---
  ematix-flow   735.20 ms ±  0.00  (27840 rows)

--- Q07 ---
  ematix-flow  1377.95 ms ±  0.00  (4 rows)

--- Q22 ---
  ematix-flow   440.89 ms ±  0.00  (7 rows)

--- Q12 ---
  ematix-flow   790.38 ms ±  0.00  (2 rows)

--- Q05 ---
  ematix-flow  1290.11 ms ±  0.00  (5 rows)

--- Q04 ---
  ematix-flow   857.90 ms ±  0.00  (5 rows)

--- Q06 ---
  ematix-flow   387.11 ms ±  0.00  (1 rows)

--- Q20 ---
  ematix-flow   973.28 ms ±  0.00  (1804 rows)

--- Q03 ---
  ematix-flow   882.78 ms ±  0.00  (114003 rows)

--- Q10 ---
  ematix-flow  2085.51 ms ±  0.00  (381105 rows)

--- Q01 ---
  ematix-flow  4176.27 ms ±  0.00  (4 rows)

--- Q02 ---
  ematix-flow   133.35 ms ±  0.00  (4667 rows)

--- Q11 ---
  ematix-flow   143.07 ms ±  0.00  (8685 rows)

wrote bench-results/tput-rebaseline-2026-07-03/sf10-auto/ematix/s100/batch-3/stream-36.md
