=== TPC-H 22 triangulation bench ===
    data:    /Users/ryanevans/RustroverProjects/ematix-flow/examples/tpch/data/sf10
    queries: 22 ([12, 8, 14, 3, 15, 6, 16, 22, 13, 10, 19, 18, 4, 2, 21, 7, 5, 9, 1, 20, 17, 11])
    trials:  1 (after 0 warmups)
    output:  bench-results/tput-rebaseline-2026-07-03/sf10-auto/ematix/s100/batch-3/stream-71.md

    NOTE: single-invocation output is SMOKE-GRADE only. For win/loss
    claims use scripts/bench/strict_22q.sh / strict_ab.sh /
    strict_throughput.sh (see scripts/bench/README.md).

--- Q12 ---
  ematix-flow   846.41 ms ±  0.00  (2 rows)

--- Q08 ---
  ematix-flow  1097.12 ms ±  0.00  (2 rows)

--- Q14 ---
  ematix-flow   263.81 ms ±  0.00  (1 rows)

--- Q03 ---
  ematix-flow  1274.83 ms ±  0.00  (114003 rows)

--- Q15 ---
  ematix-flow   485.26 ms ±  0.00  (1 rows)

--- Q06 ---
  ematix-flow   283.45 ms ±  0.00  (1 rows)

--- Q16 ---
  ematix-flow   346.63 ms ±  0.00  (27840 rows)

--- Q22 ---
  ematix-flow   367.43 ms ±  0.00  (7 rows)

--- Q13 ---
  ematix-flow  1317.50 ms ±  0.00  (46 rows)

--- Q10 ---
  ematix-flow  1689.81 ms ±  0.00  (381105 rows)

--- Q19 ---
  ematix-flow   467.89 ms ±  0.00  (1 rows)

--- Q18 ---
  ematix-flow  4247.96 ms ±  0.00  (624 rows)

--- Q04 ---
  ematix-flow   672.39 ms ±  0.00  (5 rows)

--- Q02 ---
  ematix-flow   136.68 ms ±  0.00  (4667 rows)

--- Q21 ---
  ematix-flow  3000.27 ms ±  0.00  (4009 rows)

--- Q07 ---
  ematix-flow  1119.77 ms ±  0.00  (4 rows)

--- Q05 ---
  ematix-flow  1363.47 ms ±  0.00  (5 rows)

--- Q09 ---
  ematix-flow  3644.49 ms ±  0.00  (175 rows)

--- Q01 ---
  ematix-flow  3939.79 ms ±  0.00  (4 rows)

--- Q20 ---
  ematix-flow  1078.11 ms ±  0.00  (1804 rows)

--- Q17 ---
  ematix-flow   874.38 ms ±  0.00  (1 rows)

--- Q11 ---
  ematix-flow   310.81 ms ±  0.00  (8685 rows)

wrote bench-results/tput-rebaseline-2026-07-03/sf10-auto/ematix/s100/batch-3/stream-71.md
