=== TPC-H 22 triangulation bench ===
    data:    /Users/ryanevans/RustroverProjects/ematix-flow/examples/tpch/data/sf10
    queries: 22 ([12, 11, 16, 4, 21, 14, 20, 22, 9, 1, 18, 5, 6, 13, 3, 7, 10, 8, 2, 17, 19, 15])
    trials:  1 (after 0 warmups)
    output:  bench-results/tput-rebaseline-2026-07-03/sf10-auto/ematix/s100/batch-3/stream-40.md

    NOTE: single-invocation output is SMOKE-GRADE only. For win/loss
    claims use scripts/bench/strict_22q.sh / strict_ab.sh /
    strict_throughput.sh (see scripts/bench/README.md).

--- Q12 ---
  ematix-flow   698.10 ms ±  0.00  (2 rows)

--- Q11 ---
  ematix-flow   177.66 ms ±  0.00  (8685 rows)

--- Q16 ---
  ematix-flow   481.25 ms ±  0.00  (27840 rows)

--- Q04 ---
  ematix-flow   689.42 ms ±  0.00  (5 rows)

--- Q21 ---
  ematix-flow  2637.56 ms ±  0.00  (4009 rows)

--- Q14 ---
  ematix-flow   358.83 ms ±  0.00  (1 rows)

--- Q20 ---
  ematix-flow  1080.46 ms ±  0.00  (1804 rows)

--- Q22 ---
  ematix-flow   296.64 ms ±  0.00  (7 rows)

--- Q09 ---
  ematix-flow  4720.45 ms ±  0.00  (175 rows)

--- Q01 ---
  ematix-flow  4219.50 ms ±  0.00  (4 rows)

--- Q18 ---
  ematix-flow  4173.10 ms ±  0.00  (624 rows)

--- Q05 ---
  ematix-flow  1325.81 ms ±  0.00  (5 rows)

--- Q06 ---
  ematix-flow   665.52 ms ±  0.00  (1 rows)

--- Q13 ---
  ematix-flow  1747.16 ms ±  0.00  (46 rows)

--- Q03 ---
  ematix-flow  1249.98 ms ±  0.00  (114003 rows)

--- Q07 ---
  ematix-flow  1395.81 ms ±  0.00  (4 rows)

--- Q10 ---
  ematix-flow  1837.52 ms ±  0.00  (381105 rows)

--- Q08 ---
  ematix-flow  1153.49 ms ±  0.00  (2 rows)

--- Q02 ---
  ematix-flow   172.23 ms ±  0.00  (4667 rows)

--- Q17 ---
  ematix-flow   689.03 ms ±  0.00  (1 rows)

--- Q19 ---
  ematix-flow   356.68 ms ±  0.00  (1 rows)

--- Q15 ---
  ematix-flow   365.39 ms ±  0.00  (1 rows)

wrote bench-results/tput-rebaseline-2026-07-03/sf10-auto/ematix/s100/batch-3/stream-40.md
