=== TPC-H 22 triangulation bench ===
    data:    /Users/ryanevans/RustroverProjects/ematix-flow/examples/tpch/data/sf10
    queries: 22 ([5, 6, 8, 22, 4, 21, 19, 2, 17, 13, 1, 10, 20, 7, 16, 9, 11, 15, 18, 14, 3, 12])
    trials:  1 (after 0 warmups)
    output:  bench-results/tput-rebaseline-2026-07-03/sf10-auto/ematix/s100/batch-3/stream-47.md

    NOTE: single-invocation output is SMOKE-GRADE only. For win/loss
    claims use scripts/bench/strict_22q.sh / strict_ab.sh /
    strict_throughput.sh (see scripts/bench/README.md).

--- Q05 ---
  ematix-flow  1339.99 ms ±  0.00  (5 rows)

--- Q06 ---
  ematix-flow   187.43 ms ±  0.00  (1 rows)

--- Q08 ---
  ematix-flow  1124.31 ms ±  0.00  (2 rows)

--- Q22 ---
  ematix-flow   427.93 ms ±  0.00  (7 rows)

--- Q04 ---
  ematix-flow   895.75 ms ±  0.00  (5 rows)

--- Q21 ---
  ematix-flow  2939.16 ms ±  0.00  (4009 rows)

--- Q19 ---
  ematix-flow   471.67 ms ±  0.00  (1 rows)

--- Q02 ---
  ematix-flow   206.28 ms ±  0.00  (4667 rows)

--- Q17 ---
  ematix-flow   925.34 ms ±  0.00  (1 rows)

--- Q13 ---
  ematix-flow  1628.21 ms ±  0.00  (46 rows)

--- Q01 ---
  ematix-flow  3430.93 ms ±  0.00  (4 rows)

--- Q10 ---
  ematix-flow  1867.03 ms ±  0.00  (381105 rows)

--- Q20 ---
  ematix-flow  1086.53 ms ±  0.00  (1804 rows)

--- Q07 ---
  ematix-flow  1054.08 ms ±  0.00  (4 rows)

--- Q16 ---
  ematix-flow   484.57 ms ±  0.00  (27840 rows)

--- Q09 ---
  ematix-flow  4639.17 ms ±  0.00  (175 rows)

--- Q11 ---
  ematix-flow   288.80 ms ±  0.00  (8685 rows)

--- Q15 ---
  ematix-flow   587.41 ms ±  0.00  (1 rows)

--- Q18 ---
  ematix-flow  3380.64 ms ±  0.00  (624 rows)

--- Q14 ---
  ematix-flow   338.26 ms ±  0.00  (1 rows)

--- Q03 ---
  ematix-flow  1255.50 ms ±  0.00  (114003 rows)

--- Q12 ---
  ematix-flow   720.91 ms ±  0.00  (2 rows)

wrote bench-results/tput-rebaseline-2026-07-03/sf10-auto/ematix/s100/batch-3/stream-47.md
