=== TPC-H 22 triangulation bench ===
    data:    /Users/ryanevans/RustroverProjects/ematix-flow/examples/tpch/data/sf10
    queries: 22 ([1, 12, 20, 22, 3, 13, 5, 2, 4, 7, 11, 6, 16, 18, 9, 19, 15, 8, 17, 21, 10, 14])
    trials:  1 (after 0 warmups)
    output:  bench-results/tput-rebaseline-2026-07-03/sf10-auto/ematix/s100/batch-3/stream-65.md

    NOTE: single-invocation output is SMOKE-GRADE only. For win/loss
    claims use scripts/bench/strict_22q.sh / strict_ab.sh /
    strict_throughput.sh (see scripts/bench/README.md).

--- Q01 ---
  ematix-flow  3450.04 ms ±  0.00  (4 rows)

--- Q12 ---
  ematix-flow   676.30 ms ±  0.00  (2 rows)

--- Q20 ---
  ematix-flow  1021.81 ms ±  0.00  (1804 rows)

--- Q22 ---
  ematix-flow   286.07 ms ±  0.00  (7 rows)

--- Q03 ---
  ematix-flow  1185.97 ms ±  0.00  (114003 rows)

--- Q13 ---
  ematix-flow  1706.88 ms ±  0.00  (46 rows)

--- Q05 ---
  ematix-flow  1293.90 ms ±  0.00  (5 rows)

--- Q02 ---
  ematix-flow   120.98 ms ±  0.00  (4667 rows)

--- Q04 ---
  ematix-flow   849.92 ms ±  0.00  (5 rows)

--- Q07 ---
  ematix-flow  1202.44 ms ±  0.00  (4 rows)

--- Q11 ---
  ematix-flow   240.58 ms ±  0.00  (8685 rows)

--- Q06 ---
  ematix-flow   243.85 ms ±  0.00  (1 rows)

--- Q16 ---
  ematix-flow   325.98 ms ±  0.00  (27840 rows)

--- Q18 ---
  ematix-flow  5124.13 ms ±  0.00  (624 rows)

--- Q09 ---
  ematix-flow  4842.47 ms ±  0.00  (175 rows)

--- Q19 ---
  ematix-flow   311.70 ms ±  0.00  (1 rows)

--- Q15 ---
  ematix-flow   519.50 ms ±  0.00  (1 rows)

--- Q08 ---
  ematix-flow  1512.83 ms ±  0.00  (2 rows)

--- Q17 ---
  ematix-flow  1104.88 ms ±  0.00  (1 rows)

--- Q21 ---
  ematix-flow  3755.15 ms ±  0.00  (4009 rows)

--- Q10 ---
  ematix-flow  2156.30 ms ±  0.00  (381105 rows)

--- Q14 ---
  ematix-flow   280.76 ms ±  0.00  (1 rows)

wrote bench-results/tput-rebaseline-2026-07-03/sf10-auto/ematix/s100/batch-3/stream-65.md
