=== TPC-H 22 triangulation bench ===
    data:    /Users/ryanevans/RustroverProjects/ematix-flow/examples/tpch/data/sf10
    queries: 22 ([14, 22, 9, 15, 10, 21, 4, 6, 3, 20, 13, 16, 7, 5, 18, 11, 17, 8, 1, 19, 12, 2])
    trials:  1 (after 0 warmups)
    output:  bench-results/tput-rebaseline-2026-07-03/sf10-auto/ematix/s100/batch-3/stream-57.md

    NOTE: single-invocation output is SMOKE-GRADE only. For win/loss
    claims use scripts/bench/strict_22q.sh / strict_ab.sh /
    strict_throughput.sh (see scripts/bench/README.md).

--- Q14 ---
  ematix-flow   231.19 ms ±  0.00  (1 rows)

--- Q22 ---
  ematix-flow   305.11 ms ±  0.00  (7 rows)

--- Q09 ---
  ematix-flow  2494.23 ms ±  0.00  (175 rows)

--- Q15 ---
  ematix-flow   391.29 ms ±  0.00  (1 rows)

--- Q10 ---
  ematix-flow  1703.61 ms ±  0.00  (381105 rows)

--- Q21 ---
  ematix-flow  2779.67 ms ±  0.00  (4009 rows)

--- Q04 ---
  ematix-flow   894.75 ms ±  0.00  (5 rows)

--- Q06 ---
  ematix-flow   287.12 ms ±  0.00  (1 rows)

--- Q03 ---
  ematix-flow  1319.34 ms ±  0.00  (114003 rows)

--- Q20 ---
  ematix-flow  1044.87 ms ±  0.00  (1804 rows)

--- Q13 ---
  ematix-flow  1580.44 ms ±  0.00  (46 rows)

--- Q16 ---
  ematix-flow   507.00 ms ±  0.00  (27840 rows)

--- Q07 ---
  ematix-flow  1265.08 ms ±  0.00  (4 rows)

--- Q05 ---
  ematix-flow  1380.25 ms ±  0.00  (5 rows)

--- Q18 ---
  ematix-flow  5361.62 ms ±  0.00  (624 rows)

--- Q11 ---
  ematix-flow   185.32 ms ±  0.00  (8685 rows)

--- Q17 ---
  ematix-flow   964.96 ms ±  0.00  (1 rows)

--- Q08 ---
  ematix-flow  1341.13 ms ±  0.00  (2 rows)

--- Q01 ---
  ematix-flow  3701.20 ms ±  0.00  (4 rows)

--- Q19 ---
  ematix-flow   482.70 ms ±  0.00  (1 rows)

--- Q12 ---
  ematix-flow  1005.02 ms ±  0.00  (2 rows)

--- Q02 ---
  ematix-flow   242.71 ms ±  0.00  (4667 rows)

wrote bench-results/tput-rebaseline-2026-07-03/sf10-auto/ematix/s100/batch-3/stream-57.md
