=== TPC-H 22 triangulation bench ===
    data:    /Users/ryanevans/RustroverProjects/ematix-flow/examples/tpch/data/sf10
    queries: 22 ([21, 20, 4, 6, 16, 5, 19, 8, 13, 15, 9, 2, 7, 12, 14, 10, 17, 3, 22, 11, 18, 1])
    trials:  1 (after 0 warmups)
    output:  bench-results/tput-rebaseline-2026-07-03/sf10-auto/ematix/s100/batch-3/stream-86.md

    NOTE: single-invocation output is SMOKE-GRADE only. For win/loss
    claims use scripts/bench/strict_22q.sh / strict_ab.sh /
    strict_throughput.sh (see scripts/bench/README.md).

--- Q21 ---
  ematix-flow  2569.99 ms ±  0.00  (4009 rows)

--- Q20 ---
  ematix-flow  1433.49 ms ±  0.00  (1804 rows)

--- Q04 ---
  ematix-flow   734.13 ms ±  0.00  (5 rows)

--- Q06 ---
  ematix-flow   240.34 ms ±  0.00  (1 rows)

--- Q16 ---
  ematix-flow   555.36 ms ±  0.00  (27840 rows)

--- Q05 ---
  ematix-flow  1159.13 ms ±  0.00  (5 rows)

--- Q19 ---
  ematix-flow   396.25 ms ±  0.00  (1 rows)

--- Q08 ---
  ematix-flow  1245.07 ms ±  0.00  (2 rows)

--- Q13 ---
  ematix-flow  1804.45 ms ±  0.00  (46 rows)

--- Q15 ---
  ematix-flow   429.45 ms ±  0.00  (1 rows)

--- Q09 ---
  ematix-flow  3455.60 ms ±  0.00  (175 rows)

--- Q02 ---
  ematix-flow   171.21 ms ±  0.00  (4667 rows)

--- Q07 ---
  ematix-flow  1120.94 ms ±  0.00  (4 rows)

--- Q12 ---
  ematix-flow   973.12 ms ±  0.00  (2 rows)

--- Q14 ---
  ematix-flow   497.32 ms ±  0.00  (1 rows)

--- Q10 ---
  ematix-flow  2300.75 ms ±  0.00  (381105 rows)

--- Q17 ---
  ematix-flow  1199.88 ms ±  0.00  (1 rows)

--- Q03 ---
  ematix-flow  1306.33 ms ±  0.00  (114003 rows)

--- Q22 ---
  ematix-flow   541.49 ms ±  0.00  (7 rows)

--- Q11 ---
  ematix-flow   378.26 ms ±  0.00  (8685 rows)

--- Q18 ---
  ematix-flow  4543.34 ms ±  0.00  (624 rows)

--- Q01 ---
  ematix-flow  3787.75 ms ±  0.00  (4 rows)

wrote bench-results/tput-rebaseline-2026-07-03/sf10-auto/ematix/s100/batch-3/stream-86.md
