=== TPC-H 22 triangulation bench ===
    data:    /Users/ryanevans/RustroverProjects/ematix-flow/examples/tpch/data/sf10
    queries: 22 ([8, 14, 11, 21, 17, 22, 6, 13, 9, 1, 10, 15, 2, 7, 18, 5, 20, 3, 4, 12, 19, 16])
    trials:  1 (after 0 warmups)
    output:  bench-results/tput-rebaseline-2026-07-03/sf10-auto/ematix/s100/batch-3/stream-93.md

    NOTE: single-invocation output is SMOKE-GRADE only. For win/loss
    claims use scripts/bench/strict_22q.sh / strict_ab.sh /
    strict_throughput.sh (see scripts/bench/README.md).

--- Q08 ---
  ematix-flow  1156.71 ms ±  0.00  (2 rows)

--- Q14 ---
  ematix-flow   246.91 ms ±  0.00  (1 rows)

--- Q11 ---
  ematix-flow   138.45 ms ±  0.00  (8685 rows)

--- Q21 ---
  ematix-flow  2793.26 ms ±  0.00  (4009 rows)

--- Q17 ---
  ematix-flow   734.69 ms ±  0.00  (1 rows)

--- Q22 ---
  ematix-flow   316.42 ms ±  0.00  (7 rows)

--- Q06 ---
  ematix-flow   178.24 ms ±  0.00  (1 rows)

--- Q13 ---
  ematix-flow  1240.75 ms ±  0.00  (46 rows)

--- Q09 ---
  ematix-flow  3071.78 ms ±  0.00  (175 rows)

--- Q01 ---
  ematix-flow  3878.04 ms ±  0.00  (4 rows)

--- Q10 ---
  ematix-flow  1771.43 ms ±  0.00  (381105 rows)

--- Q15 ---
  ematix-flow   559.97 ms ±  0.00  (1 rows)

--- Q02 ---
  ematix-flow   188.73 ms ±  0.00  (4667 rows)

--- Q07 ---
  ematix-flow  1023.99 ms ±  0.00  (4 rows)

--- Q18 ---
  ematix-flow  4937.61 ms ±  0.00  (624 rows)

--- Q05 ---
  ematix-flow  1377.94 ms ±  0.00  (5 rows)

--- Q20 ---
  ematix-flow  1193.33 ms ±  0.00  (1804 rows)

--- Q03 ---
  ematix-flow   828.45 ms ±  0.00  (114003 rows)

--- Q04 ---
  ematix-flow   952.35 ms ±  0.00  (5 rows)

--- Q12 ---
  ematix-flow   855.23 ms ±  0.00  (2 rows)

--- Q19 ---
  ematix-flow   451.99 ms ±  0.00  (1 rows)

--- Q16 ---
  ematix-flow   492.42 ms ±  0.00  (27840 rows)

wrote bench-results/tput-rebaseline-2026-07-03/sf10-auto/ematix/s100/batch-3/stream-93.md
