=== TPC-H 22 triangulation bench ===
    data:    /Users/ryanevans/RustroverProjects/ematix-flow/examples/tpch/data/sf10
    queries: 22 ([21, 9, 18, 8, 6, 12, 10, 7, 1, 22, 19, 20, 14, 4, 11, 17, 2, 13, 5, 3, 15, 16])
    trials:  1 (after 0 warmups)
    output:  bench-results/tput-rebaseline-2026-07-03/sf10-auto/ematix/s100/batch-3/stream-83.md

    NOTE: single-invocation output is SMOKE-GRADE only. For win/loss
    claims use scripts/bench/strict_22q.sh / strict_ab.sh /
    strict_throughput.sh (see scripts/bench/README.md).

--- Q21 ---
  ematix-flow  3197.76 ms ±  0.00  (4009 rows)

--- Q09 ---
  ematix-flow  3147.72 ms ±  0.00  (175 rows)

--- Q18 ---
  ematix-flow  2930.40 ms ±  0.00  (624 rows)

--- Q08 ---
  ematix-flow  1031.31 ms ±  0.00  (2 rows)

--- Q06 ---
  ematix-flow   373.04 ms ±  0.00  (1 rows)

--- Q12 ---
  ematix-flow  1084.53 ms ±  0.00  (2 rows)

--- Q10 ---
  ematix-flow  1634.10 ms ±  0.00  (381105 rows)

--- Q07 ---
  ematix-flow  1138.08 ms ±  0.00  (4 rows)

--- Q01 ---
  ematix-flow  3512.97 ms ±  0.00  (4 rows)

--- Q22 ---
  ematix-flow   646.63 ms ±  0.00  (7 rows)

--- Q19 ---
  ematix-flow   682.74 ms ±  0.00  (1 rows)

--- Q20 ---
  ematix-flow  1485.49 ms ±  0.00  (1804 rows)

--- Q14 ---
  ematix-flow   246.97 ms ±  0.00  (1 rows)

--- Q04 ---
  ematix-flow  1347.78 ms ±  0.00  (5 rows)

--- Q11 ---
  ematix-flow   250.72 ms ±  0.00  (8685 rows)

--- Q17 ---
  ematix-flow  1058.09 ms ±  0.00  (1 rows)

--- Q02 ---
  ematix-flow   185.21 ms ±  0.00  (4667 rows)

--- Q13 ---
  ematix-flow  1614.72 ms ±  0.00  (46 rows)

--- Q05 ---
  ematix-flow  1113.29 ms ±  0.00  (5 rows)

--- Q03 ---
  ematix-flow  1181.92 ms ±  0.00  (114003 rows)

--- Q15 ---
  ematix-flow   448.21 ms ±  0.00  (1 rows)

--- Q16 ---
  ematix-flow   655.58 ms ±  0.00  (27840 rows)

wrote bench-results/tput-rebaseline-2026-07-03/sf10-auto/ematix/s100/batch-3/stream-83.md
