=== TPC-H 22 triangulation bench ===
    data:    /Users/ryanevans/RustroverProjects/ematix-flow/examples/tpch/data/sf10
    queries: 22 ([9, 8, 3, 12, 7, 6, 15, 14, 4, 20, 11, 2, 10, 21, 13, 19, 1, 16, 5, 22, 17, 18])
    trials:  1 (after 0 warmups)
    output:  bench-results/tput-rebaseline-2026-07-03/sf10-auto/ematix/s100/batch-3/stream-95.md

    NOTE: single-invocation output is SMOKE-GRADE only. For win/loss
    claims use scripts/bench/strict_22q.sh / strict_ab.sh /
    strict_throughput.sh (see scripts/bench/README.md).

--- Q09 ---
  ematix-flow  2496.91 ms ±  0.00  (175 rows)

--- Q08 ---
  ematix-flow  1189.12 ms ±  0.00  (2 rows)

--- Q03 ---
  ematix-flow  1147.26 ms ±  0.00  (114003 rows)

--- Q12 ---
  ematix-flow   902.36 ms ±  0.00  (2 rows)

--- Q07 ---
  ematix-flow  1334.30 ms ±  0.00  (4 rows)

--- Q06 ---
  ematix-flow   419.29 ms ±  0.00  (1 rows)

--- Q15 ---
  ematix-flow   584.18 ms ±  0.00  (1 rows)

--- Q14 ---
  ematix-flow   358.40 ms ±  0.00  (1 rows)

--- Q04 ---
  ematix-flow   976.35 ms ±  0.00  (5 rows)

--- Q20 ---
  ematix-flow  1193.66 ms ±  0.00  (1804 rows)

--- Q11 ---
  ematix-flow   152.70 ms ±  0.00  (8685 rows)

--- Q02 ---
  ematix-flow    98.82 ms ±  0.00  (4667 rows)

--- Q10 ---
  ematix-flow  1972.67 ms ±  0.00  (381105 rows)

--- Q21 ---
  ematix-flow  3650.28 ms ±  0.00  (4009 rows)

--- Q13 ---
  ematix-flow  1623.23 ms ±  0.00  (46 rows)

--- Q19 ---
  ematix-flow   606.27 ms ±  0.00  (1 rows)

--- Q01 ---
  ematix-flow  2738.54 ms ±  0.00  (4 rows)

--- Q16 ---
  ematix-flow   457.00 ms ±  0.00  (27840 rows)

--- Q05 ---
  ematix-flow  1147.99 ms ±  0.00  (5 rows)

--- Q22 ---
  ematix-flow   249.01 ms ±  0.00  (7 rows)

--- Q17 ---
  ematix-flow   926.79 ms ±  0.00  (1 rows)

--- Q18 ---
  ematix-flow  2187.91 ms ±  0.00  (624 rows)

wrote bench-results/tput-rebaseline-2026-07-03/sf10-auto/ematix/s100/batch-3/stream-95.md
