=== TPC-H 22 triangulation bench ===
    data:    /Users/ryanevans/RustroverProjects/ematix-flow/examples/tpch/data/sf10
    queries: 22 ([15, 8, 6, 18, 3, 12, 14, 4, 11, 22, 17, 20, 19, 5, 21, 9, 2, 16, 10, 7, 1, 13])
    trials:  1 (after 0 warmups)
    output:  bench-results/tput-rebaseline-2026-07-03/sf10-auto/ematix/s100/batch-3/stream-25.md

    NOTE: single-invocation output is SMOKE-GRADE only. For win/loss
    claims use scripts/bench/strict_22q.sh / strict_ab.sh /
    strict_throughput.sh (see scripts/bench/README.md).

--- Q15 ---
  ematix-flow   484.55 ms ±  0.00  (1 rows)

--- Q08 ---
  ematix-flow  1304.30 ms ±  0.00  (2 rows)

--- Q06 ---
  ematix-flow   263.09 ms ±  0.00  (1 rows)

--- Q18 ---
  ematix-flow  2753.63 ms ±  0.00  (624 rows)

--- Q03 ---
  ematix-flow  1141.19 ms ±  0.00  (114003 rows)

--- Q12 ---
  ematix-flow   772.65 ms ±  0.00  (2 rows)

--- Q14 ---
  ematix-flow   324.39 ms ±  0.00  (1 rows)

--- Q04 ---
  ematix-flow   910.27 ms ±  0.00  (5 rows)

--- Q11 ---
  ematix-flow   149.29 ms ±  0.00  (8685 rows)

--- Q22 ---
  ematix-flow   400.18 ms ±  0.00  (7 rows)

--- Q17 ---
  ematix-flow   808.93 ms ±  0.00  (1 rows)

--- Q20 ---
  ematix-flow  1436.71 ms ±  0.00  (1804 rows)

--- Q19 ---
  ematix-flow   458.96 ms ±  0.00  (1 rows)

--- Q05 ---
  ematix-flow  1349.24 ms ±  0.00  (5 rows)

--- Q21 ---
  ematix-flow  3518.97 ms ±  0.00  (4009 rows)

--- Q09 ---
  ematix-flow  4615.07 ms ±  0.00  (175 rows)

--- Q02 ---
  ematix-flow   155.94 ms ±  0.00  (4667 rows)

--- Q16 ---
  ematix-flow   605.16 ms ±  0.00  (27840 rows)

--- Q10 ---
  ematix-flow  2414.90 ms ±  0.00  (381105 rows)

--- Q07 ---
  ematix-flow  1084.70 ms ±  0.00  (4 rows)

--- Q01 ---
  ematix-flow  3581.19 ms ±  0.00  (4 rows)

--- Q13 ---
  ematix-flow  1615.01 ms ±  0.00  (46 rows)

wrote bench-results/tput-rebaseline-2026-07-03/sf10-auto/ematix/s100/batch-3/stream-25.md
