=== TPC-H 22 triangulation bench ===
    data:    /Users/ryanevans/RustroverProjects/ematix-flow/examples/tpch/data/sf10
    queries: 22 ([18, 6, 8, 19, 1, 12, 2, 9, 7, 16, 21, 13, 17, 14, 3, 22, 11, 5, 20, 15, 10, 4])
    trials:  1 (after 0 warmups)
    output:  bench-results/tput-rebaseline-2026-07-03/sf10-auto/ematix/s100/batch-3/stream-70.md

    NOTE: single-invocation output is SMOKE-GRADE only. For win/loss
    claims use scripts/bench/strict_22q.sh / strict_ab.sh /
    strict_throughput.sh (see scripts/bench/README.md).

--- Q18 ---
  ematix-flow  2500.93 ms ±  0.00  (624 rows)

--- Q06 ---
  ematix-flow   306.17 ms ±  0.00  (1 rows)

--- Q08 ---
  ematix-flow  1215.13 ms ±  0.00  (2 rows)

--- Q19 ---
  ematix-flow   468.46 ms ±  0.00  (1 rows)

--- Q01 ---
  ematix-flow  2908.94 ms ±  0.00  (4 rows)

--- Q12 ---
  ematix-flow   661.51 ms ±  0.00  (2 rows)

--- Q02 ---
  ematix-flow   251.37 ms ±  0.00  (4667 rows)

--- Q09 ---
  ematix-flow  3778.81 ms ±  0.00  (175 rows)

--- Q07 ---
  ematix-flow  1347.63 ms ±  0.00  (4 rows)

--- Q16 ---
  ematix-flow   561.92 ms ±  0.00  (27840 rows)

--- Q21 ---
  ematix-flow  3896.38 ms ±  0.00  (4009 rows)

--- Q13 ---
  ematix-flow  1538.72 ms ±  0.00  (46 rows)

--- Q17 ---
  ematix-flow  1318.86 ms ±  0.00  (1 rows)

--- Q14 ---
  ematix-flow   469.40 ms ±  0.00  (1 rows)

--- Q03 ---
  ematix-flow  1359.90 ms ±  0.00  (114003 rows)

--- Q22 ---
  ematix-flow   759.66 ms ±  0.00  (7 rows)

--- Q11 ---
  ematix-flow   417.74 ms ±  0.00  (8685 rows)

--- Q05 ---
  ematix-flow  1570.22 ms ±  0.00  (5 rows)

--- Q20 ---
  ematix-flow  1387.54 ms ±  0.00  (1804 rows)

--- Q15 ---
  ematix-flow   482.01 ms ±  0.00  (1 rows)

--- Q10 ---
  ematix-flow  1875.25 ms ±  0.00  (381105 rows)

--- Q04 ---
  ematix-flow   734.62 ms ±  0.00  (5 rows)

wrote bench-results/tput-rebaseline-2026-07-03/sf10-auto/ematix/s100/batch-3/stream-70.md
