=== TPC-H 22 triangulation bench ===
    data:    /Users/ryanevans/RustroverProjects/ematix-flow/examples/tpch/data/sf10
    queries: 22 ([5, 16, 18, 19, 3, 15, 2, 20, 21, 4, 1, 17, 12, 14, 7, 9, 10, 22, 6, 8, 11, 13])
    trials:  1 (after 0 warmups)
    output:  bench-results/tput-rebaseline-2026-07-03/sf10-auto/ematix/s100/batch-3/stream-41.md

    NOTE: single-invocation output is SMOKE-GRADE only. For win/loss
    claims use scripts/bench/strict_22q.sh / strict_ab.sh /
    strict_throughput.sh (see scripts/bench/README.md).

--- Q05 ---
  ematix-flow  1476.97 ms ±  0.00  (5 rows)

--- Q16 ---
  ematix-flow   387.41 ms ±  0.00  (27840 rows)

--- Q18 ---
  ematix-flow  3247.02 ms ±  0.00  (624 rows)

--- Q19 ---
  ematix-flow   394.17 ms ±  0.00  (1 rows)

--- Q03 ---
  ematix-flow  1203.22 ms ±  0.00  (114003 rows)

--- Q15 ---
  ematix-flow   429.89 ms ±  0.00  (1 rows)

--- Q02 ---
  ematix-flow   118.80 ms ±  0.00  (4667 rows)

--- Q20 ---
  ematix-flow  1141.94 ms ±  0.00  (1804 rows)

--- Q21 ---
  ematix-flow  3235.01 ms ±  0.00  (4009 rows)

--- Q04 ---
  ematix-flow   974.25 ms ±  0.00  (5 rows)

--- Q01 ---
  ematix-flow  3092.87 ms ±  0.00  (4 rows)

--- Q17 ---
  ematix-flow   886.34 ms ±  0.00  (1 rows)

--- Q12 ---
  ematix-flow   753.29 ms ±  0.00  (2 rows)

--- Q14 ---
  ematix-flow   272.28 ms ±  0.00  (1 rows)

--- Q07 ---
  ematix-flow  1048.63 ms ±  0.00  (4 rows)

--- Q09 ---
  ematix-flow  4391.24 ms ±  0.00  (175 rows)

--- Q10 ---
  ematix-flow  1970.08 ms ±  0.00  (381105 rows)

--- Q22 ---
  ematix-flow   334.18 ms ±  0.00  (7 rows)

--- Q06 ---
  ematix-flow   372.38 ms ±  0.00  (1 rows)

--- Q08 ---
  ematix-flow  1074.00 ms ±  0.00  (2 rows)

--- Q11 ---
  ematix-flow   109.88 ms ±  0.00  (8685 rows)

--- Q13 ---
  ematix-flow  1404.18 ms ±  0.00  (46 rows)

wrote bench-results/tput-rebaseline-2026-07-03/sf10-auto/ematix/s100/batch-3/stream-41.md
