=== TPC-H 22 triangulation bench ===
    data:    /Users/ryanevans/RustroverProjects/ematix-flow/examples/tpch/data/sf10
    queries: 22 ([4, 13, 6, 17, 21, 10, 12, 22, 9, 18, 3, 11, 5, 8, 20, 15, 7, 1, 16, 14, 2, 19])
    trials:  1 (after 0 warmups)
    output:  bench-results/tput-rebaseline-2026-07-03/sf10-auto/ematix/s100/batch-3/stream-10.md

    NOTE: single-invocation output is SMOKE-GRADE only. For win/loss
    claims use scripts/bench/strict_22q.sh / strict_ab.sh /
    strict_throughput.sh (see scripts/bench/README.md).

--- Q04 ---
  ematix-flow   924.67 ms ±  0.00  (5 rows)

--- Q13 ---
  ematix-flow  1194.53 ms ±  0.00  (46 rows)

--- Q06 ---
  ematix-flow   192.78 ms ±  0.00  (1 rows)

--- Q17 ---
  ematix-flow   674.91 ms ±  0.00  (1 rows)

--- Q21 ---
  ematix-flow  3055.63 ms ±  0.00  (4009 rows)

--- Q10 ---
  ematix-flow  1892.45 ms ±  0.00  (381105 rows)

--- Q12 ---
  ematix-flow   861.61 ms ±  0.00  (2 rows)

--- Q22 ---
  ematix-flow   301.44 ms ±  0.00  (7 rows)

--- Q09 ---
  ematix-flow  3701.78 ms ±  0.00  (175 rows)

--- Q18 ---
  ematix-flow  5506.04 ms ±  0.00  (624 rows)

--- Q03 ---
  ematix-flow  1119.18 ms ±  0.00  (114003 rows)

--- Q11 ---
  ematix-flow   175.82 ms ±  0.00  (8685 rows)

--- Q05 ---
  ematix-flow  1486.01 ms ±  0.00  (5 rows)

--- Q08 ---
  ematix-flow  1323.54 ms ±  0.00  (2 rows)

--- Q20 ---
  ematix-flow  1405.99 ms ±  0.00  (1804 rows)

--- Q15 ---
  ematix-flow   446.63 ms ±  0.00  (1 rows)

--- Q07 ---
  ematix-flow  1460.54 ms ±  0.00  (4 rows)

--- Q01 ---
  ematix-flow  4143.60 ms ±  0.00  (4 rows)

--- Q16 ---
  ematix-flow   694.17 ms ±  0.00  (27840 rows)

--- Q14 ---
  ematix-flow   280.12 ms ±  0.00  (1 rows)

--- Q02 ---
  ematix-flow   153.69 ms ±  0.00  (4667 rows)

--- Q19 ---
  ematix-flow   572.32 ms ±  0.00  (1 rows)

wrote bench-results/tput-rebaseline-2026-07-03/sf10-auto/ematix/s100/batch-3/stream-10.md
