=== TPC-H 22 triangulation bench ===
    data:    /Users/ryanevans/RustroverProjects/ematix-flow/examples/tpch/data/sf10
    queries: 22 ([20, 2, 13, 7, 1, 10, 22, 3, 21, 9, 18, 6, 11, 12, 5, 16, 14, 8, 19, 4, 17, 15])
    trials:  1 (after 0 warmups)
    output:  bench-results/tput-rebaseline-2026-07-03/sf10-auto/ematix/s100/batch-3/stream-68.md

    NOTE: single-invocation output is SMOKE-GRADE only. For win/loss
    claims use scripts/bench/strict_22q.sh / strict_ab.sh /
    strict_throughput.sh (see scripts/bench/README.md).

--- Q20 ---
  ematix-flow  1382.84 ms ±  0.00  (1804 rows)

--- Q02 ---
  ematix-flow    84.27 ms ±  0.00  (4667 rows)

--- Q13 ---
  ematix-flow  1478.86 ms ±  0.00  (46 rows)

--- Q07 ---
  ematix-flow  1133.99 ms ±  0.00  (4 rows)

--- Q01 ---
  ematix-flow  3087.60 ms ±  0.00  (4 rows)

--- Q10 ---
  ematix-flow  1917.66 ms ±  0.00  (381105 rows)

--- Q22 ---
  ematix-flow   297.94 ms ±  0.00  (7 rows)

--- Q03 ---
  ematix-flow  1018.38 ms ±  0.00  (114003 rows)

--- Q21 ---
  ematix-flow  2519.23 ms ±  0.00  (4009 rows)

--- Q09 ---
  ematix-flow  4202.70 ms ±  0.00  (175 rows)

--- Q18 ---
  ematix-flow  6238.03 ms ±  0.00  (624 rows)

--- Q06 ---
  ematix-flow   841.94 ms ±  0.00  (1 rows)

--- Q11 ---
  ematix-flow   278.84 ms ±  0.00  (8685 rows)

--- Q12 ---
  ematix-flow   924.30 ms ±  0.00  (2 rows)

--- Q05 ---
  ematix-flow  1444.47 ms ±  0.00  (5 rows)

--- Q16 ---
  ematix-flow   752.23 ms ±  0.00  (27840 rows)

--- Q14 ---
  ematix-flow   328.15 ms ±  0.00  (1 rows)

--- Q08 ---
  ematix-flow  1187.72 ms ±  0.00  (2 rows)

--- Q19 ---
  ematix-flow   404.40 ms ±  0.00  (1 rows)

--- Q04 ---
  ematix-flow   985.15 ms ±  0.00  (5 rows)

--- Q17 ---
  ematix-flow   794.91 ms ±  0.00  (1 rows)

--- Q15 ---
  ematix-flow   552.47 ms ±  0.00  (1 rows)

wrote bench-results/tput-rebaseline-2026-07-03/sf10-auto/ematix/s100/batch-3/stream-68.md
