=== TPC-H 22 triangulation bench ===
    data:    /Users/ryanevans/RustroverProjects/ematix-flow/examples/tpch/data/sf10
    queries: 22 ([18, 14, 8, 9, 10, 15, 20, 5, 16, 6, 17, 19, 3, 1, 22, 2, 21, 4, 7, 13, 11, 12])
    trials:  1 (after 0 warmups)
    output:  bench-results/tput-rebaseline-2026-07-03/sf10-auto/ematix/s100/batch-3/stream-96.md

    NOTE: single-invocation output is SMOKE-GRADE only. For win/loss
    claims use scripts/bench/strict_22q.sh / strict_ab.sh /
    strict_throughput.sh (see scripts/bench/README.md).

--- Q18 ---
  ematix-flow  3176.32 ms ±  0.00  (624 rows)

--- Q14 ---
  ematix-flow   330.95 ms ±  0.00  (1 rows)

--- Q08 ---
  ematix-flow   891.03 ms ±  0.00  (2 rows)

--- Q09 ---
  ematix-flow  3220.10 ms ±  0.00  (175 rows)

--- Q10 ---
  ematix-flow  1967.21 ms ±  0.00  (381105 rows)

--- Q15 ---
  ematix-flow   427.31 ms ±  0.00  (1 rows)

--- Q20 ---
  ematix-flow  1167.40 ms ±  0.00  (1804 rows)

--- Q05 ---
  ematix-flow  1293.13 ms ±  0.00  (5 rows)

--- Q16 ---
  ematix-flow   556.86 ms ±  0.00  (27840 rows)

--- Q06 ---
  ematix-flow   758.05 ms ±  0.00  (1 rows)

--- Q17 ---
  ematix-flow   838.13 ms ±  0.00  (1 rows)

--- Q19 ---
  ematix-flow   391.80 ms ±  0.00  (1 rows)

--- Q03 ---
  ematix-flow  1114.15 ms ±  0.00  (114003 rows)

--- Q01 ---
  ematix-flow  4034.58 ms ±  0.00  (4 rows)

--- Q22 ---
  ematix-flow   560.77 ms ±  0.00  (7 rows)

--- Q02 ---
  ematix-flow   343.19 ms ±  0.00  (4667 rows)

--- Q21 ---
  ematix-flow  3348.61 ms ±  0.00  (4009 rows)

--- Q04 ---
  ematix-flow   750.60 ms ±  0.00  (5 rows)

--- Q07 ---
  ematix-flow   945.68 ms ±  0.00  (4 rows)

--- Q13 ---
  ematix-flow   788.84 ms ±  0.00  (46 rows)

--- Q11 ---
  ematix-flow   154.21 ms ±  0.00  (8685 rows)

--- Q12 ---
  ematix-flow   656.77 ms ±  0.00  (2 rows)

wrote bench-results/tput-rebaseline-2026-07-03/sf10-auto/ematix/s100/batch-3/stream-96.md
