=== TPC-H 22 triangulation bench ===
    data:    /Users/ryanevans/RustroverProjects/ematix-flow/examples/tpch/data/sf10
    queries: 22 ([1, 2, 3, 17, 5, 14, 12, 19, 9, 18, 21, 10, 6, 16, 13, 15, 8, 22, 11, 4, 20, 7])
    trials:  1 (after 0 warmups)
    output:  bench-results/tput-rebaseline-2026-07-03/sf10-auto/ematix/s100/batch-3/stream-85.md

    NOTE: single-invocation output is SMOKE-GRADE only. For win/loss
    claims use scripts/bench/strict_22q.sh / strict_ab.sh /
    strict_throughput.sh (see scripts/bench/README.md).

--- Q01 ---
  ematix-flow  3367.01 ms ±  0.00  (4 rows)

--- Q02 ---
  ematix-flow   121.98 ms ±  0.00  (4667 rows)

--- Q03 ---
  ematix-flow  1222.67 ms ±  0.00  (114003 rows)

--- Q17 ---
  ematix-flow   923.03 ms ±  0.00  (1 rows)

--- Q05 ---
  ematix-flow  1172.54 ms ±  0.00  (5 rows)

--- Q14 ---
  ematix-flow   221.57 ms ±  0.00  (1 rows)

--- Q12 ---
  ematix-flow   601.44 ms ±  0.00  (2 rows)

--- Q19 ---
  ematix-flow   443.40 ms ±  0.00  (1 rows)

--- Q09 ---
  ematix-flow  3717.34 ms ±  0.00  (175 rows)

--- Q18 ---
  ematix-flow  5052.08 ms ±  0.00  (624 rows)

--- Q21 ---
  ematix-flow  4042.58 ms ±  0.00  (4009 rows)

--- Q10 ---
  ematix-flow  2574.06 ms ±  0.00  (381105 rows)

--- Q06 ---
  ematix-flow   583.57 ms ±  0.00  (1 rows)

--- Q16 ---
  ematix-flow   685.05 ms ±  0.00  (27840 rows)

--- Q13 ---
  ematix-flow  1803.62 ms ±  0.00  (46 rows)

--- Q15 ---
  ematix-flow   439.52 ms ±  0.00  (1 rows)

--- Q08 ---
  ematix-flow  1179.78 ms ±  0.00  (2 rows)

--- Q22 ---
  ematix-flow   220.03 ms ±  0.00  (7 rows)

--- Q11 ---
  ematix-flow   174.17 ms ±  0.00  (8685 rows)

--- Q04 ---
  ematix-flow  1174.15 ms ±  0.00  (5 rows)

--- Q20 ---
  ematix-flow  1348.13 ms ±  0.00  (1804 rows)

--- Q07 ---
  ematix-flow  1176.29 ms ±  0.00  (4 rows)

wrote bench-results/tput-rebaseline-2026-07-03/sf10-auto/ematix/s100/batch-3/stream-85.md
