=== TPC-H 22 triangulation bench ===
    data:    /Users/ryanevans/RustroverProjects/ematix-flow/examples/tpch/data/sf10
    queries: 22 ([10, 21, 4, 16, 11, 18, 22, 3, 9, 14, 15, 5, 7, 2, 6, 13, 20, 8, 1, 19, 12, 17])
    trials:  1 (after 0 warmups)
    output:  bench-results/tput-rebaseline-2026-07-03/sf10-auto/ematix/s100/batch-3/stream-34.md

    NOTE: single-invocation output is SMOKE-GRADE only. For win/loss
    claims use scripts/bench/strict_22q.sh / strict_ab.sh /
    strict_throughput.sh (see scripts/bench/README.md).

--- Q10 ---
  ematix-flow  1920.66 ms ±  0.00  (381105 rows)

--- Q21 ---
  ematix-flow  2657.56 ms ±  0.00  (4009 rows)

--- Q04 ---
  ematix-flow   654.08 ms ±  0.00  (5 rows)

--- Q16 ---
  ematix-flow   399.78 ms ±  0.00  (27840 rows)

--- Q11 ---
  ematix-flow   136.52 ms ±  0.00  (8685 rows)

--- Q18 ---
  ematix-flow  3911.52 ms ±  0.00  (624 rows)

--- Q22 ---
  ematix-flow   483.82 ms ±  0.00  (7 rows)

--- Q03 ---
  ematix-flow  1346.83 ms ±  0.00  (114003 rows)

--- Q09 ---
  ematix-flow  5459.96 ms ±  0.00  (175 rows)

--- Q14 ---
  ematix-flow   298.19 ms ±  0.00  (1 rows)

--- Q15 ---
  ematix-flow   435.08 ms ±  0.00  (1 rows)

--- Q05 ---
  ematix-flow  1314.32 ms ±  0.00  (5 rows)

--- Q07 ---
  ematix-flow  1089.71 ms ±  0.00  (4 rows)

--- Q02 ---
  ematix-flow   217.81 ms ±  0.00  (4667 rows)

--- Q06 ---
  ematix-flow   704.64 ms ±  0.00  (1 rows)

--- Q13 ---
  ematix-flow  1385.63 ms ±  0.00  (46 rows)

--- Q20 ---
  ematix-flow  1017.53 ms ±  0.00  (1804 rows)

--- Q08 ---
  ematix-flow  1564.95 ms ±  0.00  (2 rows)

--- Q01 ---
  ematix-flow  4242.83 ms ±  0.00  (4 rows)

--- Q19 ---
  ematix-flow   518.08 ms ±  0.00  (1 rows)

--- Q12 ---
  ematix-flow   649.86 ms ±  0.00  (2 rows)

--- Q17 ---
  ematix-flow   714.05 ms ±  0.00  (1 rows)

wrote bench-results/tput-rebaseline-2026-07-03/sf10-auto/ematix/s100/batch-3/stream-34.md
