=== TPC-H 22 triangulation bench ===
    data:    /Users/ryanevans/RustroverProjects/ematix-flow/examples/tpch/data/sf10
    queries: 22 ([20, 6, 14, 10, 21, 22, 12, 13, 1, 17, 2, 18, 7, 11, 8, 15, 16, 4, 9, 3, 19, 5])
    trials:  1 (after 0 warmups)
    output:  bench-results/tput-rebaseline-2026-07-03/sf10-auto/ematix/s100/batch-3/stream-1.md

    NOTE: single-invocation output is SMOKE-GRADE only. For win/loss
    claims use scripts/bench/strict_22q.sh / strict_ab.sh /
    strict_throughput.sh (see scripts/bench/README.md).

--- Q20 ---
  ematix-flow   237.92 ms ±  0.00  (1804 rows)

--- Q06 ---
  ematix-flow   127.56 ms ±  0.00  (1 rows)

--- Q14 ---
  ematix-flow   207.23 ms ±  0.00  (1 rows)

--- Q10 ---
  ematix-flow  1713.47 ms ±  0.00  (381105 rows)

--- Q21 ---
  ematix-flow  2285.26 ms ±  0.00  (4009 rows)

--- Q22 ---
  ematix-flow   329.35 ms ±  0.00  (7 rows)

--- Q12 ---
  ematix-flow   865.11 ms ±  0.00  (2 rows)

--- Q13 ---
  ematix-flow  1820.16 ms ±  0.00  (46 rows)

--- Q01 ---
  ematix-flow  3244.13 ms ±  0.00  (4 rows)

--- Q17 ---
  ematix-flow   535.02 ms ±  0.00  (1 rows)

--- Q02 ---
  ematix-flow   178.27 ms ±  0.00  (4667 rows)

--- Q18 ---
  ematix-flow  4627.85 ms ±  0.00  (624 rows)

--- Q07 ---
  ematix-flow  1336.95 ms ±  0.00  (4 rows)

--- Q11 ---
  ematix-flow   374.82 ms ±  0.00  (8685 rows)

--- Q08 ---
  ematix-flow  1353.93 ms ±  0.00  (2 rows)

--- Q15 ---
  ematix-flow   419.60 ms ±  0.00  (1 rows)

--- Q16 ---
  ematix-flow   546.06 ms ±  0.00  (27840 rows)

--- Q04 ---
  ematix-flow  1095.72 ms ±  0.00  (5 rows)

--- Q09 ---
  ematix-flow  4525.53 ms ±  0.00  (175 rows)

--- Q03 ---
  ematix-flow  1293.34 ms ±  0.00  (114003 rows)

--- Q19 ---
  ematix-flow   563.95 ms ±  0.00  (1 rows)

--- Q05 ---
  ematix-flow  1169.54 ms ±  0.00  (5 rows)

wrote bench-results/tput-rebaseline-2026-07-03/sf10-auto/ematix/s100/batch-3/stream-1.md
