=== TPC-H 22 triangulation bench ===
    data:    /Users/ryanevans/RustroverProjects/ematix-flow/examples/tpch/data/sf10
    queries: 22 ([19, 17, 7, 6, 12, 2, 16, 13, 22, 1, 11, 21, 5, 10, 8, 18, 9, 20, 15, 14, 4, 3])
    trials:  1 (after 0 warmups)
    output:  bench-results/tput-rebaseline-2026-07-03/sf10-auto/ematix/s100/batch-3/stream-67.md

    NOTE: single-invocation output is SMOKE-GRADE only. For win/loss
    claims use scripts/bench/strict_22q.sh / strict_ab.sh /
    strict_throughput.sh (see scripts/bench/README.md).

--- Q19 ---
  ematix-flow   530.42 ms ±  0.00  (1 rows)

--- Q17 ---
  ematix-flow   766.92 ms ±  0.00  (1 rows)

--- Q07 ---
  ematix-flow  1088.70 ms ±  0.00  (4 rows)

--- Q06 ---
  ematix-flow   247.86 ms ±  0.00  (1 rows)

--- Q12 ---
  ematix-flow   772.44 ms ±  0.00  (2 rows)

--- Q02 ---
  ematix-flow   160.80 ms ±  0.00  (4667 rows)

--- Q16 ---
  ematix-flow   432.51 ms ±  0.00  (27840 rows)

--- Q13 ---
  ematix-flow  1284.05 ms ±  0.00  (46 rows)

--- Q22 ---
  ematix-flow   349.79 ms ±  0.00  (7 rows)

--- Q01 ---
  ematix-flow  2731.92 ms ±  0.00  (4 rows)

--- Q11 ---
  ematix-flow   284.24 ms ±  0.00  (8685 rows)

--- Q21 ---
  ematix-flow  2894.53 ms ±  0.00  (4009 rows)

--- Q05 ---
  ematix-flow  1042.13 ms ±  0.00  (5 rows)

--- Q10 ---
  ematix-flow  1801.62 ms ±  0.00  (381105 rows)

--- Q08 ---
  ematix-flow   990.95 ms ±  0.00  (2 rows)

--- Q18 ---
  ematix-flow  6612.48 ms ±  0.00  (624 rows)

--- Q09 ---
  ematix-flow  6165.57 ms ±  0.00  (175 rows)

--- Q20 ---
  ematix-flow  1561.28 ms ±  0.00  (1804 rows)

--- Q15 ---
  ematix-flow   457.94 ms ±  0.00  (1 rows)

--- Q14 ---
  ematix-flow   294.50 ms ±  0.00  (1 rows)

--- Q04 ---
  ematix-flow   982.10 ms ±  0.00  (5 rows)

--- Q03 ---
  ematix-flow  1078.52 ms ±  0.00  (114003 rows)

wrote bench-results/tput-rebaseline-2026-07-03/sf10-auto/ematix/s100/batch-3/stream-67.md
