=== TPC-H 22 triangulation bench ===
    data:    /Users/ryanevans/RustroverProjects/ematix-flow/examples/tpch/data/sf10
    queries: 22 ([21, 1, 9, 14, 6, 20, 17, 4, 8, 2, 15, 3, 16, 13, 12, 7, 10, 19, 22, 5, 11, 18])
    trials:  1 (after 0 warmups)
    output:  bench-results/tput-rebaseline-2026-07-03/sf10-auto/ematix/s100/batch-3/stream-48.md

    NOTE: single-invocation output is SMOKE-GRADE only. For win/loss
    claims use scripts/bench/strict_22q.sh / strict_ab.sh /
    strict_throughput.sh (see scripts/bench/README.md).

--- Q21 ---
  ematix-flow  2425.61 ms ±  0.00  (4009 rows)

--- Q01 ---
  ematix-flow  3148.68 ms ±  0.00  (4 rows)

--- Q09 ---
  ematix-flow  3512.11 ms ±  0.00  (175 rows)

--- Q14 ---
  ematix-flow   288.00 ms ±  0.00  (1 rows)

--- Q06 ---
  ematix-flow   316.81 ms ±  0.00  (1 rows)

--- Q20 ---
  ematix-flow  1119.39 ms ±  0.00  (1804 rows)

--- Q17 ---
  ematix-flow   797.20 ms ±  0.00  (1 rows)

--- Q04 ---
  ematix-flow   973.73 ms ±  0.00  (5 rows)

--- Q08 ---
  ematix-flow  1425.03 ms ±  0.00  (2 rows)

--- Q02 ---
  ematix-flow   108.30 ms ±  0.00  (4667 rows)

--- Q15 ---
  ematix-flow   444.28 ms ±  0.00  (1 rows)

--- Q03 ---
  ematix-flow  1205.91 ms ±  0.00  (114003 rows)

--- Q16 ---
  ematix-flow   754.96 ms ±  0.00  (27840 rows)

--- Q13 ---
  ematix-flow  1810.80 ms ±  0.00  (46 rows)

--- Q12 ---
  ematix-flow   882.41 ms ±  0.00  (2 rows)

--- Q07 ---
  ematix-flow  1730.79 ms ±  0.00  (4 rows)

--- Q10 ---
  ematix-flow  2108.32 ms ±  0.00  (381105 rows)

--- Q19 ---
  ematix-flow   489.49 ms ±  0.00  (1 rows)

--- Q22 ---
  ematix-flow   317.04 ms ±  0.00  (7 rows)

--- Q05 ---
  ematix-flow  1260.43 ms ±  0.00  (5 rows)

--- Q11 ---
  ematix-flow   182.18 ms ±  0.00  (8685 rows)

--- Q18 ---
  ematix-flow  3594.89 ms ±  0.00  (624 rows)

wrote bench-results/tput-rebaseline-2026-07-03/sf10-auto/ematix/s100/batch-3/stream-48.md
