=== TPC-H 22 triangulation bench ===
    data:    /Users/ryanevans/RustroverProjects/ematix-flow/examples/tpch/data/sf10
    queries: 22 ([2, 9, 10, 17, 1, 22, 13, 21, 20, 12, 5, 14, 3, 18, 19, 16, 7, 8, 11, 15, 4, 6])
    trials:  1 (after 0 warmups)
    output:  bench-results/tput-rebaseline-2026-07-03/sf10-auto/ematix/s100/batch-3/stream-18.md

    NOTE: single-invocation output is SMOKE-GRADE only. For win/loss
    claims use scripts/bench/strict_22q.sh / strict_ab.sh /
    strict_throughput.sh (see scripts/bench/README.md).

--- Q02 ---
  ematix-flow    97.32 ms ±  0.00  (4667 rows)

--- Q09 ---
  ematix-flow  2504.40 ms ±  0.00  (175 rows)

--- Q10 ---
  ematix-flow  1538.51 ms ±  0.00  (381105 rows)

--- Q17 ---
  ematix-flow   880.15 ms ±  0.00  (1 rows)

--- Q01 ---
  ematix-flow  3665.28 ms ±  0.00  (4 rows)

--- Q22 ---
  ematix-flow   450.29 ms ±  0.00  (7 rows)

--- Q13 ---
  ematix-flow  1521.09 ms ±  0.00  (46 rows)

--- Q21 ---
  ematix-flow  3125.54 ms ±  0.00  (4009 rows)

--- Q20 ---
  ematix-flow  1415.94 ms ±  0.00  (1804 rows)

--- Q12 ---
  ematix-flow   702.26 ms ±  0.00  (2 rows)

--- Q05 ---
  ematix-flow  1635.46 ms ±  0.00  (5 rows)

--- Q14 ---
  ematix-flow   267.64 ms ±  0.00  (1 rows)

--- Q03 ---
  ematix-flow   951.13 ms ±  0.00  (114003 rows)

--- Q18 ---
  ematix-flow  8060.58 ms ±  0.00  (624 rows)

--- Q19 ---
  ematix-flow   613.20 ms ±  0.00  (1 rows)

--- Q16 ---
  ematix-flow   612.28 ms ±  0.00  (27840 rows)

--- Q07 ---
  ematix-flow  1341.02 ms ±  0.00  (4 rows)

--- Q08 ---
  ematix-flow  1207.70 ms ±  0.00  (2 rows)

--- Q11 ---
  ematix-flow   177.61 ms ±  0.00  (8685 rows)

--- Q15 ---
  ematix-flow   483.78 ms ±  0.00  (1 rows)

--- Q04 ---
  ematix-flow  1123.20 ms ±  0.00  (5 rows)

--- Q06 ---
  ematix-flow   267.82 ms ±  0.00  (1 rows)

wrote bench-results/tput-rebaseline-2026-07-03/sf10-auto/ematix/s100/batch-3/stream-18.md
