=== TPC-H 22 triangulation bench ===
    data:    /Users/ryanevans/RustroverProjects/ematix-flow/examples/tpch/data/sf10
    queries: 22 ([21, 4, 5, 2, 11, 9, 14, 10, 6, 3, 13, 1, 22, 8, 18, 12, 19, 16, 17, 15, 7, 20])
    trials:  1 (after 0 warmups)
    output:  bench-results/tput-rebaseline-2026-07-03/sf10-auto/ematix/s100/batch-3/stream-53.md

    NOTE: single-invocation output is SMOKE-GRADE only. For win/loss
    claims use scripts/bench/strict_22q.sh / strict_ab.sh /
    strict_throughput.sh (see scripts/bench/README.md).

--- Q21 ---
  ematix-flow  2906.22 ms ±  0.00  (4009 rows)

--- Q04 ---
  ematix-flow   795.56 ms ±  0.00  (5 rows)

--- Q05 ---
  ematix-flow  1431.73 ms ±  0.00  (5 rows)

--- Q02 ---
  ematix-flow   163.37 ms ±  0.00  (4667 rows)

--- Q11 ---
  ematix-flow   199.55 ms ±  0.00  (8685 rows)

--- Q09 ---
  ematix-flow  3256.76 ms ±  0.00  (175 rows)

--- Q14 ---
  ematix-flow   364.20 ms ±  0.00  (1 rows)

--- Q10 ---
  ematix-flow  1526.22 ms ±  0.00  (381105 rows)

--- Q06 ---
  ematix-flow   200.82 ms ±  0.00  (1 rows)

--- Q03 ---
  ematix-flow  1145.35 ms ±  0.00  (114003 rows)

--- Q13 ---
  ematix-flow  1485.49 ms ±  0.00  (46 rows)

--- Q01 ---
  ematix-flow  4829.58 ms ±  0.00  (4 rows)

--- Q22 ---
  ematix-flow   743.77 ms ±  0.00  (7 rows)

--- Q08 ---
  ematix-flow  1219.54 ms ±  0.00  (2 rows)

--- Q18 ---
  ematix-flow  4798.83 ms ±  0.00  (624 rows)

--- Q12 ---
  ematix-flow  1187.93 ms ±  0.00  (2 rows)

--- Q19 ---
  ematix-flow   472.71 ms ±  0.00  (1 rows)

--- Q16 ---
  ematix-flow   709.80 ms ±  0.00  (27840 rows)

--- Q17 ---
  ematix-flow   965.05 ms ±  0.00  (1 rows)

--- Q15 ---
  ematix-flow   384.37 ms ±  0.00  (1 rows)

--- Q07 ---
  ematix-flow  1372.77 ms ±  0.00  (4 rows)

--- Q20 ---
  ematix-flow  1516.47 ms ±  0.00  (1804 rows)

wrote bench-results/tput-rebaseline-2026-07-03/sf10-auto/ematix/s100/batch-3/stream-53.md
