=== TPC-H 22 triangulation bench ===
    data:    /Users/ryanevans/RustroverProjects/ematix-flow/examples/tpch/data/sf100
    queries: 22 ([20, 6, 14, 10, 21, 22, 12, 13, 1, 17, 2, 18, 7, 11, 8, 15, 16, 4, 9, 3, 19, 5])
    trials:  1 (after 0 warmups)
    output:  /Users/ryanevans/RustroverProjects/ematix-flow/bench-results/campaign-2026-07-01/tput-sf100/ematix/s1/batch-1/stream-1.md

    NOTE: single-invocation output is SMOKE-GRADE only. For win/loss
    claims use scripts/bench/strict_22q.sh / strict_ab.sh /
    strict_throughput.sh (see scripts/bench/README.md).

--- Q20 ---
  ematix-flow  1589.30 ms ±  0.00  (17971 rows)

--- Q06 ---
  ematix-flow   607.61 ms ±  0.00  (1 rows)

--- Q14 ---
  ematix-flow   743.81 ms ±  0.00  (1 rows)

--- Q10 ---
  ematix-flow  3030.74 ms ±  0.00  (3884218 rows)

--- Q21 ---
  ematix-flow  3324.65 ms ±  0.00  (39950 rows)

--- Q22 ---
  ematix-flow   445.41 ms ±  0.00  (7 rows)

--- Q12 ---
  ematix-flow   925.09 ms ±  0.00  (2 rows)

--- Q13 ---
  ematix-flow  1868.52 ms ±  0.00  (45 rows)

--- Q01 ---
  ematix-flow  2270.81 ms ±  0.00  (4 rows)

--- Q17 ---
  ematix-flow  1352.05 ms ±  0.00  (1 rows)

--- Q02 ---
  ematix-flow   272.51 ms ±  0.00  (47107 rows)

--- Q18 ---
  ematix-flow  4510.41 ms ±  0.00  (6398 rows)

--- Q07 ---
  ematix-flow  1771.40 ms ±  0.00  (4 rows)

--- Q11 ---
  ematix-flow   313.37 ms ±  0.00  (92698 rows)

--- Q08 ---
  ematix-flow  1736.79 ms ±  0.00  (2 rows)

--- Q15 ---
  ematix-flow   897.36 ms ±  0.00  (1 rows)

--- Q16 ---
  ematix-flow   444.45 ms ±  0.00  (27840 rows)

--- Q04 ---
  ematix-flow   860.63 ms ±  0.00  (5 rows)

--- Q09 ---
  ematix-flow  3975.57 ms ±  0.00  (175 rows)

--- Q03 ---
  ematix-flow  1629.57 ms ±  0.00  (1131041 rows)

--- Q19 ---
  ematix-flow  1200.75 ms ±  0.00  (1 rows)

--- Q05 ---
  ematix-flow  2067.63 ms ±  0.00  (5 rows)

wrote /Users/ryanevans/RustroverProjects/ematix-flow/bench-results/campaign-2026-07-01/tput-sf100/ematix/s1/batch-1/stream-1.md
