=== TPC-H 22 triangulation bench ===
    data:    /Users/ryanevans/RustroverProjects/ematix-flow/examples/tpch/data/sf10
    queries: 22 ([4, 13, 6, 17, 21, 10, 12, 22, 9, 18, 3, 11, 5, 8, 20, 15, 7, 1, 16, 14, 2, 19])
    trials:  1 (after 0 warmups)
    output:  /Users/ryanevans/RustroverProjects/ematix-flow/bench-results/campaign-2026-07-01/tput-sf10/duckdb/s100/batch-3/stream-10.md

    NOTE: single-invocation output is SMOKE-GRADE only. For win/loss
    claims use scripts/bench/strict_22q.sh / strict_ab.sh /
    strict_throughput.sh (see scripts/bench/README.md).

--- Q04 ---
  DuckDB        608.04 ms ±  0.00  (5 rows)

--- Q13 ---
  DuckDB       2164.08 ms ±  0.00  (46 rows)

--- Q06 ---
  DuckDB        428.85 ms ±  0.00  (1 rows)

--- Q17 ---
  DuckDB       1140.63 ms ±  0.00  (1 rows)

--- Q21 ---
  DuckDB       2760.10 ms ±  0.00  (4009 rows)

--- Q10 ---
  DuckDB       1963.26 ms ±  0.00  (381105 rows)

--- Q12 ---
  DuckDB        711.29 ms ±  0.00  (2 rows)

--- Q22 ---
  DuckDB        526.78 ms ±  0.00  (7 rows)

--- Q09 ---
  DuckDB       2088.88 ms ±  0.00  (175 rows)

--- Q18 ---
  DuckDB       1363.03 ms ±  0.00  (624 rows)

--- Q03 ---
  DuckDB       1049.37 ms ±  0.00  (114003 rows)

--- Q11 ---
  DuckDB        165.11 ms ±  0.00  (8685 rows)

--- Q05 ---
  DuckDB        852.41 ms ±  0.00  (5 rows)

--- Q08 ---
  DuckDB       1154.00 ms ±  0.00  (2 rows)

--- Q20 ---
  DuckDB       1070.04 ms ±  0.00  (1804 rows)

--- Q15 ---
  DuckDB        542.92 ms ±  0.00  (1 rows)

--- Q07 ---
  DuckDB        917.68 ms ±  0.00  (4 rows)

--- Q01 ---
  DuckDB       2232.28 ms ±  0.00  (4 rows)

--- Q16 ---
  DuckDB        251.77 ms ±  0.00  (27840 rows)

--- Q14 ---
  DuckDB        607.90 ms ±  0.00  (1 rows)

--- Q02 ---
  DuckDB        113.09 ms ±  0.00  (4667 rows)

--- Q19 ---
  DuckDB       1297.44 ms ±  0.00  (1 rows)

wrote /Users/ryanevans/RustroverProjects/ematix-flow/bench-results/campaign-2026-07-01/tput-sf10/duckdb/s100/batch-3/stream-10.md
