=== TPC-H 22 triangulation bench ===
    data:    /Users/ryanevans/RustroverProjects/ematix-flow/examples/tpch/data/sf10
    queries: 22 ([6, 5, 12, 21, 13, 14, 17, 4, 19, 8, 16, 3, 11, 15, 22, 2, 9, 7, 1, 20, 10, 18])
    trials:  1 (after 0 warmups)
    output:  /Users/ryanevans/RustroverProjects/ematix-flow/bench-results/campaign-2026-07-01/tput-sf10/duckdb/s100/batch-3/stream-30.md

    NOTE: single-invocation output is SMOKE-GRADE only. For win/loss
    claims use scripts/bench/strict_22q.sh / strict_ab.sh /
    strict_throughput.sh (see scripts/bench/README.md).

--- Q06 ---
  DuckDB        480.30 ms ±  0.00  (1 rows)

--- Q05 ---
  DuckDB       1204.78 ms ±  0.00  (5 rows)

--- Q12 ---
  DuckDB        898.48 ms ±  0.00  (2 rows)

--- Q21 ---
  DuckDB       2969.98 ms ±  0.00  (4009 rows)

--- Q13 ---
  DuckDB       1921.86 ms ±  0.00  (46 rows)

--- Q14 ---
  DuckDB        729.54 ms ±  0.00  (1 rows)

--- Q17 ---
  DuckDB       1200.84 ms ±  0.00  (1 rows)

--- Q04 ---
  DuckDB        779.22 ms ±  0.00  (5 rows)

--- Q19 ---
  DuckDB       1556.00 ms ±  0.00  (1 rows)

--- Q08 ---
  DuckDB       1231.21 ms ±  0.00  (2 rows)

--- Q16 ---
  DuckDB        362.65 ms ±  0.00  (27840 rows)

--- Q03 ---
  DuckDB       1123.23 ms ±  0.00  (114003 rows)

--- Q11 ---
  DuckDB        134.38 ms ±  0.00  (8685 rows)

--- Q15 ---
  DuckDB        614.47 ms ±  0.00  (1 rows)

--- Q22 ---
  DuckDB        288.75 ms ±  0.00  (7 rows)

--- Q02 ---
  DuckDB        338.73 ms ±  0.00  (4667 rows)

--- Q09 ---
  DuckDB       2184.68 ms ±  0.00  (175 rows)

--- Q07 ---
  DuckDB        983.31 ms ±  0.00  (4 rows)

--- Q01 ---
  DuckDB       2216.54 ms ±  0.00  (4 rows)

--- Q20 ---
  DuckDB        787.68 ms ±  0.00  (1804 rows)

--- Q10 ---
  DuckDB       1385.36 ms ±  0.00  (381105 rows)

--- Q18 ---
  DuckDB       1361.27 ms ±  0.00  (624 rows)

wrote /Users/ryanevans/RustroverProjects/ematix-flow/bench-results/campaign-2026-07-01/tput-sf10/duckdb/s100/batch-3/stream-30.md
