=== TPC-H 22 triangulation bench ===
    data:    /Users/ryanevans/RustroverProjects/ematix-flow/examples/tpch/data/sf10
    queries: 22 ([6, 18, 21, 16, 8, 15, 22, 20, 7, 19, 14, 17, 9, 1, 10, 12, 4, 3, 2, 13, 5, 11])
    trials:  1 (after 0 warmups)
    output:  /Users/ryanevans/RustroverProjects/ematix-flow/bench-results/campaign-2026-07-01/tput-sf10/duckdb/s100/batch-3/stream-7.md

    NOTE: single-invocation output is SMOKE-GRADE only. For win/loss
    claims use scripts/bench/strict_22q.sh / strict_ab.sh /
    strict_throughput.sh (see scripts/bench/README.md).

--- Q06 ---
  DuckDB        492.73 ms ±  0.00  (1 rows)

--- Q18 ---
  DuckDB       1567.95 ms ±  0.00  (624 rows)

--- Q21 ---
  DuckDB       3075.39 ms ±  0.00  (4009 rows)

--- Q16 ---
  DuckDB        378.90 ms ±  0.00  (27840 rows)

--- Q08 ---
  DuckDB        982.56 ms ±  0.00  (2 rows)

--- Q15 ---
  DuckDB        595.56 ms ±  0.00  (1 rows)

--- Q22 ---
  DuckDB        475.80 ms ±  0.00  (7 rows)

--- Q20 ---
  DuckDB        977.54 ms ±  0.00  (1804 rows)

--- Q07 ---
  DuckDB       1026.67 ms ±  0.00  (4 rows)

--- Q19 ---
  DuckDB       1415.27 ms ±  0.00  (1 rows)

--- Q14 ---
  DuckDB        936.56 ms ±  0.00  (1 rows)

--- Q17 ---
  DuckDB       1100.89 ms ±  0.00  (1 rows)

--- Q09 ---
  DuckDB       2272.84 ms ±  0.00  (175 rows)

--- Q01 ---
  DuckDB       1852.05 ms ±  0.00  (4 rows)

--- Q10 ---
  DuckDB       1905.35 ms ±  0.00  (381105 rows)

--- Q12 ---
  DuckDB        769.46 ms ±  0.00  (2 rows)

--- Q04 ---
  DuckDB        673.35 ms ±  0.00  (5 rows)

--- Q03 ---
  DuckDB       1097.54 ms ±  0.00  (114003 rows)

--- Q02 ---
  DuckDB        223.47 ms ±  0.00  (4667 rows)

--- Q13 ---
  DuckDB       1583.29 ms ±  0.00  (46 rows)

--- Q05 ---
  DuckDB        895.02 ms ±  0.00  (5 rows)

--- Q11 ---
  DuckDB         59.92 ms ±  0.00  (8685 rows)

wrote /Users/ryanevans/RustroverProjects/ematix-flow/bench-results/campaign-2026-07-01/tput-sf10/duckdb/s100/batch-3/stream-7.md
