=== TPC-H 22 triangulation bench ===
    data:    /Users/ryanevans/RustroverProjects/ematix-flow/examples/tpch/data/sf10
    queries: 22 ([16, 22, 12, 5, 11, 7, 13, 1, 6, 15, 2, 3, 8, 21, 10, 4, 9, 20, 18, 19, 17, 14])
    trials:  1 (after 0 warmups)
    output:  /Users/ryanevans/RustroverProjects/ematix-flow/bench-results/campaign-2026-07-01/tput-sf10/duckdb/s100/batch-3/stream-92.md

    NOTE: single-invocation output is SMOKE-GRADE only. For win/loss
    claims use scripts/bench/strict_22q.sh / strict_ab.sh /
    strict_throughput.sh (see scripts/bench/README.md).

--- Q16 ---
  DuckDB        362.63 ms ±  0.00  (27840 rows)

--- Q22 ---
  DuckDB        341.12 ms ±  0.00  (7 rows)

--- Q12 ---
  DuckDB        918.63 ms ±  0.00  (2 rows)

--- Q05 ---
  DuckDB       1161.55 ms ±  0.00  (5 rows)

--- Q11 ---
  DuckDB        131.16 ms ±  0.00  (8685 rows)

--- Q07 ---
  DuckDB        904.35 ms ±  0.00  (4 rows)

--- Q13 ---
  DuckDB       1765.91 ms ±  0.00  (46 rows)

--- Q01 ---
  DuckDB       2154.99 ms ±  0.00  (4 rows)

--- Q06 ---
  DuckDB        468.74 ms ±  0.00  (1 rows)

--- Q15 ---
  DuckDB        546.86 ms ±  0.00  (1 rows)

--- Q02 ---
  DuckDB        344.27 ms ±  0.00  (4667 rows)

--- Q03 ---
  DuckDB        879.48 ms ±  0.00  (114003 rows)

--- Q08 ---
  DuckDB       1335.25 ms ±  0.00  (2 rows)

--- Q21 ---
  DuckDB       3045.27 ms ±  0.00  (4009 rows)

--- Q10 ---
  DuckDB       1608.88 ms ±  0.00  (381105 rows)

--- Q04 ---
  DuckDB        544.54 ms ±  0.00  (5 rows)

--- Q09 ---
  DuckDB       2079.55 ms ±  0.00  (175 rows)

--- Q20 ---
  DuckDB        789.82 ms ±  0.00  (1804 rows)

--- Q18 ---
  DuckDB       1580.26 ms ±  0.00  (624 rows)

--- Q19 ---
  DuckDB       1291.24 ms ±  0.00  (1 rows)

--- Q17 ---
  DuckDB       1132.41 ms ±  0.00  (1 rows)

--- Q14 ---
  DuckDB        645.60 ms ±  0.00  (1 rows)

wrote /Users/ryanevans/RustroverProjects/ematix-flow/bench-results/campaign-2026-07-01/tput-sf10/duckdb/s100/batch-3/stream-92.md
