=== TPC-H 22 triangulation bench ===
    data:    /Users/ryanevans/RustroverProjects/ematix-flow/examples/tpch/data/sf10
    queries: 22 ([11, 9, 3, 20, 12, 13, 7, 21, 4, 5, 19, 15, 22, 6, 2, 8, 14, 10, 17, 16, 1, 18])
    trials:  1 (after 0 warmups)
    output:  /Users/ryanevans/RustroverProjects/ematix-flow/bench-results/campaign-2026-07-01/tput-sf10/duckdb/s100/batch-3/stream-56.md

    NOTE: single-invocation output is SMOKE-GRADE only. For win/loss
    claims use scripts/bench/strict_22q.sh / strict_ab.sh /
    strict_throughput.sh (see scripts/bench/README.md).

--- Q11 ---
  DuckDB        236.76 ms ±  0.00  (8685 rows)

--- Q09 ---
  DuckDB       2233.55 ms ±  0.00  (175 rows)

--- Q03 ---
  DuckDB        969.02 ms ±  0.00  (114003 rows)

--- Q20 ---
  DuckDB       1001.74 ms ±  0.00  (1804 rows)

--- Q12 ---
  DuckDB        775.61 ms ±  0.00  (2 rows)

--- Q13 ---
  DuckDB       1764.78 ms ±  0.00  (46 rows)

--- Q07 ---
  DuckDB       1039.70 ms ±  0.00  (4 rows)

--- Q21 ---
  DuckDB       3123.90 ms ±  0.00  (4009 rows)

--- Q04 ---
  DuckDB        474.16 ms ±  0.00  (5 rows)

--- Q05 ---
  DuckDB       1090.53 ms ±  0.00  (5 rows)

--- Q19 ---
  DuckDB       1379.62 ms ±  0.00  (1 rows)

--- Q15 ---
  DuckDB        466.14 ms ±  0.00  (1 rows)

--- Q22 ---
  DuckDB        423.59 ms ±  0.00  (7 rows)

--- Q06 ---
  DuckDB        554.25 ms ±  0.00  (1 rows)

--- Q02 ---
  DuckDB        289.32 ms ±  0.00  (4667 rows)

--- Q08 ---
  DuckDB       1275.51 ms ±  0.00  (2 rows)

--- Q14 ---
  DuckDB        974.19 ms ±  0.00  (1 rows)

--- Q10 ---
  DuckDB       1542.79 ms ±  0.00  (381105 rows)

--- Q17 ---
  DuckDB       1088.36 ms ±  0.00  (1 rows)

--- Q16 ---
  DuckDB        375.75 ms ±  0.00  (27840 rows)

--- Q01 ---
  DuckDB       2201.91 ms ±  0.00  (4 rows)

--- Q18 ---
  DuckDB       1583.85 ms ±  0.00  (624 rows)

wrote /Users/ryanevans/RustroverProjects/ematix-flow/bench-results/campaign-2026-07-01/tput-sf10/duckdb/s100/batch-3/stream-56.md
