=== TPC-H 22 triangulation bench ===
    data:    /Users/ryanevans/RustroverProjects/ematix-flow/examples/tpch/data/sf10
    queries: 22 ([9, 19, 10, 16, 7, 15, 6, 20, 8, 22, 5, 21, 13, 1, 18, 2, 17, 11, 4, 14, 12, 3])
    trials:  1 (after 0 warmups)
    output:  /Users/ryanevans/RustroverProjects/ematix-flow/bench-results/campaign-2026-07-01/tput-sf10/duckdb/s100/batch-3/stream-49.md

    NOTE: single-invocation output is SMOKE-GRADE only. For win/loss
    claims use scripts/bench/strict_22q.sh / strict_ab.sh /
    strict_throughput.sh (see scripts/bench/README.md).

--- Q09 ---
  DuckDB       1973.30 ms ±  0.00  (175 rows)

--- Q19 ---
  DuckDB       1735.36 ms ±  0.00  (1 rows)

--- Q10 ---
  DuckDB       2100.42 ms ±  0.00  (381105 rows)

--- Q16 ---
  DuckDB        442.24 ms ±  0.00  (27840 rows)

--- Q07 ---
  DuckDB        839.70 ms ±  0.00  (4 rows)

--- Q15 ---
  DuckDB        623.44 ms ±  0.00  (1 rows)

--- Q06 ---
  DuckDB        453.29 ms ±  0.00  (1 rows)

--- Q20 ---
  DuckDB       1101.39 ms ±  0.00  (1804 rows)

--- Q08 ---
  DuckDB       1054.53 ms ±  0.00  (2 rows)

--- Q22 ---
  DuckDB        335.51 ms ±  0.00  (7 rows)

--- Q05 ---
  DuckDB       1103.45 ms ±  0.00  (5 rows)

--- Q21 ---
  DuckDB       2952.00 ms ±  0.00  (4009 rows)

--- Q13 ---
  DuckDB       1806.98 ms ±  0.00  (46 rows)

--- Q01 ---
  DuckDB       2118.20 ms ±  0.00  (4 rows)

--- Q18 ---
  DuckDB       1732.55 ms ±  0.00  (624 rows)

--- Q02 ---
  DuckDB        210.91 ms ±  0.00  (4667 rows)

--- Q17 ---
  DuckDB       1101.93 ms ±  0.00  (1 rows)

--- Q11 ---
  DuckDB        129.92 ms ±  0.00  (8685 rows)

--- Q04 ---
  DuckDB        559.80 ms ±  0.00  (5 rows)

--- Q14 ---
  DuckDB        826.51 ms ±  0.00  (1 rows)

--- Q12 ---
  DuckDB        758.54 ms ±  0.00  (2 rows)

--- Q03 ---
  DuckDB       1260.30 ms ±  0.00  (114003 rows)

wrote /Users/ryanevans/RustroverProjects/ematix-flow/bench-results/campaign-2026-07-01/tput-sf10/duckdb/s100/batch-3/stream-49.md
