=== TPC-H 22 triangulation bench ===
    data:    /Users/ryanevans/RustroverProjects/ematix-flow/examples/tpch/data/sf10
    queries: 22 ([21, 13, 19, 22, 10, 14, 5, 7, 4, 16, 6, 2, 3, 18, 11, 8, 15, 1, 17, 12, 9, 20])
    trials:  1 (after 0 warmups)
    output:  /Users/ryanevans/RustroverProjects/ematix-flow/bench-results/campaign-2026-07-01/tput-sf10/duckdb/s100/batch-3/stream-5.md

    NOTE: single-invocation output is SMOKE-GRADE only. For win/loss
    claims use scripts/bench/strict_22q.sh / strict_ab.sh /
    strict_throughput.sh (see scripts/bench/README.md).

--- Q21 ---
  DuckDB       2560.13 ms ±  0.00  (4009 rows)

--- Q13 ---
  DuckDB       1692.61 ms ±  0.00  (46 rows)

--- Q19 ---
  DuckDB       1536.86 ms ±  0.00  (1 rows)

--- Q22 ---
  DuckDB        221.94 ms ±  0.00  (7 rows)

--- Q10 ---
  DuckDB       1737.61 ms ±  0.00  (381105 rows)

--- Q14 ---
  DuckDB        870.91 ms ±  0.00  (1 rows)

--- Q05 ---
  DuckDB        917.15 ms ±  0.00  (5 rows)

--- Q07 ---
  DuckDB        885.79 ms ±  0.00  (4 rows)

--- Q04 ---
  DuckDB        512.20 ms ±  0.00  (5 rows)

--- Q16 ---
  DuckDB        246.94 ms ±  0.00  (27840 rows)

--- Q06 ---
  DuckDB        540.76 ms ±  0.00  (1 rows)

--- Q02 ---
  DuckDB        136.23 ms ±  0.00  (4667 rows)

--- Q03 ---
  DuckDB        961.02 ms ±  0.00  (114003 rows)

--- Q18 ---
  DuckDB       1872.29 ms ±  0.00  (624 rows)

--- Q11 ---
  DuckDB        139.82 ms ±  0.00  (8685 rows)

--- Q08 ---
  DuckDB       1176.59 ms ±  0.00  (2 rows)

--- Q15 ---
  DuckDB        522.67 ms ±  0.00  (1 rows)

--- Q01 ---
  DuckDB       2083.18 ms ±  0.00  (4 rows)

--- Q17 ---
  DuckDB       1065.75 ms ±  0.00  (1 rows)

--- Q12 ---
  DuckDB        812.22 ms ±  0.00  (2 rows)

--- Q09 ---
  DuckDB       2338.87 ms ±  0.00  (175 rows)

--- Q20 ---
  DuckDB       1023.49 ms ±  0.00  (1804 rows)

wrote /Users/ryanevans/RustroverProjects/ematix-flow/bench-results/campaign-2026-07-01/tput-sf10/duckdb/s100/batch-3/stream-5.md
