=== TPC-H 22 triangulation bench ===
    data:    /Users/ryanevans/RustroverProjects/ematix-flow/examples/tpch/data/sf10
    queries: 22 ([18, 19, 4, 13, 12, 6, 7, 17, 20, 5, 21, 15, 8, 2, 1, 11, 10, 3, 22, 16, 14, 9])
    trials:  1 (after 0 warmups)
    output:  /Users/ryanevans/RustroverProjects/ematix-flow/bench-results/campaign-2026-07-01/tput-sf10/duckdb/s100/batch-3/stream-45.md

    NOTE: single-invocation output is SMOKE-GRADE only. For win/loss
    claims use scripts/bench/strict_22q.sh / strict_ab.sh /
    strict_throughput.sh (see scripts/bench/README.md).

--- Q18 ---
  DuckDB       1499.79 ms ±  0.00  (624 rows)

--- Q19 ---
  DuckDB       1522.79 ms ±  0.00  (1 rows)

--- Q04 ---
  DuckDB        718.59 ms ±  0.00  (5 rows)

--- Q13 ---
  DuckDB       1837.91 ms ±  0.00  (46 rows)

--- Q12 ---
  DuckDB        834.62 ms ±  0.00  (2 rows)

--- Q06 ---
  DuckDB        411.12 ms ±  0.00  (1 rows)

--- Q07 ---
  DuckDB        975.19 ms ±  0.00  (4 rows)

--- Q17 ---
  DuckDB       1099.21 ms ±  0.00  (1 rows)

--- Q20 ---
  DuckDB       1208.09 ms ±  0.00  (1804 rows)

--- Q05 ---
  DuckDB       1176.53 ms ±  0.00  (5 rows)

--- Q21 ---
  DuckDB       3132.97 ms ±  0.00  (4009 rows)

--- Q15 ---
  DuckDB        505.52 ms ±  0.00  (1 rows)

--- Q08 ---
  DuckDB       1532.51 ms ±  0.00  (2 rows)

--- Q02 ---
  DuckDB        205.58 ms ±  0.00  (4667 rows)

--- Q01 ---
  DuckDB       2088.57 ms ±  0.00  (4 rows)

--- Q11 ---
  DuckDB        171.31 ms ±  0.00  (8685 rows)

--- Q10 ---
  DuckDB       1969.42 ms ±  0.00  (381105 rows)

--- Q03 ---
  DuckDB        946.25 ms ±  0.00  (114003 rows)

--- Q22 ---
  DuckDB        410.82 ms ±  0.00  (7 rows)

--- Q16 ---
  DuckDB        282.00 ms ±  0.00  (27840 rows)

--- Q14 ---
  DuckDB        870.30 ms ±  0.00  (1 rows)

--- Q09 ---
  DuckDB       1957.28 ms ±  0.00  (175 rows)

wrote /Users/ryanevans/RustroverProjects/ematix-flow/bench-results/campaign-2026-07-01/tput-sf10/duckdb/s100/batch-3/stream-45.md
