=== TPC-H 22 triangulation bench ===
    data:    /Users/ryanevans/RustroverProjects/ematix-flow/examples/tpch/data/sf10
    queries: 22 ([4, 16, 21, 5, 1, 14, 12, 19, 2, 3, 10, 11, 8, 9, 13, 6, 7, 17, 20, 22, 18, 15])
    trials:  1 (after 0 warmups)
    output:  /Users/ryanevans/RustroverProjects/ematix-flow/bench-results/campaign-2026-07-01/tput-sf10/duckdb/s100/batch-3/stream-11.md

    NOTE: single-invocation output is SMOKE-GRADE only. For win/loss
    claims use scripts/bench/strict_22q.sh / strict_ab.sh /
    strict_throughput.sh (see scripts/bench/README.md).

--- Q04 ---
  DuckDB        549.03 ms ±  0.00  (5 rows)

--- Q16 ---
  DuckDB        535.62 ms ±  0.00  (27840 rows)

--- Q21 ---
  DuckDB       2667.06 ms ±  0.00  (4009 rows)

--- Q05 ---
  DuckDB        943.20 ms ±  0.00  (5 rows)

--- Q01 ---
  DuckDB       1894.06 ms ±  0.00  (4 rows)

--- Q14 ---
  DuckDB        971.40 ms ±  0.00  (1 rows)

--- Q12 ---
  DuckDB        816.40 ms ±  0.00  (2 rows)

--- Q19 ---
  DuckDB       1312.65 ms ±  0.00  (1 rows)

--- Q02 ---
  DuckDB        179.25 ms ±  0.00  (4667 rows)

--- Q03 ---
  DuckDB       1068.65 ms ±  0.00  (114003 rows)

--- Q10 ---
  DuckDB       1416.04 ms ±  0.00  (381105 rows)

--- Q11 ---
  DuckDB         73.94 ms ±  0.00  (8685 rows)

--- Q08 ---
  DuckDB       1199.41 ms ±  0.00  (2 rows)

--- Q09 ---
  DuckDB       2093.77 ms ±  0.00  (175 rows)

--- Q13 ---
  DuckDB       1730.18 ms ±  0.00  (46 rows)

--- Q06 ---
  DuckDB        602.31 ms ±  0.00  (1 rows)

--- Q07 ---
  DuckDB        904.87 ms ±  0.00  (4 rows)

--- Q17 ---
  DuckDB       1166.58 ms ±  0.00  (1 rows)

--- Q20 ---
  DuckDB        873.15 ms ±  0.00  (1804 rows)

--- Q22 ---
  DuckDB        353.07 ms ±  0.00  (7 rows)

--- Q18 ---
  DuckDB       1482.69 ms ±  0.00  (624 rows)

--- Q15 ---
  DuckDB        620.57 ms ±  0.00  (1 rows)

wrote /Users/ryanevans/RustroverProjects/ematix-flow/bench-results/campaign-2026-07-01/tput-sf10/duckdb/s100/batch-3/stream-11.md
