=== TPC-H 22 triangulation bench ===
    data:    /Users/ryanevans/RustroverProjects/ematix-flow/examples/tpch/data/sf10
    queries: 22 ([15, 13, 18, 10, 3, 6, 1, 7, 4, 8, 17, 9, 11, 21, 5, 16, 20, 14, 22, 2, 19, 12])
    trials:  1 (after 0 warmups)
    output:  /Users/ryanevans/RustroverProjects/ematix-flow/bench-results/campaign-2026-07-01/tput-sf10/duckdb/s100/batch-3/stream-98.md

    NOTE: single-invocation output is SMOKE-GRADE only. For win/loss
    claims use scripts/bench/strict_22q.sh / strict_ab.sh /
    strict_throughput.sh (see scripts/bench/README.md).

--- Q15 ---
  DuckDB        621.14 ms ±  0.00  (1 rows)

--- Q13 ---
  DuckDB       1847.85 ms ±  0.00  (46 rows)

--- Q18 ---
  DuckDB       1569.30 ms ±  0.00  (624 rows)

--- Q10 ---
  DuckDB       1607.77 ms ±  0.00  (381105 rows)

--- Q03 ---
  DuckDB        985.13 ms ±  0.00  (114003 rows)

--- Q06 ---
  DuckDB        537.43 ms ±  0.00  (1 rows)

--- Q01 ---
  DuckDB       1930.67 ms ±  0.00  (4 rows)

--- Q07 ---
  DuckDB        999.42 ms ±  0.00  (4 rows)

--- Q04 ---
  DuckDB        548.65 ms ±  0.00  (5 rows)

--- Q08 ---
  DuckDB       1290.88 ms ±  0.00  (2 rows)

--- Q17 ---
  DuckDB       1259.16 ms ±  0.00  (1 rows)

--- Q09 ---
  DuckDB       1922.90 ms ±  0.00  (175 rows)

--- Q11 ---
  DuckDB        170.07 ms ±  0.00  (8685 rows)

--- Q21 ---
  DuckDB       2856.17 ms ±  0.00  (4009 rows)

--- Q05 ---
  DuckDB        960.47 ms ±  0.00  (5 rows)

--- Q16 ---
  DuckDB        269.70 ms ±  0.00  (27840 rows)

--- Q20 ---
  DuckDB        876.34 ms ±  0.00  (1804 rows)

--- Q14 ---
  DuckDB        645.71 ms ±  0.00  (1 rows)

--- Q22 ---
  DuckDB        157.01 ms ±  0.00  (7 rows)

--- Q02 ---
  DuckDB         98.41 ms ±  0.00  (4667 rows)

--- Q19 ---
  DuckDB        538.11 ms ±  0.00  (1 rows)

--- Q12 ---
  DuckDB        201.09 ms ±  0.00  (2 rows)

wrote /Users/ryanevans/RustroverProjects/ematix-flow/bench-results/campaign-2026-07-01/tput-sf10/duckdb/s100/batch-3/stream-98.md
