=== TPC-H 22 triangulation bench ===
    data:    /Users/ryanevans/RustroverProjects/ematix-flow/examples/tpch/data/sf10
    queries: 22 ([12, 1, 7, 9, 3, 19, 13, 5, 21, 8, 2, 16, 18, 14, 15, 6, 10, 22, 11, 4, 17, 20])
    trials:  1 (after 0 warmups)
    output:  /Users/ryanevans/RustroverProjects/ematix-flow/bench-results/campaign-2026-07-01/tput-sf10/duckdb/s100/batch-3/stream-74.md

    NOTE: single-invocation output is SMOKE-GRADE only. For win/loss
    claims use scripts/bench/strict_22q.sh / strict_ab.sh /
    strict_throughput.sh (see scripts/bench/README.md).

--- Q12 ---
  DuckDB        731.24 ms ±  0.00  (2 rows)

--- Q01 ---
  DuckDB       2075.74 ms ±  0.00  (4 rows)

--- Q07 ---
  DuckDB       1005.56 ms ±  0.00  (4 rows)

--- Q09 ---
  DuckDB       2343.69 ms ±  0.00  (175 rows)

--- Q03 ---
  DuckDB       1207.78 ms ±  0.00  (114003 rows)

--- Q19 ---
  DuckDB       1251.94 ms ±  0.00  (1 rows)

--- Q13 ---
  DuckDB       1997.53 ms ±  0.00  (46 rows)

--- Q05 ---
  DuckDB        954.00 ms ±  0.00  (5 rows)

--- Q21 ---
  DuckDB       2915.77 ms ±  0.00  (4009 rows)

--- Q08 ---
  DuckDB       1215.27 ms ±  0.00  (2 rows)

--- Q02 ---
  DuckDB        274.66 ms ±  0.00  (4667 rows)

--- Q16 ---
  DuckDB        432.04 ms ±  0.00  (27840 rows)

--- Q18 ---
  DuckDB       1417.82 ms ±  0.00  (624 rows)

--- Q14 ---
  DuckDB        761.29 ms ±  0.00  (1 rows)

--- Q15 ---
  DuckDB        509.53 ms ±  0.00  (1 rows)

--- Q06 ---
  DuckDB        496.31 ms ±  0.00  (1 rows)

--- Q10 ---
  DuckDB       1728.12 ms ±  0.00  (381105 rows)

--- Q22 ---
  DuckDB        246.42 ms ±  0.00  (7 rows)

--- Q11 ---
  DuckDB        104.49 ms ±  0.00  (8685 rows)

--- Q04 ---
  DuckDB        627.43 ms ±  0.00  (5 rows)

--- Q17 ---
  DuckDB       1038.12 ms ±  0.00  (1 rows)

--- Q20 ---
  DuckDB       1082.96 ms ±  0.00  (1804 rows)

wrote /Users/ryanevans/RustroverProjects/ematix-flow/bench-results/campaign-2026-07-01/tput-sf10/duckdb/s100/batch-3/stream-74.md
