=== TPC-H 22 triangulation bench ===
    data:    /Users/ryanevans/RustroverProjects/ematix-flow/examples/tpch/data/sf10
    queries: 22 ([17, 21, 15, 19, 6, 10, 11, 22, 1, 18, 14, 9, 20, 4, 16, 3, 2, 7, 5, 13, 12, 8])
    trials:  1 (after 0 warmups)
    output:  /Users/ryanevans/RustroverProjects/ematix-flow/bench-results/campaign-2026-07-01/tput-sf10/duckdb/s100/batch-3/stream-8.md

    NOTE: single-invocation output is SMOKE-GRADE only. For win/loss
    claims use scripts/bench/strict_22q.sh / strict_ab.sh /
    strict_throughput.sh (see scripts/bench/README.md).

--- Q17 ---
  DuckDB       1162.58 ms ±  0.00  (1 rows)

--- Q21 ---
  DuckDB       2938.18 ms ±  0.00  (4009 rows)

--- Q15 ---
  DuckDB        661.45 ms ±  0.00  (1 rows)

--- Q19 ---
  DuckDB       1372.89 ms ±  0.00  (1 rows)

--- Q06 ---
  DuckDB        436.73 ms ±  0.00  (1 rows)

--- Q10 ---
  DuckDB       1722.66 ms ±  0.00  (381105 rows)

--- Q11 ---
  DuckDB        132.13 ms ±  0.00  (8685 rows)

--- Q22 ---
  DuckDB        262.86 ms ±  0.00  (7 rows)

--- Q01 ---
  DuckDB       1879.25 ms ±  0.00  (4 rows)

--- Q18 ---
  DuckDB       1743.78 ms ±  0.00  (624 rows)

--- Q14 ---
  DuckDB        949.82 ms ±  0.00  (1 rows)

--- Q09 ---
  DuckDB       2431.01 ms ±  0.00  (175 rows)

--- Q20 ---
  DuckDB        794.89 ms ±  0.00  (1804 rows)

--- Q04 ---
  DuckDB        761.78 ms ±  0.00  (5 rows)

--- Q16 ---
  DuckDB        313.34 ms ±  0.00  (27840 rows)

--- Q03 ---
  DuckDB       1176.14 ms ±  0.00  (114003 rows)

--- Q02 ---
  DuckDB        257.04 ms ±  0.00  (4667 rows)

--- Q07 ---
  DuckDB       1016.66 ms ±  0.00  (4 rows)

--- Q05 ---
  DuckDB       1217.79 ms ±  0.00  (5 rows)

--- Q13 ---
  DuckDB       1625.32 ms ±  0.00  (46 rows)

--- Q12 ---
  DuckDB        607.11 ms ±  0.00  (2 rows)

--- Q08 ---
  DuckDB       1193.85 ms ±  0.00  (2 rows)

wrote /Users/ryanevans/RustroverProjects/ematix-flow/bench-results/campaign-2026-07-01/tput-sf10/duckdb/s100/batch-3/stream-8.md
