=== TPC-H 22 triangulation bench ===
    data:    /Users/ryanevans/RustroverProjects/ematix-flow/examples/tpch/data/sf10
    queries: 22 ([19, 21, 1, 20, 18, 5, 17, 10, 16, 8, 7, 9, 13, 14, 15, 11, 12, 3, 6, 4, 2, 22])
    trials:  1 (after 0 warmups)
    output:  /Users/ryanevans/RustroverProjects/ematix-flow/bench-results/campaign-2026-07-01/tput-sf10/duckdb/s100/batch-3/stream-69.md

    NOTE: single-invocation output is SMOKE-GRADE only. For win/loss
    claims use scripts/bench/strict_22q.sh / strict_ab.sh /
    strict_throughput.sh (see scripts/bench/README.md).

--- Q19 ---
  DuckDB       1312.69 ms ±  0.00  (1 rows)

--- Q21 ---
  DuckDB       3043.88 ms ±  0.00  (4009 rows)

--- Q01 ---
  DuckDB       2057.72 ms ±  0.00  (4 rows)

--- Q20 ---
  DuckDB        846.59 ms ±  0.00  (1804 rows)

--- Q18 ---
  DuckDB       1631.21 ms ±  0.00  (624 rows)

--- Q05 ---
  DuckDB       1070.21 ms ±  0.00  (5 rows)

--- Q17 ---
  DuckDB       1064.40 ms ±  0.00  (1 rows)

--- Q10 ---
  DuckDB       1708.46 ms ±  0.00  (381105 rows)

--- Q16 ---
  DuckDB        338.57 ms ±  0.00  (27840 rows)

--- Q08 ---
  DuckDB       1196.71 ms ±  0.00  (2 rows)

--- Q07 ---
  DuckDB        997.69 ms ±  0.00  (4 rows)

--- Q09 ---
  DuckDB       2506.08 ms ±  0.00  (175 rows)

--- Q13 ---
  DuckDB       1972.64 ms ±  0.00  (46 rows)

--- Q14 ---
  DuckDB        880.09 ms ±  0.00  (1 rows)

--- Q15 ---
  DuckDB        515.17 ms ±  0.00  (1 rows)

--- Q11 ---
  DuckDB        126.87 ms ±  0.00  (8685 rows)

--- Q12 ---
  DuckDB        742.52 ms ±  0.00  (2 rows)

--- Q03 ---
  DuckDB       1120.29 ms ±  0.00  (114003 rows)

--- Q06 ---
  DuckDB        560.17 ms ±  0.00  (1 rows)

--- Q04 ---
  DuckDB        691.10 ms ±  0.00  (5 rows)

--- Q02 ---
  DuckDB        195.71 ms ±  0.00  (4667 rows)

--- Q22 ---
  DuckDB        440.72 ms ±  0.00  (7 rows)

wrote /Users/ryanevans/RustroverProjects/ematix-flow/bench-results/campaign-2026-07-01/tput-sf10/duckdb/s100/batch-3/stream-69.md
