=== TPC-H 22 triangulation bench ===
    data:    /Users/ryanevans/RustroverProjects/ematix-flow/examples/tpch/data/sf10
    queries: 22 ([21, 4, 5, 2, 11, 9, 14, 10, 6, 3, 13, 1, 22, 8, 18, 12, 19, 16, 17, 15, 7, 20])
    trials:  1 (after 0 warmups)
    output:  /Users/ryanevans/RustroverProjects/ematix-flow/bench-results/campaign-2026-07-01/tput-sf10/duckdb/s100/batch-3/stream-53.md

    NOTE: single-invocation output is SMOKE-GRADE only. For win/loss
    claims use scripts/bench/strict_22q.sh / strict_ab.sh /
    strict_throughput.sh (see scripts/bench/README.md).

--- Q21 ---
  DuckDB       2721.23 ms ±  0.00  (4009 rows)

--- Q04 ---
  DuckDB        511.13 ms ±  0.00  (5 rows)

--- Q05 ---
  DuckDB        990.74 ms ±  0.00  (5 rows)

--- Q02 ---
  DuckDB        356.39 ms ±  0.00  (4667 rows)

--- Q11 ---
  DuckDB        154.96 ms ±  0.00  (8685 rows)

--- Q09 ---
  DuckDB       2389.56 ms ±  0.00  (175 rows)

--- Q14 ---
  DuckDB       1032.13 ms ±  0.00  (1 rows)

--- Q10 ---
  DuckDB       1712.80 ms ±  0.00  (381105 rows)

--- Q06 ---
  DuckDB        567.85 ms ±  0.00  (1 rows)

--- Q03 ---
  DuckDB        875.59 ms ±  0.00  (114003 rows)

--- Q13 ---
  DuckDB       1781.12 ms ±  0.00  (46 rows)

--- Q01 ---
  DuckDB       1996.15 ms ±  0.00  (4 rows)

--- Q22 ---
  DuckDB        151.41 ms ±  0.00  (7 rows)

--- Q08 ---
  DuckDB       1253.71 ms ±  0.00  (2 rows)

--- Q18 ---
  DuckDB       1468.34 ms ±  0.00  (624 rows)

--- Q12 ---
  DuckDB        790.48 ms ±  0.00  (2 rows)

--- Q19 ---
  DuckDB       1509.98 ms ±  0.00  (1 rows)

--- Q16 ---
  DuckDB        281.63 ms ±  0.00  (27840 rows)

--- Q17 ---
  DuckDB       1012.13 ms ±  0.00  (1 rows)

--- Q15 ---
  DuckDB        546.62 ms ±  0.00  (1 rows)

--- Q07 ---
  DuckDB       1060.20 ms ±  0.00  (4 rows)

--- Q20 ---
  DuckDB       1115.38 ms ±  0.00  (1804 rows)

wrote /Users/ryanevans/RustroverProjects/ematix-flow/bench-results/campaign-2026-07-01/tput-sf10/duckdb/s100/batch-3/stream-53.md
