=== TPC-H 22 triangulation bench ===
    data:    /Users/ryanevans/RustroverProjects/ematix-flow/examples/tpch/data/sf10
    queries: 22 ([16, 12, 15, 21, 10, 9, 5, 22, 2, 4, 3, 8, 20, 19, 14, 18, 17, 1, 6, 11, 7, 13])
    trials:  1 (after 0 warmups)
    output:  /Users/ryanevans/RustroverProjects/ematix-flow/bench-results/campaign-2026-07-01/tput-sf10/duckdb/s100/batch-3/stream-88.md

    NOTE: single-invocation output is SMOKE-GRADE only. For win/loss
    claims use scripts/bench/strict_22q.sh / strict_ab.sh /
    strict_throughput.sh (see scripts/bench/README.md).

--- Q16 ---
  DuckDB        331.44 ms ±  0.00  (27840 rows)

--- Q12 ---
  DuckDB        754.09 ms ±  0.00  (2 rows)

--- Q15 ---
  DuckDB        476.17 ms ±  0.00  (1 rows)

--- Q21 ---
  DuckDB       2913.66 ms ±  0.00  (4009 rows)

--- Q10 ---
  DuckDB       1674.51 ms ±  0.00  (381105 rows)

--- Q09 ---
  DuckDB       2408.28 ms ±  0.00  (175 rows)

--- Q05 ---
  DuckDB        909.45 ms ±  0.00  (5 rows)

--- Q22 ---
  DuckDB        363.32 ms ±  0.00  (7 rows)

--- Q02 ---
  DuckDB        383.30 ms ±  0.00  (4667 rows)

--- Q04 ---
  DuckDB        713.02 ms ±  0.00  (5 rows)

--- Q03 ---
  DuckDB       1128.72 ms ±  0.00  (114003 rows)

--- Q08 ---
  DuckDB       1192.73 ms ±  0.00  (2 rows)

--- Q20 ---
  DuckDB       1193.28 ms ±  0.00  (1804 rows)

--- Q19 ---
  DuckDB       1623.91 ms ±  0.00  (1 rows)

--- Q14 ---
  DuckDB        877.30 ms ±  0.00  (1 rows)

--- Q18 ---
  DuckDB       1506.31 ms ±  0.00  (624 rows)

--- Q17 ---
  DuckDB       1197.26 ms ±  0.00  (1 rows)

--- Q01 ---
  DuckDB       1965.02 ms ±  0.00  (4 rows)

--- Q06 ---
  DuckDB        537.06 ms ±  0.00  (1 rows)

--- Q11 ---
  DuckDB        125.93 ms ±  0.00  (8685 rows)

--- Q07 ---
  DuckDB       1081.98 ms ±  0.00  (4 rows)

--- Q13 ---
  DuckDB       1875.05 ms ±  0.00  (46 rows)

wrote /Users/ryanevans/RustroverProjects/ematix-flow/bench-results/campaign-2026-07-01/tput-sf10/duckdb/s100/batch-3/stream-88.md
