=== TPC-H 22 triangulation bench ===
    data:    /Users/ryanevans/RustroverProjects/ematix-flow/examples/tpch/data/sf10
    queries: 22 ([4, 17, 7, 3, 10, 19, 1, 22, 8, 11, 16, 20, 2, 18, 9, 14, 12, 13, 6, 21, 15, 5])
    trials:  1 (after 0 warmups)
    output:  /Users/ryanevans/RustroverProjects/ematix-flow/bench-results/campaign-2026-07-01/tput-sf10/duckdb/s100/batch-3/stream-100.md

    NOTE: single-invocation output is SMOKE-GRADE only. For win/loss
    claims use scripts/bench/strict_22q.sh / strict_ab.sh /
    strict_throughput.sh (see scripts/bench/README.md).

--- Q04 ---
  DuckDB        684.01 ms ±  0.00  (5 rows)

--- Q17 ---
  DuckDB       1134.03 ms ±  0.00  (1 rows)

--- Q07 ---
  DuckDB        814.72 ms ±  0.00  (4 rows)

--- Q03 ---
  DuckDB       1002.64 ms ±  0.00  (114003 rows)

--- Q10 ---
  DuckDB       1649.66 ms ±  0.00  (381105 rows)

--- Q19 ---
  DuckDB       1602.31 ms ±  0.00  (1 rows)

--- Q01 ---
  DuckDB       1987.79 ms ±  0.00  (4 rows)

--- Q22 ---
  DuckDB        296.15 ms ±  0.00  (7 rows)

--- Q08 ---
  DuckDB       1154.64 ms ±  0.00  (2 rows)

--- Q11 ---
  DuckDB        112.96 ms ±  0.00  (8685 rows)

--- Q16 ---
  DuckDB        372.60 ms ±  0.00  (27840 rows)

--- Q20 ---
  DuckDB        943.66 ms ±  0.00  (1804 rows)

--- Q02 ---
  DuckDB        300.82 ms ±  0.00  (4667 rows)

--- Q18 ---
  DuckDB       1653.10 ms ±  0.00  (624 rows)

--- Q09 ---
  DuckDB       2217.95 ms ±  0.00  (175 rows)

--- Q14 ---
  DuckDB        789.27 ms ±  0.00  (1 rows)

--- Q12 ---
  DuckDB        724.96 ms ±  0.00  (2 rows)

--- Q13 ---
  DuckDB       1350.86 ms ±  0.00  (46 rows)

--- Q06 ---
  DuckDB        234.54 ms ±  0.00  (1 rows)

--- Q21 ---
  DuckDB       1040.87 ms ±  0.00  (4009 rows)

--- Q15 ---
  DuckDB        123.79 ms ±  0.00  (1 rows)

--- Q05 ---
  DuckDB        132.89 ms ±  0.00  (5 rows)

wrote /Users/ryanevans/RustroverProjects/ematix-flow/bench-results/campaign-2026-07-01/tput-sf10/duckdb/s100/batch-3/stream-100.md
