=== TPC-H 22 triangulation bench ===
    data:    /Users/ryanevans/RustroverProjects/ematix-flow/examples/tpch/data/sf10
    queries: 22 ([13, 19, 2, 3, 15, 17, 20, 16, 12, 22, 7, 5, 21, 8, 11, 1, 14, 10, 9, 4, 6, 18])
    trials:  1 (after 0 warmups)
    output:  /Users/ryanevans/RustroverProjects/ematix-flow/bench-results/campaign-2026-07-01/tput-sf10/duckdb/s100/batch-3/stream-94.md

    NOTE: single-invocation output is SMOKE-GRADE only. For win/loss
    claims use scripts/bench/strict_22q.sh / strict_ab.sh /
    strict_throughput.sh (see scripts/bench/README.md).

--- Q13 ---
  DuckDB       2101.66 ms ±  0.00  (46 rows)

--- Q19 ---
  DuckDB       1526.00 ms ±  0.00  (1 rows)

--- Q02 ---
  DuckDB        252.52 ms ±  0.00  (4667 rows)

--- Q03 ---
  DuckDB       1058.81 ms ±  0.00  (114003 rows)

--- Q15 ---
  DuckDB        596.85 ms ±  0.00  (1 rows)

--- Q17 ---
  DuckDB       1061.83 ms ±  0.00  (1 rows)

--- Q20 ---
  DuckDB        895.69 ms ±  0.00  (1804 rows)

--- Q16 ---
  DuckDB        199.37 ms ±  0.00  (27840 rows)

--- Q12 ---
  DuckDB        815.46 ms ±  0.00  (2 rows)

--- Q22 ---
  DuckDB        175.96 ms ±  0.00  (7 rows)

--- Q07 ---
  DuckDB       1008.08 ms ±  0.00  (4 rows)

--- Q05 ---
  DuckDB       1011.11 ms ±  0.00  (5 rows)

--- Q21 ---
  DuckDB       2809.41 ms ±  0.00  (4009 rows)

--- Q08 ---
  DuckDB       1349.14 ms ±  0.00  (2 rows)

--- Q11 ---
  DuckDB        316.74 ms ±  0.00  (8685 rows)

--- Q01 ---
  DuckDB       2032.15 ms ±  0.00  (4 rows)

--- Q14 ---
  DuckDB       1091.64 ms ±  0.00  (1 rows)

--- Q10 ---
  DuckDB       1893.39 ms ±  0.00  (381105 rows)

--- Q09 ---
  DuckDB       2116.47 ms ±  0.00  (175 rows)

--- Q04 ---
  DuckDB        427.47 ms ±  0.00  (5 rows)

--- Q06 ---
  DuckDB        360.22 ms ±  0.00  (1 rows)

--- Q18 ---
  DuckDB       1100.55 ms ±  0.00  (624 rows)

wrote /Users/ryanevans/RustroverProjects/ematix-flow/bench-results/campaign-2026-07-01/tput-sf10/duckdb/s100/batch-3/stream-94.md
