=== TPC-H 22 triangulation bench ===
    data:    /Users/ryanevans/RustroverProjects/ematix-flow/examples/tpch/data/sf10
    queries: 22 ([12, 8, 14, 3, 15, 6, 16, 22, 13, 10, 19, 18, 4, 2, 21, 7, 5, 9, 1, 20, 17, 11])
    trials:  1 (after 0 warmups)
    output:  /Users/ryanevans/RustroverProjects/ematix-flow/bench-results/campaign-2026-07-01/tput-sf10/duckdb/s100/batch-3/stream-71.md

    NOTE: single-invocation output is SMOKE-GRADE only. For win/loss
    claims use scripts/bench/strict_22q.sh / strict_ab.sh /
    strict_throughput.sh (see scripts/bench/README.md).

--- Q12 ---
  DuckDB        857.92 ms ±  0.00  (2 rows)

--- Q08 ---
  DuckDB       1332.71 ms ±  0.00  (2 rows)

--- Q14 ---
  DuckDB        901.77 ms ±  0.00  (1 rows)

--- Q03 ---
  DuckDB       1210.54 ms ±  0.00  (114003 rows)

--- Q15 ---
  DuckDB        523.10 ms ±  0.00  (1 rows)

--- Q06 ---
  DuckDB        472.28 ms ±  0.00  (1 rows)

--- Q16 ---
  DuckDB        299.07 ms ±  0.00  (27840 rows)

--- Q22 ---
  DuckDB        413.90 ms ±  0.00  (7 rows)

--- Q13 ---
  DuckDB       1721.80 ms ±  0.00  (46 rows)

--- Q10 ---
  DuckDB       1704.96 ms ±  0.00  (381105 rows)

--- Q19 ---
  DuckDB       1544.64 ms ±  0.00  (1 rows)

--- Q18 ---
  DuckDB       1574.90 ms ±  0.00  (624 rows)

--- Q04 ---
  DuckDB        574.11 ms ±  0.00  (5 rows)

--- Q02 ---
  DuckDB        105.57 ms ±  0.00  (4667 rows)

--- Q21 ---
  DuckDB       3021.65 ms ±  0.00  (4009 rows)

--- Q07 ---
  DuckDB        979.26 ms ±  0.00  (4 rows)

--- Q05 ---
  DuckDB        943.60 ms ±  0.00  (5 rows)

--- Q09 ---
  DuckDB       1959.84 ms ±  0.00  (175 rows)

--- Q01 ---
  DuckDB       2043.94 ms ±  0.00  (4 rows)

--- Q20 ---
  DuckDB        865.91 ms ±  0.00  (1804 rows)

--- Q17 ---
  DuckDB        926.22 ms ±  0.00  (1 rows)

--- Q11 ---
  DuckDB         91.13 ms ±  0.00  (8685 rows)

wrote /Users/ryanevans/RustroverProjects/ematix-flow/bench-results/campaign-2026-07-01/tput-sf10/duckdb/s100/batch-3/stream-71.md
