=== TPC-H 22 triangulation bench ===
    data:    /Users/ryanevans/RustroverProjects/ematix-flow/examples/tpch/data/sf10
    queries: 22 ([11, 1, 3, 19, 17, 4, 15, 14, 10, 9, 20, 12, 16, 2, 21, 5, 18, 8, 6, 7, 22, 13])
    trials:  1 (after 0 warmups)
    output:  /Users/ryanevans/RustroverProjects/ematix-flow/bench-results/campaign-2026-07-01/tput-sf10/duckdb/s100/batch-3/stream-99.md

    NOTE: single-invocation output is SMOKE-GRADE only. For win/loss
    claims use scripts/bench/strict_22q.sh / strict_ab.sh /
    strict_throughput.sh (see scripts/bench/README.md).

--- Q11 ---
  DuckDB         68.15 ms ±  0.00  (8685 rows)

--- Q01 ---
  DuckDB       2013.30 ms ±  0.00  (4 rows)

--- Q03 ---
  DuckDB       1089.71 ms ±  0.00  (114003 rows)

--- Q19 ---
  DuckDB       1154.83 ms ±  0.00  (1 rows)

--- Q17 ---
  DuckDB       1176.38 ms ±  0.00  (1 rows)

--- Q04 ---
  DuckDB        672.07 ms ±  0.00  (5 rows)

--- Q15 ---
  DuckDB        551.13 ms ±  0.00  (1 rows)

--- Q14 ---
  DuckDB       1009.09 ms ±  0.00  (1 rows)

--- Q10 ---
  DuckDB       1779.19 ms ±  0.00  (381105 rows)

--- Q09 ---
  DuckDB       2264.26 ms ±  0.00  (175 rows)

--- Q20 ---
  DuckDB        809.82 ms ±  0.00  (1804 rows)

--- Q12 ---
  DuckDB        708.30 ms ±  0.00  (2 rows)

--- Q16 ---
  DuckDB        434.78 ms ±  0.00  (27840 rows)

--- Q02 ---
  DuckDB        118.98 ms ±  0.00  (4667 rows)

--- Q21 ---
  DuckDB       2687.78 ms ±  0.00  (4009 rows)

--- Q05 ---
  DuckDB        760.54 ms ±  0.00  (5 rows)

--- Q18 ---
  DuckDB       1252.24 ms ±  0.00  (624 rows)

--- Q08 ---
  DuckDB        851.38 ms ±  0.00  (2 rows)

--- Q06 ---
  DuckDB        287.34 ms ±  0.00  (1 rows)

--- Q07 ---
  DuckDB        565.37 ms ±  0.00  (4 rows)

--- Q22 ---
  DuckDB        127.89 ms ±  0.00  (7 rows)

--- Q13 ---
  DuckDB        508.56 ms ±  0.00  (46 rows)

wrote /Users/ryanevans/RustroverProjects/ematix-flow/bench-results/campaign-2026-07-01/tput-sf10/duckdb/s100/batch-3/stream-99.md
