=== TPC-H 22 triangulation bench ===
    data:    /Users/ryanevans/RustroverProjects/ematix-flow/examples/tpch/data/sf10
    queries: 22 ([1, 2, 3, 17, 5, 14, 12, 19, 9, 18, 21, 10, 6, 16, 13, 15, 8, 22, 11, 4, 20, 7])
    trials:  1 (after 0 warmups)
    output:  /Users/ryanevans/RustroverProjects/ematix-flow/bench-results/campaign-2026-07-01/tput-sf10/duckdb/s100/batch-3/stream-85.md

    NOTE: single-invocation output is SMOKE-GRADE only. For win/loss
    claims use scripts/bench/strict_22q.sh / strict_ab.sh /
    strict_throughput.sh (see scripts/bench/README.md).

--- Q01 ---
  DuckDB       2113.86 ms ±  0.00  (4 rows)

--- Q02 ---
  DuckDB        282.15 ms ±  0.00  (4667 rows)

--- Q03 ---
  DuckDB       1012.96 ms ±  0.00  (114003 rows)

--- Q17 ---
  DuckDB        988.42 ms ±  0.00  (1 rows)

--- Q05 ---
  DuckDB        928.12 ms ±  0.00  (5 rows)

--- Q14 ---
  DuckDB        947.89 ms ±  0.00  (1 rows)

--- Q12 ---
  DuckDB        604.94 ms ±  0.00  (2 rows)

--- Q19 ---
  DuckDB       1210.96 ms ±  0.00  (1 rows)

--- Q09 ---
  DuckDB       2209.44 ms ±  0.00  (175 rows)

--- Q18 ---
  DuckDB       1538.87 ms ±  0.00  (624 rows)

--- Q21 ---
  DuckDB       2855.65 ms ±  0.00  (4009 rows)

--- Q10 ---
  DuckDB       1581.87 ms ±  0.00  (381105 rows)

--- Q06 ---
  DuckDB        556.26 ms ±  0.00  (1 rows)

--- Q16 ---
  DuckDB        449.89 ms ±  0.00  (27840 rows)

--- Q13 ---
  DuckDB       1730.52 ms ±  0.00  (46 rows)

--- Q15 ---
  DuckDB        805.85 ms ±  0.00  (1 rows)

--- Q08 ---
  DuckDB       1103.64 ms ±  0.00  (2 rows)

--- Q22 ---
  DuckDB        360.74 ms ±  0.00  (7 rows)

--- Q11 ---
  DuckDB        132.15 ms ±  0.00  (8685 rows)

--- Q04 ---
  DuckDB        754.98 ms ±  0.00  (5 rows)

--- Q20 ---
  DuckDB        927.17 ms ±  0.00  (1804 rows)

--- Q07 ---
  DuckDB        939.55 ms ±  0.00  (4 rows)

wrote /Users/ryanevans/RustroverProjects/ematix-flow/bench-results/campaign-2026-07-01/tput-sf10/duckdb/s100/batch-3/stream-85.md
