=== TPC-H 22 triangulation bench ===
    data:    /Users/ryanevans/RustroverProjects/ematix-flow/examples/tpch/data/sf10
    queries: 22 ([8, 6, 10, 19, 21, 7, 15, 14, 22, 11, 3, 12, 20, 9, 17, 18, 2, 5, 13, 4, 16, 1])
    trials:  1 (after 0 warmups)
    output:  /Users/ryanevans/RustroverProjects/ematix-flow/bench-results/campaign-2026-07-01/tput-sf10/duckdb/s100/batch-3/stream-31.md

    NOTE: single-invocation output is SMOKE-GRADE only. For win/loss
    claims use scripts/bench/strict_22q.sh / strict_ab.sh /
    strict_throughput.sh (see scripts/bench/README.md).

--- Q08 ---
  DuckDB       1213.30 ms ±  0.00  (2 rows)

--- Q06 ---
  DuckDB        446.22 ms ±  0.00  (1 rows)

--- Q10 ---
  DuckDB       1576.77 ms ±  0.00  (381105 rows)

--- Q19 ---
  DuckDB       1288.42 ms ±  0.00  (1 rows)

--- Q21 ---
  DuckDB       2846.02 ms ±  0.00  (4009 rows)

--- Q07 ---
  DuckDB       1020.50 ms ±  0.00  (4 rows)

--- Q15 ---
  DuckDB        505.71 ms ±  0.00  (1 rows)

--- Q14 ---
  DuckDB        729.33 ms ±  0.00  (1 rows)

--- Q22 ---
  DuckDB        227.53 ms ±  0.00  (7 rows)

--- Q11 ---
  DuckDB         69.10 ms ±  0.00  (8685 rows)

--- Q03 ---
  DuckDB       1139.31 ms ±  0.00  (114003 rows)

--- Q12 ---
  DuckDB        855.42 ms ±  0.00  (2 rows)

--- Q20 ---
  DuckDB        846.79 ms ±  0.00  (1804 rows)

--- Q09 ---
  DuckDB       2200.28 ms ±  0.00  (175 rows)

--- Q17 ---
  DuckDB       1088.05 ms ±  0.00  (1 rows)

--- Q18 ---
  DuckDB       1500.46 ms ±  0.00  (624 rows)

--- Q02 ---
  DuckDB        161.09 ms ±  0.00  (4667 rows)

--- Q05 ---
  DuckDB        934.42 ms ±  0.00  (5 rows)

--- Q13 ---
  DuckDB       1906.61 ms ±  0.00  (46 rows)

--- Q04 ---
  DuckDB        455.71 ms ±  0.00  (5 rows)

--- Q16 ---
  DuckDB        357.02 ms ±  0.00  (27840 rows)

--- Q01 ---
  DuckDB       2086.10 ms ±  0.00  (4 rows)

wrote /Users/ryanevans/RustroverProjects/ematix-flow/bench-results/campaign-2026-07-01/tput-sf10/duckdb/s100/batch-3/stream-31.md
