=== TPC-H 22 triangulation bench ===
    data:    /Users/ryanevans/RustroverProjects/ematix-flow/examples/tpch/data/sf10
    queries: 22 ([19, 14, 9, 21, 16, 11, 10, 7, 3, 18, 20, 22, 17, 2, 13, 12, 4, 6, 15, 1, 8, 5])
    trials:  1 (after 0 warmups)
    output:  /Users/ryanevans/RustroverProjects/ematix-flow/bench-results/campaign-2026-07-01/tput-sf10/duckdb/s100/batch-3/stream-22.md

    NOTE: single-invocation output is SMOKE-GRADE only. For win/loss
    claims use scripts/bench/strict_22q.sh / strict_ab.sh /
    strict_throughput.sh (see scripts/bench/README.md).

--- Q19 ---
  DuckDB       1483.38 ms ±  0.00  (1 rows)

--- Q14 ---
  DuckDB        860.57 ms ±  0.00  (1 rows)

--- Q09 ---
  DuckDB       2323.89 ms ±  0.00  (175 rows)

--- Q21 ---
  DuckDB       2845.03 ms ±  0.00  (4009 rows)

--- Q16 ---
  DuckDB        708.68 ms ±  0.00  (27840 rows)

--- Q11 ---
  DuckDB         83.21 ms ±  0.00  (8685 rows)

--- Q10 ---
  DuckDB       1622.43 ms ±  0.00  (381105 rows)

--- Q07 ---
  DuckDB       1030.08 ms ±  0.00  (4 rows)

--- Q03 ---
  DuckDB       1140.80 ms ±  0.00  (114003 rows)

--- Q18 ---
  DuckDB       1401.29 ms ±  0.00  (624 rows)

--- Q20 ---
  DuckDB       1108.31 ms ±  0.00  (1804 rows)

--- Q22 ---
  DuckDB        265.23 ms ±  0.00  (7 rows)

--- Q17 ---
  DuckDB       1234.84 ms ±  0.00  (1 rows)

--- Q02 ---
  DuckDB        180.69 ms ±  0.00  (4667 rows)

--- Q13 ---
  DuckDB       2018.51 ms ±  0.00  (46 rows)

--- Q12 ---
  DuckDB        552.65 ms ±  0.00  (2 rows)

--- Q04 ---
  DuckDB        636.66 ms ±  0.00  (5 rows)

--- Q06 ---
  DuckDB        546.63 ms ±  0.00  (1 rows)

--- Q15 ---
  DuckDB        621.36 ms ±  0.00  (1 rows)

--- Q01 ---
  DuckDB       1996.91 ms ±  0.00  (4 rows)

--- Q08 ---
  DuckDB        958.97 ms ±  0.00  (2 rows)

--- Q05 ---
  DuckDB       1054.27 ms ±  0.00  (5 rows)

wrote /Users/ryanevans/RustroverProjects/ematix-flow/bench-results/campaign-2026-07-01/tput-sf10/duckdb/s100/batch-3/stream-22.md
