=== TPC-H 22 triangulation bench ===
    data:    /Users/ryanevans/RustroverProjects/ematix-flow/examples/tpch/data/sf10
    queries: 22 ([13, 22, 4, 10, 3, 11, 21, 9, 8, 17, 16, 6, 5, 20, 15, 18, 19, 1, 2, 12, 14, 7])
    trials:  1 (after 0 warmups)
    output:  /Users/ryanevans/RustroverProjects/ematix-flow/bench-results/campaign-2026-07-01/tput-sf10/duckdb/s100/batch-3/stream-97.md

    NOTE: single-invocation output is SMOKE-GRADE only. For win/loss
    claims use scripts/bench/strict_22q.sh / strict_ab.sh /
    strict_throughput.sh (see scripts/bench/README.md).

--- Q13 ---
  DuckDB       1902.13 ms ±  0.00  (46 rows)

--- Q22 ---
  DuckDB        534.91 ms ±  0.00  (7 rows)

--- Q04 ---
  DuckDB        657.06 ms ±  0.00  (5 rows)

--- Q10 ---
  DuckDB       2051.17 ms ±  0.00  (381105 rows)

--- Q03 ---
  DuckDB       1050.32 ms ±  0.00  (114003 rows)

--- Q11 ---
  DuckDB        136.52 ms ±  0.00  (8685 rows)

--- Q21 ---
  DuckDB       2788.71 ms ±  0.00  (4009 rows)

--- Q09 ---
  DuckDB       2233.42 ms ±  0.00  (175 rows)

--- Q08 ---
  DuckDB        996.91 ms ±  0.00  (2 rows)

--- Q17 ---
  DuckDB       1044.07 ms ±  0.00  (1 rows)

--- Q16 ---
  DuckDB        253.91 ms ±  0.00  (27840 rows)

--- Q06 ---
  DuckDB        544.67 ms ±  0.00  (1 rows)

--- Q05 ---
  DuckDB        911.87 ms ±  0.00  (5 rows)

--- Q20 ---
  DuckDB       1252.48 ms ±  0.00  (1804 rows)

--- Q15 ---
  DuckDB        555.49 ms ±  0.00  (1 rows)

--- Q18 ---
  DuckDB       1373.49 ms ±  0.00  (624 rows)

--- Q19 ---
  DuckDB       1301.12 ms ±  0.00  (1 rows)

--- Q01 ---
  DuckDB       1487.32 ms ±  0.00  (4 rows)

--- Q02 ---
  DuckDB         66.81 ms ±  0.00  (4667 rows)

--- Q12 ---
  DuckDB        464.56 ms ±  0.00  (2 rows)

--- Q14 ---
  DuckDB        311.43 ms ±  0.00  (1 rows)

--- Q07 ---
  DuckDB        573.53 ms ±  0.00  (4 rows)

wrote /Users/ryanevans/RustroverProjects/ematix-flow/bench-results/campaign-2026-07-01/tput-sf10/duckdb/s100/batch-3/stream-97.md
