=== TPC-H 22 triangulation bench ===
    data:    /Users/ryanevans/RustroverProjects/ematix-flow/examples/tpch/data/sf10
    queries: 22 ([18, 14, 8, 9, 10, 15, 20, 5, 16, 6, 17, 19, 3, 1, 22, 2, 21, 4, 7, 13, 11, 12])
    trials:  1 (after 0 warmups)
    output:  /Users/ryanevans/RustroverProjects/ematix-flow/bench-results/campaign-2026-07-01/tput-sf10/duckdb/s100/batch-3/stream-96.md

    NOTE: single-invocation output is SMOKE-GRADE only. For win/loss
    claims use scripts/bench/strict_22q.sh / strict_ab.sh /
    strict_throughput.sh (see scripts/bench/README.md).

--- Q18 ---
  DuckDB       1608.67 ms ±  0.00  (624 rows)

--- Q14 ---
  DuckDB       1048.83 ms ±  0.00  (1 rows)

--- Q08 ---
  DuckDB       1269.04 ms ±  0.00  (2 rows)

--- Q09 ---
  DuckDB       2138.80 ms ±  0.00  (175 rows)

--- Q10 ---
  DuckDB       1874.97 ms ±  0.00  (381105 rows)

--- Q15 ---
  DuckDB        500.07 ms ±  0.00  (1 rows)

--- Q20 ---
  DuckDB        990.87 ms ±  0.00  (1804 rows)

--- Q05 ---
  DuckDB        915.21 ms ±  0.00  (5 rows)

--- Q16 ---
  DuckDB        241.87 ms ±  0.00  (27840 rows)

--- Q06 ---
  DuckDB        429.44 ms ±  0.00  (1 rows)

--- Q17 ---
  DuckDB       1097.81 ms ±  0.00  (1 rows)

--- Q19 ---
  DuckDB       1569.12 ms ±  0.00  (1 rows)

--- Q03 ---
  DuckDB       1003.66 ms ±  0.00  (114003 rows)

--- Q01 ---
  DuckDB       2167.34 ms ±  0.00  (4 rows)

--- Q22 ---
  DuckDB        462.20 ms ±  0.00  (7 rows)

--- Q02 ---
  DuckDB        212.91 ms ±  0.00  (4667 rows)

--- Q21 ---
  DuckDB       2639.75 ms ±  0.00  (4009 rows)

--- Q04 ---
  DuckDB        592.27 ms ±  0.00  (5 rows)

--- Q07 ---
  DuckDB        776.39 ms ±  0.00  (4 rows)

--- Q13 ---
  DuckDB       1241.65 ms ±  0.00  (46 rows)

--- Q11 ---
  DuckDB         70.16 ms ±  0.00  (8685 rows)

--- Q12 ---
  DuckDB        420.41 ms ±  0.00  (2 rows)

wrote /Users/ryanevans/RustroverProjects/ematix-flow/bench-results/campaign-2026-07-01/tput-sf10/duckdb/s100/batch-3/stream-96.md
