=== TPC-H 22 triangulation bench ===
    data:    /Users/ryanevans/RustroverProjects/ematix-flow/examples/tpch/data/sf10
    queries: 22 ([17, 21, 15, 19, 6, 10, 11, 22, 1, 18, 14, 9, 20, 4, 16, 3, 2, 7, 5, 13, 12, 8])
    trials:  1 (after 0 warmups)
    output:  bench-results/sched-arc-2026-07-03/sf10-final/ematix/s10/batch-4/stream-8.md

    NOTE: single-invocation output is SMOKE-GRADE only. For win/loss
    claims use scripts/bench/strict_22q.sh / strict_ab.sh /
    strict_throughput.sh (see scripts/bench/README.md).

--- Q17 ---
  ematix-flow   828.69 ms ±  0.00  (1 rows)

--- Q21 ---
  ematix-flow  2216.74 ms ±  0.00  (4009 rows)

--- Q15 ---
  ematix-flow   781.35 ms ±  0.00  (1 rows)

--- Q19 ---
  ematix-flow  1068.30 ms ±  0.00  (1 rows)

--- Q06 ---
  ematix-flow   142.75 ms ±  0.00  (1 rows)

--- Q10 ---
  ematix-flow  2089.36 ms ±  0.00  (381105 rows)

--- Q11 ---
  ematix-flow   124.47 ms ±  0.00  (8685 rows)

--- Q22 ---
  ematix-flow   217.56 ms ±  0.00  (7 rows)

--- Q01 ---
  ematix-flow  3539.90 ms ±  0.00  (4 rows)

--- Q18 ---
  ematix-flow  3397.09 ms ±  0.00  (624 rows)

--- Q14 ---
  ematix-flow   454.22 ms ±  0.00  (1 rows)

--- Q09 ---
  ematix-flow  3274.66 ms ±  0.00  (175 rows)

--- Q20 ---
  ematix-flow  1332.44 ms ±  0.00  (1804 rows)

--- Q04 ---
  ematix-flow   620.70 ms ±  0.00  (5 rows)

--- Q16 ---
  ematix-flow   465.88 ms ±  0.00  (27840 rows)

--- Q03 ---
  ematix-flow  1239.06 ms ±  0.00  (114003 rows)

--- Q02 ---
  ematix-flow    83.55 ms ±  0.00  (4667 rows)

--- Q07 ---
  ematix-flow  1434.79 ms ±  0.00  (4 rows)

--- Q05 ---
  ematix-flow  1972.06 ms ±  0.00  (5 rows)

--- Q13 ---
  ematix-flow  1519.94 ms ±  0.00  (46 rows)

--- Q12 ---
  ematix-flow  1081.54 ms ±  0.00  (2 rows)

--- Q08 ---
  ematix-flow  1369.02 ms ±  0.00  (2 rows)

wrote bench-results/sched-arc-2026-07-03/sf10-final/ematix/s10/batch-4/stream-8.md
