=== TPC-H 22 triangulation bench ===
    data:    /Users/ryanevans/RustroverProjects/ematix-flow/examples/tpch/data/sf10
    queries: 22 ([22, 12, 11, 19, 21, 15, 18, 6, 20, 14, 17, 9, 7, 1, 2, 3, 5, 16, 13, 4, 10, 8])
    trials:  1 (after 0 warmups)
    output:  bench-results/sched-arc-2026-07-03/sf10-final/ematix/s10/batch-4/stream-4.md

    NOTE: single-invocation output is SMOKE-GRADE only. For win/loss
    claims use scripts/bench/strict_22q.sh / strict_ab.sh /
    strict_throughput.sh (see scripts/bench/README.md).

--- Q22 ---
  ematix-flow   187.97 ms ±  0.00  (7 rows)

--- Q12 ---
  ematix-flow   780.06 ms ±  0.00  (2 rows)

--- Q11 ---
  ematix-flow   178.14 ms ±  0.00  (8685 rows)

--- Q19 ---
  ematix-flow  1059.39 ms ±  0.00  (1 rows)

--- Q21 ---
  ematix-flow  2127.88 ms ±  0.00  (4009 rows)

--- Q15 ---
  ematix-flow   879.52 ms ±  0.00  (1 rows)

--- Q18 ---
  ematix-flow  3035.59 ms ±  0.00  (624 rows)

--- Q06 ---
  ematix-flow   162.74 ms ±  0.00  (1 rows)

--- Q20 ---
  ematix-flow  1571.45 ms ±  0.00  (1804 rows)

--- Q14 ---
  ematix-flow   581.25 ms ±  0.00  (1 rows)

--- Q17 ---
  ematix-flow   522.82 ms ±  0.00  (1 rows)

--- Q09 ---
  ematix-flow  2960.55 ms ±  0.00  (175 rows)

--- Q07 ---
  ematix-flow  1459.97 ms ±  0.00  (4 rows)

--- Q01 ---
  ematix-flow  3580.11 ms ±  0.00  (4 rows)

--- Q02 ---
  ematix-flow   120.67 ms ±  0.00  (4667 rows)

--- Q03 ---
  ematix-flow  1183.80 ms ±  0.00  (114003 rows)

--- Q05 ---
  ematix-flow  1879.08 ms ±  0.00  (5 rows)

--- Q16 ---
  ematix-flow   362.03 ms ±  0.00  (27840 rows)

--- Q13 ---
  ematix-flow  1454.65 ms ±  0.00  (46 rows)

--- Q04 ---
  ematix-flow   870.14 ms ±  0.00  (5 rows)

--- Q10 ---
  ematix-flow  2308.92 ms ±  0.00  (381105 rows)

--- Q08 ---
  ematix-flow  1947.99 ms ±  0.00  (2 rows)

wrote bench-results/sched-arc-2026-07-03/sf10-final/ematix/s10/batch-4/stream-4.md
