=== TPC-H 22 triangulation bench ===
    data:    examples/tpch/data/sf100
    queries: 22 ([1, 2, 3, 4, 5, 6, 7, 8, 9, 10, 11, 12, 13, 14, 15, 16, 17, 18, 19, 20, 21, 22])
    trials:  10 (after 3 warmups)
    output:  bench-results/refresh-2026-05-30/ematix-sf100.md

--- Q01 ---
  ematix-flow  2598.66 ms ± 54.98  (4 rows)

--- Q02 ---
  ematix-flow   399.39 ms ± 13.96  (47107 rows)

--- Q03 ---
  ematix-flow  1706.98 ms ± 57.66  (1131041 rows)

--- Q04 ---
  ematix-flow   973.55 ms ± 15.95  (5 rows)

--- Q05 ---
  ematix-flow  2766.83 ms ± 24.60  (5 rows)

--- Q06 ---
  ematix-flow   538.57 ms ± 14.29  (1 rows)

--- Q07 ---
  ematix-flow  2285.85 ms ± 29.20  (4 rows)

--- Q08 ---
  ematix-flow  2983.87 ms ± 169.79  (2 rows)

--- Q09 ---
  ematix-flow  10598.51 ms ± 743.50  (175 rows)

--- Q10 ---
  ematix-flow  3850.77 ms ± 369.36  (3884218 rows)

--- Q11 ---
  ematix-flow   431.62 ms ± 23.69  (0 rows)

--- Q12 ---
  ematix-flow  1332.50 ms ± 49.27  (2 rows)

--- Q13 ---
  ematix-flow  2403.27 ms ± 34.94  (45 rows)

--- Q14 ---
  ematix-flow  1004.60 ms ± 72.93  (1 rows)

--- Q15 ---
  ematix-flow  1084.33 ms ± 23.41  (1 rows)

--- Q16 ---
  ematix-flow   665.03 ms ± 18.64  (27840 rows)

--- Q17 ---
  ematix-flow  2328.46 ms ± 58.36  (1 rows)

--- Q18 ---
  ematix-flow  8200.49 ms ± 412.13  (6398 rows)

--- Q19 ---
  ematix-flow  1384.41 ms ± 49.15  (1 rows)

--- Q20 ---
  ematix-flow  2153.44 ms ± 37.35  (17971 rows)

--- Q21 ---
  ematix-flow  4671.63 ms ± 58.81  (39950 rows)

--- Q22 ---
  ematix-flow   506.07 ms ± 11.14  (7 rows)

wrote bench-results/refresh-2026-05-30/ematix-sf100.md
