=== TPC-H 22 triangulation bench ===
    data:    examples/tpch/data/sf1
    queries: 22 ([1, 2, 3, 4, 5, 6, 7, 8, 9, 10, 11, 12, 13, 14, 15, 16, 17, 18, 19, 20, 21, 22])
    trials:  10 (after 3 warmups)
    output:  bench-results/refresh-2026-05-30/emat-duck-sf1.md

--- Q01 ---
  ematix-flow    16.06 ms ±  0.24  (4 rows)
  DuckDB         47.65 ms ±  0.68  (4 rows)

--- Q02 ---
  ematix-flow     6.79 ms ±  0.24  (460 rows)
  DuckDB         16.19 ms ±  0.38  (460 rows)

--- Q03 ---
  ematix-flow     9.05 ms ±  0.16  (11620 rows)
  DuckDB         31.24 ms ±  0.29  (11620 rows)

--- Q04 ---
  ematix-flow     9.69 ms ±  0.16  (5 rows)
  DuckDB         21.58 ms ±  0.15  (5 rows)

--- Q05 ---
  ematix-flow     6.81 ms ±  0.98  (5 rows)
  DuckDB         30.30 ms ±  3.11  (5 rows)

--- Q06 ---
  ematix-flow     0.87 ms ±  0.03  (1 rows)
  DuckDB         12.01 ms ±  0.23  (1 rows)

--- Q07 ---
  ematix-flow    26.22 ms ±  0.42  (4 rows)
  DuckDB         31.28 ms ±  3.66  (4 rows)

--- Q08 ---
  ematix-flow    12.35 ms ±  0.72  (2 rows)
  DuckDB         37.29 ms ±  0.12  (2 rows)

--- Q09 ---
  ematix-flow    16.19 ms ±  0.44  (175 rows)
  DuckDB         52.91 ms ±  0.53  (175 rows)

--- Q10 ---
  ematix-flow    23.23 ms ±  0.71  (37967 rows)
  DuckDB         57.02 ms ±  0.23  (37967 rows)

--- Q11 ---
  ematix-flow     5.05 ms ±  0.16  (1048 rows)
  DuckDB          8.97 ms ±  0.11  (1048 rows)

--- Q12 ---
  ematix-flow    12.69 ms ±  0.30  (2 rows)
  DuckDB         23.05 ms ±  0.21  (2 rows)

--- Q13 ---
  ematix-flow     8.62 ms ±  0.70  (42 rows)
  DuckDB        129.93 ms ±  0.55  (42 rows)

--- Q14 ---
  ematix-flow     9.77 ms ±  0.30  (1 rows)
  DuckDB         21.03 ms ±  0.13  (1 rows)

--- Q15 ---
  ematix-flow    10.84 ms ±  0.44  (1 rows)
  DuckDB         13.15 ms ±  0.61  (1 rows)

--- Q16 ---
  ematix-flow     7.12 ms ±  0.38  (18314 rows)
  DuckDB         20.63 ms ±  0.11  (18314 rows)

--- Q17 ---
  ematix-flow    14.09 ms ±  0.63  (1 rows)
  DuckDB         23.99 ms ±  0.14  (1 rows)

--- Q18 ---
  ematix-flow    24.02 ms ±  0.28  (57 rows)
  DuckDB         43.14 ms ±  0.66  (57 rows)

--- Q19 ---
  ematix-flow    14.42 ms ±  0.48  (1 rows)
  DuckDB         31.93 ms ±  0.40  (1 rows)

--- Q20 ---
  ematix-flow    14.43 ms ±  0.34  (186 rows)
  DuckDB         27.36 ms ±  0.34  (186 rows)

--- Q21 ---
  ematix-flow    32.71 ms ±  0.86  (411 rows)
  DuckDB         69.01 ms ±  0.88  (411 rows)

--- Q22 ---
  ematix-flow     7.78 ms ±  0.26  (7 rows)
  DuckDB         19.58 ms ±  0.12  (7 rows)

wrote bench-results/refresh-2026-05-30/emat-duck-sf1.md
