=== TPC-H 22 triangulation bench ===
    data:    /Users/ryanevans/RustroverProjects/ematix-flow/examples/tpch/data/sf100
    queries: 22 ([4, 13, 6, 17, 21, 10, 12, 22, 9, 18, 3, 11, 5, 8, 20, 15, 7, 1, 16, 14, 2, 19])
    trials:  1 (after 0 warmups)
    output:  /Users/ryanevans/RustroverProjects/ematix-flow/bench-results/campaign-2026-07-01/tput-sf100/duckdb/s10/batch-3/stream-10.md

    NOTE: single-invocation output is SMOKE-GRADE only. For win/loss
    claims use scripts/bench/strict_22q.sh / strict_ab.sh /
    strict_throughput.sh (see scripts/bench/README.md).

--- Q04 ---
  DuckDB       2459.43 ms ±  0.00  (5 rows)

--- Q13 ---
  DuckDB       5417.91 ms ±  0.00  (45 rows)

--- Q06 ---
  DuckDB       2506.59 ms ±  0.00  (1 rows)

--- Q17 ---
  DuckDB       4941.71 ms ±  0.00  (1 rows)

--- Q21 ---
  DuckDB       6370.59 ms ±  0.00  (39950 rows)

--- Q10 ---
  DuckDB       2172.77 ms ±  0.00  (3884218 rows)

--- Q12 ---
  DuckDB       1445.91 ms ±  0.00  (2 rows)

--- Q22 ---
  DuckDB        563.84 ms ±  0.00  (7 rows)

--- Q09 ---
  DuckDB       3881.69 ms ±  0.00  (175 rows)

--- Q18 ---
  DuckDB       2390.38 ms ±  0.00  (6398 rows)

--- Q03 ---
  DuckDB       1699.88 ms ±  0.00  (1131041 rows)

--- Q11 ---
  DuckDB        471.95 ms ±  0.00  (92698 rows)

--- Q05 ---
  DuckDB       1507.39 ms ±  0.00  (5 rows)

--- Q08 ---
  DuckDB       2046.23 ms ±  0.00  (2 rows)

--- Q20 ---
  DuckDB       1218.57 ms ±  0.00  (17971 rows)

--- Q15 ---
  DuckDB        917.93 ms ±  0.00  (1 rows)

--- Q07 ---
  DuckDB       1564.32 ms ±  0.00  (4 rows)

--- Q01 ---
  DuckDB       2521.78 ms ±  0.00  (4 rows)

--- Q16 ---
  DuckDB        370.66 ms ±  0.00  (27840 rows)

--- Q14 ---
  DuckDB       1004.66 ms ±  0.00  (1 rows)

--- Q02 ---
  DuckDB        296.84 ms ±  0.00  (47107 rows)

--- Q19 ---
  DuckDB       1645.32 ms ±  0.00  (1 rows)

wrote /Users/ryanevans/RustroverProjects/ematix-flow/bench-results/campaign-2026-07-01/tput-sf100/duckdb/s10/batch-3/stream-10.md
