=== TPC-H 22 triangulation bench ===
    data:    /Users/ryanevans/RustroverProjects/ematix-flow/examples/tpch/data/sf100
    queries: 22 ([17, 21, 15, 19, 6, 10, 11, 22, 1, 18, 14, 9, 20, 4, 16, 3, 2, 7, 5, 13, 12, 8])
    trials:  1 (after 0 warmups)
    output:  /Users/ryanevans/RustroverProjects/ematix-flow/bench-results/campaign-2026-07-01/tput-sf100/duckdb/s10/batch-3/stream-8.md

    NOTE: single-invocation output is SMOKE-GRADE only. For win/loss
    claims use scripts/bench/strict_22q.sh / strict_ab.sh /
    strict_throughput.sh (see scripts/bench/README.md).

--- Q17 ---
  DuckDB       4164.35 ms ±  0.00  (1 rows)

--- Q21 ---
  DuckDB       14063.55 ms ±  0.00  (39950 rows)

--- Q15 ---
  DuckDB       3793.08 ms ±  0.00  (1 rows)

--- Q19 ---
  DuckDB       5136.50 ms ±  0.00  (1 rows)

--- Q06 ---
  DuckDB       2217.89 ms ±  0.00  (1 rows)

--- Q10 ---
  DuckDB       5909.01 ms ±  0.00  (3884218 rows)

--- Q11 ---
  DuckDB        681.18 ms ±  0.00  (92698 rows)

--- Q22 ---
  DuckDB       1664.66 ms ±  0.00  (7 rows)

--- Q01 ---
  DuckDB       8448.83 ms ±  0.00  (4 rows)

--- Q18 ---
  DuckDB       7413.61 ms ±  0.00  (6398 rows)

--- Q14 ---
  DuckDB       5370.94 ms ±  0.00  (1 rows)

--- Q09 ---
  DuckDB       331459.59 ms ±  0.00  (175 rows)

--- Q20 ---
  DuckDB       6181.14 ms ±  0.00  (17971 rows)

--- Q04 ---
  DuckDB       3316.23 ms ±  0.00  (5 rows)

--- Q16 ---
  DuckDB       1303.22 ms ±  0.00  (27840 rows)

--- Q03 ---
  DuckDB       3916.42 ms ±  0.00  (1131041 rows)

--- Q02 ---
  DuckDB       1087.79 ms ±  0.00  (47107 rows)

--- Q07 ---
  DuckDB       4132.62 ms ±  0.00  (4 rows)

--- Q05 ---
  DuckDB       5131.67 ms ±  0.00  (5 rows)

--- Q13 ---
  DuckDB       5517.20 ms ±  0.00  (45 rows)

--- Q12 ---
  DuckDB       3593.76 ms ±  0.00  (2 rows)

--- Q08 ---
  DuckDB       4155.67 ms ±  0.00  (2 rows)

wrote /Users/ryanevans/RustroverProjects/ematix-flow/bench-results/campaign-2026-07-01/tput-sf100/duckdb/s10/batch-3/stream-8.md
