=== TPC-H 22 triangulation bench ===
    data:    /Users/ryanevans/RustroverProjects/ematix-flow/examples/tpch/data/sf100
    queries: 22 ([20, 6, 14, 10, 21, 22, 12, 13, 1, 17, 2, 18, 7, 11, 8, 15, 16, 4, 9, 3, 19, 5])
    trials:  1 (after 0 warmups)
    output:  /Users/ryanevans/RustroverProjects/ematix-flow/bench-results/campaign-2026-07-01/tput-sf100/duckdb/s10/batch-3/stream-1.md

    NOTE: single-invocation output is SMOKE-GRADE only. For win/loss
    claims use scripts/bench/strict_22q.sh / strict_ab.sh /
    strict_throughput.sh (see scripts/bench/README.md).

--- Q20 ---
  DuckDB       3640.58 ms ±  0.00  (17971 rows)

--- Q06 ---
  DuckDB       2071.73 ms ±  0.00  (1 rows)

--- Q14 ---
  DuckDB       3043.72 ms ±  0.00  (1 rows)

--- Q10 ---
  DuckDB       5552.01 ms ±  0.00  (3884218 rows)

--- Q21 ---
  DuckDB       13982.18 ms ±  0.00  (39950 rows)

--- Q22 ---
  DuckDB       1501.31 ms ±  0.00  (7 rows)

--- Q12 ---
  DuckDB       6402.06 ms ±  0.00  (2 rows)

--- Q13 ---
  DuckDB       7668.64 ms ±  0.00  (45 rows)

--- Q01 ---
  DuckDB       11572.11 ms ±  0.00  (4 rows)

--- Q17 ---
  DuckDB       6040.19 ms ±  0.00  (1 rows)

--- Q02 ---
  DuckDB        754.85 ms ±  0.00  (47107 rows)

--- Q18 ---
  DuckDB       6524.69 ms ±  0.00  (6398 rows)

--- Q07 ---
  DuckDB       7064.15 ms ±  0.00  (4 rows)

--- Q11 ---
  DuckDB        599.12 ms ±  0.00  (92698 rows)

--- Q08 ---
  DuckDB       11907.39 ms ±  0.00  (2 rows)

--- Q15 ---
  DuckDB       3499.31 ms ±  0.00  (1 rows)

--- Q16 ---
  DuckDB        857.71 ms ±  0.00  (27840 rows)

--- Q04 ---
  DuckDB       3166.09 ms ±  0.00  (5 rows)

--- Q09 ---
  DuckDB       14448.37 ms ±  0.00  (175 rows)

--- Q03 ---
  DuckDB       7210.81 ms ±  0.00  (1131041 rows)

--- Q19 ---
  DuckDB       7579.09 ms ±  0.00  (1 rows)

--- Q05 ---
  DuckDB       6925.27 ms ±  0.00  (5 rows)

wrote /Users/ryanevans/RustroverProjects/ematix-flow/bench-results/campaign-2026-07-01/tput-sf100/duckdb/s10/batch-3/stream-1.md
