=== TPC-H 22 triangulation bench ===
    data:    /Users/ryanevans/RustroverProjects/ematix-flow/examples/tpch/data/sf100
    queries: 22 ([2, 14, 17, 6, 11, 7, 20, 13, 15, 4, 9, 21, 22, 1, 10, 3, 16, 12, 5, 18, 19, 8])
    trials:  1 (after 0 warmups)
    output:  /Users/ryanevans/RustroverProjects/ematix-flow/bench-results/campaign-2026-07-01/tput-sf100/duckdb/s10/batch-3/stream-3.md

    NOTE: single-invocation output is SMOKE-GRADE only. For win/loss
    claims use scripts/bench/strict_22q.sh / strict_ab.sh /
    strict_throughput.sh (see scripts/bench/README.md).

--- Q02 ---
  DuckDB        737.77 ms ±  0.00  (47107 rows)

--- Q14 ---
  DuckDB       2831.65 ms ±  0.00  (1 rows)

--- Q17 ---
  DuckDB       4323.69 ms ±  0.00  (1 rows)

--- Q06 ---
  DuckDB       2165.33 ms ±  0.00  (1 rows)

--- Q11 ---
  DuckDB        491.31 ms ±  0.00  (92698 rows)

--- Q07 ---
  DuckDB       4269.03 ms ±  0.00  (4 rows)

--- Q20 ---
  DuckDB       4366.03 ms ±  0.00  (17971 rows)

--- Q13 ---
  DuckDB       5252.78 ms ±  0.00  (45 rows)

--- Q15 ---
  DuckDB       3587.04 ms ±  0.00  (1 rows)

--- Q04 ---
  DuckDB       3402.66 ms ±  0.00  (5 rows)

--- Q09 ---
  DuckDB       28750.31 ms ±  0.00  (175 rows)

--- Q21 ---
  DuckDB       13080.04 ms ±  0.00  (39950 rows)

--- Q22 ---
  DuckDB       1282.25 ms ±  0.00  (7 rows)

--- Q01 ---
  DuckDB       10194.88 ms ±  0.00  (4 rows)

--- Q10 ---
  DuckDB       8155.80 ms ±  0.00  (3884218 rows)

--- Q03 ---
  DuckDB       4926.63 ms ±  0.00  (1131041 rows)

--- Q16 ---
  DuckDB       1537.63 ms ±  0.00  (27840 rows)

--- Q12 ---
  DuckDB       6890.52 ms ±  0.00  (2 rows)

--- Q05 ---
  DuckDB       5911.74 ms ±  0.00  (5 rows)

--- Q18 ---
  DuckDB       8738.43 ms ±  0.00  (6398 rows)

--- Q19 ---
  DuckDB       7276.86 ms ±  0.00  (1 rows)

--- Q08 ---
  DuckDB       7171.68 ms ±  0.00  (2 rows)

wrote /Users/ryanevans/RustroverProjects/ematix-flow/bench-results/campaign-2026-07-01/tput-sf100/duckdb/s10/batch-3/stream-3.md
