=== TPC-H 22 triangulation bench ===
    data:    /Users/ryanevans/RustroverProjects/ematix-flow/examples/tpch/data/sf100
    queries: 22 ([19, 22, 14, 11, 5, 18, 8, 16, 7, 20, 13, 1, 15, 4, 17, 9, 10, 6, 12, 21, 3, 2])
    trials:  1 (after 0 warmups)
    output:  /Users/ryanevans/RustroverProjects/ematix-flow/bench-results/campaign-2026-07-01/tput-sf100/duckdb/s10/batch-3/stream-2.md

    NOTE: single-invocation output is SMOKE-GRADE only. For win/loss
    claims use scripts/bench/strict_22q.sh / strict_ab.sh /
    strict_throughput.sh (see scripts/bench/README.md).

--- Q19 ---
  DuckDB       4265.56 ms ±  0.00  (1 rows)

--- Q22 ---
  DuckDB       1490.61 ms ±  0.00  (7 rows)

--- Q14 ---
  DuckDB       3022.47 ms ±  0.00  (1 rows)

--- Q11 ---
  DuckDB        497.26 ms ±  0.00  (92698 rows)

--- Q05 ---
  DuckDB       4336.46 ms ±  0.00  (5 rows)

--- Q18 ---
  DuckDB       5725.62 ms ±  0.00  (6398 rows)

--- Q08 ---
  DuckDB       8943.11 ms ±  0.00  (2 rows)

--- Q16 ---
  DuckDB       1296.04 ms ±  0.00  (27840 rows)

--- Q07 ---
  DuckDB       6904.87 ms ±  0.00  (4 rows)

--- Q20 ---
  DuckDB       8176.05 ms ±  0.00  (17971 rows)

--- Q13 ---
  DuckDB       8914.50 ms ±  0.00  (45 rows)

--- Q01 ---
  DuckDB       7836.76 ms ±  0.00  (4 rows)

--- Q15 ---
  DuckDB       4889.47 ms ±  0.00  (1 rows)

--- Q04 ---
  DuckDB       4297.67 ms ±  0.00  (5 rows)

--- Q17 ---
  DuckDB       6014.82 ms ±  0.00  (1 rows)

--- Q09 ---
  DuckDB       14575.47 ms ±  0.00  (175 rows)

--- Q10 ---
  DuckDB       8056.29 ms ±  0.00  (3884218 rows)

--- Q06 ---
  DuckDB       4135.63 ms ±  0.00  (1 rows)

--- Q12 ---
  DuckDB       5930.47 ms ±  0.00  (2 rows)

--- Q21 ---
  DuckDB       16544.44 ms ±  0.00  (39950 rows)

--- Q03 ---
  DuckDB       5828.30 ms ±  0.00  (1131041 rows)

--- Q02 ---
  DuckDB        792.28 ms ±  0.00  (47107 rows)

wrote /Users/ryanevans/RustroverProjects/ematix-flow/bench-results/campaign-2026-07-01/tput-sf100/duckdb/s10/batch-3/stream-2.md
