=== TPC-H 22 triangulation bench ===
    data:    /Users/ryanevans/RustroverProjects/ematix-flow/examples/tpch/data/sf100
    queries: 22 ([21, 13, 19, 22, 10, 14, 5, 7, 4, 16, 6, 2, 3, 18, 11, 8, 15, 1, 17, 12, 9, 20])
    trials:  1 (after 0 warmups)
    output:  /Users/ryanevans/RustroverProjects/ematix-flow/bench-results/campaign-2026-07-01/tput-sf100/duckdb/s10/batch-3/stream-5.md

    NOTE: single-invocation output is SMOKE-GRADE only. For win/loss
    claims use scripts/bench/strict_22q.sh / strict_ab.sh /
    strict_throughput.sh (see scripts/bench/README.md).

--- Q21 ---
  DuckDB       12594.96 ms ±  0.00  (39950 rows)

--- Q13 ---
  DuckDB       6782.66 ms ±  0.00  (45 rows)

--- Q19 ---
  DuckDB       6758.55 ms ±  0.00  (1 rows)

--- Q22 ---
  DuckDB       1595.18 ms ±  0.00  (7 rows)

--- Q10 ---
  DuckDB       7226.00 ms ±  0.00  (3884218 rows)

--- Q14 ---
  DuckDB       4618.43 ms ±  0.00  (1 rows)

--- Q05 ---
  DuckDB       6109.04 ms ±  0.00  (5 rows)

--- Q07 ---
  DuckDB       8504.45 ms ±  0.00  (4 rows)

--- Q04 ---
  DuckDB       8095.52 ms ±  0.00  (5 rows)

--- Q16 ---
  DuckDB       1310.71 ms ±  0.00  (27840 rows)

--- Q06 ---
  DuckDB       3092.81 ms ±  0.00  (1 rows)

--- Q02 ---
  DuckDB        994.55 ms ±  0.00  (47107 rows)

--- Q03 ---
  DuckDB       5495.06 ms ±  0.00  (1131041 rows)

--- Q18 ---
  DuckDB       7186.80 ms ±  0.00  (6398 rows)

--- Q11 ---
  DuckDB        689.40 ms ±  0.00  (92698 rows)

--- Q08 ---
  DuckDB       6932.37 ms ±  0.00  (2 rows)

--- Q15 ---
  DuckDB       3200.92 ms ±  0.00  (1 rows)

--- Q01 ---
  DuckDB       8027.51 ms ±  0.00  (4 rows)

--- Q17 ---
  DuckDB       8260.33 ms ±  0.00  (1 rows)

--- Q12 ---
  DuckDB       7439.91 ms ±  0.00  (2 rows)

--- Q09 ---
  DuckDB       11149.07 ms ±  0.00  (175 rows)

--- Q20 ---
  DuckDB       4952.19 ms ±  0.00  (17971 rows)

wrote /Users/ryanevans/RustroverProjects/ematix-flow/bench-results/campaign-2026-07-01/tput-sf100/duckdb/s10/batch-3/stream-5.md
