=== TPC-H 22 triangulation bench ===
    data:    /Users/ryanevans/RustroverProjects/ematix-flow/examples/tpch/data/sf10
    queries: 22 ([22, 12, 11, 19, 21, 15, 18, 6, 20, 14, 17, 9, 7, 1, 2, 3, 5, 16, 13, 4, 10, 8])
    trials:  1 (after 0 warmups)
    output:  bench-results/tput-rebaseline-2026-07-03/sf10-s10-legacy/duckdb/s10/batch-3/stream-4.md

    NOTE: single-invocation output is SMOKE-GRADE only. For win/loss
    claims use scripts/bench/strict_22q.sh / strict_ab.sh /
    strict_throughput.sh (see scripts/bench/README.md).

--- Q22 ---
  DuckDB        141.11 ms ±  0.00  (7 rows)

--- Q12 ---
  DuckDB        617.51 ms ±  0.00  (2 rows)

--- Q11 ---
  DuckDB        201.69 ms ±  0.00  (8685 rows)

--- Q19 ---
  DuckDB       1475.33 ms ±  0.00  (1 rows)

--- Q21 ---
  DuckDB       2897.01 ms ±  0.00  (4009 rows)

--- Q15 ---
  DuckDB        446.68 ms ±  0.00  (1 rows)

--- Q18 ---
  DuckDB       1414.81 ms ±  0.00  (624 rows)

--- Q06 ---
  DuckDB        485.12 ms ±  0.00  (1 rows)

--- Q20 ---
  DuckDB        698.98 ms ±  0.00  (1804 rows)

--- Q14 ---
  DuckDB       1072.47 ms ±  0.00  (1 rows)

--- Q17 ---
  DuckDB       1195.64 ms ±  0.00  (1 rows)

--- Q09 ---
  DuckDB       2112.27 ms ±  0.00  (175 rows)

--- Q07 ---
  DuckDB       1030.03 ms ±  0.00  (4 rows)

--- Q01 ---
  DuckDB       1994.77 ms ±  0.00  (4 rows)

--- Q02 ---
  DuckDB        333.48 ms ±  0.00  (4667 rows)

--- Q03 ---
  DuckDB        937.93 ms ±  0.00  (114003 rows)

--- Q05 ---
  DuckDB       1131.48 ms ±  0.00  (5 rows)

--- Q16 ---
  DuckDB        212.60 ms ±  0.00  (27840 rows)

--- Q13 ---
  DuckDB       2036.57 ms ±  0.00  (46 rows)

--- Q04 ---
  DuckDB        562.16 ms ±  0.00  (5 rows)

--- Q10 ---
  DuckDB       1824.28 ms ±  0.00  (381105 rows)

--- Q08 ---
  DuckDB       1014.63 ms ±  0.00  (2 rows)

wrote bench-results/tput-rebaseline-2026-07-03/sf10-s10-legacy/duckdb/s10/batch-3/stream-4.md
