=== TPC-H 22 triangulation bench ===
    data:    /Users/ryanevans/RustroverProjects/ematix-flow/examples/tpch/data/sf10
    queries: 22 ([13, 18, 3, 7, 11, 4, 21, 16, 14, 22, 2, 10, 8, 19, 17, 1, 6, 5, 9, 12, 20, 15])
    trials:  1 (after 0 warmups)
    output:  bench-results/tput-rebaseline-2026-07-03/sf10-s10-legacy/duckdb/s10/batch-3/stream-9.md

    NOTE: single-invocation output is SMOKE-GRADE only. For win/loss
    claims use scripts/bench/strict_22q.sh / strict_ab.sh /
    strict_throughput.sh (see scripts/bench/README.md).

--- Q13 ---
  DuckDB       1777.05 ms ±  0.00  (46 rows)

--- Q18 ---
  DuckDB       1892.62 ms ±  0.00  (624 rows)

--- Q03 ---
  DuckDB       1220.33 ms ±  0.00  (114003 rows)

--- Q07 ---
  DuckDB        954.86 ms ±  0.00  (4 rows)

--- Q11 ---
  DuckDB        104.38 ms ±  0.00  (8685 rows)

--- Q04 ---
  DuckDB        639.68 ms ±  0.00  (5 rows)

--- Q21 ---
  DuckDB       2818.40 ms ±  0.00  (4009 rows)

--- Q16 ---
  DuckDB        186.98 ms ±  0.00  (27840 rows)

--- Q14 ---
  DuckDB        864.30 ms ±  0.00  (1 rows)

--- Q22 ---
  DuckDB        454.27 ms ±  0.00  (7 rows)

--- Q02 ---
  DuckDB        106.38 ms ±  0.00  (4667 rows)

--- Q10 ---
  DuckDB       1680.97 ms ±  0.00  (381105 rows)

--- Q08 ---
  DuckDB       1366.03 ms ±  0.00  (2 rows)

--- Q19 ---
  DuckDB       1331.11 ms ±  0.00  (1 rows)

--- Q17 ---
  DuckDB       1003.80 ms ±  0.00  (1 rows)

--- Q01 ---
  DuckDB       1798.15 ms ±  0.00  (4 rows)

--- Q06 ---
  DuckDB        464.25 ms ±  0.00  (1 rows)

--- Q05 ---
  DuckDB        954.94 ms ±  0.00  (5 rows)

--- Q09 ---
  DuckDB       2167.48 ms ±  0.00  (175 rows)

--- Q12 ---
  DuckDB        638.74 ms ±  0.00  (2 rows)

--- Q20 ---
  DuckDB        819.65 ms ±  0.00  (1804 rows)

--- Q15 ---
  DuckDB        491.40 ms ±  0.00  (1 rows)

wrote bench-results/tput-rebaseline-2026-07-03/sf10-s10-legacy/duckdb/s10/batch-3/stream-9.md
