=== TPC-H 22 triangulation bench ===
    data:    /Users/ryanevans/RustroverProjects/ematix-flow/examples/tpch/data/sf10
    queries: 22 ([21, 13, 19, 22, 10, 14, 5, 7, 4, 16, 6, 2, 3, 18, 11, 8, 15, 1, 17, 12, 9, 20])
    trials:  1 (after 0 warmups)
    output:  bench-results/tput-rebaseline-2026-07-03/sf10-auto/duckdb/s10/batch-2/stream-5.md

    NOTE: single-invocation output is SMOKE-GRADE only. For win/loss
    claims use scripts/bench/strict_22q.sh / strict_ab.sh /
    strict_throughput.sh (see scripts/bench/README.md).

--- Q21 ---
  DuckDB       2800.80 ms ±  0.00  (4009 rows)

--- Q13 ---
  DuckDB       1904.09 ms ±  0.00  (46 rows)

--- Q19 ---
  DuckDB       1673.82 ms ±  0.00  (1 rows)

--- Q22 ---
  DuckDB        372.36 ms ±  0.00  (7 rows)

--- Q10 ---
  DuckDB       1835.84 ms ±  0.00  (381105 rows)

--- Q14 ---
  DuckDB        852.34 ms ±  0.00  (1 rows)

--- Q05 ---
  DuckDB       1064.41 ms ±  0.00  (5 rows)

--- Q07 ---
  DuckDB        974.21 ms ±  0.00  (4 rows)

--- Q04 ---
  DuckDB        615.81 ms ±  0.00  (5 rows)

--- Q16 ---
  DuckDB        445.67 ms ±  0.00  (27840 rows)

--- Q06 ---
  DuckDB        536.15 ms ±  0.00  (1 rows)

--- Q02 ---
  DuckDB        248.90 ms ±  0.00  (4667 rows)

--- Q03 ---
  DuckDB       1177.41 ms ±  0.00  (114003 rows)

--- Q18 ---
  DuckDB       1748.87 ms ±  0.00  (624 rows)

--- Q11 ---
  DuckDB         83.69 ms ±  0.00  (8685 rows)

--- Q08 ---
  DuckDB       1105.50 ms ±  0.00  (2 rows)

--- Q15 ---
  DuckDB        609.48 ms ±  0.00  (1 rows)

--- Q01 ---
  DuckDB       2218.30 ms ±  0.00  (4 rows)

--- Q17 ---
  DuckDB       1128.94 ms ±  0.00  (1 rows)

--- Q12 ---
  DuckDB        783.56 ms ±  0.00  (2 rows)

--- Q09 ---
  DuckDB       1755.21 ms ±  0.00  (175 rows)

--- Q20 ---
  DuckDB        494.83 ms ±  0.00  (1804 rows)

wrote bench-results/tput-rebaseline-2026-07-03/sf10-auto/duckdb/s10/batch-2/stream-5.md
