=== TPC-H 22 triangulation bench ===
    data:    /Users/ryanevans/RustroverProjects/ematix-flow/examples/tpch/data/sf10
    queries: 22 ([19, 22, 14, 11, 5, 18, 8, 16, 7, 20, 13, 1, 15, 4, 17, 9, 10, 6, 12, 21, 3, 2])
    trials:  1 (after 0 warmups)
    output:  bench-results/tput-rebaseline-2026-07-03/sf10-auto/duckdb/s10/batch-2/stream-2.md

    NOTE: single-invocation output is SMOKE-GRADE only. For win/loss
    claims use scripts/bench/strict_22q.sh / strict_ab.sh /
    strict_throughput.sh (see scripts/bench/README.md).

--- Q19 ---
  DuckDB       1229.47 ms ±  0.00  (1 rows)

--- Q22 ---
  DuckDB        331.59 ms ±  0.00  (7 rows)

--- Q14 ---
  DuckDB        897.46 ms ±  0.00  (1 rows)

--- Q11 ---
  DuckDB        228.28 ms ±  0.00  (8685 rows)

--- Q05 ---
  DuckDB        895.26 ms ±  0.00  (5 rows)

--- Q18 ---
  DuckDB       1554.73 ms ±  0.00  (624 rows)

--- Q08 ---
  DuckDB       1193.84 ms ±  0.00  (2 rows)

--- Q16 ---
  DuckDB        293.00 ms ±  0.00  (27840 rows)

--- Q07 ---
  DuckDB       1004.17 ms ±  0.00  (4 rows)

--- Q20 ---
  DuckDB       1021.66 ms ±  0.00  (1804 rows)

--- Q13 ---
  DuckDB       2035.02 ms ±  0.00  (46 rows)

--- Q01 ---
  DuckDB       1980.96 ms ±  0.00  (4 rows)

--- Q15 ---
  DuckDB        600.10 ms ±  0.00  (1 rows)

--- Q04 ---
  DuckDB        413.65 ms ±  0.00  (5 rows)

--- Q17 ---
  DuckDB       1083.96 ms ±  0.00  (1 rows)

--- Q09 ---
  DuckDB       2021.14 ms ±  0.00  (175 rows)

--- Q10 ---
  DuckDB       1917.20 ms ±  0.00  (381105 rows)

--- Q06 ---
  DuckDB        440.82 ms ±  0.00  (1 rows)

--- Q12 ---
  DuckDB        856.10 ms ±  0.00  (2 rows)

--- Q21 ---
  DuckDB       3112.69 ms ±  0.00  (4009 rows)

--- Q03 ---
  DuckDB        816.71 ms ±  0.00  (114003 rows)

--- Q02 ---
  DuckDB        111.51 ms ±  0.00  (4667 rows)

wrote bench-results/tput-rebaseline-2026-07-03/sf10-auto/duckdb/s10/batch-2/stream-2.md
