=== TPC-H 22 triangulation bench ===
    data:    /Users/ryanevans/RustroverProjects/ematix-flow/examples/tpch/data/sf10
    queries: 22 ([13, 18, 3, 7, 11, 4, 21, 16, 14, 22, 2, 10, 8, 19, 17, 1, 6, 5, 9, 12, 20, 15])
    trials:  1 (after 0 warmups)
    output:  bench-results/tput-rebaseline-2026-07-03/sf10-auto/duckdb/s10/batch-2/stream-9.md

    NOTE: single-invocation output is SMOKE-GRADE only. For win/loss
    claims use scripts/bench/strict_22q.sh / strict_ab.sh /
    strict_throughput.sh (see scripts/bench/README.md).

--- Q13 ---
  DuckDB       1832.53 ms ±  0.00  (46 rows)

--- Q18 ---
  DuckDB       1541.09 ms ±  0.00  (624 rows)

--- Q03 ---
  DuckDB       1264.46 ms ±  0.00  (114003 rows)

--- Q07 ---
  DuckDB       1104.82 ms ±  0.00  (4 rows)

--- Q11 ---
  DuckDB         89.51 ms ±  0.00  (8685 rows)

--- Q04 ---
  DuckDB        836.11 ms ±  0.00  (5 rows)

--- Q21 ---
  DuckDB       2784.22 ms ±  0.00  (4009 rows)

--- Q16 ---
  DuckDB        166.12 ms ±  0.00  (27840 rows)

--- Q14 ---
  DuckDB        960.61 ms ±  0.00  (1 rows)

--- Q22 ---
  DuckDB        400.66 ms ±  0.00  (7 rows)

--- Q02 ---
  DuckDB        351.92 ms ±  0.00  (4667 rows)

--- Q10 ---
  DuckDB       1829.26 ms ±  0.00  (381105 rows)

--- Q08 ---
  DuckDB       1189.38 ms ±  0.00  (2 rows)

--- Q19 ---
  DuckDB       1405.48 ms ±  0.00  (1 rows)

--- Q17 ---
  DuckDB        970.66 ms ±  0.00  (1 rows)

--- Q01 ---
  DuckDB       2025.07 ms ±  0.00  (4 rows)

--- Q06 ---
  DuckDB        406.10 ms ±  0.00  (1 rows)

--- Q05 ---
  DuckDB       1083.63 ms ±  0.00  (5 rows)

--- Q09 ---
  DuckDB       2396.91 ms ±  0.00  (175 rows)

--- Q12 ---
  DuckDB        542.97 ms ±  0.00  (2 rows)

--- Q20 ---
  DuckDB        444.05 ms ±  0.00  (1804 rows)

--- Q15 ---
  DuckDB        132.10 ms ±  0.00  (1 rows)

wrote bench-results/tput-rebaseline-2026-07-03/sf10-auto/duckdb/s10/batch-2/stream-9.md
