=== TPC-H 22 triangulation bench ===
    data:    /Users/ryanevans/RustroverProjects/ematix-flow/examples/tpch/data/sf10
    queries: 22 ([2, 14, 17, 6, 11, 7, 20, 13, 15, 4, 9, 21, 22, 1, 10, 3, 16, 12, 5, 18, 19, 8])
    trials:  1 (after 0 warmups)
    output:  bench-results/sf10-ties-2026-07-03/tput-sf10-s10-check/ematix/s10/batch-3/stream-3.md

    NOTE: single-invocation output is SMOKE-GRADE only. For win/loss
    claims use scripts/bench/strict_22q.sh / strict_ab.sh /
    strict_throughput.sh (see scripts/bench/README.md).

--- Q02 ---
  ematix-flow    67.08 ms ±  0.00  (4667 rows)

--- Q14 ---
  ematix-flow   291.29 ms ±  0.00  (1 rows)

--- Q17 ---
  ematix-flow   819.48 ms ±  0.00  (1 rows)

--- Q06 ---
  ematix-flow   102.91 ms ±  0.00  (1 rows)

--- Q11 ---
  ematix-flow   139.09 ms ±  0.00  (8685 rows)

--- Q07 ---
  ematix-flow  1416.49 ms ±  0.00  (4 rows)

--- Q20 ---
  ematix-flow  1430.16 ms ±  0.00  (1804 rows)

--- Q13 ---
  ematix-flow  1095.21 ms ±  0.00  (46 rows)

--- Q15 ---
  ematix-flow   690.96 ms ±  0.00  (1 rows)

--- Q04 ---
  ematix-flow   677.12 ms ±  0.00  (5 rows)

--- Q09 ---
  ematix-flow  2647.52 ms ±  0.00  (175 rows)

--- Q21 ---
  ematix-flow  2562.71 ms ±  0.00  (4009 rows)

--- Q22 ---
  ematix-flow   260.59 ms ±  0.00  (7 rows)

--- Q01 ---
  ematix-flow  2378.18 ms ±  0.00  (4 rows)

--- Q10 ---
  ematix-flow  2109.49 ms ±  0.00  (381105 rows)

--- Q03 ---
  ematix-flow  1316.30 ms ±  0.00  (114003 rows)

--- Q16 ---
  ematix-flow   338.74 ms ±  0.00  (27840 rows)

--- Q12 ---
  ematix-flow  1202.98 ms ±  0.00  (2 rows)

--- Q05 ---
  ematix-flow  1646.63 ms ±  0.00  (5 rows)

--- Q18 ---
  ematix-flow  3244.94 ms ±  0.00  (624 rows)

--- Q19 ---
  ematix-flow  1005.28 ms ±  0.00  (1 rows)

--- Q08 ---
  ematix-flow  1480.62 ms ±  0.00  (2 rows)

wrote bench-results/sf10-ties-2026-07-03/tput-sf10-s10-check/ematix/s10/batch-3/stream-3.md
