=== TPC-H 22 triangulation bench ===
    data:    /Users/ryanevans/RustroverProjects/ematix-flow/examples/tpch/data/sf10
    queries: 22 ([19, 22, 14, 11, 5, 18, 8, 16, 7, 20, 13, 1, 15, 4, 17, 9, 10, 6, 12, 21, 3, 2])
    trials:  1 (after 0 warmups)
    output:  bench-results/sf10-ties-2026-07-03/tput-sf10-s10-check/ematix/s10/batch-3/stream-2.md

    NOTE: single-invocation output is SMOKE-GRADE only. For win/loss
    claims use scripts/bench/strict_22q.sh / strict_ab.sh /
    strict_throughput.sh (see scripts/bench/README.md).

--- Q19 ---
  ematix-flow   321.41 ms ±  0.00  (1 rows)

--- Q22 ---
  ematix-flow   271.83 ms ±  0.00  (7 rows)

--- Q14 ---
  ematix-flow   727.46 ms ±  0.00  (1 rows)

--- Q11 ---
  ematix-flow   106.99 ms ±  0.00  (8685 rows)

--- Q05 ---
  ematix-flow  1996.89 ms ±  0.00  (5 rows)

--- Q18 ---
  ematix-flow  2600.05 ms ±  0.00  (624 rows)

--- Q08 ---
  ematix-flow  1860.95 ms ±  0.00  (2 rows)

--- Q16 ---
  ematix-flow   416.83 ms ±  0.00  (27840 rows)

--- Q07 ---
  ematix-flow  1326.69 ms ±  0.00  (4 rows)

--- Q20 ---
  ematix-flow  1339.83 ms ±  0.00  (1804 rows)

--- Q13 ---
  ematix-flow  1214.20 ms ±  0.00  (46 rows)

--- Q01 ---
  ematix-flow  2438.76 ms ±  0.00  (4 rows)

--- Q15 ---
  ematix-flow   599.29 ms ±  0.00  (1 rows)

--- Q04 ---
  ematix-flow   767.57 ms ±  0.00  (5 rows)

--- Q17 ---
  ematix-flow   492.61 ms ±  0.00  (1 rows)

--- Q09 ---
  ematix-flow  2527.18 ms ±  0.00  (175 rows)

--- Q10 ---
  ematix-flow  1943.68 ms ±  0.00  (381105 rows)

--- Q06 ---
  ematix-flow   157.95 ms ±  0.00  (1 rows)

--- Q12 ---
  ematix-flow  1146.56 ms ±  0.00  (2 rows)

--- Q21 ---
  ematix-flow  2524.82 ms ±  0.00  (4009 rows)

--- Q03 ---
  ematix-flow  1320.48 ms ±  0.00  (114003 rows)

--- Q02 ---
  ematix-flow    90.85 ms ±  0.00  (4667 rows)

wrote bench-results/sf10-ties-2026-07-03/tput-sf10-s10-check/ematix/s10/batch-3/stream-2.md
