=== TPC-H 22 triangulation bench ===
    data:    /Users/ryanevans/RustroverProjects/ematix-flow/examples/tpch/data/sf10
    queries: 22 ([21, 14, 13, 22, 7, 18, 4, 20, 17, 15, 6, 12, 8, 10, 11, 5, 1, 2, 9, 16, 3, 19])
    trials:  1 (after 0 warmups)
    output:  bench-results/sf10-ties-2026-07-03/tput-sf10-s10-check/ematix/s10/batch-3/stream-6.md

    NOTE: single-invocation output is SMOKE-GRADE only. For win/loss
    claims use scripts/bench/strict_22q.sh / strict_ab.sh /
    strict_throughput.sh (see scripts/bench/README.md).

--- Q21 ---
  ematix-flow  2327.62 ms ±  0.00  (4009 rows)

--- Q14 ---
  ematix-flow   616.32 ms ±  0.00  (1 rows)

--- Q13 ---
  ematix-flow  1086.70 ms ±  0.00  (46 rows)

--- Q22 ---
  ematix-flow   212.65 ms ±  0.00  (7 rows)

--- Q07 ---
  ematix-flow  1309.20 ms ±  0.00  (4 rows)

--- Q18 ---
  ematix-flow  2509.93 ms ±  0.00  (624 rows)

--- Q04 ---
  ematix-flow   649.62 ms ±  0.00  (5 rows)

--- Q20 ---
  ematix-flow  1382.38 ms ±  0.00  (1804 rows)

--- Q17 ---
  ematix-flow   730.35 ms ±  0.00  (1 rows)

--- Q15 ---
  ematix-flow   595.56 ms ±  0.00  (1 rows)

--- Q06 ---
  ematix-flow   125.95 ms ±  0.00  (1 rows)

--- Q12 ---
  ematix-flow  1149.27 ms ±  0.00  (2 rows)

--- Q08 ---
  ematix-flow  2065.17 ms ±  0.00  (2 rows)

--- Q10 ---
  ematix-flow  2166.27 ms ±  0.00  (381105 rows)

--- Q11 ---
  ematix-flow   128.04 ms ±  0.00  (8685 rows)

--- Q05 ---
  ematix-flow  1651.31 ms ±  0.00  (5 rows)

--- Q01 ---
  ematix-flow  2557.89 ms ±  0.00  (4 rows)

--- Q02 ---
  ematix-flow   126.48 ms ±  0.00  (4667 rows)

--- Q09 ---
  ematix-flow  3499.77 ms ±  0.00  (175 rows)

--- Q16 ---
  ematix-flow   349.04 ms ±  0.00  (27840 rows)

--- Q03 ---
  ematix-flow   920.35 ms ±  0.00  (114003 rows)

--- Q19 ---
  ematix-flow   514.26 ms ±  0.00  (1 rows)

wrote bench-results/sf10-ties-2026-07-03/tput-sf10-s10-check/ematix/s10/batch-3/stream-6.md
