=== TPC-H 22 triangulation bench ===
    data:    /Users/ryanevans/RustroverProjects/ematix-flow/examples/tpch/data/sf10
    queries: 22 ([13, 18, 3, 7, 11, 4, 21, 16, 14, 22, 2, 10, 8, 19, 17, 1, 6, 5, 9, 12, 20, 15])
    trials:  1 (after 0 warmups)
    output:  bench-results/sched-diag-2026-07-03/auto-rayon2-rb2/ematix/s10/batch-3/stream-9.md

    NOTE: single-invocation output is SMOKE-GRADE only. For win/loss
    claims use scripts/bench/strict_22q.sh / strict_ab.sh /
    strict_throughput.sh (see scripts/bench/README.md).

--- Q13 ---
  ematix-flow  1712.72 ms ±  0.00  (46 rows)

--- Q18 ---
  ematix-flow  3304.95 ms ±  0.00  (624 rows)

--- Q03 ---
  ematix-flow  1048.98 ms ±  0.00  (114003 rows)

--- Q07 ---
  ematix-flow  1076.64 ms ±  0.00  (4 rows)

--- Q11 ---
  ematix-flow   216.36 ms ±  0.00  (8685 rows)

--- Q04 ---
  ematix-flow   998.62 ms ±  0.00  (5 rows)

--- Q21 ---
  ematix-flow  2759.84 ms ±  0.00  (4009 rows)

--- Q16 ---
  ematix-flow   422.07 ms ±  0.00  (27840 rows)

--- Q14 ---
  ematix-flow   287.10 ms ±  0.00  (1 rows)

--- Q22 ---
  ematix-flow   211.05 ms ±  0.00  (7 rows)

--- Q02 ---
  ematix-flow   118.90 ms ±  0.00  (4667 rows)

--- Q10 ---
  ematix-flow  1252.99 ms ±  0.00  (381105 rows)

--- Q08 ---
  ematix-flow  1098.11 ms ±  0.00  (2 rows)

--- Q19 ---
  ematix-flow   420.91 ms ±  0.00  (1 rows)

--- Q17 ---
  ematix-flow   814.10 ms ±  0.00  (1 rows)

--- Q01 ---
  ematix-flow  4502.73 ms ±  0.00  (4 rows)

--- Q06 ---
  ematix-flow   391.75 ms ±  0.00  (1 rows)

--- Q05 ---
  ematix-flow  1275.27 ms ±  0.00  (5 rows)

--- Q09 ---
  ematix-flow  3981.03 ms ±  0.00  (175 rows)

--- Q12 ---
  ematix-flow   828.05 ms ±  0.00  (2 rows)

--- Q20 ---
  ematix-flow   793.14 ms ±  0.00  (1804 rows)

--- Q15 ---
  ematix-flow    77.33 ms ±  0.00  (1 rows)

wrote bench-results/sched-diag-2026-07-03/auto-rayon2-rb2/ematix/s10/batch-3/stream-9.md
