=== TPC-H 22 triangulation bench ===
    data:    /Users/ryanevans/RustroverProjects/ematix-flow/examples/tpch/data/sf10
    queries: 22 ([4, 13, 6, 17, 21, 10, 12, 22, 9, 18, 3, 11, 5, 8, 20, 15, 7, 1, 16, 14, 2, 19])
    trials:  1 (after 0 warmups)
    output:  bench-results/tput-rebaseline-2026-07-03/sf10-s10-legacy/duckdb/s10/batch-1/stream-10.md

    NOTE: single-invocation output is SMOKE-GRADE only. For win/loss
    claims use scripts/bench/strict_22q.sh / strict_ab.sh /
    strict_throughput.sh (see scripts/bench/README.md).

--- Q04 ---
  DuckDB        650.95 ms ±  0.00  (5 rows)

--- Q13 ---
  DuckDB       2025.56 ms ±  0.00  (46 rows)

--- Q06 ---
  DuckDB        427.79 ms ±  0.00  (1 rows)

--- Q17 ---
  DuckDB       1166.63 ms ±  0.00  (1 rows)

--- Q21 ---
  DuckDB       3122.43 ms ±  0.00  (4009 rows)

--- Q10 ---
  DuckDB       1805.58 ms ±  0.00  (381105 rows)

--- Q12 ---
  DuckDB        833.66 ms ±  0.00  (2 rows)

--- Q22 ---
  DuckDB        422.66 ms ±  0.00  (7 rows)

--- Q09 ---
  DuckDB       2339.23 ms ±  0.00  (175 rows)

--- Q18 ---
  DuckDB       1702.99 ms ±  0.00  (624 rows)

--- Q03 ---
  DuckDB       1114.78 ms ±  0.00  (114003 rows)

--- Q11 ---
  DuckDB         99.16 ms ±  0.00  (8685 rows)

--- Q05 ---
  DuckDB        964.12 ms ±  0.00  (5 rows)

--- Q08 ---
  DuckDB       1279.52 ms ±  0.00  (2 rows)

--- Q20 ---
  DuckDB        723.83 ms ±  0.00  (1804 rows)

--- Q15 ---
  DuckDB        621.19 ms ±  0.00  (1 rows)

--- Q07 ---
  DuckDB        932.61 ms ±  0.00  (4 rows)

--- Q01 ---
  DuckDB       2234.98 ms ±  0.00  (4 rows)

--- Q16 ---
  DuckDB        242.00 ms ±  0.00  (27840 rows)

--- Q14 ---
  DuckDB        866.48 ms ±  0.00  (1 rows)

--- Q02 ---
  DuckDB        211.24 ms ±  0.00  (4667 rows)

--- Q19 ---
  DuckDB        821.33 ms ±  0.00  (1 rows)

wrote bench-results/tput-rebaseline-2026-07-03/sf10-s10-legacy/duckdb/s10/batch-1/stream-10.md
