=== TPC-H 22 triangulation bench ===
    data:    /Users/ryanevans/RustroverProjects/ematix-flow/examples/tpch/data/sf10
    queries: 22 ([2, 14, 17, 6, 11, 7, 20, 13, 15, 4, 9, 21, 22, 1, 10, 3, 16, 12, 5, 18, 19, 8])
    trials:  1 (after 0 warmups)
    output:  bench-results/tput-rebaseline-2026-07-03/sf10-s10-legacy/duckdb/s10/batch-1/stream-3.md

    NOTE: single-invocation output is SMOKE-GRADE only. For win/loss
    claims use scripts/bench/strict_22q.sh / strict_ab.sh /
    strict_throughput.sh (see scripts/bench/README.md).

--- Q02 ---
  DuckDB        133.16 ms ±  0.00  (4667 rows)

--- Q14 ---
  DuckDB        659.47 ms ±  0.00  (1 rows)

--- Q17 ---
  DuckDB       1212.82 ms ±  0.00  (1 rows)

--- Q06 ---
  DuckDB        447.97 ms ±  0.00  (1 rows)

--- Q11 ---
  DuckDB        115.02 ms ±  0.00  (8685 rows)

--- Q07 ---
  DuckDB       1127.66 ms ±  0.00  (4 rows)

--- Q20 ---
  DuckDB       1006.30 ms ±  0.00  (1804 rows)

--- Q13 ---
  DuckDB       2102.98 ms ±  0.00  (46 rows)

--- Q15 ---
  DuckDB        494.82 ms ±  0.00  (1 rows)

--- Q04 ---
  DuckDB        634.67 ms ±  0.00  (5 rows)

--- Q09 ---
  DuckDB       2252.21 ms ±  0.00  (175 rows)

--- Q21 ---
  DuckDB       3139.35 ms ±  0.00  (4009 rows)

--- Q22 ---
  DuckDB        281.88 ms ±  0.00  (7 rows)

--- Q01 ---
  DuckDB       2118.10 ms ±  0.00  (4 rows)

--- Q10 ---
  DuckDB       1687.19 ms ±  0.00  (381105 rows)

--- Q03 ---
  DuckDB        888.70 ms ±  0.00  (114003 rows)

--- Q16 ---
  DuckDB        402.05 ms ±  0.00  (27840 rows)

--- Q12 ---
  DuckDB        884.72 ms ±  0.00  (2 rows)

--- Q05 ---
  DuckDB       1093.47 ms ±  0.00  (5 rows)

--- Q18 ---
  DuckDB       1595.24 ms ±  0.00  (624 rows)

--- Q19 ---
  DuckDB       1764.95 ms ±  0.00  (1 rows)

--- Q08 ---
  DuckDB       1201.14 ms ±  0.00  (2 rows)

wrote bench-results/tput-rebaseline-2026-07-03/sf10-s10-legacy/duckdb/s10/batch-1/stream-3.md
