=== TPC-H 22 triangulation bench ===
    data:    /Users/ryanevans/RustroverProjects/ematix-flow/examples/tpch/data/sf10
    queries: 22 ([6, 18, 21, 16, 8, 15, 22, 20, 7, 19, 14, 17, 9, 1, 10, 12, 4, 3, 2, 13, 5, 11])
    trials:  1 (after 0 warmups)
    output:  bench-results/sched-arc-2026-07-03/sf10-final/duckdb/s10/batch-3/stream-7.md

    NOTE: single-invocation output is SMOKE-GRADE only. For win/loss
    claims use scripts/bench/strict_22q.sh / strict_ab.sh /
    strict_throughput.sh (see scripts/bench/README.md).

--- Q06 ---
  DuckDB        649.63 ms ±  0.00  (1 rows)

--- Q18 ---
  DuckDB       1914.88 ms ±  0.00  (624 rows)

--- Q21 ---
  DuckDB       3261.74 ms ±  0.00  (4009 rows)

--- Q16 ---
  DuckDB        406.58 ms ±  0.00  (27840 rows)

--- Q08 ---
  DuckDB       1354.35 ms ±  0.00  (2 rows)

--- Q15 ---
  DuckDB        624.50 ms ±  0.00  (1 rows)

--- Q22 ---
  DuckDB        364.07 ms ±  0.00  (7 rows)

--- Q20 ---
  DuckDB        873.20 ms ±  0.00  (1804 rows)

--- Q07 ---
  DuckDB       1035.62 ms ±  0.00  (4 rows)

--- Q19 ---
  DuckDB       1539.57 ms ±  0.00  (1 rows)

--- Q14 ---
  DuckDB        936.90 ms ±  0.00  (1 rows)

--- Q17 ---
  DuckDB       1162.02 ms ±  0.00  (1 rows)

--- Q09 ---
  DuckDB       2569.81 ms ±  0.00  (175 rows)

--- Q01 ---
  DuckDB       1903.67 ms ±  0.00  (4 rows)

--- Q10 ---
  DuckDB       1846.28 ms ±  0.00  (381105 rows)

--- Q12 ---
  DuckDB        919.85 ms ±  0.00  (2 rows)

--- Q04 ---
  DuckDB        842.32 ms ±  0.00  (5 rows)

--- Q03 ---
  DuckDB       1435.09 ms ±  0.00  (114003 rows)

--- Q02 ---
  DuckDB        295.16 ms ±  0.00  (4667 rows)

--- Q13 ---
  DuckDB       1824.18 ms ±  0.00  (46 rows)

--- Q05 ---
  DuckDB        823.20 ms ±  0.00  (5 rows)

--- Q11 ---
  DuckDB         86.37 ms ±  0.00  (8685 rows)

wrote bench-results/sched-arc-2026-07-03/sf10-final/duckdb/s10/batch-3/stream-7.md
