=== TPC-H 22 triangulation bench ===
    data:    /Users/ryanevans/RustroverProjects/ematix-flow/examples/tpch/data/sf10
    queries: 22 ([21, 13, 19, 22, 10, 14, 5, 7, 4, 16, 6, 2, 3, 18, 11, 8, 15, 1, 17, 12, 9, 20])
    trials:  1 (after 0 warmups)
    output:  bench-results/sched-arc-2026-07-03/sf10-final/duckdb/s10/batch-3/stream-5.md

    NOTE: single-invocation output is SMOKE-GRADE only. For win/loss
    claims use scripts/bench/strict_22q.sh / strict_ab.sh /
    strict_throughput.sh (see scripts/bench/README.md).

--- Q21 ---
  DuckDB       3055.47 ms ±  0.00  (4009 rows)

--- Q13 ---
  DuckDB       2069.71 ms ±  0.00  (46 rows)

--- Q19 ---
  DuckDB       1531.30 ms ±  0.00  (1 rows)

--- Q22 ---
  DuckDB        539.98 ms ±  0.00  (7 rows)

--- Q10 ---
  DuckDB       2094.88 ms ±  0.00  (381105 rows)

--- Q14 ---
  DuckDB        914.02 ms ±  0.00  (1 rows)

--- Q05 ---
  DuckDB       1086.19 ms ±  0.00  (5 rows)

--- Q07 ---
  DuckDB       1164.37 ms ±  0.00  (4 rows)

--- Q04 ---
  DuckDB        869.04 ms ±  0.00  (5 rows)

--- Q16 ---
  DuckDB        441.87 ms ±  0.00  (27840 rows)

--- Q06 ---
  DuckDB        608.69 ms ±  0.00  (1 rows)

--- Q02 ---
  DuckDB        229.84 ms ±  0.00  (4667 rows)

--- Q03 ---
  DuckDB       1207.70 ms ±  0.00  (114003 rows)

--- Q18 ---
  DuckDB       1881.79 ms ±  0.00  (624 rows)

--- Q11 ---
  DuckDB        178.76 ms ±  0.00  (8685 rows)

--- Q08 ---
  DuckDB       1322.19 ms ±  0.00  (2 rows)

--- Q15 ---
  DuckDB        779.38 ms ±  0.00  (1 rows)

--- Q01 ---
  DuckDB       1920.94 ms ±  0.00  (4 rows)

--- Q17 ---
  DuckDB       1203.55 ms ±  0.00  (1 rows)

--- Q12 ---
  DuckDB        886.10 ms ±  0.00  (2 rows)

--- Q09 ---
  DuckDB       2143.02 ms ±  0.00  (175 rows)

--- Q20 ---
  DuckDB        420.90 ms ±  0.00  (1804 rows)

wrote bench-results/sched-arc-2026-07-03/sf10-final/duckdb/s10/batch-3/stream-5.md
