=== TPC-H 22 triangulation bench ===
    data:    /Users/ryanevans/RustroverProjects/ematix-flow/examples/tpch/data/sf10
    queries: 22 ([17, 21, 15, 19, 6, 10, 11, 22, 1, 18, 14, 9, 20, 4, 16, 3, 2, 7, 5, 13, 12, 8])
    trials:  1 (after 0 warmups)
    output:  bench-results/tput-rebaseline-2026-07-03/sf10-auto/duckdb/s10/batch-3/stream-8.md

    NOTE: single-invocation output is SMOKE-GRADE only. For win/loss
    claims use scripts/bench/strict_22q.sh / strict_ab.sh /
    strict_throughput.sh (see scripts/bench/README.md).

--- Q17 ---
  DuckDB        991.61 ms ±  0.00  (1 rows)

--- Q21 ---
  DuckDB       2993.12 ms ±  0.00  (4009 rows)

--- Q15 ---
  DuckDB        628.62 ms ±  0.00  (1 rows)

--- Q19 ---
  DuckDB       1280.01 ms ±  0.00  (1 rows)

--- Q06 ---
  DuckDB        406.92 ms ±  0.00  (1 rows)

--- Q10 ---
  DuckDB       1804.24 ms ±  0.00  (381105 rows)

--- Q11 ---
  DuckDB        152.23 ms ±  0.00  (8685 rows)

--- Q22 ---
  DuckDB        483.59 ms ±  0.00  (7 rows)

--- Q01 ---
  DuckDB       1918.11 ms ±  0.00  (4 rows)

--- Q18 ---
  DuckDB       1416.62 ms ±  0.00  (624 rows)

--- Q14 ---
  DuckDB        968.15 ms ±  0.00  (1 rows)

--- Q09 ---
  DuckDB       2138.45 ms ±  0.00  (175 rows)

--- Q20 ---
  DuckDB        802.72 ms ±  0.00  (1804 rows)

--- Q04 ---
  DuckDB        615.92 ms ±  0.00  (5 rows)

--- Q16 ---
  DuckDB        442.31 ms ±  0.00  (27840 rows)

--- Q03 ---
  DuckDB        886.84 ms ±  0.00  (114003 rows)

--- Q02 ---
  DuckDB        259.02 ms ±  0.00  (4667 rows)

--- Q07 ---
  DuckDB       1083.13 ms ±  0.00  (4 rows)

--- Q05 ---
  DuckDB        950.69 ms ±  0.00  (5 rows)

--- Q13 ---
  DuckDB       2001.14 ms ±  0.00  (46 rows)

--- Q12 ---
  DuckDB        675.08 ms ±  0.00  (2 rows)

--- Q08 ---
  DuckDB        887.55 ms ±  0.00  (2 rows)

wrote bench-results/tput-rebaseline-2026-07-03/sf10-auto/duckdb/s10/batch-3/stream-8.md
