=== TPC-H 22 triangulation bench ===
    data:    /Users/ryanevans/RustroverProjects/ematix-flow/examples/tpch/data/sf10
    queries: 22 ([6, 18, 21, 16, 8, 15, 22, 20, 7, 19, 14, 17, 9, 1, 10, 12, 4, 3, 2, 13, 5, 11])
    trials:  1 (after 0 warmups)
    output:  bench-results/tput-rebaseline-2026-07-03/sf10-auto/duckdb/s10/batch-3/stream-7.md

    NOTE: single-invocation output is SMOKE-GRADE only. For win/loss
    claims use scripts/bench/strict_22q.sh / strict_ab.sh /
    strict_throughput.sh (see scripts/bench/README.md).

--- Q06 ---
  DuckDB        459.60 ms ±  0.00  (1 rows)

--- Q18 ---
  DuckDB       1587.53 ms ±  0.00  (624 rows)

--- Q21 ---
  DuckDB       2817.57 ms ±  0.00  (4009 rows)

--- Q16 ---
  DuckDB        334.27 ms ±  0.00  (27840 rows)

--- Q08 ---
  DuckDB       1186.79 ms ±  0.00  (2 rows)

--- Q15 ---
  DuckDB        835.11 ms ±  0.00  (1 rows)

--- Q22 ---
  DuckDB        256.91 ms ±  0.00  (7 rows)

--- Q20 ---
  DuckDB        965.39 ms ±  0.00  (1804 rows)

--- Q07 ---
  DuckDB       1065.70 ms ±  0.00  (4 rows)

--- Q19 ---
  DuckDB       1545.37 ms ±  0.00  (1 rows)

--- Q14 ---
  DuckDB        925.63 ms ±  0.00  (1 rows)

--- Q17 ---
  DuckDB       1132.61 ms ±  0.00  (1 rows)

--- Q09 ---
  DuckDB       2069.96 ms ±  0.00  (175 rows)

--- Q01 ---
  DuckDB       1971.46 ms ±  0.00  (4 rows)

--- Q10 ---
  DuckDB       1732.87 ms ±  0.00  (381105 rows)

--- Q12 ---
  DuckDB        685.35 ms ±  0.00  (2 rows)

--- Q04 ---
  DuckDB        706.18 ms ±  0.00  (5 rows)

--- Q03 ---
  DuckDB       1097.90 ms ±  0.00  (114003 rows)

--- Q02 ---
  DuckDB        236.63 ms ±  0.00  (4667 rows)

--- Q13 ---
  DuckDB       1622.64 ms ±  0.00  (46 rows)

--- Q05 ---
  DuckDB        425.57 ms ±  0.00  (5 rows)

--- Q11 ---
  DuckDB         43.95 ms ±  0.00  (8685 rows)

wrote bench-results/tput-rebaseline-2026-07-03/sf10-auto/duckdb/s10/batch-3/stream-7.md
