=== TPC-H 22 triangulation bench ===
    data:    /Users/ryanevans/RustroverProjects/ematix-flow/examples/tpch/data/sf10
    queries: 22 ([13, 18, 3, 7, 11, 4, 21, 16, 14, 22, 2, 10, 8, 19, 17, 1, 6, 5, 9, 12, 20, 15])
    trials:  1 (after 0 warmups)
    output:  bench-results/tput-rebaseline-2026-07-03/sf10-auto/duckdb/s10/batch-3/stream-9.md

    NOTE: single-invocation output is SMOKE-GRADE only. For win/loss
    claims use scripts/bench/strict_22q.sh / strict_ab.sh /
    strict_throughput.sh (see scripts/bench/README.md).

--- Q13 ---
  DuckDB       1895.37 ms ±  0.00  (46 rows)

--- Q18 ---
  DuckDB       1444.08 ms ±  0.00  (624 rows)

--- Q03 ---
  DuckDB       1096.92 ms ±  0.00  (114003 rows)

--- Q07 ---
  DuckDB        959.15 ms ±  0.00  (4 rows)

--- Q11 ---
  DuckDB        177.47 ms ±  0.00  (8685 rows)

--- Q04 ---
  DuckDB        520.70 ms ±  0.00  (5 rows)

--- Q21 ---
  DuckDB       2878.70 ms ±  0.00  (4009 rows)

--- Q16 ---
  DuckDB        291.74 ms ±  0.00  (27840 rows)

--- Q14 ---
  DuckDB       1102.00 ms ±  0.00  (1 rows)

--- Q22 ---
  DuckDB        237.34 ms ±  0.00  (7 rows)

--- Q02 ---
  DuckDB        119.75 ms ±  0.00  (4667 rows)

--- Q10 ---
  DuckDB       1712.95 ms ±  0.00  (381105 rows)

--- Q08 ---
  DuckDB       1254.45 ms ±  0.00  (2 rows)

--- Q19 ---
  DuckDB       1459.63 ms ±  0.00  (1 rows)

--- Q17 ---
  DuckDB        986.72 ms ±  0.00  (1 rows)

--- Q01 ---
  DuckDB       1917.50 ms ±  0.00  (4 rows)

--- Q06 ---
  DuckDB        558.02 ms ±  0.00  (1 rows)

--- Q05 ---
  DuckDB       1080.40 ms ±  0.00  (5 rows)

--- Q09 ---
  DuckDB       2155.83 ms ±  0.00  (175 rows)

--- Q12 ---
  DuckDB        810.43 ms ±  0.00  (2 rows)

--- Q20 ---
  DuckDB        657.67 ms ±  0.00  (1804 rows)

--- Q15 ---
  DuckDB        438.76 ms ±  0.00  (1 rows)

wrote bench-results/tput-rebaseline-2026-07-03/sf10-auto/duckdb/s10/batch-3/stream-9.md
