=== TPC-H 22 triangulation bench ===
    data:    /Users/ryanevans/RustroverProjects/ematix-flow/examples/tpch/data/sf10
    queries: 22 ([1, 8, 5, 4, 9, 3, 7, 10, 13, 18, 6, 12, 20, 11, 21, 16, 17, 2, 22, 14, 19, 15])
    trials:  1 (after 0 warmups)
    output:  /Users/ryanevans/RustroverProjects/ematix-flow/bench-results/campaign-2026-07-01/tput-sf10/ematix/s100/batch-4/stream-75.md

    NOTE: single-invocation output is SMOKE-GRADE only. For win/loss
    claims use scripts/bench/strict_22q.sh / strict_ab.sh /
    strict_throughput.sh (see scripts/bench/README.md).

--- Q01 ---
  ematix-flow  2257.71 ms ±  0.00  (4 rows)

--- Q08 ---
  ematix-flow  1641.96 ms ±  0.00  (2 rows)

--- Q05 ---
  ematix-flow  1066.95 ms ±  0.00  (5 rows)

--- Q04 ---
  ematix-flow  1547.12 ms ±  0.00  (5 rows)

--- Q09 ---
  ematix-flow  4242.03 ms ±  0.00  (175 rows)

--- Q03 ---
  ematix-flow  3252.75 ms ±  0.00  (114003 rows)

--- Q07 ---
  ematix-flow  3179.56 ms ±  0.00  (4 rows)

--- Q10 ---
  ematix-flow  4172.28 ms ±  0.00  (381105 rows)

--- Q13 ---
  ematix-flow  3735.58 ms ±  0.00  (46 rows)

--- Q18 ---
  ematix-flow  9452.40 ms ±  0.00  (624 rows)

--- Q06 ---
  ematix-flow  2226.91 ms ±  0.00  (1 rows)

--- Q12 ---
  ematix-flow  1376.37 ms ±  0.00  (2 rows)

--- Q20 ---
  ematix-flow  1833.34 ms ±  0.00  (1804 rows)

--- Q11 ---
  ematix-flow   950.28 ms ±  0.00  (8685 rows)

--- Q21 ---
  ematix-flow  10014.64 ms ±  0.00  (4009 rows)

--- Q16 ---
  ematix-flow  1127.11 ms ±  0.00  (27840 rows)

--- Q17 ---
  ematix-flow  1058.38 ms ±  0.00  (1 rows)

--- Q02 ---
  ematix-flow   684.83 ms ±  0.00  (4667 rows)

--- Q22 ---
  ematix-flow  1030.70 ms ±  0.00  (7 rows)

--- Q14 ---
  ematix-flow   909.51 ms ±  0.00  (1 rows)

--- Q19 ---
  ematix-flow   769.88 ms ±  0.00  (1 rows)

--- Q15 ---
  ematix-flow   981.15 ms ±  0.00  (1 rows)

wrote /Users/ryanevans/RustroverProjects/ematix-flow/bench-results/campaign-2026-07-01/tput-sf10/ematix/s100/batch-4/stream-75.md
