=== TPC-H 22 triangulation bench ===
    data:    /Users/ryanevans/RustroverProjects/ematix-flow/examples/tpch/data/sf10
    queries: 22 ([13, 18, 3, 7, 11, 4, 21, 16, 14, 22, 2, 10, 8, 19, 17, 1, 6, 5, 9, 12, 20, 15])
    trials:  1 (after 0 warmups)
    output:  /Users/ryanevans/RustroverProjects/ematix-flow/bench-results/campaign-2026-07-01/tput-sf10/ematix/s100/batch-4/stream-9.md

    NOTE: single-invocation output is SMOKE-GRADE only. For win/loss
    claims use scripts/bench/strict_22q.sh / strict_ab.sh /
    strict_throughput.sh (see scripts/bench/README.md).

--- Q13 ---
  ematix-flow  4070.23 ms ±  0.00  (46 rows)

--- Q18 ---
  ematix-flow  7490.92 ms ±  0.00  (624 rows)

--- Q03 ---
  ematix-flow  2729.33 ms ±  0.00  (114003 rows)

--- Q07 ---
  ematix-flow  3439.53 ms ±  0.00  (4 rows)

--- Q11 ---
  ematix-flow   594.34 ms ±  0.00  (8685 rows)

--- Q04 ---
  ematix-flow  2154.28 ms ±  0.00  (5 rows)

--- Q21 ---
  ematix-flow  16320.73 ms ±  0.00  (4009 rows)

--- Q16 ---
  ematix-flow  2216.82 ms ±  0.00  (27840 rows)

--- Q14 ---
  ematix-flow   849.53 ms ±  0.00  (1 rows)

--- Q22 ---
  ematix-flow  1568.51 ms ±  0.00  (7 rows)

--- Q02 ---
  ematix-flow   922.83 ms ±  0.00  (4667 rows)

--- Q10 ---
  ematix-flow  9802.04 ms ±  0.00  (381105 rows)

--- Q08 ---
  ematix-flow  2878.68 ms ±  0.00  (2 rows)

--- Q19 ---
  ematix-flow   619.29 ms ±  0.00  (1 rows)

--- Q17 ---
  ematix-flow  3676.07 ms ±  0.00  (1 rows)

--- Q01 ---
  ematix-flow  3342.59 ms ±  0.00  (4 rows)

--- Q06 ---
  ematix-flow   702.26 ms ±  0.00  (1 rows)

--- Q05 ---
  ematix-flow  8896.74 ms ±  0.00  (5 rows)

--- Q09 ---
  ematix-flow  4018.49 ms ±  0.00  (175 rows)

--- Q12 ---
  ematix-flow   865.13 ms ±  0.00  (2 rows)

--- Q20 ---
  ematix-flow  1978.62 ms ±  0.00  (1804 rows)

--- Q15 ---
  ematix-flow   407.25 ms ±  0.00  (1 rows)

wrote /Users/ryanevans/RustroverProjects/ematix-flow/bench-results/campaign-2026-07-01/tput-sf10/ematix/s100/batch-4/stream-9.md
