=== TPC-H 22 triangulation bench ===
    data:    /Users/ryanevans/RustroverProjects/ematix-flow/examples/tpch/data/sf10
    queries: 22 ([11, 14, 5, 19, 22, 9, 16, 6, 4, 8, 2, 13, 1, 15, 7, 20, 17, 21, 10, 12, 3, 18])
    trials:  1 (after 0 warmups)
    output:  /Users/ryanevans/RustroverProjects/ematix-flow/bench-results/campaign-2026-07-01/tput-sf10/ematix/s100/batch-4/stream-29.md

    NOTE: single-invocation output is SMOKE-GRADE only. For win/loss
    claims use scripts/bench/strict_22q.sh / strict_ab.sh /
    strict_throughput.sh (see scripts/bench/README.md).

--- Q11 ---
  ematix-flow   183.61 ms ±  0.00  (8685 rows)

--- Q14 ---
  ematix-flow   621.49 ms ±  0.00  (1 rows)

--- Q05 ---
  ematix-flow  7421.94 ms ±  0.00  (5 rows)

--- Q19 ---
  ematix-flow   826.87 ms ±  0.00  (1 rows)

--- Q22 ---
  ematix-flow  1404.41 ms ±  0.00  (7 rows)

--- Q09 ---
  ematix-flow  9110.05 ms ±  0.00  (175 rows)

--- Q16 ---
  ematix-flow  1079.78 ms ±  0.00  (27840 rows)

--- Q06 ---
  ematix-flow  1169.28 ms ±  0.00  (1 rows)

--- Q04 ---
  ematix-flow  1420.56 ms ±  0.00  (5 rows)

--- Q08 ---
  ematix-flow  4216.24 ms ±  0.00  (2 rows)

--- Q02 ---
  ematix-flow   846.26 ms ±  0.00  (4667 rows)

--- Q13 ---
  ematix-flow  4849.75 ms ±  0.00  (46 rows)

--- Q01 ---
  ematix-flow  4062.46 ms ±  0.00  (4 rows)

--- Q15 ---
  ematix-flow  1103.96 ms ±  0.00  (1 rows)

--- Q07 ---
  ematix-flow  4376.09 ms ±  0.00  (4 rows)

--- Q20 ---
  ematix-flow  2468.75 ms ±  0.00  (1804 rows)

--- Q17 ---
  ematix-flow  2979.72 ms ±  0.00  (1 rows)

--- Q21 ---
  ematix-flow  12938.28 ms ±  0.00  (4009 rows)

--- Q10 ---
  ematix-flow  3745.63 ms ±  0.00  (381105 rows)

--- Q12 ---
  ematix-flow   778.90 ms ±  0.00  (2 rows)

--- Q03 ---
  ematix-flow  4420.27 ms ±  0.00  (114003 rows)

--- Q18 ---
  ematix-flow  4286.66 ms ±  0.00  (624 rows)

wrote /Users/ryanevans/RustroverProjects/ematix-flow/bench-results/campaign-2026-07-01/tput-sf10/ematix/s100/batch-4/stream-29.md
