=== TPC-H 22 triangulation bench ===
    data:    /Users/ryanevans/RustroverProjects/ematix-flow/examples/tpch/data/sf10
    queries: 22 ([6, 13, 22, 14, 3, 1, 16, 21, 7, 15, 5, 19, 11, 2, 12, 10, 18, 9, 8, 17, 20, 4])
    trials:  1 (after 0 warmups)
    output:  /Users/ryanevans/RustroverProjects/ematix-flow/bench-results/campaign-2026-07-01/tput-sf10/ematix/s100/batch-4/stream-14.md

    NOTE: single-invocation output is SMOKE-GRADE only. For win/loss
    claims use scripts/bench/strict_22q.sh / strict_ab.sh /
    strict_throughput.sh (see scripts/bench/README.md).

--- Q06 ---
  ematix-flow   421.34 ms ±  0.00  (1 rows)

--- Q13 ---
  ematix-flow  1969.79 ms ±  0.00  (46 rows)

--- Q22 ---
  ematix-flow   567.20 ms ±  0.00  (7 rows)

--- Q14 ---
  ematix-flow   351.05 ms ±  0.00  (1 rows)

--- Q03 ---
  ematix-flow  2549.46 ms ±  0.00  (114003 rows)

--- Q01 ---
  ematix-flow  2910.31 ms ±  0.00  (4 rows)

--- Q16 ---
  ematix-flow  1020.15 ms ±  0.00  (27840 rows)

--- Q21 ---
  ematix-flow  16204.56 ms ±  0.00  (4009 rows)

--- Q07 ---
  ematix-flow  2953.32 ms ±  0.00  (4 rows)

--- Q15 ---
  ematix-flow   670.80 ms ±  0.00  (1 rows)

--- Q05 ---
  ematix-flow  5987.92 ms ±  0.00  (5 rows)

--- Q19 ---
  ematix-flow  1155.03 ms ±  0.00  (1 rows)

--- Q11 ---
  ematix-flow  1106.04 ms ±  0.00  (8685 rows)

--- Q02 ---
  ematix-flow   440.36 ms ±  0.00  (4667 rows)

--- Q12 ---
  ematix-flow   997.87 ms ±  0.00  (2 rows)

--- Q10 ---
  ematix-flow  8077.76 ms ±  0.00  (381105 rows)

--- Q18 ---
  ematix-flow  8135.29 ms ±  0.00  (624 rows)

--- Q09 ---
  ematix-flow  8547.65 ms ±  0.00  (175 rows)

--- Q08 ---
  ematix-flow  4372.26 ms ±  0.00  (2 rows)

--- Q17 ---
  ematix-flow  2944.30 ms ±  0.00  (1 rows)

--- Q20 ---
  ematix-flow  1914.19 ms ±  0.00  (1804 rows)

--- Q04 ---
  ematix-flow  2463.83 ms ±  0.00  (5 rows)

wrote /Users/ryanevans/RustroverProjects/ematix-flow/bench-results/campaign-2026-07-01/tput-sf10/ematix/s100/batch-4/stream-14.md
