=== TPC-H 22 triangulation bench ===
    data:    /Users/ryanevans/RustroverProjects/ematix-flow/examples/tpch/data/sf10
    queries: 22 ([19, 22, 14, 11, 5, 18, 8, 16, 7, 20, 13, 1, 15, 4, 17, 9, 10, 6, 12, 21, 3, 2])
    trials:  1 (after 0 warmups)
    output:  /Users/ryanevans/RustroverProjects/ematix-flow/bench-results/campaign-2026-07-01/tput-sf10/ematix/s100/batch-4/stream-2.md

    NOTE: single-invocation output is SMOKE-GRADE only. For win/loss
    claims use scripts/bench/strict_22q.sh / strict_ab.sh /
    strict_throughput.sh (see scripts/bench/README.md).

--- Q19 ---
  ematix-flow   268.42 ms ±  0.00  (1 rows)

--- Q22 ---
  ematix-flow   398.46 ms ±  0.00  (7 rows)

--- Q14 ---
  ematix-flow   353.06 ms ±  0.00  (1 rows)

--- Q11 ---
  ematix-flow   149.24 ms ±  0.00  (8685 rows)

--- Q05 ---
  ematix-flow  4247.55 ms ±  0.00  (5 rows)

--- Q18 ---
  ematix-flow  6540.78 ms ±  0.00  (624 rows)

--- Q08 ---
  ematix-flow  3654.69 ms ±  0.00  (2 rows)

--- Q16 ---
  ematix-flow  1006.98 ms ±  0.00  (27840 rows)

--- Q07 ---
  ematix-flow  3430.98 ms ±  0.00  (4 rows)

--- Q20 ---
  ematix-flow  2870.77 ms ±  0.00  (1804 rows)

--- Q13 ---
  ematix-flow  5580.63 ms ±  0.00  (46 rows)

--- Q01 ---
  ematix-flow  4789.23 ms ±  0.00  (4 rows)

--- Q15 ---
  ematix-flow   841.35 ms ±  0.00  (1 rows)

--- Q04 ---
  ematix-flow  2642.59 ms ±  0.00  (5 rows)

--- Q17 ---
  ematix-flow  4147.82 ms ±  0.00  (1 rows)

--- Q09 ---
  ematix-flow  16777.66 ms ±  0.00  (175 rows)

--- Q10 ---
  ematix-flow  7070.84 ms ±  0.00  (381105 rows)

--- Q06 ---
  ematix-flow  3019.26 ms ±  0.00  (1 rows)

--- Q12 ---
  ematix-flow   917.02 ms ±  0.00  (2 rows)

--- Q21 ---
  ematix-flow  6968.63 ms ±  0.00  (4009 rows)

--- Q03 ---
  ematix-flow  2837.64 ms ±  0.00  (114003 rows)

--- Q02 ---
  ematix-flow   299.84 ms ±  0.00  (4667 rows)

wrote /Users/ryanevans/RustroverProjects/ematix-flow/bench-results/campaign-2026-07-01/tput-sf10/ematix/s100/batch-4/stream-2.md
