=== TPC-H 22 triangulation bench ===
    data:    /Users/ryanevans/RustroverProjects/ematix-flow/examples/tpch/data/sf10
    queries: 22 ([20, 2, 13, 7, 1, 10, 22, 3, 21, 9, 18, 6, 11, 12, 5, 16, 14, 8, 19, 4, 17, 15])
    trials:  1 (after 0 warmups)
    output:  /Users/ryanevans/RustroverProjects/ematix-flow/bench-results/campaign-2026-07-01/tput-sf10/ematix/s100/batch-4/stream-68.md

    NOTE: single-invocation output is SMOKE-GRADE only. For win/loss
    claims use scripts/bench/strict_22q.sh / strict_ab.sh /
    strict_throughput.sh (see scripts/bench/README.md).

--- Q20 ---
  ematix-flow  2059.43 ms ±  0.00  (1804 rows)

--- Q02 ---
  ematix-flow   563.28 ms ±  0.00  (4667 rows)

--- Q13 ---
  ematix-flow  4815.65 ms ±  0.00  (46 rows)

--- Q07 ---
  ematix-flow  3827.29 ms ±  0.00  (4 rows)

--- Q01 ---
  ematix-flow  4912.58 ms ±  0.00  (4 rows)

--- Q10 ---
  ematix-flow  8153.50 ms ±  0.00  (381105 rows)

--- Q22 ---
  ematix-flow   502.66 ms ±  0.00  (7 rows)

--- Q03 ---
  ematix-flow  2617.27 ms ±  0.00  (114003 rows)

--- Q21 ---
  ematix-flow  14107.67 ms ±  0.00  (4009 rows)

--- Q09 ---
  ematix-flow  10229.71 ms ±  0.00  (175 rows)

--- Q18 ---
  ematix-flow  7581.94 ms ±  0.00  (624 rows)

--- Q06 ---
  ematix-flow  2279.93 ms ±  0.00  (1 rows)

--- Q11 ---
  ematix-flow   628.19 ms ±  0.00  (8685 rows)

--- Q12 ---
  ematix-flow  1178.47 ms ±  0.00  (2 rows)

--- Q05 ---
  ematix-flow  5006.99 ms ±  0.00  (5 rows)

--- Q16 ---
  ematix-flow  1965.48 ms ±  0.00  (27840 rows)

--- Q14 ---
  ematix-flow   489.77 ms ±  0.00  (1 rows)

--- Q08 ---
  ematix-flow  2458.20 ms ±  0.00  (2 rows)

--- Q19 ---
  ematix-flow   776.18 ms ±  0.00  (1 rows)

--- Q04 ---
  ematix-flow  1014.62 ms ±  0.00  (5 rows)

--- Q17 ---
  ematix-flow  2314.80 ms ±  0.00  (1 rows)

--- Q15 ---
  ematix-flow   498.78 ms ±  0.00  (1 rows)

wrote /Users/ryanevans/RustroverProjects/ematix-flow/bench-results/campaign-2026-07-01/tput-sf10/ematix/s100/batch-4/stream-68.md
