=== TPC-H 22 triangulation bench ===
    data:    /Users/ryanevans/RustroverProjects/ematix-flow/examples/tpch/data/sf10
    queries: 22 ([6, 5, 12, 21, 13, 14, 17, 4, 19, 8, 16, 3, 11, 15, 22, 2, 9, 7, 1, 20, 10, 18])
    trials:  1 (after 0 warmups)
    output:  /Users/ryanevans/RustroverProjects/ematix-flow/bench-results/campaign-2026-07-01/tput-sf10/ematix/s100/batch-4/stream-30.md

    NOTE: single-invocation output is SMOKE-GRADE only. For win/loss
    claims use scripts/bench/strict_22q.sh / strict_ab.sh /
    strict_throughput.sh (see scripts/bench/README.md).

--- Q06 ---
  ematix-flow  1258.10 ms ±  0.00  (1 rows)

--- Q05 ---
  ematix-flow  6567.70 ms ±  0.00  (5 rows)

--- Q12 ---
  ematix-flow  2328.46 ms ±  0.00  (2 rows)

--- Q21 ---
  ematix-flow  10506.97 ms ±  0.00  (4009 rows)

--- Q13 ---
  ematix-flow  4430.20 ms ±  0.00  (46 rows)

--- Q14 ---
  ematix-flow   529.11 ms ±  0.00  (1 rows)

--- Q17 ---
  ematix-flow  5881.23 ms ±  0.00  (1 rows)

--- Q04 ---
  ematix-flow  2006.97 ms ±  0.00  (5 rows)

--- Q19 ---
  ematix-flow   998.24 ms ±  0.00  (1 rows)

--- Q08 ---
  ematix-flow  5077.20 ms ±  0.00  (2 rows)

--- Q16 ---
  ematix-flow  1246.58 ms ±  0.00  (27840 rows)

--- Q03 ---
  ematix-flow  3565.00 ms ±  0.00  (114003 rows)

--- Q11 ---
  ematix-flow  1012.66 ms ±  0.00  (8685 rows)

--- Q15 ---
  ematix-flow   697.23 ms ±  0.00  (1 rows)

--- Q22 ---
  ematix-flow  1633.79 ms ±  0.00  (7 rows)

--- Q02 ---
  ematix-flow   567.78 ms ±  0.00  (4667 rows)

--- Q09 ---
  ematix-flow  7053.97 ms ±  0.00  (175 rows)

--- Q07 ---
  ematix-flow  4806.66 ms ±  0.00  (4 rows)

--- Q01 ---
  ematix-flow  2902.10 ms ±  0.00  (4 rows)

--- Q20 ---
  ematix-flow  3212.73 ms ±  0.00  (1804 rows)

--- Q10 ---
  ematix-flow  4063.59 ms ±  0.00  (381105 rows)

--- Q18 ---
  ematix-flow  3569.83 ms ±  0.00  (624 rows)

wrote /Users/ryanevans/RustroverProjects/ematix-flow/bench-results/campaign-2026-07-01/tput-sf10/ematix/s100/batch-4/stream-30.md
