=== TPC-H 22 triangulation bench ===
    data:    /Users/ryanevans/RustroverProjects/ematix-flow/examples/tpch/data/sf10
    queries: 22 ([1, 13, 2, 4, 3, 11, 5, 19, 10, 12, 21, 16, 7, 14, 15, 9, 20, 22, 6, 18, 17, 8])
    trials:  1 (after 0 warmups)
    output:  /Users/ryanevans/RustroverProjects/ematix-flow/bench-results/campaign-2026-07-01/tput-sf10/ematix/s100/batch-4/stream-51.md

    NOTE: single-invocation output is SMOKE-GRADE only. For win/loss
    claims use scripts/bench/strict_22q.sh / strict_ab.sh /
    strict_throughput.sh (see scripts/bench/README.md).

--- Q01 ---
  ematix-flow  5025.91 ms ±  0.00  (4 rows)

--- Q13 ---
  ematix-flow  3206.33 ms ±  0.00  (46 rows)

--- Q02 ---
  ematix-flow  1158.20 ms ±  0.00  (4667 rows)

--- Q04 ---
  ematix-flow  1170.38 ms ±  0.00  (5 rows)

--- Q03 ---
  ematix-flow  2338.84 ms ±  0.00  (114003 rows)

--- Q11 ---
  ematix-flow   840.47 ms ±  0.00  (8685 rows)

--- Q05 ---
  ematix-flow  5819.48 ms ±  0.00  (5 rows)

--- Q19 ---
  ematix-flow   769.83 ms ±  0.00  (1 rows)

--- Q10 ---
  ematix-flow  2881.80 ms ±  0.00  (381105 rows)

--- Q12 ---
  ematix-flow   712.81 ms ±  0.00  (2 rows)

--- Q21 ---
  ematix-flow  7065.94 ms ±  0.00  (4009 rows)

--- Q16 ---
  ematix-flow  2559.65 ms ±  0.00  (27840 rows)

--- Q07 ---
  ematix-flow  3319.21 ms ±  0.00  (4 rows)

--- Q14 ---
  ematix-flow   672.23 ms ±  0.00  (1 rows)

--- Q15 ---
  ematix-flow   402.73 ms ±  0.00  (1 rows)

--- Q09 ---
  ematix-flow  9485.65 ms ±  0.00  (175 rows)

--- Q20 ---
  ematix-flow  2508.18 ms ±  0.00  (1804 rows)

--- Q22 ---
  ematix-flow   877.09 ms ±  0.00  (7 rows)

--- Q06 ---
  ematix-flow   714.19 ms ±  0.00  (1 rows)

--- Q18 ---
  ematix-flow  7394.44 ms ±  0.00  (624 rows)

--- Q17 ---
  ematix-flow  3895.06 ms ±  0.00  (1 rows)

--- Q08 ---
  ematix-flow  4584.74 ms ±  0.00  (2 rows)

wrote /Users/ryanevans/RustroverProjects/ematix-flow/bench-results/campaign-2026-07-01/tput-sf10/ematix/s100/batch-4/stream-51.md
