=== TPC-H 22 triangulation bench ===
    data:    /Users/ryanevans/RustroverProjects/ematix-flow/examples/tpch/data/sf10
    queries: 22 ([18, 21, 3, 15, 13, 11, 8, 22, 16, 5, 19, 7, 4, 1, 2, 9, 6, 20, 12, 10, 14, 17])
    trials:  1 (after 0 warmups)
    output:  /Users/ryanevans/RustroverProjects/ematix-flow/bench-results/campaign-2026-07-01/tput-sf10/ematix/s100/batch-4/stream-17.md

    NOTE: single-invocation output is SMOKE-GRADE only. For win/loss
    claims use scripts/bench/strict_22q.sh / strict_ab.sh /
    strict_throughput.sh (see scripts/bench/README.md).

--- Q18 ---
  ematix-flow  6627.37 ms ±  0.00  (624 rows)

--- Q21 ---
  ematix-flow  10778.46 ms ±  0.00  (4009 rows)

--- Q03 ---
  ematix-flow  3318.43 ms ±  0.00  (114003 rows)

--- Q15 ---
  ematix-flow   486.70 ms ±  0.00  (1 rows)

--- Q13 ---
  ematix-flow  4374.07 ms ±  0.00  (46 rows)

--- Q11 ---
  ematix-flow  1231.39 ms ±  0.00  (8685 rows)

--- Q08 ---
  ematix-flow  4671.81 ms ±  0.00  (2 rows)

--- Q22 ---
  ematix-flow   661.62 ms ±  0.00  (7 rows)

--- Q16 ---
  ematix-flow  1499.88 ms ±  0.00  (27840 rows)

--- Q05 ---
  ematix-flow  6430.63 ms ±  0.00  (5 rows)

--- Q19 ---
  ematix-flow   781.09 ms ±  0.00  (1 rows)

--- Q07 ---
  ematix-flow  3008.52 ms ±  0.00  (4 rows)

--- Q04 ---
  ematix-flow  1376.59 ms ±  0.00  (5 rows)

--- Q01 ---
  ematix-flow  4408.15 ms ±  0.00  (4 rows)

--- Q02 ---
  ematix-flow   587.84 ms ±  0.00  (4667 rows)

--- Q09 ---
  ematix-flow  10450.82 ms ±  0.00  (175 rows)

--- Q06 ---
  ematix-flow  1333.15 ms ±  0.00  (1 rows)

--- Q20 ---
  ematix-flow  2920.48 ms ±  0.00  (1804 rows)

--- Q12 ---
  ematix-flow  1551.49 ms ±  0.00  (2 rows)

--- Q10 ---
  ematix-flow  6302.64 ms ±  0.00  (381105 rows)

--- Q14 ---
  ematix-flow   774.30 ms ±  0.00  (1 rows)

--- Q17 ---
  ematix-flow  1006.92 ms ±  0.00  (1 rows)

wrote /Users/ryanevans/RustroverProjects/ematix-flow/bench-results/campaign-2026-07-01/tput-sf10/ematix/s100/batch-4/stream-17.md
