=== TPC-H 22 triangulation bench ===
    data:    /Users/ryanevans/RustroverProjects/ematix-flow/examples/tpch/data/sf10
    queries: 22 ([2, 17, 22, 8, 19, 5, 15, 11, 1, 4, 12, 20, 3, 9, 13, 18, 7, 16, 10, 21, 14, 6])
    trials:  1 (after 0 warmups)
    output:  /Users/ryanevans/RustroverProjects/ematix-flow/bench-results/campaign-2026-07-01/tput-sf10/ematix/s100/batch-4/stream-21.md

    NOTE: single-invocation output is SMOKE-GRADE only. For win/loss
    claims use scripts/bench/strict_22q.sh / strict_ab.sh /
    strict_throughput.sh (see scripts/bench/README.md).

--- Q02 ---
  ematix-flow   587.81 ms ±  0.00  (4667 rows)

--- Q17 ---
  ematix-flow  4142.19 ms ±  0.00  (1 rows)

--- Q22 ---
  ematix-flow  1297.86 ms ±  0.00  (7 rows)

--- Q08 ---
  ematix-flow  4078.04 ms ±  0.00  (2 rows)

--- Q19 ---
  ematix-flow  1027.22 ms ±  0.00  (1 rows)

--- Q05 ---
  ematix-flow  3130.63 ms ±  0.00  (5 rows)

--- Q15 ---
  ematix-flow   489.95 ms ±  0.00  (1 rows)

--- Q11 ---
  ematix-flow   624.97 ms ±  0.00  (8685 rows)

--- Q01 ---
  ematix-flow  1351.74 ms ±  0.00  (4 rows)

--- Q04 ---
  ematix-flow  1224.94 ms ±  0.00  (5 rows)

--- Q12 ---
  ematix-flow   551.60 ms ±  0.00  (2 rows)

--- Q20 ---
  ematix-flow  1474.16 ms ±  0.00  (1804 rows)

--- Q03 ---
  ematix-flow  2216.71 ms ±  0.00  (114003 rows)

--- Q09 ---
  ematix-flow  11782.35 ms ±  0.00  (175 rows)

--- Q13 ---
  ematix-flow  4244.95 ms ±  0.00  (46 rows)

--- Q18 ---
  ematix-flow  10485.47 ms ±  0.00  (624 rows)

--- Q07 ---
  ematix-flow  3810.29 ms ±  0.00  (4 rows)

--- Q16 ---
  ematix-flow  1592.23 ms ±  0.00  (27840 rows)

--- Q10 ---
  ematix-flow  8359.00 ms ±  0.00  (381105 rows)

--- Q21 ---
  ematix-flow  13184.17 ms ±  0.00  (4009 rows)

--- Q14 ---
  ematix-flow  1584.11 ms ±  0.00  (1 rows)

--- Q06 ---
  ematix-flow  3357.60 ms ±  0.00  (1 rows)

wrote /Users/ryanevans/RustroverProjects/ematix-flow/bench-results/campaign-2026-07-01/tput-sf10/ematix/s100/batch-4/stream-21.md
