=== TPC-H 22 triangulation bench ===
    data:    /Users/ryanevans/RustroverProjects/ematix-flow/examples/tpch/data/sf10
    queries: 22 ([16, 22, 12, 5, 11, 7, 13, 1, 6, 15, 2, 3, 8, 21, 10, 4, 9, 20, 18, 19, 17, 14])
    trials:  1 (after 0 warmups)
    output:  /Users/ryanevans/RustroverProjects/ematix-flow/bench-results/campaign-2026-07-01/tput-sf10/ematix/s100/batch-4/stream-92.md

    NOTE: single-invocation output is SMOKE-GRADE only. For win/loss
    claims use scripts/bench/strict_22q.sh / strict_ab.sh /
    strict_throughput.sh (see scripts/bench/README.md).

--- Q16 ---
  ematix-flow  1291.22 ms ±  0.00  (27840 rows)

--- Q22 ---
  ematix-flow  1000.40 ms ±  0.00  (7 rows)

--- Q12 ---
  ematix-flow   751.22 ms ±  0.00  (2 rows)

--- Q05 ---
  ematix-flow  3761.48 ms ±  0.00  (5 rows)

--- Q11 ---
  ematix-flow   680.94 ms ±  0.00  (8685 rows)

--- Q07 ---
  ematix-flow  3010.25 ms ±  0.00  (4 rows)

--- Q13 ---
  ematix-flow  2818.18 ms ±  0.00  (46 rows)

--- Q01 ---
  ematix-flow  3054.55 ms ±  0.00  (4 rows)

--- Q06 ---
  ematix-flow   227.81 ms ±  0.00  (1 rows)

--- Q15 ---
  ematix-flow   938.31 ms ±  0.00  (1 rows)

--- Q02 ---
  ematix-flow   243.85 ms ±  0.00  (4667 rows)

--- Q03 ---
  ematix-flow  5424.21 ms ±  0.00  (114003 rows)

--- Q08 ---
  ematix-flow  3479.44 ms ±  0.00  (2 rows)

--- Q21 ---
  ematix-flow  16538.20 ms ±  0.00  (4009 rows)

--- Q10 ---
  ematix-flow  9431.47 ms ±  0.00  (381105 rows)

--- Q04 ---
  ematix-flow  1717.68 ms ±  0.00  (5 rows)

--- Q09 ---
  ematix-flow  6538.81 ms ±  0.00  (175 rows)

--- Q20 ---
  ematix-flow  2305.04 ms ±  0.00  (1804 rows)

--- Q18 ---
  ematix-flow  5579.48 ms ±  0.00  (624 rows)

--- Q19 ---
  ematix-flow   756.08 ms ±  0.00  (1 rows)

--- Q17 ---
  ematix-flow  1615.47 ms ±  0.00  (1 rows)

--- Q14 ---
  ematix-flow   470.72 ms ±  0.00  (1 rows)

wrote /Users/ryanevans/RustroverProjects/ematix-flow/bench-results/campaign-2026-07-01/tput-sf10/ematix/s100/batch-4/stream-92.md
