=== TPC-H 22 triangulation bench ===
    data:    /Users/ryanevans/RustroverProjects/ematix-flow/examples/tpch/data/sf10
    queries: 22 ([8, 14, 3, 16, 10, 19, 20, 13, 21, 22, 1, 6, 2, 12, 15, 17, 11, 9, 4, 18, 7, 5])
    trials:  1 (after 0 warmups)
    output:  /Users/ryanevans/RustroverProjects/ematix-flow/bench-results/campaign-2026-07-01/tput-sf10/ematix/s100/batch-4/stream-87.md

    NOTE: single-invocation output is SMOKE-GRADE only. For win/loss
    claims use scripts/bench/strict_22q.sh / strict_ab.sh /
    strict_throughput.sh (see scripts/bench/README.md).

--- Q08 ---
  ematix-flow  2653.29 ms ±  0.00  (2 rows)

--- Q14 ---
  ematix-flow   423.44 ms ±  0.00  (1 rows)

--- Q03 ---
  ematix-flow  1020.67 ms ±  0.00  (114003 rows)

--- Q16 ---
  ematix-flow  1096.20 ms ±  0.00  (27840 rows)

--- Q10 ---
  ematix-flow  4746.32 ms ±  0.00  (381105 rows)

--- Q19 ---
  ematix-flow   869.37 ms ±  0.00  (1 rows)

--- Q20 ---
  ematix-flow  2507.86 ms ±  0.00  (1804 rows)

--- Q13 ---
  ematix-flow  2791.87 ms ±  0.00  (46 rows)

--- Q21 ---
  ematix-flow  11509.05 ms ±  0.00  (4009 rows)

--- Q22 ---
  ematix-flow  2303.45 ms ±  0.00  (7 rows)

--- Q01 ---
  ematix-flow  4062.90 ms ±  0.00  (4 rows)

--- Q06 ---
  ematix-flow   692.66 ms ±  0.00  (1 rows)

--- Q02 ---
  ematix-flow  1124.47 ms ±  0.00  (4667 rows)

--- Q12 ---
  ematix-flow  1584.26 ms ±  0.00  (2 rows)

--- Q15 ---
  ematix-flow   526.14 ms ±  0.00  (1 rows)

--- Q17 ---
  ematix-flow  4607.73 ms ±  0.00  (1 rows)

--- Q11 ---
  ematix-flow   473.70 ms ±  0.00  (8685 rows)

--- Q09 ---
  ematix-flow  13563.39 ms ±  0.00  (175 rows)

--- Q04 ---
  ematix-flow  1039.86 ms ±  0.00  (5 rows)

--- Q18 ---
  ematix-flow  5537.34 ms ±  0.00  (624 rows)

--- Q07 ---
  ematix-flow  1623.81 ms ±  0.00  (4 rows)

--- Q05 ---
  ematix-flow  6130.83 ms ±  0.00  (5 rows)

wrote /Users/ryanevans/RustroverProjects/ematix-flow/bench-results/campaign-2026-07-01/tput-sf10/ematix/s100/batch-4/stream-87.md
