=== TPC-H 22 triangulation bench ===
    data:    /Users/ryanevans/RustroverProjects/ematix-flow/examples/tpch/data/sf10
    queries: 22 ([18, 6, 8, 19, 1, 12, 2, 9, 7, 16, 21, 13, 17, 14, 3, 22, 11, 5, 20, 15, 10, 4])
    trials:  1 (after 0 warmups)
    output:  /Users/ryanevans/RustroverProjects/ematix-flow/bench-results/campaign-2026-07-01/tput-sf10/ematix/s100/batch-4/stream-70.md

    NOTE: single-invocation output is SMOKE-GRADE only. For win/loss
    claims use scripts/bench/strict_22q.sh / strict_ab.sh /
    strict_throughput.sh (see scripts/bench/README.md).

--- Q18 ---
  ematix-flow  5313.42 ms ±  0.00  (624 rows)

--- Q06 ---
  ematix-flow  2133.22 ms ±  0.00  (1 rows)

--- Q08 ---
  ematix-flow  2792.07 ms ±  0.00  (2 rows)

--- Q19 ---
  ematix-flow   712.04 ms ±  0.00  (1 rows)

--- Q01 ---
  ematix-flow  4686.69 ms ±  0.00  (4 rows)

--- Q12 ---
  ematix-flow  2041.08 ms ±  0.00  (2 rows)

--- Q02 ---
  ematix-flow  1163.52 ms ±  0.00  (4667 rows)

--- Q09 ---
  ematix-flow  9103.47 ms ±  0.00  (175 rows)

--- Q07 ---
  ematix-flow  2714.84 ms ±  0.00  (4 rows)

--- Q16 ---
  ematix-flow  2480.58 ms ±  0.00  (27840 rows)

--- Q21 ---
  ematix-flow  13670.22 ms ±  0.00  (4009 rows)

--- Q13 ---
  ematix-flow  3151.02 ms ±  0.00  (46 rows)

--- Q17 ---
  ematix-flow  2252.07 ms ±  0.00  (1 rows)

--- Q14 ---
  ematix-flow   638.33 ms ±  0.00  (1 rows)

--- Q03 ---
  ematix-flow  2061.83 ms ±  0.00  (114003 rows)

--- Q22 ---
  ematix-flow  1681.64 ms ±  0.00  (7 rows)

--- Q11 ---
  ematix-flow  1252.34 ms ±  0.00  (8685 rows)

--- Q05 ---
  ematix-flow  3896.50 ms ±  0.00  (5 rows)

--- Q20 ---
  ematix-flow  1775.83 ms ±  0.00  (1804 rows)

--- Q15 ---
  ematix-flow   467.93 ms ±  0.00  (1 rows)

--- Q10 ---
  ematix-flow  3750.55 ms ±  0.00  (381105 rows)

--- Q04 ---
  ematix-flow  1677.57 ms ±  0.00  (5 rows)

wrote /Users/ryanevans/RustroverProjects/ematix-flow/bench-results/campaign-2026-07-01/tput-sf10/ematix/s100/batch-4/stream-70.md
