=== TPC-H 22 triangulation bench ===
    data:    /Users/ryanevans/RustroverProjects/ematix-flow/examples/tpch/data/sf10
    queries: 22 ([5, 4, 2, 7, 1, 12, 3, 14, 20, 13, 15, 18, 22, 10, 11, 21, 17, 16, 9, 8, 6, 19])
    trials:  1 (after 0 warmups)
    output:  /Users/ryanevans/RustroverProjects/ematix-flow/bench-results/campaign-2026-07-01/tput-sf10/ematix/s100/batch-4/stream-33.md

    NOTE: single-invocation output is SMOKE-GRADE only. For win/loss
    claims use scripts/bench/strict_22q.sh / strict_ab.sh /
    strict_throughput.sh (see scripts/bench/README.md).

--- Q05 ---
  ematix-flow  3282.49 ms ±  0.00  (5 rows)

--- Q04 ---
  ematix-flow  1682.29 ms ±  0.00  (5 rows)

--- Q02 ---
  ematix-flow   387.94 ms ±  0.00  (4667 rows)

--- Q07 ---
  ematix-flow  1856.93 ms ±  0.00  (4 rows)

--- Q01 ---
  ematix-flow  2905.31 ms ±  0.00  (4 rows)

--- Q12 ---
  ematix-flow   808.04 ms ±  0.00  (2 rows)

--- Q03 ---
  ematix-flow   885.86 ms ±  0.00  (114003 rows)

--- Q14 ---
  ematix-flow   546.24 ms ±  0.00  (1 rows)

--- Q20 ---
  ematix-flow   550.40 ms ±  0.00  (1804 rows)

--- Q13 ---
  ematix-flow  2397.87 ms ±  0.00  (46 rows)

--- Q15 ---
  ematix-flow   737.48 ms ±  0.00  (1 rows)

--- Q18 ---
  ematix-flow  6555.79 ms ±  0.00  (624 rows)

--- Q22 ---
  ematix-flow   701.83 ms ±  0.00  (7 rows)

--- Q10 ---
  ematix-flow  10800.61 ms ±  0.00  (381105 rows)

--- Q11 ---
  ematix-flow   907.86 ms ±  0.00  (8685 rows)

--- Q21 ---
  ematix-flow  12061.53 ms ±  0.00  (4009 rows)

--- Q17 ---
  ematix-flow  3057.98 ms ±  0.00  (1 rows)

--- Q16 ---
  ematix-flow  1715.57 ms ±  0.00  (27840 rows)

--- Q09 ---
  ematix-flow  10680.67 ms ±  0.00  (175 rows)

--- Q08 ---
  ematix-flow  4936.32 ms ±  0.00  (2 rows)

--- Q06 ---
  ematix-flow   645.11 ms ±  0.00  (1 rows)

--- Q19 ---
  ematix-flow   881.08 ms ±  0.00  (1 rows)

wrote /Users/ryanevans/RustroverProjects/ematix-flow/bench-results/campaign-2026-07-01/tput-sf10/ematix/s100/batch-4/stream-33.md
