=== TPC-H 22 triangulation bench ===
    data:    /Users/ryanevans/RustroverProjects/ematix-flow/examples/tpch/data/sf10
    queries: 22 ([7, 16, 17, 15, 11, 18, 2, 20, 8, 5, 4, 12, 21, 6, 9, 13, 14, 22, 19, 1, 3, 10])
    trials:  1 (after 0 warmups)
    output:  /Users/ryanevans/RustroverProjects/ematix-flow/bench-results/campaign-2026-07-01/tput-sf10/ematix/s100/batch-4/stream-23.md

    NOTE: single-invocation output is SMOKE-GRADE only. For win/loss
    claims use scripts/bench/strict_22q.sh / strict_ab.sh /
    strict_throughput.sh (see scripts/bench/README.md).

--- Q07 ---
  ematix-flow  4249.42 ms ±  0.00  (4 rows)

--- Q16 ---
  ematix-flow   591.48 ms ±  0.00  (27840 rows)

--- Q17 ---
  ematix-flow  1584.49 ms ±  0.00  (1 rows)

--- Q15 ---
  ematix-flow   636.46 ms ±  0.00  (1 rows)

--- Q11 ---
  ematix-flow   138.66 ms ±  0.00  (8685 rows)

--- Q18 ---
  ematix-flow  3028.33 ms ±  0.00  (624 rows)

--- Q02 ---
  ematix-flow   980.42 ms ±  0.00  (4667 rows)

--- Q20 ---
  ematix-flow  1847.01 ms ±  0.00  (1804 rows)

--- Q08 ---
  ematix-flow  3522.93 ms ±  0.00  (2 rows)

--- Q05 ---
  ematix-flow  6822.99 ms ±  0.00  (5 rows)

--- Q04 ---
  ematix-flow  1597.97 ms ±  0.00  (5 rows)

--- Q12 ---
  ematix-flow  1373.39 ms ±  0.00  (2 rows)

--- Q21 ---
  ematix-flow  11495.57 ms ±  0.00  (4009 rows)

--- Q06 ---
  ematix-flow  2713.46 ms ±  0.00  (1 rows)

--- Q09 ---
  ematix-flow  13920.84 ms ±  0.00  (175 rows)

--- Q13 ---
  ematix-flow  3706.82 ms ±  0.00  (46 rows)

--- Q14 ---
  ematix-flow   559.73 ms ±  0.00  (1 rows)

--- Q22 ---
  ematix-flow  1820.53 ms ±  0.00  (7 rows)

--- Q19 ---
  ematix-flow   761.82 ms ±  0.00  (1 rows)

--- Q01 ---
  ematix-flow  3504.98 ms ±  0.00  (4 rows)

--- Q03 ---
  ematix-flow  3264.23 ms ±  0.00  (114003 rows)

--- Q10 ---
  ematix-flow  6974.74 ms ±  0.00  (381105 rows)

wrote /Users/ryanevans/RustroverProjects/ematix-flow/bench-results/campaign-2026-07-01/tput-sf10/ematix/s100/batch-4/stream-23.md
