=== TPC-H 22 triangulation bench ===
    data:    /Users/ryanevans/RustroverProjects/ematix-flow/examples/tpch/data/sf10
    queries: 22 ([21, 4, 5, 2, 11, 9, 14, 10, 6, 3, 13, 1, 22, 8, 18, 12, 19, 16, 17, 15, 7, 20])
    trials:  1 (after 0 warmups)
    output:  /Users/ryanevans/RustroverProjects/ematix-flow/bench-results/campaign-2026-07-01/tput-sf10/ematix/s100/batch-4/stream-53.md

    NOTE: single-invocation output is SMOKE-GRADE only. For win/loss
    claims use scripts/bench/strict_22q.sh / strict_ab.sh /
    strict_throughput.sh (see scripts/bench/README.md).

--- Q21 ---
  ematix-flow  10104.57 ms ±  0.00  (4009 rows)

--- Q04 ---
  ematix-flow   645.97 ms ±  0.00  (5 rows)

--- Q05 ---
  ematix-flow  3058.76 ms ±  0.00  (5 rows)

--- Q02 ---
  ematix-flow   518.98 ms ±  0.00  (4667 rows)

--- Q11 ---
  ematix-flow    87.19 ms ±  0.00  (8685 rows)

--- Q09 ---
  ematix-flow  3565.85 ms ±  0.00  (175 rows)

--- Q14 ---
  ematix-flow   419.02 ms ±  0.00  (1 rows)

--- Q10 ---
  ematix-flow  4026.81 ms ±  0.00  (381105 rows)

--- Q06 ---
  ematix-flow  2256.99 ms ±  0.00  (1 rows)

--- Q03 ---
  ematix-flow  4383.31 ms ±  0.00  (114003 rows)

--- Q13 ---
  ematix-flow  4683.81 ms ±  0.00  (46 rows)

--- Q01 ---
  ematix-flow  3954.30 ms ±  0.00  (4 rows)

--- Q22 ---
  ematix-flow   706.39 ms ±  0.00  (7 rows)

--- Q08 ---
  ematix-flow  2562.87 ms ±  0.00  (2 rows)

--- Q18 ---
  ematix-flow  8746.81 ms ±  0.00  (624 rows)

--- Q12 ---
  ematix-flow  1750.09 ms ±  0.00  (2 rows)

--- Q19 ---
  ematix-flow  1489.44 ms ±  0.00  (1 rows)

--- Q16 ---
  ematix-flow  1538.41 ms ±  0.00  (27840 rows)

--- Q17 ---
  ematix-flow  2474.33 ms ±  0.00  (1 rows)

--- Q15 ---
  ematix-flow   694.49 ms ±  0.00  (1 rows)

--- Q07 ---
  ematix-flow  3415.78 ms ±  0.00  (4 rows)

--- Q20 ---
  ematix-flow  3709.71 ms ±  0.00  (1804 rows)

wrote /Users/ryanevans/RustroverProjects/ematix-flow/bench-results/campaign-2026-07-01/tput-sf10/ematix/s100/batch-4/stream-53.md
