=== TPC-H 22 triangulation bench ===
    data:    /Users/ryanevans/RustroverProjects/ematix-flow/examples/tpch/data/sf10
    queries: 22 ([16, 21, 1, 14, 19, 4, 6, 7, 5, 10, 8, 11, 18, 13, 9, 15, 12, 2, 17, 3, 20, 22])
    trials:  1 (after 0 warmups)
    output:  /Users/ryanevans/RustroverProjects/ematix-flow/bench-results/campaign-2026-07-01/tput-sf10/ematix/s100/batch-4/stream-37.md

    NOTE: single-invocation output is SMOKE-GRADE only. For win/loss
    claims use scripts/bench/strict_22q.sh / strict_ab.sh /
    strict_throughput.sh (see scripts/bench/README.md).

--- Q16 ---
  ematix-flow   376.61 ms ±  0.00  (27840 rows)

--- Q21 ---
  ematix-flow  6685.01 ms ±  0.00  (4009 rows)

--- Q01 ---
  ematix-flow  4503.82 ms ±  0.00  (4 rows)

--- Q14 ---
  ematix-flow   624.68 ms ±  0.00  (1 rows)

--- Q19 ---
  ematix-flow  1300.02 ms ±  0.00  (1 rows)

--- Q04 ---
  ematix-flow  3178.57 ms ±  0.00  (5 rows)

--- Q06 ---
  ematix-flow  2687.61 ms ±  0.00  (1 rows)

--- Q07 ---
  ematix-flow  3933.57 ms ±  0.00  (4 rows)

--- Q05 ---
  ematix-flow  8855.60 ms ±  0.00  (5 rows)

--- Q10 ---
  ematix-flow  4360.43 ms ±  0.00  (381105 rows)

--- Q08 ---
  ematix-flow  3392.19 ms ±  0.00  (2 rows)

--- Q11 ---
  ematix-flow   586.15 ms ±  0.00  (8685 rows)

--- Q18 ---
  ematix-flow  11254.66 ms ±  0.00  (624 rows)

--- Q13 ---
  ematix-flow  5690.57 ms ±  0.00  (46 rows)

--- Q09 ---
  ematix-flow  6687.79 ms ±  0.00  (175 rows)

--- Q15 ---
  ematix-flow   629.26 ms ±  0.00  (1 rows)

--- Q12 ---
  ematix-flow  2178.77 ms ±  0.00  (2 rows)

--- Q02 ---
  ematix-flow   442.84 ms ±  0.00  (4667 rows)

--- Q17 ---
  ematix-flow  2587.92 ms ±  0.00  (1 rows)

--- Q03 ---
  ematix-flow  3012.39 ms ±  0.00  (114003 rows)

--- Q20 ---
  ematix-flow  1902.04 ms ±  0.00  (1804 rows)

--- Q22 ---
  ematix-flow   315.21 ms ±  0.00  (7 rows)

wrote /Users/ryanevans/RustroverProjects/ematix-flow/bench-results/campaign-2026-07-01/tput-sf10/ematix/s100/batch-4/stream-37.md
