=== TPC-H 22 triangulation bench ===
    data:    /Users/ryanevans/RustroverProjects/ematix-flow/examples/tpch/data/sf10
    queries: 22 ([18, 14, 8, 9, 10, 15, 20, 5, 16, 6, 17, 19, 3, 1, 22, 2, 21, 4, 7, 13, 11, 12])
    trials:  1 (after 0 warmups)
    output:  /Users/ryanevans/RustroverProjects/ematix-flow/bench-results/campaign-2026-07-01/tput-sf10/ematix/s100/batch-4/stream-96.md

    NOTE: single-invocation output is SMOKE-GRADE only. For win/loss
    claims use scripts/bench/strict_22q.sh / strict_ab.sh /
    strict_throughput.sh (see scripts/bench/README.md).

--- Q18 ---
  ematix-flow  5557.11 ms ±  0.00  (624 rows)

--- Q14 ---
  ematix-flow   509.98 ms ±  0.00  (1 rows)

--- Q08 ---
  ematix-flow  5608.18 ms ±  0.00  (2 rows)

--- Q09 ---
  ematix-flow  7872.87 ms ±  0.00  (175 rows)

--- Q10 ---
  ematix-flow  7827.83 ms ±  0.00  (381105 rows)

--- Q15 ---
  ematix-flow   654.67 ms ±  0.00  (1 rows)

--- Q20 ---
  ematix-flow  4212.57 ms ±  0.00  (1804 rows)

--- Q05 ---
  ematix-flow  10247.81 ms ±  0.00  (5 rows)

--- Q16 ---
  ematix-flow   974.14 ms ±  0.00  (27840 rows)

--- Q06 ---
  ematix-flow  1982.21 ms ±  0.00  (1 rows)

--- Q17 ---
  ematix-flow   828.75 ms ±  0.00  (1 rows)

--- Q19 ---
  ematix-flow   751.41 ms ±  0.00  (1 rows)

--- Q03 ---
  ematix-flow  4263.50 ms ±  0.00  (114003 rows)

--- Q01 ---
  ematix-flow  2837.37 ms ±  0.00  (4 rows)

--- Q22 ---
  ematix-flow   640.81 ms ±  0.00  (7 rows)

--- Q02 ---
  ematix-flow   748.77 ms ±  0.00  (4667 rows)

--- Q21 ---
  ematix-flow  5136.24 ms ±  0.00  (4009 rows)

--- Q04 ---
  ematix-flow   550.98 ms ±  0.00  (5 rows)

--- Q07 ---
  ematix-flow  1014.73 ms ±  0.00  (4 rows)

--- Q13 ---
  ematix-flow   727.46 ms ±  0.00  (46 rows)

--- Q11 ---
  ematix-flow    95.27 ms ±  0.00  (8685 rows)

--- Q12 ---
  ematix-flow   485.07 ms ±  0.00  (2 rows)

wrote /Users/ryanevans/RustroverProjects/ematix-flow/bench-results/campaign-2026-07-01/tput-sf10/ematix/s100/batch-4/stream-96.md
