=== TPC-H 22 triangulation bench ===
    data:    /Users/ryanevans/RustroverProjects/ematix-flow/examples/tpch/data/sf10
    queries: 22 ([9, 8, 3, 12, 7, 6, 15, 14, 4, 20, 11, 2, 10, 21, 13, 19, 1, 16, 5, 22, 17, 18])
    trials:  1 (after 0 warmups)
    output:  /Users/ryanevans/RustroverProjects/ematix-flow/bench-results/campaign-2026-07-01/tput-sf10/ematix/s100/batch-4/stream-95.md

    NOTE: single-invocation output is SMOKE-GRADE only. For win/loss
    claims use scripts/bench/strict_22q.sh / strict_ab.sh /
    strict_throughput.sh (see scripts/bench/README.md).

--- Q09 ---
  ematix-flow  6306.32 ms ±  0.00  (175 rows)

--- Q08 ---
  ematix-flow  3758.08 ms ±  0.00  (2 rows)

--- Q03 ---
  ematix-flow  1655.60 ms ±  0.00  (114003 rows)

--- Q12 ---
  ematix-flow  2401.83 ms ±  0.00  (2 rows)

--- Q07 ---
  ematix-flow  4047.51 ms ±  0.00  (4 rows)

--- Q06 ---
  ematix-flow  1754.44 ms ±  0.00  (1 rows)

--- Q15 ---
  ematix-flow   636.25 ms ±  0.00  (1 rows)

--- Q14 ---
  ematix-flow   612.49 ms ±  0.00  (1 rows)

--- Q04 ---
  ematix-flow  1619.78 ms ±  0.00  (5 rows)

--- Q20 ---
  ematix-flow  2616.37 ms ±  0.00  (1804 rows)

--- Q11 ---
  ematix-flow   639.98 ms ±  0.00  (8685 rows)

--- Q02 ---
  ematix-flow   519.02 ms ±  0.00  (4667 rows)

--- Q10 ---
  ematix-flow  7998.88 ms ±  0.00  (381105 rows)

--- Q21 ---
  ematix-flow  14355.32 ms ±  0.00  (4009 rows)

--- Q13 ---
  ematix-flow  3731.41 ms ±  0.00  (46 rows)

--- Q19 ---
  ematix-flow   660.21 ms ±  0.00  (1 rows)

--- Q01 ---
  ematix-flow  4063.65 ms ±  0.00  (4 rows)

--- Q16 ---
  ematix-flow  1824.84 ms ±  0.00  (27840 rows)

--- Q05 ---
  ematix-flow  3636.05 ms ±  0.00  (5 rows)

--- Q22 ---
  ematix-flow   687.70 ms ±  0.00  (7 rows)

--- Q17 ---
  ematix-flow  1072.36 ms ±  0.00  (1 rows)

--- Q18 ---
  ematix-flow  3256.78 ms ±  0.00  (624 rows)

wrote /Users/ryanevans/RustroverProjects/ematix-flow/bench-results/campaign-2026-07-01/tput-sf10/ematix/s100/batch-4/stream-95.md
