=== TPC-H 22 triangulation bench ===
    data:    /Users/ryanevans/RustroverProjects/ematix-flow/examples/tpch/data/sf10
    queries: 22 ([4, 17, 7, 3, 10, 19, 1, 22, 8, 11, 16, 20, 2, 18, 9, 14, 12, 13, 6, 21, 15, 5])
    trials:  1 (after 0 warmups)
    output:  /Users/ryanevans/RustroverProjects/ematix-flow/bench-results/campaign-2026-07-01/tput-sf10/ematix/s100/batch-4/stream-100.md

    NOTE: single-invocation output is SMOKE-GRADE only. For win/loss
    claims use scripts/bench/strict_22q.sh / strict_ab.sh /
    strict_throughput.sh (see scripts/bench/README.md).

--- Q04 ---
  ematix-flow  1420.57 ms ±  0.00  (5 rows)

--- Q17 ---
  ematix-flow  3420.92 ms ±  0.00  (1 rows)

--- Q07 ---
  ematix-flow  4998.61 ms ±  0.00  (4 rows)

--- Q03 ---
  ematix-flow  3575.15 ms ±  0.00  (114003 rows)

--- Q10 ---
  ematix-flow  7810.62 ms ±  0.00  (381105 rows)

--- Q19 ---
  ematix-flow  1051.12 ms ±  0.00  (1 rows)

--- Q01 ---
  ematix-flow  4513.30 ms ±  0.00  (4 rows)

--- Q22 ---
  ematix-flow  1606.51 ms ±  0.00  (7 rows)

--- Q08 ---
  ematix-flow  2563.66 ms ±  0.00  (2 rows)

--- Q11 ---
  ematix-flow  1121.50 ms ±  0.00  (8685 rows)

--- Q16 ---
  ematix-flow  2013.94 ms ±  0.00  (27840 rows)

--- Q20 ---
  ematix-flow  1687.75 ms ±  0.00  (1804 rows)

--- Q02 ---
  ematix-flow   396.20 ms ±  0.00  (4667 rows)

--- Q18 ---
  ematix-flow  6021.32 ms ±  0.00  (624 rows)

--- Q09 ---
  ematix-flow  3534.54 ms ±  0.00  (175 rows)

--- Q14 ---
  ematix-flow   255.51 ms ±  0.00  (1 rows)

--- Q12 ---
  ematix-flow   376.50 ms ±  0.00  (2 rows)

--- Q13 ---
  ematix-flow   681.30 ms ±  0.00  (46 rows)

--- Q06 ---
  ematix-flow   127.84 ms ±  0.00  (1 rows)

--- Q21 ---
  ematix-flow   894.40 ms ±  0.00  (4009 rows)

--- Q15 ---
  ematix-flow   153.84 ms ±  0.00  (1 rows)

--- Q05 ---
  ematix-flow   256.85 ms ±  0.00  (5 rows)

wrote /Users/ryanevans/RustroverProjects/ematix-flow/bench-results/campaign-2026-07-01/tput-sf10/ematix/s100/batch-4/stream-100.md
