=== TPC-H 22 triangulation bench ===
    data:    /Users/ryanevans/RustroverProjects/ematix-flow/examples/tpch/data/sf10
    queries: 22 ([15, 8, 1, 14, 18, 19, 11, 21, 16, 12, 3, 10, 5, 9, 6, 13, 7, 20, 4, 17, 2, 22])
    trials:  1 (after 0 warmups)
    output:  /Users/ryanevans/RustroverProjects/ematix-flow/bench-results/campaign-2026-07-01/tput-sf10/ematix/s100/batch-4/stream-19.md

    NOTE: single-invocation output is SMOKE-GRADE only. For win/loss
    claims use scripts/bench/strict_22q.sh / strict_ab.sh /
    strict_throughput.sh (see scripts/bench/README.md).

--- Q15 ---
  ematix-flow   459.95 ms ±  0.00  (1 rows)

--- Q08 ---
  ematix-flow  2673.71 ms ±  0.00  (2 rows)

--- Q01 ---
  ematix-flow  3689.67 ms ±  0.00  (4 rows)

--- Q14 ---
  ematix-flow   726.16 ms ±  0.00  (1 rows)

--- Q18 ---
  ematix-flow  8335.31 ms ±  0.00  (624 rows)

--- Q19 ---
  ematix-flow   921.39 ms ±  0.00  (1 rows)

--- Q11 ---
  ematix-flow   573.80 ms ±  0.00  (8685 rows)

--- Q21 ---
  ematix-flow  12745.86 ms ±  0.00  (4009 rows)

--- Q16 ---
  ematix-flow  2145.27 ms ±  0.00  (27840 rows)

--- Q12 ---
  ematix-flow  1450.56 ms ±  0.00  (2 rows)

--- Q03 ---
  ematix-flow  4743.11 ms ±  0.00  (114003 rows)

--- Q10 ---
  ematix-flow  8931.95 ms ±  0.00  (381105 rows)

--- Q05 ---
  ematix-flow  9359.41 ms ±  0.00  (5 rows)

--- Q09 ---
  ematix-flow  6643.19 ms ±  0.00  (175 rows)

--- Q06 ---
  ematix-flow   295.87 ms ±  0.00  (1 rows)

--- Q13 ---
  ematix-flow  4260.46 ms ±  0.00  (46 rows)

--- Q07 ---
  ematix-flow  3896.36 ms ±  0.00  (4 rows)

--- Q20 ---
  ematix-flow  1132.14 ms ±  0.00  (1804 rows)

--- Q04 ---
  ematix-flow   604.03 ms ±  0.00  (5 rows)

--- Q17 ---
  ematix-flow  1428.19 ms ±  0.00  (1 rows)

--- Q02 ---
  ematix-flow   321.20 ms ±  0.00  (4667 rows)

--- Q22 ---
  ematix-flow  1453.37 ms ±  0.00  (7 rows)

wrote /Users/ryanevans/RustroverProjects/ematix-flow/bench-results/campaign-2026-07-01/tput-sf10/ematix/s100/batch-4/stream-19.md
