=== TPC-H 22 triangulation bench ===
    data:    /Users/ryanevans/RustroverProjects/ematix-flow/examples/tpch/data/sf10
    queries: 22 ([21, 9, 18, 8, 6, 12, 10, 7, 1, 22, 19, 20, 14, 4, 11, 17, 2, 13, 5, 3, 15, 16])
    trials:  1 (after 0 warmups)
    output:  /Users/ryanevans/RustroverProjects/ematix-flow/bench-results/campaign-2026-07-01/tput-sf10/ematix/s100/batch-4/stream-83.md

    NOTE: single-invocation output is SMOKE-GRADE only. For win/loss
    claims use scripts/bench/strict_22q.sh / strict_ab.sh /
    strict_throughput.sh (see scripts/bench/README.md).

--- Q21 ---
  ematix-flow  9407.57 ms ±  0.00  (4009 rows)

--- Q09 ---
  ematix-flow  6855.60 ms ±  0.00  (175 rows)

--- Q18 ---
  ematix-flow  3645.84 ms ±  0.00  (624 rows)

--- Q08 ---
  ematix-flow  4728.37 ms ±  0.00  (2 rows)

--- Q06 ---
  ematix-flow  1299.69 ms ±  0.00  (1 rows)

--- Q12 ---
  ematix-flow   863.39 ms ±  0.00  (2 rows)

--- Q10 ---
  ematix-flow  3768.10 ms ±  0.00  (381105 rows)

--- Q07 ---
  ematix-flow  2739.60 ms ±  0.00  (4 rows)

--- Q01 ---
  ematix-flow  3641.94 ms ±  0.00  (4 rows)

--- Q22 ---
  ematix-flow  1738.18 ms ±  0.00  (7 rows)

--- Q19 ---
  ematix-flow  1194.00 ms ±  0.00  (1 rows)

--- Q20 ---
  ematix-flow  2373.38 ms ±  0.00  (1804 rows)

--- Q14 ---
  ematix-flow   753.88 ms ±  0.00  (1 rows)

--- Q04 ---
  ematix-flow  2259.90 ms ±  0.00  (5 rows)

--- Q11 ---
  ematix-flow   866.16 ms ±  0.00  (8685 rows)

--- Q17 ---
  ematix-flow  2774.92 ms ±  0.00  (1 rows)

--- Q02 ---
  ematix-flow   899.74 ms ±  0.00  (4667 rows)

--- Q13 ---
  ematix-flow  4497.12 ms ±  0.00  (46 rows)

--- Q05 ---
  ematix-flow  8962.58 ms ±  0.00  (5 rows)

--- Q03 ---
  ematix-flow  4948.04 ms ±  0.00  (114003 rows)

--- Q15 ---
  ematix-flow  1576.08 ms ±  0.00  (1 rows)

--- Q16 ---
  ematix-flow  1287.52 ms ±  0.00  (27840 rows)

wrote /Users/ryanevans/RustroverProjects/ematix-flow/bench-results/campaign-2026-07-01/tput-sf10/ematix/s100/batch-4/stream-83.md
