=== TPC-H 22 triangulation bench ===
    data:    /Users/ryanevans/RustroverProjects/ematix-flow/examples/tpch/data/sf10
    queries: 22 ([8, 15, 10, 21, 1, 11, 18, 17, 2, 13, 16, 4, 6, 7, 14, 19, 22, 12, 5, 9, 20, 3])
    trials:  1 (after 0 warmups)
    output:  /Users/ryanevans/RustroverProjects/ematix-flow/bench-results/campaign-2026-07-01/tput-sf10/ematix/s100/batch-4/stream-89.md

    NOTE: single-invocation output is SMOKE-GRADE only. For win/loss
    claims use scripts/bench/strict_22q.sh / strict_ab.sh /
    strict_throughput.sh (see scripts/bench/README.md).

--- Q08 ---
  ematix-flow  2671.42 ms ±  0.00  (2 rows)

--- Q15 ---
  ematix-flow   956.35 ms ±  0.00  (1 rows)

--- Q10 ---
  ematix-flow  3167.77 ms ±  0.00  (381105 rows)

--- Q21 ---
  ematix-flow  11091.75 ms ±  0.00  (4009 rows)

--- Q01 ---
  ematix-flow  4455.45 ms ±  0.00  (4 rows)

--- Q11 ---
  ematix-flow   520.33 ms ±  0.00  (8685 rows)

--- Q18 ---
  ematix-flow  9861.34 ms ±  0.00  (624 rows)

--- Q17 ---
  ematix-flow  3521.49 ms ±  0.00  (1 rows)

--- Q02 ---
  ematix-flow   831.05 ms ±  0.00  (4667 rows)

--- Q13 ---
  ematix-flow  6297.77 ms ±  0.00  (46 rows)

--- Q16 ---
  ematix-flow  2936.41 ms ±  0.00  (27840 rows)

--- Q04 ---
  ematix-flow  2172.89 ms ±  0.00  (5 rows)

--- Q06 ---
  ematix-flow  2524.90 ms ±  0.00  (1 rows)

--- Q07 ---
  ematix-flow  2029.96 ms ±  0.00  (4 rows)

--- Q14 ---
  ematix-flow   353.00 ms ±  0.00  (1 rows)

--- Q19 ---
  ematix-flow   797.74 ms ±  0.00  (1 rows)

--- Q22 ---
  ematix-flow  1678.52 ms ±  0.00  (7 rows)

--- Q12 ---
  ematix-flow  1597.19 ms ±  0.00  (2 rows)

--- Q05 ---
  ematix-flow  1584.03 ms ±  0.00  (5 rows)

--- Q09 ---
  ematix-flow  6250.91 ms ±  0.00  (175 rows)

--- Q20 ---
  ematix-flow  1527.60 ms ±  0.00  (1804 rows)

--- Q03 ---
  ematix-flow  2723.97 ms ±  0.00  (114003 rows)

wrote /Users/ryanevans/RustroverProjects/ematix-flow/bench-results/campaign-2026-07-01/tput-sf10/ematix/s100/batch-4/stream-89.md
