=== TPC-H 22 triangulation bench ===
    data:    /Users/ryanevans/RustroverProjects/ematix-flow/examples/tpch/data/sf10
    queries: 22 ([1, 12, 20, 22, 3, 13, 5, 2, 4, 7, 11, 6, 16, 18, 9, 19, 15, 8, 17, 21, 10, 14])
    trials:  1 (after 0 warmups)
    output:  /Users/ryanevans/RustroverProjects/ematix-flow/bench-results/campaign-2026-07-01/tput-sf10/ematix/s100/batch-4/stream-65.md

    NOTE: single-invocation output is SMOKE-GRADE only. For win/loss
    claims use scripts/bench/strict_22q.sh / strict_ab.sh /
    strict_throughput.sh (see scripts/bench/README.md).

--- Q01 ---
  ematix-flow  1597.20 ms ±  0.00  (4 rows)

--- Q12 ---
  ematix-flow   834.29 ms ±  0.00  (2 rows)

--- Q20 ---
  ematix-flow  1836.36 ms ±  0.00  (1804 rows)

--- Q22 ---
  ematix-flow   297.28 ms ±  0.00  (7 rows)

--- Q03 ---
  ematix-flow  1303.27 ms ±  0.00  (114003 rows)

--- Q13 ---
  ematix-flow  4130.24 ms ±  0.00  (46 rows)

--- Q05 ---
  ematix-flow  3235.21 ms ±  0.00  (5 rows)

--- Q02 ---
  ematix-flow   672.97 ms ±  0.00  (4667 rows)

--- Q04 ---
  ematix-flow  1687.95 ms ±  0.00  (5 rows)

--- Q07 ---
  ematix-flow  2056.22 ms ±  0.00  (4 rows)

--- Q11 ---
  ematix-flow  1892.07 ms ±  0.00  (8685 rows)

--- Q06 ---
  ematix-flow  2305.50 ms ±  0.00  (1 rows)

--- Q16 ---
  ematix-flow  1755.40 ms ±  0.00  (27840 rows)

--- Q18 ---
  ematix-flow  9196.80 ms ±  0.00  (624 rows)

--- Q09 ---
  ematix-flow  13279.42 ms ±  0.00  (175 rows)

--- Q19 ---
  ematix-flow   971.13 ms ±  0.00  (1 rows)

--- Q15 ---
  ematix-flow   670.46 ms ±  0.00  (1 rows)

--- Q08 ---
  ematix-flow  3428.90 ms ±  0.00  (2 rows)

--- Q17 ---
  ematix-flow  2506.16 ms ±  0.00  (1 rows)

--- Q21 ---
  ematix-flow  9453.04 ms ±  0.00  (4009 rows)

--- Q10 ---
  ematix-flow  5931.98 ms ±  0.00  (381105 rows)

--- Q14 ---
  ematix-flow   383.60 ms ±  0.00  (1 rows)

wrote /Users/ryanevans/RustroverProjects/ematix-flow/bench-results/campaign-2026-07-01/tput-sf10/ematix/s100/batch-4/stream-65.md
