=== TPC-H 22 triangulation bench ===
    data:    /Users/ryanevans/RustroverProjects/ematix-flow/examples/tpch/data/sf10
    queries: 22 ([3, 11, 14, 20, 18, 22, 17, 13, 6, 7, 9, 1, 16, 8, 21, 19, 4, 12, 15, 5, 10, 2])
    trials:  1 (after 0 warmups)
    output:  /Users/ryanevans/RustroverProjects/ematix-flow/bench-results/campaign-2026-07-01/tput-sf10/ematix/s100/batch-4/stream-43.md

    NOTE: single-invocation output is SMOKE-GRADE only. For win/loss
    claims use scripts/bench/strict_22q.sh / strict_ab.sh /
    strict_throughput.sh (see scripts/bench/README.md).

--- Q03 ---
  ematix-flow  1545.10 ms ±  0.00  (114003 rows)

--- Q11 ---
  ematix-flow   500.63 ms ±  0.00  (8685 rows)

--- Q14 ---
  ematix-flow   475.32 ms ±  0.00  (1 rows)

--- Q20 ---
  ematix-flow  2904.38 ms ±  0.00  (1804 rows)

--- Q18 ---
  ematix-flow  6658.26 ms ±  0.00  (624 rows)

--- Q22 ---
  ematix-flow   526.89 ms ±  0.00  (7 rows)

--- Q17 ---
  ematix-flow   685.99 ms ±  0.00  (1 rows)

--- Q13 ---
  ematix-flow  1065.40 ms ±  0.00  (46 rows)

--- Q06 ---
  ematix-flow  1376.62 ms ±  0.00  (1 rows)

--- Q07 ---
  ematix-flow  2020.92 ms ±  0.00  (4 rows)

--- Q09 ---
  ematix-flow  5874.14 ms ±  0.00  (175 rows)

--- Q01 ---
  ematix-flow  4039.04 ms ±  0.00  (4 rows)

--- Q16 ---
  ematix-flow  1585.20 ms ±  0.00  (27840 rows)

--- Q08 ---
  ematix-flow  3361.90 ms ±  0.00  (2 rows)

--- Q21 ---
  ematix-flow  13400.14 ms ±  0.00  (4009 rows)

--- Q19 ---
  ematix-flow  1370.78 ms ±  0.00  (1 rows)

--- Q04 ---
  ematix-flow  2386.80 ms ±  0.00  (5 rows)

--- Q12 ---
  ematix-flow  1536.11 ms ±  0.00  (2 rows)

--- Q15 ---
  ematix-flow   705.53 ms ±  0.00  (1 rows)

--- Q05 ---
  ematix-flow  7130.88 ms ±  0.00  (5 rows)

--- Q10 ---
  ematix-flow  4568.11 ms ±  0.00  (381105 rows)

--- Q02 ---
  ematix-flow  1072.06 ms ±  0.00  (4667 rows)

wrote /Users/ryanevans/RustroverProjects/ematix-flow/bench-results/campaign-2026-07-01/tput-sf10/ematix/s100/batch-4/stream-43.md
