=== TPC-H 22 triangulation bench ===
    data:    /Users/ryanevans/RustroverProjects/ematix-flow/examples/tpch/data/sf10
    queries: 22 ([3, 15, 11, 16, 5, 8, 2, 17, 19, 10, 4, 7, 22, 1, 6, 21, 20, 12, 14, 18, 13, 9])
    trials:  1 (after 0 warmups)
    output:  /Users/ryanevans/RustroverProjects/ematix-flow/bench-results/campaign-2026-07-01/tput-sf10/ematix/s100/batch-4/stream-80.md

    NOTE: single-invocation output is SMOKE-GRADE only. For win/loss
    claims use scripts/bench/strict_22q.sh / strict_ab.sh /
    strict_throughput.sh (see scripts/bench/README.md).

--- Q03 ---
  ematix-flow  3061.00 ms ±  0.00  (114003 rows)

--- Q15 ---
  ematix-flow   547.50 ms ±  0.00  (1 rows)

--- Q11 ---
  ematix-flow   600.05 ms ±  0.00  (8685 rows)

--- Q16 ---
  ematix-flow   988.43 ms ±  0.00  (27840 rows)

--- Q05 ---
  ematix-flow  3907.88 ms ±  0.00  (5 rows)

--- Q08 ---
  ematix-flow  4364.66 ms ±  0.00  (2 rows)

--- Q02 ---
  ematix-flow   483.65 ms ±  0.00  (4667 rows)

--- Q17 ---
  ematix-flow  3329.52 ms ±  0.00  (1 rows)

--- Q19 ---
  ematix-flow  1078.45 ms ±  0.00  (1 rows)

--- Q10 ---
  ematix-flow  3229.00 ms ±  0.00  (381105 rows)

--- Q04 ---
  ematix-flow  1816.17 ms ±  0.00  (5 rows)

--- Q07 ---
  ematix-flow  2675.08 ms ±  0.00  (4 rows)

--- Q22 ---
  ematix-flow  1456.52 ms ±  0.00  (7 rows)

--- Q01 ---
  ematix-flow  2745.48 ms ±  0.00  (4 rows)

--- Q06 ---
  ematix-flow  1558.23 ms ±  0.00  (1 rows)

--- Q21 ---
  ematix-flow  10931.30 ms ±  0.00  (4009 rows)

--- Q20 ---
  ematix-flow  1292.63 ms ±  0.00  (1804 rows)

--- Q12 ---
  ematix-flow   949.95 ms ±  0.00  (2 rows)

--- Q14 ---
  ematix-flow   569.79 ms ±  0.00  (1 rows)

--- Q18 ---
  ematix-flow  8037.21 ms ±  0.00  (624 rows)

--- Q13 ---
  ematix-flow  2315.04 ms ±  0.00  (46 rows)

--- Q09 ---
  ematix-flow  5898.24 ms ±  0.00  (175 rows)

wrote /Users/ryanevans/RustroverProjects/ematix-flow/bench-results/campaign-2026-07-01/tput-sf10/ematix/s100/batch-4/stream-80.md
