=== TPC-H 22 triangulation bench ===
    data:    /Users/ryanevans/RustroverProjects/ematix-flow/examples/tpch/data/sf10
    queries: 22 ([16, 12, 15, 21, 10, 9, 5, 22, 2, 4, 3, 8, 20, 19, 14, 18, 17, 1, 6, 11, 7, 13])
    trials:  1 (after 0 warmups)
    output:  /Users/ryanevans/RustroverProjects/ematix-flow/bench-results/campaign-2026-07-01/tput-sf10/ematix/s100/batch-4/stream-88.md

    NOTE: single-invocation output is SMOKE-GRADE only. For win/loss
    claims use scripts/bench/strict_22q.sh / strict_ab.sh /
    strict_throughput.sh (see scripts/bench/README.md).

--- Q16 ---
  ematix-flow   706.40 ms ±  0.00  (27840 rows)

--- Q12 ---
  ematix-flow  1006.01 ms ±  0.00  (2 rows)

--- Q15 ---
  ematix-flow   579.05 ms ±  0.00  (1 rows)

--- Q21 ---
  ematix-flow  11834.80 ms ±  0.00  (4009 rows)

--- Q10 ---
  ematix-flow  5394.57 ms ±  0.00  (381105 rows)

--- Q09 ---
  ematix-flow  8933.14 ms ±  0.00  (175 rows)

--- Q05 ---
  ematix-flow  5956.61 ms ±  0.00  (5 rows)

--- Q22 ---
  ematix-flow  2954.45 ms ±  0.00  (7 rows)

--- Q02 ---
  ematix-flow   719.80 ms ±  0.00  (4667 rows)

--- Q04 ---
  ematix-flow  2350.14 ms ±  0.00  (5 rows)

--- Q03 ---
  ematix-flow  6306.81 ms ±  0.00  (114003 rows)

--- Q08 ---
  ematix-flow  5708.43 ms ±  0.00  (2 rows)

--- Q20 ---
  ematix-flow  1488.65 ms ±  0.00  (1804 rows)

--- Q19 ---
  ematix-flow   497.91 ms ±  0.00  (1 rows)

--- Q14 ---
  ematix-flow   605.92 ms ±  0.00  (1 rows)

--- Q18 ---
  ematix-flow  4880.92 ms ±  0.00  (624 rows)

--- Q17 ---
  ematix-flow  3023.83 ms ±  0.00  (1 rows)

--- Q01 ---
  ematix-flow  3480.13 ms ±  0.00  (4 rows)

--- Q06 ---
  ematix-flow   479.75 ms ±  0.00  (1 rows)

--- Q11 ---
  ematix-flow   624.74 ms ±  0.00  (8685 rows)

--- Q07 ---
  ematix-flow  1761.80 ms ±  0.00  (4 rows)

--- Q13 ---
  ematix-flow  2529.09 ms ±  0.00  (46 rows)

wrote /Users/ryanevans/RustroverProjects/ematix-flow/bench-results/campaign-2026-07-01/tput-sf10/ematix/s100/batch-4/stream-88.md
