=== TPC-H 22 triangulation bench ===
    data:    /Users/ryanevans/RustroverProjects/ematix-flow/examples/tpch/data/sf10
    queries: 22 ([19, 11, 8, 1, 4, 13, 2, 22, 18, 12, 15, 6, 20, 14, 5, 17, 3, 7, 10, 9, 16, 21])
    trials:  1 (after 0 warmups)
    output:  /Users/ryanevans/RustroverProjects/ematix-flow/bench-results/campaign-2026-07-01/tput-sf10/ematix/s100/batch-4/stream-27.md

    NOTE: single-invocation output is SMOKE-GRADE only. For win/loss
    claims use scripts/bench/strict_22q.sh / strict_ab.sh /
    strict_throughput.sh (see scripts/bench/README.md).

--- Q19 ---
  ematix-flow   765.81 ms ±  0.00  (1 rows)

--- Q11 ---
  ematix-flow   351.81 ms ±  0.00  (8685 rows)

--- Q08 ---
  ematix-flow  2127.99 ms ±  0.00  (2 rows)

--- Q01 ---
  ematix-flow  3276.18 ms ±  0.00  (4 rows)

--- Q04 ---
  ematix-flow  2183.67 ms ±  0.00  (5 rows)

--- Q13 ---
  ematix-flow  4897.86 ms ±  0.00  (46 rows)

--- Q02 ---
  ematix-flow  1921.67 ms ±  0.00  (4667 rows)

--- Q22 ---
  ematix-flow  1784.59 ms ±  0.00  (7 rows)

--- Q18 ---
  ematix-flow  8436.57 ms ±  0.00  (624 rows)

--- Q12 ---
  ematix-flow  1639.86 ms ±  0.00  (2 rows)

--- Q15 ---
  ematix-flow   674.68 ms ±  0.00  (1 rows)

--- Q06 ---
  ematix-flow  1561.82 ms ±  0.00  (1 rows)

--- Q20 ---
  ematix-flow  4600.06 ms ±  0.00  (1804 rows)

--- Q14 ---
  ematix-flow  1119.51 ms ±  0.00  (1 rows)

--- Q05 ---
  ematix-flow  9177.87 ms ±  0.00  (5 rows)

--- Q17 ---
  ematix-flow  2932.60 ms ±  0.00  (1 rows)

--- Q03 ---
  ematix-flow  3701.44 ms ±  0.00  (114003 rows)

--- Q07 ---
  ematix-flow  2464.04 ms ±  0.00  (4 rows)

--- Q10 ---
  ematix-flow  4075.97 ms ±  0.00  (381105 rows)

--- Q09 ---
  ematix-flow  9771.67 ms ±  0.00  (175 rows)

--- Q16 ---
  ematix-flow  1140.38 ms ±  0.00  (27840 rows)

--- Q21 ---
  ematix-flow  8491.81 ms ±  0.00  (4009 rows)

wrote /Users/ryanevans/RustroverProjects/ematix-flow/bench-results/campaign-2026-07-01/tput-sf10/ematix/s100/batch-4/stream-27.md
