=== TPC-H 22 triangulation bench ===
    data:    /Users/ryanevans/RustroverProjects/ematix-flow/examples/tpch/data/sf10
    queries: 22 ([19, 11, 18, 10, 4, 5, 22, 1, 8, 6, 13, 7, 20, 3, 15, 21, 14, 12, 16, 17, 2, 9])
    trials:  1 (after 0 warmups)
    output:  /Users/ryanevans/RustroverProjects/ematix-flow/bench-results/campaign-2026-07-01/tput-sf10/ematix/s100/batch-4/stream-52.md

    NOTE: single-invocation output is SMOKE-GRADE only. For win/loss
    claims use scripts/bench/strict_22q.sh / strict_ab.sh /
    strict_throughput.sh (see scripts/bench/README.md).

--- Q19 ---
  ematix-flow   477.94 ms ±  0.00  (1 rows)

--- Q11 ---
  ematix-flow   445.49 ms ±  0.00  (8685 rows)

--- Q18 ---
  ematix-flow  7276.79 ms ±  0.00  (624 rows)

--- Q10 ---
  ematix-flow  2553.77 ms ±  0.00  (381105 rows)

--- Q04 ---
  ematix-flow  2077.67 ms ±  0.00  (5 rows)

--- Q05 ---
  ematix-flow  2203.21 ms ±  0.00  (5 rows)

--- Q22 ---
  ematix-flow   755.21 ms ±  0.00  (7 rows)

--- Q01 ---
  ematix-flow  2656.81 ms ±  0.00  (4 rows)

--- Q08 ---
  ematix-flow  3945.15 ms ±  0.00  (2 rows)

--- Q06 ---
  ematix-flow   728.49 ms ±  0.00  (1 rows)

--- Q13 ---
  ematix-flow  3574.08 ms ±  0.00  (46 rows)

--- Q07 ---
  ematix-flow  3581.92 ms ±  0.00  (4 rows)

--- Q20 ---
  ematix-flow  3045.94 ms ±  0.00  (1804 rows)

--- Q03 ---
  ematix-flow  2511.64 ms ±  0.00  (114003 rows)

--- Q15 ---
  ematix-flow   447.86 ms ±  0.00  (1 rows)

--- Q21 ---
  ematix-flow  8640.48 ms ±  0.00  (4009 rows)

--- Q14 ---
  ematix-flow   972.01 ms ±  0.00  (1 rows)

--- Q12 ---
  ematix-flow   994.04 ms ±  0.00  (2 rows)

--- Q16 ---
  ematix-flow  2034.58 ms ±  0.00  (27840 rows)

--- Q17 ---
  ematix-flow  2554.04 ms ±  0.00  (1 rows)

--- Q02 ---
  ematix-flow  1560.56 ms ±  0.00  (4667 rows)

--- Q09 ---
  ematix-flow  7451.29 ms ±  0.00  (175 rows)

wrote /Users/ryanevans/RustroverProjects/ematix-flow/bench-results/campaign-2026-07-01/tput-sf10/ematix/s100/batch-4/stream-52.md
