=== TPC-H 22 triangulation bench ===
    data:    /Users/ryanevans/RustroverProjects/ematix-flow/examples/tpch/data/sf10
    queries: 22 ([17, 13, 20, 15, 19, 8, 6, 4, 21, 3, 9, 10, 11, 12, 1, 16, 5, 2, 18, 14, 22, 7])
    trials:  1 (after 0 warmups)
    output:  /Users/ryanevans/RustroverProjects/ematix-flow/bench-results/campaign-2026-07-01/tput-sf10/ematix/s100/batch-4/stream-26.md

    NOTE: single-invocation output is SMOKE-GRADE only. For win/loss
    claims use scripts/bench/strict_22q.sh / strict_ab.sh /
    strict_throughput.sh (see scripts/bench/README.md).

--- Q17 ---
  ematix-flow  1477.71 ms ±  0.00  (1 rows)

--- Q13 ---
  ematix-flow  2403.74 ms ±  0.00  (46 rows)

--- Q20 ---
  ematix-flow  1532.44 ms ±  0.00  (1804 rows)

--- Q15 ---
  ematix-flow   868.95 ms ±  0.00  (1 rows)

--- Q19 ---
  ematix-flow   834.10 ms ±  0.00  (1 rows)

--- Q08 ---
  ematix-flow  4049.74 ms ±  0.00  (2 rows)

--- Q06 ---
  ematix-flow   906.18 ms ±  0.00  (1 rows)

--- Q04 ---
  ematix-flow  1503.07 ms ±  0.00  (5 rows)

--- Q21 ---
  ematix-flow  10734.54 ms ±  0.00  (4009 rows)

--- Q03 ---
  ematix-flow  3495.23 ms ±  0.00  (114003 rows)

--- Q09 ---
  ematix-flow  13565.91 ms ±  0.00  (175 rows)

--- Q10 ---
  ematix-flow  6119.19 ms ±  0.00  (381105 rows)

--- Q11 ---
  ematix-flow   514.07 ms ±  0.00  (8685 rows)

--- Q12 ---
  ematix-flow  1067.68 ms ±  0.00  (2 rows)

--- Q01 ---
  ematix-flow  5026.92 ms ±  0.00  (4 rows)

--- Q16 ---
  ematix-flow  1684.40 ms ±  0.00  (27840 rows)

--- Q05 ---
  ematix-flow  3256.48 ms ±  0.00  (5 rows)

--- Q02 ---
  ematix-flow   637.35 ms ±  0.00  (4667 rows)

--- Q18 ---
  ematix-flow  8440.79 ms ±  0.00  (624 rows)

--- Q14 ---
  ematix-flow   495.25 ms ±  0.00  (1 rows)

--- Q22 ---
  ematix-flow  1457.13 ms ±  0.00  (7 rows)

--- Q07 ---
  ematix-flow  4372.00 ms ±  0.00  (4 rows)

wrote /Users/ryanevans/RustroverProjects/ematix-flow/bench-results/campaign-2026-07-01/tput-sf10/ematix/s100/batch-4/stream-26.md
