=== TPC-H 22 triangulation bench ===
    data:    /Users/ryanevans/RustroverProjects/ematix-flow/examples/tpch/data/sf10
    queries: 22 ([5, 16, 18, 19, 3, 15, 2, 20, 21, 4, 1, 17, 12, 14, 7, 9, 10, 22, 6, 8, 11, 13])
    trials:  1 (after 0 warmups)
    output:  /Users/ryanevans/RustroverProjects/ematix-flow/bench-results/campaign-2026-07-01/tput-sf10/ematix/s100/batch-4/stream-41.md

    NOTE: single-invocation output is SMOKE-GRADE only. For win/loss
    claims use scripts/bench/strict_22q.sh / strict_ab.sh /
    strict_throughput.sh (see scripts/bench/README.md).

--- Q05 ---
  ematix-flow  5057.48 ms ±  0.00  (5 rows)

--- Q16 ---
  ematix-flow   793.26 ms ±  0.00  (27840 rows)

--- Q18 ---
  ematix-flow  6362.22 ms ±  0.00  (624 rows)

--- Q19 ---
  ematix-flow   859.01 ms ±  0.00  (1 rows)

--- Q03 ---
  ematix-flow  3668.73 ms ±  0.00  (114003 rows)

--- Q15 ---
  ematix-flow   891.95 ms ±  0.00  (1 rows)

--- Q02 ---
  ematix-flow   839.99 ms ±  0.00  (4667 rows)

--- Q20 ---
  ematix-flow  2759.00 ms ±  0.00  (1804 rows)

--- Q21 ---
  ematix-flow  2479.08 ms ±  0.00  (4009 rows)

--- Q04 ---
  ematix-flow   709.31 ms ±  0.00  (5 rows)

--- Q01 ---
  ematix-flow  1715.84 ms ±  0.00  (4 rows)

--- Q17 ---
  ematix-flow  2811.88 ms ±  0.00  (1 rows)

--- Q12 ---
  ematix-flow  1083.42 ms ±  0.00  (2 rows)

--- Q14 ---
  ematix-flow   842.10 ms ±  0.00  (1 rows)

--- Q07 ---
  ematix-flow  2247.63 ms ±  0.00  (4 rows)

--- Q09 ---
  ematix-flow  9434.72 ms ±  0.00  (175 rows)

--- Q10 ---
  ematix-flow  8168.87 ms ±  0.00  (381105 rows)

--- Q22 ---
  ematix-flow  1066.76 ms ±  0.00  (7 rows)

--- Q06 ---
  ematix-flow  2758.63 ms ±  0.00  (1 rows)

--- Q08 ---
  ematix-flow  5158.16 ms ±  0.00  (2 rows)

--- Q11 ---
  ematix-flow   469.42 ms ±  0.00  (8685 rows)

--- Q13 ---
  ematix-flow  3409.29 ms ±  0.00  (46 rows)

wrote /Users/ryanevans/RustroverProjects/ematix-flow/bench-results/campaign-2026-07-01/tput-sf10/ematix/s100/batch-4/stream-41.md
