=== TPC-H 22 triangulation bench ===
    data:    /Users/ryanevans/RustroverProjects/ematix-flow/examples/tpch/data/sf10
    queries: 22 ([5, 6, 8, 22, 4, 21, 19, 2, 17, 13, 1, 10, 20, 7, 16, 9, 11, 15, 18, 14, 3, 12])
    trials:  1 (after 0 warmups)
    output:  /Users/ryanevans/RustroverProjects/ematix-flow/bench-results/campaign-2026-07-01/tput-sf10/ematix/s100/batch-4/stream-47.md

    NOTE: single-invocation output is SMOKE-GRADE only. For win/loss
    claims use scripts/bench/strict_22q.sh / strict_ab.sh /
    strict_throughput.sh (see scripts/bench/README.md).

--- Q05 ---
  ematix-flow  3280.85 ms ±  0.00  (5 rows)

--- Q06 ---
  ematix-flow  2237.35 ms ±  0.00  (1 rows)

--- Q08 ---
  ematix-flow  3788.01 ms ±  0.00  (2 rows)

--- Q22 ---
  ematix-flow   455.38 ms ±  0.00  (7 rows)

--- Q04 ---
  ematix-flow  2452.26 ms ±  0.00  (5 rows)

--- Q21 ---
  ematix-flow  11980.62 ms ±  0.00  (4009 rows)

--- Q19 ---
  ematix-flow   894.37 ms ±  0.00  (1 rows)

--- Q02 ---
  ematix-flow   867.60 ms ±  0.00  (4667 rows)

--- Q17 ---
  ematix-flow  1931.59 ms ±  0.00  (1 rows)

--- Q13 ---
  ematix-flow  4588.68 ms ±  0.00  (46 rows)

--- Q01 ---
  ematix-flow  4532.65 ms ±  0.00  (4 rows)

--- Q10 ---
  ematix-flow  4204.93 ms ±  0.00  (381105 rows)

--- Q20 ---
  ematix-flow  4122.08 ms ±  0.00  (1804 rows)

--- Q07 ---
  ematix-flow  4150.36 ms ±  0.00  (4 rows)

--- Q16 ---
  ematix-flow  2301.61 ms ±  0.00  (27840 rows)

--- Q09 ---
  ematix-flow  4661.73 ms ±  0.00  (175 rows)

--- Q11 ---
  ematix-flow   533.97 ms ±  0.00  (8685 rows)

--- Q15 ---
  ematix-flow   560.51 ms ±  0.00  (1 rows)

--- Q18 ---
  ematix-flow  6171.43 ms ±  0.00  (624 rows)

--- Q14 ---
  ematix-flow   534.87 ms ±  0.00  (1 rows)

--- Q03 ---
  ematix-flow  3598.83 ms ±  0.00  (114003 rows)

--- Q12 ---
  ematix-flow   584.10 ms ±  0.00  (2 rows)

wrote /Users/ryanevans/RustroverProjects/ematix-flow/bench-results/campaign-2026-07-01/tput-sf10/ematix/s100/batch-4/stream-47.md
