=== TPC-H 22 triangulation bench ===
    data:    /Users/ryanevans/RustroverProjects/ematix-flow/examples/tpch/data/sf10
    queries: 22 ([13, 18, 3, 7, 11, 4, 21, 16, 14, 22, 2, 10, 8, 19, 17, 1, 6, 5, 9, 12, 20, 15])
    trials:  1 (after 0 warmups)
    output:  bench-results/sched-arc-2026-07-03/sf10-final/ematix/s10/batch-3/stream-9.md

    NOTE: single-invocation output is SMOKE-GRADE only. For win/loss
    claims use scripts/bench/strict_22q.sh / strict_ab.sh /
    strict_throughput.sh (see scripts/bench/README.md).

--- Q13 ---
  ematix-flow  1274.64 ms ±  0.00  (46 rows)

--- Q18 ---
  ematix-flow  2631.01 ms ±  0.00  (624 rows)

--- Q03 ---
  ematix-flow  1154.86 ms ±  0.00  (114003 rows)

--- Q07 ---
  ematix-flow  1396.12 ms ±  0.00  (4 rows)

--- Q11 ---
  ematix-flow    90.24 ms ±  0.00  (8685 rows)

--- Q04 ---
  ematix-flow   561.84 ms ±  0.00  (5 rows)

--- Q21 ---
  ematix-flow  1973.43 ms ±  0.00  (4009 rows)

--- Q16 ---
  ematix-flow   343.22 ms ±  0.00  (27840 rows)

--- Q14 ---
  ematix-flow   598.71 ms ±  0.00  (1 rows)

--- Q22 ---
  ematix-flow   292.06 ms ±  0.00  (7 rows)

--- Q02 ---
  ematix-flow    96.60 ms ±  0.00  (4667 rows)

--- Q10 ---
  ematix-flow  1958.33 ms ±  0.00  (381105 rows)

--- Q08 ---
  ematix-flow  1865.63 ms ±  0.00  (2 rows)

--- Q19 ---
  ematix-flow   972.27 ms ±  0.00  (1 rows)

--- Q17 ---
  ematix-flow   709.21 ms ±  0.00  (1 rows)

--- Q01 ---
  ematix-flow  2588.48 ms ±  0.00  (4 rows)

--- Q06 ---
  ematix-flow   202.49 ms ±  0.00  (1 rows)

--- Q05 ---
  ematix-flow  1667.93 ms ±  0.00  (5 rows)

--- Q09 ---
  ematix-flow  3379.92 ms ±  0.00  (175 rows)

--- Q12 ---
  ematix-flow  1166.13 ms ±  0.00  (2 rows)

--- Q20 ---
  ematix-flow  1228.42 ms ±  0.00  (1804 rows)

--- Q15 ---
  ematix-flow   482.02 ms ±  0.00  (1 rows)

wrote bench-results/sched-arc-2026-07-03/sf10-final/ematix/s10/batch-3/stream-9.md
