=== TPC-H 22 triangulation bench ===
    data:    /Users/ryanevans/RustroverProjects/ematix-flow/examples/tpch/data/sf10
    queries: 22 ([4, 13, 6, 17, 21, 10, 12, 22, 9, 18, 3, 11, 5, 8, 20, 15, 7, 1, 16, 14, 2, 19])
    trials:  1 (after 0 warmups)
    output:  bench-results/sched-diag-2026-07-03/auto-rayon2-rb2/ematix/s10/batch-4/stream-10.md

    NOTE: single-invocation output is SMOKE-GRADE only. For win/loss
    claims use scripts/bench/strict_22q.sh / strict_ab.sh /
    strict_throughput.sh (see scripts/bench/README.md).

--- Q04 ---
  ematix-flow   971.16 ms ±  0.00  (5 rows)

--- Q13 ---
  ematix-flow  1325.07 ms ±  0.00  (46 rows)

--- Q06 ---
  ematix-flow   176.70 ms ±  0.00  (1 rows)

--- Q17 ---
  ematix-flow   468.75 ms ±  0.00  (1 rows)

--- Q21 ---
  ematix-flow  2845.62 ms ±  0.00  (4009 rows)

--- Q10 ---
  ematix-flow  1667.22 ms ±  0.00  (381105 rows)

--- Q12 ---
  ematix-flow   626.32 ms ±  0.00  (2 rows)

--- Q22 ---
  ematix-flow   233.90 ms ±  0.00  (7 rows)

--- Q09 ---
  ematix-flow  3398.14 ms ±  0.00  (175 rows)

--- Q18 ---
  ematix-flow  4154.83 ms ±  0.00  (624 rows)

--- Q03 ---
  ematix-flow  1198.86 ms ±  0.00  (114003 rows)

--- Q11 ---
  ematix-flow   111.56 ms ±  0.00  (8685 rows)

--- Q05 ---
  ematix-flow  1037.15 ms ±  0.00  (5 rows)

--- Q08 ---
  ematix-flow  1147.85 ms ±  0.00  (2 rows)

--- Q20 ---
  ematix-flow  1028.72 ms ±  0.00  (1804 rows)

--- Q15 ---
  ematix-flow   438.16 ms ±  0.00  (1 rows)

--- Q07 ---
  ematix-flow  1140.32 ms ±  0.00  (4 rows)

--- Q01 ---
  ematix-flow  4698.28 ms ±  0.00  (4 rows)

--- Q16 ---
  ematix-flow   273.63 ms ±  0.00  (27840 rows)

--- Q14 ---
  ematix-flow   211.64 ms ±  0.00  (1 rows)

--- Q02 ---
  ematix-flow    76.50 ms ±  0.00  (4667 rows)

--- Q19 ---
  ematix-flow   309.99 ms ±  0.00  (1 rows)

wrote bench-results/sched-diag-2026-07-03/auto-rayon2-rb2/ematix/s10/batch-4/stream-10.md
