=== TPC-H 22 triangulation bench ===
    data:    /Users/ryanevans/RustroverProjects/ematix-flow/examples/tpch/data/sf10
    queries: 22 ([2, 14, 17, 6, 11, 7, 20, 13, 15, 4, 9, 21, 22, 1, 10, 3, 16, 12, 5, 18, 19, 8])
    trials:  1 (after 0 warmups)
    output:  bench-results/campaign-2026-07-01/tput-sf10-p2-diag/ematix/s10/batch-3/stream-3.md

    NOTE: single-invocation output is SMOKE-GRADE only. For win/loss
    claims use scripts/bench/strict_22q.sh / strict_ab.sh /
    strict_throughput.sh (see scripts/bench/README.md).

--- Q02 ---
  ematix-flow    77.92 ms ±  0.00  (4667 rows)

--- Q14 ---
  ematix-flow   258.67 ms ±  0.00  (1 rows)

--- Q17 ---
  ematix-flow   800.76 ms ±  0.00  (1 rows)

--- Q06 ---
  ematix-flow   198.59 ms ±  0.00  (1 rows)

--- Q11 ---
  ematix-flow   150.02 ms ±  0.00  (8685 rows)

--- Q07 ---
  ematix-flow   975.54 ms ±  0.00  (4 rows)

--- Q20 ---
  ematix-flow  1158.77 ms ±  0.00  (1804 rows)

--- Q13 ---
  ematix-flow  1301.46 ms ±  0.00  (46 rows)

--- Q15 ---
  ematix-flow   396.09 ms ±  0.00  (1 rows)

--- Q04 ---
  ematix-flow   615.17 ms ±  0.00  (5 rows)

--- Q09 ---
  ematix-flow  2709.78 ms ±  0.00  (175 rows)

--- Q21 ---
  ematix-flow  2674.08 ms ±  0.00  (4009 rows)

--- Q22 ---
  ematix-flow   389.30 ms ±  0.00  (7 rows)

--- Q01 ---
  ematix-flow  3810.46 ms ±  0.00  (4 rows)

--- Q10 ---
  ematix-flow  1398.73 ms ±  0.00  (381105 rows)

--- Q03 ---
  ematix-flow   799.79 ms ±  0.00  (114003 rows)

--- Q16 ---
  ematix-flow   431.70 ms ±  0.00  (27840 rows)

--- Q12 ---
  ematix-flow   882.16 ms ±  0.00  (2 rows)

--- Q05 ---
  ematix-flow  2064.74 ms ±  0.00  (5 rows)

--- Q18 ---
  ematix-flow  6474.43 ms ±  0.00  (624 rows)

--- Q19 ---
  ematix-flow   591.23 ms ±  0.00  (1 rows)

--- Q08 ---
  ematix-flow   857.43 ms ±  0.00  (2 rows)

wrote bench-results/campaign-2026-07-01/tput-sf10-p2-diag/ematix/s10/batch-3/stream-3.md
