=== TPC-H 22 triangulation bench ===
    data:    /Users/ryanevans/RustroverProjects/ematix-flow/examples/tpch/data/sf10
    queries: 22 ([19, 22, 14, 11, 5, 18, 8, 16, 7, 20, 13, 1, 15, 4, 17, 9, 10, 6, 12, 21, 3, 2])
    trials:  1 (after 0 warmups)
    output:  bench-results/campaign-2026-07-01/tput-sf10-p2-diag/ematix/s10/batch-3/stream-2.md

    NOTE: single-invocation output is SMOKE-GRADE only. For win/loss
    claims use scripts/bench/strict_22q.sh / strict_ab.sh /
    strict_throughput.sh (see scripts/bench/README.md).

--- Q19 ---
  ematix-flow   288.56 ms ±  0.00  (1 rows)

--- Q22 ---
  ematix-flow   459.78 ms ±  0.00  (7 rows)

--- Q14 ---
  ematix-flow   286.63 ms ±  0.00  (1 rows)

--- Q11 ---
  ematix-flow   195.82 ms ±  0.00  (8685 rows)

--- Q05 ---
  ematix-flow  1349.28 ms ±  0.00  (5 rows)

--- Q18 ---
  ematix-flow  3030.66 ms ±  0.00  (624 rows)

--- Q08 ---
  ematix-flow   950.05 ms ±  0.00  (2 rows)

--- Q16 ---
  ematix-flow   435.20 ms ±  0.00  (27840 rows)

--- Q07 ---
  ematix-flow  1147.21 ms ±  0.00  (4 rows)

--- Q20 ---
  ematix-flow  1013.89 ms ±  0.00  (1804 rows)

--- Q13 ---
  ematix-flow  1235.47 ms ±  0.00  (46 rows)

--- Q01 ---
  ematix-flow  3843.27 ms ±  0.00  (4 rows)

--- Q15 ---
  ematix-flow   594.19 ms ±  0.00  (1 rows)

--- Q04 ---
  ematix-flow   898.59 ms ±  0.00  (5 rows)

--- Q17 ---
  ematix-flow   677.48 ms ±  0.00  (1 rows)

--- Q09 ---
  ematix-flow  3535.03 ms ±  0.00  (175 rows)

--- Q10 ---
  ematix-flow  1717.27 ms ±  0.00  (381105 rows)

--- Q06 ---
  ematix-flow   313.52 ms ±  0.00  (1 rows)

--- Q12 ---
  ematix-flow   675.18 ms ±  0.00  (2 rows)

--- Q21 ---
  ematix-flow  4659.06 ms ±  0.00  (4009 rows)

--- Q03 ---
  ematix-flow  1488.64 ms ±  0.00  (114003 rows)

--- Q02 ---
  ematix-flow   102.73 ms ±  0.00  (4667 rows)

wrote bench-results/campaign-2026-07-01/tput-sf10-p2-diag/ematix/s10/batch-3/stream-2.md
