=== TPC-H 22 triangulation bench ===
    data:    /Users/ryanevans/RustroverProjects/ematix-flow/examples/tpch/data/sf10
    queries: 22 ([20, 6, 14, 10, 21, 22, 12, 13, 1, 17, 2, 18, 7, 11, 8, 15, 16, 4, 9, 3, 19, 5])
    trials:  1 (after 0 warmups)
    output:  bench-results/campaign-2026-07-01/tput-sf10-p2-diag/ematix/s10/batch-3/stream-1.md

    NOTE: single-invocation output is SMOKE-GRADE only. For win/loss
    claims use scripts/bench/strict_22q.sh / strict_ab.sh /
    strict_throughput.sh (see scripts/bench/README.md).

--- Q20 ---
  ematix-flow  1056.36 ms ±  0.00  (1804 rows)

--- Q06 ---
  ematix-flow   272.73 ms ±  0.00  (1 rows)

--- Q14 ---
  ematix-flow   237.78 ms ±  0.00  (1 rows)

--- Q10 ---
  ematix-flow  1410.91 ms ±  0.00  (381105 rows)

--- Q21 ---
  ematix-flow  2786.89 ms ±  0.00  (4009 rows)

--- Q22 ---
  ematix-flow   537.47 ms ±  0.00  (7 rows)

--- Q12 ---
  ematix-flow   704.88 ms ±  0.00  (2 rows)

--- Q13 ---
  ematix-flow  1443.78 ms ±  0.00  (46 rows)

--- Q01 ---
  ematix-flow  3134.58 ms ±  0.00  (4 rows)

--- Q17 ---
  ematix-flow   823.40 ms ±  0.00  (1 rows)

--- Q02 ---
  ematix-flow   156.96 ms ±  0.00  (4667 rows)

--- Q18 ---
  ematix-flow  4918.06 ms ±  0.00  (624 rows)

--- Q07 ---
  ematix-flow  1192.27 ms ±  0.00  (4 rows)

--- Q11 ---
  ematix-flow   298.44 ms ±  0.00  (8685 rows)

--- Q08 ---
  ematix-flow  1123.22 ms ±  0.00  (2 rows)

--- Q15 ---
  ematix-flow   442.06 ms ±  0.00  (1 rows)

--- Q16 ---
  ematix-flow   373.28 ms ±  0.00  (27840 rows)

--- Q04 ---
  ematix-flow  1110.60 ms ±  0.00  (5 rows)

--- Q09 ---
  ematix-flow  5105.55 ms ±  0.00  (175 rows)

--- Q03 ---
  ematix-flow  1508.74 ms ±  0.00  (114003 rows)

--- Q19 ---
  ematix-flow   295.52 ms ±  0.00  (1 rows)

--- Q05 ---
  ematix-flow   388.92 ms ±  0.00  (5 rows)

wrote bench-results/campaign-2026-07-01/tput-sf10-p2-diag/ematix/s10/batch-3/stream-1.md
