=== TPC-H 22 triangulation bench ===
    data:    /Users/ryanevans/RustroverProjects/ematix-flow/examples/tpch/data/sf10
    queries: 22 ([4, 13, 6, 17, 21, 10, 12, 22, 9, 18, 3, 11, 5, 8, 20, 15, 7, 1, 16, 14, 2, 19])
    trials:  1 (after 0 warmups)
    output:  bench-results/campaign-2026-07-01/tput-sf10-p2-diag/ematix/s10/batch-3/stream-10.md

    NOTE: single-invocation output is SMOKE-GRADE only. For win/loss
    claims use scripts/bench/strict_22q.sh / strict_ab.sh /
    strict_throughput.sh (see scripts/bench/README.md).

--- Q04 ---
  ematix-flow   942.52 ms ±  0.00  (5 rows)

--- Q13 ---
  ematix-flow  1356.99 ms ±  0.00  (46 rows)

--- Q06 ---
  ematix-flow   160.26 ms ±  0.00  (1 rows)

--- Q17 ---
  ematix-flow   833.27 ms ±  0.00  (1 rows)

--- Q21 ---
  ematix-flow  2336.16 ms ±  0.00  (4009 rows)

--- Q10 ---
  ematix-flow  1625.89 ms ±  0.00  (381105 rows)

--- Q12 ---
  ematix-flow   655.57 ms ±  0.00  (2 rows)

--- Q22 ---
  ematix-flow   373.21 ms ±  0.00  (7 rows)

--- Q09 ---
  ematix-flow  2706.27 ms ±  0.00  (175 rows)

--- Q18 ---
  ematix-flow  4819.47 ms ±  0.00  (624 rows)

--- Q03 ---
  ematix-flow   902.71 ms ±  0.00  (114003 rows)

--- Q11 ---
  ematix-flow   167.65 ms ±  0.00  (8685 rows)

--- Q05 ---
  ematix-flow  1795.39 ms ±  0.00  (5 rows)

--- Q08 ---
  ematix-flow  1352.79 ms ±  0.00  (2 rows)

--- Q20 ---
  ematix-flow  1022.86 ms ±  0.00  (1804 rows)

--- Q15 ---
  ematix-flow   479.23 ms ±  0.00  (1 rows)

--- Q07 ---
  ematix-flow  1187.90 ms ±  0.00  (4 rows)

--- Q01 ---
  ematix-flow  3797.78 ms ±  0.00  (4 rows)

--- Q16 ---
  ematix-flow   721.39 ms ±  0.00  (27840 rows)

--- Q14 ---
  ematix-flow   382.02 ms ±  0.00  (1 rows)

--- Q02 ---
  ematix-flow   102.47 ms ±  0.00  (4667 rows)

--- Q19 ---
  ematix-flow   436.79 ms ±  0.00  (1 rows)

wrote bench-results/campaign-2026-07-01/tput-sf10-p2-diag/ematix/s10/batch-3/stream-10.md
