=== TPC-H 22 triangulation bench ===
    data:    /Users/ryanevans/RustroverProjects/ematix-flow/examples/tpch/data/sf10
    queries: 22 ([21, 14, 13, 22, 7, 18, 4, 20, 17, 15, 6, 12, 8, 10, 11, 5, 1, 2, 9, 16, 3, 19])
    trials:  1 (after 0 warmups)
    output:  bench-results/campaign-2026-07-01/tput-sf10-p2-diag/ematix/s10/batch-3/stream-6.md

    NOTE: single-invocation output is SMOKE-GRADE only. For win/loss
    claims use scripts/bench/strict_22q.sh / strict_ab.sh /
    strict_throughput.sh (see scripts/bench/README.md).

--- Q21 ---
  ematix-flow  2828.55 ms ±  0.00  (4009 rows)

--- Q14 ---
  ematix-flow   250.18 ms ±  0.00  (1 rows)

--- Q13 ---
  ematix-flow  1342.18 ms ±  0.00  (46 rows)

--- Q22 ---
  ematix-flow   297.42 ms ±  0.00  (7 rows)

--- Q07 ---
  ematix-flow   874.69 ms ±  0.00  (4 rows)

--- Q18 ---
  ematix-flow  3520.32 ms ±  0.00  (624 rows)

--- Q04 ---
  ematix-flow   727.96 ms ±  0.00  (5 rows)

--- Q20 ---
  ematix-flow  1433.66 ms ±  0.00  (1804 rows)

--- Q17 ---
  ematix-flow   781.04 ms ±  0.00  (1 rows)

--- Q15 ---
  ematix-flow   373.87 ms ±  0.00  (1 rows)

--- Q06 ---
  ematix-flow   157.84 ms ±  0.00  (1 rows)

--- Q12 ---
  ematix-flow   719.19 ms ±  0.00  (2 rows)

--- Q08 ---
  ematix-flow  1049.23 ms ±  0.00  (2 rows)

--- Q10 ---
  ematix-flow  1667.56 ms ±  0.00  (381105 rows)

--- Q11 ---
  ematix-flow   251.94 ms ±  0.00  (8685 rows)

--- Q05 ---
  ematix-flow  1816.00 ms ±  0.00  (5 rows)

--- Q01 ---
  ematix-flow  2782.19 ms ±  0.00  (4 rows)

--- Q02 ---
  ematix-flow   139.95 ms ±  0.00  (4667 rows)

--- Q09 ---
  ematix-flow  4168.38 ms ±  0.00  (175 rows)

--- Q16 ---
  ematix-flow   909.44 ms ±  0.00  (27840 rows)

--- Q03 ---
  ematix-flow  1194.37 ms ±  0.00  (114003 rows)

--- Q19 ---
  ematix-flow   577.22 ms ±  0.00  (1 rows)

wrote bench-results/campaign-2026-07-01/tput-sf10-p2-diag/ematix/s10/batch-3/stream-6.md
