=== TPC-H 22 triangulation bench ===
    data:    /Users/ryanevans/RustroverProjects/ematix-flow/examples/tpch/data/sf10
    queries: 22 ([17, 21, 15, 19, 6, 10, 11, 22, 1, 18, 14, 9, 20, 4, 16, 3, 2, 7, 5, 13, 12, 8])
    trials:  1 (after 0 warmups)
    output:  bench-results/tput-rebaseline-2026-07-03/sf10-auto/ematix/s10/batch-3/stream-8.md

    NOTE: single-invocation output is SMOKE-GRADE only. For win/loss
    claims use scripts/bench/strict_22q.sh / strict_ab.sh /
    strict_throughput.sh (see scripts/bench/README.md).

--- Q17 ---
  ematix-flow   602.94 ms ±  0.00  (1 rows)

--- Q21 ---
  ematix-flow  1900.52 ms ±  0.00  (4009 rows)

--- Q15 ---
  ematix-flow   379.25 ms ±  0.00  (1 rows)

--- Q19 ---
  ematix-flow   346.43 ms ±  0.00  (1 rows)

--- Q06 ---
  ematix-flow   126.07 ms ±  0.00  (1 rows)

--- Q10 ---
  ematix-flow  1862.57 ms ±  0.00  (381105 rows)

--- Q11 ---
  ematix-flow   177.42 ms ±  0.00  (8685 rows)

--- Q22 ---
  ematix-flow   322.49 ms ±  0.00  (7 rows)

--- Q01 ---
  ematix-flow  3316.82 ms ±  0.00  (4 rows)

--- Q18 ---
  ematix-flow  4396.09 ms ±  0.00  (624 rows)

--- Q14 ---
  ematix-flow   390.37 ms ±  0.00  (1 rows)

--- Q09 ---
  ematix-flow  4227.40 ms ±  0.00  (175 rows)

--- Q20 ---
  ematix-flow  1293.46 ms ±  0.00  (1804 rows)

--- Q04 ---
  ematix-flow  1020.70 ms ±  0.00  (5 rows)

--- Q16 ---
  ematix-flow   562.12 ms ±  0.00  (27840 rows)

--- Q03 ---
  ematix-flow  1419.02 ms ±  0.00  (114003 rows)

--- Q02 ---
  ematix-flow   198.53 ms ±  0.00  (4667 rows)

--- Q07 ---
  ematix-flow  1162.49 ms ±  0.00  (4 rows)

--- Q05 ---
  ematix-flow  1393.02 ms ±  0.00  (5 rows)

--- Q13 ---
  ematix-flow  1539.94 ms ±  0.00  (46 rows)

--- Q12 ---
  ematix-flow   751.50 ms ±  0.00  (2 rows)

--- Q08 ---
  ematix-flow   880.93 ms ±  0.00  (2 rows)

wrote bench-results/tput-rebaseline-2026-07-03/sf10-auto/ematix/s10/batch-3/stream-8.md
