  [env] captured -> bench-results/sched-diag-2026-07-03/auto-rayon2-rb1/env.json
=== Σ.AI.3 strict throughput bench ===
  sf: 10 | streams: 10 | engines: ematix | batches: 4 (first discarded) | partitions: auto
  out: bench-results/sched-diag-2026-07-03/auto-rayon2-rb1

--- stream count 10 ---
  ematix s10 batch 1: makespan 26687 ms, failures 0
  ematix s10 batch 2: makespan 26670 ms, failures 0
  ematix s10 batch 3: makespan 27343 ms, failures 0
  ematix s10 batch 4: makespan 27057 ms, failures 0
wrote bench-results/sched-diag-2026-07-03/auto-rayon2-rb1/throughput-summary.md
# Σ.AI.3 strict throughput summary

- Machine: Apple M4 Max (10P+4E), macOS 26.5.1
- Git: fc8e50f6287e (dirty: True)
- Run config: {'batches': '4', 'engines': 'ematix', 'mode': 'throughput', 'partitions': 'auto', 'plan_cache': 'off', 'sf': '10', 'streams': '10'}

## ematix — 10 concurrent stream(s)

- Batches: 3 kept, 1 discarded as cold-start (`batch-1`)
- Makespan (median across batches): 27057 ms
- Throughput: **29271.5 QPH** (10 streams x 22 queries)

| Query | p50 ms | p95 ms | p99 ms | samples |
|------:|-------:|-------:|-------:|--------:|
| Q01 | 2866.93 | 3259.74 | 3520.90 | 30 |
| Q02 | 100.76 | 170.77 | 216.71 | 30 |
| Q03 | 1178.03 | 1424.21 | 1471.99 | 30 |
| Q04 | 672.65 | 937.99 | 1097.71 | 30 |
| Q05 | 1659.63 | 2001.72 | 2087.53 | 30 |
| Q06 | 157.76 | 233.93 | 249.41 | 30 |
| Q07 | 1233.21 | 1458.08 | 1539.59 | 30 |
| Q08 | 1798.47 | 2041.13 | 2203.85 | 30 |
| Q09 | 2781.16 | 3479.13 | 3595.51 | 30 |
| Q10 | 1836.28 | 2123.58 | 2189.15 | 30 |
| Q11 | 118.02 | 191.28 | 192.69 | 30 |
| Q12 | 980.79 | 1175.07 | 1189.16 | 30 |
| Q13 | 1206.09 | 1532.02 | 1616.24 | 30 |
| Q14 | 427.81 | 563.96 | 686.62 | 30 |
| Q15 | 622.26 | 760.86 | 774.51 | 30 |
| Q16 | 300.64 | 531.46 | 563.27 | 30 |
| Q17 | 584.83 | 738.34 | 762.91 | 30 |
| Q18 | 2896.69 | 3716.21 | 3759.42 | 30 |
| Q19 | 833.21 | 1042.11 | 1093.73 | 30 |
| Q20 | 1248.11 | 1384.70 | 1406.98 | 30 |
| Q21 | 2040.80 | 2792.05 | 2999.82 | 30 |
| Q22 | 213.02 | 363.34 | 384.05 | 30 |
  [env] captured -> bench-results/sched-diag-2026-07-03/auto-rayon2-rb2/env.json
=== Σ.AI.3 strict throughput bench ===
  sf: 10 | streams: 10 | engines: ematix | batches: 4 (first discarded) | partitions: auto
  out: bench-results/sched-diag-2026-07-03/auto-rayon2-rb2

--- stream count 10 ---
  ematix s10 batch 1: makespan 27968 ms, failures 0
  ematix s10 batch 2: makespan 28619 ms, failures 0
  ematix s10 batch 3: makespan 28642 ms, failures 0
  ematix s10 batch 4: makespan 28897 ms, failures 0
wrote bench-results/sched-diag-2026-07-03/auto-rayon2-rb2/throughput-summary.md
# Σ.AI.3 strict throughput summary

- Machine: Apple M4 Max (10P+4E), macOS 26.5.1
- Git: fc8e50f6287e (dirty: True)
- Run config: {'batches': '4', 'engines': 'ematix', 'mode': 'throughput', 'partitions': 'auto', 'plan_cache': 'off', 'sf': '10', 'streams': '10'}

## ematix — 10 concurrent stream(s)

- Batches: 3 kept, 1 discarded as cold-start (`batch-1`)
- Makespan (median across batches): 28642 ms
- Throughput: **27651.7 QPH** (10 streams x 22 queries)

| Query | p50 ms | p95 ms | p99 ms | samples |
|------:|-------:|-------:|-------:|--------:|
| Q01 | 4318.13 | 5078.45 | 5134.93 | 30 |
| Q02 | 112.22 | 155.52 | 174.59 | 30 |
| Q03 | 1160.33 | 1394.12 | 1433.17 | 30 |
| Q04 | 793.66 | 1088.60 | 1171.45 | 30 |
| Q05 | 1176.71 | 1330.77 | 1552.14 | 30 |
| Q06 | 168.81 | 290.36 | 391.75 | 30 |
| Q07 | 941.08 | 1152.53 | 1308.07 | 30 |
| Q08 | 999.87 | 1308.33 | 1313.77 | 30 |
| Q09 | 3362.34 | 4631.86 | 4843.77 | 30 |
| Q10 | 1648.62 | 1934.01 | 2116.00 | 30 |
| Q11 | 163.77 | 287.29 | 328.57 | 30 |
| Q12 | 699.60 | 895.06 | 909.30 | 30 |
| Q13 | 1658.08 | 2367.56 | 2483.66 | 30 |
| Q14 | 243.30 | 317.67 | 331.45 | 30 |
| Q15 | 381.54 | 438.93 | 441.60 | 30 |
| Q16 | 451.81 | 695.42 | 705.45 | 30 |
| Q17 | 701.96 | 960.53 | 1014.71 | 30 |
| Q18 | 3717.93 | 4617.54 | 4993.44 | 30 |
| Q19 | 396.05 | 572.84 | 590.24 | 30 |
| Q20 | 960.23 | 1193.55 | 1277.74 | 30 |
| Q21 | 2603.80 | 3473.90 | 3585.49 | 30 |
| Q22 | 279.58 | 472.15 | 474.99 | 30 |
  [env] captured -> bench-results/sched-diag-2026-07-03/auto-rayon2-rb4/env.json
=== Σ.AI.3 strict throughput bench ===
  sf: 10 | streams: 10 | engines: ematix | batches: 4 (first discarded) | partitions: auto
  out: bench-results/sched-diag-2026-07-03/auto-rayon2-rb4

--- stream count 10 ---
  ematix s10 batch 1: makespan 29041 ms, failures 0
  ematix s10 batch 2: makespan 29513 ms, failures 0
  ematix s10 batch 3: makespan 29851 ms, failures 0
  ematix s10 batch 4: makespan 30317 ms, failures 0
wrote bench-results/sched-diag-2026-07-03/auto-rayon2-rb4/throughput-summary.md
# Σ.AI.3 strict throughput summary

- Machine: Apple M4 Max (10P+4E), macOS 26.5.1
- Git: fc8e50f6287e (dirty: True)
- Run config: {'batches': '4', 'engines': 'ematix', 'mode': 'throughput', 'partitions': 'auto', 'plan_cache': 'off', 'sf': '10', 'streams': '10'}

## ematix — 10 concurrent stream(s)

- Batches: 3 kept, 1 discarded as cold-start (`batch-1`)
- Makespan (median across batches): 29851 ms
- Throughput: **26531.8 QPH** (10 streams x 22 queries)

| Query | p50 ms | p95 ms | p99 ms | samples |
|------:|-------:|-------:|-------:|--------:|
| Q01 | 4557.90 | 5339.28 | 5970.22 | 30 |
| Q02 | 119.83 | 183.56 | 248.13 | 30 |
| Q03 | 1204.53 | 1590.36 | 1672.09 | 30 |
| Q04 | 875.67 | 977.60 | 1000.76 | 30 |
| Q05 | 1169.27 | 1473.86 | 1526.57 | 30 |
| Q06 | 170.98 | 275.28 | 298.29 | 30 |
| Q07 | 1039.05 | 1244.78 | 1292.77 | 30 |
| Q08 | 941.53 | 1338.96 | 1451.15 | 30 |
| Q09 | 3645.84 | 4546.29 | 4577.18 | 30 |
| Q10 | 1668.86 | 1915.88 | 2085.19 | 30 |
| Q11 | 183.52 | 269.35 | 287.18 | 30 |
| Q12 | 749.61 | 940.52 | 983.35 | 30 |
| Q13 | 1756.19 | 2408.34 | 2444.50 | 30 |
| Q14 | 242.54 | 335.10 | 372.89 | 30 |
| Q15 | 398.29 | 491.20 | 492.57 | 30 |
| Q16 | 498.54 | 659.35 | 757.45 | 30 |
| Q17 | 679.68 | 937.45 | 1002.52 | 30 |
| Q18 | 3847.98 | 5185.36 | 5295.26 | 30 |
| Q19 | 415.24 | 547.51 | 551.06 | 30 |
| Q20 | 1039.83 | 1302.42 | 1356.38 | 30 |
| Q21 | 2749.89 | 3345.01 | 3492.07 | 30 |
| Q22 | 308.89 | 557.95 | 558.42 | 30 |
SCHED-DIAG2-DONE
