  [env] captured -> bench-results/sched-diag-2026-07-03/p3/env.json
=== Σ.AI.3 strict throughput bench ===
  sf: 10 | streams: 10 | engines: ematix | batches: 4 (first discarded) | partitions: 3
  out: bench-results/sched-diag-2026-07-03/p3

--- stream count 10 ---
  ematix s10 batch 1: makespan 35880 ms, failures 0
  ematix s10 batch 2: makespan 32640 ms, failures 0
  ematix s10 batch 3: makespan 30539 ms, failures 0
  ematix s10 batch 4: makespan 31644 ms, failures 0
wrote bench-results/sched-diag-2026-07-03/p3/throughput-summary.md
# Σ.AI.3 strict throughput summary

- Machine: Apple M4 Max (10P+4E), macOS 26.5.1
- Git: fc8e50f6287e (dirty: True)
- Run config: {'batches': '4', 'engines': 'ematix', 'mode': 'throughput', 'partitions': '3', 'plan_cache': 'off', 'sf': '10', 'streams': '10'}

## ematix — 10 concurrent stream(s)

- Batches: 3 kept, 1 discarded as cold-start (`batch-1`)
- Makespan (median across batches): 31644 ms
- Throughput: **25028.4 QPH** (10 streams x 22 queries)

| Query | p50 ms | p95 ms | p99 ms | samples |
|------:|-------:|-------:|-------:|--------:|
| Q01 | 3768.65 | 4598.81 | 4926.48 | 30 |
| Q02 | 230.82 | 387.65 | 456.01 | 30 |
| Q03 | 1459.13 | 1888.78 | 1897.25 | 30 |
| Q04 | 1098.91 | 1594.39 | 1702.05 | 30 |
| Q05 | 1293.36 | 1551.15 | 1567.88 | 30 |
| Q06 | 242.74 | 462.96 | 653.59 | 30 |
| Q07 | 1085.57 | 1711.47 | 1811.93 | 30 |
| Q08 | 1073.36 | 1363.22 | 1426.09 | 30 |
| Q09 | 4016.87 | 6079.80 | 6506.97 | 30 |
| Q10 | 1950.00 | 2643.72 | 2937.07 | 30 |
| Q11 | 243.85 | 386.28 | 416.26 | 30 |
| Q12 | 844.83 | 1094.28 | 1272.82 | 30 |
| Q13 | 1537.71 | 2196.90 | 2252.24 | 30 |
| Q14 | 238.61 | 386.95 | 392.58 | 30 |
| Q15 | 362.53 | 572.62 | 573.09 | 30 |
| Q16 | 599.96 | 1048.81 | 1052.82 | 30 |
| Q17 | 781.65 | 1185.09 | 1563.26 | 30 |
| Q18 | 4067.26 | 5649.23 | 6043.15 | 30 |
| Q19 | 421.05 | 564.26 | 579.73 | 30 |
| Q20 | 1137.83 | 1482.83 | 1519.08 | 30 |
| Q21 | 2763.31 | 5460.07 | 5761.00 | 30 |
| Q22 | 359.29 | 558.04 | 648.67 | 30 |
  [env] captured -> bench-results/sched-diag-2026-07-03/p4/env.json
=== Σ.AI.3 strict throughput bench ===
  sf: 10 | streams: 10 | engines: ematix | batches: 4 (first discarded) | partitions: 4
  out: bench-results/sched-diag-2026-07-03/p4

--- stream count 10 ---
  ematix s10 batch 1: makespan 34556 ms, failures 0
  ematix s10 batch 2: makespan 33578 ms, failures 0
  ematix s10 batch 3: makespan 34022 ms, failures 0
  ematix s10 batch 4: makespan 34546 ms, failures 0
wrote bench-results/sched-diag-2026-07-03/p4/throughput-summary.md
# Σ.AI.3 strict throughput summary

- Machine: Apple M4 Max (10P+4E), macOS 26.5.1
- Git: fc8e50f6287e (dirty: True)
- Run config: {'batches': '4', 'engines': 'ematix', 'mode': 'throughput', 'partitions': '4', 'plan_cache': 'off', 'sf': '10', 'streams': '10'}

## ematix — 10 concurrent stream(s)

- Batches: 3 kept, 1 discarded as cold-start (`batch-1`)
- Makespan (median across batches): 34022 ms
- Throughput: **23279.1 QPH** (10 streams x 22 queries)

| Query | p50 ms | p95 ms | p99 ms | samples |
|------:|-------:|-------:|-------:|--------:|
| Q01 | 2878.50 | 3534.50 | 3730.95 | 30 |
| Q02 | 199.50 | 529.73 | 547.35 | 30 |
| Q03 | 1504.84 | 2051.96 | 2209.73 | 30 |
| Q04 | 1185.41 | 1620.36 | 1831.08 | 30 |
| Q05 | 1251.14 | 1874.81 | 1888.47 | 30 |
| Q06 | 287.92 | 866.82 | 992.76 | 30 |
| Q07 | 1165.24 | 1750.25 | 1774.78 | 30 |
| Q08 | 1164.30 | 1743.81 | 1953.95 | 30 |
| Q09 | 5361.20 | 7581.60 | 7619.74 | 30 |
| Q10 | 2013.49 | 2748.77 | 3464.16 | 30 |
| Q11 | 250.88 | 439.50 | 473.51 | 30 |
| Q12 | 896.37 | 1309.52 | 1557.26 | 30 |
| Q13 | 1420.64 | 2765.11 | 2845.77 | 30 |
| Q14 | 571.79 | 808.72 | 963.61 | 30 |
| Q15 | 398.55 | 577.39 | 670.99 | 30 |
| Q16 | 829.07 | 1407.32 | 1568.37 | 30 |
| Q17 | 1112.30 | 1807.21 | 1949.89 | 30 |
| Q18 | 3958.90 | 7251.46 | 8060.83 | 30 |
| Q19 | 845.19 | 1133.51 | 1228.03 | 30 |
| Q20 | 1156.58 | 1660.97 | 1680.43 | 30 |
| Q21 | 2475.67 | 6524.11 | 6696.78 | 30 |
| Q22 | 409.00 | 651.38 | 655.92 | 30 |
  [env] captured -> bench-results/sched-diag-2026-07-03/p7/env.json
=== Σ.AI.3 strict throughput bench ===
  sf: 10 | streams: 10 | engines: ematix | batches: 4 (first discarded) | partitions: 7
  out: bench-results/sched-diag-2026-07-03/p7

--- stream count 10 ---
  ematix s10 batch 1: makespan 47580 ms, failures 0
  ematix s10 batch 2: makespan 47322 ms, failures 0
  ematix s10 batch 3: makespan 46606 ms, failures 0
  ematix s10 batch 4: makespan 48294 ms, failures 0
wrote bench-results/sched-diag-2026-07-03/p7/throughput-summary.md
# Σ.AI.3 strict throughput summary

- Machine: Apple M4 Max (10P+4E), macOS 26.5.1
- Git: fc8e50f6287e (dirty: True)
- Run config: {'batches': '4', 'engines': 'ematix', 'mode': 'throughput', 'partitions': '7', 'plan_cache': 'off', 'sf': '10', 'streams': '10'}

## ematix — 10 concurrent stream(s)

- Batches: 3 kept, 1 discarded as cold-start (`batch-1`)
- Makespan (median across batches): 47322 ms
- Throughput: **16736.4 QPH** (10 streams x 22 queries)

| Query | p50 ms | p95 ms | p99 ms | samples |
|------:|-------:|-------:|-------:|--------:|
| Q01 | 2885.65 | 3963.03 | 3999.57 | 30 |
| Q02 | 344.81 | 1198.37 | 1999.04 | 30 |
| Q03 | 2023.07 | 3790.78 | 3842.82 | 30 |
| Q04 | 1397.34 | 2229.12 | 2271.71 | 30 |
| Q05 | 1385.68 | 2834.88 | 3261.34 | 30 |
| Q06 | 671.09 | 1543.27 | 2077.15 | 30 |
| Q07 | 1555.71 | 3599.23 | 3808.93 | 30 |
| Q08 | 1798.53 | 2926.25 | 3120.29 | 30 |
| Q09 | 6895.98 | 9703.68 | 13141.76 | 30 |
| Q10 | 3111.26 | 4489.00 | 4630.69 | 30 |
| Q11 | 403.00 | 799.82 | 905.94 | 30 |
| Q12 | 947.66 | 1716.09 | 1762.92 | 30 |
| Q13 | 1758.77 | 3627.13 | 4344.01 | 30 |
| Q14 | 558.93 | 1059.43 | 1447.60 | 30 |
| Q15 | 414.39 | 659.94 | 672.29 | 30 |
| Q16 | 1103.43 | 2274.33 | 2476.94 | 30 |
| Q17 | 1693.77 | 3613.78 | 3761.12 | 30 |
| Q18 | 6186.18 | 12040.54 | 12849.28 | 30 |
| Q19 | 768.04 | 1274.22 | 1304.65 | 30 |
| Q20 | 1259.53 | 2440.15 | 2444.94 | 30 |
| Q21 | 3247.03 | 9750.52 | 12402.70 | 30 |
| Q22 | 658.04 | 1612.92 | 1630.13 | 30 |
  [env] captured -> bench-results/sched-diag-2026-07-03/auto-rayon2/env.json
=== Σ.AI.3 strict throughput bench ===
  sf: 10 | streams: 10 | engines: ematix | batches: 4 (first discarded) | partitions: auto
  out: bench-results/sched-diag-2026-07-03/auto-rayon2

--- stream count 10 ---
  ematix s10 batch 1: makespan 28206 ms, failures 0
  ematix s10 batch 2: makespan 28083 ms, failures 0
  ematix s10 batch 3: makespan 28696 ms, failures 0
  ematix s10 batch 4: makespan 28619 ms, failures 0
wrote bench-results/sched-diag-2026-07-03/auto-rayon2/throughput-summary.md
# Σ.AI.3 strict throughput summary

- Machine: Apple M4 Max (10P+4E), macOS 26.5.1
- Git: fc8e50f6287e (dirty: True)
- Run config: {'batches': '4', 'engines': 'ematix', 'mode': 'throughput', 'partitions': 'auto', 'plan_cache': 'off', 'sf': '10', 'streams': '10'}

## ematix — 10 concurrent stream(s)

- Batches: 3 kept, 1 discarded as cold-start (`batch-1`)
- Makespan (median across batches): 28619 ms
- Throughput: **27673.9 QPH** (10 streams x 22 queries)

| Query | p50 ms | p95 ms | p99 ms | samples |
|------:|-------:|-------:|-------:|--------:|
| Q01 | 3241.31 | 3689.33 | 4048.70 | 30 |
| Q02 | 138.75 | 215.86 | 326.07 | 30 |
| Q03 | 1336.62 | 1707.02 | 1712.89 | 30 |
| Q04 | 974.25 | 1170.49 | 1182.15 | 30 |
| Q05 | 1289.69 | 1618.84 | 1684.46 | 30 |
| Q06 | 248.61 | 377.80 | 390.26 | 30 |
| Q07 | 1073.35 | 1396.10 | 1411.71 | 30 |
| Q08 | 1111.78 | 1397.72 | 1433.95 | 30 |
| Q09 | 3298.04 | 4061.77 | 4156.04 | 30 |
| Q10 | 1868.16 | 2085.46 | 2087.57 | 30 |
| Q11 | 214.42 | 349.78 | 477.32 | 30 |
| Q12 | 799.64 | 929.78 | 965.40 | 30 |
| Q13 | 1484.42 | 2105.14 | 2156.77 | 30 |
| Q14 | 278.86 | 381.42 | 418.81 | 30 |
| Q15 | 426.67 | 521.25 | 531.79 | 30 |
| Q16 | 466.48 | 706.50 | 733.47 | 30 |
| Q17 | 853.23 | 1128.20 | 1187.38 | 30 |
| Q18 | 3395.45 | 4278.88 | 4797.61 | 30 |
| Q19 | 453.08 | 603.31 | 644.45 | 30 |
| Q20 | 1249.03 | 1580.53 | 1601.81 | 30 |
| Q21 | 2690.84 | 3322.41 | 3374.44 | 30 |
| Q22 | 337.71 | 435.48 | 438.94 | 30 |
  [env] captured -> bench-results/sched-diag-2026-07-03/p4-rayon2/env.json
=== Σ.AI.3 strict throughput bench ===
  sf: 10 | streams: 10 | engines: ematix | batches: 4 (first discarded) | partitions: 4
  out: bench-results/sched-diag-2026-07-03/p4-rayon2

--- stream count 10 ---
  ematix s10 batch 1: makespan 30396 ms, failures 0
  ematix s10 batch 2: makespan 30618 ms, failures 0
  ematix s10 batch 3: makespan 30286 ms, failures 0
  ematix s10 batch 4: makespan 30570 ms, failures 0
wrote bench-results/sched-diag-2026-07-03/p4-rayon2/throughput-summary.md
# Σ.AI.3 strict throughput summary

- Machine: Apple M4 Max (10P+4E), macOS 26.5.1
- Git: fc8e50f6287e (dirty: True)
- Run config: {'batches': '4', 'engines': 'ematix', 'mode': 'throughput', 'partitions': '4', 'plan_cache': 'off', 'sf': '10', 'streams': '10'}

## ematix — 10 concurrent stream(s)

- Batches: 3 kept, 1 discarded as cold-start (`batch-1`)
- Makespan (median across batches): 30570 ms
- Throughput: **25907.8 QPH** (10 streams x 22 queries)

| Query | p50 ms | p95 ms | p99 ms | samples |
|------:|-------:|-------:|-------:|--------:|
| Q01 | 2714.14 | 3274.87 | 3538.65 | 30 |
| Q02 | 246.15 | 466.00 | 468.21 | 30 |
| Q03 | 1413.84 | 1820.30 | 1910.62 | 30 |
| Q04 | 1056.48 | 1394.47 | 1545.31 | 30 |
| Q05 | 1382.48 | 1686.22 | 1817.14 | 30 |
| Q06 | 260.31 | 568.27 | 659.92 | 30 |
| Q07 | 1211.11 | 1683.04 | 1820.28 | 30 |
| Q08 | 1091.45 | 1453.36 | 1521.87 | 30 |
| Q09 | 3397.81 | 4235.29 | 4308.45 | 30 |
| Q10 | 2023.34 | 2601.09 | 2946.34 | 30 |
| Q11 | 272.03 | 392.07 | 447.38 | 30 |
| Q12 | 752.70 | 1072.59 | 1139.30 | 30 |
| Q13 | 1814.21 | 2656.56 | 3171.48 | 30 |
| Q14 | 635.36 | 804.65 | 875.25 | 30 |
| Q15 | 382.33 | 585.03 | 596.77 | 30 |
| Q16 | 657.89 | 1042.70 | 1168.63 | 30 |
| Q17 | 965.16 | 1647.72 | 1652.36 | 30 |
| Q18 | 3400.72 | 4646.18 | 5940.86 | 30 |
| Q19 | 954.87 | 1247.14 | 1247.54 | 30 |
| Q20 | 1178.50 | 1656.52 | 1686.64 | 30 |
| Q21 | 2463.30 | 3989.42 | 4452.33 | 30 |
| Q22 | 473.94 | 746.24 | 756.11 | 30 |
SCHED-DIAG-DONE
