=== Σ.AI.1 strict bench protocol ===
  sf:             10
  invocations:    4 (first will be discarded)
  trials/run:     10
  warmups/run:    2
  cooldown:       adaptive (fallback 15s)
  triangulate:    0
  isolate:        1
  plan cache:     off
  cache policy:   warm
  queries:        1,2,3,4,5,6,7,8,9,10,11,12,13,14,15,16,17,18,19,20,21,22,
  extra env:      <none>
  output dir:     bench-results/q05-lever-2026-07-04/ematix-sf10-settled

  [env] captured -> bench-results/q05-lever-2026-07-04/ematix-sf10-settled/env.json
--- invocation 1 / 4 → bench-results/q05-lever-2026-07-04/ematix-sf10-settled/run-1.md ---
  [thermal] pre: nominal
  (isolated: 22 per-query processes)
  [thermal] post: nominal

--- invocation 2 / 4 → bench-results/q05-lever-2026-07-04/ematix-sf10-settled/run-2.md ---
  [thermal] pre: nominal
  (isolated: 22 per-query processes)
  [thermal] post: nominal

--- invocation 3 / 4 → bench-results/q05-lever-2026-07-04/ematix-sf10-settled/run-3.md ---
  [thermal] pre: nominal
  (isolated: 22 per-query processes)
  [thermal] post: nominal

--- invocation 4 / 4 → bench-results/q05-lever-2026-07-04/ematix-sf10-settled/run-4.md ---
  [thermal] pre: nominal
  (isolated: 22 per-query processes)
  [thermal] post: nominal

--- aggregate summary written to bench-results/q05-lever-2026-07-04/ematix-sf10-settled/strict-22q-summary.md ---
# Σ.AI.1 strict 22q bench summary — ematix

- Machine: Apple M4 Max (10P+4E), macOS 26.5.1, power: Now drawing from 'AC Power'
- Git: 82d9c244c9e3 on main (dirty: True)
- Data: SF=10; plan cache: off; cache policy: warm
- Engines: {'datafusion': '53.1.0', 'duckdb': '1.10503.1', 'ematix-parquet-codec': '0.17.0', 'polars': '0.52.0'}
- EMAT flags: {'EMAT_PLAN_CACHE': '0'}

- Runs aggregated: 3 of 4 (discarded 1 cold-start: ['run-1.md'])
- Run files: ['run-2.md', 'run-3.md', 'run-4.md']

| Query | median ms | mean ms | σ ms | CV% | per-run medians |
|------:|----------:|--------:|-----:|----:|:----------------|
| Q01 | 240.37 | 242.03 | 6.55 | 2.72% | 236.5 / 249.2 / 240.4 |
| Q02 | 18.57 | 18.50 | 0.19 | 1.00% | 18.6 / 18.6 / 18.3 |
| Q03 | 134.11 | 135.56 | 3.22 | 2.40% | 133.3 / 139.2 / 134.1 |
| Q04 | 61.34 | 60.69 | 1.44 | 2.34% | 59.0 / 61.3 / 61.7 |
| Q05 | 131.55 | 132.62 | 2.47 | 1.88% | 130.9 / 135.4 / 131.6 |
| Q06 | 26.62 | 26.67 | 0.43 | 1.60% | 27.1 / 26.6 / 26.3 |
| Q07 | 128.99 | 127.47 | 3.11 | 2.41% | 123.9 / 129.5 / 129.0 |
| Q08 | 160.32 | 161.44 | 3.85 | 2.40% | 158.3 / 160.3 / 165.7 |
| Q09 | 299.10 | 297.73 | 8.28 | 2.77% | 288.9 / 305.2 / 299.1 |
| Q10 | 214.63 | 213.56 | 2.76 | 1.29% | 214.6 / 215.6 / 210.4 |
| Q11 | 12.20 | 12.23 | 0.06 | 0.53% | 12.3 / 12.2 / 12.2 |
| Q12 | 95.04 | 95.07 | 1.67 | 1.75% | 96.8 / 93.4 / 95.0 |
| Q13 | 113.95 | 113.01 | 2.36 | 2.08% | 114.0 / 110.3 / 114.8 |
| Q14 | 90.63 | 90.25 | 0.68 | 0.75% | 90.7 / 89.5 / 90.6 |
| Q15 | 68.05 | 67.90 | 0.49 | 0.72% | 67.4 / 68.3 / 68.0 |
| Q16 | 47.84 | 48.27 | 1.13 | 2.37% | 49.6 / 47.4 / 47.8 |
| Q17 | 84.71 | 85.08 | 1.89 | 2.23% | 87.1 / 83.4 / 84.7 |
| Q18 | 199.21 | 198.78 | 2.09 | 1.05% | 200.6 / 196.5 / 199.2 |
| Q19 | 136.72 | 136.97 | 1.57 | 1.15% | 138.7 / 135.6 / 136.7 |
| Q20 | 77.84 | 77.14 | 3.07 | 3.94% | 77.8 / 73.8 / 79.8 |
| Q21 | 202.62 | 202.21 | 2.99 | 1.47% | 205.0 / 199.0 / 202.6 |
| Q22 | 24.02 | 24.20 | 0.36 | 1.52% | 24.6 / 24.0 / 24.0 |

**Sum of medians**: 2568.43 ms  (primary, robust to single-run outliers)
**Sum of means**: 2567.39 ms  (secondary)
**Median CV**: 1.82%  (noise-floor across invocations)
**Max CV**: 3.94%  (worst-case per-query noise — likely single-run outlier)
=== Σ.AI.1 strict bench protocol ===
  sf:             10
  invocations:    4 (first will be discarded)
  trials/run:     10
  warmups/run:    2
  cooldown:       adaptive (fallback 15s)
  triangulate:    0
  isolate:        1
  plan cache:     off
  cache policy:   warm
  queries:        1,2,3,4,5,6,7,8,9,10,11,12,13,14,15,16,17,18,19,20,21,22,
  extra env:      <none>
  output dir:     bench-results/q05-lever-2026-07-04/duckdb-sf10-settled

  [env] captured -> bench-results/q05-lever-2026-07-04/duckdb-sf10-settled/env.json
--- invocation 1 / 4 → bench-results/q05-lever-2026-07-04/duckdb-sf10-settled/run-1.md ---
  [thermal] pre: nominal
  (isolated: 22 per-query processes)
  [thermal] post: nominal

--- invocation 2 / 4 → bench-results/q05-lever-2026-07-04/duckdb-sf10-settled/run-2.md ---
  [thermal] pre: nominal
  (isolated: 22 per-query processes)
  [thermal] post: nominal

--- invocation 3 / 4 → bench-results/q05-lever-2026-07-04/duckdb-sf10-settled/run-3.md ---
  [thermal] pre: nominal
  (isolated: 22 per-query processes)
  [thermal] post: nominal

--- invocation 4 / 4 → bench-results/q05-lever-2026-07-04/duckdb-sf10-settled/run-4.md ---
  [thermal] pre: nominal
  (isolated: 22 per-query processes)
  [thermal] post: nominal

--- aggregate summary written to bench-results/q05-lever-2026-07-04/duckdb-sf10-settled/strict-22q-summary.md ---
# Σ.AI.1 strict 22q bench summary — duckdb

- Machine: Apple M4 Max (10P+4E), macOS 26.5.1, power: Now drawing from 'AC Power'
- Git: 82d9c244c9e3 on main (dirty: True)
- Data: SF=10; plan cache: off; cache policy: warm
- Engines: {'datafusion': '53.1.0', 'duckdb': '1.10503.1', 'ematix-parquet-codec': '0.17.0', 'polars': '0.52.0'}
- EMAT flags: {'EMAT_PLAN_CACHE': '0'}

- Runs aggregated: 3 of 4 (discarded 1 cold-start: ['run-1.md'])
- Run files: ['run-2.md', 'run-3.md', 'run-4.md']

| Query | median ms | mean ms | σ ms | CV% | per-run medians |
|------:|----------:|--------:|-----:|----:|:----------------|
| Q01 | 316.16 | 306.89 | 18.72 | 5.92% | 285.4 / 316.2 / 319.2 |
| Q02 | 45.07 | 44.19 | 2.26 | 5.01% | 41.6 / 45.1 / 45.9 |
| Q03 | 171.51 | 166.11 | 9.36 | 5.46% | 155.3 / 171.5 / 171.5 |
| Q04 | 107.04 | 106.00 | 5.83 | 5.45% | 99.7 / 111.2 / 107.0 |
| Q05 | 171.05 | 166.10 | 9.87 | 5.77% | 154.7 / 172.5 / 171.1 |
| Q06 | 91.39 | 91.76 | 4.95 | 5.41% | 87.0 / 96.9 / 91.4 |
| Q07 | 179.06 | 173.75 | 10.22 | 5.71% | 162.0 / 180.2 / 179.1 |
| Q08 | 210.37 | 203.66 | 12.03 | 5.72% | 189.8 / 210.8 / 210.4 |
| Q09 | 386.34 | 376.92 | 24.27 | 6.28% | 349.4 / 386.3 / 395.1 |
| Q10 | 267.53 | 268.15 | 13.05 | 4.88% | 255.4 / 267.5 / 281.5 |
| Q11 | 30.13 | 29.64 | 1.64 | 5.43% | 27.8 / 30.1 / 31.0 |
| Q12 | 142.21 | 143.75 | 13.98 | 9.83% | 130.6 / 142.2 / 158.4 |
| Q13 | 327.89 | 323.44 | 13.20 | 4.03% | 308.6 / 327.9 / 333.8 |
| Q14 | 152.56 | 151.32 | 4.62 | 3.03% | 146.2 / 152.6 / 155.2 |
| Q15 | 104.01 | 104.21 | 5.31 | 5.11% | 99.0 / 109.6 / 104.0 |
| Q16 | 67.71 | 68.13 | 0.75 | 1.10% | 67.7 / 69.0 / 67.7 |
| Q17 | 192.56 | 193.49 | 5.70 | 2.96% | 188.3 / 199.6 / 192.6 |
| Q18 | 271.20 | 271.69 | 4.82 | 1.78% | 267.1 / 276.7 / 271.2 |
| Q19 | 227.32 | 225.69 | 4.00 | 1.76% | 221.1 / 227.3 / 228.6 |
| Q20 | 160.55 | 160.91 | 0.74 | 0.46% | 160.4 / 161.8 / 160.6 |
| Q21 | 501.04 | 500.44 | 1.39 | 0.28% | 498.9 / 501.4 / 501.0 |
| Q22 | 64.48 | 64.07 | 0.77 | 1.20% | 63.2 / 64.5 / 64.5 |

**Sum of medians**: 4187.18 ms  (primary, robust to single-run outliers)
**Sum of means**: 4140.32 ms  (secondary)
**Median CV**: 5.06%  (noise-floor across invocations)
**Max CV**: 9.83%  (worst-case per-query noise — likely single-run outlier)
SETTLED-VERDICT-DONE
