=== TPC-H 22 triangulation bench ===
    data:    /Users/ryanevans/RustroverProjects/ematix-flow/examples/tpch/data/sf10
    queries: 22 ([20, 6, 14, 10, 21, 22, 12, 13, 1, 17, 2, 18, 7, 11, 8, 15, 16, 4, 9, 3, 19, 5])
    trials:  1 (after 0 warmups)
    output:  bench-results/sched-diag-2026-07-03/p3/ematix/s10/batch-1/stream-1.md

    NOTE: single-invocation output is SMOKE-GRADE only. For win/loss
    claims use scripts/bench/strict_22q.sh / strict_ab.sh /
    strict_throughput.sh (see scripts/bench/README.md).

--- Q20 ---
  ematix-flow  1346.30 ms ±  0.00  (1804 rows)

--- Q06 ---
  ematix-flow   241.87 ms ±  0.00  (1 rows)

--- Q14 ---
  ematix-flow   302.55 ms ±  0.00  (1 rows)

--- Q10 ---
  ematix-flow  2434.75 ms ±  0.00  (381105 rows)

--- Q21 ---
  ematix-flow  2989.83 ms ±  0.00  (4009 rows)

--- Q22 ---
  ematix-flow   306.33 ms ±  0.00  (7 rows)

--- Q12 ---
  ematix-flow   679.12 ms ±  0.00  (2 rows)

--- Q13 ---
  ematix-flow  2045.15 ms ±  0.00  (46 rows)

--- Q01 ---
  ematix-flow  4946.57 ms ±  0.00  (4 rows)

--- Q17 ---
  ematix-flow  1349.63 ms ±  0.00  (1 rows)

--- Q02 ---
  ematix-flow    61.31 ms ±  0.00  (4667 rows)

--- Q18 ---
  ematix-flow  5710.67 ms ±  0.00  (624 rows)

--- Q07 ---
  ematix-flow  1328.43 ms ±  0.00  (4 rows)

--- Q11 ---
  ematix-flow   295.48 ms ±  0.00  (8685 rows)

--- Q08 ---
  ematix-flow  1130.34 ms ±  0.00  (2 rows)

--- Q15 ---
  ematix-flow   378.97 ms ±  0.00  (1 rows)

--- Q16 ---
  ematix-flow   492.89 ms ±  0.00  (27840 rows)

--- Q04 ---
  ematix-flow  1221.43 ms ±  0.00  (5 rows)

--- Q09 ---
  ematix-flow  6698.32 ms ±  0.00  (175 rows)

--- Q03 ---
  ematix-flow  1028.77 ms ±  0.00  (114003 rows)

--- Q19 ---
  ematix-flow   230.64 ms ±  0.00  (1 rows)

--- Q05 ---
  ematix-flow   360.04 ms ±  0.00  (5 rows)

wrote bench-results/sched-diag-2026-07-03/p3/ematix/s10/batch-1/stream-1.md
