=== TPC-H 22 triangulation bench ===
    data:    /Users/ryanevans/RustroverProjects/ematix-flow/examples/tpch/data/sf100
    queries: 22 ([19, 22, 14, 11, 5, 18, 8, 16, 7, 20, 13, 1, 15, 4, 17, 9, 10, 6, 12, 21, 3, 2])
    trials:  1 (after 0 warmups)
    output:  /Users/ryanevans/RustroverProjects/ematix-flow/bench-results/campaign-2026-07-01/tput-sf100/ematix/s10/batch-3/stream-2.md

    NOTE: single-invocation output is SMOKE-GRADE only. For win/loss
    claims use scripts/bench/strict_22q.sh / strict_ab.sh /
    strict_throughput.sh (see scripts/bench/README.md).

--- Q19 ---
  ematix-flow  2693.04 ms ±  0.00  (1 rows)

--- Q22 ---
  ematix-flow  1937.31 ms ±  0.00  (7 rows)

--- Q14 ---
  ematix-flow  2233.11 ms ±  0.00  (1 rows)

--- Q11 ---
  ematix-flow   701.51 ms ±  0.00  (92698 rows)

--- Q05 ---
  ematix-flow  7164.00 ms ±  0.00  (5 rows)

--- Q18 ---
  ematix-flow  14392.82 ms ±  0.00  (6398 rows)

--- Q08 ---
  ematix-flow  9436.34 ms ±  0.00  (2 rows)

--- Q16 ---
  ematix-flow  3148.11 ms ±  0.00  (27840 rows)

--- Q07 ---
  ematix-flow  5914.10 ms ±  0.00  (4 rows)

--- Q20 ---
  ematix-flow  4023.22 ms ±  0.00  (17971 rows)

--- Q13 ---
  ematix-flow  5311.00 ms ±  0.00  (45 rows)

--- Q01 ---
  ematix-flow  7225.57 ms ±  0.00  (4 rows)

--- Q15 ---
  ematix-flow  2699.05 ms ±  0.00  (1 rows)

--- Q04 ---
  ematix-flow  3664.21 ms ±  0.00  (5 rows)

--- Q17 ---
  ematix-flow  3784.92 ms ±  0.00  (1 rows)

--- Q09 ---
  ematix-flow  14709.76 ms ±  0.00  (175 rows)

--- Q10 ---
  ematix-flow  10039.93 ms ±  0.00  (3884218 rows)

--- Q06 ---
  ematix-flow  1321.06 ms ±  0.00  (1 rows)

--- Q12 ---
  ematix-flow  3517.69 ms ±  0.00  (2 rows)

--- Q21 ---
  ematix-flow  15676.79 ms ±  0.00  (39950 rows)

--- Q03 ---
  ematix-flow  5777.22 ms ±  0.00  (1131041 rows)

--- Q02 ---
  ematix-flow   674.70 ms ±  0.00  (47107 rows)

wrote /Users/ryanevans/RustroverProjects/ematix-flow/bench-results/campaign-2026-07-01/tput-sf100/ematix/s10/batch-3/stream-2.md
