=== TPC-H 22 triangulation bench ===
    data:    /Users/ryanevans/RustroverProjects/ematix-flow/examples/tpch/data/sf100
    queries: 22 ([21, 13, 19, 22, 10, 14, 5, 7, 4, 16, 6, 2, 3, 18, 11, 8, 15, 1, 17, 12, 9, 20])
    trials:  1 (after 0 warmups)
    output:  /Users/ryanevans/RustroverProjects/ematix-flow/bench-results/campaign-2026-07-01/tput-sf100/ematix/s10/batch-3/stream-5.md

    NOTE: single-invocation output is SMOKE-GRADE only. For win/loss
    claims use scripts/bench/strict_22q.sh / strict_ab.sh /
    strict_throughput.sh (see scripts/bench/README.md).

--- Q21 ---
  ematix-flow  11787.41 ms ±  0.00  (39950 rows)

--- Q13 ---
  ematix-flow  6072.51 ms ±  0.00  (45 rows)

--- Q19 ---
  ematix-flow  2810.57 ms ±  0.00  (1 rows)

--- Q22 ---
  ematix-flow  1636.50 ms ±  0.00  (7 rows)

--- Q10 ---
  ematix-flow  19653.75 ms ±  0.00  (3884218 rows)

--- Q14 ---
  ematix-flow  2488.52 ms ±  0.00  (1 rows)

--- Q05 ---
  ematix-flow  9709.44 ms ±  0.00  (5 rows)

--- Q07 ---
  ematix-flow  6344.21 ms ±  0.00  (4 rows)

--- Q04 ---
  ematix-flow  5845.22 ms ±  0.00  (5 rows)

--- Q16 ---
  ematix-flow  3108.94 ms ±  0.00  (27840 rows)

--- Q06 ---
  ematix-flow  1450.03 ms ±  0.00  (1 rows)

--- Q02 ---
  ematix-flow   987.38 ms ±  0.00  (47107 rows)

--- Q03 ---
  ematix-flow  6978.87 ms ±  0.00  (1131041 rows)

--- Q18 ---
  ematix-flow  18853.65 ms ±  0.00  (6398 rows)

--- Q11 ---
  ematix-flow   721.43 ms ±  0.00  (92698 rows)

--- Q08 ---
  ematix-flow  5675.38 ms ±  0.00  (2 rows)

--- Q15 ---
  ematix-flow  3037.31 ms ±  0.00  (1 rows)

--- Q01 ---
  ematix-flow  8632.63 ms ±  0.00  (4 rows)

--- Q17 ---
  ematix-flow  4601.71 ms ±  0.00  (1 rows)

--- Q12 ---
  ematix-flow  3555.84 ms ±  0.00  (2 rows)

--- Q09 ---
  ematix-flow  132271.54 ms ±  0.00  (175 rows)

--- Q20 ---
  ematix-flow  5683.84 ms ±  0.00  (17971 rows)

wrote /Users/ryanevans/RustroverProjects/ematix-flow/bench-results/campaign-2026-07-01/tput-sf100/ematix/s10/batch-3/stream-5.md
