=== TPC-H 22 triangulation bench ===
    data:    /Users/ryanevans/RustroverProjects/ematix-flow/examples/tpch/data/sf100
    queries: 22 ([20, 6, 14, 10, 21, 22, 12, 13, 1, 17, 2, 18, 7, 11, 8, 15, 16, 4, 9, 3, 19, 5])
    trials:  1 (after 0 warmups)
    output:  /Users/ryanevans/RustroverProjects/ematix-flow/bench-results/campaign-2026-07-01/tput-sf100/ematix/s10/batch-3/stream-1.md

    NOTE: single-invocation output is SMOKE-GRADE only. For win/loss
    claims use scripts/bench/strict_22q.sh / strict_ab.sh /
    strict_throughput.sh (see scripts/bench/README.md).

--- Q20 ---
  ematix-flow  5072.18 ms ±  0.00  (17971 rows)

--- Q06 ---
  ematix-flow  1129.78 ms ±  0.00  (1 rows)

--- Q14 ---
  ematix-flow  1904.86 ms ±  0.00  (1 rows)

--- Q10 ---
  ematix-flow  6262.84 ms ±  0.00  (3884218 rows)

--- Q21 ---
  ematix-flow  13778.94 ms ±  0.00  (39950 rows)

--- Q22 ---
  ematix-flow  3131.87 ms ±  0.00  (7 rows)

--- Q12 ---
  ematix-flow  4779.70 ms ±  0.00  (2 rows)

--- Q13 ---
  ematix-flow  5648.53 ms ±  0.00  (45 rows)

--- Q01 ---
  ematix-flow  7486.40 ms ±  0.00  (4 rows)

--- Q17 ---
  ematix-flow  3320.62 ms ±  0.00  (1 rows)

--- Q02 ---
  ematix-flow   479.15 ms ±  0.00  (47107 rows)

--- Q18 ---
  ematix-flow  13118.75 ms ±  0.00  (6398 rows)

--- Q07 ---
  ematix-flow  5471.19 ms ±  0.00  (4 rows)

--- Q11 ---
  ematix-flow  1017.91 ms ±  0.00  (92698 rows)

--- Q08 ---
  ematix-flow  9230.56 ms ±  0.00  (2 rows)

--- Q15 ---
  ematix-flow  2808.22 ms ±  0.00  (1 rows)

--- Q16 ---
  ematix-flow  1994.37 ms ±  0.00  (27840 rows)

--- Q04 ---
  ematix-flow  3177.84 ms ±  0.00  (5 rows)

--- Q09 ---
  ematix-flow  18805.97 ms ±  0.00  (175 rows)

--- Q03 ---
  ematix-flow  5432.68 ms ±  0.00  (1131041 rows)

--- Q19 ---
  ematix-flow  2279.93 ms ±  0.00  (1 rows)

--- Q05 ---
  ematix-flow  7991.46 ms ±  0.00  (5 rows)

wrote /Users/ryanevans/RustroverProjects/ematix-flow/bench-results/campaign-2026-07-01/tput-sf100/ematix/s10/batch-3/stream-1.md
