=== TPC-H 22 triangulation bench ===
    data:    /Users/ryanevans/RustroverProjects/ematix-flow/examples/tpch/data/sf10
    queries: 22 ([22, 12, 11, 19, 21, 15, 18, 6, 20, 14, 17, 9, 7, 1, 2, 3, 5, 16, 13, 4, 10, 8])
    trials:  1 (after 0 warmups)
    output:  bench-results/tput-rebaseline-2026-07-03/sf10-auto/duckdb/s10/batch-4/stream-4.md

    NOTE: single-invocation output is SMOKE-GRADE only. For win/loss
    claims use scripts/bench/strict_22q.sh / strict_ab.sh /
    strict_throughput.sh (see scripts/bench/README.md).

--- Q22 ---
  DuckDB        156.26 ms ±  0.00  (7 rows)

--- Q12 ---
  DuckDB        755.94 ms ±  0.00  (2 rows)

--- Q11 ---
  DuckDB         66.73 ms ±  0.00  (8685 rows)

--- Q19 ---
  DuckDB       1648.04 ms ±  0.00  (1 rows)

--- Q21 ---
  DuckDB       3256.14 ms ±  0.00  (4009 rows)

--- Q15 ---
  DuckDB        478.19 ms ±  0.00  (1 rows)

--- Q18 ---
  DuckDB       1595.12 ms ±  0.00  (624 rows)

--- Q06 ---
  DuckDB        421.37 ms ±  0.00  (1 rows)

--- Q20 ---
  DuckDB        886.07 ms ±  0.00  (1804 rows)

--- Q14 ---
  DuckDB        827.85 ms ±  0.00  (1 rows)

--- Q17 ---
  DuckDB       1253.72 ms ±  0.00  (1 rows)

--- Q09 ---
  DuckDB       2049.46 ms ±  0.00  (175 rows)

--- Q07 ---
  DuckDB       1112.97 ms ±  0.00  (4 rows)

--- Q01 ---
  DuckDB       1935.67 ms ±  0.00  (4 rows)

--- Q02 ---
  DuckDB        122.07 ms ±  0.00  (4667 rows)

--- Q03 ---
  DuckDB        950.66 ms ±  0.00  (114003 rows)

--- Q05 ---
  DuckDB       1042.73 ms ±  0.00  (5 rows)

--- Q16 ---
  DuckDB        378.08 ms ±  0.00  (27840 rows)

--- Q13 ---
  DuckDB       1854.82 ms ±  0.00  (46 rows)

--- Q04 ---
  DuckDB        712.31 ms ±  0.00  (5 rows)

--- Q10 ---
  DuckDB       1685.28 ms ±  0.00  (381105 rows)

--- Q08 ---
  DuckDB        947.94 ms ±  0.00  (2 rows)

wrote bench-results/tput-rebaseline-2026-07-03/sf10-auto/duckdb/s10/batch-4/stream-4.md
