=== TPC-H 22 triangulation bench ===
    data:    /Users/ryanevans/RustroverProjects/ematix-flow/examples/tpch/data/sf10
    queries: 22 ([21, 13, 19, 22, 10, 14, 5, 7, 4, 16, 6, 2, 3, 18, 11, 8, 15, 1, 17, 12, 9, 20])
    trials:  1 (after 0 warmups)
    output:  bench-results/tput-rebaseline-2026-07-03/sf10-auto/duckdb/s10/batch-4/stream-5.md

    NOTE: single-invocation output is SMOKE-GRADE only. For win/loss
    claims use scripts/bench/strict_22q.sh / strict_ab.sh /
    strict_throughput.sh (see scripts/bench/README.md).

--- Q21 ---
  DuckDB       2711.70 ms ±  0.00  (4009 rows)

--- Q13 ---
  DuckDB       1842.04 ms ±  0.00  (46 rows)

--- Q19 ---
  DuckDB       1567.84 ms ±  0.00  (1 rows)

--- Q22 ---
  DuckDB        250.70 ms ±  0.00  (7 rows)

--- Q10 ---
  DuckDB       1677.40 ms ±  0.00  (381105 rows)

--- Q14 ---
  DuckDB        611.95 ms ±  0.00  (1 rows)

--- Q05 ---
  DuckDB        806.05 ms ±  0.00  (5 rows)

--- Q07 ---
  DuckDB       1123.96 ms ±  0.00  (4 rows)

--- Q04 ---
  DuckDB        630.12 ms ±  0.00  (5 rows)

--- Q16 ---
  DuckDB        268.16 ms ±  0.00  (27840 rows)

--- Q06 ---
  DuckDB        432.59 ms ±  0.00  (1 rows)

--- Q02 ---
  DuckDB        216.45 ms ±  0.00  (4667 rows)

--- Q03 ---
  DuckDB       1085.72 ms ±  0.00  (114003 rows)

--- Q18 ---
  DuckDB       1689.80 ms ±  0.00  (624 rows)

--- Q11 ---
  DuckDB         85.06 ms ±  0.00  (8685 rows)

--- Q08 ---
  DuckDB       1456.47 ms ±  0.00  (2 rows)

--- Q15 ---
  DuckDB        479.25 ms ±  0.00  (1 rows)

--- Q01 ---
  DuckDB       1992.81 ms ±  0.00  (4 rows)

--- Q17 ---
  DuckDB       1089.65 ms ±  0.00  (1 rows)

--- Q12 ---
  DuckDB        774.04 ms ±  0.00  (2 rows)

--- Q09 ---
  DuckDB       2267.49 ms ±  0.00  (175 rows)

--- Q20 ---
  DuckDB        874.48 ms ±  0.00  (1804 rows)

wrote bench-results/tput-rebaseline-2026-07-03/sf10-auto/duckdb/s10/batch-4/stream-5.md
