=== TPC-H 22 triangulation bench ===
    data:    /Users/ryanevans/RustroverProjects/ematix-flow/examples/tpch/data/sf10
    queries: 22 ([15, 13, 18, 10, 3, 6, 1, 7, 4, 8, 17, 9, 11, 21, 5, 16, 20, 14, 22, 2, 19, 12])
    trials:  1 (after 0 warmups)
    output:  bench-results/sched-arc-2026-07-03/sf10-final/duckdb/s100/batch-3/stream-98.md

    NOTE: single-invocation output is SMOKE-GRADE only. For win/loss
    claims use scripts/bench/strict_22q.sh / strict_ab.sh /
    strict_throughput.sh (see scripts/bench/README.md).

--- Q15 ---
  DuckDB        765.26 ms ±  0.00  (1 rows)

--- Q13 ---
  DuckDB       1942.81 ms ±  0.00  (46 rows)

--- Q18 ---
  DuckDB       1849.81 ms ±  0.00  (624 rows)

--- Q10 ---
  DuckDB       1972.02 ms ±  0.00  (381105 rows)

--- Q03 ---
  DuckDB       1159.14 ms ±  0.00  (114003 rows)

--- Q06 ---
  DuckDB        487.11 ms ±  0.00  (1 rows)

--- Q01 ---
  DuckDB       2115.77 ms ±  0.00  (4 rows)

--- Q07 ---
  DuckDB       1088.00 ms ±  0.00  (4 rows)

--- Q04 ---
  DuckDB        813.93 ms ±  0.00  (5 rows)

--- Q08 ---
  DuckDB       1326.36 ms ±  0.00  (2 rows)

--- Q17 ---
  DuckDB       1122.00 ms ±  0.00  (1 rows)

--- Q09 ---
  DuckDB       2548.66 ms ±  0.00  (175 rows)

--- Q11 ---
  DuckDB        105.50 ms ±  0.00  (8685 rows)

--- Q21 ---
  DuckDB       3317.61 ms ±  0.00  (4009 rows)

--- Q05 ---
  DuckDB        996.75 ms ±  0.00  (5 rows)

--- Q16 ---
  DuckDB        374.94 ms ±  0.00  (27840 rows)

--- Q20 ---
  DuckDB       1078.69 ms ±  0.00  (1804 rows)

--- Q14 ---
  DuckDB        992.15 ms ±  0.00  (1 rows)

--- Q22 ---
  DuckDB        381.32 ms ±  0.00  (7 rows)

--- Q02 ---
  DuckDB        134.46 ms ±  0.00  (4667 rows)

--- Q19 ---
  DuckDB        831.67 ms ±  0.00  (1 rows)

--- Q12 ---
  DuckDB        189.81 ms ±  0.00  (2 rows)

wrote bench-results/sched-arc-2026-07-03/sf10-final/duckdb/s100/batch-3/stream-98.md
