=== TPC-H 22 triangulation bench ===
    data:    /Users/ryanevans/RustroverProjects/ematix-flow/examples/tpch/data/sf10
    queries: 22 ([21, 4, 5, 2, 11, 9, 14, 10, 6, 3, 13, 1, 22, 8, 18, 12, 19, 16, 17, 15, 7, 20])
    trials:  1 (after 0 warmups)
    output:  bench-results/sched-arc-2026-07-03/sf10-final/duckdb/s100/batch-3/stream-53.md

    NOTE: single-invocation output is SMOKE-GRADE only. For win/loss
    claims use scripts/bench/strict_22q.sh / strict_ab.sh /
    strict_throughput.sh (see scripts/bench/README.md).

--- Q21 ---
  DuckDB       3277.24 ms ±  0.00  (4009 rows)

--- Q04 ---
  DuckDB        641.86 ms ±  0.00  (5 rows)

--- Q05 ---
  DuckDB       1380.65 ms ±  0.00  (5 rows)

--- Q02 ---
  DuckDB        300.44 ms ±  0.00  (4667 rows)

--- Q11 ---
  DuckDB         91.75 ms ±  0.00  (8685 rows)

--- Q09 ---
  DuckDB       2424.91 ms ±  0.00  (175 rows)

--- Q14 ---
  DuckDB        957.71 ms ±  0.00  (1 rows)

--- Q10 ---
  DuckDB       2181.75 ms ±  0.00  (381105 rows)

--- Q06 ---
  DuckDB        567.67 ms ±  0.00  (1 rows)

--- Q03 ---
  DuckDB       1300.47 ms ±  0.00  (114003 rows)

--- Q13 ---
  DuckDB       1942.19 ms ±  0.00  (46 rows)

--- Q01 ---
  DuckDB       1991.43 ms ±  0.00  (4 rows)

--- Q22 ---
  DuckDB        309.83 ms ±  0.00  (7 rows)

--- Q08 ---
  DuckDB       1370.42 ms ±  0.00  (2 rows)

--- Q18 ---
  DuckDB       1903.81 ms ±  0.00  (624 rows)

--- Q12 ---
  DuckDB        835.23 ms ±  0.00  (2 rows)

--- Q19 ---
  DuckDB       1565.34 ms ±  0.00  (1 rows)

--- Q16 ---
  DuckDB        405.58 ms ±  0.00  (27840 rows)

--- Q17 ---
  DuckDB       1129.42 ms ±  0.00  (1 rows)

--- Q15 ---
  DuckDB        629.25 ms ±  0.00  (1 rows)

--- Q07 ---
  DuckDB       1254.93 ms ±  0.00  (4 rows)

--- Q20 ---
  DuckDB       1073.40 ms ±  0.00  (1804 rows)

wrote bench-results/sched-arc-2026-07-03/sf10-final/duckdb/s100/batch-3/stream-53.md
