=== TPC-H 22 triangulation bench ===
    data:    /Users/ryanevans/RustroverProjects/ematix-flow/examples/tpch/data/sf10
    queries: 22 ([13, 22, 4, 10, 3, 11, 21, 9, 8, 17, 16, 6, 5, 20, 15, 18, 19, 1, 2, 12, 14, 7])
    trials:  1 (after 0 warmups)
    output:  bench-results/sched-arc-2026-07-03/sf10-final/duckdb/s100/batch-3/stream-97.md

    NOTE: single-invocation output is SMOKE-GRADE only. For win/loss
    claims use scripts/bench/strict_22q.sh / strict_ab.sh /
    strict_throughput.sh (see scripts/bench/README.md).

--- Q13 ---
  DuckDB       1975.73 ms ±  0.00  (46 rows)

--- Q22 ---
  DuckDB        431.61 ms ±  0.00  (7 rows)

--- Q04 ---
  DuckDB        769.96 ms ±  0.00  (5 rows)

--- Q10 ---
  DuckDB       2075.43 ms ±  0.00  (381105 rows)

--- Q03 ---
  DuckDB       1028.60 ms ±  0.00  (114003 rows)

--- Q11 ---
  DuckDB        158.31 ms ±  0.00  (8685 rows)

--- Q21 ---
  DuckDB       3285.45 ms ±  0.00  (4009 rows)

--- Q09 ---
  DuckDB       2462.63 ms ±  0.00  (175 rows)

--- Q08 ---
  DuckDB       1326.11 ms ±  0.00  (2 rows)

--- Q17 ---
  DuckDB       1124.93 ms ±  0.00  (1 rows)

--- Q16 ---
  DuckDB        391.71 ms ±  0.00  (27840 rows)

--- Q06 ---
  DuckDB        613.15 ms ±  0.00  (1 rows)

--- Q05 ---
  DuckDB       1093.12 ms ±  0.00  (5 rows)

--- Q20 ---
  DuckDB       1194.80 ms ±  0.00  (1804 rows)

--- Q15 ---
  DuckDB        605.31 ms ±  0.00  (1 rows)

--- Q18 ---
  DuckDB       1734.90 ms ±  0.00  (624 rows)

--- Q19 ---
  DuckDB       1719.32 ms ±  0.00  (1 rows)

--- Q01 ---
  DuckDB       2204.74 ms ±  0.00  (4 rows)

--- Q02 ---
  DuckDB        338.94 ms ±  0.00  (4667 rows)

--- Q12 ---
  DuckDB        896.51 ms ±  0.00  (2 rows)

--- Q14 ---
  DuckDB        606.67 ms ±  0.00  (1 rows)

--- Q07 ---
  DuckDB        643.01 ms ±  0.00  (4 rows)

wrote bench-results/sched-arc-2026-07-03/sf10-final/duckdb/s100/batch-3/stream-97.md
