=== TPC-H 22 triangulation bench ===
    data:    /Users/ryanevans/RustroverProjects/ematix-flow/examples/tpch/data/sf10
    queries: 22 ([20, 6, 14, 10, 21, 22, 12, 13, 1, 17, 2, 18, 7, 11, 8, 15, 16, 4, 9, 3, 19, 5])
    trials:  1 (after 0 warmups)
    output:  bench-results/sched-arc-2026-07-03/sf10-final/duckdb/s100/batch-3/stream-1.md

    NOTE: single-invocation output is SMOKE-GRADE only. For win/loss
    claims use scripts/bench/strict_22q.sh / strict_ab.sh /
    strict_throughput.sh (see scripts/bench/README.md).

--- Q20 ---
  DuckDB        465.73 ms ±  0.00  (1804 rows)

--- Q06 ---
  DuckDB        682.84 ms ±  0.00  (1 rows)

--- Q14 ---
  DuckDB       1112.73 ms ±  0.00  (1 rows)

--- Q10 ---
  DuckDB       2190.49 ms ±  0.00  (381105 rows)

--- Q21 ---
  DuckDB       2932.37 ms ±  0.00  (4009 rows)

--- Q22 ---
  DuckDB        419.39 ms ±  0.00  (7 rows)

--- Q12 ---
  DuckDB        946.12 ms ±  0.00  (2 rows)

--- Q13 ---
  DuckDB       1870.74 ms ±  0.00  (46 rows)

--- Q01 ---
  DuckDB       2414.98 ms ±  0.00  (4 rows)

--- Q17 ---
  DuckDB       1068.31 ms ±  0.00  (1 rows)

--- Q02 ---
  DuckDB        377.31 ms ±  0.00  (4667 rows)

--- Q18 ---
  DuckDB       1909.11 ms ±  0.00  (624 rows)

--- Q07 ---
  DuckDB       1209.87 ms ±  0.00  (4 rows)

--- Q11 ---
  DuckDB        171.13 ms ±  0.00  (8685 rows)

--- Q08 ---
  DuckDB       1456.02 ms ±  0.00  (2 rows)

--- Q15 ---
  DuckDB        694.00 ms ±  0.00  (1 rows)

--- Q16 ---
  DuckDB        367.31 ms ±  0.00  (27840 rows)

--- Q04 ---
  DuckDB        748.23 ms ±  0.00  (5 rows)

--- Q09 ---
  DuckDB       2526.65 ms ±  0.00  (175 rows)

--- Q03 ---
  DuckDB       1221.47 ms ±  0.00  (114003 rows)

--- Q19 ---
  DuckDB       1566.75 ms ±  0.00  (1 rows)

--- Q05 ---
  DuckDB       1125.41 ms ±  0.00  (5 rows)

wrote bench-results/sched-arc-2026-07-03/sf10-final/duckdb/s100/batch-3/stream-1.md
