=== TPC-H 22 triangulation bench ===
    data:    /Users/ryanevans/RustroverProjects/ematix-flow/examples/tpch/data/sf10
    queries: 22 ([5, 15, 14, 17, 9, 3, 4, 19, 2, 22, 21, 8, 1, 12, 13, 20, 10, 11, 7, 18, 6, 16])
    trials:  1 (after 0 warmups)
    output:  bench-results/sched-arc-2026-07-03/sf10-final/duckdb/s100/batch-3/stream-61.md

    NOTE: single-invocation output is SMOKE-GRADE only. For win/loss
    claims use scripts/bench/strict_22q.sh / strict_ab.sh /
    strict_throughput.sh (see scripts/bench/README.md).

--- Q05 ---
  DuckDB       1125.87 ms ±  0.00  (5 rows)

--- Q15 ---
  DuckDB        609.07 ms ±  0.00  (1 rows)

--- Q14 ---
  DuckDB        957.12 ms ±  0.00  (1 rows)

--- Q17 ---
  DuckDB       1277.15 ms ±  0.00  (1 rows)

--- Q09 ---
  DuckDB       2328.28 ms ±  0.00  (175 rows)

--- Q03 ---
  DuckDB       1338.30 ms ±  0.00  (114003 rows)

--- Q04 ---
  DuckDB        856.53 ms ±  0.00  (5 rows)

--- Q19 ---
  DuckDB       1591.83 ms ±  0.00  (1 rows)

--- Q02 ---
  DuckDB        305.86 ms ±  0.00  (4667 rows)

--- Q22 ---
  DuckDB        410.45 ms ±  0.00  (7 rows)

--- Q21 ---
  DuckDB       3159.07 ms ±  0.00  (4009 rows)

--- Q08 ---
  DuckDB       1446.00 ms ±  0.00  (2 rows)

--- Q01 ---
  DuckDB       2180.65 ms ±  0.00  (4 rows)

--- Q12 ---
  DuckDB        762.13 ms ±  0.00  (2 rows)

--- Q13 ---
  DuckDB       2204.73 ms ±  0.00  (46 rows)

--- Q20 ---
  DuckDB       1224.27 ms ±  0.00  (1804 rows)

--- Q10 ---
  DuckDB       2101.67 ms ±  0.00  (381105 rows)

--- Q11 ---
  DuckDB        147.51 ms ±  0.00  (8685 rows)

--- Q07 ---
  DuckDB       1355.61 ms ±  0.00  (4 rows)

--- Q18 ---
  DuckDB       1583.32 ms ±  0.00  (624 rows)

--- Q06 ---
  DuckDB        548.93 ms ±  0.00  (1 rows)

--- Q16 ---
  DuckDB        326.64 ms ±  0.00  (27840 rows)

wrote bench-results/sched-arc-2026-07-03/sf10-final/duckdb/s100/batch-3/stream-61.md
