=== TPC-H 22 triangulation bench ===
    data:    /Users/ryanevans/RustroverProjects/ematix-flow/examples/tpch/data/sf10
    queries: 22 ([3, 19, 7, 21, 2, 20, 15, 22, 4, 10, 14, 11, 18, 8, 6, 1, 13, 5, 12, 17, 9, 16])
    trials:  1 (after 0 warmups)
    output:  bench-results/sched-arc-2026-07-03/sf10-final/duckdb/s100/batch-3/stream-12.md

    NOTE: single-invocation output is SMOKE-GRADE only. For win/loss
    claims use scripts/bench/strict_22q.sh / strict_ab.sh /
    strict_throughput.sh (see scripts/bench/README.md).

--- Q03 ---
  DuckDB        884.56 ms ±  0.00  (114003 rows)

--- Q19 ---
  DuckDB       1891.52 ms ±  0.00  (1 rows)

--- Q07 ---
  DuckDB       1331.39 ms ±  0.00  (4 rows)

--- Q21 ---
  DuckDB       3270.80 ms ±  0.00  (4009 rows)

--- Q02 ---
  DuckDB        125.97 ms ±  0.00  (4667 rows)

--- Q20 ---
  DuckDB       1021.71 ms ±  0.00  (1804 rows)

--- Q15 ---
  DuckDB        785.64 ms ±  0.00  (1 rows)

--- Q22 ---
  DuckDB        312.07 ms ±  0.00  (7 rows)

--- Q04 ---
  DuckDB        641.28 ms ±  0.00  (5 rows)

--- Q10 ---
  DuckDB       2270.47 ms ±  0.00  (381105 rows)

--- Q14 ---
  DuckDB        972.08 ms ±  0.00  (1 rows)

--- Q11 ---
  DuckDB        204.86 ms ±  0.00  (8685 rows)

--- Q18 ---
  DuckDB       1738.24 ms ±  0.00  (624 rows)

--- Q08 ---
  DuckDB       1326.08 ms ±  0.00  (2 rows)

--- Q06 ---
  DuckDB        590.45 ms ±  0.00  (1 rows)

--- Q01 ---
  DuckDB       2349.87 ms ±  0.00  (4 rows)

--- Q13 ---
  DuckDB       2250.59 ms ±  0.00  (46 rows)

--- Q05 ---
  DuckDB       1329.34 ms ±  0.00  (5 rows)

--- Q12 ---
  DuckDB        739.56 ms ±  0.00  (2 rows)

--- Q17 ---
  DuckDB       1444.23 ms ±  0.00  (1 rows)

--- Q09 ---
  DuckDB       2534.49 ms ±  0.00  (175 rows)

--- Q16 ---
  DuckDB        468.51 ms ±  0.00  (27840 rows)

wrote bench-results/sched-arc-2026-07-03/sf10-final/duckdb/s100/batch-3/stream-12.md
