=== TPC-H 22 triangulation bench ===
    data:    /Users/ryanevans/RustroverProjects/ematix-flow/examples/tpch/data/sf10
    queries: 22 ([4, 16, 21, 5, 1, 14, 12, 19, 2, 3, 10, 11, 8, 9, 13, 6, 7, 17, 20, 22, 18, 15])
    trials:  1 (after 0 warmups)
    output:  bench-results/sched-arc-2026-07-03/sf10-final/duckdb/s100/batch-3/stream-11.md

    NOTE: single-invocation output is SMOKE-GRADE only. For win/loss
    claims use scripts/bench/strict_22q.sh / strict_ab.sh /
    strict_throughput.sh (see scripts/bench/README.md).

--- Q04 ---
  DuckDB        815.82 ms ±  0.00  (5 rows)

--- Q16 ---
  DuckDB        353.55 ms ±  0.00  (27840 rows)

--- Q21 ---
  DuckDB       3005.89 ms ±  0.00  (4009 rows)

--- Q05 ---
  DuckDB       1256.26 ms ±  0.00  (5 rows)

--- Q01 ---
  DuckDB       2254.52 ms ±  0.00  (4 rows)

--- Q14 ---
  DuckDB       1065.56 ms ±  0.00  (1 rows)

--- Q12 ---
  DuckDB        872.79 ms ±  0.00  (2 rows)

--- Q19 ---
  DuckDB       1426.12 ms ±  0.00  (1 rows)

--- Q02 ---
  DuckDB        381.16 ms ±  0.00  (4667 rows)

--- Q03 ---
  DuckDB       1106.46 ms ±  0.00  (114003 rows)

--- Q10 ---
  DuckDB       1894.51 ms ±  0.00  (381105 rows)

--- Q11 ---
  DuckDB        227.44 ms ±  0.00  (8685 rows)

--- Q08 ---
  DuckDB       1387.29 ms ±  0.00  (2 rows)

--- Q09 ---
  DuckDB       2573.04 ms ±  0.00  (175 rows)

--- Q13 ---
  DuckDB       1887.35 ms ±  0.00  (46 rows)

--- Q06 ---
  DuckDB        625.81 ms ±  0.00  (1 rows)

--- Q07 ---
  DuckDB       1270.33 ms ±  0.00  (4 rows)

--- Q17 ---
  DuckDB       1507.85 ms ±  0.00  (1 rows)

--- Q20 ---
  DuckDB        892.76 ms ±  0.00  (1804 rows)

--- Q22 ---
  DuckDB        245.89 ms ±  0.00  (7 rows)

--- Q18 ---
  DuckDB       1716.51 ms ±  0.00  (624 rows)

--- Q15 ---
  DuckDB        697.62 ms ±  0.00  (1 rows)

wrote bench-results/sched-arc-2026-07-03/sf10-final/duckdb/s100/batch-3/stream-11.md
