=== TPC-H 22 triangulation bench ===
    data:    /Users/ryanevans/RustroverProjects/ematix-flow/examples/tpch/data/sf10
    queries: 22 ([2, 9, 10, 17, 1, 22, 13, 21, 20, 12, 5, 14, 3, 18, 19, 16, 7, 8, 11, 15, 4, 6])
    trials:  1 (after 0 warmups)
    output:  bench-results/sched-arc-2026-07-03/sf10-final/duckdb/s100/batch-3/stream-18.md

    NOTE: single-invocation output is SMOKE-GRADE only. For win/loss
    claims use scripts/bench/strict_22q.sh / strict_ab.sh /
    strict_throughput.sh (see scripts/bench/README.md).

--- Q02 ---
  DuckDB        286.53 ms ±  0.00  (4667 rows)

--- Q09 ---
  DuckDB       2512.26 ms ±  0.00  (175 rows)

--- Q10 ---
  DuckDB       2117.02 ms ±  0.00  (381105 rows)

--- Q17 ---
  DuckDB       1242.78 ms ±  0.00  (1 rows)

--- Q01 ---
  DuckDB       2212.98 ms ±  0.00  (4 rows)

--- Q22 ---
  DuckDB        255.57 ms ±  0.00  (7 rows)

--- Q13 ---
  DuckDB       1842.68 ms ±  0.00  (46 rows)

--- Q21 ---
  DuckDB       3081.47 ms ±  0.00  (4009 rows)

--- Q20 ---
  DuckDB       1042.42 ms ±  0.00  (1804 rows)

--- Q12 ---
  DuckDB       1054.62 ms ±  0.00  (2 rows)

--- Q05 ---
  DuckDB       1070.80 ms ±  0.00  (5 rows)

--- Q14 ---
  DuckDB       1013.62 ms ±  0.00  (1 rows)

--- Q03 ---
  DuckDB       1030.86 ms ±  0.00  (114003 rows)

--- Q18 ---
  DuckDB       2022.73 ms ±  0.00  (624 rows)

--- Q19 ---
  DuckDB       1897.43 ms ±  0.00  (1 rows)

--- Q16 ---
  DuckDB        450.25 ms ±  0.00  (27840 rows)

--- Q07 ---
  DuckDB       1111.08 ms ±  0.00  (4 rows)

--- Q08 ---
  DuckDB       1548.35 ms ±  0.00  (2 rows)

--- Q11 ---
  DuckDB        302.70 ms ±  0.00  (8685 rows)

--- Q15 ---
  DuckDB        590.82 ms ±  0.00  (1 rows)

--- Q04 ---
  DuckDB        704.87 ms ±  0.00  (5 rows)

--- Q06 ---
  DuckDB        422.50 ms ±  0.00  (1 rows)

wrote bench-results/sched-arc-2026-07-03/sf10-final/duckdb/s100/batch-3/stream-18.md
