=== TPC-H 22 triangulation bench ===
    data:    /Users/ryanevans/RustroverProjects/ematix-flow/examples/tpch/data/sf10
    queries: 22 ([13, 5, 9, 8, 1, 14, 2, 7, 4, 21, 22, 16, 11, 15, 17, 10, 19, 18, 12, 6, 20, 3])
    trials:  1 (after 0 warmups)
    output:  bench-results/sched-arc-2026-07-03/sf10-final/duckdb/s100/batch-3/stream-72.md

    NOTE: single-invocation output is SMOKE-GRADE only. For win/loss
    claims use scripts/bench/strict_22q.sh / strict_ab.sh /
    strict_throughput.sh (see scripts/bench/README.md).

--- Q13 ---
  DuckDB       1749.19 ms ±  0.00  (46 rows)

--- Q05 ---
  DuckDB       1173.33 ms ±  0.00  (5 rows)

--- Q09 ---
  DuckDB       2310.10 ms ±  0.00  (175 rows)

--- Q08 ---
  DuckDB       1378.20 ms ±  0.00  (2 rows)

--- Q01 ---
  DuckDB       2479.74 ms ±  0.00  (4 rows)

--- Q14 ---
  DuckDB        927.08 ms ±  0.00  (1 rows)

--- Q02 ---
  DuckDB        415.99 ms ±  0.00  (4667 rows)

--- Q07 ---
  DuckDB       1233.21 ms ±  0.00  (4 rows)

--- Q04 ---
  DuckDB        782.55 ms ±  0.00  (5 rows)

--- Q21 ---
  DuckDB       3171.06 ms ±  0.00  (4009 rows)

--- Q22 ---
  DuckDB        590.01 ms ±  0.00  (7 rows)

--- Q16 ---
  DuckDB        507.92 ms ±  0.00  (27840 rows)

--- Q11 ---
  DuckDB        163.80 ms ±  0.00  (8685 rows)

--- Q15 ---
  DuckDB        649.30 ms ±  0.00  (1 rows)

--- Q17 ---
  DuckDB       1445.64 ms ±  0.00  (1 rows)

--- Q10 ---
  DuckDB       1836.74 ms ±  0.00  (381105 rows)

--- Q19 ---
  DuckDB       1342.74 ms ±  0.00  (1 rows)

--- Q18 ---
  DuckDB       1573.60 ms ±  0.00  (624 rows)

--- Q12 ---
  DuckDB       1017.81 ms ±  0.00  (2 rows)

--- Q06 ---
  DuckDB        663.70 ms ±  0.00  (1 rows)

--- Q20 ---
  DuckDB       1432.89 ms ±  0.00  (1804 rows)

--- Q03 ---
  DuckDB       1090.94 ms ±  0.00  (114003 rows)

wrote bench-results/sched-arc-2026-07-03/sf10-final/duckdb/s100/batch-3/stream-72.md
