=== TPC-H 22 triangulation bench ===
    data:    /Users/ryanevans/RustroverProjects/ematix-flow/examples/tpch/data/sf10
    queries: 22 ([12, 5, 4, 18, 1, 6, 7, 17, 11, 22, 19, 2, 16, 13, 20, 9, 21, 15, 8, 14, 10, 3])
    trials:  1 (after 0 warmups)
    output:  bench-results/sched-arc-2026-07-03/sf10-final/duckdb/s100/batch-3/stream-66.md

    NOTE: single-invocation output is SMOKE-GRADE only. For win/loss
    claims use scripts/bench/strict_22q.sh / strict_ab.sh /
    strict_throughput.sh (see scripts/bench/README.md).

--- Q12 ---
  DuckDB        916.85 ms ±  0.00  (2 rows)

--- Q05 ---
  DuckDB       1024.06 ms ±  0.00  (5 rows)

--- Q04 ---
  DuckDB        696.36 ms ±  0.00  (5 rows)

--- Q18 ---
  DuckDB       1840.80 ms ±  0.00  (624 rows)

--- Q01 ---
  DuckDB       2291.01 ms ±  0.00  (4 rows)

--- Q06 ---
  DuckDB        574.72 ms ±  0.00  (1 rows)

--- Q07 ---
  DuckDB       1133.04 ms ±  0.00  (4 rows)

--- Q17 ---
  DuckDB       1328.09 ms ±  0.00  (1 rows)

--- Q11 ---
  DuckDB        141.08 ms ±  0.00  (8685 rows)

--- Q22 ---
  DuckDB        434.63 ms ±  0.00  (7 rows)

--- Q19 ---
  DuckDB       1497.06 ms ±  0.00  (1 rows)

--- Q02 ---
  DuckDB        227.08 ms ±  0.00  (4667 rows)

--- Q16 ---
  DuckDB        471.87 ms ±  0.00  (27840 rows)

--- Q13 ---
  DuckDB       2202.80 ms ±  0.00  (46 rows)

--- Q20 ---
  DuckDB       1081.71 ms ±  0.00  (1804 rows)

--- Q09 ---
  DuckDB       2710.88 ms ±  0.00  (175 rows)

--- Q21 ---
  DuckDB       3370.52 ms ±  0.00  (4009 rows)

--- Q15 ---
  DuckDB        843.66 ms ±  0.00  (1 rows)

--- Q08 ---
  DuckDB       1291.65 ms ±  0.00  (2 rows)

--- Q14 ---
  DuckDB        809.77 ms ±  0.00  (1 rows)

--- Q10 ---
  DuckDB       1604.45 ms ±  0.00  (381105 rows)

--- Q03 ---
  DuckDB       1114.96 ms ±  0.00  (114003 rows)

wrote bench-results/sched-arc-2026-07-03/sf10-final/duckdb/s100/batch-3/stream-66.md
