=== TPC-H 22 triangulation bench ===
    data:    /Users/ryanevans/RustroverProjects/ematix-flow/examples/tpch/data/sf10
    queries: 22 ([17, 2, 3, 14, 11, 22, 9, 1, 12, 21, 7, 19, 6, 8, 4, 13, 20, 16, 10, 18, 15, 5])
    trials:  1 (after 0 warmups)
    output:  bench-results/sched-arc-2026-07-03/sf10-final/duckdb/s100/batch-3/stream-54.md

    NOTE: single-invocation output is SMOKE-GRADE only. For win/loss
    claims use scripts/bench/strict_22q.sh / strict_ab.sh /
    strict_throughput.sh (see scripts/bench/README.md).

--- Q17 ---
  DuckDB       1115.19 ms ±  0.00  (1 rows)

--- Q02 ---
  DuckDB        305.27 ms ±  0.00  (4667 rows)

--- Q03 ---
  DuckDB       1242.99 ms ±  0.00  (114003 rows)

--- Q14 ---
  DuckDB        822.68 ms ±  0.00  (1 rows)

--- Q11 ---
  DuckDB        211.37 ms ±  0.00  (8685 rows)

--- Q22 ---
  DuckDB        471.19 ms ±  0.00  (7 rows)

--- Q09 ---
  DuckDB       2501.57 ms ±  0.00  (175 rows)

--- Q01 ---
  DuckDB       1986.75 ms ±  0.00  (4 rows)

--- Q12 ---
  DuckDB        973.03 ms ±  0.00  (2 rows)

--- Q21 ---
  DuckDB       3238.06 ms ±  0.00  (4009 rows)

--- Q07 ---
  DuckDB       1197.95 ms ±  0.00  (4 rows)

--- Q19 ---
  DuckDB       1876.45 ms ±  0.00  (1 rows)

--- Q06 ---
  DuckDB        486.92 ms ±  0.00  (1 rows)

--- Q08 ---
  DuckDB       1487.99 ms ±  0.00  (2 rows)

--- Q04 ---
  DuckDB        906.85 ms ±  0.00  (5 rows)

--- Q13 ---
  DuckDB       2099.20 ms ±  0.00  (46 rows)

--- Q20 ---
  DuckDB       1273.21 ms ±  0.00  (1804 rows)

--- Q16 ---
  DuckDB        364.54 ms ±  0.00  (27840 rows)

--- Q10 ---
  DuckDB       1848.04 ms ±  0.00  (381105 rows)

--- Q18 ---
  DuckDB       1790.53 ms ±  0.00  (624 rows)

--- Q15 ---
  DuckDB        574.54 ms ±  0.00  (1 rows)

--- Q05 ---
  DuckDB       1234.08 ms ±  0.00  (5 rows)

wrote bench-results/sched-arc-2026-07-03/sf10-final/duckdb/s100/batch-3/stream-54.md
