=== TPC-H 22 triangulation bench ===
    data:    /Users/ryanevans/RustroverProjects/ematix-flow/examples/tpch/data/sf10
    queries: 22 ([22, 17, 14, 10, 9, 16, 4, 8, 1, 5, 3, 12, 2, 15, 11, 18, 21, 20, 7, 6, 19, 13])
    trials:  1 (after 0 warmups)
    output:  bench-results/sched-arc-2026-07-03/sf10-final/duckdb/s100/batch-3/stream-24.md

    NOTE: single-invocation output is SMOKE-GRADE only. For win/loss
    claims use scripts/bench/strict_22q.sh / strict_ab.sh /
    strict_throughput.sh (see scripts/bench/README.md).

--- Q22 ---
  DuckDB        327.71 ms ±  0.00  (7 rows)

--- Q17 ---
  DuckDB       1191.91 ms ±  0.00  (1 rows)

--- Q14 ---
  DuckDB       1213.09 ms ±  0.00  (1 rows)

--- Q10 ---
  DuckDB       2103.46 ms ±  0.00  (381105 rows)

--- Q09 ---
  DuckDB       2611.49 ms ±  0.00  (175 rows)

--- Q16 ---
  DuckDB        408.99 ms ±  0.00  (27840 rows)

--- Q04 ---
  DuckDB        797.41 ms ±  0.00  (5 rows)

--- Q08 ---
  DuckDB       1417.86 ms ±  0.00  (2 rows)

--- Q01 ---
  DuckDB       2364.57 ms ±  0.00  (4 rows)

--- Q05 ---
  DuckDB       1234.72 ms ±  0.00  (5 rows)

--- Q03 ---
  DuckDB       1281.52 ms ±  0.00  (114003 rows)

--- Q12 ---
  DuckDB        862.08 ms ±  0.00  (2 rows)

--- Q02 ---
  DuckDB        246.90 ms ±  0.00  (4667 rows)

--- Q15 ---
  DuckDB        722.43 ms ±  0.00  (1 rows)

--- Q11 ---
  DuckDB        290.38 ms ±  0.00  (8685 rows)

--- Q18 ---
  DuckDB       1817.69 ms ±  0.00  (624 rows)

--- Q21 ---
  DuckDB       3058.93 ms ±  0.00  (4009 rows)

--- Q20 ---
  DuckDB       1339.86 ms ±  0.00  (1804 rows)

--- Q07 ---
  DuckDB       1188.91 ms ±  0.00  (4 rows)

--- Q06 ---
  DuckDB        644.92 ms ±  0.00  (1 rows)

--- Q19 ---
  DuckDB       1668.74 ms ±  0.00  (1 rows)

--- Q13 ---
  DuckDB       2118.46 ms ±  0.00  (46 rows)

wrote bench-results/sched-arc-2026-07-03/sf10-final/duckdb/s100/batch-3/stream-24.md
