=== TPC-H 22 triangulation bench ===
    data:    /Users/ryanevans/RustroverProjects/ematix-flow/examples/tpch/data/sf10
    queries: 22 ([2, 4, 15, 18, 17, 14, 21, 16, 3, 6, 5, 11, 19, 10, 12, 20, 8, 22, 1, 13, 9, 7])
    trials:  1 (after 0 warmups)
    output:  bench-results/sched-arc-2026-07-03/sf10-final/duckdb/s100/batch-3/stream-39.md

    NOTE: single-invocation output is SMOKE-GRADE only. For win/loss
    claims use scripts/bench/strict_22q.sh / strict_ab.sh /
    strict_throughput.sh (see scripts/bench/README.md).

--- Q02 ---
  DuckDB        351.78 ms ±  0.00  (4667 rows)

--- Q04 ---
  DuckDB        782.86 ms ±  0.00  (5 rows)

--- Q15 ---
  DuckDB        730.01 ms ±  0.00  (1 rows)

--- Q18 ---
  DuckDB       1980.63 ms ±  0.00  (624 rows)

--- Q17 ---
  DuckDB       1063.22 ms ±  0.00  (1 rows)

--- Q14 ---
  DuckDB        849.11 ms ±  0.00  (1 rows)

--- Q21 ---
  DuckDB       3095.61 ms ±  0.00  (4009 rows)

--- Q16 ---
  DuckDB        625.87 ms ±  0.00  (27840 rows)

--- Q03 ---
  DuckDB       1280.59 ms ±  0.00  (114003 rows)

--- Q06 ---
  DuckDB        672.23 ms ±  0.00  (1 rows)

--- Q05 ---
  DuckDB       1427.96 ms ±  0.00  (5 rows)

--- Q11 ---
  DuckDB        188.82 ms ±  0.00  (8685 rows)

--- Q19 ---
  DuckDB       1552.41 ms ±  0.00  (1 rows)

--- Q10 ---
  DuckDB       2186.63 ms ±  0.00  (381105 rows)

--- Q12 ---
  DuckDB        995.82 ms ±  0.00  (2 rows)

--- Q20 ---
  DuckDB       1067.91 ms ±  0.00  (1804 rows)

--- Q08 ---
  DuckDB       1448.38 ms ±  0.00  (2 rows)

--- Q22 ---
  DuckDB        262.72 ms ±  0.00  (7 rows)

--- Q01 ---
  DuckDB       2200.24 ms ±  0.00  (4 rows)

--- Q13 ---
  DuckDB       2016.60 ms ±  0.00  (46 rows)

--- Q09 ---
  DuckDB       2373.13 ms ±  0.00  (175 rows)

--- Q07 ---
  DuckDB       1080.20 ms ±  0.00  (4 rows)

wrote bench-results/sched-arc-2026-07-03/sf10-final/duckdb/s100/batch-3/stream-39.md
