=== TPC-H 22 triangulation bench ===
    data:    /Users/ryanevans/RustroverProjects/ematix-flow/examples/tpch/data/sf10
    queries: 22 ([10, 8, 6, 15, 17, 9, 14, 22, 2, 3, 21, 11, 19, 12, 5, 7, 1, 18, 13, 20, 4, 16])
    trials:  1 (after 0 warmups)
    output:  bench-results/sched-arc-2026-07-03/sf10-final/duckdb/s100/batch-3/stream-64.md

    NOTE: single-invocation output is SMOKE-GRADE only. For win/loss
    claims use scripts/bench/strict_22q.sh / strict_ab.sh /
    strict_throughput.sh (see scripts/bench/README.md).

--- Q10 ---
  DuckDB       1745.20 ms ±  0.00  (381105 rows)

--- Q08 ---
  DuckDB        999.88 ms ±  0.00  (2 rows)

--- Q06 ---
  DuckDB        666.43 ms ±  0.00  (1 rows)

--- Q15 ---
  DuckDB        633.15 ms ±  0.00  (1 rows)

--- Q17 ---
  DuckDB       1562.44 ms ±  0.00  (1 rows)

--- Q09 ---
  DuckDB       2539.81 ms ±  0.00  (175 rows)

--- Q14 ---
  DuckDB        917.53 ms ±  0.00  (1 rows)

--- Q22 ---
  DuckDB        390.83 ms ±  0.00  (7 rows)

--- Q02 ---
  DuckDB        215.90 ms ±  0.00  (4667 rows)

--- Q03 ---
  DuckDB       1099.98 ms ±  0.00  (114003 rows)

--- Q21 ---
  DuckDB       3498.70 ms ±  0.00  (4009 rows)

--- Q11 ---
  DuckDB        146.92 ms ±  0.00  (8685 rows)

--- Q19 ---
  DuckDB       1588.81 ms ±  0.00  (1 rows)

--- Q12 ---
  DuckDB        762.35 ms ±  0.00  (2 rows)

--- Q05 ---
  DuckDB       1135.63 ms ±  0.00  (5 rows)

--- Q07 ---
  DuckDB       1220.15 ms ±  0.00  (4 rows)

--- Q01 ---
  DuckDB       2285.60 ms ±  0.00  (4 rows)

--- Q18 ---
  DuckDB       1924.89 ms ±  0.00  (624 rows)

--- Q13 ---
  DuckDB       1953.29 ms ±  0.00  (46 rows)

--- Q20 ---
  DuckDB       1065.65 ms ±  0.00  (1804 rows)

--- Q04 ---
  DuckDB        669.94 ms ±  0.00  (5 rows)

--- Q16 ---
  DuckDB        313.31 ms ±  0.00  (27840 rows)

wrote bench-results/sched-arc-2026-07-03/sf10-final/duckdb/s100/batch-3/stream-64.md
