=== TPC-H 22 triangulation bench ===
    data:    /Users/ryanevans/RustroverProjects/ematix-flow/examples/tpch/data/sf10
    queries: 22 ([20, 2, 13, 7, 1, 10, 22, 3, 21, 9, 18, 6, 11, 12, 5, 16, 14, 8, 19, 4, 17, 15])
    trials:  1 (after 0 warmups)
    output:  bench-results/sched-arc-2026-07-03/sf10-final/duckdb/s100/batch-3/stream-68.md

    NOTE: single-invocation output is SMOKE-GRADE only. For win/loss
    claims use scripts/bench/strict_22q.sh / strict_ab.sh /
    strict_throughput.sh (see scripts/bench/README.md).

--- Q20 ---
  DuckDB       1131.89 ms ±  0.00  (1804 rows)

--- Q02 ---
  DuckDB        259.84 ms ±  0.00  (4667 rows)

--- Q13 ---
  DuckDB       2108.54 ms ±  0.00  (46 rows)

--- Q07 ---
  DuckDB       1299.55 ms ±  0.00  (4 rows)

--- Q01 ---
  DuckDB       2192.83 ms ±  0.00  (4 rows)

--- Q10 ---
  DuckDB       2048.38 ms ±  0.00  (381105 rows)

--- Q22 ---
  DuckDB        602.77 ms ±  0.00  (7 rows)

--- Q03 ---
  DuckDB       1115.34 ms ±  0.00  (114003 rows)

--- Q21 ---
  DuckDB       3305.55 ms ±  0.00  (4009 rows)

--- Q09 ---
  DuckDB       2514.39 ms ±  0.00  (175 rows)

--- Q18 ---
  DuckDB       1876.35 ms ±  0.00  (624 rows)

--- Q06 ---
  DuckDB        735.63 ms ±  0.00  (1 rows)

--- Q11 ---
  DuckDB        174.29 ms ±  0.00  (8685 rows)

--- Q12 ---
  DuckDB        974.47 ms ±  0.00  (2 rows)

--- Q05 ---
  DuckDB       1231.08 ms ±  0.00  (5 rows)

--- Q16 ---
  DuckDB        482.44 ms ±  0.00  (27840 rows)

--- Q14 ---
  DuckDB       1054.74 ms ±  0.00  (1 rows)

--- Q08 ---
  DuckDB       1045.12 ms ±  0.00  (2 rows)

--- Q19 ---
  DuckDB       1626.03 ms ±  0.00  (1 rows)

--- Q04 ---
  DuckDB        681.36 ms ±  0.00  (5 rows)

--- Q17 ---
  DuckDB       1135.15 ms ±  0.00  (1 rows)

--- Q15 ---
  DuckDB        668.43 ms ±  0.00  (1 rows)

wrote bench-results/sched-arc-2026-07-03/sf10-final/duckdb/s100/batch-3/stream-68.md
