=== TPC-H 22 triangulation bench ===
    data:    /Users/ryanevans/RustroverProjects/ematix-flow/examples/tpch/data/sf10
    queries: 22 ([22, 9, 18, 1, 11, 7, 2, 14, 21, 10, 12, 4, 5, 16, 8, 17, 15, 13, 20, 6, 19, 3])
    trials:  1 (after 0 warmups)
    output:  bench-results/sched-arc-2026-07-03/sf10-final/duckdb/s100/batch-3/stream-91.md

    NOTE: single-invocation output is SMOKE-GRADE only. For win/loss
    claims use scripts/bench/strict_22q.sh / strict_ab.sh /
    strict_throughput.sh (see scripts/bench/README.md).

--- Q22 ---
  DuckDB        416.06 ms ±  0.00  (7 rows)

--- Q09 ---
  DuckDB       2515.89 ms ±  0.00  (175 rows)

--- Q18 ---
  DuckDB       1687.02 ms ±  0.00  (624 rows)

--- Q01 ---
  DuckDB       2059.74 ms ±  0.00  (4 rows)

--- Q11 ---
  DuckDB        168.80 ms ±  0.00  (8685 rows)

--- Q07 ---
  DuckDB       1209.03 ms ±  0.00  (4 rows)

--- Q02 ---
  DuckDB        317.61 ms ±  0.00  (4667 rows)

--- Q14 ---
  DuckDB       1035.57 ms ±  0.00  (1 rows)

--- Q21 ---
  DuckDB       3187.12 ms ±  0.00  (4009 rows)

--- Q10 ---
  DuckDB       1942.71 ms ±  0.00  (381105 rows)

--- Q12 ---
  DuckDB        942.94 ms ±  0.00  (2 rows)

--- Q04 ---
  DuckDB        804.67 ms ±  0.00  (5 rows)

--- Q05 ---
  DuckDB       1031.32 ms ±  0.00  (5 rows)

--- Q16 ---
  DuckDB        541.97 ms ±  0.00  (27840 rows)

--- Q08 ---
  DuckDB       1414.17 ms ±  0.00  (2 rows)

--- Q17 ---
  DuckDB       1321.66 ms ±  0.00  (1 rows)

--- Q15 ---
  DuckDB        710.85 ms ±  0.00  (1 rows)

--- Q13 ---
  DuckDB       2020.14 ms ±  0.00  (46 rows)

--- Q20 ---
  DuckDB       1165.91 ms ±  0.00  (1804 rows)

--- Q06 ---
  DuckDB        538.25 ms ±  0.00  (1 rows)

--- Q19 ---
  DuckDB       1642.90 ms ±  0.00  (1 rows)

--- Q03 ---
  DuckDB       1221.41 ms ±  0.00  (114003 rows)

wrote bench-results/sched-arc-2026-07-03/sf10-final/duckdb/s100/batch-3/stream-91.md
