=== TPC-H 22 triangulation bench ===
    data:    /Users/ryanevans/RustroverProjects/ematix-flow/examples/tpch/data/sf10
    queries: 22 ([20, 19, 2, 5, 7, 8, 17, 9, 16, 13, 18, 11, 10, 1, 6, 15, 12, 3, 4, 22, 14, 21])
    trials:  1 (after 0 warmups)
    output:  bench-results/sched-arc-2026-07-03/sf10-final/duckdb/s100/batch-3/stream-38.md

    NOTE: single-invocation output is SMOKE-GRADE only. For win/loss
    claims use scripts/bench/strict_22q.sh / strict_ab.sh /
    strict_throughput.sh (see scripts/bench/README.md).

--- Q20 ---
  DuckDB       1065.78 ms ±  0.00  (1804 rows)

--- Q19 ---
  DuckDB       1780.45 ms ±  0.00  (1 rows)

--- Q02 ---
  DuckDB        221.95 ms ±  0.00  (4667 rows)

--- Q05 ---
  DuckDB       1283.58 ms ±  0.00  (5 rows)

--- Q07 ---
  DuckDB       1233.13 ms ±  0.00  (4 rows)

--- Q08 ---
  DuckDB       1317.21 ms ±  0.00  (2 rows)

--- Q17 ---
  DuckDB       1205.47 ms ±  0.00  (1 rows)

--- Q09 ---
  DuckDB       2301.00 ms ±  0.00  (175 rows)

--- Q16 ---
  DuckDB        526.93 ms ±  0.00  (27840 rows)

--- Q13 ---
  DuckDB       2009.66 ms ±  0.00  (46 rows)

--- Q18 ---
  DuckDB       1798.00 ms ±  0.00  (624 rows)

--- Q11 ---
  DuckDB        118.62 ms ±  0.00  (8685 rows)

--- Q10 ---
  DuckDB       1887.51 ms ±  0.00  (381105 rows)

--- Q01 ---
  DuckDB       2384.58 ms ±  0.00  (4 rows)

--- Q06 ---
  DuckDB        480.28 ms ±  0.00  (1 rows)

--- Q15 ---
  DuckDB        745.42 ms ±  0.00  (1 rows)

--- Q12 ---
  DuckDB        968.92 ms ±  0.00  (2 rows)

--- Q03 ---
  DuckDB       1102.42 ms ±  0.00  (114003 rows)

--- Q04 ---
  DuckDB        539.88 ms ±  0.00  (5 rows)

--- Q22 ---
  DuckDB        441.97 ms ±  0.00  (7 rows)

--- Q14 ---
  DuckDB        894.20 ms ±  0.00  (1 rows)

--- Q21 ---
  DuckDB       2976.35 ms ±  0.00  (4009 rows)

wrote bench-results/sched-arc-2026-07-03/sf10-final/duckdb/s100/batch-3/stream-38.md
