=== TPC-H 22 triangulation bench ===
    data:    /Users/ryanevans/RustroverProjects/ematix-flow/examples/tpch/data/sf10
    queries: 22 ([14, 16, 4, 22, 15, 18, 7, 11, 6, 20, 12, 1, 21, 9, 10, 5, 17, 8, 19, 2, 13, 3])
    trials:  1 (after 0 warmups)
    output:  bench-results/sched-arc-2026-07-03/sf10-final/duckdb/s100/batch-3/stream-46.md

    NOTE: single-invocation output is SMOKE-GRADE only. For win/loss
    claims use scripts/bench/strict_22q.sh / strict_ab.sh /
    strict_throughput.sh (see scripts/bench/README.md).

--- Q14 ---
  DuckDB        951.46 ms ±  0.00  (1 rows)

--- Q16 ---
  DuckDB        509.46 ms ±  0.00  (27840 rows)

--- Q04 ---
  DuckDB        760.59 ms ±  0.00  (5 rows)

--- Q22 ---
  DuckDB        520.84 ms ±  0.00  (7 rows)

--- Q15 ---
  DuckDB        648.21 ms ±  0.00  (1 rows)

--- Q18 ---
  DuckDB       1939.04 ms ±  0.00  (624 rows)

--- Q07 ---
  DuckDB       1199.30 ms ±  0.00  (4 rows)

--- Q11 ---
  DuckDB        211.62 ms ±  0.00  (8685 rows)

--- Q06 ---
  DuckDB        461.40 ms ±  0.00  (1 rows)

--- Q20 ---
  DuckDB        999.43 ms ±  0.00  (1804 rows)

--- Q12 ---
  DuckDB        774.95 ms ±  0.00  (2 rows)

--- Q01 ---
  DuckDB       2149.66 ms ±  0.00  (4 rows)

--- Q21 ---
  DuckDB       3141.98 ms ±  0.00  (4009 rows)

--- Q09 ---
  DuckDB       2697.76 ms ±  0.00  (175 rows)

--- Q10 ---
  DuckDB       2214.86 ms ±  0.00  (381105 rows)

--- Q05 ---
  DuckDB       1030.04 ms ±  0.00  (5 rows)

--- Q17 ---
  DuckDB       1413.81 ms ±  0.00  (1 rows)

--- Q08 ---
  DuckDB       1639.72 ms ±  0.00  (2 rows)

--- Q19 ---
  DuckDB       1658.11 ms ±  0.00  (1 rows)

--- Q02 ---
  DuckDB        310.56 ms ±  0.00  (4667 rows)

--- Q13 ---
  DuckDB       1846.85 ms ±  0.00  (46 rows)

--- Q03 ---
  DuckDB       1017.66 ms ±  0.00  (114003 rows)

wrote bench-results/sched-arc-2026-07-03/sf10-final/duckdb/s100/batch-3/stream-46.md
