=== TPC-H 22 triangulation bench ===
    data:    /Users/ryanevans/RustroverProjects/ematix-flow/examples/tpch/data/sf10
    queries: 22 ([14, 17, 22, 7, 21, 4, 11, 2, 16, 5, 1, 13, 18, 9, 20, 12, 10, 15, 8, 3, 6, 19])
    trials:  1 (after 0 warmups)
    output:  bench-results/sched-arc-2026-07-03/sf10-final/duckdb/s100/batch-3/stream-62.md

    NOTE: single-invocation output is SMOKE-GRADE only. For win/loss
    claims use scripts/bench/strict_22q.sh / strict_ab.sh /
    strict_throughput.sh (see scripts/bench/README.md).

--- Q14 ---
  DuckDB       1032.62 ms ±  0.00  (1 rows)

--- Q17 ---
  DuckDB       1383.75 ms ±  0.00  (1 rows)

--- Q22 ---
  DuckDB        403.29 ms ±  0.00  (7 rows)

--- Q07 ---
  DuckDB       1048.17 ms ±  0.00  (4 rows)

--- Q21 ---
  DuckDB       3504.57 ms ±  0.00  (4009 rows)

--- Q04 ---
  DuckDB        761.57 ms ±  0.00  (5 rows)

--- Q11 ---
  DuckDB        108.42 ms ±  0.00  (8685 rows)

--- Q02 ---
  DuckDB        316.99 ms ±  0.00  (4667 rows)

--- Q16 ---
  DuckDB        374.06 ms ±  0.00  (27840 rows)

--- Q05 ---
  DuckDB       1123.73 ms ±  0.00  (5 rows)

--- Q01 ---
  DuckDB       1976.10 ms ±  0.00  (4 rows)

--- Q13 ---
  DuckDB       1795.09 ms ±  0.00  (46 rows)

--- Q18 ---
  DuckDB       2074.78 ms ±  0.00  (624 rows)

--- Q09 ---
  DuckDB       2043.35 ms ±  0.00  (175 rows)

--- Q20 ---
  DuckDB       1365.55 ms ±  0.00  (1804 rows)

--- Q12 ---
  DuckDB        915.44 ms ±  0.00  (2 rows)

--- Q10 ---
  DuckDB       2333.71 ms ±  0.00  (381105 rows)

--- Q15 ---
  DuckDB        688.27 ms ±  0.00  (1 rows)

--- Q08 ---
  DuckDB       1540.94 ms ±  0.00  (2 rows)

--- Q03 ---
  DuckDB       1052.24 ms ±  0.00  (114003 rows)

--- Q06 ---
  DuckDB        488.15 ms ±  0.00  (1 rows)

--- Q19 ---
  DuckDB       1626.42 ms ±  0.00  (1 rows)

wrote bench-results/sched-arc-2026-07-03/sf10-final/duckdb/s100/batch-3/stream-62.md
