=== TPC-H 22 triangulation bench ===
    data:    /Users/ryanevans/RustroverProjects/ematix-flow/examples/tpch/data/sf10
    queries: 22 ([8, 15, 10, 21, 1, 11, 18, 17, 2, 13, 16, 4, 6, 7, 14, 19, 22, 12, 5, 9, 20, 3])
    trials:  1 (after 0 warmups)
    output:  bench-results/sched-arc-2026-07-03/sf10-final/duckdb/s100/batch-3/stream-89.md

    NOTE: single-invocation output is SMOKE-GRADE only. For win/loss
    claims use scripts/bench/strict_22q.sh / strict_ab.sh /
    strict_throughput.sh (see scripts/bench/README.md).

--- Q08 ---
  DuckDB       1369.06 ms ±  0.00  (2 rows)

--- Q15 ---
  DuckDB        671.87 ms ±  0.00  (1 rows)

--- Q10 ---
  DuckDB       1989.94 ms ±  0.00  (381105 rows)

--- Q21 ---
  DuckDB       3350.79 ms ±  0.00  (4009 rows)

--- Q01 ---
  DuckDB       2316.29 ms ±  0.00  (4 rows)

--- Q11 ---
  DuckDB        123.34 ms ±  0.00  (8685 rows)

--- Q18 ---
  DuckDB       1879.92 ms ±  0.00  (624 rows)

--- Q17 ---
  DuckDB       1286.15 ms ±  0.00  (1 rows)

--- Q02 ---
  DuckDB        405.27 ms ±  0.00  (4667 rows)

--- Q13 ---
  DuckDB       2017.91 ms ±  0.00  (46 rows)

--- Q16 ---
  DuckDB        243.74 ms ±  0.00  (27840 rows)

--- Q04 ---
  DuckDB        835.38 ms ±  0.00  (5 rows)

--- Q06 ---
  DuckDB        467.07 ms ±  0.00  (1 rows)

--- Q07 ---
  DuckDB        965.83 ms ±  0.00  (4 rows)

--- Q14 ---
  DuckDB        749.61 ms ±  0.00  (1 rows)

--- Q19 ---
  DuckDB       1660.37 ms ±  0.00  (1 rows)

--- Q22 ---
  DuckDB        472.01 ms ±  0.00  (7 rows)

--- Q12 ---
  DuckDB        858.31 ms ±  0.00  (2 rows)

--- Q05 ---
  DuckDB       1098.67 ms ±  0.00  (5 rows)

--- Q09 ---
  DuckDB       2220.93 ms ±  0.00  (175 rows)

--- Q20 ---
  DuckDB        962.64 ms ±  0.00  (1804 rows)

--- Q03 ---
  DuckDB       1187.46 ms ±  0.00  (114003 rows)

wrote bench-results/sched-arc-2026-07-03/sf10-final/duckdb/s100/batch-3/stream-89.md
