=== TPC-H 22 triangulation bench ===
    data:    /Users/ryanevans/RustroverProjects/ematix-flow/examples/tpch/data/sf10
    queries: 22 ([22, 12, 11, 19, 21, 15, 18, 6, 20, 14, 17, 9, 7, 1, 2, 3, 5, 16, 13, 4, 10, 8])
    trials:  1 (after 0 warmups)
    output:  bench-results/sched-arc-2026-07-03/sf10-final/duckdb/s100/batch-3/stream-4.md

    NOTE: single-invocation output is SMOKE-GRADE only. For win/loss
    claims use scripts/bench/strict_22q.sh / strict_ab.sh /
    strict_throughput.sh (see scripts/bench/README.md).

--- Q22 ---
  DuckDB        167.32 ms ±  0.00  (7 rows)

--- Q12 ---
  DuckDB        974.90 ms ±  0.00  (2 rows)

--- Q11 ---
  DuckDB        286.79 ms ±  0.00  (8685 rows)

--- Q19 ---
  DuckDB       1721.99 ms ±  0.00  (1 rows)

--- Q21 ---
  DuckDB       3718.35 ms ±  0.00  (4009 rows)

--- Q15 ---
  DuckDB        917.82 ms ±  0.00  (1 rows)

--- Q18 ---
  DuckDB       1702.19 ms ±  0.00  (624 rows)

--- Q06 ---
  DuckDB        507.64 ms ±  0.00  (1 rows)

--- Q20 ---
  DuckDB        970.39 ms ±  0.00  (1804 rows)

--- Q14 ---
  DuckDB       1167.51 ms ±  0.00  (1 rows)

--- Q17 ---
  DuckDB       1214.60 ms ±  0.00  (1 rows)

--- Q09 ---
  DuckDB       2548.43 ms ±  0.00  (175 rows)

--- Q07 ---
  DuckDB       1278.93 ms ±  0.00  (4 rows)

--- Q01 ---
  DuckDB       2167.75 ms ±  0.00  (4 rows)

--- Q02 ---
  DuckDB        510.89 ms ±  0.00  (4667 rows)

--- Q03 ---
  DuckDB       1089.32 ms ±  0.00  (114003 rows)

--- Q05 ---
  DuckDB       1157.61 ms ±  0.00  (5 rows)

--- Q16 ---
  DuckDB        538.13 ms ±  0.00  (27840 rows)

--- Q13 ---
  DuckDB       2015.08 ms ±  0.00  (46 rows)

--- Q04 ---
  DuckDB        782.56 ms ±  0.00  (5 rows)

--- Q10 ---
  DuckDB       1823.61 ms ±  0.00  (381105 rows)

--- Q08 ---
  DuckDB       1412.89 ms ±  0.00  (2 rows)

wrote bench-results/sched-arc-2026-07-03/sf10-final/duckdb/s100/batch-3/stream-4.md
