=== TPC-H 22 triangulation bench ===
    data:    /Users/ryanevans/RustroverProjects/ematix-flow/examples/tpch/data/sf10
    queries: 22 ([7, 16, 17, 15, 11, 18, 2, 20, 8, 5, 4, 12, 21, 6, 9, 13, 14, 22, 19, 1, 3, 10])
    trials:  1 (after 0 warmups)
    output:  bench-results/sched-arc-2026-07-03/sf10-final/duckdb/s100/batch-3/stream-23.md

    NOTE: single-invocation output is SMOKE-GRADE only. For win/loss
    claims use scripts/bench/strict_22q.sh / strict_ab.sh /
    strict_throughput.sh (see scripts/bench/README.md).

--- Q07 ---
  DuckDB        932.71 ms ±  0.00  (4 rows)

--- Q16 ---
  DuckDB        506.69 ms ±  0.00  (27840 rows)

--- Q17 ---
  DuckDB       1505.28 ms ±  0.00  (1 rows)

--- Q15 ---
  DuckDB        716.70 ms ±  0.00  (1 rows)

--- Q11 ---
  DuckDB        171.35 ms ±  0.00  (8685 rows)

--- Q18 ---
  DuckDB       1841.42 ms ±  0.00  (624 rows)

--- Q02 ---
  DuckDB        263.08 ms ±  0.00  (4667 rows)

--- Q20 ---
  DuckDB       1187.47 ms ±  0.00  (1804 rows)

--- Q08 ---
  DuckDB       1426.38 ms ±  0.00  (2 rows)

--- Q05 ---
  DuckDB        885.16 ms ±  0.00  (5 rows)

--- Q04 ---
  DuckDB        920.03 ms ±  0.00  (5 rows)

--- Q12 ---
  DuckDB        884.23 ms ±  0.00  (2 rows)

--- Q21 ---
  DuckDB       3288.38 ms ±  0.00  (4009 rows)

--- Q06 ---
  DuckDB        616.87 ms ±  0.00  (1 rows)

--- Q09 ---
  DuckDB       2352.45 ms ±  0.00  (175 rows)

--- Q13 ---
  DuckDB       2071.74 ms ±  0.00  (46 rows)

--- Q14 ---
  DuckDB       1203.31 ms ±  0.00  (1 rows)

--- Q22 ---
  DuckDB        341.20 ms ±  0.00  (7 rows)

--- Q19 ---
  DuckDB       1590.20 ms ±  0.00  (1 rows)

--- Q01 ---
  DuckDB       2140.24 ms ±  0.00  (4 rows)

--- Q03 ---
  DuckDB       1195.64 ms ±  0.00  (114003 rows)

--- Q10 ---
  DuckDB       1690.66 ms ±  0.00  (381105 rows)

wrote bench-results/sched-arc-2026-07-03/sf10-final/duckdb/s100/batch-3/stream-23.md
