=== TPC-H 22 triangulation bench ===
    data:    /Users/ryanevans/RustroverProjects/ematix-flow/examples/tpch/data/sf10
    queries: 22 ([19, 21, 1, 20, 18, 5, 17, 10, 16, 8, 7, 9, 13, 14, 15, 11, 12, 3, 6, 4, 2, 22])
    trials:  1 (after 0 warmups)
    output:  bench-results/sched-arc-2026-07-03/sf10-final/duckdb/s100/batch-3/stream-69.md

    NOTE: single-invocation output is SMOKE-GRADE only. For win/loss
    claims use scripts/bench/strict_22q.sh / strict_ab.sh /
    strict_throughput.sh (see scripts/bench/README.md).

--- Q19 ---
  DuckDB       1755.39 ms ±  0.00  (1 rows)

--- Q21 ---
  DuckDB       3291.04 ms ±  0.00  (4009 rows)

--- Q01 ---
  DuckDB       2295.71 ms ±  0.00  (4 rows)

--- Q20 ---
  DuckDB       1061.30 ms ±  0.00  (1804 rows)

--- Q18 ---
  DuckDB       1762.70 ms ±  0.00  (624 rows)

--- Q05 ---
  DuckDB       1110.38 ms ±  0.00  (5 rows)

--- Q17 ---
  DuckDB       1394.92 ms ±  0.00  (1 rows)

--- Q10 ---
  DuckDB       1666.57 ms ±  0.00  (381105 rows)

--- Q16 ---
  DuckDB        451.03 ms ±  0.00  (27840 rows)

--- Q08 ---
  DuckDB       1286.80 ms ±  0.00  (2 rows)

--- Q07 ---
  DuckDB       1061.50 ms ±  0.00  (4 rows)

--- Q09 ---
  DuckDB       2301.31 ms ±  0.00  (175 rows)

--- Q13 ---
  DuckDB       2060.74 ms ±  0.00  (46 rows)

--- Q14 ---
  DuckDB        931.81 ms ±  0.00  (1 rows)

--- Q15 ---
  DuckDB        614.39 ms ±  0.00  (1 rows)

--- Q11 ---
  DuckDB        118.81 ms ±  0.00  (8685 rows)

--- Q12 ---
  DuckDB        740.25 ms ±  0.00  (2 rows)

--- Q03 ---
  DuckDB       1106.55 ms ±  0.00  (114003 rows)

--- Q06 ---
  DuckDB        557.62 ms ±  0.00  (1 rows)

--- Q04 ---
  DuckDB        631.96 ms ±  0.00  (5 rows)

--- Q02 ---
  DuckDB        214.53 ms ±  0.00  (4667 rows)

--- Q22 ---
  DuckDB        428.00 ms ±  0.00  (7 rows)

wrote bench-results/sched-arc-2026-07-03/sf10-final/duckdb/s100/batch-3/stream-69.md
