=== TPC-H 22 triangulation bench ===
    data:    /Users/ryanevans/RustroverProjects/ematix-flow/examples/tpch/data/sf10
    queries: 22 ([1, 8, 5, 4, 9, 3, 7, 10, 13, 18, 6, 12, 20, 11, 21, 16, 17, 2, 22, 14, 19, 15])
    trials:  1 (after 0 warmups)
    output:  bench-results/sched-arc-2026-07-03/sf10-final/duckdb/s100/batch-3/stream-75.md

    NOTE: single-invocation output is SMOKE-GRADE only. For win/loss
    claims use scripts/bench/strict_22q.sh / strict_ab.sh /
    strict_throughput.sh (see scripts/bench/README.md).

--- Q01 ---
  DuckDB       2191.14 ms ±  0.00  (4 rows)

--- Q08 ---
  DuckDB       1368.07 ms ±  0.00  (2 rows)

--- Q05 ---
  DuckDB       1024.59 ms ±  0.00  (5 rows)

--- Q04 ---
  DuckDB       1028.00 ms ±  0.00  (5 rows)

--- Q09 ---
  DuckDB       2692.14 ms ±  0.00  (175 rows)

--- Q03 ---
  DuckDB       1332.08 ms ±  0.00  (114003 rows)

--- Q07 ---
  DuckDB       1226.32 ms ±  0.00  (4 rows)

--- Q10 ---
  DuckDB       1994.03 ms ±  0.00  (381105 rows)

--- Q13 ---
  DuckDB       2215.45 ms ±  0.00  (46 rows)

--- Q18 ---
  DuckDB       1733.15 ms ±  0.00  (624 rows)

--- Q06 ---
  DuckDB        591.32 ms ±  0.00  (1 rows)

--- Q12 ---
  DuckDB        798.95 ms ±  0.00  (2 rows)

--- Q20 ---
  DuckDB       1079.41 ms ±  0.00  (1804 rows)

--- Q11 ---
  DuckDB        192.93 ms ±  0.00  (8685 rows)

--- Q21 ---
  DuckDB       3038.73 ms ±  0.00  (4009 rows)

--- Q16 ---
  DuckDB        287.43 ms ±  0.00  (27840 rows)

--- Q17 ---
  DuckDB       1227.02 ms ±  0.00  (1 rows)

--- Q02 ---
  DuckDB        144.94 ms ±  0.00  (4667 rows)

--- Q22 ---
  DuckDB        528.17 ms ±  0.00  (7 rows)

--- Q14 ---
  DuckDB        825.03 ms ±  0.00  (1 rows)

--- Q19 ---
  DuckDB       1439.01 ms ±  0.00  (1 rows)

--- Q15 ---
  DuckDB        535.30 ms ±  0.00  (1 rows)

wrote bench-results/sched-arc-2026-07-03/sf10-final/duckdb/s100/batch-3/stream-75.md
