=== TPC-H 22 triangulation bench ===
    data:    /Users/ryanevans/RustroverProjects/ematix-flow/examples/tpch/data/sf10
    queries: 22 ([1, 2, 3, 17, 5, 14, 12, 19, 9, 18, 21, 10, 6, 16, 13, 15, 8, 22, 11, 4, 20, 7])
    trials:  1 (after 0 warmups)
    output:  bench-results/sched-arc-2026-07-03/sf10-final/duckdb/s100/batch-3/stream-85.md

    NOTE: single-invocation output is SMOKE-GRADE only. For win/loss
    claims use scripts/bench/strict_22q.sh / strict_ab.sh /
    strict_throughput.sh (see scripts/bench/README.md).

--- Q01 ---
  DuckDB       2151.09 ms ±  0.00  (4 rows)

--- Q02 ---
  DuckDB        293.94 ms ±  0.00  (4667 rows)

--- Q03 ---
  DuckDB       1172.20 ms ±  0.00  (114003 rows)

--- Q17 ---
  DuckDB       1410.05 ms ±  0.00  (1 rows)

--- Q05 ---
  DuckDB        988.71 ms ±  0.00  (5 rows)

--- Q14 ---
  DuckDB        879.62 ms ±  0.00  (1 rows)

--- Q12 ---
  DuckDB        801.48 ms ±  0.00  (2 rows)

--- Q19 ---
  DuckDB       1757.34 ms ±  0.00  (1 rows)

--- Q09 ---
  DuckDB       2433.71 ms ±  0.00  (175 rows)

--- Q18 ---
  DuckDB       1815.70 ms ±  0.00  (624 rows)

--- Q21 ---
  DuckDB       3060.02 ms ±  0.00  (4009 rows)

--- Q10 ---
  DuckDB       1920.76 ms ±  0.00  (381105 rows)

--- Q06 ---
  DuckDB        466.80 ms ±  0.00  (1 rows)

--- Q16 ---
  DuckDB        377.07 ms ±  0.00  (27840 rows)

--- Q13 ---
  DuckDB       2027.45 ms ±  0.00  (46 rows)

--- Q15 ---
  DuckDB        879.09 ms ±  0.00  (1 rows)

--- Q08 ---
  DuckDB       1888.90 ms ±  0.00  (2 rows)

--- Q22 ---
  DuckDB        477.77 ms ±  0.00  (7 rows)

--- Q11 ---
  DuckDB        134.57 ms ±  0.00  (8685 rows)

--- Q04 ---
  DuckDB        723.86 ms ±  0.00  (5 rows)

--- Q20 ---
  DuckDB        950.68 ms ±  0.00  (1804 rows)

--- Q07 ---
  DuckDB       1105.10 ms ±  0.00  (4 rows)

wrote bench-results/sched-arc-2026-07-03/sf10-final/duckdb/s100/batch-3/stream-85.md
