=== TPC-H 22 triangulation bench ===
    data:    /Users/ryanevans/RustroverProjects/ematix-flow/examples/tpch/data/sf10
    queries: 22 ([18, 14, 8, 9, 10, 15, 20, 5, 16, 6, 17, 19, 3, 1, 22, 2, 21, 4, 7, 13, 11, 12])
    trials:  1 (after 0 warmups)
    output:  bench-results/sched-arc-2026-07-03/sf10-final/duckdb/s100/batch-3/stream-96.md

    NOTE: single-invocation output is SMOKE-GRADE only. For win/loss
    claims use scripts/bench/strict_22q.sh / strict_ab.sh /
    strict_throughput.sh (see scripts/bench/README.md).

--- Q18 ---
  DuckDB       1652.85 ms ±  0.00  (624 rows)

--- Q14 ---
  DuckDB       1183.05 ms ±  0.00  (1 rows)

--- Q08 ---
  DuckDB       1208.23 ms ±  0.00  (2 rows)

--- Q09 ---
  DuckDB       2564.64 ms ±  0.00  (175 rows)

--- Q10 ---
  DuckDB       2073.97 ms ±  0.00  (381105 rows)

--- Q15 ---
  DuckDB        609.59 ms ±  0.00  (1 rows)

--- Q20 ---
  DuckDB        999.18 ms ±  0.00  (1804 rows)

--- Q05 ---
  DuckDB       1121.20 ms ±  0.00  (5 rows)

--- Q16 ---
  DuckDB        268.97 ms ±  0.00  (27840 rows)

--- Q06 ---
  DuckDB        458.70 ms ±  0.00  (1 rows)

--- Q17 ---
  DuckDB       1280.49 ms ±  0.00  (1 rows)

--- Q19 ---
  DuckDB       1587.98 ms ±  0.00  (1 rows)

--- Q03 ---
  DuckDB        998.49 ms ±  0.00  (114003 rows)

--- Q01 ---
  DuckDB       2166.42 ms ±  0.00  (4 rows)

--- Q22 ---
  DuckDB        326.20 ms ±  0.00  (7 rows)

--- Q02 ---
  DuckDB        182.30 ms ±  0.00  (4667 rows)

--- Q21 ---
  DuckDB       3342.85 ms ±  0.00  (4009 rows)

--- Q04 ---
  DuckDB        577.92 ms ±  0.00  (5 rows)

--- Q07 ---
  DuckDB       1241.50 ms ±  0.00  (4 rows)

--- Q13 ---
  DuckDB       1798.30 ms ±  0.00  (46 rows)

--- Q11 ---
  DuckDB        119.92 ms ±  0.00  (8685 rows)

--- Q12 ---
  DuckDB        760.54 ms ±  0.00  (2 rows)

wrote bench-results/sched-arc-2026-07-03/sf10-final/duckdb/s100/batch-3/stream-96.md
