=== TPC-H 22 triangulation bench ===
    data:    /Users/ryanevans/RustroverProjects/ematix-flow/examples/tpch/data/sf10
    queries: 22 ([17, 12, 14, 21, 11, 16, 13, 15, 7, 1, 18, 4, 22, 2, 3, 20, 19, 5, 8, 6, 10, 9])
    trials:  1 (after 0 warmups)
    output:  bench-results/sched-arc-2026-07-03/sf10-final/duckdb/s100/batch-3/stream-13.md

    NOTE: single-invocation output is SMOKE-GRADE only. For win/loss
    claims use scripts/bench/strict_22q.sh / strict_ab.sh /
    strict_throughput.sh (see scripts/bench/README.md).

--- Q17 ---
  DuckDB        978.01 ms ±  0.00  (1 rows)

--- Q12 ---
  DuckDB        865.42 ms ±  0.00  (2 rows)

--- Q14 ---
  DuckDB       1171.66 ms ±  0.00  (1 rows)

--- Q21 ---
  DuckDB       3301.77 ms ±  0.00  (4009 rows)

--- Q11 ---
  DuckDB        298.44 ms ±  0.00  (8685 rows)

--- Q16 ---
  DuckDB        694.54 ms ±  0.00  (27840 rows)

--- Q13 ---
  DuckDB       2197.92 ms ±  0.00  (46 rows)

--- Q15 ---
  DuckDB        574.53 ms ±  0.00  (1 rows)

--- Q07 ---
  DuckDB       1250.91 ms ±  0.00  (4 rows)

--- Q01 ---
  DuckDB       2052.05 ms ±  0.00  (4 rows)

--- Q18 ---
  DuckDB       1570.37 ms ±  0.00  (624 rows)

--- Q04 ---
  DuckDB        671.79 ms ±  0.00  (5 rows)

--- Q22 ---
  DuckDB        477.27 ms ±  0.00  (7 rows)

--- Q02 ---
  DuckDB        212.95 ms ±  0.00  (4667 rows)

--- Q03 ---
  DuckDB       1264.17 ms ±  0.00  (114003 rows)

--- Q20 ---
  DuckDB       1250.86 ms ±  0.00  (1804 rows)

--- Q19 ---
  DuckDB       1312.92 ms ±  0.00  (1 rows)

--- Q05 ---
  DuckDB       1265.80 ms ±  0.00  (5 rows)

--- Q08 ---
  DuckDB       1532.13 ms ±  0.00  (2 rows)

--- Q06 ---
  DuckDB        507.61 ms ±  0.00  (1 rows)

--- Q10 ---
  DuckDB       1974.80 ms ±  0.00  (381105 rows)

--- Q09 ---
  DuckDB       2189.49 ms ±  0.00  (175 rows)

wrote bench-results/sched-arc-2026-07-03/sf10-final/duckdb/s100/batch-3/stream-13.md
