=== TPC-H 22 triangulation bench ===
    data:    /Users/ryanevans/RustroverProjects/ematix-flow/examples/tpch/data/sf10
    queries: 22 ([1, 13, 2, 4, 3, 11, 5, 19, 10, 12, 21, 16, 7, 14, 15, 9, 20, 22, 6, 18, 17, 8])
    trials:  1 (after 0 warmups)
    output:  bench-results/sched-arc-2026-07-03/sf10-final/duckdb/s100/batch-3/stream-51.md

    NOTE: single-invocation output is SMOKE-GRADE only. For win/loss
    claims use scripts/bench/strict_22q.sh / strict_ab.sh /
    strict_throughput.sh (see scripts/bench/README.md).

--- Q01 ---
  DuckDB       2137.71 ms ±  0.00  (4 rows)

--- Q13 ---
  DuckDB       1936.80 ms ±  0.00  (46 rows)

--- Q02 ---
  DuckDB        233.88 ms ±  0.00  (4667 rows)

--- Q04 ---
  DuckDB        936.25 ms ±  0.00  (5 rows)

--- Q03 ---
  DuckDB       1116.40 ms ±  0.00  (114003 rows)

--- Q11 ---
  DuckDB        145.35 ms ±  0.00  (8685 rows)

--- Q05 ---
  DuckDB       1223.49 ms ±  0.00  (5 rows)

--- Q19 ---
  DuckDB       1737.80 ms ±  0.00  (1 rows)

--- Q10 ---
  DuckDB       1687.34 ms ±  0.00  (381105 rows)

--- Q12 ---
  DuckDB        935.64 ms ±  0.00  (2 rows)

--- Q21 ---
  DuckDB       3386.35 ms ±  0.00  (4009 rows)

--- Q16 ---
  DuckDB        400.68 ms ±  0.00  (27840 rows)

--- Q07 ---
  DuckDB       1126.99 ms ±  0.00  (4 rows)

--- Q14 ---
  DuckDB        953.61 ms ±  0.00  (1 rows)

--- Q15 ---
  DuckDB        639.15 ms ±  0.00  (1 rows)

--- Q09 ---
  DuckDB       2666.75 ms ±  0.00  (175 rows)

--- Q20 ---
  DuckDB       1060.69 ms ±  0.00  (1804 rows)

--- Q22 ---
  DuckDB        464.47 ms ±  0.00  (7 rows)

--- Q06 ---
  DuckDB        455.25 ms ±  0.00  (1 rows)

--- Q18 ---
  DuckDB       1474.48 ms ±  0.00  (624 rows)

--- Q17 ---
  DuckDB       1042.20 ms ±  0.00  (1 rows)

--- Q08 ---
  DuckDB       1271.05 ms ±  0.00  (2 rows)

wrote bench-results/sched-arc-2026-07-03/sf10-final/duckdb/s100/batch-3/stream-51.md
