=== TPC-H 22 triangulation bench ===
    data:    /Users/ryanevans/RustroverProjects/ematix-flow/examples/tpch/data/sf10
    queries: 22 ([16, 12, 15, 21, 10, 9, 5, 22, 2, 4, 3, 8, 20, 19, 14, 18, 17, 1, 6, 11, 7, 13])
    trials:  1 (after 0 warmups)
    output:  bench-results/sched-arc-2026-07-03/sf10-final/duckdb/s100/batch-3/stream-88.md

    NOTE: single-invocation output is SMOKE-GRADE only. For win/loss
    claims use scripts/bench/strict_22q.sh / strict_ab.sh /
    strict_throughput.sh (see scripts/bench/README.md).

--- Q16 ---
  DuckDB        374.77 ms ±  0.00  (27840 rows)

--- Q12 ---
  DuckDB       1062.80 ms ±  0.00  (2 rows)

--- Q15 ---
  DuckDB        615.98 ms ±  0.00  (1 rows)

--- Q21 ---
  DuckDB       3040.15 ms ±  0.00  (4009 rows)

--- Q10 ---
  DuckDB       2139.94 ms ±  0.00  (381105 rows)

--- Q09 ---
  DuckDB       2301.47 ms ±  0.00  (175 rows)

--- Q05 ---
  DuckDB       1321.67 ms ±  0.00  (5 rows)

--- Q22 ---
  DuckDB        546.44 ms ±  0.00  (7 rows)

--- Q02 ---
  DuckDB        300.47 ms ±  0.00  (4667 rows)

--- Q04 ---
  DuckDB        947.09 ms ±  0.00  (5 rows)

--- Q03 ---
  DuckDB       1294.03 ms ±  0.00  (114003 rows)

--- Q08 ---
  DuckDB       1470.04 ms ±  0.00  (2 rows)

--- Q20 ---
  DuckDB       1031.57 ms ±  0.00  (1804 rows)

--- Q19 ---
  DuckDB       1524.57 ms ±  0.00  (1 rows)

--- Q14 ---
  DuckDB       1052.30 ms ±  0.00  (1 rows)

--- Q18 ---
  DuckDB       1842.91 ms ±  0.00  (624 rows)

--- Q17 ---
  DuckDB       1170.69 ms ±  0.00  (1 rows)

--- Q01 ---
  DuckDB       1901.44 ms ±  0.00  (4 rows)

--- Q06 ---
  DuckDB        564.71 ms ±  0.00  (1 rows)

--- Q11 ---
  DuckDB        431.11 ms ±  0.00  (8685 rows)

--- Q07 ---
  DuckDB       1019.98 ms ±  0.00  (4 rows)

--- Q13 ---
  DuckDB       1923.02 ms ±  0.00  (46 rows)

wrote bench-results/sched-arc-2026-07-03/sf10-final/duckdb/s100/batch-3/stream-88.md
