=== TPC-H 22 triangulation bench ===
    data:    /Users/ryanevans/RustroverProjects/ematix-flow/examples/tpch/data/sf100
    queries: 22 ([19, 22, 14, 11, 5, 18, 8, 16, 7, 20, 13, 1, 15, 4, 17, 9, 10, 6, 12, 21, 3, 2])
    trials:  1 (after 0 warmups)
    output:  bench-results/tput-rebaseline-2026-07-03/sf100-auto/ematix/s10/batch-4/stream-2.md

    NOTE: single-invocation output is SMOKE-GRADE only. For win/loss
    claims use scripts/bench/strict_22q.sh / strict_ab.sh /
    strict_throughput.sh (see scripts/bench/README.md).

--- Q19 ---
  ematix-flow  2985.08 ms ±  0.00  (1 rows)

--- Q22 ---
  ematix-flow  1636.95 ms ±  0.00  (7 rows)

--- Q14 ---
  ematix-flow  2489.57 ms ±  0.00  (1 rows)

--- Q11 ---
  ematix-flow   591.71 ms ±  0.00  (92698 rows)

--- Q05 ---
  ematix-flow  4311.31 ms ±  0.00  (5 rows)

--- Q18 ---
  ematix-flow  8787.46 ms ±  0.00  (6398 rows)

--- Q08 ---
  ematix-flow  4316.95 ms ±  0.00  (2 rows)

--- Q16 ---
  ematix-flow  1149.39 ms ±  0.00  (27840 rows)

--- Q07 ---
  ematix-flow  4583.89 ms ±  0.00  (4 rows)

--- Q20 ---
  ematix-flow  4682.68 ms ±  0.00  (17971 rows)

--- Q13 ---
  ematix-flow  5564.51 ms ±  0.00  (45 rows)

--- Q01 ---
  ematix-flow  7822.76 ms ±  0.00  (4 rows)

--- Q15 ---
  ematix-flow  1878.65 ms ±  0.00  (1 rows)

--- Q04 ---
  ematix-flow  2510.08 ms ±  0.00  (5 rows)

--- Q17 ---
  ematix-flow  3948.49 ms ±  0.00  (1 rows)

--- Q09 ---
  ematix-flow  13682.48 ms ±  0.00  (175 rows)

--- Q10 ---
  ematix-flow  6440.23 ms ±  0.00  (3884218 rows)

--- Q06 ---
  ematix-flow  1098.07 ms ±  0.00  (1 rows)

--- Q12 ---
  ematix-flow  2673.49 ms ±  0.00  (2 rows)

--- Q21 ---
  ematix-flow  14074.61 ms ±  0.00  (39950 rows)

--- Q03 ---
  ematix-flow  4829.98 ms ±  0.00  (1131041 rows)

--- Q02 ---
  ematix-flow   902.57 ms ±  0.00  (47107 rows)

wrote bench-results/tput-rebaseline-2026-07-03/sf100-auto/ematix/s10/batch-4/stream-2.md
