=== TPC-H 22 triangulation bench ===
    data:    /Users/ryanevans/RustroverProjects/ematix-flow/examples/tpch/data/sf100
    queries: 22 ([21, 13, 19, 22, 10, 14, 5, 7, 4, 16, 6, 2, 3, 18, 11, 8, 15, 1, 17, 12, 9, 20])
    trials:  1 (after 0 warmups)
    output:  bench-results/tput-rebaseline-2026-07-03/sf100-auto/ematix/s10/batch-4/stream-5.md

    NOTE: single-invocation output is SMOKE-GRADE only. For win/loss
    claims use scripts/bench/strict_22q.sh / strict_ab.sh /
    strict_throughput.sh (see scripts/bench/README.md).

--- Q21 ---
  ematix-flow  10887.48 ms ±  0.00  (39950 rows)

--- Q13 ---
  ematix-flow  4478.20 ms ±  0.00  (45 rows)

--- Q19 ---
  ematix-flow  3582.60 ms ±  0.00  (1 rows)

--- Q22 ---
  ematix-flow  1566.64 ms ±  0.00  (7 rows)

--- Q10 ---
  ematix-flow  5267.09 ms ±  0.00  (3884218 rows)

--- Q14 ---
  ematix-flow  2394.94 ms ±  0.00  (1 rows)

--- Q05 ---
  ematix-flow  3628.30 ms ±  0.00  (5 rows)

--- Q07 ---
  ematix-flow  3798.44 ms ±  0.00  (4 rows)

--- Q04 ---
  ematix-flow  3051.33 ms ±  0.00  (5 rows)

--- Q16 ---
  ematix-flow  1295.87 ms ±  0.00  (27840 rows)

--- Q06 ---
  ematix-flow  1028.20 ms ±  0.00  (1 rows)

--- Q02 ---
  ematix-flow   618.70 ms ±  0.00  (47107 rows)

--- Q03 ---
  ematix-flow  5572.57 ms ±  0.00  (1131041 rows)

--- Q18 ---
  ematix-flow  13130.62 ms ±  0.00  (6398 rows)

--- Q11 ---
  ematix-flow  1025.49 ms ±  0.00  (92698 rows)

--- Q08 ---
  ematix-flow  4544.64 ms ±  0.00  (2 rows)

--- Q15 ---
  ematix-flow  2051.83 ms ±  0.00  (1 rows)

--- Q01 ---
  ematix-flow  7258.17 ms ±  0.00  (4 rows)

--- Q17 ---
  ematix-flow  4243.37 ms ±  0.00  (1 rows)

--- Q12 ---
  ematix-flow  2990.20 ms ±  0.00  (2 rows)

--- Q09 ---
  ematix-flow  86515.90 ms ±  0.00  (175 rows)

--- Q20 ---
  ematix-flow  3726.39 ms ±  0.00  (17971 rows)

wrote bench-results/tput-rebaseline-2026-07-03/sf100-auto/ematix/s10/batch-4/stream-5.md
