=== TPC-H 22 triangulation bench ===
    data:    /Users/ryanevans/RustroverProjects/ematix-flow/examples/tpch/data/sf10
    queries: 22 ([22, 12, 11, 19, 21, 15, 18, 6, 20, 14, 17, 9, 7, 1, 2, 3, 5, 16, 13, 4, 10, 8])
    trials:  1 (after 0 warmups)
    output:  bench-results/sched-diag-2026-07-03/auto-rayon2-rb2/ematix/s10/batch-2/stream-4.md

    NOTE: single-invocation output is SMOKE-GRADE only. For win/loss
    claims use scripts/bench/strict_22q.sh / strict_ab.sh /
    strict_throughput.sh (see scripts/bench/README.md).

--- Q22 ---
  ematix-flow   472.15 ms ±  0.00  (7 rows)

--- Q12 ---
  ematix-flow   762.08 ms ±  0.00  (2 rows)

--- Q11 ---
  ematix-flow   116.36 ms ±  0.00  (8685 rows)

--- Q19 ---
  ematix-flow   362.79 ms ±  0.00  (1 rows)

--- Q21 ---
  ematix-flow  2397.72 ms ±  0.00  (4009 rows)

--- Q15 ---
  ematix-flow   429.03 ms ±  0.00  (1 rows)

--- Q18 ---
  ematix-flow  3598.46 ms ±  0.00  (624 rows)

--- Q06 ---
  ematix-flow   167.81 ms ±  0.00  (1 rows)

--- Q20 ---
  ematix-flow   846.66 ms ±  0.00  (1804 rows)

--- Q14 ---
  ematix-flow   231.58 ms ±  0.00  (1 rows)

--- Q17 ---
  ematix-flow   537.55 ms ±  0.00  (1 rows)

--- Q09 ---
  ematix-flow  3121.17 ms ±  0.00  (175 rows)

--- Q07 ---
  ematix-flow   921.07 ms ±  0.00  (4 rows)

--- Q01 ---
  ematix-flow  5078.45 ms ±  0.00  (4 rows)

--- Q02 ---
  ematix-flow   111.63 ms ±  0.00  (4667 rows)

--- Q03 ---
  ematix-flow  1135.45 ms ±  0.00  (114003 rows)

--- Q05 ---
  ematix-flow  1196.80 ms ±  0.00  (5 rows)

--- Q16 ---
  ematix-flow   466.58 ms ±  0.00  (27840 rows)

--- Q13 ---
  ematix-flow  2143.88 ms ±  0.00  (46 rows)

--- Q04 ---
  ematix-flow  1009.19 ms ±  0.00  (5 rows)

--- Q10 ---
  ematix-flow  1934.01 ms ±  0.00  (381105 rows)

--- Q08 ---
  ematix-flow   976.91 ms ±  0.00  (2 rows)

wrote bench-results/sched-diag-2026-07-03/auto-rayon2-rb2/ematix/s10/batch-2/stream-4.md
