=== TPC-H 22 triangulation bench ===
    data:    /Users/ryanevans/RustroverProjects/ematix-flow/examples/tpch/data/sf10
    queries: 22 ([2, 14, 17, 6, 11, 7, 20, 13, 15, 4, 9, 21, 22, 1, 10, 3, 16, 12, 5, 18, 19, 8])
    trials:  1 (after 0 warmups)
    output:  bench-results/sched-diag-2026-07-03/auto-rayon2-rb2/ematix/s10/batch-2/stream-3.md

    NOTE: single-invocation output is SMOKE-GRADE only. For win/loss
    claims use scripts/bench/strict_22q.sh / strict_ab.sh /
    strict_throughput.sh (see scripts/bench/README.md).

--- Q02 ---
  ematix-flow   120.85 ms ±  0.00  (4667 rows)

--- Q14 ---
  ematix-flow   200.56 ms ±  0.00  (1 rows)

--- Q17 ---
  ematix-flow   905.07 ms ±  0.00  (1 rows)

--- Q06 ---
  ematix-flow   113.29 ms ±  0.00  (1 rows)

--- Q11 ---
  ematix-flow   138.95 ms ±  0.00  (8685 rows)

--- Q07 ---
  ematix-flow   863.24 ms ±  0.00  (4 rows)

--- Q20 ---
  ematix-flow   736.17 ms ±  0.00  (1804 rows)

--- Q13 ---
  ematix-flow  1320.31 ms ±  0.00  (46 rows)

--- Q15 ---
  ematix-flow   438.93 ms ±  0.00  (1 rows)

--- Q04 ---
  ematix-flow   688.61 ms ±  0.00  (5 rows)

--- Q09 ---
  ematix-flow  2860.62 ms ±  0.00  (175 rows)

--- Q21 ---
  ematix-flow  2603.80 ms ±  0.00  (4009 rows)

--- Q22 ---
  ematix-flow   296.22 ms ±  0.00  (7 rows)

--- Q01 ---
  ematix-flow  3682.52 ms ±  0.00  (4 rows)

--- Q10 ---
  ematix-flow  1683.31 ms ±  0.00  (381105 rows)

--- Q03 ---
  ematix-flow  1043.51 ms ±  0.00  (114003 rows)

--- Q16 ---
  ematix-flow   361.06 ms ±  0.00  (27840 rows)

--- Q12 ---
  ematix-flow   630.79 ms ±  0.00  (2 rows)

--- Q05 ---
  ematix-flow  1176.71 ms ±  0.00  (5 rows)

--- Q18 ---
  ematix-flow  4617.54 ms ±  0.00  (624 rows)

--- Q19 ---
  ematix-flow   572.84 ms ±  0.00  (1 rows)

--- Q08 ---
  ematix-flow  1313.77 ms ±  0.00  (2 rows)

wrote bench-results/sched-diag-2026-07-03/auto-rayon2-rb2/ematix/s10/batch-2/stream-3.md
