=== TPC-H 22 triangulation bench ===
    data:    /Users/ryanevans/RustroverProjects/ematix-flow/examples/tpch/data/sf10
    queries: 22 ([13, 22, 4, 10, 3, 11, 21, 9, 8, 17, 16, 6, 5, 20, 15, 18, 19, 1, 2, 12, 14, 7])
    trials:  1 (after 0 warmups)
    output:  bench-results/tput-rebaseline-2026-07-03/sf10-auto/duckdb/s100/batch-4/stream-97.md

    NOTE: single-invocation output is SMOKE-GRADE only. For win/loss
    claims use scripts/bench/strict_22q.sh / strict_ab.sh /
    strict_throughput.sh (see scripts/bench/README.md).

--- Q13 ---
  DuckDB       1835.38 ms ±  0.00  (46 rows)

--- Q22 ---
  DuckDB        414.35 ms ±  0.00  (7 rows)

--- Q04 ---
  DuckDB        668.63 ms ±  0.00  (5 rows)

--- Q10 ---
  DuckDB       2000.90 ms ±  0.00  (381105 rows)

--- Q03 ---
  DuckDB       1087.78 ms ±  0.00  (114003 rows)

--- Q11 ---
  DuckDB        124.94 ms ±  0.00  (8685 rows)

--- Q21 ---
  DuckDB       2882.71 ms ±  0.00  (4009 rows)

--- Q09 ---
  DuckDB       2419.24 ms ±  0.00  (175 rows)

--- Q08 ---
  DuckDB       1021.14 ms ±  0.00  (2 rows)

--- Q17 ---
  DuckDB       1156.29 ms ±  0.00  (1 rows)

--- Q16 ---
  DuckDB        578.23 ms ±  0.00  (27840 rows)

--- Q06 ---
  DuckDB        558.46 ms ±  0.00  (1 rows)

--- Q05 ---
  DuckDB       1116.69 ms ±  0.00  (5 rows)

--- Q20 ---
  DuckDB        773.85 ms ±  0.00  (1804 rows)

--- Q15 ---
  DuckDB        615.86 ms ±  0.00  (1 rows)

--- Q18 ---
  DuckDB       1511.90 ms ±  0.00  (624 rows)

--- Q19 ---
  DuckDB       1593.23 ms ±  0.00  (1 rows)

--- Q01 ---
  DuckDB       1479.97 ms ±  0.00  (4 rows)

--- Q02 ---
  DuckDB        118.54 ms ±  0.00  (4667 rows)

--- Q12 ---
  DuckDB        551.64 ms ±  0.00  (2 rows)

--- Q14 ---
  DuckDB        497.29 ms ±  0.00  (1 rows)

--- Q07 ---
  DuckDB        601.81 ms ±  0.00  (4 rows)

wrote bench-results/tput-rebaseline-2026-07-03/sf10-auto/duckdb/s100/batch-4/stream-97.md
