=== TPC-H 22 triangulation bench ===
    data:    /Users/ryanevans/RustroverProjects/ematix-flow/examples/tpch/data/sf10
    queries: 22 ([19, 11, 8, 1, 4, 13, 2, 22, 18, 12, 15, 6, 20, 14, 5, 17, 3, 7, 10, 9, 16, 21])
    trials:  1 (after 0 warmups)
    output:  bench-results/tput-rebaseline-2026-07-03/sf10-auto/duckdb/s100/batch-4/stream-27.md

    NOTE: single-invocation output is SMOKE-GRADE only. For win/loss
    claims use scripts/bench/strict_22q.sh / strict_ab.sh /
    strict_throughput.sh (see scripts/bench/README.md).

--- Q19 ---
  DuckDB       1486.89 ms ±  0.00  (1 rows)

--- Q11 ---
  DuckDB        258.31 ms ±  0.00  (8685 rows)

--- Q08 ---
  DuckDB       1143.68 ms ±  0.00  (2 rows)

--- Q01 ---
  DuckDB       1959.67 ms ±  0.00  (4 rows)

--- Q04 ---
  DuckDB        900.57 ms ±  0.00  (5 rows)

--- Q13 ---
  DuckDB       1830.94 ms ±  0.00  (46 rows)

--- Q02 ---
  DuckDB        113.10 ms ±  0.00  (4667 rows)

--- Q22 ---
  DuckDB        370.85 ms ±  0.00  (7 rows)

--- Q18 ---
  DuckDB       1698.73 ms ±  0.00  (624 rows)

--- Q12 ---
  DuckDB        867.27 ms ±  0.00  (2 rows)

--- Q15 ---
  DuckDB        734.82 ms ±  0.00  (1 rows)

--- Q06 ---
  DuckDB        508.39 ms ±  0.00  (1 rows)

--- Q20 ---
  DuckDB        888.69 ms ±  0.00  (1804 rows)

--- Q14 ---
  DuckDB       1235.54 ms ±  0.00  (1 rows)

--- Q05 ---
  DuckDB       1205.34 ms ±  0.00  (5 rows)

--- Q17 ---
  DuckDB       1164.10 ms ±  0.00  (1 rows)

--- Q03 ---
  DuckDB        986.52 ms ±  0.00  (114003 rows)

--- Q07 ---
  DuckDB       1172.76 ms ±  0.00  (4 rows)

--- Q10 ---
  DuckDB       1972.90 ms ±  0.00  (381105 rows)

--- Q09 ---
  DuckDB       2427.67 ms ±  0.00  (175 rows)

--- Q16 ---
  DuckDB        251.77 ms ±  0.00  (27840 rows)

--- Q21 ---
  DuckDB       2786.42 ms ±  0.00  (4009 rows)

wrote bench-results/tput-rebaseline-2026-07-03/sf10-auto/duckdb/s100/batch-4/stream-27.md
