=== TPC-H 22 triangulation bench ===
    data:    /Users/ryanevans/RustroverProjects/ematix-flow/examples/tpch/data/sf10
    queries: 22 ([1, 12, 20, 22, 3, 13, 5, 2, 4, 7, 11, 6, 16, 18, 9, 19, 15, 8, 17, 21, 10, 14])
    trials:  1 (after 0 warmups)
    output:  bench-results/tput-rebaseline-2026-07-03/sf10-auto/duckdb/s100/batch-4/stream-65.md

    NOTE: single-invocation output is SMOKE-GRADE only. For win/loss
    claims use scripts/bench/strict_22q.sh / strict_ab.sh /
    strict_throughput.sh (see scripts/bench/README.md).

--- Q01 ---
  DuckDB       2013.12 ms ±  0.00  (4 rows)

--- Q12 ---
  DuckDB        705.48 ms ±  0.00  (2 rows)

--- Q20 ---
  DuckDB        904.93 ms ±  0.00  (1804 rows)

--- Q22 ---
  DuckDB        344.79 ms ±  0.00  (7 rows)

--- Q03 ---
  DuckDB        840.95 ms ±  0.00  (114003 rows)

--- Q13 ---
  DuckDB       2031.13 ms ±  0.00  (46 rows)

--- Q05 ---
  DuckDB        913.51 ms ±  0.00  (5 rows)

--- Q02 ---
  DuckDB        280.70 ms ±  0.00  (4667 rows)

--- Q04 ---
  DuckDB        572.89 ms ±  0.00  (5 rows)

--- Q07 ---
  DuckDB       1097.07 ms ±  0.00  (4 rows)

--- Q11 ---
  DuckDB        198.87 ms ±  0.00  (8685 rows)

--- Q06 ---
  DuckDB        469.13 ms ±  0.00  (1 rows)

--- Q16 ---
  DuckDB        557.15 ms ±  0.00  (27840 rows)

--- Q18 ---
  DuckDB       1512.24 ms ±  0.00  (624 rows)

--- Q09 ---
  DuckDB       2392.76 ms ±  0.00  (175 rows)

--- Q19 ---
  DuckDB       1568.83 ms ±  0.00  (1 rows)

--- Q15 ---
  DuckDB        488.77 ms ±  0.00  (1 rows)

--- Q08 ---
  DuckDB       1232.31 ms ±  0.00  (2 rows)

--- Q17 ---
  DuckDB       1259.48 ms ±  0.00  (1 rows)

--- Q21 ---
  DuckDB       3029.21 ms ±  0.00  (4009 rows)

--- Q10 ---
  DuckDB       1897.80 ms ±  0.00  (381105 rows)

--- Q14 ---
  DuckDB        885.59 ms ±  0.00  (1 rows)

wrote bench-results/tput-rebaseline-2026-07-03/sf10-auto/duckdb/s100/batch-4/stream-65.md
