=== TPC-H 22 triangulation bench ===
    data:    /Users/ryanevans/RustroverProjects/ematix-flow/examples/tpch/data/sf10
    queries: 22 ([21, 19, 20, 13, 18, 4, 14, 5, 3, 22, 6, 12, 9, 15, 8, 7, 11, 17, 1, 16, 2, 10])
    trials:  1 (after 0 warmups)
    output:  bench-results/tput-rebaseline-2026-07-03/sf10-auto/duckdb/s100/batch-4/stream-84.md

    NOTE: single-invocation output is SMOKE-GRADE only. For win/loss
    claims use scripts/bench/strict_22q.sh / strict_ab.sh /
    strict_throughput.sh (see scripts/bench/README.md).

--- Q21 ---
  DuckDB       2804.16 ms ±  0.00  (4009 rows)

--- Q19 ---
  DuckDB       1596.57 ms ±  0.00  (1 rows)

--- Q20 ---
  DuckDB       1270.78 ms ±  0.00  (1804 rows)

--- Q13 ---
  DuckDB       1837.99 ms ±  0.00  (46 rows)

--- Q18 ---
  DuckDB       1491.50 ms ±  0.00  (624 rows)

--- Q04 ---
  DuckDB        568.32 ms ±  0.00  (5 rows)

--- Q14 ---
  DuckDB        828.29 ms ±  0.00  (1 rows)

--- Q05 ---
  DuckDB       1151.42 ms ±  0.00  (5 rows)

--- Q03 ---
  DuckDB       1283.36 ms ±  0.00  (114003 rows)

--- Q22 ---
  DuckDB        281.55 ms ±  0.00  (7 rows)

--- Q06 ---
  DuckDB        456.84 ms ±  0.00  (1 rows)

--- Q12 ---
  DuckDB        664.55 ms ±  0.00  (2 rows)

--- Q09 ---
  DuckDB       2208.30 ms ±  0.00  (175 rows)

--- Q15 ---
  DuckDB        639.96 ms ±  0.00  (1 rows)

--- Q08 ---
  DuckDB       1122.07 ms ±  0.00  (2 rows)

--- Q07 ---
  DuckDB       1067.32 ms ±  0.00  (4 rows)

--- Q11 ---
  DuckDB        152.56 ms ±  0.00  (8685 rows)

--- Q17 ---
  DuckDB       1302.62 ms ±  0.00  (1 rows)

--- Q01 ---
  DuckDB       2227.05 ms ±  0.00  (4 rows)

--- Q16 ---
  DuckDB        548.77 ms ±  0.00  (27840 rows)

--- Q02 ---
  DuckDB        235.49 ms ±  0.00  (4667 rows)

--- Q10 ---
  DuckDB       1852.76 ms ±  0.00  (381105 rows)

wrote bench-results/tput-rebaseline-2026-07-03/sf10-auto/duckdb/s100/batch-4/stream-84.md
