=== TPC-H 22 triangulation bench ===
    data:    /Users/ryanevans/RustroverProjects/ematix-flow/examples/tpch/data/sf10
    queries: 22 ([7, 20, 9, 21, 13, 11, 10, 22, 17, 14, 4, 1, 19, 2, 3, 16, 18, 8, 6, 12, 15, 5])
    trials:  1 (after 0 warmups)
    output:  bench-results/tput-rebaseline-2026-07-03/sf10-auto/duckdb/s100/batch-4/stream-79.md

    NOTE: single-invocation output is SMOKE-GRADE only. For win/loss
    claims use scripts/bench/strict_22q.sh / strict_ab.sh /
    strict_throughput.sh (see scripts/bench/README.md).

--- Q07 ---
  DuckDB       1025.79 ms ±  0.00  (4 rows)

--- Q20 ---
  DuckDB       1203.92 ms ±  0.00  (1804 rows)

--- Q09 ---
  DuckDB       2471.51 ms ±  0.00  (175 rows)

--- Q21 ---
  DuckDB       2814.87 ms ±  0.00  (4009 rows)

--- Q13 ---
  DuckDB       1910.91 ms ±  0.00  (46 rows)

--- Q11 ---
  DuckDB        117.22 ms ±  0.00  (8685 rows)

--- Q10 ---
  DuckDB       1763.75 ms ±  0.00  (381105 rows)

--- Q22 ---
  DuckDB        334.15 ms ±  0.00  (7 rows)

--- Q17 ---
  DuckDB       1043.62 ms ±  0.00  (1 rows)

--- Q14 ---
  DuckDB        906.46 ms ±  0.00  (1 rows)

--- Q04 ---
  DuckDB        738.19 ms ±  0.00  (5 rows)

--- Q01 ---
  DuckDB       2156.04 ms ±  0.00  (4 rows)

--- Q19 ---
  DuckDB       1297.18 ms ±  0.00  (1 rows)

--- Q02 ---
  DuckDB        228.65 ms ±  0.00  (4667 rows)

--- Q03 ---
  DuckDB        964.50 ms ±  0.00  (114003 rows)

--- Q16 ---
  DuckDB        470.96 ms ±  0.00  (27840 rows)

--- Q18 ---
  DuckDB       1521.59 ms ±  0.00  (624 rows)

--- Q08 ---
  DuckDB       1143.09 ms ±  0.00  (2 rows)

--- Q06 ---
  DuckDB        665.14 ms ±  0.00  (1 rows)

--- Q12 ---
  DuckDB        871.93 ms ±  0.00  (2 rows)

--- Q15 ---
  DuckDB        522.68 ms ±  0.00  (1 rows)

--- Q05 ---
  DuckDB       1063.98 ms ±  0.00  (5 rows)

wrote bench-results/tput-rebaseline-2026-07-03/sf10-auto/duckdb/s100/batch-4/stream-79.md
