=== TPC-H 22 triangulation bench ===
    data:    /Users/ryanevans/RustroverProjects/ematix-flow/examples/tpch/data/sf10
    queries: 22 ([6, 5, 12, 21, 13, 14, 17, 4, 19, 8, 16, 3, 11, 15, 22, 2, 9, 7, 1, 20, 10, 18])
    trials:  1 (after 0 warmups)
    output:  bench-results/tput-rebaseline-2026-07-03/sf10-auto/duckdb/s100/batch-4/stream-30.md

    NOTE: single-invocation output is SMOKE-GRADE only. For win/loss
    claims use scripts/bench/strict_22q.sh / strict_ab.sh /
    strict_throughput.sh (see scripts/bench/README.md).

--- Q06 ---
  DuckDB        554.61 ms ±  0.00  (1 rows)

--- Q05 ---
  DuckDB       1036.86 ms ±  0.00  (5 rows)

--- Q12 ---
  DuckDB        743.40 ms ±  0.00  (2 rows)

--- Q21 ---
  DuckDB       3298.54 ms ±  0.00  (4009 rows)

--- Q13 ---
  DuckDB       1881.71 ms ±  0.00  (46 rows)

--- Q14 ---
  DuckDB       1006.97 ms ±  0.00  (1 rows)

--- Q17 ---
  DuckDB       1209.44 ms ±  0.00  (1 rows)

--- Q04 ---
  DuckDB        780.18 ms ±  0.00  (5 rows)

--- Q19 ---
  DuckDB       1432.37 ms ±  0.00  (1 rows)

--- Q08 ---
  DuckDB       1215.24 ms ±  0.00  (2 rows)

--- Q16 ---
  DuckDB        437.27 ms ±  0.00  (27840 rows)

--- Q03 ---
  DuckDB       1461.26 ms ±  0.00  (114003 rows)

--- Q11 ---
  DuckDB        263.20 ms ±  0.00  (8685 rows)

--- Q15 ---
  DuckDB        734.54 ms ±  0.00  (1 rows)

--- Q22 ---
  DuckDB        383.42 ms ±  0.00  (7 rows)

--- Q02 ---
  DuckDB        264.03 ms ±  0.00  (4667 rows)

--- Q09 ---
  DuckDB       2280.03 ms ±  0.00  (175 rows)

--- Q07 ---
  DuckDB       1138.54 ms ±  0.00  (4 rows)

--- Q01 ---
  DuckDB       2150.39 ms ±  0.00  (4 rows)

--- Q20 ---
  DuckDB        944.02 ms ±  0.00  (1804 rows)

--- Q10 ---
  DuckDB       1713.63 ms ±  0.00  (381105 rows)

--- Q18 ---
  DuckDB       1511.60 ms ±  0.00  (624 rows)

wrote bench-results/tput-rebaseline-2026-07-03/sf10-auto/duckdb/s100/batch-4/stream-30.md
