=== TPC-H 22 triangulation bench ===
    data:    /Users/ryanevans/RustroverProjects/ematix-flow/examples/tpch/data/sf10
    queries: 22 ([19, 14, 9, 21, 16, 11, 10, 7, 3, 18, 20, 22, 17, 2, 13, 12, 4, 6, 15, 1, 8, 5])
    trials:  1 (after 0 warmups)
    output:  bench-results/tput-rebaseline-2026-07-03/sf10-auto/duckdb/s100/batch-4/stream-22.md

    NOTE: single-invocation output is SMOKE-GRADE only. For win/loss
    claims use scripts/bench/strict_22q.sh / strict_ab.sh /
    strict_throughput.sh (see scripts/bench/README.md).

--- Q19 ---
  DuckDB       1371.67 ms ±  0.00  (1 rows)

--- Q14 ---
  DuckDB       1108.67 ms ±  0.00  (1 rows)

--- Q09 ---
  DuckDB       2343.63 ms ±  0.00  (175 rows)

--- Q21 ---
  DuckDB       2890.86 ms ±  0.00  (4009 rows)

--- Q16 ---
  DuckDB        286.44 ms ±  0.00  (27840 rows)

--- Q11 ---
  DuckDB        134.59 ms ±  0.00  (8685 rows)

--- Q10 ---
  DuckDB       1872.08 ms ±  0.00  (381105 rows)

--- Q07 ---
  DuckDB       1131.55 ms ±  0.00  (4 rows)

--- Q03 ---
  DuckDB       1091.31 ms ±  0.00  (114003 rows)

--- Q18 ---
  DuckDB       1569.56 ms ±  0.00  (624 rows)

--- Q20 ---
  DuckDB        915.51 ms ±  0.00  (1804 rows)

--- Q22 ---
  DuckDB        386.69 ms ±  0.00  (7 rows)

--- Q17 ---
  DuckDB       1102.13 ms ±  0.00  (1 rows)

--- Q02 ---
  DuckDB        295.64 ms ±  0.00  (4667 rows)

--- Q13 ---
  DuckDB       1924.01 ms ±  0.00  (46 rows)

--- Q12 ---
  DuckDB        701.00 ms ±  0.00  (2 rows)

--- Q04 ---
  DuckDB        605.74 ms ±  0.00  (5 rows)

--- Q06 ---
  DuckDB        458.95 ms ±  0.00  (1 rows)

--- Q15 ---
  DuckDB        566.69 ms ±  0.00  (1 rows)

--- Q01 ---
  DuckDB       2095.81 ms ±  0.00  (4 rows)

--- Q08 ---
  DuckDB       1206.88 ms ±  0.00  (2 rows)

--- Q05 ---
  DuckDB        785.78 ms ±  0.00  (5 rows)

wrote bench-results/tput-rebaseline-2026-07-03/sf10-auto/duckdb/s100/batch-4/stream-22.md
