=== TPC-H 22 triangulation bench ===
    data:    /Users/ryanevans/RustroverProjects/ematix-flow/examples/tpch/data/sf10
    queries: 22 ([7, 8, 4, 19, 16, 13, 3, 2, 6, 15, 9, 12, 1, 17, 22, 14, 10, 20, 21, 5, 11, 18])
    trials:  1 (after 0 warmups)
    output:  bench-results/tput-rebaseline-2026-07-03/sf10-auto/duckdb/s100/batch-4/stream-35.md

    NOTE: single-invocation output is SMOKE-GRADE only. For win/loss
    claims use scripts/bench/strict_22q.sh / strict_ab.sh /
    strict_throughput.sh (see scripts/bench/README.md).

--- Q07 ---
  DuckDB        857.45 ms ±  0.00  (4 rows)

--- Q08 ---
  DuckDB       1334.72 ms ±  0.00  (2 rows)

--- Q04 ---
  DuckDB        845.23 ms ±  0.00  (5 rows)

--- Q19 ---
  DuckDB       1698.26 ms ±  0.00  (1 rows)

--- Q16 ---
  DuckDB        407.51 ms ±  0.00  (27840 rows)

--- Q13 ---
  DuckDB       2185.76 ms ±  0.00  (46 rows)

--- Q03 ---
  DuckDB       1096.82 ms ±  0.00  (114003 rows)

--- Q02 ---
  DuckDB        383.77 ms ±  0.00  (4667 rows)

--- Q06 ---
  DuckDB        566.22 ms ±  0.00  (1 rows)

--- Q15 ---
  DuckDB        456.54 ms ±  0.00  (1 rows)

--- Q09 ---
  DuckDB       2357.38 ms ±  0.00  (175 rows)

--- Q12 ---
  DuckDB        878.34 ms ±  0.00  (2 rows)

--- Q01 ---
  DuckDB       1890.16 ms ±  0.00  (4 rows)

--- Q17 ---
  DuckDB       1210.12 ms ±  0.00  (1 rows)

--- Q22 ---
  DuckDB        389.90 ms ±  0.00  (7 rows)

--- Q14 ---
  DuckDB       1088.14 ms ±  0.00  (1 rows)

--- Q10 ---
  DuckDB       1956.32 ms ±  0.00  (381105 rows)

--- Q20 ---
  DuckDB       1211.24 ms ±  0.00  (1804 rows)

--- Q21 ---
  DuckDB       2960.98 ms ±  0.00  (4009 rows)

--- Q05 ---
  DuckDB       1213.11 ms ±  0.00  (5 rows)

--- Q11 ---
  DuckDB        192.31 ms ±  0.00  (8685 rows)

--- Q18 ---
  DuckDB       1582.54 ms ±  0.00  (624 rows)

wrote bench-results/tput-rebaseline-2026-07-03/sf10-auto/duckdb/s100/batch-4/stream-35.md
