=== TPC-H 22 triangulation bench ===
    data:    /Users/ryanevans/RustroverProjects/ematix-flow/examples/tpch/data/sf10
    queries: 22 ([8, 14, 11, 21, 17, 22, 6, 13, 9, 1, 10, 15, 2, 7, 18, 5, 20, 3, 4, 12, 19, 16])
    trials:  1 (after 0 warmups)
    output:  bench-results/tput-rebaseline-2026-07-03/sf10-auto/duckdb/s100/batch-4/stream-93.md

    NOTE: single-invocation output is SMOKE-GRADE only. For win/loss
    claims use scripts/bench/strict_22q.sh / strict_ab.sh /
    strict_throughput.sh (see scripts/bench/README.md).

--- Q08 ---
  DuckDB       1334.60 ms ±  0.00  (2 rows)

--- Q14 ---
  DuckDB        947.96 ms ±  0.00  (1 rows)

--- Q11 ---
  DuckDB         57.31 ms ±  0.00  (8685 rows)

--- Q21 ---
  DuckDB       2940.98 ms ±  0.00  (4009 rows)

--- Q17 ---
  DuckDB       1000.08 ms ±  0.00  (1 rows)

--- Q22 ---
  DuckDB        405.52 ms ±  0.00  (7 rows)

--- Q06 ---
  DuckDB        526.71 ms ±  0.00  (1 rows)

--- Q13 ---
  DuckDB       1760.45 ms ±  0.00  (46 rows)

--- Q09 ---
  DuckDB       2082.50 ms ±  0.00  (175 rows)

--- Q01 ---
  DuckDB       2093.38 ms ±  0.00  (4 rows)

--- Q10 ---
  DuckDB       1661.36 ms ±  0.00  (381105 rows)

--- Q15 ---
  DuckDB        557.33 ms ±  0.00  (1 rows)

--- Q02 ---
  DuckDB        240.59 ms ±  0.00  (4667 rows)

--- Q07 ---
  DuckDB        898.26 ms ±  0.00  (4 rows)

--- Q18 ---
  DuckDB       1731.54 ms ±  0.00  (624 rows)

--- Q05 ---
  DuckDB        851.37 ms ±  0.00  (5 rows)

--- Q20 ---
  DuckDB        905.70 ms ±  0.00  (1804 rows)

--- Q03 ---
  DuckDB        903.78 ms ±  0.00  (114003 rows)

--- Q04 ---
  DuckDB        592.80 ms ±  0.00  (5 rows)

--- Q12 ---
  DuckDB        725.21 ms ±  0.00  (2 rows)

--- Q19 ---
  DuckDB       1347.48 ms ±  0.00  (1 rows)

--- Q16 ---
  DuckDB        264.55 ms ±  0.00  (27840 rows)

wrote bench-results/tput-rebaseline-2026-07-03/sf10-auto/duckdb/s100/batch-4/stream-93.md
