=== TPC-H 22 triangulation bench ===
    data:    /Users/ryanevans/RustroverProjects/ematix-flow/examples/tpch/data/sf10
    queries: 22 ([19, 17, 7, 6, 12, 2, 16, 13, 22, 1, 11, 21, 5, 10, 8, 18, 9, 20, 15, 14, 4, 3])
    trials:  1 (after 0 warmups)
    output:  bench-results/tput-rebaseline-2026-07-03/sf10-auto/duckdb/s100/batch-4/stream-67.md

    NOTE: single-invocation output is SMOKE-GRADE only. For win/loss
    claims use scripts/bench/strict_22q.sh / strict_ab.sh /
    strict_throughput.sh (see scripts/bench/README.md).

--- Q19 ---
  DuckDB       1341.24 ms ±  0.00  (1 rows)

--- Q17 ---
  DuckDB       1318.60 ms ±  0.00  (1 rows)

--- Q07 ---
  DuckDB        938.84 ms ±  0.00  (4 rows)

--- Q06 ---
  DuckDB        603.64 ms ±  0.00  (1 rows)

--- Q12 ---
  DuckDB        832.75 ms ±  0.00  (2 rows)

--- Q02 ---
  DuckDB        236.32 ms ±  0.00  (4667 rows)

--- Q16 ---
  DuckDB        351.63 ms ±  0.00  (27840 rows)

--- Q13 ---
  DuckDB       1984.06 ms ±  0.00  (46 rows)

--- Q22 ---
  DuckDB        302.77 ms ±  0.00  (7 rows)

--- Q01 ---
  DuckDB       2059.60 ms ±  0.00  (4 rows)

--- Q11 ---
  DuckDB         81.61 ms ±  0.00  (8685 rows)

--- Q21 ---
  DuckDB       3071.90 ms ±  0.00  (4009 rows)

--- Q05 ---
  DuckDB       1035.50 ms ±  0.00  (5 rows)

--- Q10 ---
  DuckDB       1688.22 ms ±  0.00  (381105 rows)

--- Q08 ---
  DuckDB       1349.11 ms ±  0.00  (2 rows)

--- Q18 ---
  DuckDB       1781.91 ms ±  0.00  (624 rows)

--- Q09 ---
  DuckDB       2175.45 ms ±  0.00  (175 rows)

--- Q20 ---
  DuckDB        935.27 ms ±  0.00  (1804 rows)

--- Q15 ---
  DuckDB        550.57 ms ±  0.00  (1 rows)

--- Q14 ---
  DuckDB        746.23 ms ±  0.00  (1 rows)

--- Q04 ---
  DuckDB        532.38 ms ±  0.00  (5 rows)

--- Q03 ---
  DuckDB        928.61 ms ±  0.00  (114003 rows)

wrote bench-results/tput-rebaseline-2026-07-03/sf10-auto/duckdb/s100/batch-4/stream-67.md
