=== TPC-H 22 triangulation bench ===
    data:    /Users/ryanevans/RustroverProjects/ematix-flow/examples/tpch/data/sf10
    queries: 22 ([18, 21, 3, 15, 13, 11, 8, 22, 16, 5, 19, 7, 4, 1, 2, 9, 6, 20, 12, 10, 14, 17])
    trials:  1 (after 0 warmups)
    output:  bench-results/tput-rebaseline-2026-07-03/sf10-auto/duckdb/s100/batch-4/stream-17.md

    NOTE: single-invocation output is SMOKE-GRADE only. For win/loss
    claims use scripts/bench/strict_22q.sh / strict_ab.sh /
    strict_throughput.sh (see scripts/bench/README.md).

--- Q18 ---
  DuckDB       1580.25 ms ±  0.00  (624 rows)

--- Q21 ---
  DuckDB       3094.29 ms ±  0.00  (4009 rows)

--- Q03 ---
  DuckDB       1266.08 ms ±  0.00  (114003 rows)

--- Q15 ---
  DuckDB        649.52 ms ±  0.00  (1 rows)

--- Q13 ---
  DuckDB       1971.10 ms ±  0.00  (46 rows)

--- Q11 ---
  DuckDB         97.16 ms ±  0.00  (8685 rows)

--- Q08 ---
  DuckDB       1266.06 ms ±  0.00  (2 rows)

--- Q22 ---
  DuckDB        254.00 ms ±  0.00  (7 rows)

--- Q16 ---
  DuckDB        305.52 ms ±  0.00  (27840 rows)

--- Q05 ---
  DuckDB        900.04 ms ±  0.00  (5 rows)

--- Q19 ---
  DuckDB       1495.68 ms ±  0.00  (1 rows)

--- Q07 ---
  DuckDB       1150.12 ms ±  0.00  (4 rows)

--- Q04 ---
  DuckDB        741.26 ms ±  0.00  (5 rows)

--- Q01 ---
  DuckDB       2038.18 ms ±  0.00  (4 rows)

--- Q02 ---
  DuckDB        140.50 ms ±  0.00  (4667 rows)

--- Q09 ---
  DuckDB       2340.61 ms ±  0.00  (175 rows)

--- Q06 ---
  DuckDB        554.68 ms ±  0.00  (1 rows)

--- Q20 ---
  DuckDB        901.24 ms ±  0.00  (1804 rows)

--- Q12 ---
  DuckDB        683.68 ms ±  0.00  (2 rows)

--- Q10 ---
  DuckDB       2029.56 ms ±  0.00  (381105 rows)

--- Q14 ---
  DuckDB        892.05 ms ±  0.00  (1 rows)

--- Q17 ---
  DuckDB       1066.03 ms ±  0.00  (1 rows)

wrote bench-results/tput-rebaseline-2026-07-03/sf10-auto/duckdb/s100/batch-4/stream-17.md
