=== TPC-H 22 triangulation bench ===
    data:    /Users/ryanevans/RustroverProjects/ematix-flow/examples/tpch/data/sf10
    queries: 22 ([8, 15, 10, 21, 1, 11, 18, 17, 2, 13, 16, 4, 6, 7, 14, 19, 22, 12, 5, 9, 20, 3])
    trials:  1 (after 0 warmups)
    output:  bench-results/tput-rebaseline-2026-07-03/sf10-auto/duckdb/s100/batch-4/stream-89.md

    NOTE: single-invocation output is SMOKE-GRADE only. For win/loss
    claims use scripts/bench/strict_22q.sh / strict_ab.sh /
    strict_throughput.sh (see scripts/bench/README.md).

--- Q08 ---
  DuckDB       1016.13 ms ±  0.00  (2 rows)

--- Q15 ---
  DuckDB        494.20 ms ±  0.00  (1 rows)

--- Q10 ---
  DuckDB       2042.85 ms ±  0.00  (381105 rows)

--- Q21 ---
  DuckDB       3005.63 ms ±  0.00  (4009 rows)

--- Q01 ---
  DuckDB       2171.50 ms ±  0.00  (4 rows)

--- Q11 ---
  DuckDB        142.22 ms ±  0.00  (8685 rows)

--- Q18 ---
  DuckDB       1686.84 ms ±  0.00  (624 rows)

--- Q17 ---
  DuckDB       1171.46 ms ±  0.00  (1 rows)

--- Q02 ---
  DuckDB        297.86 ms ±  0.00  (4667 rows)

--- Q13 ---
  DuckDB       2007.11 ms ±  0.00  (46 rows)

--- Q16 ---
  DuckDB        421.87 ms ±  0.00  (27840 rows)

--- Q04 ---
  DuckDB        737.78 ms ±  0.00  (5 rows)

--- Q06 ---
  DuckDB        556.59 ms ±  0.00  (1 rows)

--- Q07 ---
  DuckDB       1267.24 ms ±  0.00  (4 rows)

--- Q14 ---
  DuckDB        948.47 ms ±  0.00  (1 rows)

--- Q19 ---
  DuckDB       1672.66 ms ±  0.00  (1 rows)

--- Q22 ---
  DuckDB        367.04 ms ±  0.00  (7 rows)

--- Q12 ---
  DuckDB        840.50 ms ±  0.00  (2 rows)

--- Q05 ---
  DuckDB       1028.24 ms ±  0.00  (5 rows)

--- Q09 ---
  DuckDB       2498.91 ms ±  0.00  (175 rows)

--- Q20 ---
  DuckDB       1009.28 ms ±  0.00  (1804 rows)

--- Q03 ---
  DuckDB        930.22 ms ±  0.00  (114003 rows)

wrote bench-results/tput-rebaseline-2026-07-03/sf10-auto/duckdb/s100/batch-4/stream-89.md
