=== TPC-H 22 triangulation bench ===
    data:    /Users/ryanevans/RustroverProjects/ematix-flow/examples/tpch/data/sf10
    queries: 22 ([19, 18, 21, 15, 13, 17, 8, 14, 9, 16, 7, 22, 12, 5, 4, 6, 20, 3, 10, 1, 2, 11])
    trials:  1 (after 0 warmups)
    output:  bench-results/tput-rebaseline-2026-07-03/sf10-auto/duckdb/s100/batch-4/stream-36.md

    NOTE: single-invocation output is SMOKE-GRADE only. For win/loss
    claims use scripts/bench/strict_22q.sh / strict_ab.sh /
    strict_throughput.sh (see scripts/bench/README.md).

--- Q19 ---
  DuckDB       1624.49 ms ±  0.00  (1 rows)

--- Q18 ---
  DuckDB       1815.60 ms ±  0.00  (624 rows)

--- Q21 ---
  DuckDB       3067.23 ms ±  0.00  (4009 rows)

--- Q15 ---
  DuckDB        565.10 ms ±  0.00  (1 rows)

--- Q13 ---
  DuckDB       2118.31 ms ±  0.00  (46 rows)

--- Q17 ---
  DuckDB       1183.75 ms ±  0.00  (1 rows)

--- Q08 ---
  DuckDB       1155.37 ms ±  0.00  (2 rows)

--- Q14 ---
  DuckDB        958.57 ms ±  0.00  (1 rows)

--- Q09 ---
  DuckDB       2517.81 ms ±  0.00  (175 rows)

--- Q16 ---
  DuckDB        394.76 ms ±  0.00  (27840 rows)

--- Q07 ---
  DuckDB        903.03 ms ±  0.00  (4 rows)

--- Q22 ---
  DuckDB        408.36 ms ±  0.00  (7 rows)

--- Q12 ---
  DuckDB        904.32 ms ±  0.00  (2 rows)

--- Q05 ---
  DuckDB        913.81 ms ±  0.00  (5 rows)

--- Q04 ---
  DuckDB        654.16 ms ±  0.00  (5 rows)

--- Q06 ---
  DuckDB        567.90 ms ±  0.00  (1 rows)

--- Q20 ---
  DuckDB        847.11 ms ±  0.00  (1804 rows)

--- Q03 ---
  DuckDB        939.98 ms ±  0.00  (114003 rows)

--- Q10 ---
  DuckDB       1847.42 ms ±  0.00  (381105 rows)

--- Q01 ---
  DuckDB       2007.67 ms ±  0.00  (4 rows)

--- Q02 ---
  DuckDB        229.89 ms ±  0.00  (4667 rows)

--- Q11 ---
  DuckDB        107.78 ms ±  0.00  (8685 rows)

wrote bench-results/tput-rebaseline-2026-07-03/sf10-auto/duckdb/s100/batch-4/stream-36.md
