=== TPC-H 22 triangulation bench ===
    data:    /Users/ryanevans/RustroverProjects/ematix-flow/examples/tpch/data/sf10
    queries: 22 ([1, 8, 5, 4, 9, 3, 7, 10, 13, 18, 6, 12, 20, 11, 21, 16, 17, 2, 22, 14, 19, 15])
    trials:  1 (after 0 warmups)
    output:  bench-results/tput-rebaseline-2026-07-03/sf10-auto/duckdb/s100/batch-4/stream-75.md

    NOTE: single-invocation output is SMOKE-GRADE only. For win/loss
    claims use scripts/bench/strict_22q.sh / strict_ab.sh /
    strict_throughput.sh (see scripts/bench/README.md).

--- Q01 ---
  DuckDB       2323.72 ms ±  0.00  (4 rows)

--- Q08 ---
  DuckDB       1082.96 ms ±  0.00  (2 rows)

--- Q05 ---
  DuckDB       1121.34 ms ±  0.00  (5 rows)

--- Q04 ---
  DuckDB        743.72 ms ±  0.00  (5 rows)

--- Q09 ---
  DuckDB       2076.92 ms ±  0.00  (175 rows)

--- Q03 ---
  DuckDB       1062.72 ms ±  0.00  (114003 rows)

--- Q07 ---
  DuckDB        938.43 ms ±  0.00  (4 rows)

--- Q10 ---
  DuckDB       1907.83 ms ±  0.00  (381105 rows)

--- Q13 ---
  DuckDB       1990.31 ms ±  0.00  (46 rows)

--- Q18 ---
  DuckDB       1633.71 ms ±  0.00  (624 rows)

--- Q06 ---
  DuckDB        573.30 ms ±  0.00  (1 rows)

--- Q12 ---
  DuckDB       1054.40 ms ±  0.00  (2 rows)

--- Q20 ---
  DuckDB        774.30 ms ±  0.00  (1804 rows)

--- Q11 ---
  DuckDB        155.09 ms ±  0.00  (8685 rows)

--- Q21 ---
  DuckDB       2864.42 ms ±  0.00  (4009 rows)

--- Q16 ---
  DuckDB        613.50 ms ±  0.00  (27840 rows)

--- Q17 ---
  DuckDB        957.86 ms ±  0.00  (1 rows)

--- Q02 ---
  DuckDB        180.31 ms ±  0.00  (4667 rows)

--- Q22 ---
  DuckDB        623.63 ms ±  0.00  (7 rows)

--- Q14 ---
  DuckDB        943.25 ms ±  0.00  (1 rows)

--- Q19 ---
  DuckDB       1374.68 ms ±  0.00  (1 rows)

--- Q15 ---
  DuckDB        529.36 ms ±  0.00  (1 rows)

wrote bench-results/tput-rebaseline-2026-07-03/sf10-auto/duckdb/s100/batch-4/stream-75.md
