=== TPC-H 22 triangulation bench ===
    data:    /Users/ryanevans/RustroverProjects/ematix-flow/examples/tpch/data/sf10
    queries: 22 ([11, 1, 3, 19, 17, 4, 15, 14, 10, 9, 20, 12, 16, 2, 21, 5, 18, 8, 6, 7, 22, 13])
    trials:  1 (after 0 warmups)
    output:  bench-results/tput-rebaseline-2026-07-03/sf10-auto/duckdb/s100/batch-4/stream-99.md

    NOTE: single-invocation output is SMOKE-GRADE only. For win/loss
    claims use scripts/bench/strict_22q.sh / strict_ab.sh /
    strict_throughput.sh (see scripts/bench/README.md).

--- Q11 ---
  DuckDB        213.91 ms ±  0.00  (8685 rows)

--- Q01 ---
  DuckDB       2236.41 ms ±  0.00  (4 rows)

--- Q03 ---
  DuckDB       1192.74 ms ±  0.00  (114003 rows)

--- Q19 ---
  DuckDB       1660.54 ms ±  0.00  (1 rows)

--- Q17 ---
  DuckDB       1158.12 ms ±  0.00  (1 rows)

--- Q04 ---
  DuckDB        818.54 ms ±  0.00  (5 rows)

--- Q15 ---
  DuckDB        902.30 ms ±  0.00  (1 rows)

--- Q14 ---
  DuckDB        930.91 ms ±  0.00  (1 rows)

--- Q10 ---
  DuckDB       1658.14 ms ±  0.00  (381105 rows)

--- Q09 ---
  DuckDB       2171.01 ms ±  0.00  (175 rows)

--- Q20 ---
  DuckDB       1237.77 ms ±  0.00  (1804 rows)

--- Q12 ---
  DuckDB        728.76 ms ±  0.00  (2 rows)

--- Q16 ---
  DuckDB        463.19 ms ±  0.00  (27840 rows)

--- Q02 ---
  DuckDB        292.20 ms ±  0.00  (4667 rows)

--- Q21 ---
  DuckDB       2546.85 ms ±  0.00  (4009 rows)

--- Q05 ---
  DuckDB        853.66 ms ±  0.00  (5 rows)

--- Q18 ---
  DuckDB       1058.38 ms ±  0.00  (624 rows)

--- Q08 ---
  DuckDB        424.05 ms ±  0.00  (2 rows)

--- Q06 ---
  DuckDB        134.68 ms ±  0.00  (1 rows)

--- Q07 ---
  DuckDB        236.40 ms ±  0.00  (4 rows)

--- Q22 ---
  DuckDB         80.90 ms ±  0.00  (7 rows)

--- Q13 ---
  DuckDB        325.32 ms ±  0.00  (46 rows)

wrote bench-results/tput-rebaseline-2026-07-03/sf10-auto/duckdb/s100/batch-4/stream-99.md
