=== TPC-H 22 triangulation bench ===
    data:    /Users/ryanevans/RustroverProjects/ematix-flow/examples/tpch/data/sf10
    queries: 22 ([17, 13, 20, 15, 19, 8, 6, 4, 21, 3, 9, 10, 11, 12, 1, 16, 5, 2, 18, 14, 22, 7])
    trials:  1 (after 0 warmups)
    output:  bench-results/tput-rebaseline-2026-07-03/sf10-auto/duckdb/s100/batch-4/stream-26.md

    NOTE: single-invocation output is SMOKE-GRADE only. For win/loss
    claims use scripts/bench/strict_22q.sh / strict_ab.sh /
    strict_throughput.sh (see scripts/bench/README.md).

--- Q17 ---
  DuckDB       1147.39 ms ±  0.00  (1 rows)

--- Q13 ---
  DuckDB       1949.41 ms ±  0.00  (46 rows)

--- Q20 ---
  DuckDB       1023.25 ms ±  0.00  (1804 rows)

--- Q15 ---
  DuckDB        779.81 ms ±  0.00  (1 rows)

--- Q19 ---
  DuckDB       1614.08 ms ±  0.00  (1 rows)

--- Q08 ---
  DuckDB       1280.14 ms ±  0.00  (2 rows)

--- Q06 ---
  DuckDB        472.29 ms ±  0.00  (1 rows)

--- Q04 ---
  DuckDB        644.28 ms ±  0.00  (5 rows)

--- Q21 ---
  DuckDB       3330.01 ms ±  0.00  (4009 rows)

--- Q03 ---
  DuckDB       1016.16 ms ±  0.00  (114003 rows)

--- Q09 ---
  DuckDB       2566.68 ms ±  0.00  (175 rows)

--- Q10 ---
  DuckDB       1683.00 ms ±  0.00  (381105 rows)

--- Q11 ---
  DuckDB        218.76 ms ±  0.00  (8685 rows)

--- Q12 ---
  DuckDB        909.79 ms ±  0.00  (2 rows)

--- Q01 ---
  DuckDB       2201.82 ms ±  0.00  (4 rows)

--- Q16 ---
  DuckDB        279.85 ms ±  0.00  (27840 rows)

--- Q05 ---
  DuckDB       1190.21 ms ±  0.00  (5 rows)

--- Q02 ---
  DuckDB        188.66 ms ±  0.00  (4667 rows)

--- Q18 ---
  DuckDB       1597.78 ms ±  0.00  (624 rows)

--- Q14 ---
  DuckDB       1025.40 ms ±  0.00  (1 rows)

--- Q22 ---
  DuckDB        258.91 ms ±  0.00  (7 rows)

--- Q07 ---
  DuckDB        929.77 ms ±  0.00  (4 rows)

wrote bench-results/tput-rebaseline-2026-07-03/sf10-auto/duckdb/s100/batch-4/stream-26.md
