=== TPC-H 22 triangulation bench ===
    data:    /Users/ryanevans/RustroverProjects/ematix-flow/examples/tpch/data/sf10
    queries: 22 ([21, 4, 5, 2, 11, 9, 14, 10, 6, 3, 13, 1, 22, 8, 18, 12, 19, 16, 17, 15, 7, 20])
    trials:  1 (after 0 warmups)
    output:  bench-results/tput-rebaseline-2026-07-03/sf10-auto/duckdb/s100/batch-4/stream-53.md

    NOTE: single-invocation output is SMOKE-GRADE only. For win/loss
    claims use scripts/bench/strict_22q.sh / strict_ab.sh /
    strict_throughput.sh (see scripts/bench/README.md).

--- Q21 ---
  DuckDB       2731.25 ms ±  0.00  (4009 rows)

--- Q04 ---
  DuckDB        702.90 ms ±  0.00  (5 rows)

--- Q05 ---
  DuckDB        944.89 ms ±  0.00  (5 rows)

--- Q02 ---
  DuckDB        349.81 ms ±  0.00  (4667 rows)

--- Q11 ---
  DuckDB        138.82 ms ±  0.00  (8685 rows)

--- Q09 ---
  DuckDB       2334.46 ms ±  0.00  (175 rows)

--- Q14 ---
  DuckDB        935.56 ms ±  0.00  (1 rows)

--- Q10 ---
  DuckDB       1917.02 ms ±  0.00  (381105 rows)

--- Q06 ---
  DuckDB        505.12 ms ±  0.00  (1 rows)

--- Q03 ---
  DuckDB        993.02 ms ±  0.00  (114003 rows)

--- Q13 ---
  DuckDB       2038.71 ms ±  0.00  (46 rows)

--- Q01 ---
  DuckDB       2179.19 ms ±  0.00  (4 rows)

--- Q22 ---
  DuckDB        405.70 ms ±  0.00  (7 rows)

--- Q08 ---
  DuckDB       1272.44 ms ±  0.00  (2 rows)

--- Q18 ---
  DuckDB       1577.53 ms ±  0.00  (624 rows)

--- Q12 ---
  DuckDB        868.93 ms ±  0.00  (2 rows)

--- Q19 ---
  DuckDB       1525.65 ms ±  0.00  (1 rows)

--- Q16 ---
  DuckDB        280.38 ms ±  0.00  (27840 rows)

--- Q17 ---
  DuckDB       1145.62 ms ±  0.00  (1 rows)

--- Q15 ---
  DuckDB        731.20 ms ±  0.00  (1 rows)

--- Q07 ---
  DuckDB       1015.81 ms ±  0.00  (4 rows)

--- Q20 ---
  DuckDB        955.95 ms ±  0.00  (1804 rows)

wrote bench-results/tput-rebaseline-2026-07-03/sf10-auto/duckdb/s100/batch-4/stream-53.md
