=== TPC-H 22 triangulation bench ===
    data:    /Users/ryanevans/RustroverProjects/ematix-flow/examples/tpch/data/sf10
    queries: 22 ([16, 12, 15, 21, 10, 9, 5, 22, 2, 4, 3, 8, 20, 19, 14, 18, 17, 1, 6, 11, 7, 13])
    trials:  1 (after 0 warmups)
    output:  bench-results/tput-rebaseline-2026-07-03/sf10-auto/duckdb/s100/batch-4/stream-88.md

    NOTE: single-invocation output is SMOKE-GRADE only. For win/loss
    claims use scripts/bench/strict_22q.sh / strict_ab.sh /
    strict_throughput.sh (see scripts/bench/README.md).

--- Q16 ---
  DuckDB        528.38 ms ±  0.00  (27840 rows)

--- Q12 ---
  DuckDB        822.87 ms ±  0.00  (2 rows)

--- Q15 ---
  DuckDB        701.89 ms ±  0.00  (1 rows)

--- Q21 ---
  DuckDB       3211.88 ms ±  0.00  (4009 rows)

--- Q10 ---
  DuckDB       1729.14 ms ±  0.00  (381105 rows)

--- Q09 ---
  DuckDB       2414.72 ms ±  0.00  (175 rows)

--- Q05 ---
  DuckDB       1142.40 ms ±  0.00  (5 rows)

--- Q22 ---
  DuckDB        321.05 ms ±  0.00  (7 rows)

--- Q02 ---
  DuckDB        364.58 ms ±  0.00  (4667 rows)

--- Q04 ---
  DuckDB        633.00 ms ±  0.00  (5 rows)

--- Q03 ---
  DuckDB       1024.84 ms ±  0.00  (114003 rows)

--- Q08 ---
  DuckDB       1112.67 ms ±  0.00  (2 rows)

--- Q20 ---
  DuckDB        911.33 ms ±  0.00  (1804 rows)

--- Q19 ---
  DuckDB       1535.37 ms ±  0.00  (1 rows)

--- Q14 ---
  DuckDB        801.91 ms ±  0.00  (1 rows)

--- Q18 ---
  DuckDB       1492.15 ms ±  0.00  (624 rows)

--- Q17 ---
  DuckDB       1164.90 ms ±  0.00  (1 rows)

--- Q01 ---
  DuckDB       1926.53 ms ±  0.00  (4 rows)

--- Q06 ---
  DuckDB        508.71 ms ±  0.00  (1 rows)

--- Q11 ---
  DuckDB         88.25 ms ±  0.00  (8685 rows)

--- Q07 ---
  DuckDB        938.34 ms ±  0.00  (4 rows)

--- Q13 ---
  DuckDB       1764.95 ms ±  0.00  (46 rows)

wrote bench-results/tput-rebaseline-2026-07-03/sf10-auto/duckdb/s100/batch-4/stream-88.md
