=== TPC-H 22 triangulation bench ===
    data:    /Users/ryanevans/RustroverProjects/ematix-flow/examples/tpch/data/sf10
    queries: 22 ([2, 6, 5, 12, 15, 21, 18, 1, 13, 14, 3, 17, 16, 22, 19, 10, 4, 20, 8, 7, 11, 9])
    trials:  1 (after 0 warmups)
    output:  bench-results/tput-rebaseline-2026-07-03/sf10-auto/duckdb/s100/batch-4/stream-77.md

    NOTE: single-invocation output is SMOKE-GRADE only. For win/loss
    claims use scripts/bench/strict_22q.sh / strict_ab.sh /
    strict_throughput.sh (see scripts/bench/README.md).

--- Q02 ---
  DuckDB        237.21 ms ±  0.00  (4667 rows)

--- Q06 ---
  DuckDB        559.73 ms ±  0.00  (1 rows)

--- Q05 ---
  DuckDB        978.57 ms ±  0.00  (5 rows)

--- Q12 ---
  DuckDB        813.41 ms ±  0.00  (2 rows)

--- Q15 ---
  DuckDB        687.44 ms ±  0.00  (1 rows)

--- Q21 ---
  DuckDB       2727.90 ms ±  0.00  (4009 rows)

--- Q18 ---
  DuckDB       1888.17 ms ±  0.00  (624 rows)

--- Q01 ---
  DuckDB       2190.32 ms ±  0.00  (4 rows)

--- Q13 ---
  DuckDB       1890.09 ms ±  0.00  (46 rows)

--- Q14 ---
  DuckDB        993.31 ms ±  0.00  (1 rows)

--- Q03 ---
  DuckDB       1054.69 ms ±  0.00  (114003 rows)

--- Q17 ---
  DuckDB       1252.85 ms ±  0.00  (1 rows)

--- Q16 ---
  DuckDB        356.85 ms ±  0.00  (27840 rows)

--- Q22 ---
  DuckDB        402.52 ms ±  0.00  (7 rows)

--- Q19 ---
  DuckDB       1566.24 ms ±  0.00  (1 rows)

--- Q10 ---
  DuckDB       1677.88 ms ±  0.00  (381105 rows)

--- Q04 ---
  DuckDB        558.74 ms ±  0.00  (5 rows)

--- Q20 ---
  DuckDB        773.02 ms ±  0.00  (1804 rows)

--- Q08 ---
  DuckDB       1260.46 ms ±  0.00  (2 rows)

--- Q07 ---
  DuckDB       1104.23 ms ±  0.00  (4 rows)

--- Q11 ---
  DuckDB        260.33 ms ±  0.00  (8685 rows)

--- Q09 ---
  DuckDB       1981.43 ms ±  0.00  (175 rows)

wrote bench-results/tput-rebaseline-2026-07-03/sf10-auto/duckdb/s100/batch-4/stream-77.md
