=== TPC-H 22 triangulation bench ===
    data:    /Users/ryanevans/RustroverProjects/ematix-flow/examples/tpch/data/sf10
    queries: 22 ([20, 19, 2, 5, 7, 8, 17, 9, 16, 13, 18, 11, 10, 1, 6, 15, 12, 3, 4, 22, 14, 21])
    trials:  1 (after 0 warmups)
    output:  bench-results/tput-rebaseline-2026-07-03/sf10-auto/duckdb/s100/batch-4/stream-38.md

    NOTE: single-invocation output is SMOKE-GRADE only. For win/loss
    claims use scripts/bench/strict_22q.sh / strict_ab.sh /
    strict_throughput.sh (see scripts/bench/README.md).

--- Q20 ---
  DuckDB        852.88 ms ±  0.00  (1804 rows)

--- Q19 ---
  DuckDB       1731.66 ms ±  0.00  (1 rows)

--- Q02 ---
  DuckDB        129.85 ms ±  0.00  (4667 rows)

--- Q05 ---
  DuckDB       1193.79 ms ±  0.00  (5 rows)

--- Q07 ---
  DuckDB       1063.06 ms ±  0.00  (4 rows)

--- Q08 ---
  DuckDB       1363.50 ms ±  0.00  (2 rows)

--- Q17 ---
  DuckDB       1167.82 ms ±  0.00  (1 rows)

--- Q09 ---
  DuckDB       2384.85 ms ±  0.00  (175 rows)

--- Q16 ---
  DuckDB        412.97 ms ±  0.00  (27840 rows)

--- Q13 ---
  DuckDB       2023.63 ms ±  0.00  (46 rows)

--- Q18 ---
  DuckDB       1476.66 ms ±  0.00  (624 rows)

--- Q11 ---
  DuckDB         90.32 ms ±  0.00  (8685 rows)

--- Q10 ---
  DuckDB       1764.26 ms ±  0.00  (381105 rows)

--- Q01 ---
  DuckDB       2271.28 ms ±  0.00  (4 rows)

--- Q06 ---
  DuckDB        357.34 ms ±  0.00  (1 rows)

--- Q15 ---
  DuckDB        517.77 ms ±  0.00  (1 rows)

--- Q12 ---
  DuckDB        880.99 ms ±  0.00  (2 rows)

--- Q03 ---
  DuckDB        982.67 ms ±  0.00  (114003 rows)

--- Q04 ---
  DuckDB        591.02 ms ±  0.00  (5 rows)

--- Q22 ---
  DuckDB        349.50 ms ±  0.00  (7 rows)

--- Q14 ---
  DuckDB        950.30 ms ±  0.00  (1 rows)

--- Q21 ---
  DuckDB       2726.55 ms ±  0.00  (4009 rows)

wrote bench-results/tput-rebaseline-2026-07-03/sf10-auto/duckdb/s100/batch-4/stream-38.md
