=== TPC-H 22 triangulation bench ===
    data:    /Users/ryanevans/RustroverProjects/ematix-flow/examples/tpch/data/sf10
    queries: 22 ([18, 14, 8, 9, 10, 15, 20, 5, 16, 6, 17, 19, 3, 1, 22, 2, 21, 4, 7, 13, 11, 12])
    trials:  1 (after 0 warmups)
    output:  bench-results/tput-rebaseline-2026-07-03/sf10-auto/duckdb/s100/batch-4/stream-96.md

    NOTE: single-invocation output is SMOKE-GRADE only. For win/loss
    claims use scripts/bench/strict_22q.sh / strict_ab.sh /
    strict_throughput.sh (see scripts/bench/README.md).

--- Q18 ---
  DuckDB       1710.04 ms ±  0.00  (624 rows)

--- Q14 ---
  DuckDB        843.67 ms ±  0.00  (1 rows)

--- Q08 ---
  DuckDB       1326.52 ms ±  0.00  (2 rows)

--- Q09 ---
  DuckDB       2403.49 ms ±  0.00  (175 rows)

--- Q10 ---
  DuckDB       2035.86 ms ±  0.00  (381105 rows)

--- Q15 ---
  DuckDB        616.42 ms ±  0.00  (1 rows)

--- Q20 ---
  DuckDB        793.01 ms ±  0.00  (1804 rows)

--- Q05 ---
  DuckDB        897.03 ms ±  0.00  (5 rows)

--- Q16 ---
  DuckDB        340.87 ms ±  0.00  (27840 rows)

--- Q06 ---
  DuckDB        599.43 ms ±  0.00  (1 rows)

--- Q17 ---
  DuckDB       1160.32 ms ±  0.00  (1 rows)

--- Q19 ---
  DuckDB       1542.78 ms ±  0.00  (1 rows)

--- Q03 ---
  DuckDB       1152.09 ms ±  0.00  (114003 rows)

--- Q01 ---
  DuckDB       2101.79 ms ±  0.00  (4 rows)

--- Q22 ---
  DuckDB        423.31 ms ±  0.00  (7 rows)

--- Q02 ---
  DuckDB        265.01 ms ±  0.00  (4667 rows)

--- Q21 ---
  DuckDB       2826.65 ms ±  0.00  (4009 rows)

--- Q04 ---
  DuckDB        578.28 ms ±  0.00  (5 rows)

--- Q07 ---
  DuckDB        737.25 ms ±  0.00  (4 rows)

--- Q13 ---
  DuckDB       1316.07 ms ±  0.00  (46 rows)

--- Q11 ---
  DuckDB         99.94 ms ±  0.00  (8685 rows)

--- Q12 ---
  DuckDB        293.99 ms ±  0.00  (2 rows)

wrote bench-results/tput-rebaseline-2026-07-03/sf10-auto/duckdb/s100/batch-4/stream-96.md
