=== TPC-H 22 triangulation bench ===
    data:    /Users/ryanevans/RustroverProjects/ematix-flow/examples/tpch/data/sf10
    queries: 22 ([9, 19, 10, 16, 7, 15, 6, 20, 8, 22, 5, 21, 13, 1, 18, 2, 17, 11, 4, 14, 12, 3])
    trials:  1 (after 0 warmups)
    output:  bench-results/tput-rebaseline-2026-07-03/sf10-auto/duckdb/s100/batch-4/stream-49.md

    NOTE: single-invocation output is SMOKE-GRADE only. For win/loss
    claims use scripts/bench/strict_22q.sh / strict_ab.sh /
    strict_throughput.sh (see scripts/bench/README.md).

--- Q09 ---
  DuckDB       2334.91 ms ±  0.00  (175 rows)

--- Q19 ---
  DuckDB       1604.51 ms ±  0.00  (1 rows)

--- Q10 ---
  DuckDB       1920.84 ms ±  0.00  (381105 rows)

--- Q16 ---
  DuckDB        231.91 ms ±  0.00  (27840 rows)

--- Q07 ---
  DuckDB       1056.87 ms ±  0.00  (4 rows)

--- Q15 ---
  DuckDB        608.59 ms ±  0.00  (1 rows)

--- Q06 ---
  DuckDB        565.72 ms ±  0.00  (1 rows)

--- Q20 ---
  DuckDB        934.05 ms ±  0.00  (1804 rows)

--- Q08 ---
  DuckDB       1368.34 ms ±  0.00  (2 rows)

--- Q22 ---
  DuckDB        316.46 ms ±  0.00  (7 rows)

--- Q05 ---
  DuckDB       1346.44 ms ±  0.00  (5 rows)

--- Q21 ---
  DuckDB       3107.89 ms ±  0.00  (4009 rows)

--- Q13 ---
  DuckDB       1930.19 ms ±  0.00  (46 rows)

--- Q01 ---
  DuckDB       2241.37 ms ±  0.00  (4 rows)

--- Q18 ---
  DuckDB       1615.83 ms ±  0.00  (624 rows)

--- Q02 ---
  DuckDB        270.93 ms ±  0.00  (4667 rows)

--- Q17 ---
  DuckDB       1057.49 ms ±  0.00  (1 rows)

--- Q11 ---
  DuckDB        111.35 ms ±  0.00  (8685 rows)

--- Q04 ---
  DuckDB        696.34 ms ±  0.00  (5 rows)

--- Q14 ---
  DuckDB       1015.02 ms ±  0.00  (1 rows)

--- Q12 ---
  DuckDB        685.64 ms ±  0.00  (2 rows)

--- Q03 ---
  DuckDB       1152.49 ms ±  0.00  (114003 rows)

wrote bench-results/tput-rebaseline-2026-07-03/sf10-auto/duckdb/s100/batch-4/stream-49.md
