=== TPC-H 22 triangulation bench ===
    data:    /Users/ryanevans/RustroverProjects/ematix-flow/examples/tpch/data/sf10
    queries: 22 ([14, 16, 4, 22, 15, 18, 7, 11, 6, 20, 12, 1, 21, 9, 10, 5, 17, 8, 19, 2, 13, 3])
    trials:  1 (after 0 warmups)
    output:  bench-results/tput-rebaseline-2026-07-03/sf10-auto/duckdb/s100/batch-4/stream-46.md

    NOTE: single-invocation output is SMOKE-GRADE only. For win/loss
    claims use scripts/bench/strict_22q.sh / strict_ab.sh /
    strict_throughput.sh (see scripts/bench/README.md).

--- Q14 ---
  DuckDB        838.90 ms ±  0.00  (1 rows)

--- Q16 ---
  DuckDB        319.05 ms ±  0.00  (27840 rows)

--- Q04 ---
  DuckDB        669.61 ms ±  0.00  (5 rows)

--- Q22 ---
  DuckDB        284.41 ms ±  0.00  (7 rows)

--- Q15 ---
  DuckDB        492.41 ms ±  0.00  (1 rows)

--- Q18 ---
  DuckDB       1618.17 ms ±  0.00  (624 rows)

--- Q07 ---
  DuckDB        954.32 ms ±  0.00  (4 rows)

--- Q11 ---
  DuckDB        342.31 ms ±  0.00  (8685 rows)

--- Q06 ---
  DuckDB        476.54 ms ±  0.00  (1 rows)

--- Q20 ---
  DuckDB       1017.38 ms ±  0.00  (1804 rows)

--- Q12 ---
  DuckDB        821.98 ms ±  0.00  (2 rows)

--- Q01 ---
  DuckDB       2158.22 ms ±  0.00  (4 rows)

--- Q21 ---
  DuckDB       3116.77 ms ±  0.00  (4009 rows)

--- Q09 ---
  DuckDB       2208.30 ms ±  0.00  (175 rows)

--- Q10 ---
  DuckDB       1880.38 ms ±  0.00  (381105 rows)

--- Q05 ---
  DuckDB       1048.29 ms ±  0.00  (5 rows)

--- Q17 ---
  DuckDB       1344.58 ms ±  0.00  (1 rows)

--- Q08 ---
  DuckDB       1381.84 ms ±  0.00  (2 rows)

--- Q19 ---
  DuckDB       1519.89 ms ±  0.00  (1 rows)

--- Q02 ---
  DuckDB        277.62 ms ±  0.00  (4667 rows)

--- Q13 ---
  DuckDB       1790.07 ms ±  0.00  (46 rows)

--- Q03 ---
  DuckDB       1045.56 ms ±  0.00  (114003 rows)

wrote bench-results/tput-rebaseline-2026-07-03/sf10-auto/duckdb/s100/batch-4/stream-46.md
