=== TPC-H 22 triangulation bench ===
    data:    /Users/ryanevans/RustroverProjects/ematix-flow/examples/tpch/data/sf10
    queries: 22 ([11, 9, 3, 20, 12, 13, 7, 21, 4, 5, 19, 15, 22, 6, 2, 8, 14, 10, 17, 16, 1, 18])
    trials:  1 (after 0 warmups)
    output:  bench-results/tput-rebaseline-2026-07-03/sf10-auto/duckdb/s100/batch-4/stream-56.md

    NOTE: single-invocation output is SMOKE-GRADE only. For win/loss
    claims use scripts/bench/strict_22q.sh / strict_ab.sh /
    strict_throughput.sh (see scripts/bench/README.md).

--- Q11 ---
  DuckDB        114.58 ms ±  0.00  (8685 rows)

--- Q09 ---
  DuckDB       2322.98 ms ±  0.00  (175 rows)

--- Q03 ---
  DuckDB       1199.57 ms ±  0.00  (114003 rows)

--- Q20 ---
  DuckDB       1032.45 ms ±  0.00  (1804 rows)

--- Q12 ---
  DuckDB        902.85 ms ±  0.00  (2 rows)

--- Q13 ---
  DuckDB       1951.77 ms ±  0.00  (46 rows)

--- Q07 ---
  DuckDB       1170.19 ms ±  0.00  (4 rows)

--- Q21 ---
  DuckDB       3169.48 ms ±  0.00  (4009 rows)

--- Q04 ---
  DuckDB        568.56 ms ±  0.00  (5 rows)

--- Q05 ---
  DuckDB       1015.16 ms ±  0.00  (5 rows)

--- Q19 ---
  DuckDB       1586.04 ms ±  0.00  (1 rows)

--- Q15 ---
  DuckDB        897.92 ms ±  0.00  (1 rows)

--- Q22 ---
  DuckDB        405.65 ms ±  0.00  (7 rows)

--- Q06 ---
  DuckDB        525.59 ms ±  0.00  (1 rows)

--- Q02 ---
  DuckDB        329.10 ms ±  0.00  (4667 rows)

--- Q08 ---
  DuckDB       1110.87 ms ±  0.00  (2 rows)

--- Q14 ---
  DuckDB        780.18 ms ±  0.00  (1 rows)

--- Q10 ---
  DuckDB       1846.33 ms ±  0.00  (381105 rows)

--- Q17 ---
  DuckDB       1036.54 ms ±  0.00  (1 rows)

--- Q16 ---
  DuckDB        427.73 ms ±  0.00  (27840 rows)

--- Q01 ---
  DuckDB       1854.51 ms ±  0.00  (4 rows)

--- Q18 ---
  DuckDB       1494.47 ms ±  0.00  (624 rows)

wrote bench-results/tput-rebaseline-2026-07-03/sf10-auto/duckdb/s100/batch-4/stream-56.md
