=== TPC-H 22 triangulation bench ===
    data:    /Users/ryanevans/RustroverProjects/ematix-flow/examples/tpch/data/sf100
    queries: 22 ([21, 13, 19, 22, 10, 14, 5, 7, 4, 16, 6, 2, 3, 18, 11, 8, 15, 1, 17, 12, 9, 20])
    trials:  1 (after 0 warmups)
    output:  bench-results/sched-arc-2026-07-03/sf100-final/duckdb/s10/batch-3/stream-5.md

    NOTE: single-invocation output is SMOKE-GRADE only. For win/loss
    claims use scripts/bench/strict_22q.sh / strict_ab.sh /
    strict_throughput.sh (see scripts/bench/README.md).

--- Q21 ---
  DuckDB       14112.63 ms ±  0.00  (39950 rows)

--- Q13 ---
  DuckDB       7108.23 ms ±  0.00  (45 rows)

--- Q19 ---
  DuckDB       7692.58 ms ±  0.00  (1 rows)

--- Q22 ---
  DuckDB       1742.56 ms ±  0.00  (7 rows)

--- Q10 ---
  DuckDB       7933.59 ms ±  0.00  (3884218 rows)

--- Q14 ---
  DuckDB       5057.17 ms ±  0.00  (1 rows)

--- Q05 ---
  DuckDB       6015.92 ms ±  0.00  (5 rows)

--- Q07 ---
  DuckDB       7067.35 ms ±  0.00  (4 rows)

--- Q04 ---
  DuckDB       6954.01 ms ±  0.00  (5 rows)

--- Q16 ---
  DuckDB       1573.78 ms ±  0.00  (27840 rows)

--- Q06 ---
  DuckDB       4762.00 ms ±  0.00  (1 rows)

--- Q02 ---
  DuckDB       1497.47 ms ±  0.00  (47107 rows)

--- Q03 ---
  DuckDB       5240.29 ms ±  0.00  (1131041 rows)

--- Q18 ---
  DuckDB       8244.04 ms ±  0.00  (6398 rows)

--- Q11 ---
  DuckDB       1331.94 ms ±  0.00  (92698 rows)

--- Q08 ---
  DuckDB       6829.11 ms ±  0.00  (2 rows)

--- Q15 ---
  DuckDB       3878.64 ms ±  0.00  (1 rows)

--- Q01 ---
  DuckDB       9955.40 ms ±  0.00  (4 rows)

--- Q17 ---
  DuckDB       7365.47 ms ±  0.00  (1 rows)

--- Q12 ---
  DuckDB       7954.24 ms ±  0.00  (2 rows)

--- Q09 ---
  DuckDB       68196.78 ms ±  0.00  (175 rows)

--- Q20 ---
  DuckDB       5676.95 ms ±  0.00  (17971 rows)

wrote bench-results/sched-arc-2026-07-03/sf100-final/duckdb/s10/batch-3/stream-5.md
