=== TPC-H 22 triangulation bench ===
    data:    /Users/ryanevans/RustroverProjects/ematix-flow/examples/tpch/data/sf100
    queries: 22 ([13, 18, 3, 7, 11, 4, 21, 16, 14, 22, 2, 10, 8, 19, 17, 1, 6, 5, 9, 12, 20, 15])
    trials:  1 (after 0 warmups)
    output:  bench-results/sched-arc-2026-07-03/sf100-final/duckdb/s10/batch-3/stream-9.md

    NOTE: single-invocation output is SMOKE-GRADE only. For win/loss
    claims use scripts/bench/strict_22q.sh / strict_ab.sh /
    strict_throughput.sh (see scripts/bench/README.md).

--- Q13 ---
  DuckDB       4735.07 ms ±  0.00  (45 rows)

--- Q18 ---
  DuckDB       6816.62 ms ±  0.00  (6398 rows)

--- Q03 ---
  DuckDB       6502.37 ms ±  0.00  (1131041 rows)

--- Q07 ---
  DuckDB       5973.67 ms ±  0.00  (4 rows)

--- Q11 ---
  DuckDB        679.49 ms ±  0.00  (92698 rows)

--- Q04 ---
  DuckDB       3735.30 ms ±  0.00  (5 rows)

--- Q21 ---
  DuckDB       15116.15 ms ±  0.00  (39950 rows)

--- Q16 ---
  DuckDB       1308.63 ms ±  0.00  (27840 rows)

--- Q14 ---
  DuckDB       9379.69 ms ±  0.00  (1 rows)

--- Q22 ---
  DuckDB       1510.46 ms ±  0.00  (7 rows)

--- Q02 ---
  DuckDB        780.48 ms ±  0.00  (47107 rows)

--- Q10 ---
  DuckDB       11102.05 ms ±  0.00  (3884218 rows)

--- Q08 ---
  DuckDB       7751.18 ms ±  0.00  (2 rows)

--- Q19 ---
  DuckDB       6179.50 ms ±  0.00  (1 rows)

--- Q17 ---
  DuckDB       5480.89 ms ±  0.00  (1 rows)

--- Q01 ---
  DuckDB       7955.62 ms ±  0.00  (4 rows)

--- Q06 ---
  DuckDB       2644.97 ms ±  0.00  (1 rows)

--- Q05 ---
  DuckDB       6246.06 ms ±  0.00  (5 rows)

--- Q09 ---
  DuckDB       13497.43 ms ±  0.00  (175 rows)

--- Q12 ---
  DuckDB       5702.78 ms ±  0.00  (2 rows)

--- Q20 ---
  DuckDB       5496.98 ms ±  0.00  (17971 rows)

--- Q15 ---
  DuckDB       3996.60 ms ±  0.00  (1 rows)

wrote bench-results/sched-arc-2026-07-03/sf100-final/duckdb/s10/batch-3/stream-9.md
