=== TPC-H 22 triangulation bench ===
    data:    /Users/ryanevans/RustroverProjects/ematix-flow/examples/tpch/data/sf100
    queries: 22 ([20, 6, 14, 10, 21, 22, 12, 13, 1, 17, 2, 18, 7, 11, 8, 15, 16, 4, 9, 3, 19, 5])
    trials:  1 (after 0 warmups)
    output:  bench-results/sched-arc-2026-07-03/sf100-final/duckdb/s10/batch-3/stream-1.md

    NOTE: single-invocation output is SMOKE-GRADE only. For win/loss
    claims use scripts/bench/strict_22q.sh / strict_ab.sh /
    strict_throughput.sh (see scripts/bench/README.md).

--- Q20 ---
  DuckDB       3881.95 ms ±  0.00  (17971 rows)

--- Q06 ---
  DuckDB       2188.61 ms ±  0.00  (1 rows)

--- Q14 ---
  DuckDB       3022.91 ms ±  0.00  (1 rows)

--- Q10 ---
  DuckDB       6117.73 ms ±  0.00  (3884218 rows)

--- Q21 ---
  DuckDB       15604.22 ms ±  0.00  (39950 rows)

--- Q22 ---
  DuckDB       1666.89 ms ±  0.00  (7 rows)

--- Q12 ---
  DuckDB       6125.80 ms ±  0.00  (2 rows)

--- Q13 ---
  DuckDB       10190.73 ms ±  0.00  (45 rows)

--- Q01 ---
  DuckDB       14251.25 ms ±  0.00  (4 rows)

--- Q17 ---
  DuckDB       7463.68 ms ±  0.00  (1 rows)

--- Q02 ---
  DuckDB        924.48 ms ±  0.00  (47107 rows)

--- Q18 ---
  DuckDB       9020.41 ms ±  0.00  (6398 rows)

--- Q07 ---
  DuckDB       6481.86 ms ±  0.00  (4 rows)

--- Q11 ---
  DuckDB        593.73 ms ±  0.00  (92698 rows)

--- Q08 ---
  DuckDB       11047.76 ms ±  0.00  (2 rows)

--- Q15 ---
  DuckDB       4001.50 ms ±  0.00  (1 rows)

--- Q16 ---
  DuckDB        901.15 ms ±  0.00  (27840 rows)

--- Q04 ---
  DuckDB       2880.57 ms ±  0.00  (5 rows)

--- Q09 ---
  DuckDB       19010.63 ms ±  0.00  (175 rows)

--- Q03 ---
  DuckDB       7991.90 ms ±  0.00  (1131041 rows)

--- Q19 ---
  DuckDB       6562.18 ms ±  0.00  (1 rows)

--- Q05 ---
  DuckDB       5903.03 ms ±  0.00  (5 rows)

wrote bench-results/sched-arc-2026-07-03/sf100-final/duckdb/s10/batch-3/stream-1.md
