=== TPC-H 22 triangulation bench ===
    data:    /Users/ryanevans/RustroverProjects/ematix-flow/examples/tpch/data/sf10
    queries: 22 ([11, 9, 3, 20, 12, 13, 7, 21, 4, 5, 19, 15, 22, 6, 2, 8, 14, 10, 17, 16, 1, 18])
    trials:  1 (after 0 warmups)
    output:  bench-results/sched-arc-2026-07-03/sf10-final/duckdb/s100/batch-2/stream-56.md

    NOTE: single-invocation output is SMOKE-GRADE only. For win/loss
    claims use scripts/bench/strict_22q.sh / strict_ab.sh /
    strict_throughput.sh (see scripts/bench/README.md).

--- Q11 ---
  DuckDB        229.64 ms ±  0.00  (8685 rows)

--- Q09 ---
  DuckDB       2332.60 ms ±  0.00  (175 rows)

--- Q03 ---
  DuckDB       1230.25 ms ±  0.00  (114003 rows)

--- Q20 ---
  DuckDB        847.23 ms ±  0.00  (1804 rows)

--- Q12 ---
  DuckDB        845.22 ms ±  0.00  (2 rows)

--- Q13 ---
  DuckDB       1764.50 ms ±  0.00  (46 rows)

--- Q07 ---
  DuckDB       1028.40 ms ±  0.00  (4 rows)

--- Q21 ---
  DuckDB       3038.41 ms ±  0.00  (4009 rows)

--- Q04 ---
  DuckDB        618.33 ms ±  0.00  (5 rows)

--- Q05 ---
  DuckDB        988.01 ms ±  0.00  (5 rows)

--- Q19 ---
  DuckDB       1672.58 ms ±  0.00  (1 rows)

--- Q15 ---
  DuckDB        551.95 ms ±  0.00  (1 rows)

--- Q22 ---
  DuckDB        418.98 ms ±  0.00  (7 rows)

--- Q06 ---
  DuckDB        402.91 ms ±  0.00  (1 rows)

--- Q02 ---
  DuckDB        155.25 ms ±  0.00  (4667 rows)

--- Q08 ---
  DuckDB       1340.66 ms ±  0.00  (2 rows)

--- Q14 ---
  DuckDB        943.06 ms ±  0.00  (1 rows)

--- Q10 ---
  DuckDB       1708.60 ms ±  0.00  (381105 rows)

--- Q17 ---
  DuckDB       1121.31 ms ±  0.00  (1 rows)

--- Q16 ---
  DuckDB        323.92 ms ±  0.00  (27840 rows)

--- Q01 ---
  DuckDB       2100.57 ms ±  0.00  (4 rows)

--- Q18 ---
  DuckDB       1637.88 ms ±  0.00  (624 rows)

wrote bench-results/sched-arc-2026-07-03/sf10-final/duckdb/s100/batch-2/stream-56.md
