=== TPC-H 22 triangulation bench ===
    data:    /Users/ryanevans/RustroverProjects/ematix-flow/examples/tpch/data/sf10
    queries: 22 ([16, 21, 1, 14, 19, 4, 6, 7, 5, 10, 8, 11, 18, 13, 9, 15, 12, 2, 17, 3, 20, 22])
    trials:  1 (after 0 warmups)
    output:  bench-results/sched-arc-2026-07-03/sf10-final/duckdb/s100/batch-2/stream-37.md

    NOTE: single-invocation output is SMOKE-GRADE only. For win/loss
    claims use scripts/bench/strict_22q.sh / strict_ab.sh /
    strict_throughput.sh (see scripts/bench/README.md).

--- Q16 ---
  DuckDB        434.02 ms ±  0.00  (27840 rows)

--- Q21 ---
  DuckDB       2732.09 ms ±  0.00  (4009 rows)

--- Q01 ---
  DuckDB       2156.64 ms ±  0.00  (4 rows)

--- Q14 ---
  DuckDB       1007.65 ms ±  0.00  (1 rows)

--- Q19 ---
  DuckDB       1684.77 ms ±  0.00  (1 rows)

--- Q04 ---
  DuckDB        641.67 ms ±  0.00  (5 rows)

--- Q06 ---
  DuckDB        609.74 ms ±  0.00  (1 rows)

--- Q07 ---
  DuckDB       1000.27 ms ±  0.00  (4 rows)

--- Q05 ---
  DuckDB        972.02 ms ±  0.00  (5 rows)

--- Q10 ---
  DuckDB       2079.16 ms ±  0.00  (381105 rows)

--- Q08 ---
  DuckDB       1553.85 ms ±  0.00  (2 rows)

--- Q11 ---
  DuckDB        254.79 ms ±  0.00  (8685 rows)

--- Q18 ---
  DuckDB       1680.82 ms ±  0.00  (624 rows)

--- Q13 ---
  DuckDB       2015.25 ms ±  0.00  (46 rows)

--- Q09 ---
  DuckDB       2330.97 ms ±  0.00  (175 rows)

--- Q15 ---
  DuckDB        763.39 ms ±  0.00  (1 rows)

--- Q12 ---
  DuckDB        546.97 ms ±  0.00  (2 rows)

--- Q02 ---
  DuckDB        354.46 ms ±  0.00  (4667 rows)

--- Q17 ---
  DuckDB       1106.11 ms ±  0.00  (1 rows)

--- Q03 ---
  DuckDB       1031.07 ms ±  0.00  (114003 rows)

--- Q20 ---
  DuckDB        971.91 ms ±  0.00  (1804 rows)

--- Q22 ---
  DuckDB        378.85 ms ±  0.00  (7 rows)

wrote bench-results/sched-arc-2026-07-03/sf10-final/duckdb/s100/batch-2/stream-37.md
