=== TPC-H 22 triangulation bench ===
    data:    /Users/ryanevans/RustroverProjects/ematix-flow/examples/tpch/data/sf10
    queries: 22 ([7, 8, 4, 19, 16, 13, 3, 2, 6, 15, 9, 12, 1, 17, 22, 14, 10, 20, 21, 5, 11, 18])
    trials:  1 (after 0 warmups)
    output:  bench-results/sched-arc-2026-07-03/sf10-final/duckdb/s100/batch-2/stream-35.md

    NOTE: single-invocation output is SMOKE-GRADE only. For win/loss
    claims use scripts/bench/strict_22q.sh / strict_ab.sh /
    strict_throughput.sh (see scripts/bench/README.md).

--- Q07 ---
  DuckDB       1039.13 ms ±  0.00  (4 rows)

--- Q08 ---
  DuckDB       1128.08 ms ±  0.00  (2 rows)

--- Q04 ---
  DuckDB        748.01 ms ±  0.00  (5 rows)

--- Q19 ---
  DuckDB       1538.52 ms ±  0.00  (1 rows)

--- Q16 ---
  DuckDB        237.69 ms ±  0.00  (27840 rows)

--- Q13 ---
  DuckDB       1928.10 ms ±  0.00  (46 rows)

--- Q03 ---
  DuckDB       1104.02 ms ±  0.00  (114003 rows)

--- Q02 ---
  DuckDB        249.47 ms ±  0.00  (4667 rows)

--- Q06 ---
  DuckDB        422.04 ms ±  0.00  (1 rows)

--- Q15 ---
  DuckDB        638.24 ms ±  0.00  (1 rows)

--- Q09 ---
  DuckDB       2383.73 ms ±  0.00  (175 rows)

--- Q12 ---
  DuckDB        864.95 ms ±  0.00  (2 rows)

--- Q01 ---
  DuckDB       1918.16 ms ±  0.00  (4 rows)

--- Q17 ---
  DuckDB       1262.47 ms ±  0.00  (1 rows)

--- Q22 ---
  DuckDB        270.30 ms ±  0.00  (7 rows)

--- Q14 ---
  DuckDB        717.89 ms ±  0.00  (1 rows)

--- Q10 ---
  DuckDB       1812.72 ms ±  0.00  (381105 rows)

--- Q20 ---
  DuckDB       1267.49 ms ±  0.00  (1804 rows)

--- Q21 ---
  DuckDB       2880.52 ms ±  0.00  (4009 rows)

--- Q05 ---
  DuckDB        917.18 ms ±  0.00  (5 rows)

--- Q11 ---
  DuckDB         91.83 ms ±  0.00  (8685 rows)

--- Q18 ---
  DuckDB       1411.01 ms ±  0.00  (624 rows)

wrote bench-results/sched-arc-2026-07-03/sf10-final/duckdb/s100/batch-2/stream-35.md
