=== TPC-H 22 triangulation bench ===
    data:    /Users/ryanevans/RustroverProjects/ematix-flow/examples/tpch/data/sf10
    queries: 22 ([4, 16, 21, 5, 1, 14, 12, 19, 2, 3, 10, 11, 8, 9, 13, 6, 7, 17, 20, 22, 18, 15])
    trials:  1 (after 0 warmups)
    output:  bench-results/sched-arc-2026-07-03/sf10-final/duckdb/s100/batch-2/stream-11.md

    NOTE: single-invocation output is SMOKE-GRADE only. For win/loss
    claims use scripts/bench/strict_22q.sh / strict_ab.sh /
    strict_throughput.sh (see scripts/bench/README.md).

--- Q04 ---
  DuckDB        716.64 ms ±  0.00  (5 rows)

--- Q16 ---
  DuckDB        230.53 ms ±  0.00  (27840 rows)

--- Q21 ---
  DuckDB       2827.22 ms ±  0.00  (4009 rows)

--- Q05 ---
  DuckDB       1368.30 ms ±  0.00  (5 rows)

--- Q01 ---
  DuckDB       1974.36 ms ±  0.00  (4 rows)

--- Q14 ---
  DuckDB        929.50 ms ±  0.00  (1 rows)

--- Q12 ---
  DuckDB        769.03 ms ±  0.00  (2 rows)

--- Q19 ---
  DuckDB       1407.52 ms ±  0.00  (1 rows)

--- Q02 ---
  DuckDB        222.00 ms ±  0.00  (4667 rows)

--- Q03 ---
  DuckDB       1193.33 ms ±  0.00  (114003 rows)

--- Q10 ---
  DuckDB       1513.99 ms ±  0.00  (381105 rows)

--- Q11 ---
  DuckDB         97.07 ms ±  0.00  (8685 rows)

--- Q08 ---
  DuckDB       1173.11 ms ±  0.00  (2 rows)

--- Q09 ---
  DuckDB       2433.07 ms ±  0.00  (175 rows)

--- Q13 ---
  DuckDB       1907.01 ms ±  0.00  (46 rows)

--- Q06 ---
  DuckDB        546.66 ms ±  0.00  (1 rows)

--- Q07 ---
  DuckDB       1192.47 ms ±  0.00  (4 rows)

--- Q17 ---
  DuckDB       1099.68 ms ±  0.00  (1 rows)

--- Q20 ---
  DuckDB       1212.72 ms ±  0.00  (1804 rows)

--- Q22 ---
  DuckDB        305.76 ms ±  0.00  (7 rows)

--- Q18 ---
  DuckDB       1700.43 ms ±  0.00  (624 rows)

--- Q15 ---
  DuckDB        582.26 ms ±  0.00  (1 rows)

wrote bench-results/sched-arc-2026-07-03/sf10-final/duckdb/s100/batch-2/stream-11.md
