=== TPC-H 22 triangulation bench ===
    data:    /Users/ryanevans/RustroverProjects/ematix-flow/examples/tpch/data/sf10
    queries: 22 ([15, 1, 13, 14, 18, 4, 20, 16, 21, 9, 8, 11, 12, 17, 2, 19, 6, 22, 10, 5, 7, 3])
    trials:  1 (after 0 warmups)
    output:  bench-results/sched-arc-2026-07-03/sf10-final/duckdb/s100/batch-2/stream-55.md

    NOTE: single-invocation output is SMOKE-GRADE only. For win/loss
    claims use scripts/bench/strict_22q.sh / strict_ab.sh /
    strict_throughput.sh (see scripts/bench/README.md).

--- Q15 ---
  DuckDB        590.80 ms ±  0.00  (1 rows)

--- Q01 ---
  DuckDB       1937.94 ms ±  0.00  (4 rows)

--- Q13 ---
  DuckDB       1873.60 ms ±  0.00  (46 rows)

--- Q14 ---
  DuckDB        948.98 ms ±  0.00  (1 rows)

--- Q18 ---
  DuckDB       1773.11 ms ±  0.00  (624 rows)

--- Q04 ---
  DuckDB        622.68 ms ±  0.00  (5 rows)

--- Q20 ---
  DuckDB        917.83 ms ±  0.00  (1804 rows)

--- Q16 ---
  DuckDB        289.11 ms ±  0.00  (27840 rows)

--- Q21 ---
  DuckDB       3327.33 ms ±  0.00  (4009 rows)

--- Q09 ---
  DuckDB       2430.89 ms ±  0.00  (175 rows)

--- Q08 ---
  DuckDB       1254.65 ms ±  0.00  (2 rows)

--- Q11 ---
  DuckDB        152.65 ms ±  0.00  (8685 rows)

--- Q12 ---
  DuckDB        889.14 ms ±  0.00  (2 rows)

--- Q17 ---
  DuckDB       1323.17 ms ±  0.00  (1 rows)

--- Q02 ---
  DuckDB        284.09 ms ±  0.00  (4667 rows)

--- Q19 ---
  DuckDB       1700.52 ms ±  0.00  (1 rows)

--- Q06 ---
  DuckDB        464.52 ms ±  0.00  (1 rows)

--- Q22 ---
  DuckDB        305.94 ms ±  0.00  (7 rows)

--- Q10 ---
  DuckDB       2061.01 ms ±  0.00  (381105 rows)

--- Q05 ---
  DuckDB       1068.17 ms ±  0.00  (5 rows)

--- Q07 ---
  DuckDB        939.25 ms ±  0.00  (4 rows)

--- Q03 ---
  DuckDB       1053.07 ms ±  0.00  (114003 rows)

wrote bench-results/sched-arc-2026-07-03/sf10-final/duckdb/s100/batch-2/stream-55.md
