=== TPC-H 22 triangulation bench ===
    data:    /Users/ryanevans/RustroverProjects/ematix-flow/examples/tpch/data/sf10
    queries: 22 ([19, 17, 7, 6, 12, 2, 16, 13, 22, 1, 11, 21, 5, 10, 8, 18, 9, 20, 15, 14, 4, 3])
    trials:  1 (after 0 warmups)
    output:  bench-results/sched-arc-2026-07-03/sf10-final/duckdb/s100/batch-2/stream-67.md

    NOTE: single-invocation output is SMOKE-GRADE only. For win/loss
    claims use scripts/bench/strict_22q.sh / strict_ab.sh /
    strict_throughput.sh (see scripts/bench/README.md).

--- Q19 ---
  DuckDB       1454.12 ms ±  0.00  (1 rows)

--- Q17 ---
  DuckDB       1207.13 ms ±  0.00  (1 rows)

--- Q07 ---
  DuckDB       1135.51 ms ±  0.00  (4 rows)

--- Q06 ---
  DuckDB        587.86 ms ±  0.00  (1 rows)

--- Q12 ---
  DuckDB        792.13 ms ±  0.00  (2 rows)

--- Q02 ---
  DuckDB        226.27 ms ±  0.00  (4667 rows)

--- Q16 ---
  DuckDB        324.73 ms ±  0.00  (27840 rows)

--- Q13 ---
  DuckDB       2043.58 ms ±  0.00  (46 rows)

--- Q22 ---
  DuckDB        274.76 ms ±  0.00  (7 rows)

--- Q01 ---
  DuckDB       2156.76 ms ±  0.00  (4 rows)

--- Q11 ---
  DuckDB         97.11 ms ±  0.00  (8685 rows)

--- Q21 ---
  DuckDB       3117.03 ms ±  0.00  (4009 rows)

--- Q05 ---
  DuckDB       1122.71 ms ±  0.00  (5 rows)

--- Q10 ---
  DuckDB       1717.33 ms ±  0.00  (381105 rows)

--- Q08 ---
  DuckDB       1199.87 ms ±  0.00  (2 rows)

--- Q18 ---
  DuckDB       1548.16 ms ±  0.00  (624 rows)

--- Q09 ---
  DuckDB       2363.43 ms ±  0.00  (175 rows)

--- Q20 ---
  DuckDB        855.12 ms ±  0.00  (1804 rows)

--- Q15 ---
  DuckDB        620.39 ms ±  0.00  (1 rows)

--- Q14 ---
  DuckDB        783.46 ms ±  0.00  (1 rows)

--- Q04 ---
  DuckDB        569.13 ms ±  0.00  (5 rows)

--- Q03 ---
  DuckDB       1034.09 ms ±  0.00  (114003 rows)

wrote bench-results/sched-arc-2026-07-03/sf10-final/duckdb/s100/batch-2/stream-67.md
