=== TPC-H 22 triangulation bench ===
    data:    /Users/ryanevans/RustroverProjects/ematix-flow/examples/tpch/data/sf10
    queries: 22 ([15, 8, 1, 14, 18, 19, 11, 21, 16, 12, 3, 10, 5, 9, 6, 13, 7, 20, 4, 17, 2, 22])
    trials:  1 (after 0 warmups)
    output:  bench-results/sched-arc-2026-07-03/sf10-final/duckdb/s100/batch-2/stream-19.md

    NOTE: single-invocation output is SMOKE-GRADE only. For win/loss
    claims use scripts/bench/strict_22q.sh / strict_ab.sh /
    strict_throughput.sh (see scripts/bench/README.md).

--- Q15 ---
  DuckDB        603.90 ms ±  0.00  (1 rows)

--- Q08 ---
  DuckDB       1211.39 ms ±  0.00  (2 rows)

--- Q01 ---
  DuckDB       2200.05 ms ±  0.00  (4 rows)

--- Q14 ---
  DuckDB        844.75 ms ±  0.00  (1 rows)

--- Q18 ---
  DuckDB       1689.11 ms ±  0.00  (624 rows)

--- Q19 ---
  DuckDB       1352.31 ms ±  0.00  (1 rows)

--- Q11 ---
  DuckDB         67.78 ms ±  0.00  (8685 rows)

--- Q21 ---
  DuckDB       3045.17 ms ±  0.00  (4009 rows)

--- Q16 ---
  DuckDB        491.29 ms ±  0.00  (27840 rows)

--- Q12 ---
  DuckDB        816.04 ms ±  0.00  (2 rows)

--- Q03 ---
  DuckDB        901.27 ms ±  0.00  (114003 rows)

--- Q10 ---
  DuckDB       1799.69 ms ±  0.00  (381105 rows)

--- Q05 ---
  DuckDB        904.22 ms ±  0.00  (5 rows)

--- Q09 ---
  DuckDB       2420.70 ms ±  0.00  (175 rows)

--- Q06 ---
  DuckDB        429.29 ms ±  0.00  (1 rows)

--- Q13 ---
  DuckDB       1893.62 ms ±  0.00  (46 rows)

--- Q07 ---
  DuckDB       1161.19 ms ±  0.00  (4 rows)

--- Q20 ---
  DuckDB        724.10 ms ±  0.00  (1804 rows)

--- Q04 ---
  DuckDB        776.13 ms ±  0.00  (5 rows)

--- Q17 ---
  DuckDB       1117.38 ms ±  0.00  (1 rows)

--- Q02 ---
  DuckDB        130.21 ms ±  0.00  (4667 rows)

--- Q22 ---
  DuckDB        160.70 ms ±  0.00  (7 rows)

wrote bench-results/sched-arc-2026-07-03/sf10-final/duckdb/s100/batch-2/stream-19.md
