=== TPC-H 22 triangulation bench ===
    data:    /Users/ryanevans/RustroverProjects/ematix-flow/examples/tpch/data/sf10
    queries: 22 ([5, 4, 2, 7, 1, 12, 3, 14, 20, 13, 15, 18, 22, 10, 11, 21, 17, 16, 9, 8, 6, 19])
    trials:  1 (after 0 warmups)
    output:  bench-results/sched-arc-2026-07-03/sf10-final/duckdb/s100/batch-2/stream-33.md

    NOTE: single-invocation output is SMOKE-GRADE only. For win/loss
    claims use scripts/bench/strict_22q.sh / strict_ab.sh /
    strict_throughput.sh (see scripts/bench/README.md).

--- Q05 ---
  DuckDB        986.95 ms ±  0.00  (5 rows)

--- Q04 ---
  DuckDB        686.18 ms ±  0.00  (5 rows)

--- Q02 ---
  DuckDB        195.40 ms ±  0.00  (4667 rows)

--- Q07 ---
  DuckDB       1078.93 ms ±  0.00  (4 rows)

--- Q01 ---
  DuckDB       1926.19 ms ±  0.00  (4 rows)

--- Q12 ---
  DuckDB        762.37 ms ±  0.00  (2 rows)

--- Q03 ---
  DuckDB        976.07 ms ±  0.00  (114003 rows)

--- Q14 ---
  DuckDB        766.65 ms ±  0.00  (1 rows)

--- Q20 ---
  DuckDB        890.73 ms ±  0.00  (1804 rows)

--- Q13 ---
  DuckDB       1857.30 ms ±  0.00  (46 rows)

--- Q15 ---
  DuckDB        616.41 ms ±  0.00  (1 rows)

--- Q18 ---
  DuckDB       1589.60 ms ±  0.00  (624 rows)

--- Q22 ---
  DuckDB        329.35 ms ±  0.00  (7 rows)

--- Q10 ---
  DuckDB       1837.68 ms ±  0.00  (381105 rows)

--- Q11 ---
  DuckDB        158.53 ms ±  0.00  (8685 rows)

--- Q21 ---
  DuckDB       3080.11 ms ±  0.00  (4009 rows)

--- Q17 ---
  DuckDB       1087.93 ms ±  0.00  (1 rows)

--- Q16 ---
  DuckDB        390.15 ms ±  0.00  (27840 rows)

--- Q09 ---
  DuckDB       2094.11 ms ±  0.00  (175 rows)

--- Q08 ---
  DuckDB       1260.04 ms ±  0.00  (2 rows)

--- Q06 ---
  DuckDB        568.25 ms ±  0.00  (1 rows)

--- Q19 ---
  DuckDB       1457.55 ms ±  0.00  (1 rows)

wrote bench-results/sched-arc-2026-07-03/sf10-final/duckdb/s100/batch-2/stream-33.md
