=== TPC-H 22 triangulation bench ===
    data:    /Users/ryanevans/RustroverProjects/ematix-flow/examples/tpch/data/sf10
    queries: 22 ([19, 14, 9, 21, 16, 11, 10, 7, 3, 18, 20, 22, 17, 2, 13, 12, 4, 6, 15, 1, 8, 5])
    trials:  1 (after 0 warmups)
    output:  bench-results/sched-arc-2026-07-03/sf10-final/duckdb/s100/batch-2/stream-22.md

    NOTE: single-invocation output is SMOKE-GRADE only. For win/loss
    claims use scripts/bench/strict_22q.sh / strict_ab.sh /
    strict_throughput.sh (see scripts/bench/README.md).

--- Q19 ---
  DuckDB       1128.69 ms ±  0.00  (1 rows)

--- Q14 ---
  DuckDB       1123.53 ms ±  0.00  (1 rows)

--- Q09 ---
  DuckDB       2254.68 ms ±  0.00  (175 rows)

--- Q21 ---
  DuckDB       2853.89 ms ±  0.00  (4009 rows)

--- Q16 ---
  DuckDB        233.85 ms ±  0.00  (27840 rows)

--- Q11 ---
  DuckDB        119.88 ms ±  0.00  (8685 rows)

--- Q10 ---
  DuckDB       1799.02 ms ±  0.00  (381105 rows)

--- Q07 ---
  DuckDB       1113.16 ms ±  0.00  (4 rows)

--- Q03 ---
  DuckDB       1125.67 ms ±  0.00  (114003 rows)

--- Q18 ---
  DuckDB       1562.20 ms ±  0.00  (624 rows)

--- Q20 ---
  DuckDB        873.16 ms ±  0.00  (1804 rows)

--- Q22 ---
  DuckDB        285.61 ms ±  0.00  (7 rows)

--- Q17 ---
  DuckDB       1098.74 ms ±  0.00  (1 rows)

--- Q02 ---
  DuckDB        300.68 ms ±  0.00  (4667 rows)

--- Q13 ---
  DuckDB       2083.74 ms ±  0.00  (46 rows)

--- Q12 ---
  DuckDB        676.81 ms ±  0.00  (2 rows)

--- Q04 ---
  DuckDB        680.52 ms ±  0.00  (5 rows)

--- Q06 ---
  DuckDB        493.73 ms ±  0.00  (1 rows)

--- Q15 ---
  DuckDB        664.94 ms ±  0.00  (1 rows)

--- Q01 ---
  DuckDB       1967.69 ms ±  0.00  (4 rows)

--- Q08 ---
  DuckDB       1229.37 ms ±  0.00  (2 rows)

--- Q05 ---
  DuckDB        929.13 ms ±  0.00  (5 rows)

wrote bench-results/sched-arc-2026-07-03/sf10-final/duckdb/s100/batch-2/stream-22.md
