=== TPC-H 22 triangulation bench ===
    data:    /Users/ryanevans/RustroverProjects/ematix-flow/examples/tpch/data/sf10
    queries: 22 ([17, 12, 14, 21, 11, 16, 13, 15, 7, 1, 18, 4, 22, 2, 3, 20, 19, 5, 8, 6, 10, 9])
    trials:  1 (after 0 warmups)
    output:  bench-results/sched-arc-2026-07-03/sf10-final/duckdb/s100/batch-2/stream-13.md

    NOTE: single-invocation output is SMOKE-GRADE only. For win/loss
    claims use scripts/bench/strict_22q.sh / strict_ab.sh /
    strict_throughput.sh (see scripts/bench/README.md).

--- Q17 ---
  DuckDB       1100.08 ms ±  0.00  (1 rows)

--- Q12 ---
  DuckDB        750.74 ms ±  0.00  (2 rows)

--- Q14 ---
  DuckDB        969.56 ms ±  0.00  (1 rows)

--- Q21 ---
  DuckDB       3171.41 ms ±  0.00  (4009 rows)

--- Q11 ---
  DuckDB         86.20 ms ±  0.00  (8685 rows)

--- Q16 ---
  DuckDB        574.10 ms ±  0.00  (27840 rows)

--- Q13 ---
  DuckDB       1951.98 ms ±  0.00  (46 rows)

--- Q15 ---
  DuckDB        582.01 ms ±  0.00  (1 rows)

--- Q07 ---
  DuckDB        968.30 ms ±  0.00  (4 rows)

--- Q01 ---
  DuckDB       1933.53 ms ±  0.00  (4 rows)

--- Q18 ---
  DuckDB       1616.27 ms ±  0.00  (624 rows)

--- Q04 ---
  DuckDB        708.89 ms ±  0.00  (5 rows)

--- Q22 ---
  DuckDB        338.60 ms ±  0.00  (7 rows)

--- Q02 ---
  DuckDB        305.83 ms ±  0.00  (4667 rows)

--- Q03 ---
  DuckDB       1152.45 ms ±  0.00  (114003 rows)

--- Q20 ---
  DuckDB        981.32 ms ±  0.00  (1804 rows)

--- Q19 ---
  DuckDB       1424.91 ms ±  0.00  (1 rows)

--- Q05 ---
  DuckDB       1029.40 ms ±  0.00  (5 rows)

--- Q08 ---
  DuckDB       1298.68 ms ±  0.00  (2 rows)

--- Q06 ---
  DuckDB        476.16 ms ±  0.00  (1 rows)

--- Q10 ---
  DuckDB       1950.52 ms ±  0.00  (381105 rows)

--- Q09 ---
  DuckDB       2268.20 ms ±  0.00  (175 rows)

wrote bench-results/sched-arc-2026-07-03/sf10-final/duckdb/s100/batch-2/stream-13.md
