=== TPC-H 22 triangulation bench ===
    data:    /Users/ryanevans/RustroverProjects/ematix-flow/examples/tpch/data/sf10
    queries: 22 ([13, 22, 4, 10, 3, 11, 21, 9, 8, 17, 16, 6, 5, 20, 15, 18, 19, 1, 2, 12, 14, 7])
    trials:  1 (after 0 warmups)
    output:  bench-results/sched-arc-2026-07-03/sf10-final/duckdb/s100/batch-2/stream-97.md

    NOTE: single-invocation output is SMOKE-GRADE only. For win/loss
    claims use scripts/bench/strict_22q.sh / strict_ab.sh /
    strict_throughput.sh (see scripts/bench/README.md).

--- Q13 ---
  DuckDB       1838.95 ms ±  0.00  (46 rows)

--- Q22 ---
  DuckDB        309.26 ms ±  0.00  (7 rows)

--- Q04 ---
  DuckDB        700.49 ms ±  0.00  (5 rows)

--- Q10 ---
  DuckDB       1986.12 ms ±  0.00  (381105 rows)

--- Q03 ---
  DuckDB       1240.68 ms ±  0.00  (114003 rows)

--- Q11 ---
  DuckDB        160.46 ms ±  0.00  (8685 rows)

--- Q21 ---
  DuckDB       2952.50 ms ±  0.00  (4009 rows)

--- Q09 ---
  DuckDB       2107.21 ms ±  0.00  (175 rows)

--- Q08 ---
  DuckDB       1186.25 ms ±  0.00  (2 rows)

--- Q17 ---
  DuckDB       1101.57 ms ±  0.00  (1 rows)

--- Q16 ---
  DuckDB        286.65 ms ±  0.00  (27840 rows)

--- Q06 ---
  DuckDB        408.19 ms ±  0.00  (1 rows)

--- Q05 ---
  DuckDB       1113.39 ms ±  0.00  (5 rows)

--- Q20 ---
  DuckDB        999.04 ms ±  0.00  (1804 rows)

--- Q15 ---
  DuckDB        600.64 ms ±  0.00  (1 rows)

--- Q18 ---
  DuckDB       1506.00 ms ±  0.00  (624 rows)

--- Q19 ---
  DuckDB       1686.15 ms ±  0.00  (1 rows)

--- Q01 ---
  DuckDB       2021.33 ms ±  0.00  (4 rows)

--- Q02 ---
  DuckDB        344.63 ms ±  0.00  (4667 rows)

--- Q12 ---
  DuckDB        651.69 ms ±  0.00  (2 rows)

--- Q14 ---
  DuckDB        809.92 ms ±  0.00  (1 rows)

--- Q07 ---
  DuckDB        802.90 ms ±  0.00  (4 rows)

wrote bench-results/sched-arc-2026-07-03/sf10-final/duckdb/s100/batch-2/stream-97.md
