=== TPC-H 22 triangulation bench ===
    data:    /Users/ryanevans/RustroverProjects/ematix-flow/examples/tpch/data/sf10
    queries: 22 ([22, 1, 9, 6, 18, 19, 3, 17, 21, 11, 8, 20, 5, 4, 16, 14, 2, 10, 7, 13, 15, 12])
    trials:  1 (after 0 warmups)
    output:  bench-results/sched-arc-2026-07-03/sf10-final/duckdb/s100/batch-2/stream-76.md

    NOTE: single-invocation output is SMOKE-GRADE only. For win/loss
    claims use scripts/bench/strict_22q.sh / strict_ab.sh /
    strict_throughput.sh (see scripts/bench/README.md).

--- Q22 ---
  DuckDB        234.45 ms ±  0.00  (7 rows)

--- Q01 ---
  DuckDB       2046.19 ms ±  0.00  (4 rows)

--- Q09 ---
  DuckDB       2422.07 ms ±  0.00  (175 rows)

--- Q06 ---
  DuckDB        522.97 ms ±  0.00  (1 rows)

--- Q18 ---
  DuckDB       1814.90 ms ±  0.00  (624 rows)

--- Q19 ---
  DuckDB       1596.46 ms ±  0.00  (1 rows)

--- Q03 ---
  DuckDB       1201.34 ms ±  0.00  (114003 rows)

--- Q17 ---
  DuckDB       1347.41 ms ±  0.00  (1 rows)

--- Q21 ---
  DuckDB       3024.87 ms ±  0.00  (4009 rows)

--- Q11 ---
  DuckDB         55.46 ms ±  0.00  (8685 rows)

--- Q08 ---
  DuckDB       1255.97 ms ±  0.00  (2 rows)

--- Q20 ---
  DuckDB        990.36 ms ±  0.00  (1804 rows)

--- Q05 ---
  DuckDB       1148.01 ms ±  0.00  (5 rows)

--- Q04 ---
  DuckDB        705.21 ms ±  0.00  (5 rows)

--- Q16 ---
  DuckDB        544.57 ms ±  0.00  (27840 rows)

--- Q14 ---
  DuckDB        797.15 ms ±  0.00  (1 rows)

--- Q02 ---
  DuckDB        245.60 ms ±  0.00  (4667 rows)

--- Q10 ---
  DuckDB       1711.13 ms ±  0.00  (381105 rows)

--- Q07 ---
  DuckDB        954.67 ms ±  0.00  (4 rows)

--- Q13 ---
  DuckDB       1948.17 ms ±  0.00  (46 rows)

--- Q15 ---
  DuckDB        531.17 ms ±  0.00  (1 rows)

--- Q12 ---
  DuckDB        695.87 ms ±  0.00  (2 rows)

wrote bench-results/sched-arc-2026-07-03/sf10-final/duckdb/s100/batch-2/stream-76.md
