=== TPC-H 22 triangulation bench ===
    data:    /Users/ryanevans/RustroverProjects/ematix-flow/examples/tpch/data/sf10
    queries: 22 ([5, 9, 4, 2, 7, 20, 12, 6, 21, 10, 8, 22, 3, 1, 14, 16, 13, 19, 18, 11, 15, 17])
    trials:  1 (after 0 warmups)
    output:  bench-results/sched-arc-2026-07-03/sf10-final/duckdb/s100/batch-2/stream-81.md

    NOTE: single-invocation output is SMOKE-GRADE only. For win/loss
    claims use scripts/bench/strict_22q.sh / strict_ab.sh /
    strict_throughput.sh (see scripts/bench/README.md).

--- Q05 ---
  DuckDB        950.93 ms ±  0.00  (5 rows)

--- Q09 ---
  DuckDB       2538.28 ms ±  0.00  (175 rows)

--- Q04 ---
  DuckDB        543.51 ms ±  0.00  (5 rows)

--- Q02 ---
  DuckDB        255.10 ms ±  0.00  (4667 rows)

--- Q07 ---
  DuckDB        839.23 ms ±  0.00  (4 rows)

--- Q20 ---
  DuckDB       1173.04 ms ±  0.00  (1804 rows)

--- Q12 ---
  DuckDB        707.73 ms ±  0.00  (2 rows)

--- Q06 ---
  DuckDB        530.60 ms ±  0.00  (1 rows)

--- Q21 ---
  DuckDB       2934.75 ms ±  0.00  (4009 rows)

--- Q10 ---
  DuckDB       1867.37 ms ±  0.00  (381105 rows)

--- Q08 ---
  DuckDB       1228.06 ms ±  0.00  (2 rows)

--- Q22 ---
  DuckDB        408.93 ms ±  0.00  (7 rows)

--- Q03 ---
  DuckDB       1083.07 ms ±  0.00  (114003 rows)

--- Q01 ---
  DuckDB       1997.48 ms ±  0.00  (4 rows)

--- Q14 ---
  DuckDB        747.52 ms ±  0.00  (1 rows)

--- Q16 ---
  DuckDB        466.35 ms ±  0.00  (27840 rows)

--- Q13 ---
  DuckDB       1902.72 ms ±  0.00  (46 rows)

--- Q19 ---
  DuckDB       1402.14 ms ±  0.00  (1 rows)

--- Q18 ---
  DuckDB       1622.27 ms ±  0.00  (624 rows)

--- Q11 ---
  DuckDB        147.84 ms ±  0.00  (8685 rows)

--- Q15 ---
  DuckDB        546.02 ms ±  0.00  (1 rows)

--- Q17 ---
  DuckDB       1486.98 ms ±  0.00  (1 rows)

wrote bench-results/sched-arc-2026-07-03/sf10-final/duckdb/s100/batch-2/stream-81.md
