=== TPC-H 22 triangulation bench ===
    data:    /Users/ryanevans/RustroverProjects/ematix-flow/examples/tpch/data/sf10
    queries: 22 ([22, 17, 14, 10, 9, 16, 4, 8, 1, 5, 3, 12, 2, 15, 11, 18, 21, 20, 7, 6, 19, 13])
    trials:  1 (after 0 warmups)
    output:  bench-results/sched-arc-2026-07-03/sf10-final/duckdb/s100/batch-2/stream-24.md

    NOTE: single-invocation output is SMOKE-GRADE only. For win/loss
    claims use scripts/bench/strict_22q.sh / strict_ab.sh /
    strict_throughput.sh (see scripts/bench/README.md).

--- Q22 ---
  DuckDB        132.23 ms ±  0.00  (7 rows)

--- Q17 ---
  DuckDB       1140.36 ms ±  0.00  (1 rows)

--- Q14 ---
  DuckDB        972.46 ms ±  0.00  (1 rows)

--- Q10 ---
  DuckDB       1913.51 ms ±  0.00  (381105 rows)

--- Q09 ---
  DuckDB       2238.69 ms ±  0.00  (175 rows)

--- Q16 ---
  DuckDB        352.06 ms ±  0.00  (27840 rows)

--- Q04 ---
  DuckDB        770.68 ms ±  0.00  (5 rows)

--- Q08 ---
  DuckDB       1332.97 ms ±  0.00  (2 rows)

--- Q01 ---
  DuckDB       2262.81 ms ±  0.00  (4 rows)

--- Q05 ---
  DuckDB       1240.19 ms ±  0.00  (5 rows)

--- Q03 ---
  DuckDB       1182.29 ms ±  0.00  (114003 rows)

--- Q12 ---
  DuckDB        691.80 ms ±  0.00  (2 rows)

--- Q02 ---
  DuckDB        271.44 ms ±  0.00  (4667 rows)

--- Q15 ---
  DuckDB        607.56 ms ±  0.00  (1 rows)

--- Q11 ---
  DuckDB         84.00 ms ±  0.00  (8685 rows)

--- Q18 ---
  DuckDB       1668.10 ms ±  0.00  (624 rows)

--- Q21 ---
  DuckDB       2871.76 ms ±  0.00  (4009 rows)

--- Q20 ---
  DuckDB       1024.01 ms ±  0.00  (1804 rows)

--- Q07 ---
  DuckDB       1150.64 ms ±  0.00  (4 rows)

--- Q06 ---
  DuckDB        463.63 ms ±  0.00  (1 rows)

--- Q19 ---
  DuckDB       1405.44 ms ±  0.00  (1 rows)

--- Q13 ---
  DuckDB       1712.83 ms ±  0.00  (46 rows)

wrote bench-results/sched-arc-2026-07-03/sf10-final/duckdb/s100/batch-2/stream-24.md
