=== TPC-H 22 triangulation bench ===
    data:    /Users/ryanevans/RustroverProjects/ematix-flow/examples/tpch/data/sf10
    queries: 22 ([11, 1, 3, 19, 17, 4, 15, 14, 10, 9, 20, 12, 16, 2, 21, 5, 18, 8, 6, 7, 22, 13])
    trials:  1 (after 0 warmups)
    output:  bench-results/sched-arc-2026-07-03/sf10-final/duckdb/s100/batch-2/stream-99.md

    NOTE: single-invocation output is SMOKE-GRADE only. For win/loss
    claims use scripts/bench/strict_22q.sh / strict_ab.sh /
    strict_throughput.sh (see scripts/bench/README.md).

--- Q11 ---
  DuckDB        135.82 ms ±  0.00  (8685 rows)

--- Q01 ---
  DuckDB       2051.81 ms ±  0.00  (4 rows)

--- Q03 ---
  DuckDB       1165.02 ms ±  0.00  (114003 rows)

--- Q19 ---
  DuckDB       1459.11 ms ±  0.00  (1 rows)

--- Q17 ---
  DuckDB       1178.32 ms ±  0.00  (1 rows)

--- Q04 ---
  DuckDB        503.72 ms ±  0.00  (5 rows)

--- Q15 ---
  DuckDB        498.24 ms ±  0.00  (1 rows)

--- Q14 ---
  DuckDB        983.76 ms ±  0.00  (1 rows)

--- Q10 ---
  DuckDB       2028.85 ms ±  0.00  (381105 rows)

--- Q09 ---
  DuckDB       2182.65 ms ±  0.00  (175 rows)

--- Q20 ---
  DuckDB       1038.18 ms ±  0.00  (1804 rows)

--- Q12 ---
  DuckDB        820.98 ms ±  0.00  (2 rows)

--- Q16 ---
  DuckDB        202.94 ms ±  0.00  (27840 rows)

--- Q02 ---
  DuckDB        240.64 ms ±  0.00  (4667 rows)

--- Q21 ---
  DuckDB       3171.06 ms ±  0.00  (4009 rows)

--- Q05 ---
  DuckDB        926.34 ms ±  0.00  (5 rows)

--- Q18 ---
  DuckDB       1827.28 ms ±  0.00  (624 rows)

--- Q08 ---
  DuckDB       1073.92 ms ±  0.00  (2 rows)

--- Q06 ---
  DuckDB        517.24 ms ±  0.00  (1 rows)

--- Q07 ---
  DuckDB        796.91 ms ±  0.00  (4 rows)

--- Q22 ---
  DuckDB        215.11 ms ±  0.00  (7 rows)

--- Q13 ---
  DuckDB        550.46 ms ±  0.00  (46 rows)

wrote bench-results/sched-arc-2026-07-03/sf10-final/duckdb/s100/batch-2/stream-99.md
