=== TPC-H 22 triangulation bench ===
    data:    /Users/ryanevans/RustroverProjects/ematix-flow/examples/tpch/data/sf10
    queries: 22 ([6, 18, 21, 16, 8, 15, 22, 20, 7, 19, 14, 17, 9, 1, 10, 12, 4, 3, 2, 13, 5, 11])
    trials:  1 (after 0 warmups)
    output:  bench-results/sched-arc-2026-07-03/sf10-final/duckdb/s100/batch-2/stream-7.md

    NOTE: single-invocation output is SMOKE-GRADE only. For win/loss
    claims use scripts/bench/strict_22q.sh / strict_ab.sh /
    strict_throughput.sh (see scripts/bench/README.md).

--- Q06 ---
  DuckDB        538.48 ms ±  0.00  (1 rows)

--- Q18 ---
  DuckDB       1667.66 ms ±  0.00  (624 rows)

--- Q21 ---
  DuckDB       3343.97 ms ±  0.00  (4009 rows)

--- Q16 ---
  DuckDB        332.61 ms ±  0.00  (27840 rows)

--- Q08 ---
  DuckDB       1195.40 ms ±  0.00  (2 rows)

--- Q15 ---
  DuckDB        591.09 ms ±  0.00  (1 rows)

--- Q22 ---
  DuckDB        331.79 ms ±  0.00  (7 rows)

--- Q20 ---
  DuckDB        925.37 ms ±  0.00  (1804 rows)

--- Q07 ---
  DuckDB       1046.75 ms ±  0.00  (4 rows)

--- Q19 ---
  DuckDB       1673.89 ms ±  0.00  (1 rows)

--- Q14 ---
  DuckDB       1134.06 ms ±  0.00  (1 rows)

--- Q17 ---
  DuckDB       1207.12 ms ±  0.00  (1 rows)

--- Q09 ---
  DuckDB       2138.92 ms ±  0.00  (175 rows)

--- Q01 ---
  DuckDB       2218.74 ms ±  0.00  (4 rows)

--- Q10 ---
  DuckDB       1964.09 ms ±  0.00  (381105 rows)

--- Q12 ---
  DuckDB        728.86 ms ±  0.00  (2 rows)

--- Q04 ---
  DuckDB        732.67 ms ±  0.00  (5 rows)

--- Q03 ---
  DuckDB       1164.44 ms ±  0.00  (114003 rows)

--- Q02 ---
  DuckDB        215.87 ms ±  0.00  (4667 rows)

--- Q13 ---
  DuckDB       1592.39 ms ±  0.00  (46 rows)

--- Q05 ---
  DuckDB       1043.30 ms ±  0.00  (5 rows)

--- Q11 ---
  DuckDB        184.38 ms ±  0.00  (8685 rows)

wrote bench-results/sched-arc-2026-07-03/sf10-final/duckdb/s100/batch-2/stream-7.md
