=== TPC-H 22 triangulation bench ===
    data:    /Users/ryanevans/RustroverProjects/ematix-flow/examples/tpch/data/sf10
    queries: 22 ([6, 5, 12, 21, 13, 14, 17, 4, 19, 8, 16, 3, 11, 15, 22, 2, 9, 7, 1, 20, 10, 18])
    trials:  1 (after 0 warmups)
    output:  bench-results/sched-arc-2026-07-03/sf10-final/duckdb/s100/batch-2/stream-30.md

    NOTE: single-invocation output is SMOKE-GRADE only. For win/loss
    claims use scripts/bench/strict_22q.sh / strict_ab.sh /
    strict_throughput.sh (see scripts/bench/README.md).

--- Q06 ---
  DuckDB        564.36 ms ±  0.00  (1 rows)

--- Q05 ---
  DuckDB       1025.81 ms ±  0.00  (5 rows)

--- Q12 ---
  DuckDB        827.73 ms ±  0.00  (2 rows)

--- Q21 ---
  DuckDB       3070.72 ms ±  0.00  (4009 rows)

--- Q13 ---
  DuckDB       1853.50 ms ±  0.00  (46 rows)

--- Q14 ---
  DuckDB        927.52 ms ±  0.00  (1 rows)

--- Q17 ---
  DuckDB       1358.41 ms ±  0.00  (1 rows)

--- Q04 ---
  DuckDB        792.08 ms ±  0.00  (5 rows)

--- Q19 ---
  DuckDB       1442.28 ms ±  0.00  (1 rows)

--- Q08 ---
  DuckDB       1273.07 ms ±  0.00  (2 rows)

--- Q16 ---
  DuckDB        416.44 ms ±  0.00  (27840 rows)

--- Q03 ---
  DuckDB       1307.19 ms ±  0.00  (114003 rows)

--- Q11 ---
  DuckDB        242.36 ms ±  0.00  (8685 rows)

--- Q15 ---
  DuckDB        645.12 ms ±  0.00  (1 rows)

--- Q22 ---
  DuckDB        358.50 ms ±  0.00  (7 rows)

--- Q02 ---
  DuckDB        176.71 ms ±  0.00  (4667 rows)

--- Q09 ---
  DuckDB       2347.02 ms ±  0.00  (175 rows)

--- Q07 ---
  DuckDB        833.69 ms ±  0.00  (4 rows)

--- Q01 ---
  DuckDB       2108.46 ms ±  0.00  (4 rows)

--- Q20 ---
  DuckDB       1027.65 ms ±  0.00  (1804 rows)

--- Q10 ---
  DuckDB       1700.13 ms ±  0.00  (381105 rows)

--- Q18 ---
  DuckDB       1545.49 ms ±  0.00  (624 rows)

wrote bench-results/sched-arc-2026-07-03/sf10-final/duckdb/s100/batch-2/stream-30.md
