=== TPC-H 22 triangulation bench ===
    data:    /Users/ryanevans/RustroverProjects/ematix-flow/examples/tpch/data/sf10
    queries: 22 ([20, 12, 16, 3, 6, 17, 19, 1, 13, 8, 21, 18, 22, 11, 15, 5, 2, 14, 9, 10, 4, 7])
    trials:  1 (after 0 warmups)
    output:  bench-results/sched-arc-2026-07-03/sf10-final/duckdb/s100/batch-2/stream-78.md

    NOTE: single-invocation output is SMOKE-GRADE only. For win/loss
    claims use scripts/bench/strict_22q.sh / strict_ab.sh /
    strict_throughput.sh (see scripts/bench/README.md).

--- Q20 ---
  DuckDB        945.48 ms ±  0.00  (1804 rows)

--- Q12 ---
  DuckDB        764.16 ms ±  0.00  (2 rows)

--- Q16 ---
  DuckDB        410.97 ms ±  0.00  (27840 rows)

--- Q03 ---
  DuckDB       1103.49 ms ±  0.00  (114003 rows)

--- Q06 ---
  DuckDB        573.31 ms ±  0.00  (1 rows)

--- Q17 ---
  DuckDB       1196.18 ms ±  0.00  (1 rows)

--- Q19 ---
  DuckDB       1546.12 ms ±  0.00  (1 rows)

--- Q01 ---
  DuckDB       2141.38 ms ±  0.00  (4 rows)

--- Q13 ---
  DuckDB       1957.09 ms ±  0.00  (46 rows)

--- Q08 ---
  DuckDB       1024.75 ms ±  0.00  (2 rows)

--- Q21 ---
  DuckDB       3147.88 ms ±  0.00  (4009 rows)

--- Q18 ---
  DuckDB       1602.24 ms ±  0.00  (624 rows)

--- Q22 ---
  DuckDB        183.44 ms ±  0.00  (7 rows)

--- Q11 ---
  DuckDB        132.31 ms ±  0.00  (8685 rows)

--- Q15 ---
  DuckDB        470.45 ms ±  0.00  (1 rows)

--- Q05 ---
  DuckDB        886.85 ms ±  0.00  (5 rows)

--- Q02 ---
  DuckDB        185.48 ms ±  0.00  (4667 rows)

--- Q14 ---
  DuckDB        681.78 ms ±  0.00  (1 rows)

--- Q09 ---
  DuckDB       2074.37 ms ±  0.00  (175 rows)

--- Q10 ---
  DuckDB       2014.26 ms ±  0.00  (381105 rows)

--- Q04 ---
  DuckDB        525.95 ms ±  0.00  (5 rows)

--- Q07 ---
  DuckDB       1028.00 ms ±  0.00  (4 rows)

wrote bench-results/sched-arc-2026-07-03/sf10-final/duckdb/s100/batch-2/stream-78.md
