=== TPC-H 22 triangulation bench ===
    data:    /Users/ryanevans/RustroverProjects/ematix-flow/examples/tpch/data/sf10
    queries: 22 ([17, 9, 13, 2, 6, 18, 3, 20, 19, 4, 5, 22, 11, 7, 1, 15, 8, 14, 10, 21, 16, 12])
    trials:  1 (after 0 warmups)
    output:  bench-results/sched-arc-2026-07-03/sf10-final/duckdb/s100/batch-2/stream-16.md

    NOTE: single-invocation output is SMOKE-GRADE only. For win/loss
    claims use scripts/bench/strict_22q.sh / strict_ab.sh /
    strict_throughput.sh (see scripts/bench/README.md).

--- Q17 ---
  DuckDB        978.04 ms ±  0.00  (1 rows)

--- Q09 ---
  DuckDB       2254.67 ms ±  0.00  (175 rows)

--- Q13 ---
  DuckDB       2077.45 ms ±  0.00  (46 rows)

--- Q02 ---
  DuckDB        233.08 ms ±  0.00  (4667 rows)

--- Q06 ---
  DuckDB        546.76 ms ±  0.00  (1 rows)

--- Q18 ---
  DuckDB       1711.28 ms ±  0.00  (624 rows)

--- Q03 ---
  DuckDB        891.98 ms ±  0.00  (114003 rows)

--- Q20 ---
  DuckDB       1094.67 ms ±  0.00  (1804 rows)

--- Q19 ---
  DuckDB       1378.15 ms ±  0.00  (1 rows)

--- Q04 ---
  DuckDB        630.52 ms ±  0.00  (5 rows)

--- Q05 ---
  DuckDB       1040.60 ms ±  0.00  (5 rows)

--- Q22 ---
  DuckDB        275.22 ms ±  0.00  (7 rows)

--- Q11 ---
  DuckDB         61.72 ms ±  0.00  (8685 rows)

--- Q07 ---
  DuckDB       1055.20 ms ±  0.00  (4 rows)

--- Q01 ---
  DuckDB       2340.19 ms ±  0.00  (4 rows)

--- Q15 ---
  DuckDB        461.55 ms ±  0.00  (1 rows)

--- Q08 ---
  DuckDB       1278.09 ms ±  0.00  (2 rows)

--- Q14 ---
  DuckDB        788.80 ms ±  0.00  (1 rows)

--- Q10 ---
  DuckDB       1855.92 ms ±  0.00  (381105 rows)

--- Q21 ---
  DuckDB       2832.95 ms ±  0.00  (4009 rows)

--- Q16 ---
  DuckDB        270.74 ms ±  0.00  (27840 rows)

--- Q12 ---
  DuckDB        800.79 ms ±  0.00  (2 rows)

wrote bench-results/sched-arc-2026-07-03/sf10-final/duckdb/s100/batch-2/stream-16.md
