=== TPC-H 22 triangulation bench ===
    data:    /Users/ryanevans/RustroverProjects/ematix-flow/examples/tpch/data/sf10
    queries: 22 ([21, 19, 20, 13, 18, 4, 14, 5, 3, 22, 6, 12, 9, 15, 8, 7, 11, 17, 1, 16, 2, 10])
    trials:  1 (after 0 warmups)
    output:  bench-results/sched-arc-2026-07-03/sf10-final/duckdb/s100/batch-2/stream-84.md

    NOTE: single-invocation output is SMOKE-GRADE only. For win/loss
    claims use scripts/bench/strict_22q.sh / strict_ab.sh /
    strict_throughput.sh (see scripts/bench/README.md).

--- Q21 ---
  DuckDB       2831.14 ms ±  0.00  (4009 rows)

--- Q19 ---
  DuckDB       1402.65 ms ±  0.00  (1 rows)

--- Q20 ---
  DuckDB       1001.10 ms ±  0.00  (1804 rows)

--- Q13 ---
  DuckDB       2042.84 ms ±  0.00  (46 rows)

--- Q18 ---
  DuckDB       1436.53 ms ±  0.00  (624 rows)

--- Q04 ---
  DuckDB        718.53 ms ±  0.00  (5 rows)

--- Q14 ---
  DuckDB        863.77 ms ±  0.00  (1 rows)

--- Q05 ---
  DuckDB       1157.09 ms ±  0.00  (5 rows)

--- Q03 ---
  DuckDB       1049.24 ms ±  0.00  (114003 rows)

--- Q22 ---
  DuckDB        447.22 ms ±  0.00  (7 rows)

--- Q06 ---
  DuckDB        439.60 ms ±  0.00  (1 rows)

--- Q12 ---
  DuckDB        796.21 ms ±  0.00  (2 rows)

--- Q09 ---
  DuckDB       2278.48 ms ±  0.00  (175 rows)

--- Q15 ---
  DuckDB        635.00 ms ±  0.00  (1 rows)

--- Q08 ---
  DuckDB       1143.98 ms ±  0.00  (2 rows)

--- Q07 ---
  DuckDB        964.05 ms ±  0.00  (4 rows)

--- Q11 ---
  DuckDB         86.59 ms ±  0.00  (8685 rows)

--- Q17 ---
  DuckDB       1353.47 ms ±  0.00  (1 rows)

--- Q01 ---
  DuckDB       2111.01 ms ±  0.00  (4 rows)

--- Q16 ---
  DuckDB        401.52 ms ±  0.00  (27840 rows)

--- Q02 ---
  DuckDB        197.41 ms ±  0.00  (4667 rows)

--- Q10 ---
  DuckDB       1840.48 ms ±  0.00  (381105 rows)

wrote bench-results/sched-arc-2026-07-03/sf10-final/duckdb/s100/batch-2/stream-84.md
