=== TPC-H 22 triangulation bench ===
    data:    /Users/ryanevans/RustroverProjects/ematix-flow/examples/tpch/data/sf10
    queries: 22 ([13, 18, 3, 7, 11, 4, 21, 16, 14, 22, 2, 10, 8, 19, 17, 1, 6, 5, 9, 12, 20, 15])
    trials:  1 (after 0 warmups)
    output:  bench-results/sched-arc-2026-07-03/sf10-final/duckdb/s100/batch-2/stream-9.md

    NOTE: single-invocation output is SMOKE-GRADE only. For win/loss
    claims use scripts/bench/strict_22q.sh / strict_ab.sh /
    strict_throughput.sh (see scripts/bench/README.md).

--- Q13 ---
  DuckDB       2076.22 ms ±  0.00  (46 rows)

--- Q18 ---
  DuckDB       1545.97 ms ±  0.00  (624 rows)

--- Q03 ---
  DuckDB       1284.55 ms ±  0.00  (114003 rows)

--- Q07 ---
  DuckDB       1030.95 ms ±  0.00  (4 rows)

--- Q11 ---
  DuckDB        210.20 ms ±  0.00  (8685 rows)

--- Q04 ---
  DuckDB        631.57 ms ±  0.00  (5 rows)

--- Q21 ---
  DuckDB       2734.36 ms ±  0.00  (4009 rows)

--- Q16 ---
  DuckDB        494.89 ms ±  0.00  (27840 rows)

--- Q14 ---
  DuckDB       1071.43 ms ±  0.00  (1 rows)

--- Q22 ---
  DuckDB        229.49 ms ±  0.00  (7 rows)

--- Q02 ---
  DuckDB        437.08 ms ±  0.00  (4667 rows)

--- Q10 ---
  DuckDB       1668.69 ms ±  0.00  (381105 rows)

--- Q08 ---
  DuckDB       1125.63 ms ±  0.00  (2 rows)

--- Q19 ---
  DuckDB       1390.22 ms ±  0.00  (1 rows)

--- Q17 ---
  DuckDB       1178.95 ms ±  0.00  (1 rows)

--- Q01 ---
  DuckDB       2089.08 ms ±  0.00  (4 rows)

--- Q06 ---
  DuckDB        680.21 ms ±  0.00  (1 rows)

--- Q05 ---
  DuckDB        922.00 ms ±  0.00  (5 rows)

--- Q09 ---
  DuckDB       2305.12 ms ±  0.00  (175 rows)

--- Q12 ---
  DuckDB        930.55 ms ±  0.00  (2 rows)

--- Q20 ---
  DuckDB        720.96 ms ±  0.00  (1804 rows)

--- Q15 ---
  DuckDB        648.66 ms ±  0.00  (1 rows)

wrote bench-results/sched-arc-2026-07-03/sf10-final/duckdb/s100/batch-2/stream-9.md
