=== TPC-H 22 triangulation bench ===
    data:    /Users/ryanevans/RustroverProjects/ematix-flow/examples/tpch/data/sf10
    queries: 22 ([19, 11, 18, 10, 4, 5, 22, 1, 8, 6, 13, 7, 20, 3, 15, 21, 14, 12, 16, 17, 2, 9])
    trials:  1 (after 0 warmups)
    output:  bench-results/sched-arc-2026-07-03/sf10-final/duckdb/s100/batch-2/stream-52.md

    NOTE: single-invocation output is SMOKE-GRADE only. For win/loss
    claims use scripts/bench/strict_22q.sh / strict_ab.sh /
    strict_throughput.sh (see scripts/bench/README.md).

--- Q19 ---
  DuckDB       1666.30 ms ±  0.00  (1 rows)

--- Q11 ---
  DuckDB        245.05 ms ±  0.00  (8685 rows)

--- Q18 ---
  DuckDB       1821.63 ms ±  0.00  (624 rows)

--- Q10 ---
  DuckDB       1792.64 ms ±  0.00  (381105 rows)

--- Q04 ---
  DuckDB        687.08 ms ±  0.00  (5 rows)

--- Q05 ---
  DuckDB       1163.03 ms ±  0.00  (5 rows)

--- Q22 ---
  DuckDB        324.31 ms ±  0.00  (7 rows)

--- Q01 ---
  DuckDB       2161.46 ms ±  0.00  (4 rows)

--- Q08 ---
  DuckDB       1192.71 ms ±  0.00  (2 rows)

--- Q06 ---
  DuckDB        548.51 ms ±  0.00  (1 rows)

--- Q13 ---
  DuckDB       2165.77 ms ±  0.00  (46 rows)

--- Q07 ---
  DuckDB        950.07 ms ±  0.00  (4 rows)

--- Q20 ---
  DuckDB        889.29 ms ±  0.00  (1804 rows)

--- Q03 ---
  DuckDB       1178.53 ms ±  0.00  (114003 rows)

--- Q15 ---
  DuckDB        549.61 ms ±  0.00  (1 rows)

--- Q21 ---
  DuckDB       3140.74 ms ±  0.00  (4009 rows)

--- Q14 ---
  DuckDB       1226.48 ms ±  0.00  (1 rows)

--- Q12 ---
  DuckDB        810.24 ms ±  0.00  (2 rows)

--- Q16 ---
  DuckDB        341.11 ms ±  0.00  (27840 rows)

--- Q17 ---
  DuckDB       1149.00 ms ±  0.00  (1 rows)

--- Q02 ---
  DuckDB        425.46 ms ±  0.00  (4667 rows)

--- Q09 ---
  DuckDB       2128.86 ms ±  0.00  (175 rows)

wrote bench-results/sched-arc-2026-07-03/sf10-final/duckdb/s100/batch-2/stream-52.md
