=== TPC-H 22 triangulation bench ===
    data:    /Users/ryanevans/RustroverProjects/ematix-flow/examples/tpch/data/sf10
    queries: 22 ([21, 14, 13, 22, 7, 18, 4, 20, 17, 15, 6, 12, 8, 10, 11, 5, 1, 2, 9, 16, 3, 19])
    trials:  1 (after 0 warmups)
    output:  bench-results/sched-arc-2026-07-03/sf10-final/duckdb/s100/batch-2/stream-6.md

    NOTE: single-invocation output is SMOKE-GRADE only. For win/loss
    claims use scripts/bench/strict_22q.sh / strict_ab.sh /
    strict_throughput.sh (see scripts/bench/README.md).

--- Q21 ---
  DuckDB       2861.71 ms ±  0.00  (4009 rows)

--- Q14 ---
  DuckDB        980.48 ms ±  0.00  (1 rows)

--- Q13 ---
  DuckDB       1874.79 ms ±  0.00  (46 rows)

--- Q22 ---
  DuckDB        491.70 ms ±  0.00  (7 rows)

--- Q07 ---
  DuckDB        935.79 ms ±  0.00  (4 rows)

--- Q18 ---
  DuckDB       1581.82 ms ±  0.00  (624 rows)

--- Q04 ---
  DuckDB        627.47 ms ±  0.00  (5 rows)

--- Q20 ---
  DuckDB        737.40 ms ±  0.00  (1804 rows)

--- Q17 ---
  DuckDB       1263.37 ms ±  0.00  (1 rows)

--- Q15 ---
  DuckDB        545.69 ms ±  0.00  (1 rows)

--- Q06 ---
  DuckDB        426.21 ms ±  0.00  (1 rows)

--- Q12 ---
  DuckDB        911.89 ms ±  0.00  (2 rows)

--- Q08 ---
  DuckDB       1452.27 ms ±  0.00  (2 rows)

--- Q10 ---
  DuckDB       1999.74 ms ±  0.00  (381105 rows)

--- Q11 ---
  DuckDB        135.88 ms ±  0.00  (8685 rows)

--- Q05 ---
  DuckDB        942.32 ms ±  0.00  (5 rows)

--- Q01 ---
  DuckDB       2170.15 ms ±  0.00  (4 rows)

--- Q02 ---
  DuckDB        220.26 ms ±  0.00  (4667 rows)

--- Q09 ---
  DuckDB       2336.19 ms ±  0.00  (175 rows)

--- Q16 ---
  DuckDB        437.58 ms ±  0.00  (27840 rows)

--- Q03 ---
  DuckDB        930.43 ms ±  0.00  (114003 rows)

--- Q19 ---
  DuckDB       1332.68 ms ±  0.00  (1 rows)

wrote bench-results/sched-arc-2026-07-03/sf10-final/duckdb/s100/batch-2/stream-6.md
