=== TPC-H 22 triangulation bench ===
    data:    /Users/ryanevans/RustroverProjects/ematix-flow/examples/tpch/data/sf10
    queries: 22 ([19, 22, 14, 11, 5, 18, 8, 16, 7, 20, 13, 1, 15, 4, 17, 9, 10, 6, 12, 21, 3, 2])
    trials:  1 (after 0 warmups)
    output:  bench-results/sched-arc-2026-07-03/sf10-final/duckdb/s100/batch-2/stream-2.md

    NOTE: single-invocation output is SMOKE-GRADE only. For win/loss
    claims use scripts/bench/strict_22q.sh / strict_ab.sh /
    strict_throughput.sh (see scripts/bench/README.md).

--- Q19 ---
  DuckDB       1290.73 ms ±  0.00  (1 rows)

--- Q22 ---
  DuckDB        468.66 ms ±  0.00  (7 rows)

--- Q14 ---
  DuckDB        992.19 ms ±  0.00  (1 rows)

--- Q11 ---
  DuckDB        174.56 ms ±  0.00  (8685 rows)

--- Q05 ---
  DuckDB       1007.75 ms ±  0.00  (5 rows)

--- Q18 ---
  DuckDB       1868.96 ms ±  0.00  (624 rows)

--- Q08 ---
  DuckDB       1273.26 ms ±  0.00  (2 rows)

--- Q16 ---
  DuckDB        441.44 ms ±  0.00  (27840 rows)

--- Q07 ---
  DuckDB       1004.57 ms ±  0.00  (4 rows)

--- Q20 ---
  DuckDB        805.97 ms ±  0.00  (1804 rows)

--- Q13 ---
  DuckDB       1883.53 ms ±  0.00  (46 rows)

--- Q01 ---
  DuckDB       1911.71 ms ±  0.00  (4 rows)

--- Q15 ---
  DuckDB        566.13 ms ±  0.00  (1 rows)

--- Q04 ---
  DuckDB        699.25 ms ±  0.00  (5 rows)

--- Q17 ---
  DuckDB       1248.33 ms ±  0.00  (1 rows)

--- Q09 ---
  DuckDB       2225.17 ms ±  0.00  (175 rows)

--- Q10 ---
  DuckDB       1765.44 ms ±  0.00  (381105 rows)

--- Q06 ---
  DuckDB        495.92 ms ±  0.00  (1 rows)

--- Q12 ---
  DuckDB        702.97 ms ±  0.00  (2 rows)

--- Q21 ---
  DuckDB       2949.16 ms ±  0.00  (4009 rows)

--- Q03 ---
  DuckDB       1115.88 ms ±  0.00  (114003 rows)

--- Q02 ---
  DuckDB        147.06 ms ±  0.00  (4667 rows)

wrote bench-results/sched-arc-2026-07-03/sf10-final/duckdb/s100/batch-2/stream-2.md
