=== TPC-H 22 triangulation bench ===
    data:    /Users/ryanevans/RustroverProjects/ematix-flow/examples/tpch/data/sf10
    queries: 22 ([2, 4, 15, 18, 17, 14, 21, 16, 3, 6, 5, 11, 19, 10, 12, 20, 8, 22, 1, 13, 9, 7])
    trials:  1 (after 0 warmups)
    output:  bench-results/sched-arc-2026-07-03/sf10-final/duckdb/s100/batch-2/stream-39.md

    NOTE: single-invocation output is SMOKE-GRADE only. For win/loss
    claims use scripts/bench/strict_22q.sh / strict_ab.sh /
    strict_throughput.sh (see scripts/bench/README.md).

--- Q02 ---
  DuckDB        372.34 ms ±  0.00  (4667 rows)

--- Q04 ---
  DuckDB        670.03 ms ±  0.00  (5 rows)

--- Q15 ---
  DuckDB        627.65 ms ±  0.00  (1 rows)

--- Q18 ---
  DuckDB       1540.62 ms ±  0.00  (624 rows)

--- Q17 ---
  DuckDB       1251.57 ms ±  0.00  (1 rows)

--- Q14 ---
  DuckDB        971.24 ms ±  0.00  (1 rows)

--- Q21 ---
  DuckDB       3004.99 ms ±  0.00  (4009 rows)

--- Q16 ---
  DuckDB        531.92 ms ±  0.00  (27840 rows)

--- Q03 ---
  DuckDB        993.29 ms ±  0.00  (114003 rows)

--- Q06 ---
  DuckDB        472.12 ms ±  0.00  (1 rows)

--- Q05 ---
  DuckDB        979.66 ms ±  0.00  (5 rows)

--- Q11 ---
  DuckDB        196.53 ms ±  0.00  (8685 rows)

--- Q19 ---
  DuckDB       1608.01 ms ±  0.00  (1 rows)

--- Q10 ---
  DuckDB       1965.97 ms ±  0.00  (381105 rows)

--- Q12 ---
  DuckDB        739.88 ms ±  0.00  (2 rows)

--- Q20 ---
  DuckDB        910.22 ms ±  0.00  (1804 rows)

--- Q08 ---
  DuckDB       1305.96 ms ±  0.00  (2 rows)

--- Q22 ---
  DuckDB        445.11 ms ±  0.00  (7 rows)

--- Q01 ---
  DuckDB       2161.20 ms ±  0.00  (4 rows)

--- Q13 ---
  DuckDB       1759.82 ms ±  0.00  (46 rows)

--- Q09 ---
  DuckDB       2184.35 ms ±  0.00  (175 rows)

--- Q07 ---
  DuckDB        820.56 ms ±  0.00  (4 rows)

wrote bench-results/sched-arc-2026-07-03/sf10-final/duckdb/s100/batch-2/stream-39.md
