=== TPC-H 22 triangulation bench ===
    data:    /Users/ryanevans/RustroverProjects/ematix-flow/examples/tpch/data/sf10
    queries: 22 ([17, 2, 3, 14, 11, 22, 9, 1, 12, 21, 7, 19, 6, 8, 4, 13, 20, 16, 10, 18, 15, 5])
    trials:  1 (after 0 warmups)
    output:  bench-results/sched-arc-2026-07-03/sf10-final/duckdb/s100/batch-2/stream-54.md

    NOTE: single-invocation output is SMOKE-GRADE only. For win/loss
    claims use scripts/bench/strict_22q.sh / strict_ab.sh /
    strict_throughput.sh (see scripts/bench/README.md).

--- Q17 ---
  DuckDB       1163.67 ms ±  0.00  (1 rows)

--- Q02 ---
  DuckDB        278.16 ms ±  0.00  (4667 rows)

--- Q03 ---
  DuckDB       1107.95 ms ±  0.00  (114003 rows)

--- Q14 ---
  DuckDB        954.78 ms ±  0.00  (1 rows)

--- Q11 ---
  DuckDB        112.70 ms ±  0.00  (8685 rows)

--- Q22 ---
  DuckDB        445.37 ms ±  0.00  (7 rows)

--- Q09 ---
  DuckDB       2403.03 ms ±  0.00  (175 rows)

--- Q01 ---
  DuckDB       2193.65 ms ±  0.00  (4 rows)

--- Q12 ---
  DuckDB        784.47 ms ±  0.00  (2 rows)

--- Q21 ---
  DuckDB       3411.30 ms ±  0.00  (4009 rows)

--- Q07 ---
  DuckDB       1224.55 ms ±  0.00  (4 rows)

--- Q19 ---
  DuckDB       1701.66 ms ±  0.00  (1 rows)

--- Q06 ---
  DuckDB        563.23 ms ±  0.00  (1 rows)

--- Q08 ---
  DuckDB       1350.33 ms ±  0.00  (2 rows)

--- Q04 ---
  DuckDB        682.20 ms ±  0.00  (5 rows)

--- Q13 ---
  DuckDB       1825.03 ms ±  0.00  (46 rows)

--- Q20 ---
  DuckDB       1148.25 ms ±  0.00  (1804 rows)

--- Q16 ---
  DuckDB        310.97 ms ±  0.00  (27840 rows)

--- Q10 ---
  DuckDB       2034.85 ms ±  0.00  (381105 rows)

--- Q18 ---
  DuckDB       1708.67 ms ±  0.00  (624 rows)

--- Q15 ---
  DuckDB        499.24 ms ±  0.00  (1 rows)

--- Q05 ---
  DuckDB        809.17 ms ±  0.00  (5 rows)

wrote bench-results/sched-arc-2026-07-03/sf10-final/duckdb/s100/batch-2/stream-54.md
