=== TPC-H 22 triangulation bench ===
    data:    /Users/ryanevans/RustroverProjects/ematix-flow/examples/tpch/data/sf10
    queries: 22 ([12, 11, 20, 14, 21, 22, 15, 4, 2, 19, 8, 7, 1, 13, 3, 9, 18, 6, 10, 17, 16, 5])
    trials:  1 (after 0 warmups)
    output:  bench-results/sched-arc-2026-07-03/sf10-final/duckdb/s100/batch-2/stream-82.md

    NOTE: single-invocation output is SMOKE-GRADE only. For win/loss
    claims use scripts/bench/strict_22q.sh / strict_ab.sh /
    strict_throughput.sh (see scripts/bench/README.md).

--- Q12 ---
  DuckDB        688.57 ms ±  0.00  (2 rows)

--- Q11 ---
  DuckDB        212.77 ms ±  0.00  (8685 rows)

--- Q20 ---
  DuckDB       1065.15 ms ±  0.00  (1804 rows)

--- Q14 ---
  DuckDB        961.98 ms ±  0.00  (1 rows)

--- Q21 ---
  DuckDB       2887.18 ms ±  0.00  (4009 rows)

--- Q22 ---
  DuckDB        497.75 ms ±  0.00  (7 rows)

--- Q15 ---
  DuckDB        556.52 ms ±  0.00  (1 rows)

--- Q04 ---
  DuckDB        715.00 ms ±  0.00  (5 rows)

--- Q02 ---
  DuckDB        263.51 ms ±  0.00  (4667 rows)

--- Q19 ---
  DuckDB       1336.28 ms ±  0.00  (1 rows)

--- Q08 ---
  DuckDB       1052.82 ms ±  0.00  (2 rows)

--- Q07 ---
  DuckDB       1030.75 ms ±  0.00  (4 rows)

--- Q01 ---
  DuckDB       2156.13 ms ±  0.00  (4 rows)

--- Q13 ---
  DuckDB       2068.92 ms ±  0.00  (46 rows)

--- Q03 ---
  DuckDB        999.65 ms ±  0.00  (114003 rows)

--- Q09 ---
  DuckDB       2099.08 ms ±  0.00  (175 rows)

--- Q18 ---
  DuckDB       1483.00 ms ±  0.00  (624 rows)

--- Q06 ---
  DuckDB        570.70 ms ±  0.00  (1 rows)

--- Q10 ---
  DuckDB       1825.45 ms ±  0.00  (381105 rows)

--- Q17 ---
  DuckDB       1245.67 ms ±  0.00  (1 rows)

--- Q16 ---
  DuckDB        303.88 ms ±  0.00  (27840 rows)

--- Q05 ---
  DuckDB       1090.60 ms ±  0.00  (5 rows)

wrote bench-results/sched-arc-2026-07-03/sf10-final/duckdb/s100/batch-2/stream-82.md
