=== TPC-H 22 triangulation bench ===
    data:    /Users/ryanevans/RustroverProjects/ematix-flow/examples/tpch/data/sf10
    queries: 22 ([5, 6, 8, 22, 4, 21, 19, 2, 17, 13, 1, 10, 20, 7, 16, 9, 11, 15, 18, 14, 3, 12])
    trials:  1 (after 0 warmups)
    output:  bench-results/sched-arc-2026-07-03/sf10-final/duckdb/s100/batch-2/stream-47.md

    NOTE: single-invocation output is SMOKE-GRADE only. For win/loss
    claims use scripts/bench/strict_22q.sh / strict_ab.sh /
    strict_throughput.sh (see scripts/bench/README.md).

--- Q05 ---
  DuckDB        969.71 ms ±  0.00  (5 rows)

--- Q06 ---
  DuckDB        360.86 ms ±  0.00  (1 rows)

--- Q08 ---
  DuckDB       1348.16 ms ±  0.00  (2 rows)

--- Q22 ---
  DuckDB        485.69 ms ±  0.00  (7 rows)

--- Q04 ---
  DuckDB        814.70 ms ±  0.00  (5 rows)

--- Q21 ---
  DuckDB       2948.32 ms ±  0.00  (4009 rows)

--- Q19 ---
  DuckDB       1506.34 ms ±  0.00  (1 rows)

--- Q02 ---
  DuckDB        242.75 ms ±  0.00  (4667 rows)

--- Q17 ---
  DuckDB       1177.14 ms ±  0.00  (1 rows)

--- Q13 ---
  DuckDB       1936.25 ms ±  0.00  (46 rows)

--- Q01 ---
  DuckDB       2473.36 ms ±  0.00  (4 rows)

--- Q10 ---
  DuckDB       1836.15 ms ±  0.00  (381105 rows)

--- Q20 ---
  DuckDB       1117.32 ms ±  0.00  (1804 rows)

--- Q07 ---
  DuckDB       1125.94 ms ±  0.00  (4 rows)

--- Q16 ---
  DuckDB        416.93 ms ±  0.00  (27840 rows)

--- Q09 ---
  DuckDB       2492.69 ms ±  0.00  (175 rows)

--- Q11 ---
  DuckDB        127.80 ms ±  0.00  (8685 rows)

--- Q15 ---
  DuckDB        577.14 ms ±  0.00  (1 rows)

--- Q18 ---
  DuckDB       1654.61 ms ±  0.00  (624 rows)

--- Q14 ---
  DuckDB       1018.57 ms ±  0.00  (1 rows)

--- Q03 ---
  DuckDB       1059.70 ms ±  0.00  (114003 rows)

--- Q12 ---
  DuckDB        590.05 ms ±  0.00  (2 rows)

wrote bench-results/sched-arc-2026-07-03/sf10-final/duckdb/s100/batch-2/stream-47.md
