=== TPC-H 22 triangulation bench ===
    data:    /Users/ryanevans/RustroverProjects/ematix-flow/examples/tpch/data/sf10
    queries: 22 ([7, 16, 17, 15, 11, 18, 2, 20, 8, 5, 4, 12, 21, 6, 9, 13, 14, 22, 19, 1, 3, 10])
    trials:  1 (after 0 warmups)
    output:  bench-results/sched-arc-2026-07-03/sf10-final/duckdb/s100/batch-2/stream-23.md

    NOTE: single-invocation output is SMOKE-GRADE only. For win/loss
    claims use scripts/bench/strict_22q.sh / strict_ab.sh /
    strict_throughput.sh (see scripts/bench/README.md).

--- Q07 ---
  DuckDB        838.30 ms ±  0.00  (4 rows)

--- Q16 ---
  DuckDB        201.39 ms ±  0.00  (27840 rows)

--- Q17 ---
  DuckDB       1199.81 ms ±  0.00  (1 rows)

--- Q15 ---
  DuckDB        646.24 ms ±  0.00  (1 rows)

--- Q11 ---
  DuckDB        161.43 ms ±  0.00  (8685 rows)

--- Q18 ---
  DuckDB       1513.51 ms ±  0.00  (624 rows)

--- Q02 ---
  DuckDB        278.19 ms ±  0.00  (4667 rows)

--- Q20 ---
  DuckDB        917.41 ms ±  0.00  (1804 rows)

--- Q08 ---
  DuckDB       1318.52 ms ±  0.00  (2 rows)

--- Q05 ---
  DuckDB       1004.40 ms ±  0.00  (5 rows)

--- Q04 ---
  DuckDB        738.81 ms ±  0.00  (5 rows)

--- Q12 ---
  DuckDB        814.61 ms ±  0.00  (2 rows)

--- Q21 ---
  DuckDB       2960.08 ms ±  0.00  (4009 rows)

--- Q06 ---
  DuckDB        577.66 ms ±  0.00  (1 rows)

--- Q09 ---
  DuckDB       2240.62 ms ±  0.00  (175 rows)

--- Q13 ---
  DuckDB       1952.80 ms ±  0.00  (46 rows)

--- Q14 ---
  DuckDB       1048.13 ms ±  0.00  (1 rows)

--- Q22 ---
  DuckDB        455.87 ms ±  0.00  (7 rows)

--- Q19 ---
  DuckDB       1509.01 ms ±  0.00  (1 rows)

--- Q01 ---
  DuckDB       2106.24 ms ±  0.00  (4 rows)

--- Q03 ---
  DuckDB       1024.94 ms ±  0.00  (114003 rows)

--- Q10 ---
  DuckDB       1829.41 ms ±  0.00  (381105 rows)

wrote bench-results/sched-arc-2026-07-03/sf10-final/duckdb/s100/batch-2/stream-23.md
