=== TPC-H 22 triangulation bench ===
    data:    /Users/ryanevans/RustroverProjects/ematix-flow/examples/tpch/data/sf10
    queries: 22 ([21, 4, 5, 2, 11, 9, 14, 10, 6, 3, 13, 1, 22, 8, 18, 12, 19, 16, 17, 15, 7, 20])
    trials:  1 (after 0 warmups)
    output:  bench-results/sched-arc-2026-07-03/sf10-final/duckdb/s100/batch-2/stream-53.md

    NOTE: single-invocation output is SMOKE-GRADE only. For win/loss
    claims use scripts/bench/strict_22q.sh / strict_ab.sh /
    strict_throughput.sh (see scripts/bench/README.md).

--- Q21 ---
  DuckDB       2953.29 ms ±  0.00  (4009 rows)

--- Q04 ---
  DuckDB        702.34 ms ±  0.00  (5 rows)

--- Q05 ---
  DuckDB       1015.08 ms ±  0.00  (5 rows)

--- Q02 ---
  DuckDB        305.31 ms ±  0.00  (4667 rows)

--- Q11 ---
  DuckDB        192.19 ms ±  0.00  (8685 rows)

--- Q09 ---
  DuckDB       2263.07 ms ±  0.00  (175 rows)

--- Q14 ---
  DuckDB        879.20 ms ±  0.00  (1 rows)

--- Q10 ---
  DuckDB       1944.11 ms ±  0.00  (381105 rows)

--- Q06 ---
  DuckDB        601.33 ms ±  0.00  (1 rows)

--- Q03 ---
  DuckDB       1089.17 ms ±  0.00  (114003 rows)

--- Q13 ---
  DuckDB       1946.94 ms ±  0.00  (46 rows)

--- Q01 ---
  DuckDB       2227.53 ms ±  0.00  (4 rows)

--- Q22 ---
  DuckDB        297.00 ms ±  0.00  (7 rows)

--- Q08 ---
  DuckDB       1170.89 ms ±  0.00  (2 rows)

--- Q18 ---
  DuckDB       1582.61 ms ±  0.00  (624 rows)

--- Q12 ---
  DuckDB        884.07 ms ±  0.00  (2 rows)

--- Q19 ---
  DuckDB       1380.11 ms ±  0.00  (1 rows)

--- Q16 ---
  DuckDB        246.91 ms ±  0.00  (27840 rows)

--- Q17 ---
  DuckDB       1200.45 ms ±  0.00  (1 rows)

--- Q15 ---
  DuckDB        534.62 ms ±  0.00  (1 rows)

--- Q07 ---
  DuckDB       1059.05 ms ±  0.00  (4 rows)

--- Q20 ---
  DuckDB        876.39 ms ±  0.00  (1804 rows)

wrote bench-results/sched-arc-2026-07-03/sf10-final/duckdb/s100/batch-2/stream-53.md
