=== TPC-H 22 triangulation bench ===
    data:    /Users/ryanevans/RustroverProjects/ematix-flow/examples/tpch/data/sf10
    queries: 22 ([19, 21, 1, 20, 18, 5, 17, 10, 16, 8, 7, 9, 13, 14, 15, 11, 12, 3, 6, 4, 2, 22])
    trials:  1 (after 0 warmups)
    output:  bench-results/sched-arc-2026-07-03/sf10-final/duckdb/s100/batch-2/stream-69.md

    NOTE: single-invocation output is SMOKE-GRADE only. For win/loss
    claims use scripts/bench/strict_22q.sh / strict_ab.sh /
    strict_throughput.sh (see scripts/bench/README.md).

--- Q19 ---
  DuckDB       1793.05 ms ±  0.00  (1 rows)

--- Q21 ---
  DuckDB       3151.55 ms ±  0.00  (4009 rows)

--- Q01 ---
  DuckDB       2102.27 ms ±  0.00  (4 rows)

--- Q20 ---
  DuckDB        957.90 ms ±  0.00  (1804 rows)

--- Q18 ---
  DuckDB       1621.83 ms ±  0.00  (624 rows)

--- Q05 ---
  DuckDB        857.66 ms ±  0.00  (5 rows)

--- Q17 ---
  DuckDB       1191.89 ms ±  0.00  (1 rows)

--- Q10 ---
  DuckDB       1974.31 ms ±  0.00  (381105 rows)

--- Q16 ---
  DuckDB        419.35 ms ±  0.00  (27840 rows)

--- Q08 ---
  DuckDB       1386.95 ms ±  0.00  (2 rows)

--- Q07 ---
  DuckDB       1087.45 ms ±  0.00  (4 rows)

--- Q09 ---
  DuckDB       2165.78 ms ±  0.00  (175 rows)

--- Q13 ---
  DuckDB       2011.73 ms ±  0.00  (46 rows)

--- Q14 ---
  DuckDB        997.93 ms ±  0.00  (1 rows)

--- Q15 ---
  DuckDB        588.76 ms ±  0.00  (1 rows)

--- Q11 ---
  DuckDB        130.93 ms ±  0.00  (8685 rows)

--- Q12 ---
  DuckDB        691.54 ms ±  0.00  (2 rows)

--- Q03 ---
  DuckDB        970.08 ms ±  0.00  (114003 rows)

--- Q06 ---
  DuckDB        492.91 ms ±  0.00  (1 rows)

--- Q04 ---
  DuckDB        577.94 ms ±  0.00  (5 rows)

--- Q02 ---
  DuckDB        295.20 ms ±  0.00  (4667 rows)

--- Q22 ---
  DuckDB        274.97 ms ±  0.00  (7 rows)

wrote bench-results/sched-arc-2026-07-03/sf10-final/duckdb/s100/batch-2/stream-69.md
