=== TPC-H 22 triangulation bench ===
    data:    /Users/ryanevans/RustroverProjects/ematix-flow/examples/tpch/data/sf10
    queries: 22 ([8, 6, 10, 19, 21, 7, 15, 14, 22, 11, 3, 12, 20, 9, 17, 18, 2, 5, 13, 4, 16, 1])
    trials:  1 (after 0 warmups)
    output:  bench-results/sched-arc-2026-07-03/sf10-final/duckdb/s100/batch-2/stream-31.md

    NOTE: single-invocation output is SMOKE-GRADE only. For win/loss
    claims use scripts/bench/strict_22q.sh / strict_ab.sh /
    strict_throughput.sh (see scripts/bench/README.md).

--- Q08 ---
  DuckDB       1121.86 ms ±  0.00  (2 rows)

--- Q06 ---
  DuckDB        411.04 ms ±  0.00  (1 rows)

--- Q10 ---
  DuckDB       1733.53 ms ±  0.00  (381105 rows)

--- Q19 ---
  DuckDB       1505.08 ms ±  0.00  (1 rows)

--- Q21 ---
  DuckDB       3087.04 ms ±  0.00  (4009 rows)

--- Q07 ---
  DuckDB       1077.75 ms ±  0.00  (4 rows)

--- Q15 ---
  DuckDB        650.46 ms ±  0.00  (1 rows)

--- Q14 ---
  DuckDB       1054.44 ms ±  0.00  (1 rows)

--- Q22 ---
  DuckDB        321.96 ms ±  0.00  (7 rows)

--- Q11 ---
  DuckDB        141.58 ms ±  0.00  (8685 rows)

--- Q03 ---
  DuckDB       1218.21 ms ±  0.00  (114003 rows)

--- Q12 ---
  DuckDB        813.03 ms ±  0.00  (2 rows)

--- Q20 ---
  DuckDB       1205.46 ms ±  0.00  (1804 rows)

--- Q09 ---
  DuckDB       2037.26 ms ±  0.00  (175 rows)

--- Q17 ---
  DuckDB       1244.32 ms ±  0.00  (1 rows)

--- Q18 ---
  DuckDB       1663.57 ms ±  0.00  (624 rows)

--- Q02 ---
  DuckDB        211.91 ms ±  0.00  (4667 rows)

--- Q05 ---
  DuckDB        980.26 ms ±  0.00  (5 rows)

--- Q13 ---
  DuckDB       2114.53 ms ±  0.00  (46 rows)

--- Q04 ---
  DuckDB        796.32 ms ±  0.00  (5 rows)

--- Q16 ---
  DuckDB        268.28 ms ±  0.00  (27840 rows)

--- Q01 ---
  DuckDB       2017.26 ms ±  0.00  (4 rows)

wrote bench-results/sched-arc-2026-07-03/sf10-final/duckdb/s100/batch-2/stream-31.md
