=== TPC-H 22 triangulation bench ===
    data:    /Users/ryanevans/RustroverProjects/ematix-flow/examples/tpch/data/sf10
    queries: 22 ([15, 8, 6, 18, 3, 12, 14, 4, 11, 22, 17, 20, 19, 5, 21, 9, 2, 16, 10, 7, 1, 13])
    trials:  1 (after 0 warmups)
    output:  bench-results/sched-arc-2026-07-03/sf10-final/duckdb/s100/batch-2/stream-25.md

    NOTE: single-invocation output is SMOKE-GRADE only. For win/loss
    claims use scripts/bench/strict_22q.sh / strict_ab.sh /
    strict_throughput.sh (see scripts/bench/README.md).

--- Q15 ---
  DuckDB        489.32 ms ±  0.00  (1 rows)

--- Q08 ---
  DuckDB       1202.48 ms ±  0.00  (2 rows)

--- Q06 ---
  DuckDB        501.26 ms ±  0.00  (1 rows)

--- Q18 ---
  DuckDB       1657.83 ms ±  0.00  (624 rows)

--- Q03 ---
  DuckDB       1146.25 ms ±  0.00  (114003 rows)

--- Q12 ---
  DuckDB        753.02 ms ±  0.00  (2 rows)

--- Q14 ---
  DuckDB        732.21 ms ±  0.00  (1 rows)

--- Q04 ---
  DuckDB        533.68 ms ±  0.00  (5 rows)

--- Q11 ---
  DuckDB        143.39 ms ±  0.00  (8685 rows)

--- Q22 ---
  DuckDB        416.78 ms ±  0.00  (7 rows)

--- Q17 ---
  DuckDB       1173.93 ms ±  0.00  (1 rows)

--- Q20 ---
  DuckDB        977.69 ms ±  0.00  (1804 rows)

--- Q19 ---
  DuckDB       1678.88 ms ±  0.00  (1 rows)

--- Q05 ---
  DuckDB       1038.69 ms ±  0.00  (5 rows)

--- Q21 ---
  DuckDB       3104.41 ms ±  0.00  (4009 rows)

--- Q09 ---
  DuckDB       2018.58 ms ±  0.00  (175 rows)

--- Q02 ---
  DuckDB        390.64 ms ±  0.00  (4667 rows)

--- Q16 ---
  DuckDB        270.51 ms ±  0.00  (27840 rows)

--- Q10 ---
  DuckDB       1569.64 ms ±  0.00  (381105 rows)

--- Q07 ---
  DuckDB       1025.02 ms ±  0.00  (4 rows)

--- Q01 ---
  DuckDB       1870.60 ms ±  0.00  (4 rows)

--- Q13 ---
  DuckDB       1923.27 ms ±  0.00  (46 rows)

wrote bench-results/sched-arc-2026-07-03/sf10-final/duckdb/s100/batch-2/stream-25.md
