=== TPC-H 22 triangulation bench ===
    data:    /Users/ryanevans/RustroverProjects/ematix-flow/examples/tpch/data/sf10
    queries: 22 ([3, 4, 18, 14, 1, 11, 9, 12, 16, 10, 8, 13, 5, 6, 17, 15, 22, 2, 20, 21, 7, 19])
    trials:  1 (after 0 warmups)
    output:  bench-results/sched-arc-2026-07-03/sf10-final/duckdb/s100/batch-2/stream-58.md

    NOTE: single-invocation output is SMOKE-GRADE only. For win/loss
    claims use scripts/bench/strict_22q.sh / strict_ab.sh /
    strict_throughput.sh (see scripts/bench/README.md).

--- Q03 ---
  DuckDB       1012.06 ms ±  0.00  (114003 rows)

--- Q04 ---
  DuckDB        690.46 ms ±  0.00  (5 rows)

--- Q18 ---
  DuckDB       1630.72 ms ±  0.00  (624 rows)

--- Q14 ---
  DuckDB       1073.15 ms ±  0.00  (1 rows)

--- Q01 ---
  DuckDB       2117.16 ms ±  0.00  (4 rows)

--- Q11 ---
  DuckDB        118.74 ms ±  0.00  (8685 rows)

--- Q09 ---
  DuckDB       2245.15 ms ±  0.00  (175 rows)

--- Q12 ---
  DuckDB        825.64 ms ±  0.00  (2 rows)

--- Q16 ---
  DuckDB        441.89 ms ±  0.00  (27840 rows)

--- Q10 ---
  DuckDB       1855.72 ms ±  0.00  (381105 rows)

--- Q08 ---
  DuckDB       1341.59 ms ±  0.00  (2 rows)

--- Q13 ---
  DuckDB       1847.87 ms ±  0.00  (46 rows)

--- Q05 ---
  DuckDB       1333.41 ms ±  0.00  (5 rows)

--- Q06 ---
  DuckDB        451.46 ms ±  0.00  (1 rows)

--- Q17 ---
  DuckDB       1330.31 ms ±  0.00  (1 rows)

--- Q15 ---
  DuckDB        504.41 ms ±  0.00  (1 rows)

--- Q22 ---
  DuckDB        229.50 ms ±  0.00  (7 rows)

--- Q02 ---
  DuckDB        142.81 ms ±  0.00  (4667 rows)

--- Q20 ---
  DuckDB        925.28 ms ±  0.00  (1804 rows)

--- Q21 ---
  DuckDB       2838.81 ms ±  0.00  (4009 rows)

--- Q07 ---
  DuckDB       1131.66 ms ±  0.00  (4 rows)

--- Q19 ---
  DuckDB       1409.00 ms ±  0.00  (1 rows)

wrote bench-results/sched-arc-2026-07-03/sf10-final/duckdb/s100/batch-2/stream-58.md
