=== TPC-H 22 triangulation bench ===
    data:    /Users/ryanevans/RustroverProjects/ematix-flow/examples/tpch/data/sf10
    queries: 22 ([2, 9, 10, 17, 1, 22, 13, 21, 20, 12, 5, 14, 3, 18, 19, 16, 7, 8, 11, 15, 4, 6])
    trials:  1 (after 0 warmups)
    output:  bench-results/sched-arc-2026-07-03/sf10-final/duckdb/s100/batch-2/stream-18.md

    NOTE: single-invocation output is SMOKE-GRADE only. For win/loss
    claims use scripts/bench/strict_22q.sh / strict_ab.sh /
    strict_throughput.sh (see scripts/bench/README.md).

--- Q02 ---
  DuckDB        176.56 ms ±  0.00  (4667 rows)

--- Q09 ---
  DuckDB       2296.27 ms ±  0.00  (175 rows)

--- Q10 ---
  DuckDB       2111.64 ms ±  0.00  (381105 rows)

--- Q17 ---
  DuckDB       1141.00 ms ±  0.00  (1 rows)

--- Q01 ---
  DuckDB       2174.37 ms ±  0.00  (4 rows)

--- Q22 ---
  DuckDB        168.29 ms ±  0.00  (7 rows)

--- Q13 ---
  DuckDB       1887.34 ms ±  0.00  (46 rows)

--- Q21 ---
  DuckDB       2975.75 ms ±  0.00  (4009 rows)

--- Q20 ---
  DuckDB       1136.34 ms ±  0.00  (1804 rows)

--- Q12 ---
  DuckDB        993.16 ms ±  0.00  (2 rows)

--- Q05 ---
  DuckDB       1102.82 ms ±  0.00  (5 rows)

--- Q14 ---
  DuckDB        903.48 ms ±  0.00  (1 rows)

--- Q03 ---
  DuckDB       1055.17 ms ±  0.00  (114003 rows)

--- Q18 ---
  DuckDB       1621.32 ms ±  0.00  (624 rows)

--- Q19 ---
  DuckDB       1749.32 ms ±  0.00  (1 rows)

--- Q16 ---
  DuckDB        311.67 ms ±  0.00  (27840 rows)

--- Q07 ---
  DuckDB        980.88 ms ±  0.00  (4 rows)

--- Q08 ---
  DuckDB       1267.96 ms ±  0.00  (2 rows)

--- Q11 ---
  DuckDB        181.00 ms ±  0.00  (8685 rows)

--- Q15 ---
  DuckDB        572.96 ms ±  0.00  (1 rows)

--- Q04 ---
  DuckDB        628.78 ms ±  0.00  (5 rows)

--- Q06 ---
  DuckDB        219.14 ms ±  0.00  (1 rows)

wrote bench-results/sched-arc-2026-07-03/sf10-final/duckdb/s100/batch-2/stream-18.md
