=== TPC-H 22 triangulation bench ===
    data:    /Users/ryanevans/RustroverProjects/ematix-flow/examples/tpch/data/sf10
    queries: 22 ([14, 16, 4, 22, 15, 18, 7, 11, 6, 20, 12, 1, 21, 9, 10, 5, 17, 8, 19, 2, 13, 3])
    trials:  1 (after 0 warmups)
    output:  bench-results/sched-arc-2026-07-03/sf10-final/duckdb/s100/batch-2/stream-46.md

    NOTE: single-invocation output is SMOKE-GRADE only. For win/loss
    claims use scripts/bench/strict_22q.sh / strict_ab.sh /
    strict_throughput.sh (see scripts/bench/README.md).

--- Q14 ---
  DuckDB       1017.48 ms ±  0.00  (1 rows)

--- Q16 ---
  DuckDB        449.24 ms ±  0.00  (27840 rows)

--- Q04 ---
  DuckDB        698.82 ms ±  0.00  (5 rows)

--- Q22 ---
  DuckDB        424.23 ms ±  0.00  (7 rows)

--- Q15 ---
  DuckDB        492.72 ms ±  0.00  (1 rows)

--- Q18 ---
  DuckDB       1593.11 ms ±  0.00  (624 rows)

--- Q07 ---
  DuckDB        954.26 ms ±  0.00  (4 rows)

--- Q11 ---
  DuckDB        121.83 ms ±  0.00  (8685 rows)

--- Q06 ---
  DuckDB        400.25 ms ±  0.00  (1 rows)

--- Q20 ---
  DuckDB       1016.89 ms ±  0.00  (1804 rows)

--- Q12 ---
  DuckDB        803.60 ms ±  0.00  (2 rows)

--- Q01 ---
  DuckDB       2268.72 ms ±  0.00  (4 rows)

--- Q21 ---
  DuckDB       2901.24 ms ±  0.00  (4009 rows)

--- Q09 ---
  DuckDB       2198.39 ms ±  0.00  (175 rows)

--- Q10 ---
  DuckDB       1597.87 ms ±  0.00  (381105 rows)

--- Q05 ---
  DuckDB       1108.08 ms ±  0.00  (5 rows)

--- Q17 ---
  DuckDB       1163.44 ms ±  0.00  (1 rows)

--- Q08 ---
  DuckDB       1329.17 ms ±  0.00  (2 rows)

--- Q19 ---
  DuckDB       1502.92 ms ±  0.00  (1 rows)

--- Q02 ---
  DuckDB        199.64 ms ±  0.00  (4667 rows)

--- Q13 ---
  DuckDB       1823.68 ms ±  0.00  (46 rows)

--- Q03 ---
  DuckDB       1004.36 ms ±  0.00  (114003 rows)

wrote bench-results/sched-arc-2026-07-03/sf10-final/duckdb/s100/batch-2/stream-46.md
