=== TPC-H 22 triangulation bench ===
    data:    /Users/ryanevans/RustroverProjects/ematix-flow/examples/tpch/data/sf10
    queries: 22 ([17, 12, 14, 21, 11, 16, 13, 15, 7, 1, 18, 4, 22, 2, 3, 20, 19, 5, 8, 6, 10, 9])
    trials:  1 (after 0 warmups)
    output:  bench-results/tput-rebaseline-2026-07-03/sf10-auto/duckdb/s100/batch-1/stream-13.md

    NOTE: single-invocation output is SMOKE-GRADE only. For win/loss
    claims use scripts/bench/strict_22q.sh / strict_ab.sh /
    strict_throughput.sh (see scripts/bench/README.md).

--- Q17 ---
  DuckDB       1100.99 ms ±  0.00  (1 rows)

--- Q12 ---
  DuckDB        818.86 ms ±  0.00  (2 rows)

--- Q14 ---
  DuckDB       1083.99 ms ±  0.00  (1 rows)

--- Q21 ---
  DuckDB       3227.48 ms ±  0.00  (4009 rows)

--- Q11 ---
  DuckDB        176.05 ms ±  0.00  (8685 rows)

--- Q16 ---
  DuckDB        220.18 ms ±  0.00  (27840 rows)

--- Q13 ---
  DuckDB       2043.32 ms ±  0.00  (46 rows)

--- Q15 ---
  DuckDB        576.96 ms ±  0.00  (1 rows)

--- Q07 ---
  DuckDB        927.61 ms ±  0.00  (4 rows)

--- Q01 ---
  DuckDB       1906.21 ms ±  0.00  (4 rows)

--- Q18 ---
  DuckDB       1617.49 ms ±  0.00  (624 rows)

--- Q04 ---
  DuckDB        608.63 ms ±  0.00  (5 rows)

--- Q22 ---
  DuckDB        467.64 ms ±  0.00  (7 rows)

--- Q02 ---
  DuckDB        197.33 ms ±  0.00  (4667 rows)

--- Q03 ---
  DuckDB       1273.79 ms ±  0.00  (114003 rows)

--- Q20 ---
  DuckDB       1167.22 ms ±  0.00  (1804 rows)

--- Q19 ---
  DuckDB       1431.70 ms ±  0.00  (1 rows)

--- Q05 ---
  DuckDB       1010.64 ms ±  0.00  (5 rows)

--- Q08 ---
  DuckDB       1525.26 ms ±  0.00  (2 rows)

--- Q06 ---
  DuckDB        648.57 ms ±  0.00  (1 rows)

--- Q10 ---
  DuckDB       2090.22 ms ±  0.00  (381105 rows)

--- Q09 ---
  DuckDB       2233.45 ms ±  0.00  (175 rows)

wrote bench-results/tput-rebaseline-2026-07-03/sf10-auto/duckdb/s100/batch-1/stream-13.md
