=== TPC-H 22 triangulation bench ===
    data:    /Users/ryanevans/RustroverProjects/ematix-flow/examples/tpch/data/sf10
    queries: 22 ([16, 21, 14, 18, 10, 12, 19, 20, 8, 17, 3, 13, 2, 15, 7, 1, 6, 11, 4, 9, 5, 22])
    trials:  1 (after 0 warmups)
    output:  bench-results/tput-rebaseline-2026-07-03/sf10-auto/duckdb/s100/batch-1/stream-20.md

    NOTE: single-invocation output is SMOKE-GRADE only. For win/loss
    claims use scripts/bench/strict_22q.sh / strict_ab.sh /
    strict_throughput.sh (see scripts/bench/README.md).

--- Q16 ---
  DuckDB        314.73 ms ±  0.00  (27840 rows)

--- Q21 ---
  DuckDB       3188.09 ms ±  0.00  (4009 rows)

--- Q14 ---
  DuckDB        886.80 ms ±  0.00  (1 rows)

--- Q18 ---
  DuckDB       1461.74 ms ±  0.00  (624 rows)

--- Q10 ---
  DuckDB       1978.00 ms ±  0.00  (381105 rows)

--- Q12 ---
  DuckDB        717.34 ms ±  0.00  (2 rows)

--- Q19 ---
  DuckDB       1547.41 ms ±  0.00  (1 rows)

--- Q20 ---
  DuckDB        899.19 ms ±  0.00  (1804 rows)

--- Q08 ---
  DuckDB       1494.55 ms ±  0.00  (2 rows)

--- Q17 ---
  DuckDB       1024.34 ms ±  0.00  (1 rows)

--- Q03 ---
  DuckDB       1190.16 ms ±  0.00  (114003 rows)

--- Q13 ---
  DuckDB       1899.68 ms ±  0.00  (46 rows)

--- Q02 ---
  DuckDB        318.93 ms ±  0.00  (4667 rows)

--- Q15 ---
  DuckDB        626.31 ms ±  0.00  (1 rows)

--- Q07 ---
  DuckDB       1039.15 ms ±  0.00  (4 rows)

--- Q01 ---
  DuckDB       2126.29 ms ±  0.00  (4 rows)

--- Q06 ---
  DuckDB        595.30 ms ±  0.00  (1 rows)

--- Q11 ---
  DuckDB        143.71 ms ±  0.00  (8685 rows)

--- Q04 ---
  DuckDB        567.82 ms ±  0.00  (5 rows)

--- Q09 ---
  DuckDB       2184.49 ms ±  0.00  (175 rows)

--- Q05 ---
  DuckDB        895.61 ms ±  0.00  (5 rows)

--- Q22 ---
  DuckDB        301.54 ms ±  0.00  (7 rows)

wrote bench-results/tput-rebaseline-2026-07-03/sf10-auto/duckdb/s100/batch-1/stream-20.md
