=== TPC-H 22 triangulation bench ===
    data:    /Users/ryanevans/RustroverProjects/ematix-flow/examples/tpch/data/sf10
    queries: 22 ([12, 11, 16, 4, 21, 14, 20, 22, 9, 1, 18, 5, 6, 13, 3, 7, 10, 8, 2, 17, 19, 15])
    trials:  1 (after 0 warmups)
    output:  bench-results/tput-rebaseline-2026-07-03/sf10-auto/duckdb/s100/batch-1/stream-40.md

    NOTE: single-invocation output is SMOKE-GRADE only. For win/loss
    claims use scripts/bench/strict_22q.sh / strict_ab.sh /
    strict_throughput.sh (see scripts/bench/README.md).

--- Q12 ---
  DuckDB        819.50 ms ±  0.00  (2 rows)

--- Q11 ---
  DuckDB        128.53 ms ±  0.00  (8685 rows)

--- Q16 ---
  DuckDB        357.00 ms ±  0.00  (27840 rows)

--- Q04 ---
  DuckDB        748.33 ms ±  0.00  (5 rows)

--- Q21 ---
  DuckDB       3060.81 ms ±  0.00  (4009 rows)

--- Q14 ---
  DuckDB       1185.73 ms ±  0.00  (1 rows)

--- Q20 ---
  DuckDB       1169.60 ms ±  0.00  (1804 rows)

--- Q22 ---
  DuckDB        349.09 ms ±  0.00  (7 rows)

--- Q09 ---
  DuckDB       2553.75 ms ±  0.00  (175 rows)

--- Q01 ---
  DuckDB       2204.10 ms ±  0.00  (4 rows)

--- Q18 ---
  DuckDB       1587.76 ms ±  0.00  (624 rows)

--- Q05 ---
  DuckDB       1084.15 ms ±  0.00  (5 rows)

--- Q06 ---
  DuckDB        406.91 ms ±  0.00  (1 rows)

--- Q13 ---
  DuckDB       2020.20 ms ±  0.00  (46 rows)

--- Q03 ---
  DuckDB       1256.02 ms ±  0.00  (114003 rows)

--- Q07 ---
  DuckDB       1020.21 ms ±  0.00  (4 rows)

--- Q10 ---
  DuckDB       1819.79 ms ±  0.00  (381105 rows)

--- Q08 ---
  DuckDB       1282.13 ms ±  0.00  (2 rows)

--- Q02 ---
  DuckDB        330.13 ms ±  0.00  (4667 rows)

--- Q17 ---
  DuckDB       1286.72 ms ±  0.00  (1 rows)

--- Q19 ---
  DuckDB       1348.40 ms ±  0.00  (1 rows)

--- Q15 ---
  DuckDB        605.72 ms ±  0.00  (1 rows)

wrote bench-results/tput-rebaseline-2026-07-03/sf10-auto/duckdb/s100/batch-1/stream-40.md
