=== TPC-H 22 triangulation bench ===
    data:    /Users/ryanevans/RustroverProjects/ematix-flow/examples/tpch/data/sf10
    queries: 22 ([12, 8, 14, 3, 15, 6, 16, 22, 13, 10, 19, 18, 4, 2, 21, 7, 5, 9, 1, 20, 17, 11])
    trials:  1 (after 0 warmups)
    output:  bench-results/tput-rebaseline-2026-07-03/sf10-auto/duckdb/s100/batch-1/stream-71.md

    NOTE: single-invocation output is SMOKE-GRADE only. For win/loss
    claims use scripts/bench/strict_22q.sh / strict_ab.sh /
    strict_throughput.sh (see scripts/bench/README.md).

--- Q12 ---
  DuckDB        789.24 ms ±  0.00  (2 rows)

--- Q08 ---
  DuckDB       1129.01 ms ±  0.00  (2 rows)

--- Q14 ---
  DuckDB        987.45 ms ±  0.00  (1 rows)

--- Q03 ---
  DuckDB        898.55 ms ±  0.00  (114003 rows)

--- Q15 ---
  DuckDB        464.40 ms ±  0.00  (1 rows)

--- Q06 ---
  DuckDB        535.29 ms ±  0.00  (1 rows)

--- Q16 ---
  DuckDB        289.65 ms ±  0.00  (27840 rows)

--- Q22 ---
  DuckDB        330.08 ms ±  0.00  (7 rows)

--- Q13 ---
  DuckDB       1649.71 ms ±  0.00  (46 rows)

--- Q10 ---
  DuckDB       1878.71 ms ±  0.00  (381105 rows)

--- Q19 ---
  DuckDB       1749.80 ms ±  0.00  (1 rows)

--- Q18 ---
  DuckDB       1781.78 ms ±  0.00  (624 rows)

--- Q04 ---
  DuckDB        780.86 ms ±  0.00  (5 rows)

--- Q02 ---
  DuckDB        331.38 ms ±  0.00  (4667 rows)

--- Q21 ---
  DuckDB       2902.47 ms ±  0.00  (4009 rows)

--- Q07 ---
  DuckDB        993.80 ms ±  0.00  (4 rows)

--- Q05 ---
  DuckDB        909.53 ms ±  0.00  (5 rows)

--- Q09 ---
  DuckDB       2320.11 ms ±  0.00  (175 rows)

--- Q01 ---
  DuckDB       1986.10 ms ±  0.00  (4 rows)

--- Q20 ---
  DuckDB        806.77 ms ±  0.00  (1804 rows)

--- Q17 ---
  DuckDB        935.81 ms ±  0.00  (1 rows)

--- Q11 ---
  DuckDB         96.68 ms ±  0.00  (8685 rows)

wrote bench-results/tput-rebaseline-2026-07-03/sf10-auto/duckdb/s100/batch-1/stream-71.md
