=== TPC-H 22 triangulation bench ===
    data:    /Users/ryanevans/RustroverProjects/ematix-flow/examples/tpch/data/sf10
    queries: 22 ([21, 20, 4, 6, 16, 5, 19, 8, 13, 15, 9, 2, 7, 12, 14, 10, 17, 3, 22, 11, 18, 1])
    trials:  1 (after 0 warmups)
    output:  bench-results/tput-rebaseline-2026-07-03/sf10-auto/duckdb/s100/batch-1/stream-86.md

    NOTE: single-invocation output is SMOKE-GRADE only. For win/loss
    claims use scripts/bench/strict_22q.sh / strict_ab.sh /
    strict_throughput.sh (see scripts/bench/README.md).

--- Q21 ---
  DuckDB       2801.34 ms ±  0.00  (4009 rows)

--- Q20 ---
  DuckDB        915.14 ms ±  0.00  (1804 rows)

--- Q04 ---
  DuckDB        653.92 ms ±  0.00  (5 rows)

--- Q06 ---
  DuckDB        461.00 ms ±  0.00  (1 rows)

--- Q16 ---
  DuckDB        380.87 ms ±  0.00  (27840 rows)

--- Q05 ---
  DuckDB       1051.36 ms ±  0.00  (5 rows)

--- Q19 ---
  DuckDB       1515.35 ms ±  0.00  (1 rows)

--- Q08 ---
  DuckDB       1240.31 ms ±  0.00  (2 rows)

--- Q13 ---
  DuckDB       2037.75 ms ±  0.00  (46 rows)

--- Q15 ---
  DuckDB        587.04 ms ±  0.00  (1 rows)

--- Q09 ---
  DuckDB       2137.96 ms ±  0.00  (175 rows)

--- Q02 ---
  DuckDB        250.95 ms ±  0.00  (4667 rows)

--- Q07 ---
  DuckDB       1248.56 ms ±  0.00  (4 rows)

--- Q12 ---
  DuckDB        708.82 ms ±  0.00  (2 rows)

--- Q14 ---
  DuckDB       1185.29 ms ±  0.00  (1 rows)

--- Q10 ---
  DuckDB       1744.17 ms ±  0.00  (381105 rows)

--- Q17 ---
  DuckDB       1218.44 ms ±  0.00  (1 rows)

--- Q03 ---
  DuckDB       1117.20 ms ±  0.00  (114003 rows)

--- Q22 ---
  DuckDB        254.88 ms ±  0.00  (7 rows)

--- Q11 ---
  DuckDB        171.14 ms ±  0.00  (8685 rows)

--- Q18 ---
  DuckDB       1461.04 ms ±  0.00  (624 rows)

--- Q01 ---
  DuckDB       2198.95 ms ±  0.00  (4 rows)

wrote bench-results/tput-rebaseline-2026-07-03/sf10-auto/duckdb/s100/batch-1/stream-86.md
