=== TPC-H 22 triangulation bench ===
    data:    /Users/ryanevans/RustroverProjects/ematix-flow/examples/tpch/data/sf10
    queries: 22 ([5, 16, 18, 19, 3, 15, 2, 20, 21, 4, 1, 17, 12, 14, 7, 9, 10, 22, 6, 8, 11, 13])
    trials:  1 (after 0 warmups)
    output:  bench-results/tput-rebaseline-2026-07-03/sf10-auto/duckdb/s100/batch-1/stream-41.md

    NOTE: single-invocation output is SMOKE-GRADE only. For win/loss
    claims use scripts/bench/strict_22q.sh / strict_ab.sh /
    strict_throughput.sh (see scripts/bench/README.md).

--- Q05 ---
  DuckDB        915.94 ms ±  0.00  (5 rows)

--- Q16 ---
  DuckDB        328.40 ms ±  0.00  (27840 rows)

--- Q18 ---
  DuckDB       1748.39 ms ±  0.00  (624 rows)

--- Q19 ---
  DuckDB       1428.81 ms ±  0.00  (1 rows)

--- Q03 ---
  DuckDB       1073.03 ms ±  0.00  (114003 rows)

--- Q15 ---
  DuckDB        591.80 ms ±  0.00  (1 rows)

--- Q02 ---
  DuckDB        175.29 ms ±  0.00  (4667 rows)

--- Q20 ---
  DuckDB       1267.05 ms ±  0.00  (1804 rows)

--- Q21 ---
  DuckDB       2903.94 ms ±  0.00  (4009 rows)

--- Q04 ---
  DuckDB        547.86 ms ±  0.00  (5 rows)

--- Q01 ---
  DuckDB       1928.90 ms ±  0.00  (4 rows)

--- Q17 ---
  DuckDB       1167.53 ms ±  0.00  (1 rows)

--- Q12 ---
  DuckDB        775.31 ms ±  0.00  (2 rows)

--- Q14 ---
  DuckDB        852.58 ms ±  0.00  (1 rows)

--- Q07 ---
  DuckDB        936.00 ms ±  0.00  (4 rows)

--- Q09 ---
  DuckDB       2068.81 ms ±  0.00  (175 rows)

--- Q10 ---
  DuckDB       1921.06 ms ±  0.00  (381105 rows)

--- Q22 ---
  DuckDB        346.13 ms ±  0.00  (7 rows)

--- Q06 ---
  DuckDB        502.99 ms ±  0.00  (1 rows)

--- Q08 ---
  DuckDB       1264.64 ms ±  0.00  (2 rows)

--- Q11 ---
  DuckDB         55.34 ms ±  0.00  (8685 rows)

--- Q13 ---
  DuckDB       2096.34 ms ±  0.00  (46 rows)

wrote bench-results/tput-rebaseline-2026-07-03/sf10-auto/duckdb/s100/batch-1/stream-41.md
