=== TPC-H 22 triangulation bench ===
    data:    /Users/ryanevans/RustroverProjects/ematix-flow/examples/tpch/data/sf10
    queries: 22 ([4, 17, 7, 3, 10, 19, 1, 22, 8, 11, 16, 20, 2, 18, 9, 14, 12, 13, 6, 21, 15, 5])
    trials:  1 (after 0 warmups)
    output:  bench-results/tput-rebaseline-2026-07-03/sf10-auto/duckdb/s100/batch-1/stream-100.md

    NOTE: single-invocation output is SMOKE-GRADE only. For win/loss
    claims use scripts/bench/strict_22q.sh / strict_ab.sh /
    strict_throughput.sh (see scripts/bench/README.md).

--- Q04 ---
  DuckDB        697.84 ms ±  0.00  (5 rows)

--- Q17 ---
  DuckDB       1188.25 ms ±  0.00  (1 rows)

--- Q07 ---
  DuckDB       1051.45 ms ±  0.00  (4 rows)

--- Q03 ---
  DuckDB       1046.64 ms ±  0.00  (114003 rows)

--- Q10 ---
  DuckDB       1733.77 ms ±  0.00  (381105 rows)

--- Q19 ---
  DuckDB       1505.69 ms ±  0.00  (1 rows)

--- Q01 ---
  DuckDB       2069.08 ms ±  0.00  (4 rows)

--- Q22 ---
  DuckDB        391.19 ms ±  0.00  (7 rows)

--- Q08 ---
  DuckDB       1169.49 ms ±  0.00  (2 rows)

--- Q11 ---
  DuckDB         82.13 ms ±  0.00  (8685 rows)

--- Q16 ---
  DuckDB        235.64 ms ±  0.00  (27840 rows)

--- Q20 ---
  DuckDB       1107.16 ms ±  0.00  (1804 rows)

--- Q02 ---
  DuckDB        192.39 ms ±  0.00  (4667 rows)

--- Q18 ---
  DuckDB       1548.67 ms ±  0.00  (624 rows)

--- Q09 ---
  DuckDB       1892.95 ms ±  0.00  (175 rows)

--- Q14 ---
  DuckDB        883.08 ms ±  0.00  (1 rows)

--- Q12 ---
  DuckDB        649.87 ms ±  0.00  (2 rows)

--- Q13 ---
  DuckDB       1814.05 ms ±  0.00  (46 rows)

--- Q06 ---
  DuckDB        444.70 ms ±  0.00  (1 rows)

--- Q21 ---
  DuckDB       1503.12 ms ±  0.00  (4009 rows)

--- Q15 ---
  DuckDB        244.61 ms ±  0.00  (1 rows)

--- Q05 ---
  DuckDB        307.01 ms ±  0.00  (5 rows)

wrote bench-results/tput-rebaseline-2026-07-03/sf10-auto/duckdb/s100/batch-1/stream-100.md
