=== TPC-H 22 triangulation bench ===
    data:    /Users/ryanevans/RustroverProjects/ematix-flow/examples/tpch/data/sf10
    queries: 22 ([8, 15, 10, 21, 1, 11, 18, 17, 2, 13, 16, 4, 6, 7, 14, 19, 22, 12, 5, 9, 20, 3])
    trials:  1 (after 0 warmups)
    output:  bench-results/tput-rebaseline-2026-07-03/sf10-auto/duckdb/s100/batch-1/stream-89.md

    NOTE: single-invocation output is SMOKE-GRADE only. For win/loss
    claims use scripts/bench/strict_22q.sh / strict_ab.sh /
    strict_throughput.sh (see scripts/bench/README.md).

--- Q08 ---
  DuckDB       1057.52 ms ±  0.00  (2 rows)

--- Q15 ---
  DuckDB        555.68 ms ±  0.00  (1 rows)

--- Q10 ---
  DuckDB       1869.25 ms ±  0.00  (381105 rows)

--- Q21 ---
  DuckDB       2890.88 ms ±  0.00  (4009 rows)

--- Q01 ---
  DuckDB       2329.45 ms ±  0.00  (4 rows)

--- Q11 ---
  DuckDB        233.98 ms ±  0.00  (8685 rows)

--- Q18 ---
  DuckDB       1594.25 ms ±  0.00  (624 rows)

--- Q17 ---
  DuckDB       1095.87 ms ±  0.00  (1 rows)

--- Q02 ---
  DuckDB        401.85 ms ±  0.00  (4667 rows)

--- Q13 ---
  DuckDB       2056.18 ms ±  0.00  (46 rows)

--- Q16 ---
  DuckDB        392.49 ms ±  0.00  (27840 rows)

--- Q04 ---
  DuckDB        579.26 ms ±  0.00  (5 rows)

--- Q06 ---
  DuckDB        709.35 ms ±  0.00  (1 rows)

--- Q07 ---
  DuckDB       1048.04 ms ±  0.00  (4 rows)

--- Q14 ---
  DuckDB       1023.26 ms ±  0.00  (1 rows)

--- Q19 ---
  DuckDB       1526.38 ms ±  0.00  (1 rows)

--- Q22 ---
  DuckDB        317.00 ms ±  0.00  (7 rows)

--- Q12 ---
  DuckDB        784.63 ms ±  0.00  (2 rows)

--- Q05 ---
  DuckDB        995.07 ms ±  0.00  (5 rows)

--- Q09 ---
  DuckDB       2172.71 ms ±  0.00  (175 rows)

--- Q20 ---
  DuckDB        838.68 ms ±  0.00  (1804 rows)

--- Q03 ---
  DuckDB        945.44 ms ±  0.00  (114003 rows)

wrote bench-results/tput-rebaseline-2026-07-03/sf10-auto/duckdb/s100/batch-1/stream-89.md
