=== TPC-H 22 triangulation bench ===
    data:    /Users/ryanevans/RustroverProjects/ematix-flow/examples/tpch/data/sf10
    queries: 22 ([15, 1, 13, 14, 18, 4, 20, 16, 21, 9, 8, 11, 12, 17, 2, 19, 6, 22, 10, 5, 7, 3])
    trials:  1 (after 0 warmups)
    output:  bench-results/tput-rebaseline-2026-07-03/sf10-auto/duckdb/s100/batch-1/stream-55.md

    NOTE: single-invocation output is SMOKE-GRADE only. For win/loss
    claims use scripts/bench/strict_22q.sh / strict_ab.sh /
    strict_throughput.sh (see scripts/bench/README.md).

--- Q15 ---
  DuckDB        523.35 ms ±  0.00  (1 rows)

--- Q01 ---
  DuckDB       2051.46 ms ±  0.00  (4 rows)

--- Q13 ---
  DuckDB       1973.56 ms ±  0.00  (46 rows)

--- Q14 ---
  DuckDB       1060.17 ms ±  0.00  (1 rows)

--- Q18 ---
  DuckDB       1622.70 ms ±  0.00  (624 rows)

--- Q04 ---
  DuckDB        568.63 ms ±  0.00  (5 rows)

--- Q20 ---
  DuckDB       1041.55 ms ±  0.00  (1804 rows)

--- Q16 ---
  DuckDB        575.44 ms ±  0.00  (27840 rows)

--- Q21 ---
  DuckDB       3052.47 ms ±  0.00  (4009 rows)

--- Q09 ---
  DuckDB       2107.31 ms ±  0.00  (175 rows)

--- Q08 ---
  DuckDB       1059.41 ms ±  0.00  (2 rows)

--- Q11 ---
  DuckDB        147.75 ms ±  0.00  (8685 rows)

--- Q12 ---
  DuckDB        876.22 ms ±  0.00  (2 rows)

--- Q17 ---
  DuckDB       1243.30 ms ±  0.00  (1 rows)

--- Q02 ---
  DuckDB        141.30 ms ±  0.00  (4667 rows)

--- Q19 ---
  DuckDB       1368.86 ms ±  0.00  (1 rows)

--- Q06 ---
  DuckDB        473.70 ms ±  0.00  (1 rows)

--- Q22 ---
  DuckDB        274.34 ms ±  0.00  (7 rows)

--- Q10 ---
  DuckDB       1619.73 ms ±  0.00  (381105 rows)

--- Q05 ---
  DuckDB        964.89 ms ±  0.00  (5 rows)

--- Q07 ---
  DuckDB        934.63 ms ±  0.00  (4 rows)

--- Q03 ---
  DuckDB       1007.37 ms ±  0.00  (114003 rows)

wrote bench-results/tput-rebaseline-2026-07-03/sf10-auto/duckdb/s100/batch-1/stream-55.md
