=== TPC-H 22 triangulation bench ===
    data:    /Users/ryanevans/RustroverProjects/ematix-flow/examples/tpch/data/sf10
    queries: 22 ([5, 6, 8, 22, 4, 21, 19, 2, 17, 13, 1, 10, 20, 7, 16, 9, 11, 15, 18, 14, 3, 12])
    trials:  1 (after 0 warmups)
    output:  bench-results/tput-rebaseline-2026-07-03/sf10-auto/duckdb/s100/batch-1/stream-47.md

    NOTE: single-invocation output is SMOKE-GRADE only. For win/loss
    claims use scripts/bench/strict_22q.sh / strict_ab.sh /
    strict_throughput.sh (see scripts/bench/README.md).

--- Q05 ---
  DuckDB        942.25 ms ±  0.00  (5 rows)

--- Q06 ---
  DuckDB        518.97 ms ±  0.00  (1 rows)

--- Q08 ---
  DuckDB       1204.91 ms ±  0.00  (2 rows)

--- Q22 ---
  DuckDB        397.27 ms ±  0.00  (7 rows)

--- Q04 ---
  DuckDB        757.27 ms ±  0.00  (5 rows)

--- Q21 ---
  DuckDB       3175.87 ms ±  0.00  (4009 rows)

--- Q19 ---
  DuckDB       1786.70 ms ±  0.00  (1 rows)

--- Q02 ---
  DuckDB        172.67 ms ±  0.00  (4667 rows)

--- Q17 ---
  DuckDB       1239.61 ms ±  0.00  (1 rows)

--- Q13 ---
  DuckDB       1769.11 ms ±  0.00  (46 rows)

--- Q01 ---
  DuckDB       2361.37 ms ±  0.00  (4 rows)

--- Q10 ---
  DuckDB       2059.37 ms ±  0.00  (381105 rows)

--- Q20 ---
  DuckDB       1066.66 ms ±  0.00  (1804 rows)

--- Q07 ---
  DuckDB        985.25 ms ±  0.00  (4 rows)

--- Q16 ---
  DuckDB        541.45 ms ±  0.00  (27840 rows)

--- Q09 ---
  DuckDB       2441.21 ms ±  0.00  (175 rows)

--- Q11 ---
  DuckDB        121.24 ms ±  0.00  (8685 rows)

--- Q15 ---
  DuckDB        466.18 ms ±  0.00  (1 rows)

--- Q18 ---
  DuckDB       1609.40 ms ±  0.00  (624 rows)

--- Q14 ---
  DuckDB        938.75 ms ±  0.00  (1 rows)

--- Q03 ---
  DuckDB       1139.67 ms ±  0.00  (114003 rows)

--- Q12 ---
  DuckDB        689.65 ms ±  0.00  (2 rows)

wrote bench-results/tput-rebaseline-2026-07-03/sf10-auto/duckdb/s100/batch-1/stream-47.md
