=== TPC-H 22 triangulation bench ===
    data:    /Users/ryanevans/RustroverProjects/ematix-flow/examples/tpch/data/sf10
    queries: 22 ([22, 17, 14, 10, 9, 16, 4, 8, 1, 5, 3, 12, 2, 15, 11, 18, 21, 20, 7, 6, 19, 13])
    trials:  1 (after 0 warmups)
    output:  bench-results/tput-rebaseline-2026-07-03/sf10-auto/duckdb/s100/batch-1/stream-24.md

    NOTE: single-invocation output is SMOKE-GRADE only. For win/loss
    claims use scripts/bench/strict_22q.sh / strict_ab.sh /
    strict_throughput.sh (see scripts/bench/README.md).

--- Q22 ---
  DuckDB        262.12 ms ±  0.00  (7 rows)

--- Q17 ---
  DuckDB        856.76 ms ±  0.00  (1 rows)

--- Q14 ---
  DuckDB       1320.24 ms ±  0.00  (1 rows)

--- Q10 ---
  DuckDB       1994.76 ms ±  0.00  (381105 rows)

--- Q09 ---
  DuckDB       2194.36 ms ±  0.00  (175 rows)

--- Q16 ---
  DuckDB        322.67 ms ±  0.00  (27840 rows)

--- Q04 ---
  DuckDB        668.49 ms ±  0.00  (5 rows)

--- Q08 ---
  DuckDB       1127.29 ms ±  0.00  (2 rows)

--- Q01 ---
  DuckDB       2248.64 ms ±  0.00  (4 rows)

--- Q05 ---
  DuckDB        991.71 ms ±  0.00  (5 rows)

--- Q03 ---
  DuckDB       1118.19 ms ±  0.00  (114003 rows)

--- Q12 ---
  DuckDB        853.86 ms ±  0.00  (2 rows)

--- Q02 ---
  DuckDB        355.45 ms ±  0.00  (4667 rows)

--- Q15 ---
  DuckDB        675.71 ms ±  0.00  (1 rows)

--- Q11 ---
  DuckDB         56.11 ms ±  0.00  (8685 rows)

--- Q18 ---
  DuckDB       1684.45 ms ±  0.00  (624 rows)

--- Q21 ---
  DuckDB       3056.41 ms ±  0.00  (4009 rows)

--- Q20 ---
  DuckDB       1013.55 ms ±  0.00  (1804 rows)

--- Q07 ---
  DuckDB       1204.91 ms ±  0.00  (4 rows)

--- Q06 ---
  DuckDB        530.22 ms ±  0.00  (1 rows)

--- Q19 ---
  DuckDB       1487.97 ms ±  0.00  (1 rows)

--- Q13 ---
  DuckDB       1910.63 ms ±  0.00  (46 rows)

wrote bench-results/tput-rebaseline-2026-07-03/sf10-auto/duckdb/s100/batch-1/stream-24.md
