=== TPC-H 22 triangulation bench ===
    data:    /Users/ryanevans/RustroverProjects/ematix-flow/examples/tpch/data/sf10
    queries: 22 ([19, 11, 18, 10, 4, 5, 22, 1, 8, 6, 13, 7, 20, 3, 15, 21, 14, 12, 16, 17, 2, 9])
    trials:  1 (after 0 warmups)
    output:  bench-results/tput-rebaseline-2026-07-03/sf10-auto/duckdb/s100/batch-1/stream-52.md

    NOTE: single-invocation output is SMOKE-GRADE only. For win/loss
    claims use scripts/bench/strict_22q.sh / strict_ab.sh /
    strict_throughput.sh (see scripts/bench/README.md).

--- Q19 ---
  DuckDB       1620.51 ms ±  0.00  (1 rows)

--- Q11 ---
  DuckDB        169.43 ms ±  0.00  (8685 rows)

--- Q18 ---
  DuckDB       1659.57 ms ±  0.00  (624 rows)

--- Q10 ---
  DuckDB       1819.20 ms ±  0.00  (381105 rows)

--- Q04 ---
  DuckDB        583.66 ms ±  0.00  (5 rows)

--- Q05 ---
  DuckDB       1042.49 ms ±  0.00  (5 rows)

--- Q22 ---
  DuckDB        394.67 ms ±  0.00  (7 rows)

--- Q01 ---
  DuckDB       2207.54 ms ±  0.00  (4 rows)

--- Q08 ---
  DuckDB       1188.11 ms ±  0.00  (2 rows)

--- Q06 ---
  DuckDB        551.30 ms ±  0.00  (1 rows)

--- Q13 ---
  DuckDB       1973.47 ms ±  0.00  (46 rows)

--- Q07 ---
  DuckDB       1043.86 ms ±  0.00  (4 rows)

--- Q20 ---
  DuckDB       1079.73 ms ±  0.00  (1804 rows)

--- Q03 ---
  DuckDB       1107.35 ms ±  0.00  (114003 rows)

--- Q15 ---
  DuckDB        683.94 ms ±  0.00  (1 rows)

--- Q21 ---
  DuckDB       3065.00 ms ±  0.00  (4009 rows)

--- Q14 ---
  DuckDB        987.00 ms ±  0.00  (1 rows)

--- Q12 ---
  DuckDB        740.72 ms ±  0.00  (2 rows)

--- Q16 ---
  DuckDB        241.30 ms ±  0.00  (27840 rows)

--- Q17 ---
  DuckDB       1167.01 ms ±  0.00  (1 rows)

--- Q02 ---
  DuckDB        277.20 ms ±  0.00  (4667 rows)

--- Q09 ---
  DuckDB       2299.89 ms ±  0.00  (175 rows)

wrote bench-results/tput-rebaseline-2026-07-03/sf10-auto/duckdb/s100/batch-1/stream-52.md
