=== TPC-H 22 triangulation bench ===
    data:    /Users/ryanevans/RustroverProjects/ematix-flow/examples/tpch/data/sf10
    queries: 22 ([10, 8, 6, 15, 17, 9, 14, 22, 2, 3, 21, 11, 19, 12, 5, 7, 1, 18, 13, 20, 4, 16])
    trials:  1 (after 0 warmups)
    output:  bench-results/tput-rebaseline-2026-07-03/sf10-auto/duckdb/s100/batch-1/stream-64.md

    NOTE: single-invocation output is SMOKE-GRADE only. For win/loss
    claims use scripts/bench/strict_22q.sh / strict_ab.sh /
    strict_throughput.sh (see scripts/bench/README.md).

--- Q10 ---
  DuckDB       1841.07 ms ±  0.00  (381105 rows)

--- Q08 ---
  DuckDB       1027.68 ms ±  0.00  (2 rows)

--- Q06 ---
  DuckDB        477.40 ms ±  0.00  (1 rows)

--- Q15 ---
  DuckDB        548.22 ms ±  0.00  (1 rows)

--- Q17 ---
  DuckDB       1206.36 ms ±  0.00  (1 rows)

--- Q09 ---
  DuckDB       2273.30 ms ±  0.00  (175 rows)

--- Q14 ---
  DuckDB        876.39 ms ±  0.00  (1 rows)

--- Q22 ---
  DuckDB        311.58 ms ±  0.00  (7 rows)

--- Q02 ---
  DuckDB        123.21 ms ±  0.00  (4667 rows)

--- Q03 ---
  DuckDB       1115.39 ms ±  0.00  (114003 rows)

--- Q21 ---
  DuckDB       3167.42 ms ±  0.00  (4009 rows)

--- Q11 ---
  DuckDB         86.45 ms ±  0.00  (8685 rows)

--- Q19 ---
  DuckDB       1448.10 ms ±  0.00  (1 rows)

--- Q12 ---
  DuckDB        836.01 ms ±  0.00  (2 rows)

--- Q05 ---
  DuckDB        928.25 ms ±  0.00  (5 rows)

--- Q07 ---
  DuckDB       1074.46 ms ±  0.00  (4 rows)

--- Q01 ---
  DuckDB       2168.59 ms ±  0.00  (4 rows)

--- Q18 ---
  DuckDB       1741.98 ms ±  0.00  (624 rows)

--- Q13 ---
  DuckDB       2072.79 ms ±  0.00  (46 rows)

--- Q20 ---
  DuckDB        886.48 ms ±  0.00  (1804 rows)

--- Q04 ---
  DuckDB        504.16 ms ±  0.00  (5 rows)

--- Q16 ---
  DuckDB        435.86 ms ±  0.00  (27840 rows)

wrote bench-results/tput-rebaseline-2026-07-03/sf10-auto/duckdb/s100/batch-1/stream-64.md
