=== TPC-H 22 triangulation bench ===
    data:    /Users/ryanevans/RustroverProjects/ematix-flow/examples/tpch/data/sf10
    queries: 22 ([13, 5, 9, 8, 1, 14, 2, 7, 4, 21, 22, 16, 11, 15, 17, 10, 19, 18, 12, 6, 20, 3])
    trials:  1 (after 0 warmups)
    output:  bench-results/tput-rebaseline-2026-07-03/sf10-auto/duckdb/s100/batch-1/stream-72.md

    NOTE: single-invocation output is SMOKE-GRADE only. For win/loss
    claims use scripts/bench/strict_22q.sh / strict_ab.sh /
    strict_throughput.sh (see scripts/bench/README.md).

--- Q13 ---
  DuckDB       1835.88 ms ±  0.00  (46 rows)

--- Q05 ---
  DuckDB       1043.04 ms ±  0.00  (5 rows)

--- Q09 ---
  DuckDB       2118.09 ms ±  0.00  (175 rows)

--- Q08 ---
  DuckDB       1347.30 ms ±  0.00  (2 rows)

--- Q01 ---
  DuckDB       2273.15 ms ±  0.00  (4 rows)

--- Q14 ---
  DuckDB        839.44 ms ±  0.00  (1 rows)

--- Q02 ---
  DuckDB        205.87 ms ±  0.00  (4667 rows)

--- Q07 ---
  DuckDB       1035.48 ms ±  0.00  (4 rows)

--- Q04 ---
  DuckDB        472.67 ms ±  0.00  (5 rows)

--- Q21 ---
  DuckDB       3022.66 ms ±  0.00  (4009 rows)

--- Q22 ---
  DuckDB        355.24 ms ±  0.00  (7 rows)

--- Q16 ---
  DuckDB        281.44 ms ±  0.00  (27840 rows)

--- Q11 ---
  DuckDB        197.24 ms ±  0.00  (8685 rows)

--- Q15 ---
  DuckDB        564.44 ms ±  0.00  (1 rows)

--- Q17 ---
  DuckDB       1170.16 ms ±  0.00  (1 rows)

--- Q10 ---
  DuckDB       1819.83 ms ±  0.00  (381105 rows)

--- Q19 ---
  DuckDB       1517.17 ms ±  0.00  (1 rows)

--- Q18 ---
  DuckDB       1480.63 ms ±  0.00  (624 rows)

--- Q12 ---
  DuckDB        782.70 ms ±  0.00  (2 rows)

--- Q06 ---
  DuckDB        445.59 ms ±  0.00  (1 rows)

--- Q20 ---
  DuckDB        938.22 ms ±  0.00  (1804 rows)

--- Q03 ---
  DuckDB       1137.18 ms ±  0.00  (114003 rows)

wrote bench-results/tput-rebaseline-2026-07-03/sf10-auto/duckdb/s100/batch-1/stream-72.md
