=== TPC-H 22 triangulation bench ===
    data:    /Users/ryanevans/RustroverProjects/ematix-flow/examples/tpch/data/sf10
    queries: 22 ([19, 17, 21, 1, 8, 6, 7, 20, 18, 5, 4, 11, 14, 2, 12, 13, 3, 16, 9, 10, 22, 15])
    trials:  1 (after 0 warmups)
    output:  bench-results/tput-rebaseline-2026-07-03/sf10-auto/duckdb/s100/batch-1/stream-63.md

    NOTE: single-invocation output is SMOKE-GRADE only. For win/loss
    claims use scripts/bench/strict_22q.sh / strict_ab.sh /
    strict_throughput.sh (see scripts/bench/README.md).

--- Q19 ---
  DuckDB       1479.97 ms ±  0.00  (1 rows)

--- Q17 ---
  DuckDB       1159.76 ms ±  0.00  (1 rows)

--- Q21 ---
  DuckDB       2654.18 ms ±  0.00  (4009 rows)

--- Q01 ---
  DuckDB       2184.81 ms ±  0.00  (4 rows)

--- Q08 ---
  DuckDB       1386.30 ms ±  0.00  (2 rows)

--- Q06 ---
  DuckDB        463.47 ms ±  0.00  (1 rows)

--- Q07 ---
  DuckDB       1037.83 ms ±  0.00  (4 rows)

--- Q20 ---
  DuckDB       1161.96 ms ±  0.00  (1804 rows)

--- Q18 ---
  DuckDB       1821.55 ms ±  0.00  (624 rows)

--- Q05 ---
  DuckDB       1005.31 ms ±  0.00  (5 rows)

--- Q04 ---
  DuckDB        678.09 ms ±  0.00  (5 rows)

--- Q11 ---
  DuckDB         70.66 ms ±  0.00  (8685 rows)

--- Q14 ---
  DuckDB        999.88 ms ±  0.00  (1 rows)

--- Q02 ---
  DuckDB        246.45 ms ±  0.00  (4667 rows)

--- Q12 ---
  DuckDB        745.09 ms ±  0.00  (2 rows)

--- Q13 ---
  DuckDB       2030.81 ms ±  0.00  (46 rows)

--- Q03 ---
  DuckDB       1127.36 ms ±  0.00  (114003 rows)

--- Q16 ---
  DuckDB        268.04 ms ±  0.00  (27840 rows)

--- Q09 ---
  DuckDB       2400.44 ms ±  0.00  (175 rows)

--- Q10 ---
  DuckDB       1880.20 ms ±  0.00  (381105 rows)

--- Q22 ---
  DuckDB        415.17 ms ±  0.00  (7 rows)

--- Q15 ---
  DuckDB        619.93 ms ±  0.00  (1 rows)

wrote bench-results/tput-rebaseline-2026-07-03/sf10-auto/duckdb/s100/batch-1/stream-63.md
