=== TPC-H 22 triangulation bench ===
    data:    /Users/ryanevans/RustroverProjects/ematix-flow/examples/tpch/data/sf10
    queries: 22 ([3, 15, 11, 16, 5, 8, 2, 17, 19, 10, 4, 7, 22, 1, 6, 21, 20, 12, 14, 18, 13, 9])
    trials:  1 (after 0 warmups)
    output:  bench-results/tput-rebaseline-2026-07-03/sf10-auto/duckdb/s100/batch-1/stream-80.md

    NOTE: single-invocation output is SMOKE-GRADE only. For win/loss
    claims use scripts/bench/strict_22q.sh / strict_ab.sh /
    strict_throughput.sh (see scripts/bench/README.md).

--- Q03 ---
  DuckDB        970.12 ms ±  0.00  (114003 rows)

--- Q15 ---
  DuckDB        817.10 ms ±  0.00  (1 rows)

--- Q11 ---
  DuckDB        208.80 ms ±  0.00  (8685 rows)

--- Q16 ---
  DuckDB        284.01 ms ±  0.00  (27840 rows)

--- Q05 ---
  DuckDB        955.34 ms ±  0.00  (5 rows)

--- Q08 ---
  DuckDB       1246.71 ms ±  0.00  (2 rows)

--- Q02 ---
  DuckDB        226.15 ms ±  0.00  (4667 rows)

--- Q17 ---
  DuckDB       1257.74 ms ±  0.00  (1 rows)

--- Q19 ---
  DuckDB       1541.27 ms ±  0.00  (1 rows)

--- Q10 ---
  DuckDB       1846.08 ms ±  0.00  (381105 rows)

--- Q04 ---
  DuckDB        760.81 ms ±  0.00  (5 rows)

--- Q07 ---
  DuckDB       1139.03 ms ±  0.00  (4 rows)

--- Q22 ---
  DuckDB        232.44 ms ±  0.00  (7 rows)

--- Q01 ---
  DuckDB       1945.09 ms ±  0.00  (4 rows)

--- Q06 ---
  DuckDB        570.23 ms ±  0.00  (1 rows)

--- Q21 ---
  DuckDB       2969.63 ms ±  0.00  (4009 rows)

--- Q20 ---
  DuckDB       1166.89 ms ±  0.00  (1804 rows)

--- Q12 ---
  DuckDB        578.70 ms ±  0.00  (2 rows)

--- Q14 ---
  DuckDB        867.22 ms ±  0.00  (1 rows)

--- Q18 ---
  DuckDB       1641.55 ms ±  0.00  (624 rows)

--- Q13 ---
  DuckDB       2028.62 ms ±  0.00  (46 rows)

--- Q09 ---
  DuckDB       2260.04 ms ±  0.00  (175 rows)

wrote bench-results/tput-rebaseline-2026-07-03/sf10-auto/duckdb/s100/batch-1/stream-80.md
