=== TPC-H 22 triangulation bench ===
    data:    /Users/ryanevans/RustroverProjects/ematix-flow/examples/tpch/data/sf10
    queries: 22 ([2, 4, 15, 18, 17, 14, 21, 16, 3, 6, 5, 11, 19, 10, 12, 20, 8, 22, 1, 13, 9, 7])
    trials:  1 (after 0 warmups)
    output:  bench-results/tput-rebaseline-2026-07-03/sf10-auto/duckdb/s100/batch-1/stream-39.md

    NOTE: single-invocation output is SMOKE-GRADE only. For win/loss
    claims use scripts/bench/strict_22q.sh / strict_ab.sh /
    strict_throughput.sh (see scripts/bench/README.md).

--- Q02 ---
  DuckDB        216.70 ms ±  0.00  (4667 rows)

--- Q04 ---
  DuckDB        657.12 ms ±  0.00  (5 rows)

--- Q15 ---
  DuckDB        612.17 ms ±  0.00  (1 rows)

--- Q18 ---
  DuckDB       1725.89 ms ±  0.00  (624 rows)

--- Q17 ---
  DuckDB       1105.82 ms ±  0.00  (1 rows)

--- Q14 ---
  DuckDB        904.04 ms ±  0.00  (1 rows)

--- Q21 ---
  DuckDB       2930.84 ms ±  0.00  (4009 rows)

--- Q16 ---
  DuckDB        431.09 ms ±  0.00  (27840 rows)

--- Q03 ---
  DuckDB       1207.04 ms ±  0.00  (114003 rows)

--- Q06 ---
  DuckDB        481.57 ms ±  0.00  (1 rows)

--- Q05 ---
  DuckDB       1212.54 ms ±  0.00  (5 rows)

--- Q11 ---
  DuckDB        138.08 ms ±  0.00  (8685 rows)

--- Q19 ---
  DuckDB       1549.06 ms ±  0.00  (1 rows)

--- Q10 ---
  DuckDB       2044.38 ms ±  0.00  (381105 rows)

--- Q12 ---
  DuckDB        766.68 ms ±  0.00  (2 rows)

--- Q20 ---
  DuckDB       1085.88 ms ±  0.00  (1804 rows)

--- Q08 ---
  DuckDB       1479.96 ms ±  0.00  (2 rows)

--- Q22 ---
  DuckDB        418.48 ms ±  0.00  (7 rows)

--- Q01 ---
  DuckDB       2261.99 ms ±  0.00  (4 rows)

--- Q13 ---
  DuckDB       1612.22 ms ±  0.00  (46 rows)

--- Q09 ---
  DuckDB       2292.03 ms ±  0.00  (175 rows)

--- Q07 ---
  DuckDB        987.65 ms ±  0.00  (4 rows)

wrote bench-results/tput-rebaseline-2026-07-03/sf10-auto/duckdb/s100/batch-1/stream-39.md
