=== TPC-H 22 triangulation bench ===
    data:    /Users/ryanevans/RustroverProjects/ematix-flow/examples/tpch/data/sf10
    queries: 22 ([16, 12, 15, 21, 10, 9, 5, 22, 2, 4, 3, 8, 20, 19, 14, 18, 17, 1, 6, 11, 7, 13])
    trials:  1 (after 0 warmups)
    output:  bench-results/tput-rebaseline-2026-07-03/sf10-auto/duckdb/s100/batch-1/stream-88.md

    NOTE: single-invocation output is SMOKE-GRADE only. For win/loss
    claims use scripts/bench/strict_22q.sh / strict_ab.sh /
    strict_throughput.sh (see scripts/bench/README.md).

--- Q16 ---
  DuckDB        354.26 ms ±  0.00  (27840 rows)

--- Q12 ---
  DuckDB        758.76 ms ±  0.00  (2 rows)

--- Q15 ---
  DuckDB        517.32 ms ±  0.00  (1 rows)

--- Q21 ---
  DuckDB       2963.17 ms ±  0.00  (4009 rows)

--- Q10 ---
  DuckDB       1587.86 ms ±  0.00  (381105 rows)

--- Q09 ---
  DuckDB       2116.14 ms ±  0.00  (175 rows)

--- Q05 ---
  DuckDB        978.85 ms ±  0.00  (5 rows)

--- Q22 ---
  DuckDB        333.13 ms ±  0.00  (7 rows)

--- Q02 ---
  DuckDB        251.16 ms ±  0.00  (4667 rows)

--- Q04 ---
  DuckDB        599.40 ms ±  0.00  (5 rows)

--- Q03 ---
  DuckDB       1065.95 ms ±  0.00  (114003 rows)

--- Q08 ---
  DuckDB       1202.39 ms ±  0.00  (2 rows)

--- Q20 ---
  DuckDB        979.97 ms ±  0.00  (1804 rows)

--- Q19 ---
  DuckDB       1426.56 ms ±  0.00  (1 rows)

--- Q14 ---
  DuckDB        820.31 ms ±  0.00  (1 rows)

--- Q18 ---
  DuckDB       1816.36 ms ±  0.00  (624 rows)

--- Q17 ---
  DuckDB       1110.02 ms ±  0.00  (1 rows)

--- Q01 ---
  DuckDB       2014.22 ms ±  0.00  (4 rows)

--- Q06 ---
  DuckDB        419.56 ms ±  0.00  (1 rows)

--- Q11 ---
  DuckDB         60.66 ms ±  0.00  (8685 rows)

--- Q07 ---
  DuckDB        893.87 ms ±  0.00  (4 rows)

--- Q13 ---
  DuckDB       1826.03 ms ±  0.00  (46 rows)

wrote bench-results/tput-rebaseline-2026-07-03/sf10-auto/duckdb/s100/batch-1/stream-88.md
