=== TPC-H 22 triangulation bench ===
    data:    /Users/ryanevans/RustroverProjects/ematix-flow/examples/tpch/data/sf10
    queries: 22 ([5, 9, 4, 2, 7, 20, 12, 6, 21, 10, 8, 22, 3, 1, 14, 16, 13, 19, 18, 11, 15, 17])
    trials:  1 (after 0 warmups)
    output:  bench-results/tput-rebaseline-2026-07-03/sf10-auto/duckdb/s100/batch-1/stream-81.md

    NOTE: single-invocation output is SMOKE-GRADE only. For win/loss
    claims use scripts/bench/strict_22q.sh / strict_ab.sh /
    strict_throughput.sh (see scripts/bench/README.md).

--- Q05 ---
  DuckDB       1014.83 ms ±  0.00  (5 rows)

--- Q09 ---
  DuckDB       2476.46 ms ±  0.00  (175 rows)

--- Q04 ---
  DuckDB        844.66 ms ±  0.00  (5 rows)

--- Q02 ---
  DuckDB        332.55 ms ±  0.00  (4667 rows)

--- Q07 ---
  DuckDB       1087.27 ms ±  0.00  (4 rows)

--- Q20 ---
  DuckDB       1096.48 ms ±  0.00  (1804 rows)

--- Q12 ---
  DuckDB        810.82 ms ±  0.00  (2 rows)

--- Q06 ---
  DuckDB        423.24 ms ±  0.00  (1 rows)

--- Q21 ---
  DuckDB       2872.06 ms ±  0.00  (4009 rows)

--- Q10 ---
  DuckDB       2026.55 ms ±  0.00  (381105 rows)

--- Q08 ---
  DuckDB       1208.01 ms ±  0.00  (2 rows)

--- Q22 ---
  DuckDB        451.69 ms ±  0.00  (7 rows)

--- Q03 ---
  DuckDB       1003.88 ms ±  0.00  (114003 rows)

--- Q01 ---
  DuckDB       2104.90 ms ±  0.00  (4 rows)

--- Q14 ---
  DuckDB        827.28 ms ±  0.00  (1 rows)

--- Q16 ---
  DuckDB        233.01 ms ±  0.00  (27840 rows)

--- Q13 ---
  DuckDB       1822.96 ms ±  0.00  (46 rows)

--- Q19 ---
  DuckDB       1547.20 ms ±  0.00  (1 rows)

--- Q18 ---
  DuckDB       1613.80 ms ±  0.00  (624 rows)

--- Q11 ---
  DuckDB         87.15 ms ±  0.00  (8685 rows)

--- Q15 ---
  DuckDB        635.12 ms ±  0.00  (1 rows)

--- Q17 ---
  DuckDB       1000.75 ms ±  0.00  (1 rows)

wrote bench-results/tput-rebaseline-2026-07-03/sf10-auto/duckdb/s100/batch-1/stream-81.md
