=== TPC-H 22 triangulation bench ===
    data:    /Users/ryanevans/RustroverProjects/ematix-flow/examples/tpch/data/sf10
    queries: 22 ([1, 13, 2, 4, 3, 11, 5, 19, 10, 12, 21, 16, 7, 14, 15, 9, 20, 22, 6, 18, 17, 8])
    trials:  1 (after 0 warmups)
    output:  bench-results/tput-rebaseline-2026-07-03/sf10-auto/duckdb/s100/batch-1/stream-51.md

    NOTE: single-invocation output is SMOKE-GRADE only. For win/loss
    claims use scripts/bench/strict_22q.sh / strict_ab.sh /
    strict_throughput.sh (see scripts/bench/README.md).

--- Q01 ---
  DuckDB       2194.87 ms ±  0.00  (4 rows)

--- Q13 ---
  DuckDB       1970.73 ms ±  0.00  (46 rows)

--- Q02 ---
  DuckDB        485.27 ms ±  0.00  (4667 rows)

--- Q04 ---
  DuckDB        667.81 ms ±  0.00  (5 rows)

--- Q03 ---
  DuckDB       1023.37 ms ±  0.00  (114003 rows)

--- Q11 ---
  DuckDB        185.21 ms ±  0.00  (8685 rows)

--- Q05 ---
  DuckDB        833.67 ms ±  0.00  (5 rows)

--- Q19 ---
  DuckDB       1541.40 ms ±  0.00  (1 rows)

--- Q10 ---
  DuckDB       1822.83 ms ±  0.00  (381105 rows)

--- Q12 ---
  DuckDB        682.01 ms ±  0.00  (2 rows)

--- Q21 ---
  DuckDB       2853.14 ms ±  0.00  (4009 rows)

--- Q16 ---
  DuckDB        227.51 ms ±  0.00  (27840 rows)

--- Q07 ---
  DuckDB       1114.05 ms ±  0.00  (4 rows)

--- Q14 ---
  DuckDB        961.41 ms ±  0.00  (1 rows)

--- Q15 ---
  DuckDB        491.13 ms ±  0.00  (1 rows)

--- Q09 ---
  DuckDB       2319.14 ms ±  0.00  (175 rows)

--- Q20 ---
  DuckDB       1019.06 ms ±  0.00  (1804 rows)

--- Q22 ---
  DuckDB        375.88 ms ±  0.00  (7 rows)

--- Q06 ---
  DuckDB        499.86 ms ±  0.00  (1 rows)

--- Q18 ---
  DuckDB       1800.88 ms ±  0.00  (624 rows)

--- Q17 ---
  DuckDB        839.01 ms ±  0.00  (1 rows)

--- Q08 ---
  DuckDB       1453.94 ms ±  0.00  (2 rows)

wrote bench-results/tput-rebaseline-2026-07-03/sf10-auto/duckdb/s100/batch-1/stream-51.md
