=== TPC-H 22 triangulation bench ===
    data:    /Users/ryanevans/RustroverProjects/ematix-flow/examples/tpch/data/sf10
    queries: 22 ([16, 22, 12, 5, 11, 7, 13, 1, 6, 15, 2, 3, 8, 21, 10, 4, 9, 20, 18, 19, 17, 14])
    trials:  1 (after 0 warmups)
    output:  bench-results/tput-rebaseline-2026-07-03/sf10-auto/duckdb/s100/batch-1/stream-92.md

    NOTE: single-invocation output is SMOKE-GRADE only. For win/loss
    claims use scripts/bench/strict_22q.sh / strict_ab.sh /
    strict_throughput.sh (see scripts/bench/README.md).

--- Q16 ---
  DuckDB        204.16 ms ±  0.00  (27840 rows)

--- Q22 ---
  DuckDB        352.71 ms ±  0.00  (7 rows)

--- Q12 ---
  DuckDB        857.03 ms ±  0.00  (2 rows)

--- Q05 ---
  DuckDB        830.47 ms ±  0.00  (5 rows)

--- Q11 ---
  DuckDB        226.02 ms ±  0.00  (8685 rows)

--- Q07 ---
  DuckDB       1018.90 ms ±  0.00  (4 rows)

--- Q13 ---
  DuckDB       1994.13 ms ±  0.00  (46 rows)

--- Q01 ---
  DuckDB       2182.41 ms ±  0.00  (4 rows)

--- Q06 ---
  DuckDB        432.58 ms ±  0.00  (1 rows)

--- Q15 ---
  DuckDB        536.05 ms ±  0.00  (1 rows)

--- Q02 ---
  DuckDB        128.33 ms ±  0.00  (4667 rows)

--- Q03 ---
  DuckDB        957.53 ms ±  0.00  (114003 rows)

--- Q08 ---
  DuckDB       1193.01 ms ±  0.00  (2 rows)

--- Q21 ---
  DuckDB       3109.79 ms ±  0.00  (4009 rows)

--- Q10 ---
  DuckDB       1655.66 ms ±  0.00  (381105 rows)

--- Q04 ---
  DuckDB        643.04 ms ±  0.00  (5 rows)

--- Q09 ---
  DuckDB       2369.17 ms ±  0.00  (175 rows)

--- Q20 ---
  DuckDB        834.40 ms ±  0.00  (1804 rows)

--- Q18 ---
  DuckDB       1526.95 ms ±  0.00  (624 rows)

--- Q19 ---
  DuckDB       1615.53 ms ±  0.00  (1 rows)

--- Q17 ---
  DuckDB       1098.14 ms ±  0.00  (1 rows)

--- Q14 ---
  DuckDB        919.45 ms ±  0.00  (1 rows)

wrote bench-results/tput-rebaseline-2026-07-03/sf10-auto/duckdb/s100/batch-1/stream-92.md
