=== TPC-H 22 triangulation bench ===
    data:    /Users/ryanevans/RustroverProjects/ematix-flow/examples/tpch/data/sf10
    queries: 22 ([19, 17, 7, 6, 12, 2, 16, 13, 22, 1, 11, 21, 5, 10, 8, 18, 9, 20, 15, 14, 4, 3])
    trials:  1 (after 0 warmups)
    output:  bench-results/tput-rebaseline-2026-07-03/sf10-auto/duckdb/s100/batch-1/stream-67.md

    NOTE: single-invocation output is SMOKE-GRADE only. For win/loss
    claims use scripts/bench/strict_22q.sh / strict_ab.sh /
    strict_throughput.sh (see scripts/bench/README.md).

--- Q19 ---
  DuckDB       1354.49 ms ±  0.00  (1 rows)

--- Q17 ---
  DuckDB       1240.70 ms ±  0.00  (1 rows)

--- Q07 ---
  DuckDB       1262.31 ms ±  0.00  (4 rows)

--- Q06 ---
  DuckDB        588.93 ms ±  0.00  (1 rows)

--- Q12 ---
  DuckDB        894.61 ms ±  0.00  (2 rows)

--- Q02 ---
  DuckDB        366.04 ms ±  0.00  (4667 rows)

--- Q16 ---
  DuckDB        416.10 ms ±  0.00  (27840 rows)

--- Q13 ---
  DuckDB       1781.89 ms ±  0.00  (46 rows)

--- Q22 ---
  DuckDB        512.74 ms ±  0.00  (7 rows)

--- Q01 ---
  DuckDB       2125.89 ms ±  0.00  (4 rows)

--- Q11 ---
  DuckDB        224.09 ms ±  0.00  (8685 rows)

--- Q21 ---
  DuckDB       3050.98 ms ±  0.00  (4009 rows)

--- Q05 ---
  DuckDB       1115.36 ms ±  0.00  (5 rows)

--- Q10 ---
  DuckDB       1818.66 ms ±  0.00  (381105 rows)

--- Q08 ---
  DuckDB       1340.96 ms ±  0.00  (2 rows)

--- Q18 ---
  DuckDB       1854.89 ms ±  0.00  (624 rows)

--- Q09 ---
  DuckDB       2007.54 ms ±  0.00  (175 rows)

--- Q20 ---
  DuckDB        857.23 ms ±  0.00  (1804 rows)

--- Q15 ---
  DuckDB        619.89 ms ±  0.00  (1 rows)

--- Q14 ---
  DuckDB        889.58 ms ±  0.00  (1 rows)

--- Q04 ---
  DuckDB        582.89 ms ±  0.00  (5 rows)

--- Q03 ---
  DuckDB        909.11 ms ±  0.00  (114003 rows)

wrote bench-results/tput-rebaseline-2026-07-03/sf10-auto/duckdb/s100/batch-1/stream-67.md
