=== TPC-H 22 triangulation bench ===
    data:    /Users/ryanevans/RustroverProjects/ematix-flow/examples/tpch/data/sf10
    queries: 22 ([14, 17, 22, 7, 21, 4, 11, 2, 16, 5, 1, 13, 18, 9, 20, 12, 10, 15, 8, 3, 6, 19])
    trials:  1 (after 0 warmups)
    output:  bench-results/tput-rebaseline-2026-07-03/sf10-auto/duckdb/s100/batch-1/stream-62.md

    NOTE: single-invocation output is SMOKE-GRADE only. For win/loss
    claims use scripts/bench/strict_22q.sh / strict_ab.sh /
    strict_throughput.sh (see scripts/bench/README.md).

--- Q14 ---
  DuckDB        942.17 ms ±  0.00  (1 rows)

--- Q17 ---
  DuckDB       1129.97 ms ±  0.00  (1 rows)

--- Q22 ---
  DuckDB        542.24 ms ±  0.00  (7 rows)

--- Q07 ---
  DuckDB        841.98 ms ±  0.00  (4 rows)

--- Q21 ---
  DuckDB       2604.25 ms ±  0.00  (4009 rows)

--- Q04 ---
  DuckDB        595.02 ms ±  0.00  (5 rows)

--- Q11 ---
  DuckDB        119.84 ms ±  0.00  (8685 rows)

--- Q02 ---
  DuckDB        383.41 ms ±  0.00  (4667 rows)

--- Q16 ---
  DuckDB        348.01 ms ±  0.00  (27840 rows)

--- Q05 ---
  DuckDB       1209.21 ms ±  0.00  (5 rows)

--- Q01 ---
  DuckDB       2230.28 ms ±  0.00  (4 rows)

--- Q13 ---
  DuckDB       1951.69 ms ±  0.00  (46 rows)

--- Q18 ---
  DuckDB       1562.96 ms ±  0.00  (624 rows)

--- Q09 ---
  DuckDB       2443.60 ms ±  0.00  (175 rows)

--- Q20 ---
  DuckDB       1156.84 ms ±  0.00  (1804 rows)

--- Q12 ---
  DuckDB        789.62 ms ±  0.00  (2 rows)

--- Q10 ---
  DuckDB       1730.16 ms ±  0.00  (381105 rows)

--- Q15 ---
  DuckDB        578.00 ms ±  0.00  (1 rows)

--- Q08 ---
  DuckDB       1268.52 ms ±  0.00  (2 rows)

--- Q03 ---
  DuckDB       1131.07 ms ±  0.00  (114003 rows)

--- Q06 ---
  DuckDB        512.74 ms ±  0.00  (1 rows)

--- Q19 ---
  DuckDB       1140.36 ms ±  0.00  (1 rows)

wrote bench-results/tput-rebaseline-2026-07-03/sf10-auto/duckdb/s100/batch-1/stream-62.md
