=== TPC-H 22 triangulation bench ===
    data:    /Users/ryanevans/RustroverProjects/ematix-flow/examples/tpch/data/sf10
    queries: 22 ([21, 14, 13, 22, 7, 18, 4, 20, 17, 15, 6, 12, 8, 10, 11, 5, 1, 2, 9, 16, 3, 19])
    trials:  1 (after 0 warmups)
    output:  bench-results/tput-rebaseline-2026-07-03/sf10-auto/duckdb/s100/batch-1/stream-6.md

    NOTE: single-invocation output is SMOKE-GRADE only. For win/loss
    claims use scripts/bench/strict_22q.sh / strict_ab.sh /
    strict_throughput.sh (see scripts/bench/README.md).

--- Q21 ---
  DuckDB       2818.46 ms ±  0.00  (4009 rows)

--- Q14 ---
  DuckDB       1023.53 ms ±  0.00  (1 rows)

--- Q13 ---
  DuckDB       2187.18 ms ±  0.00  (46 rows)

--- Q22 ---
  DuckDB        199.95 ms ±  0.00  (7 rows)

--- Q07 ---
  DuckDB       1004.10 ms ±  0.00  (4 rows)

--- Q18 ---
  DuckDB       1740.87 ms ±  0.00  (624 rows)

--- Q04 ---
  DuckDB        631.62 ms ±  0.00  (5 rows)

--- Q20 ---
  DuckDB       1267.75 ms ±  0.00  (1804 rows)

--- Q17 ---
  DuckDB       1218.28 ms ±  0.00  (1 rows)

--- Q15 ---
  DuckDB        521.90 ms ±  0.00  (1 rows)

--- Q06 ---
  DuckDB        566.56 ms ±  0.00  (1 rows)

--- Q12 ---
  DuckDB        752.63 ms ±  0.00  (2 rows)

--- Q08 ---
  DuckDB       1384.94 ms ±  0.00  (2 rows)

--- Q10 ---
  DuckDB       1980.98 ms ±  0.00  (381105 rows)

--- Q11 ---
  DuckDB        318.99 ms ±  0.00  (8685 rows)

--- Q05 ---
  DuckDB        953.80 ms ±  0.00  (5 rows)

--- Q01 ---
  DuckDB       2338.97 ms ±  0.00  (4 rows)

--- Q02 ---
  DuckDB        341.99 ms ±  0.00  (4667 rows)

--- Q09 ---
  DuckDB       2609.95 ms ±  0.00  (175 rows)

--- Q16 ---
  DuckDB        400.31 ms ±  0.00  (27840 rows)

--- Q03 ---
  DuckDB       1092.06 ms ±  0.00  (114003 rows)

--- Q19 ---
  DuckDB       1364.21 ms ±  0.00  (1 rows)

wrote bench-results/tput-rebaseline-2026-07-03/sf10-auto/duckdb/s100/batch-1/stream-6.md
