=== TPC-H 22 triangulation bench ===
    data:    /Users/ryanevans/RustroverProjects/ematix-flow/examples/tpch/data/sf10
    queries: 22 ([3, 4, 18, 14, 1, 11, 9, 12, 16, 10, 8, 13, 5, 6, 17, 15, 22, 2, 20, 21, 7, 19])
    trials:  1 (after 0 warmups)
    output:  bench-results/tput-rebaseline-2026-07-03/sf10-auto/duckdb/s100/batch-1/stream-58.md

    NOTE: single-invocation output is SMOKE-GRADE only. For win/loss
    claims use scripts/bench/strict_22q.sh / strict_ab.sh /
    strict_throughput.sh (see scripts/bench/README.md).

--- Q03 ---
  DuckDB        873.94 ms ±  0.00  (114003 rows)

--- Q04 ---
  DuckDB        874.06 ms ±  0.00  (5 rows)

--- Q18 ---
  DuckDB       1578.74 ms ±  0.00  (624 rows)

--- Q14 ---
  DuckDB       1107.12 ms ±  0.00  (1 rows)

--- Q01 ---
  DuckDB       2062.20 ms ±  0.00  (4 rows)

--- Q11 ---
  DuckDB         89.57 ms ±  0.00  (8685 rows)

--- Q09 ---
  DuckDB       2238.56 ms ±  0.00  (175 rows)

--- Q12 ---
  DuckDB        822.11 ms ±  0.00  (2 rows)

--- Q16 ---
  DuckDB        464.29 ms ±  0.00  (27840 rows)

--- Q10 ---
  DuckDB       1815.61 ms ±  0.00  (381105 rows)

--- Q08 ---
  DuckDB       1256.36 ms ±  0.00  (2 rows)

--- Q13 ---
  DuckDB       1906.51 ms ±  0.00  (46 rows)

--- Q05 ---
  DuckDB       1153.82 ms ±  0.00  (5 rows)

--- Q06 ---
  DuckDB        537.66 ms ±  0.00  (1 rows)

--- Q17 ---
  DuckDB        923.07 ms ±  0.00  (1 rows)

--- Q15 ---
  DuckDB        548.68 ms ±  0.00  (1 rows)

--- Q22 ---
  DuckDB        445.25 ms ±  0.00  (7 rows)

--- Q02 ---
  DuckDB        299.07 ms ±  0.00  (4667 rows)

--- Q20 ---
  DuckDB        766.63 ms ±  0.00  (1804 rows)

--- Q21 ---
  DuckDB       2875.33 ms ±  0.00  (4009 rows)

--- Q07 ---
  DuckDB        991.43 ms ±  0.00  (4 rows)

--- Q19 ---
  DuckDB       1348.08 ms ±  0.00  (1 rows)

wrote bench-results/tput-rebaseline-2026-07-03/sf10-auto/duckdb/s100/batch-1/stream-58.md
