=== TPC-H 22 triangulation bench ===
    data:    /Users/ryanevans/RustroverProjects/ematix-flow/examples/tpch/data/sf10
    queries: 22 ([20, 6, 14, 10, 21, 22, 12, 13, 1, 17, 2, 18, 7, 11, 8, 15, 16, 4, 9, 3, 19, 5])
    trials:  1 (after 0 warmups)
    output:  /Users/ryanevans/RustroverProjects/ematix-flow/bench-results/campaign-2026-07-01/tput-sf10/duckdb/s1/batch-2/stream-1.md

    NOTE: single-invocation output is SMOKE-GRADE only. For win/loss
    claims use scripts/bench/strict_22q.sh / strict_ab.sh /
    strict_throughput.sh (see scripts/bench/README.md).

--- Q20 ---
  DuckDB        137.51 ms ±  0.00  (1804 rows)

--- Q06 ---
  DuckDB         72.06 ms ±  0.00  (1 rows)

--- Q14 ---
  DuckDB        126.03 ms ±  0.00  (1 rows)

--- Q10 ---
  DuckDB        227.20 ms ±  0.00  (381105 rows)

--- Q21 ---
  DuckDB        363.75 ms ±  0.00  (4009 rows)

--- Q22 ---
  DuckDB         50.43 ms ±  0.00  (7 rows)

--- Q12 ---
  DuckDB        106.18 ms ±  0.00  (2 rows)

--- Q13 ---
  DuckDB        231.02 ms ±  0.00  (46 rows)

--- Q01 ---
  DuckDB        244.57 ms ±  0.00  (4 rows)

--- Q17 ---
  DuckDB        146.39 ms ±  0.00  (1 rows)

--- Q02 ---
  DuckDB         40.60 ms ±  0.00  (4667 rows)

--- Q18 ---
  DuckDB        203.89 ms ±  0.00  (624 rows)

--- Q07 ---
  DuckDB        135.59 ms ±  0.00  (4 rows)

--- Q11 ---
  DuckDB         26.64 ms ±  0.00  (8685 rows)

--- Q08 ---
  DuckDB        157.24 ms ±  0.00  (2 rows)

--- Q15 ---
  DuckDB         79.21 ms ±  0.00  (1 rows)

--- Q16 ---
  DuckDB         58.01 ms ±  0.00  (27840 rows)

--- Q04 ---
  DuckDB         82.34 ms ±  0.00  (5 rows)

--- Q09 ---
  DuckDB        285.17 ms ±  0.00  (175 rows)

--- Q03 ---
  DuckDB        137.73 ms ±  0.00  (114003 rows)

--- Q19 ---
  DuckDB        227.06 ms ±  0.00  (1 rows)

--- Q05 ---
  DuckDB        129.26 ms ±  0.00  (5 rows)

wrote /Users/ryanevans/RustroverProjects/ematix-flow/bench-results/campaign-2026-07-01/tput-sf10/duckdb/s1/batch-2/stream-1.md
