=== TPC-H 22 triangulation bench ===
    data:    /Users/ryanevans/RustroverProjects/ematix-flow/examples/tpch/data/sf100
    queries: 22 ([22, 12, 11, 19, 21, 15, 18, 6, 20, 14, 17, 9, 7, 1, 2, 3, 5, 16, 13, 4, 10, 8])
    trials:  1 (after 0 warmups)
    output:  /Users/ryanevans/RustroverProjects/ematix-flow/bench-results/campaign-2026-07-01/tput-sf100/duckdb/s10/batch-2/stream-4.md

    NOTE: single-invocation output is SMOKE-GRADE only. For win/loss
    claims use scripts/bench/strict_22q.sh / strict_ab.sh /
    strict_throughput.sh (see scripts/bench/README.md).

--- Q22 ---
  DuckDB       1411.31 ms ±  0.00  (7 rows)

--- Q12 ---
  DuckDB       4010.72 ms ±  0.00  (2 rows)

--- Q11 ---
  DuckDB        578.61 ms ±  0.00  (92698 rows)

--- Q19 ---
  DuckDB       5177.65 ms ±  0.00  (1 rows)

--- Q21 ---
  DuckDB       11509.63 ms ±  0.00  (39950 rows)

--- Q15 ---
  DuckDB       3856.12 ms ±  0.00  (1 rows)

--- Q18 ---
  DuckDB       6971.68 ms ±  0.00  (6398 rows)

--- Q06 ---
  DuckDB       3585.87 ms ±  0.00  (1 rows)

--- Q20 ---
  DuckDB       5667.41 ms ±  0.00  (17971 rows)

--- Q14 ---
  DuckDB       7237.59 ms ±  0.00  (1 rows)

--- Q17 ---
  DuckDB       3731.37 ms ±  0.00  (1 rows)

--- Q09 ---
  DuckDB       12932.88 ms ±  0.00  (175 rows)

--- Q07 ---
  DuckDB       7036.68 ms ±  0.00  (4 rows)

--- Q01 ---
  DuckDB       7983.22 ms ±  0.00  (4 rows)

--- Q02 ---
  DuckDB       1024.49 ms ±  0.00  (47107 rows)

--- Q03 ---
  DuckDB       4949.29 ms ±  0.00  (1131041 rows)

--- Q05 ---
  DuckDB       4944.21 ms ±  0.00  (5 rows)

--- Q16 ---
  DuckDB       1179.02 ms ±  0.00  (27840 rows)

--- Q13 ---
  DuckDB       5440.73 ms ±  0.00  (45 rows)

--- Q04 ---
  DuckDB       8295.72 ms ±  0.00  (5 rows)

--- Q10 ---
  DuckDB       12265.82 ms ±  0.00  (3884218 rows)

--- Q08 ---
  DuckDB       8388.21 ms ±  0.00  (2 rows)

wrote /Users/ryanevans/RustroverProjects/ematix-flow/bench-results/campaign-2026-07-01/tput-sf100/duckdb/s10/batch-2/stream-4.md
