=== TPC-H 22 triangulation bench ===
    data:    /Users/ryanevans/RustroverProjects/ematix-flow/examples/tpch/data/sf100
    queries: 22 ([21, 14, 13, 22, 7, 18, 4, 20, 17, 15, 6, 12, 8, 10, 11, 5, 1, 2, 9, 16, 3, 19])
    trials:  1 (after 0 warmups)
    output:  /Users/ryanevans/RustroverProjects/ematix-flow/bench-results/campaign-2026-07-01/tput-sf100/duckdb/s10/batch-2/stream-6.md

    NOTE: single-invocation output is SMOKE-GRADE only. For win/loss
    claims use scripts/bench/strict_22q.sh / strict_ab.sh /
    strict_throughput.sh (see scripts/bench/README.md).

--- Q21 ---
  DuckDB       11725.02 ms ±  0.00  (39950 rows)

--- Q14 ---
  DuckDB       4551.08 ms ±  0.00  (1 rows)

--- Q13 ---
  DuckDB       6401.78 ms ±  0.00  (45 rows)

--- Q22 ---
  DuckDB       1305.19 ms ±  0.00  (7 rows)

--- Q07 ---
  DuckDB       5115.16 ms ±  0.00  (4 rows)

--- Q18 ---
  DuckDB       6334.34 ms ±  0.00  (6398 rows)

--- Q04 ---
  DuckDB       4174.57 ms ±  0.00  (5 rows)

--- Q20 ---
  DuckDB       6050.21 ms ±  0.00  (17971 rows)

--- Q17 ---
  DuckDB       6945.28 ms ±  0.00  (1 rows)

--- Q15 ---
  DuckDB       6601.95 ms ±  0.00  (1 rows)

--- Q06 ---
  DuckDB       3794.47 ms ±  0.00  (1 rows)

--- Q12 ---
  DuckDB       5905.08 ms ±  0.00  (2 rows)

--- Q08 ---
  DuckDB       8996.90 ms ±  0.00  (2 rows)

--- Q10 ---
  DuckDB       6235.55 ms ±  0.00  (3884218 rows)

--- Q11 ---
  DuckDB        496.76 ms ±  0.00  (92698 rows)

--- Q05 ---
  DuckDB       4413.48 ms ±  0.00  (5 rows)

--- Q01 ---
  DuckDB       7522.11 ms ±  0.00  (4 rows)

--- Q02 ---
  DuckDB       1172.73 ms ±  0.00  (47107 rows)

--- Q09 ---
  DuckDB       22490.29 ms ±  0.00  (175 rows)

--- Q16 ---
  DuckDB        923.11 ms ±  0.00  (27840 rows)

--- Q03 ---
  DuckDB       6896.57 ms ±  0.00  (1131041 rows)

--- Q19 ---
  DuckDB       5316.93 ms ±  0.00  (1 rows)

wrote /Users/ryanevans/RustroverProjects/ematix-flow/bench-results/campaign-2026-07-01/tput-sf100/duckdb/s10/batch-2/stream-6.md
