=== TPC-H 22 triangulation bench ===
    data:    /Users/ryanevans/RustroverProjects/ematix-flow/examples/tpch/data/sf100
    queries: 22 ([4, 13, 6, 17, 21, 10, 12, 22, 9, 18, 3, 11, 5, 8, 20, 15, 7, 1, 16, 14, 2, 19])
    trials:  1 (after 0 warmups)
    output:  bench-results/tput-rebaseline-2026-07-03/sf100-auto/duckdb/s10/batch-4/stream-10.md

    NOTE: single-invocation output is SMOKE-GRADE only. For win/loss
    claims use scripts/bench/strict_22q.sh / strict_ab.sh /
    strict_throughput.sh (see scripts/bench/README.md).

--- Q04 ---
  DuckDB       2720.98 ms ±  0.00  (5 rows)

--- Q13 ---
  DuckDB       4829.40 ms ±  0.00  (45 rows)

--- Q06 ---
  DuckDB       3548.97 ms ±  0.00  (1 rows)

--- Q17 ---
  DuckDB       2785.07 ms ±  0.00  (1 rows)

--- Q21 ---
  DuckDB       5055.07 ms ±  0.00  (39950 rows)

--- Q10 ---
  DuckDB       2423.98 ms ±  0.00  (3884218 rows)

--- Q12 ---
  DuckDB       1280.36 ms ±  0.00  (2 rows)

--- Q22 ---
  DuckDB        579.17 ms ±  0.00  (7 rows)

--- Q09 ---
  DuckDB       3730.29 ms ±  0.00  (175 rows)

--- Q18 ---
  DuckDB       2489.86 ms ±  0.00  (6398 rows)

--- Q03 ---
  DuckDB       1722.22 ms ±  0.00  (1131041 rows)

--- Q11 ---
  DuckDB        323.23 ms ±  0.00  (92698 rows)

--- Q05 ---
  DuckDB       1573.63 ms ±  0.00  (5 rows)

--- Q08 ---
  DuckDB       2191.41 ms ±  0.00  (2 rows)

--- Q20 ---
  DuckDB       1277.10 ms ±  0.00  (17971 rows)

--- Q15 ---
  DuckDB        978.41 ms ±  0.00  (1 rows)

--- Q07 ---
  DuckDB       1654.90 ms ±  0.00  (4 rows)

--- Q01 ---
  DuckDB       2638.84 ms ±  0.00  (4 rows)

--- Q16 ---
  DuckDB        386.09 ms ±  0.00  (27840 rows)

--- Q14 ---
  DuckDB       1028.36 ms ±  0.00  (1 rows)

--- Q02 ---
  DuckDB        303.24 ms ±  0.00  (47107 rows)

--- Q19 ---
  DuckDB       1681.57 ms ±  0.00  (1 rows)

wrote bench-results/tput-rebaseline-2026-07-03/sf100-auto/duckdb/s10/batch-4/stream-10.md
