=== TPC-H 22 triangulation bench ===
    data:    /Users/ryanevans/RustroverProjects/ematix-flow/examples/tpch/data/sf100
    queries: 22 ([21, 14, 13, 22, 7, 18, 4, 20, 17, 15, 6, 12, 8, 10, 11, 5, 1, 2, 9, 16, 3, 19])
    trials:  1 (after 0 warmups)
    output:  bench-results/tput-rebaseline-2026-07-03/sf100-auto/duckdb/s10/batch-4/stream-6.md

    NOTE: single-invocation output is SMOKE-GRADE only. For win/loss
    claims use scripts/bench/strict_22q.sh / strict_ab.sh /
    strict_throughput.sh (see scripts/bench/README.md).

--- Q21 ---
  DuckDB       12042.79 ms ±  0.00  (39950 rows)

--- Q14 ---
  DuckDB       4324.96 ms ±  0.00  (1 rows)

--- Q13 ---
  DuckDB       5466.64 ms ±  0.00  (45 rows)

--- Q22 ---
  DuckDB       1723.50 ms ±  0.00  (7 rows)

--- Q07 ---
  DuckDB       5658.84 ms ±  0.00  (4 rows)

--- Q18 ---
  DuckDB       5497.95 ms ±  0.00  (6398 rows)

--- Q04 ---
  DuckDB       3617.55 ms ±  0.00  (5 rows)

--- Q20 ---
  DuckDB       4948.66 ms ±  0.00  (17971 rows)

--- Q17 ---
  DuckDB       5026.72 ms ±  0.00  (1 rows)

--- Q15 ---
  DuckDB       6512.75 ms ±  0.00  (1 rows)

--- Q06 ---
  DuckDB       3799.72 ms ±  0.00  (1 rows)

--- Q12 ---
  DuckDB       5168.42 ms ±  0.00  (2 rows)

--- Q08 ---
  DuckDB       7606.76 ms ±  0.00  (2 rows)

--- Q10 ---
  DuckDB       5900.22 ms ±  0.00  (3884218 rows)

--- Q11 ---
  DuckDB        639.62 ms ±  0.00  (92698 rows)

--- Q05 ---
  DuckDB       4457.43 ms ±  0.00  (5 rows)

--- Q01 ---
  DuckDB       7060.08 ms ±  0.00  (4 rows)

--- Q02 ---
  DuckDB        830.34 ms ±  0.00  (47107 rows)

--- Q09 ---
  DuckDB       29542.53 ms ±  0.00  (175 rows)

--- Q16 ---
  DuckDB        938.92 ms ±  0.00  (27840 rows)

--- Q03 ---
  DuckDB       4474.46 ms ±  0.00  (1131041 rows)

--- Q19 ---
  DuckDB       6407.78 ms ±  0.00  (1 rows)

wrote bench-results/tput-rebaseline-2026-07-03/sf100-auto/duckdb/s10/batch-4/stream-6.md
