=== TPC-H 22 triangulation bench ===
    data:    /Users/ryanevans/RustroverProjects/ematix-flow/examples/tpch/data/sf100
    queries: 22 ([13, 18, 3, 7, 11, 4, 21, 16, 14, 22, 2, 10, 8, 19, 17, 1, 6, 5, 9, 12, 20, 15])
    trials:  1 (after 0 warmups)
    output:  bench-results/tput-rebaseline-2026-07-03/sf100-auto/duckdb/s10/batch-4/stream-9.md

    NOTE: single-invocation output is SMOKE-GRADE only. For win/loss
    claims use scripts/bench/strict_22q.sh / strict_ab.sh /
    strict_throughput.sh (see scripts/bench/README.md).

--- Q13 ---
  DuckDB       5542.03 ms ±  0.00  (45 rows)

--- Q18 ---
  DuckDB       7262.04 ms ±  0.00  (6398 rows)

--- Q03 ---
  DuckDB       7166.53 ms ±  0.00  (1131041 rows)

--- Q07 ---
  DuckDB       4797.97 ms ±  0.00  (4 rows)

--- Q11 ---
  DuckDB        953.05 ms ±  0.00  (92698 rows)

--- Q04 ---
  DuckDB       3580.02 ms ±  0.00  (5 rows)

--- Q21 ---
  DuckDB       12764.66 ms ±  0.00  (39950 rows)

--- Q16 ---
  DuckDB        977.48 ms ±  0.00  (27840 rows)

--- Q14 ---
  DuckDB       2989.00 ms ±  0.00  (1 rows)

--- Q22 ---
  DuckDB       1621.76 ms ±  0.00  (7 rows)

--- Q02 ---
  DuckDB        856.64 ms ±  0.00  (47107 rows)

--- Q10 ---
  DuckDB       10085.07 ms ±  0.00  (3884218 rows)

--- Q08 ---
  DuckDB       10174.99 ms ±  0.00  (2 rows)

--- Q19 ---
  DuckDB       9992.95 ms ±  0.00  (1 rows)

--- Q17 ---
  DuckDB       4573.14 ms ±  0.00  (1 rows)

--- Q01 ---
  DuckDB       6662.61 ms ±  0.00  (4 rows)

--- Q06 ---
  DuckDB       2093.09 ms ±  0.00  (1 rows)

--- Q05 ---
  DuckDB       5250.10 ms ±  0.00  (5 rows)

--- Q09 ---
  DuckDB       24176.63 ms ±  0.00  (175 rows)

--- Q12 ---
  DuckDB       4950.00 ms ±  0.00  (2 rows)

--- Q20 ---
  DuckDB       6235.15 ms ±  0.00  (17971 rows)

--- Q15 ---
  DuckDB       3706.77 ms ±  0.00  (1 rows)

wrote bench-results/tput-rebaseline-2026-07-03/sf100-auto/duckdb/s10/batch-4/stream-9.md
