=== TPC-H 22 triangulation bench ===
    data:    /Users/ryanevans/RustroverProjects/ematix-flow/examples/tpch/data/sf10
    queries: 22 ([6, 18, 21, 16, 8, 15, 22, 20, 7, 19, 14, 17, 9, 1, 10, 12, 4, 3, 2, 13, 5, 11])
    trials:  1 (after 0 warmups)
    output:  bench-results/sched-diag-2026-07-03/p3/ematix/s10/batch-3/stream-7.md

    NOTE: single-invocation output is SMOKE-GRADE only. For win/loss
    claims use scripts/bench/strict_22q.sh / strict_ab.sh /
    strict_throughput.sh (see scripts/bench/README.md).

--- Q06 ---
  ematix-flow   222.18 ms ±  0.00  (1 rows)

--- Q18 ---
  ematix-flow  2491.14 ms ±  0.00  (624 rows)

--- Q21 ---
  ematix-flow  2763.31 ms ±  0.00  (4009 rows)

--- Q16 ---
  ematix-flow   550.08 ms ±  0.00  (27840 rows)

--- Q08 ---
  ematix-flow  1063.29 ms ±  0.00  (2 rows)

--- Q15 ---
  ematix-flow   473.04 ms ±  0.00  (1 rows)

--- Q22 ---
  ematix-flow   403.22 ms ±  0.00  (7 rows)

--- Q20 ---
  ematix-flow  1141.23 ms ±  0.00  (1804 rows)

--- Q07 ---
  ematix-flow   747.70 ms ±  0.00  (4 rows)

--- Q19 ---
  ematix-flow   421.80 ms ±  0.00  (1 rows)

--- Q14 ---
  ematix-flow   228.78 ms ±  0.00  (1 rows)

--- Q17 ---
  ematix-flow   932.01 ms ±  0.00  (1 rows)

--- Q09 ---
  ematix-flow  3666.74 ms ±  0.00  (175 rows)

--- Q01 ---
  ematix-flow  3768.65 ms ±  0.00  (4 rows)

--- Q10 ---
  ematix-flow  1924.89 ms ±  0.00  (381105 rows)

--- Q12 ---
  ematix-flow   895.29 ms ±  0.00  (2 rows)

--- Q04 ---
  ematix-flow  1238.19 ms ±  0.00  (5 rows)

--- Q03 ---
  ematix-flow  1413.76 ms ±  0.00  (114003 rows)

--- Q02 ---
  ematix-flow   307.02 ms ±  0.00  (4667 rows)

--- Q13 ---
  ematix-flow  1882.00 ms ±  0.00  (46 rows)

--- Q05 ---
  ematix-flow  1293.36 ms ±  0.00  (5 rows)

--- Q11 ---
  ematix-flow   127.41 ms ±  0.00  (8685 rows)

wrote bench-results/sched-diag-2026-07-03/p3/ematix/s10/batch-3/stream-7.md
