=== TPC-H 22 triangulation bench ===
    data:    /Users/ryanevans/RustroverProjects/ematix-flow/examples/tpch/data/sf10
    queries: 22 ([2, 14, 17, 6, 11, 7, 20, 13, 15, 4, 9, 21, 22, 1, 10, 3, 16, 12, 5, 18, 19, 8])
    trials:  1 (after 0 warmups)
    output:  bench-results/sched-diag-2026-07-03/p3/ematix/s10/batch-3/stream-3.md

    NOTE: single-invocation output is SMOKE-GRADE only. For win/loss
    claims use scripts/bench/strict_22q.sh / strict_ab.sh /
    strict_throughput.sh (see scripts/bench/README.md).

--- Q02 ---
  ematix-flow    68.38 ms ±  0.00  (4667 rows)

--- Q14 ---
  ematix-flow   203.95 ms ±  0.00  (1 rows)

--- Q17 ---
  ematix-flow   608.88 ms ±  0.00  (1 rows)

--- Q06 ---
  ematix-flow   206.55 ms ±  0.00  (1 rows)

--- Q11 ---
  ematix-flow   225.83 ms ±  0.00  (8685 rows)

--- Q07 ---
  ematix-flow   900.05 ms ±  0.00  (4 rows)

--- Q20 ---
  ematix-flow   919.56 ms ±  0.00  (1804 rows)

--- Q13 ---
  ematix-flow  1315.93 ms ±  0.00  (46 rows)

--- Q15 ---
  ematix-flow   364.59 ms ±  0.00  (1 rows)

--- Q04 ---
  ematix-flow  1008.90 ms ±  0.00  (5 rows)

--- Q09 ---
  ematix-flow  3139.99 ms ±  0.00  (175 rows)

--- Q21 ---
  ematix-flow  3449.48 ms ±  0.00  (4009 rows)

--- Q22 ---
  ematix-flow   420.82 ms ±  0.00  (7 rows)

--- Q01 ---
  ematix-flow  3930.58 ms ±  0.00  (4 rows)

--- Q10 ---
  ematix-flow  2269.31 ms ±  0.00  (381105 rows)

--- Q03 ---
  ematix-flow  1512.83 ms ±  0.00  (114003 rows)

--- Q16 ---
  ematix-flow   467.00 ms ±  0.00  (27840 rows)

--- Q12 ---
  ematix-flow   784.88 ms ±  0.00  (2 rows)

--- Q05 ---
  ematix-flow  1371.02 ms ±  0.00  (5 rows)

--- Q18 ---
  ematix-flow  5425.88 ms ±  0.00  (624 rows)

--- Q19 ---
  ematix-flow   510.45 ms ±  0.00  (1 rows)

--- Q08 ---
  ematix-flow   808.10 ms ±  0.00  (2 rows)

wrote bench-results/sched-diag-2026-07-03/p3/ematix/s10/batch-3/stream-3.md
