=== TPC-H 22 triangulation bench ===
    data:    /Users/ryanevans/RustroverProjects/ematix-flow/examples/tpch/data/sf10
    queries: 22 ([22, 12, 11, 19, 21, 15, 18, 6, 20, 14, 17, 9, 7, 1, 2, 3, 5, 16, 13, 4, 10, 8])
    trials:  1 (after 0 warmups)
    output:  bench-results/tput-rebaseline-2026-07-03/sf10-s10-legacy/ematix/s10/batch-2/stream-4.md

    NOTE: single-invocation output is SMOKE-GRADE only. For win/loss
    claims use scripts/bench/strict_22q.sh / strict_ab.sh /
    strict_throughput.sh (see scripts/bench/README.md).

--- Q22 ---
  ematix-flow   251.03 ms ±  0.00  (7 rows)

--- Q12 ---
  ematix-flow   404.54 ms ±  0.00  (2 rows)

--- Q11 ---
  ematix-flow   234.23 ms ±  0.00  (8685 rows)

--- Q19 ---
  ematix-flow   682.62 ms ±  0.00  (1 rows)

--- Q21 ---
  ematix-flow  7829.25 ms ±  0.00  (4009 rows)

--- Q15 ---
  ematix-flow   954.30 ms ±  0.00  (1 rows)

--- Q18 ---
  ematix-flow  7631.26 ms ±  0.00  (624 rows)

--- Q06 ---
  ematix-flow  1943.83 ms ±  0.00  (1 rows)

--- Q20 ---
  ematix-flow  3549.43 ms ±  0.00  (1804 rows)

--- Q14 ---
  ematix-flow   791.56 ms ±  0.00  (1 rows)

--- Q17 ---
  ematix-flow  2701.85 ms ±  0.00  (1 rows)

--- Q09 ---
  ematix-flow  18879.43 ms ±  0.00  (175 rows)

--- Q07 ---
  ematix-flow  4468.39 ms ±  0.00  (4 rows)

--- Q01 ---
  ematix-flow  3800.62 ms ±  0.00  (4 rows)

--- Q02 ---
  ematix-flow   746.64 ms ±  0.00  (4667 rows)

--- Q03 ---
  ematix-flow  4567.73 ms ±  0.00  (114003 rows)

--- Q05 ---
  ematix-flow  3758.05 ms ±  0.00  (5 rows)

--- Q16 ---
  ematix-flow   938.12 ms ±  0.00  (27840 rows)

--- Q13 ---
  ematix-flow  5410.97 ms ±  0.00  (46 rows)

--- Q04 ---
  ematix-flow  1787.67 ms ±  0.00  (5 rows)

--- Q10 ---
  ematix-flow  4073.11 ms ±  0.00  (381105 rows)

--- Q08 ---
  ematix-flow   858.40 ms ±  0.00  (2 rows)

wrote bench-results/tput-rebaseline-2026-07-03/sf10-s10-legacy/ematix/s10/batch-2/stream-4.md
