=== TPC-H 22 triangulation bench ===
    data:    /Users/ryanevans/RustroverProjects/ematix-flow/examples/tpch/data/sf10
    queries: 22 ([21, 14, 13, 22, 7, 18, 4, 20, 17, 15, 6, 12, 8, 10, 11, 5, 1, 2, 9, 16, 3, 19])
    trials:  1 (after 0 warmups)
    output:  bench-results/tput-rebaseline-2026-07-03/sf10-s10-legacy/ematix/s10/batch-2/stream-6.md

    NOTE: single-invocation output is SMOKE-GRADE only. For win/loss
    claims use scripts/bench/strict_22q.sh / strict_ab.sh /
    strict_throughput.sh (see scripts/bench/README.md).

--- Q21 ---
  ematix-flow  4252.34 ms ±  0.00  (4009 rows)

--- Q14 ---
  ematix-flow   374.56 ms ±  0.00  (1 rows)

--- Q13 ---
  ematix-flow  4321.53 ms ±  0.00  (46 rows)

--- Q22 ---
  ematix-flow  1693.36 ms ±  0.00  (7 rows)

--- Q07 ---
  ematix-flow  3450.13 ms ±  0.00  (4 rows)

--- Q18 ---
  ematix-flow  6831.27 ms ±  0.00  (624 rows)

--- Q04 ---
  ematix-flow  1850.63 ms ±  0.00  (5 rows)

--- Q20 ---
  ematix-flow  3150.86 ms ±  0.00  (1804 rows)

--- Q17 ---
  ematix-flow  4257.78 ms ±  0.00  (1 rows)

--- Q15 ---
  ematix-flow  1354.50 ms ±  0.00  (1 rows)

--- Q06 ---
  ematix-flow  2975.12 ms ±  0.00  (1 rows)

--- Q12 ---
  ematix-flow  2328.39 ms ±  0.00  (2 rows)

--- Q08 ---
  ematix-flow  6806.50 ms ±  0.00  (2 rows)

--- Q10 ---
  ematix-flow  7406.95 ms ±  0.00  (381105 rows)

--- Q11 ---
  ematix-flow   581.58 ms ±  0.00  (8685 rows)

--- Q05 ---
  ematix-flow  2877.79 ms ±  0.00  (5 rows)

--- Q01 ---
  ematix-flow  4812.94 ms ±  0.00  (4 rows)

--- Q02 ---
  ematix-flow  1348.65 ms ±  0.00  (4667 rows)

--- Q09 ---
  ematix-flow  13737.00 ms ±  0.00  (175 rows)

--- Q16 ---
  ematix-flow   759.94 ms ±  0.00  (27840 rows)

--- Q03 ---
  ematix-flow   799.61 ms ±  0.00  (114003 rows)

--- Q19 ---
  ematix-flow   405.32 ms ±  0.00  (1 rows)

wrote bench-results/tput-rebaseline-2026-07-03/sf10-s10-legacy/ematix/s10/batch-2/stream-6.md
