=== TPC-H 22 triangulation bench ===
    data:    /Users/ryanevans/RustroverProjects/ematix-flow/examples/tpch/data/sf10
    queries: 22 ([19, 22, 14, 11, 5, 18, 8, 16, 7, 20, 13, 1, 15, 4, 17, 9, 10, 6, 12, 21, 3, 2])
    trials:  1 (after 0 warmups)
    output:  bench-results/tput-rebaseline-2026-07-03/sf10-s10-legacy/ematix/s10/batch-2/stream-2.md

    NOTE: single-invocation output is SMOKE-GRADE only. For win/loss
    claims use scripts/bench/strict_22q.sh / strict_ab.sh /
    strict_throughput.sh (see scripts/bench/README.md).

--- Q19 ---
  ematix-flow   209.49 ms ±  0.00  (1 rows)

--- Q22 ---
  ematix-flow   248.67 ms ±  0.00  (7 rows)

--- Q14 ---
  ematix-flow   372.52 ms ±  0.00  (1 rows)

--- Q11 ---
  ematix-flow   131.13 ms ±  0.00  (8685 rows)

--- Q05 ---
  ematix-flow  1171.01 ms ±  0.00  (5 rows)

--- Q18 ---
  ematix-flow  6613.08 ms ±  0.00  (624 rows)

--- Q08 ---
  ematix-flow  4433.59 ms ±  0.00  (2 rows)

--- Q16 ---
  ematix-flow  1149.81 ms ±  0.00  (27840 rows)

--- Q07 ---
  ematix-flow  2827.86 ms ±  0.00  (4 rows)

--- Q20 ---
  ematix-flow  2785.32 ms ±  0.00  (1804 rows)

--- Q13 ---
  ematix-flow  3462.42 ms ±  0.00  (46 rows)

--- Q01 ---
  ematix-flow  4395.66 ms ±  0.00  (4 rows)

--- Q15 ---
  ematix-flow   654.27 ms ±  0.00  (1 rows)

--- Q04 ---
  ematix-flow  1950.39 ms ±  0.00  (5 rows)

--- Q17 ---
  ematix-flow  3923.37 ms ±  0.00  (1 rows)

--- Q09 ---
  ematix-flow  19638.48 ms ±  0.00  (175 rows)

--- Q10 ---
  ematix-flow  8263.22 ms ±  0.00  (381105 rows)

--- Q06 ---
  ematix-flow  3115.56 ms ±  0.00  (1 rows)

--- Q12 ---
  ematix-flow  1389.48 ms ±  0.00  (2 rows)

--- Q21 ---
  ematix-flow  9627.11 ms ±  0.00  (4009 rows)

--- Q03 ---
  ematix-flow   754.51 ms ±  0.00  (114003 rows)

--- Q02 ---
  ematix-flow   230.23 ms ±  0.00  (4667 rows)

wrote bench-results/tput-rebaseline-2026-07-03/sf10-s10-legacy/ematix/s10/batch-2/stream-2.md
