=== TPC-H 22 triangulation bench ===
    data:    /Users/ryanevans/RustroverProjects/ematix-flow/examples/tpch/data/sf10
    queries: 22 ([9, 19, 10, 16, 7, 15, 6, 20, 8, 22, 5, 21, 13, 1, 18, 2, 17, 11, 4, 14, 12, 3])
    trials:  1 (after 0 warmups)
    output:  /Users/ryanevans/RustroverProjects/ematix-flow/bench-results/campaign-2026-07-01/tput-sf10/duckdb/s100/batch-4/stream-49.md

    NOTE: single-invocation output is SMOKE-GRADE only. For win/loss
    claims use scripts/bench/strict_22q.sh / strict_ab.sh /
    strict_throughput.sh (see scripts/bench/README.md).

--- Q09 ---
  DuckDB       2279.72 ms ±  0.00  (175 rows)

--- Q19 ---
  DuckDB       1296.61 ms ±  0.00  (1 rows)

--- Q10 ---
  DuckDB       1678.85 ms ±  0.00  (381105 rows)

--- Q16 ---
  DuckDB        355.83 ms ±  0.00  (27840 rows)

--- Q07 ---
  DuckDB       1038.88 ms ±  0.00  (4 rows)

--- Q15 ---
  DuckDB        629.60 ms ±  0.00  (1 rows)

--- Q06 ---
  DuckDB        707.55 ms ±  0.00  (1 rows)

--- Q20 ---
  DuckDB       1061.79 ms ±  0.00  (1804 rows)

--- Q08 ---
  DuckDB       1108.94 ms ±  0.00  (2 rows)

--- Q22 ---
  DuckDB        426.81 ms ±  0.00  (7 rows)

--- Q05 ---
  DuckDB        945.21 ms ±  0.00  (5 rows)

--- Q21 ---
  DuckDB       3043.31 ms ±  0.00  (4009 rows)

--- Q13 ---
  DuckDB       1885.74 ms ±  0.00  (46 rows)

--- Q01 ---
  DuckDB       2036.26 ms ±  0.00  (4 rows)

--- Q18 ---
  DuckDB       1521.68 ms ±  0.00  (624 rows)

--- Q02 ---
  DuckDB        354.07 ms ±  0.00  (4667 rows)

--- Q17 ---
  DuckDB       1112.46 ms ±  0.00  (1 rows)

--- Q11 ---
  DuckDB         50.34 ms ±  0.00  (8685 rows)

--- Q04 ---
  DuckDB        609.19 ms ±  0.00  (5 rows)

--- Q14 ---
  DuckDB        998.48 ms ±  0.00  (1 rows)

--- Q12 ---
  DuckDB        828.93 ms ±  0.00  (2 rows)

--- Q03 ---
  DuckDB       1103.84 ms ±  0.00  (114003 rows)

wrote /Users/ryanevans/RustroverProjects/ematix-flow/bench-results/campaign-2026-07-01/tput-sf10/duckdb/s100/batch-4/stream-49.md
