=== TPC-H 22 triangulation bench ===
    data:    /Users/ryanevans/RustroverProjects/ematix-flow/examples/tpch/data/sf10
    queries: 22 ([8, 15, 10, 21, 1, 11, 18, 17, 2, 13, 16, 4, 6, 7, 14, 19, 22, 12, 5, 9, 20, 3])
    trials:  1 (after 0 warmups)
    output:  /Users/ryanevans/RustroverProjects/ematix-flow/bench-results/campaign-2026-07-01/tput-sf10/duckdb/s100/batch-4/stream-89.md

    NOTE: single-invocation output is SMOKE-GRADE only. For win/loss
    claims use scripts/bench/strict_22q.sh / strict_ab.sh /
    strict_throughput.sh (see scripts/bench/README.md).

--- Q08 ---
  DuckDB       1095.56 ms ±  0.00  (2 rows)

--- Q15 ---
  DuckDB        471.15 ms ±  0.00  (1 rows)

--- Q10 ---
  DuckDB       1925.13 ms ±  0.00  (381105 rows)

--- Q21 ---
  DuckDB       2898.80 ms ±  0.00  (4009 rows)

--- Q01 ---
  DuckDB       2096.42 ms ±  0.00  (4 rows)

--- Q11 ---
  DuckDB         73.44 ms ±  0.00  (8685 rows)

--- Q18 ---
  DuckDB       1746.05 ms ±  0.00  (624 rows)

--- Q17 ---
  DuckDB       1222.50 ms ±  0.00  (1 rows)

--- Q02 ---
  DuckDB        324.84 ms ±  0.00  (4667 rows)

--- Q13 ---
  DuckDB       1847.83 ms ±  0.00  (46 rows)

--- Q16 ---
  DuckDB        451.77 ms ±  0.00  (27840 rows)

--- Q04 ---
  DuckDB        684.96 ms ±  0.00  (5 rows)

--- Q06 ---
  DuckDB        586.79 ms ±  0.00  (1 rows)

--- Q07 ---
  DuckDB        976.43 ms ±  0.00  (4 rows)

--- Q14 ---
  DuckDB       1045.62 ms ±  0.00  (1 rows)

--- Q19 ---
  DuckDB       1512.86 ms ±  0.00  (1 rows)

--- Q22 ---
  DuckDB        261.73 ms ±  0.00  (7 rows)

--- Q12 ---
  DuckDB        877.38 ms ±  0.00  (2 rows)

--- Q05 ---
  DuckDB        975.03 ms ±  0.00  (5 rows)

--- Q09 ---
  DuckDB       2040.22 ms ±  0.00  (175 rows)

--- Q20 ---
  DuckDB       1113.98 ms ±  0.00  (1804 rows)

--- Q03 ---
  DuckDB       1001.21 ms ±  0.00  (114003 rows)

wrote /Users/ryanevans/RustroverProjects/ematix-flow/bench-results/campaign-2026-07-01/tput-sf10/duckdb/s100/batch-4/stream-89.md
