=== TPC-H 22 triangulation bench ===
    data:    /Users/ryanevans/RustroverProjects/ematix-flow/examples/tpch/data/sf10
    queries: 22 ([14, 17, 22, 7, 21, 4, 11, 2, 16, 5, 1, 13, 18, 9, 20, 12, 10, 15, 8, 3, 6, 19])
    trials:  1 (after 0 warmups)
    output:  /Users/ryanevans/RustroverProjects/ematix-flow/bench-results/campaign-2026-07-01/tput-sf10/duckdb/s100/batch-4/stream-62.md

    NOTE: single-invocation output is SMOKE-GRADE only. For win/loss
    claims use scripts/bench/strict_22q.sh / strict_ab.sh /
    strict_throughput.sh (see scripts/bench/README.md).

--- Q14 ---
  DuckDB        713.86 ms ±  0.00  (1 rows)

--- Q17 ---
  DuckDB       1156.58 ms ±  0.00  (1 rows)

--- Q22 ---
  DuckDB        306.37 ms ±  0.00  (7 rows)

--- Q07 ---
  DuckDB        913.87 ms ±  0.00  (4 rows)

--- Q21 ---
  DuckDB       2683.88 ms ±  0.00  (4009 rows)

--- Q04 ---
  DuckDB        870.89 ms ±  0.00  (5 rows)

--- Q11 ---
  DuckDB        203.55 ms ±  0.00  (8685 rows)

--- Q02 ---
  DuckDB        221.79 ms ±  0.00  (4667 rows)

--- Q16 ---
  DuckDB        263.33 ms ±  0.00  (27840 rows)

--- Q05 ---
  DuckDB       1062.70 ms ±  0.00  (5 rows)

--- Q01 ---
  DuckDB       2108.15 ms ±  0.00  (4 rows)

--- Q13 ---
  DuckDB       1855.26 ms ±  0.00  (46 rows)

--- Q18 ---
  DuckDB       1539.77 ms ±  0.00  (624 rows)

--- Q09 ---
  DuckDB       2271.01 ms ±  0.00  (175 rows)

--- Q20 ---
  DuckDB        625.04 ms ±  0.00  (1804 rows)

--- Q12 ---
  DuckDB        779.06 ms ±  0.00  (2 rows)

--- Q10 ---
  DuckDB       1982.95 ms ±  0.00  (381105 rows)

--- Q15 ---
  DuckDB        478.23 ms ±  0.00  (1 rows)

--- Q08 ---
  DuckDB       1303.88 ms ±  0.00  (2 rows)

--- Q03 ---
  DuckDB        815.07 ms ±  0.00  (114003 rows)

--- Q06 ---
  DuckDB        449.37 ms ±  0.00  (1 rows)

--- Q19 ---
  DuckDB       1272.57 ms ±  0.00  (1 rows)

wrote /Users/ryanevans/RustroverProjects/ematix-flow/bench-results/campaign-2026-07-01/tput-sf10/duckdb/s100/batch-4/stream-62.md
