=== TPC-H 22 triangulation bench ===
    data:    /Users/ryanevans/RustroverProjects/ematix-flow/examples/tpch/data/sf10
    queries: 22 ([2, 4, 15, 18, 17, 14, 21, 16, 3, 6, 5, 11, 19, 10, 12, 20, 8, 22, 1, 13, 9, 7])
    trials:  1 (after 0 warmups)
    output:  /Users/ryanevans/RustroverProjects/ematix-flow/bench-results/campaign-2026-07-01/tput-sf10/duckdb/s100/batch-4/stream-39.md

    NOTE: single-invocation output is SMOKE-GRADE only. For win/loss
    claims use scripts/bench/strict_22q.sh / strict_ab.sh /
    strict_throughput.sh (see scripts/bench/README.md).

--- Q02 ---
  DuckDB        216.41 ms ±  0.00  (4667 rows)

--- Q04 ---
  DuckDB        598.78 ms ±  0.00  (5 rows)

--- Q15 ---
  DuckDB        505.79 ms ±  0.00  (1 rows)

--- Q18 ---
  DuckDB       1595.92 ms ±  0.00  (624 rows)

--- Q17 ---
  DuckDB       1067.12 ms ±  0.00  (1 rows)

--- Q14 ---
  DuckDB        918.30 ms ±  0.00  (1 rows)

--- Q21 ---
  DuckDB       3048.06 ms ±  0.00  (4009 rows)

--- Q16 ---
  DuckDB        292.03 ms ±  0.00  (27840 rows)

--- Q03 ---
  DuckDB       1077.14 ms ±  0.00  (114003 rows)

--- Q06 ---
  DuckDB        424.47 ms ±  0.00  (1 rows)

--- Q05 ---
  DuckDB       1037.06 ms ±  0.00  (5 rows)

--- Q11 ---
  DuckDB         88.09 ms ±  0.00  (8685 rows)

--- Q19 ---
  DuckDB       1349.18 ms ±  0.00  (1 rows)

--- Q10 ---
  DuckDB       1721.01 ms ±  0.00  (381105 rows)

--- Q12 ---
  DuckDB        644.91 ms ±  0.00  (2 rows)

--- Q20 ---
  DuckDB        961.02 ms ±  0.00  (1804 rows)

--- Q08 ---
  DuckDB       1122.08 ms ±  0.00  (2 rows)

--- Q22 ---
  DuckDB        303.12 ms ±  0.00  (7 rows)

--- Q01 ---
  DuckDB       1966.68 ms ±  0.00  (4 rows)

--- Q13 ---
  DuckDB       1895.74 ms ±  0.00  (46 rows)

--- Q09 ---
  DuckDB       2036.86 ms ±  0.00  (175 rows)

--- Q07 ---
  DuckDB       1080.65 ms ±  0.00  (4 rows)

wrote /Users/ryanevans/RustroverProjects/ematix-flow/bench-results/campaign-2026-07-01/tput-sf10/duckdb/s100/batch-4/stream-39.md
