=== TPC-H 22 triangulation bench ===
    data:    /Users/ryanevans/RustroverProjects/ematix-flow/examples/tpch/data/sf10
    queries: 22 ([9, 8, 3, 12, 7, 6, 15, 14, 4, 20, 11, 2, 10, 21, 13, 19, 1, 16, 5, 22, 17, 18])
    trials:  1 (after 0 warmups)
    output:  /Users/ryanevans/RustroverProjects/ematix-flow/bench-results/campaign-2026-07-01/tput-sf10/duckdb/s100/batch-4/stream-95.md

    NOTE: single-invocation output is SMOKE-GRADE only. For win/loss
    claims use scripts/bench/strict_22q.sh / strict_ab.sh /
    strict_throughput.sh (see scripts/bench/README.md).

--- Q09 ---
  DuckDB       2242.89 ms ±  0.00  (175 rows)

--- Q08 ---
  DuckDB       1164.27 ms ±  0.00  (2 rows)

--- Q03 ---
  DuckDB       1146.87 ms ±  0.00  (114003 rows)

--- Q12 ---
  DuckDB        853.02 ms ±  0.00  (2 rows)

--- Q07 ---
  DuckDB       1042.27 ms ±  0.00  (4 rows)

--- Q06 ---
  DuckDB        522.90 ms ±  0.00  (1 rows)

--- Q15 ---
  DuckDB        544.09 ms ±  0.00  (1 rows)

--- Q14 ---
  DuckDB        652.63 ms ±  0.00  (1 rows)

--- Q04 ---
  DuckDB        416.89 ms ±  0.00  (5 rows)

--- Q20 ---
  DuckDB       1077.61 ms ±  0.00  (1804 rows)

--- Q11 ---
  DuckDB        156.64 ms ±  0.00  (8685 rows)

--- Q02 ---
  DuckDB        275.20 ms ±  0.00  (4667 rows)

--- Q10 ---
  DuckDB       1838.81 ms ±  0.00  (381105 rows)

--- Q21 ---
  DuckDB       2851.40 ms ±  0.00  (4009 rows)

--- Q13 ---
  DuckDB       1957.16 ms ±  0.00  (46 rows)

--- Q19 ---
  DuckDB       1524.33 ms ±  0.00  (1 rows)

--- Q01 ---
  DuckDB       1949.12 ms ±  0.00  (4 rows)

--- Q16 ---
  DuckDB        482.41 ms ±  0.00  (27840 rows)

--- Q05 ---
  DuckDB       1109.64 ms ±  0.00  (5 rows)

--- Q22 ---
  DuckDB        392.32 ms ±  0.00  (7 rows)

--- Q17 ---
  DuckDB       1019.19 ms ±  0.00  (1 rows)

--- Q18 ---
  DuckDB       1096.13 ms ±  0.00  (624 rows)

wrote /Users/ryanevans/RustroverProjects/ematix-flow/bench-results/campaign-2026-07-01/tput-sf10/duckdb/s100/batch-4/stream-95.md
