=== TPC-H 22 triangulation bench ===
    data:    /Users/ryanevans/RustroverProjects/ematix-flow/examples/tpch/data/sf10
    queries: 22 ([4, 22, 21, 1, 11, 9, 20, 2, 6, 17, 8, 13, 5, 14, 18, 15, 12, 10, 19, 16, 3, 7])
    trials:  1 (after 0 warmups)
    output:  /Users/ryanevans/RustroverProjects/ematix-flow/bench-results/campaign-2026-07-01/tput-sf10/duckdb/s100/batch-4/stream-90.md

    NOTE: single-invocation output is SMOKE-GRADE only. For win/loss
    claims use scripts/bench/strict_22q.sh / strict_ab.sh /
    strict_throughput.sh (see scripts/bench/README.md).

--- Q04 ---
  DuckDB        614.49 ms ±  0.00  (5 rows)

--- Q22 ---
  DuckDB        589.53 ms ±  0.00  (7 rows)

--- Q21 ---
  DuckDB       2891.51 ms ±  0.00  (4009 rows)

--- Q01 ---
  DuckDB       1855.33 ms ±  0.00  (4 rows)

--- Q11 ---
  DuckDB        140.81 ms ±  0.00  (8685 rows)

--- Q09 ---
  DuckDB       2230.94 ms ±  0.00  (175 rows)

--- Q20 ---
  DuckDB       1096.86 ms ±  0.00  (1804 rows)

--- Q02 ---
  DuckDB        247.48 ms ±  0.00  (4667 rows)

--- Q06 ---
  DuckDB        471.71 ms ±  0.00  (1 rows)

--- Q17 ---
  DuckDB       1062.91 ms ±  0.00  (1 rows)

--- Q08 ---
  DuckDB       1118.39 ms ±  0.00  (2 rows)

--- Q13 ---
  DuckDB       1803.82 ms ±  0.00  (46 rows)

--- Q05 ---
  DuckDB        892.04 ms ±  0.00  (5 rows)

--- Q14 ---
  DuckDB        648.19 ms ±  0.00  (1 rows)

--- Q18 ---
  DuckDB       1648.21 ms ±  0.00  (624 rows)

--- Q15 ---
  DuckDB        538.38 ms ±  0.00  (1 rows)

--- Q12 ---
  DuckDB        845.12 ms ±  0.00  (2 rows)

--- Q10 ---
  DuckDB       1664.11 ms ±  0.00  (381105 rows)

--- Q19 ---
  DuckDB       1707.76 ms ±  0.00  (1 rows)

--- Q16 ---
  DuckDB        252.95 ms ±  0.00  (27840 rows)

--- Q03 ---
  DuckDB        845.12 ms ±  0.00  (114003 rows)

--- Q07 ---
  DuckDB        933.72 ms ±  0.00  (4 rows)

wrote /Users/ryanevans/RustroverProjects/ematix-flow/bench-results/campaign-2026-07-01/tput-sf10/duckdb/s100/batch-4/stream-90.md
