=== TPC-H 22 triangulation bench ===
    data:    /Users/ryanevans/RustroverProjects/ematix-flow/examples/tpch/data/sf10
    queries: 22 ([13, 5, 9, 8, 1, 14, 2, 7, 4, 21, 22, 16, 11, 15, 17, 10, 19, 18, 12, 6, 20, 3])
    trials:  1 (after 0 warmups)
    output:  /Users/ryanevans/RustroverProjects/ematix-flow/bench-results/campaign-2026-07-01/tput-sf10/duckdb/s100/batch-4/stream-72.md

    NOTE: single-invocation output is SMOKE-GRADE only. For win/loss
    claims use scripts/bench/strict_22q.sh / strict_ab.sh /
    strict_throughput.sh (see scripts/bench/README.md).

--- Q13 ---
  DuckDB       1680.64 ms ±  0.00  (46 rows)

--- Q05 ---
  DuckDB       1220.62 ms ±  0.00  (5 rows)

--- Q09 ---
  DuckDB       1980.04 ms ±  0.00  (175 rows)

--- Q08 ---
  DuckDB       1532.54 ms ±  0.00  (2 rows)

--- Q01 ---
  DuckDB       1945.63 ms ±  0.00  (4 rows)

--- Q14 ---
  DuckDB        917.94 ms ±  0.00  (1 rows)

--- Q02 ---
  DuckDB        266.63 ms ±  0.00  (4667 rows)

--- Q07 ---
  DuckDB       1004.97 ms ±  0.00  (4 rows)

--- Q04 ---
  DuckDB        790.59 ms ±  0.00  (5 rows)

--- Q21 ---
  DuckDB       2874.31 ms ±  0.00  (4009 rows)

--- Q22 ---
  DuckDB        428.43 ms ±  0.00  (7 rows)

--- Q16 ---
  DuckDB        301.71 ms ±  0.00  (27840 rows)

--- Q11 ---
  DuckDB         61.69 ms ±  0.00  (8685 rows)

--- Q15 ---
  DuckDB        639.72 ms ±  0.00  (1 rows)

--- Q17 ---
  DuckDB       1203.90 ms ±  0.00  (1 rows)

--- Q10 ---
  DuckDB       1646.48 ms ±  0.00  (381105 rows)

--- Q19 ---
  DuckDB       1465.90 ms ±  0.00  (1 rows)

--- Q18 ---
  DuckDB       1537.85 ms ±  0.00  (624 rows)

--- Q12 ---
  DuckDB        704.64 ms ±  0.00  (2 rows)

--- Q06 ---
  DuckDB        470.11 ms ±  0.00  (1 rows)

--- Q20 ---
  DuckDB       1069.93 ms ±  0.00  (1804 rows)

--- Q03 ---
  DuckDB       1002.13 ms ±  0.00  (114003 rows)

wrote /Users/ryanevans/RustroverProjects/ematix-flow/bench-results/campaign-2026-07-01/tput-sf10/duckdb/s100/batch-4/stream-72.md
