=== TPC-H 22 triangulation bench ===
    data:    /Users/ryanevans/RustroverProjects/ematix-flow/examples/tpch/data/sf10
    queries: 22 ([5, 15, 14, 17, 9, 3, 4, 19, 2, 22, 21, 8, 1, 12, 13, 20, 10, 11, 7, 18, 6, 16])
    trials:  1 (after 0 warmups)
    output:  /Users/ryanevans/RustroverProjects/ematix-flow/bench-results/campaign-2026-07-01/tput-sf10/duckdb/s100/batch-4/stream-61.md

    NOTE: single-invocation output is SMOKE-GRADE only. For win/loss
    claims use scripts/bench/strict_22q.sh / strict_ab.sh /
    strict_throughput.sh (see scripts/bench/README.md).

--- Q05 ---
  DuckDB        861.68 ms ±  0.00  (5 rows)

--- Q15 ---
  DuckDB        507.09 ms ±  0.00  (1 rows)

--- Q14 ---
  DuckDB        979.17 ms ±  0.00  (1 rows)

--- Q17 ---
  DuckDB        910.37 ms ±  0.00  (1 rows)

--- Q09 ---
  DuckDB       2196.48 ms ±  0.00  (175 rows)

--- Q03 ---
  DuckDB       1106.43 ms ±  0.00  (114003 rows)

--- Q04 ---
  DuckDB        742.09 ms ±  0.00  (5 rows)

--- Q19 ---
  DuckDB       1740.86 ms ±  0.00  (1 rows)

--- Q02 ---
  DuckDB        269.16 ms ±  0.00  (4667 rows)

--- Q22 ---
  DuckDB        444.69 ms ±  0.00  (7 rows)

--- Q21 ---
  DuckDB       2764.06 ms ±  0.00  (4009 rows)

--- Q08 ---
  DuckDB       1401.25 ms ±  0.00  (2 rows)

--- Q01 ---
  DuckDB       2198.99 ms ±  0.00  (4 rows)

--- Q12 ---
  DuckDB        720.78 ms ±  0.00  (2 rows)

--- Q13 ---
  DuckDB       1884.82 ms ±  0.00  (46 rows)

--- Q20 ---
  DuckDB       1183.44 ms ±  0.00  (1804 rows)

--- Q10 ---
  DuckDB       1904.67 ms ±  0.00  (381105 rows)

--- Q11 ---
  DuckDB        276.79 ms ±  0.00  (8685 rows)

--- Q07 ---
  DuckDB       1126.51 ms ±  0.00  (4 rows)

--- Q18 ---
  DuckDB       1404.94 ms ±  0.00  (624 rows)

--- Q06 ---
  DuckDB        481.20 ms ±  0.00  (1 rows)

--- Q16 ---
  DuckDB        265.69 ms ±  0.00  (27840 rows)

wrote /Users/ryanevans/RustroverProjects/ematix-flow/bench-results/campaign-2026-07-01/tput-sf10/duckdb/s100/batch-4/stream-61.md
