=== TPC-H 22 triangulation bench ===
    data:    /Users/ryanevans/RustroverProjects/ematix-flow/examples/tpch/data/sf10
    queries: 22 ([22, 1, 9, 6, 18, 19, 3, 17, 21, 11, 8, 20, 5, 4, 16, 14, 2, 10, 7, 13, 15, 12])
    trials:  1 (after 0 warmups)
    output:  /Users/ryanevans/RustroverProjects/ematix-flow/bench-results/campaign-2026-07-01/tput-sf10/duckdb/s100/batch-4/stream-76.md

    NOTE: single-invocation output is SMOKE-GRADE only. For win/loss
    claims use scripts/bench/strict_22q.sh / strict_ab.sh /
    strict_throughput.sh (see scripts/bench/README.md).

--- Q22 ---
  DuckDB        455.83 ms ±  0.00  (7 rows)

--- Q01 ---
  DuckDB       2039.93 ms ±  0.00  (4 rows)

--- Q09 ---
  DuckDB       2214.36 ms ±  0.00  (175 rows)

--- Q06 ---
  DuckDB        508.30 ms ±  0.00  (1 rows)

--- Q18 ---
  DuckDB       1563.45 ms ±  0.00  (624 rows)

--- Q19 ---
  DuckDB       1387.67 ms ±  0.00  (1 rows)

--- Q03 ---
  DuckDB       1050.80 ms ±  0.00  (114003 rows)

--- Q17 ---
  DuckDB        855.64 ms ±  0.00  (1 rows)

--- Q21 ---
  DuckDB       2785.69 ms ±  0.00  (4009 rows)

--- Q11 ---
  DuckDB        101.56 ms ±  0.00  (8685 rows)

--- Q08 ---
  DuckDB       1293.16 ms ±  0.00  (2 rows)

--- Q20 ---
  DuckDB        868.70 ms ±  0.00  (1804 rows)

--- Q05 ---
  DuckDB        982.73 ms ±  0.00  (5 rows)

--- Q04 ---
  DuckDB        543.76 ms ±  0.00  (5 rows)

--- Q16 ---
  DuckDB        410.44 ms ±  0.00  (27840 rows)

--- Q14 ---
  DuckDB        801.60 ms ±  0.00  (1 rows)

--- Q02 ---
  DuckDB        224.20 ms ±  0.00  (4667 rows)

--- Q10 ---
  DuckDB       1542.84 ms ±  0.00  (381105 rows)

--- Q07 ---
  DuckDB        815.67 ms ±  0.00  (4 rows)

--- Q13 ---
  DuckDB       1868.07 ms ±  0.00  (46 rows)

--- Q15 ---
  DuckDB        582.34 ms ±  0.00  (1 rows)

--- Q12 ---
  DuckDB        716.47 ms ±  0.00  (2 rows)

wrote /Users/ryanevans/RustroverProjects/ematix-flow/bench-results/campaign-2026-07-01/tput-sf10/duckdb/s100/batch-4/stream-76.md
