=== TPC-H 22 triangulation bench ===
    data:    /Users/ryanevans/RustroverProjects/ematix-flow/examples/tpch/data/sf10
    queries: 22 ([19, 17, 7, 6, 12, 2, 16, 13, 22, 1, 11, 21, 5, 10, 8, 18, 9, 20, 15, 14, 4, 3])
    trials:  1 (after 0 warmups)
    output:  /Users/ryanevans/RustroverProjects/ematix-flow/bench-results/campaign-2026-07-01/tput-sf10/duckdb/s100/batch-4/stream-67.md

    NOTE: single-invocation output is SMOKE-GRADE only. For win/loss
    claims use scripts/bench/strict_22q.sh / strict_ab.sh /
    strict_throughput.sh (see scripts/bench/README.md).

--- Q19 ---
  DuckDB       1359.26 ms ±  0.00  (1 rows)

--- Q17 ---
  DuckDB       1203.34 ms ±  0.00  (1 rows)

--- Q07 ---
  DuckDB        976.98 ms ±  0.00  (4 rows)

--- Q06 ---
  DuckDB        510.89 ms ±  0.00  (1 rows)

--- Q12 ---
  DuckDB        822.92 ms ±  0.00  (2 rows)

--- Q02 ---
  DuckDB        103.06 ms ±  0.00  (4667 rows)

--- Q16 ---
  DuckDB        445.51 ms ±  0.00  (27840 rows)

--- Q13 ---
  DuckDB       1799.67 ms ±  0.00  (46 rows)

--- Q22 ---
  DuckDB        427.83 ms ±  0.00  (7 rows)

--- Q01 ---
  DuckDB       2121.54 ms ±  0.00  (4 rows)

--- Q11 ---
  DuckDB        291.92 ms ±  0.00  (8685 rows)

--- Q21 ---
  DuckDB       2902.45 ms ±  0.00  (4009 rows)

--- Q05 ---
  DuckDB        946.90 ms ±  0.00  (5 rows)

--- Q10 ---
  DuckDB       1660.89 ms ±  0.00  (381105 rows)

--- Q08 ---
  DuckDB       1172.24 ms ±  0.00  (2 rows)

--- Q18 ---
  DuckDB       1560.77 ms ±  0.00  (624 rows)

--- Q09 ---
  DuckDB       2356.07 ms ±  0.00  (175 rows)

--- Q20 ---
  DuckDB        839.99 ms ±  0.00  (1804 rows)

--- Q15 ---
  DuckDB        556.18 ms ±  0.00  (1 rows)

--- Q14 ---
  DuckDB        755.50 ms ±  0.00  (1 rows)

--- Q04 ---
  DuckDB        628.03 ms ±  0.00  (5 rows)

--- Q03 ---
  DuckDB       1105.02 ms ±  0.00  (114003 rows)

wrote /Users/ryanevans/RustroverProjects/ematix-flow/bench-results/campaign-2026-07-01/tput-sf10/duckdb/s100/batch-4/stream-67.md
