=== TPC-H 22 triangulation bench ===
    data:    /Users/ryanevans/RustroverProjects/ematix-flow/examples/tpch/data/sf10
    queries: 22 ([19, 14, 9, 21, 16, 11, 10, 7, 3, 18, 20, 22, 17, 2, 13, 12, 4, 6, 15, 1, 8, 5])
    trials:  1 (after 0 warmups)
    output:  /Users/ryanevans/RustroverProjects/ematix-flow/bench-results/campaign-2026-07-01/tput-sf10/duckdb/s100/batch-4/stream-22.md

    NOTE: single-invocation output is SMOKE-GRADE only. For win/loss
    claims use scripts/bench/strict_22q.sh / strict_ab.sh /
    strict_throughput.sh (see scripts/bench/README.md).

--- Q19 ---
  DuckDB       1294.56 ms ±  0.00  (1 rows)

--- Q14 ---
  DuckDB        811.85 ms ±  0.00  (1 rows)

--- Q09 ---
  DuckDB       1956.52 ms ±  0.00  (175 rows)

--- Q21 ---
  DuckDB       2801.12 ms ±  0.00  (4009 rows)

--- Q16 ---
  DuckDB        315.78 ms ±  0.00  (27840 rows)

--- Q11 ---
  DuckDB        102.34 ms ±  0.00  (8685 rows)

--- Q10 ---
  DuckDB       1980.72 ms ±  0.00  (381105 rows)

--- Q07 ---
  DuckDB       1081.56 ms ±  0.00  (4 rows)

--- Q03 ---
  DuckDB       1216.69 ms ±  0.00  (114003 rows)

--- Q18 ---
  DuckDB       1621.23 ms ±  0.00  (624 rows)

--- Q20 ---
  DuckDB       1041.00 ms ±  0.00  (1804 rows)

--- Q22 ---
  DuckDB        323.62 ms ±  0.00  (7 rows)

--- Q17 ---
  DuckDB       1042.90 ms ±  0.00  (1 rows)

--- Q02 ---
  DuckDB        330.45 ms ±  0.00  (4667 rows)

--- Q13 ---
  DuckDB       1843.31 ms ±  0.00  (46 rows)

--- Q12 ---
  DuckDB        821.23 ms ±  0.00  (2 rows)

--- Q04 ---
  DuckDB        758.20 ms ±  0.00  (5 rows)

--- Q06 ---
  DuckDB        437.61 ms ±  0.00  (1 rows)

--- Q15 ---
  DuckDB        510.67 ms ±  0.00  (1 rows)

--- Q01 ---
  DuckDB       2284.07 ms ±  0.00  (4 rows)

--- Q08 ---
  DuckDB       1186.68 ms ±  0.00  (2 rows)

--- Q05 ---
  DuckDB       1137.21 ms ±  0.00  (5 rows)

wrote /Users/ryanevans/RustroverProjects/ematix-flow/bench-results/campaign-2026-07-01/tput-sf10/duckdb/s100/batch-4/stream-22.md
