=== TPC-H 22 triangulation bench ===
    data:    /Users/ryanevans/RustroverProjects/ematix-flow/examples/tpch/data/sf10
    queries: 22 ([1, 12, 20, 22, 3, 13, 5, 2, 4, 7, 11, 6, 16, 18, 9, 19, 15, 8, 17, 21, 10, 14])
    trials:  1 (after 0 warmups)
    output:  /Users/ryanevans/RustroverProjects/ematix-flow/bench-results/campaign-2026-07-01/tput-sf10/duckdb/s100/batch-4/stream-65.md

    NOTE: single-invocation output is SMOKE-GRADE only. For win/loss
    claims use scripts/bench/strict_22q.sh / strict_ab.sh /
    strict_throughput.sh (see scripts/bench/README.md).

--- Q01 ---
  DuckDB       1877.46 ms ±  0.00  (4 rows)

--- Q12 ---
  DuckDB        816.97 ms ±  0.00  (2 rows)

--- Q20 ---
  DuckDB       1094.19 ms ±  0.00  (1804 rows)

--- Q22 ---
  DuckDB        304.13 ms ±  0.00  (7 rows)

--- Q03 ---
  DuckDB       1042.03 ms ±  0.00  (114003 rows)

--- Q13 ---
  DuckDB       1840.51 ms ±  0.00  (46 rows)

--- Q05 ---
  DuckDB        945.90 ms ±  0.00  (5 rows)

--- Q02 ---
  DuckDB        157.25 ms ±  0.00  (4667 rows)

--- Q04 ---
  DuckDB        629.25 ms ±  0.00  (5 rows)

--- Q07 ---
  DuckDB       1054.75 ms ±  0.00  (4 rows)

--- Q11 ---
  DuckDB         54.70 ms ±  0.00  (8685 rows)

--- Q06 ---
  DuckDB        427.64 ms ±  0.00  (1 rows)

--- Q16 ---
  DuckDB        352.16 ms ±  0.00  (27840 rows)

--- Q18 ---
  DuckDB       1645.91 ms ±  0.00  (624 rows)

--- Q09 ---
  DuckDB       1955.68 ms ±  0.00  (175 rows)

--- Q19 ---
  DuckDB       1594.18 ms ±  0.00  (1 rows)

--- Q15 ---
  DuckDB        545.41 ms ±  0.00  (1 rows)

--- Q08 ---
  DuckDB       1259.38 ms ±  0.00  (2 rows)

--- Q17 ---
  DuckDB       1087.49 ms ±  0.00  (1 rows)

--- Q21 ---
  DuckDB       2749.28 ms ±  0.00  (4009 rows)

--- Q10 ---
  DuckDB       1614.80 ms ±  0.00  (381105 rows)

--- Q14 ---
  DuckDB        587.82 ms ±  0.00  (1 rows)

wrote /Users/ryanevans/RustroverProjects/ematix-flow/bench-results/campaign-2026-07-01/tput-sf10/duckdb/s100/batch-4/stream-65.md
