=== TPC-H 22 triangulation bench ===
    data:    /Users/ryanevans/RustroverProjects/ematix-flow/examples/tpch/data/sf10
    queries: 22 ([2, 6, 5, 12, 15, 21, 18, 1, 13, 14, 3, 17, 16, 22, 19, 10, 4, 20, 8, 7, 11, 9])
    trials:  1 (after 0 warmups)
    output:  /Users/ryanevans/RustroverProjects/ematix-flow/bench-results/campaign-2026-07-01/tput-sf10/duckdb/s100/batch-4/stream-77.md

    NOTE: single-invocation output is SMOKE-GRADE only. For win/loss
    claims use scripts/bench/strict_22q.sh / strict_ab.sh /
    strict_throughput.sh (see scripts/bench/README.md).

--- Q02 ---
  DuckDB        189.07 ms ±  0.00  (4667 rows)

--- Q06 ---
  DuckDB        401.12 ms ±  0.00  (1 rows)

--- Q05 ---
  DuckDB        960.30 ms ±  0.00  (5 rows)

--- Q12 ---
  DuckDB        732.77 ms ±  0.00  (2 rows)

--- Q15 ---
  DuckDB        549.90 ms ±  0.00  (1 rows)

--- Q21 ---
  DuckDB       3012.74 ms ±  0.00  (4009 rows)

--- Q18 ---
  DuckDB       1444.05 ms ±  0.00  (624 rows)

--- Q01 ---
  DuckDB       1962.07 ms ±  0.00  (4 rows)

--- Q13 ---
  DuckDB       1801.61 ms ±  0.00  (46 rows)

--- Q14 ---
  DuckDB        784.55 ms ±  0.00  (1 rows)

--- Q03 ---
  DuckDB       1084.77 ms ±  0.00  (114003 rows)

--- Q17 ---
  DuckDB       1189.09 ms ±  0.00  (1 rows)

--- Q16 ---
  DuckDB        278.37 ms ±  0.00  (27840 rows)

--- Q22 ---
  DuckDB        320.36 ms ±  0.00  (7 rows)

--- Q19 ---
  DuckDB       1503.42 ms ±  0.00  (1 rows)

--- Q10 ---
  DuckDB       1801.64 ms ±  0.00  (381105 rows)

--- Q04 ---
  DuckDB        724.63 ms ±  0.00  (5 rows)

--- Q20 ---
  DuckDB       1059.09 ms ±  0.00  (1804 rows)

--- Q08 ---
  DuckDB       1193.73 ms ±  0.00  (2 rows)

--- Q07 ---
  DuckDB       1026.48 ms ±  0.00  (4 rows)

--- Q11 ---
  DuckDB         98.53 ms ±  0.00  (8685 rows)

--- Q09 ---
  DuckDB       2124.21 ms ±  0.00  (175 rows)

wrote /Users/ryanevans/RustroverProjects/ematix-flow/bench-results/campaign-2026-07-01/tput-sf10/duckdb/s100/batch-4/stream-77.md
