=== TPC-H 22 triangulation bench ===
    data:    /Users/ryanevans/RustroverProjects/ematix-flow/examples/tpch/data/sf10
    queries: 22 ([14, 22, 9, 15, 10, 21, 4, 6, 3, 20, 13, 16, 7, 5, 18, 11, 17, 8, 1, 19, 12, 2])
    trials:  1 (after 0 warmups)
    output:  /Users/ryanevans/RustroverProjects/ematix-flow/bench-results/campaign-2026-07-01/tput-sf10/duckdb/s100/batch-4/stream-57.md

    NOTE: single-invocation output is SMOKE-GRADE only. For win/loss
    claims use scripts/bench/strict_22q.sh / strict_ab.sh /
    strict_throughput.sh (see scripts/bench/README.md).

--- Q14 ---
  DuckDB        737.18 ms ±  0.00  (1 rows)

--- Q22 ---
  DuckDB        259.67 ms ±  0.00  (7 rows)

--- Q09 ---
  DuckDB       2082.84 ms ±  0.00  (175 rows)

--- Q15 ---
  DuckDB        597.74 ms ±  0.00  (1 rows)

--- Q10 ---
  DuckDB       1819.94 ms ±  0.00  (381105 rows)

--- Q21 ---
  DuckDB       2847.64 ms ±  0.00  (4009 rows)

--- Q04 ---
  DuckDB        615.61 ms ±  0.00  (5 rows)

--- Q06 ---
  DuckDB        478.80 ms ±  0.00  (1 rows)

--- Q03 ---
  DuckDB       1182.21 ms ±  0.00  (114003 rows)

--- Q20 ---
  DuckDB        974.86 ms ±  0.00  (1804 rows)

--- Q13 ---
  DuckDB       1698.83 ms ±  0.00  (46 rows)

--- Q16 ---
  DuckDB        207.84 ms ±  0.00  (27840 rows)

--- Q07 ---
  DuckDB       1084.68 ms ±  0.00  (4 rows)

--- Q05 ---
  DuckDB        873.61 ms ±  0.00  (5 rows)

--- Q18 ---
  DuckDB       1627.19 ms ±  0.00  (624 rows)

--- Q11 ---
  DuckDB        109.40 ms ±  0.00  (8685 rows)

--- Q17 ---
  DuckDB        958.06 ms ±  0.00  (1 rows)

--- Q08 ---
  DuckDB       1075.70 ms ±  0.00  (2 rows)

--- Q01 ---
  DuckDB       2118.34 ms ±  0.00  (4 rows)

--- Q19 ---
  DuckDB       1656.03 ms ±  0.00  (1 rows)

--- Q12 ---
  DuckDB        928.03 ms ±  0.00  (2 rows)

--- Q02 ---
  DuckDB        175.49 ms ±  0.00  (4667 rows)

wrote /Users/ryanevans/RustroverProjects/ematix-flow/bench-results/campaign-2026-07-01/tput-sf10/duckdb/s100/batch-4/stream-57.md
