=== TPC-H 22 triangulation bench ===
    data:    /Users/ryanevans/RustroverProjects/ematix-flow/examples/tpch/data/sf10
    queries: 22 ([22, 6, 3, 16, 10, 13, 17, 20, 7, 14, 19, 15, 11, 2, 12, 5, 18, 8, 9, 1, 4, 21])
    trials:  1 (after 0 warmups)
    output:  /Users/ryanevans/RustroverProjects/ematix-flow/bench-results/campaign-2026-07-01/tput-sf10/duckdb/s100/batch-4/stream-42.md

    NOTE: single-invocation output is SMOKE-GRADE only. For win/loss
    claims use scripts/bench/strict_22q.sh / strict_ab.sh /
    strict_throughput.sh (see scripts/bench/README.md).

--- Q22 ---
  DuckDB        380.83 ms ±  0.00  (7 rows)

--- Q06 ---
  DuckDB        545.99 ms ±  0.00  (1 rows)

--- Q03 ---
  DuckDB        978.02 ms ±  0.00  (114003 rows)

--- Q16 ---
  DuckDB        252.70 ms ±  0.00  (27840 rows)

--- Q10 ---
  DuckDB       1710.39 ms ±  0.00  (381105 rows)

--- Q13 ---
  DuckDB       1792.06 ms ±  0.00  (46 rows)

--- Q17 ---
  DuckDB       1354.31 ms ±  0.00  (1 rows)

--- Q20 ---
  DuckDB       1264.81 ms ±  0.00  (1804 rows)

--- Q07 ---
  DuckDB        923.79 ms ±  0.00  (4 rows)

--- Q14 ---
  DuckDB        695.66 ms ±  0.00  (1 rows)

--- Q19 ---
  DuckDB       1459.93 ms ±  0.00  (1 rows)

--- Q15 ---
  DuckDB        549.84 ms ±  0.00  (1 rows)

--- Q11 ---
  DuckDB         71.39 ms ±  0.00  (8685 rows)

--- Q02 ---
  DuckDB        444.78 ms ±  0.00  (4667 rows)

--- Q12 ---
  DuckDB        745.47 ms ±  0.00  (2 rows)

--- Q05 ---
  DuckDB        958.43 ms ±  0.00  (5 rows)

--- Q18 ---
  DuckDB       1406.51 ms ±  0.00  (624 rows)

--- Q08 ---
  DuckDB       1284.15 ms ±  0.00  (2 rows)

--- Q09 ---
  DuckDB       2262.37 ms ±  0.00  (175 rows)

--- Q01 ---
  DuckDB       1947.46 ms ±  0.00  (4 rows)

--- Q04 ---
  DuckDB        575.60 ms ±  0.00  (5 rows)

--- Q21 ---
  DuckDB       2637.71 ms ±  0.00  (4009 rows)

wrote /Users/ryanevans/RustroverProjects/ematix-flow/bench-results/campaign-2026-07-01/tput-sf10/duckdb/s100/batch-4/stream-42.md
