=== TPC-H 22 triangulation bench ===
    data:    /Users/ryanevans/RustroverProjects/ematix-flow/examples/tpch/data/sf10
    queries: 22 ([15, 22, 9, 5, 12, 20, 10, 14, 19, 4, 18, 3, 11, 13, 16, 21, 8, 6, 2, 17, 1, 7])
    trials:  1 (after 0 warmups)
    output:  /Users/ryanevans/RustroverProjects/ematix-flow/bench-results/campaign-2026-07-01/tput-sf10/duckdb/s100/batch-4/stream-15.md

    NOTE: single-invocation output is SMOKE-GRADE only. For win/loss
    claims use scripts/bench/strict_22q.sh / strict_ab.sh /
    strict_throughput.sh (see scripts/bench/README.md).

--- Q15 ---
  DuckDB        624.59 ms ±  0.00  (1 rows)

--- Q22 ---
  DuckDB        260.61 ms ±  0.00  (7 rows)

--- Q09 ---
  DuckDB       1942.81 ms ±  0.00  (175 rows)

--- Q05 ---
  DuckDB       1021.19 ms ±  0.00  (5 rows)

--- Q12 ---
  DuckDB        686.43 ms ±  0.00  (2 rows)

--- Q20 ---
  DuckDB       1139.19 ms ±  0.00  (1804 rows)

--- Q10 ---
  DuckDB       1930.73 ms ±  0.00  (381105 rows)

--- Q14 ---
  DuckDB        815.70 ms ±  0.00  (1 rows)

--- Q19 ---
  DuckDB       1366.26 ms ±  0.00  (1 rows)

--- Q04 ---
  DuckDB        528.33 ms ±  0.00  (5 rows)

--- Q18 ---
  DuckDB       1513.12 ms ±  0.00  (624 rows)

--- Q03 ---
  DuckDB        972.77 ms ±  0.00  (114003 rows)

--- Q11 ---
  DuckDB        119.28 ms ±  0.00  (8685 rows)

--- Q13 ---
  DuckDB       2032.05 ms ±  0.00  (46 rows)

--- Q16 ---
  DuckDB        272.81 ms ±  0.00  (27840 rows)

--- Q21 ---
  DuckDB       3143.65 ms ±  0.00  (4009 rows)

--- Q08 ---
  DuckDB       1200.24 ms ±  0.00  (2 rows)

--- Q06 ---
  DuckDB        486.77 ms ±  0.00  (1 rows)

--- Q02 ---
  DuckDB        302.65 ms ±  0.00  (4667 rows)

--- Q17 ---
  DuckDB       1226.59 ms ±  0.00  (1 rows)

--- Q01 ---
  DuckDB       1804.14 ms ±  0.00  (4 rows)

--- Q07 ---
  DuckDB       1025.20 ms ±  0.00  (4 rows)

wrote /Users/ryanevans/RustroverProjects/ematix-flow/bench-results/campaign-2026-07-01/tput-sf10/duckdb/s100/batch-4/stream-15.md
