=== TPC-H 22 triangulation bench ===
    data:    /Users/ryanevans/RustroverProjects/ematix-flow/examples/tpch/data/sf10
    queries: 22 ([8, 6, 10, 19, 21, 7, 15, 14, 22, 11, 3, 12, 20, 9, 17, 18, 2, 5, 13, 4, 16, 1])
    trials:  1 (after 0 warmups)
    output:  /Users/ryanevans/RustroverProjects/ematix-flow/bench-results/campaign-2026-07-01/tput-sf10/duckdb/s100/batch-4/stream-31.md

    NOTE: single-invocation output is SMOKE-GRADE only. For win/loss
    claims use scripts/bench/strict_22q.sh / strict_ab.sh /
    strict_throughput.sh (see scripts/bench/README.md).

--- Q08 ---
  DuckDB       1163.11 ms ±  0.00  (2 rows)

--- Q06 ---
  DuckDB        411.86 ms ±  0.00  (1 rows)

--- Q10 ---
  DuckDB       1618.32 ms ±  0.00  (381105 rows)

--- Q19 ---
  DuckDB       1576.53 ms ±  0.00  (1 rows)

--- Q21 ---
  DuckDB       2981.03 ms ±  0.00  (4009 rows)

--- Q07 ---
  DuckDB       1154.00 ms ±  0.00  (4 rows)

--- Q15 ---
  DuckDB        623.44 ms ±  0.00  (1 rows)

--- Q14 ---
  DuckDB        658.99 ms ±  0.00  (1 rows)

--- Q22 ---
  DuckDB        540.08 ms ±  0.00  (7 rows)

--- Q11 ---
  DuckDB         99.74 ms ±  0.00  (8685 rows)

--- Q03 ---
  DuckDB       1135.47 ms ±  0.00  (114003 rows)

--- Q12 ---
  DuckDB        886.76 ms ±  0.00  (2 rows)

--- Q20 ---
  DuckDB        893.87 ms ±  0.00  (1804 rows)

--- Q09 ---
  DuckDB       2379.77 ms ±  0.00  (175 rows)

--- Q17 ---
  DuckDB       1220.27 ms ±  0.00  (1 rows)

--- Q18 ---
  DuckDB       1659.37 ms ±  0.00  (624 rows)

--- Q02 ---
  DuckDB        367.54 ms ±  0.00  (4667 rows)

--- Q05 ---
  DuckDB       1080.21 ms ±  0.00  (5 rows)

--- Q13 ---
  DuckDB       1783.62 ms ±  0.00  (46 rows)

--- Q04 ---
  DuckDB        616.75 ms ±  0.00  (5 rows)

--- Q16 ---
  DuckDB        430.57 ms ±  0.00  (27840 rows)

--- Q01 ---
  DuckDB       2037.87 ms ±  0.00  (4 rows)

wrote /Users/ryanevans/RustroverProjects/ematix-flow/bench-results/campaign-2026-07-01/tput-sf10/duckdb/s100/batch-4/stream-31.md
