=== TPC-H 22 triangulation bench ===
    data:    /Users/ryanevans/RustroverProjects/ematix-flow/examples/tpch/data/sf10
    queries: 22 ([21, 20, 4, 6, 16, 5, 19, 8, 13, 15, 9, 2, 7, 12, 14, 10, 17, 3, 22, 11, 18, 1])
    trials:  1 (after 0 warmups)
    output:  /Users/ryanevans/RustroverProjects/ematix-flow/bench-results/campaign-2026-07-01/tput-sf10/duckdb/s100/batch-4/stream-86.md

    NOTE: single-invocation output is SMOKE-GRADE only. For win/loss
    claims use scripts/bench/strict_22q.sh / strict_ab.sh /
    strict_throughput.sh (see scripts/bench/README.md).

--- Q21 ---
  DuckDB       2898.78 ms ±  0.00  (4009 rows)

--- Q20 ---
  DuckDB        901.99 ms ±  0.00  (1804 rows)

--- Q04 ---
  DuckDB        684.78 ms ±  0.00  (5 rows)

--- Q06 ---
  DuckDB        548.59 ms ±  0.00  (1 rows)

--- Q16 ---
  DuckDB        339.39 ms ±  0.00  (27840 rows)

--- Q05 ---
  DuckDB       1119.57 ms ±  0.00  (5 rows)

--- Q19 ---
  DuckDB       1401.16 ms ±  0.00  (1 rows)

--- Q08 ---
  DuckDB       1308.09 ms ±  0.00  (2 rows)

--- Q13 ---
  DuckDB       1762.06 ms ±  0.00  (46 rows)

--- Q15 ---
  DuckDB        550.91 ms ±  0.00  (1 rows)

--- Q09 ---
  DuckDB       2110.67 ms ±  0.00  (175 rows)

--- Q02 ---
  DuckDB        132.13 ms ±  0.00  (4667 rows)

--- Q07 ---
  DuckDB        948.84 ms ±  0.00  (4 rows)

--- Q12 ---
  DuckDB        733.22 ms ±  0.00  (2 rows)

--- Q14 ---
  DuckDB       1023.15 ms ±  0.00  (1 rows)

--- Q10 ---
  DuckDB       1755.79 ms ±  0.00  (381105 rows)

--- Q17 ---
  DuckDB       1109.97 ms ±  0.00  (1 rows)

--- Q03 ---
  DuckDB        957.49 ms ±  0.00  (114003 rows)

--- Q22 ---
  DuckDB        206.03 ms ±  0.00  (7 rows)

--- Q11 ---
  DuckDB         98.51 ms ±  0.00  (8685 rows)

--- Q18 ---
  DuckDB       1496.16 ms ±  0.00  (624 rows)

--- Q01 ---
  DuckDB       1421.37 ms ±  0.00  (4 rows)

wrote /Users/ryanevans/RustroverProjects/ematix-flow/bench-results/campaign-2026-07-01/tput-sf10/duckdb/s100/batch-4/stream-86.md
