=== TPC-H 22 triangulation bench ===
    data:    /Users/ryanevans/RustroverProjects/ematix-flow/examples/tpch/data/sf10
    queries: 22 ([5, 16, 18, 19, 3, 15, 2, 20, 21, 4, 1, 17, 12, 14, 7, 9, 10, 22, 6, 8, 11, 13])
    trials:  1 (after 0 warmups)
    output:  /Users/ryanevans/RustroverProjects/ematix-flow/bench-results/campaign-2026-07-01/tput-sf10/duckdb/s100/batch-4/stream-41.md

    NOTE: single-invocation output is SMOKE-GRADE only. For win/loss
    claims use scripts/bench/strict_22q.sh / strict_ab.sh /
    strict_throughput.sh (see scripts/bench/README.md).

--- Q05 ---
  DuckDB        949.11 ms ±  0.00  (5 rows)

--- Q16 ---
  DuckDB        286.16 ms ±  0.00  (27840 rows)

--- Q18 ---
  DuckDB       1476.37 ms ±  0.00  (624 rows)

--- Q19 ---
  DuckDB       1449.26 ms ±  0.00  (1 rows)

--- Q03 ---
  DuckDB        987.83 ms ±  0.00  (114003 rows)

--- Q15 ---
  DuckDB        587.07 ms ±  0.00  (1 rows)

--- Q02 ---
  DuckDB        201.41 ms ±  0.00  (4667 rows)

--- Q20 ---
  DuckDB        817.67 ms ±  0.00  (1804 rows)

--- Q21 ---
  DuckDB       2797.22 ms ±  0.00  (4009 rows)

--- Q04 ---
  DuckDB        693.01 ms ±  0.00  (5 rows)

--- Q01 ---
  DuckDB       2015.55 ms ±  0.00  (4 rows)

--- Q17 ---
  DuckDB       1168.12 ms ±  0.00  (1 rows)

--- Q12 ---
  DuckDB        611.42 ms ±  0.00  (2 rows)

--- Q14 ---
  DuckDB       1097.07 ms ±  0.00  (1 rows)

--- Q07 ---
  DuckDB        915.20 ms ±  0.00  (4 rows)

--- Q09 ---
  DuckDB       2359.85 ms ±  0.00  (175 rows)

--- Q10 ---
  DuckDB       1796.47 ms ±  0.00  (381105 rows)

--- Q22 ---
  DuckDB        427.32 ms ±  0.00  (7 rows)

--- Q06 ---
  DuckDB        427.68 ms ±  0.00  (1 rows)

--- Q08 ---
  DuckDB       1227.67 ms ±  0.00  (2 rows)

--- Q11 ---
  DuckDB         80.01 ms ±  0.00  (8685 rows)

--- Q13 ---
  DuckDB       2060.72 ms ±  0.00  (46 rows)

wrote /Users/ryanevans/RustroverProjects/ematix-flow/bench-results/campaign-2026-07-01/tput-sf10/duckdb/s100/batch-4/stream-41.md
