=== TPC-H 22 triangulation bench ===
    data:    /Users/ryanevans/RustroverProjects/ematix-flow/examples/tpch/data/sf10
    queries: 22 ([19, 17, 21, 1, 8, 6, 7, 20, 18, 5, 4, 11, 14, 2, 12, 13, 3, 16, 9, 10, 22, 15])
    trials:  1 (after 0 warmups)
    output:  /Users/ryanevans/RustroverProjects/ematix-flow/bench-results/campaign-2026-07-01/tput-sf10/duckdb/s100/batch-4/stream-63.md

    NOTE: single-invocation output is SMOKE-GRADE only. For win/loss
    claims use scripts/bench/strict_22q.sh / strict_ab.sh /
    strict_throughput.sh (see scripts/bench/README.md).

--- Q19 ---
  DuckDB       1358.41 ms ±  0.00  (1 rows)

--- Q17 ---
  DuckDB        916.22 ms ±  0.00  (1 rows)

--- Q21 ---
  DuckDB       2549.89 ms ±  0.00  (4009 rows)

--- Q01 ---
  DuckDB       2015.99 ms ±  0.00  (4 rows)

--- Q08 ---
  DuckDB       1208.26 ms ±  0.00  (2 rows)

--- Q06 ---
  DuckDB        504.94 ms ±  0.00  (1 rows)

--- Q07 ---
  DuckDB       1013.24 ms ±  0.00  (4 rows)

--- Q20 ---
  DuckDB       1031.47 ms ±  0.00  (1804 rows)

--- Q18 ---
  DuckDB       1427.50 ms ±  0.00  (624 rows)

--- Q05 ---
  DuckDB       1011.69 ms ±  0.00  (5 rows)

--- Q04 ---
  DuckDB        795.56 ms ±  0.00  (5 rows)

--- Q11 ---
  DuckDB        309.16 ms ±  0.00  (8685 rows)

--- Q14 ---
  DuckDB       1096.88 ms ±  0.00  (1 rows)

--- Q02 ---
  DuckDB        276.28 ms ±  0.00  (4667 rows)

--- Q12 ---
  DuckDB        740.83 ms ±  0.00  (2 rows)

--- Q13 ---
  DuckDB       1931.65 ms ±  0.00  (46 rows)

--- Q03 ---
  DuckDB        981.26 ms ±  0.00  (114003 rows)

--- Q16 ---
  DuckDB        344.59 ms ±  0.00  (27840 rows)

--- Q09 ---
  DuckDB       2240.84 ms ±  0.00  (175 rows)

--- Q10 ---
  DuckDB       1873.65 ms ±  0.00  (381105 rows)

--- Q22 ---
  DuckDB        516.26 ms ±  0.00  (7 rows)

--- Q15 ---
  DuckDB        599.48 ms ±  0.00  (1 rows)

wrote /Users/ryanevans/RustroverProjects/ematix-flow/bench-results/campaign-2026-07-01/tput-sf10/duckdb/s100/batch-4/stream-63.md
