=== TPC-H 22 triangulation bench ===
    data:    /Users/ryanevans/RustroverProjects/ematix-flow/examples/tpch/data/sf10
    queries: 22 ([6, 13, 4, 21, 14, 2, 20, 18, 9, 12, 7, 22, 16, 17, 11, 19, 10, 5, 1, 15, 3, 8])
    trials:  1 (after 0 warmups)
    output:  /Users/ryanevans/RustroverProjects/ematix-flow/bench-results/campaign-2026-07-01/tput-sf10/duckdb/s100/batch-4/stream-59.md

    NOTE: single-invocation output is SMOKE-GRADE only. For win/loss
    claims use scripts/bench/strict_22q.sh / strict_ab.sh /
    strict_throughput.sh (see scripts/bench/README.md).

--- Q06 ---
  DuckDB        421.54 ms ±  0.00  (1 rows)

--- Q13 ---
  DuckDB       1841.38 ms ±  0.00  (46 rows)

--- Q04 ---
  DuckDB        732.49 ms ±  0.00  (5 rows)

--- Q21 ---
  DuckDB       3113.50 ms ±  0.00  (4009 rows)

--- Q14 ---
  DuckDB        923.16 ms ±  0.00  (1 rows)

--- Q02 ---
  DuckDB        196.03 ms ±  0.00  (4667 rows)

--- Q20 ---
  DuckDB       1051.10 ms ±  0.00  (1804 rows)

--- Q18 ---
  DuckDB       1598.97 ms ±  0.00  (624 rows)

--- Q09 ---
  DuckDB       2285.25 ms ±  0.00  (175 rows)

--- Q12 ---
  DuckDB        987.20 ms ±  0.00  (2 rows)

--- Q07 ---
  DuckDB       1044.44 ms ±  0.00  (4 rows)

--- Q22 ---
  DuckDB        310.82 ms ±  0.00  (7 rows)

--- Q16 ---
  DuckDB        367.78 ms ±  0.00  (27840 rows)

--- Q17 ---
  DuckDB       1263.97 ms ±  0.00  (1 rows)

--- Q11 ---
  DuckDB        127.30 ms ±  0.00  (8685 rows)

--- Q19 ---
  DuckDB       1328.96 ms ±  0.00  (1 rows)

--- Q10 ---
  DuckDB       1691.92 ms ±  0.00  (381105 rows)

--- Q05 ---
  DuckDB        976.37 ms ±  0.00  (5 rows)

--- Q01 ---
  DuckDB       1835.42 ms ±  0.00  (4 rows)

--- Q15 ---
  DuckDB        542.86 ms ±  0.00  (1 rows)

--- Q03 ---
  DuckDB       1058.33 ms ±  0.00  (114003 rows)

--- Q08 ---
  DuckDB       1206.91 ms ±  0.00  (2 rows)

wrote /Users/ryanevans/RustroverProjects/ematix-flow/bench-results/campaign-2026-07-01/tput-sf10/duckdb/s100/batch-4/stream-59.md
