=== TPC-H 22 triangulation bench ===
    data:    /Users/ryanevans/RustroverProjects/ematix-flow/examples/tpch/data/sf10
    queries: 22 ([2, 9, 10, 17, 1, 22, 13, 21, 20, 12, 5, 14, 3, 18, 19, 16, 7, 8, 11, 15, 4, 6])
    trials:  1 (after 0 warmups)
    output:  /Users/ryanevans/RustroverProjects/ematix-flow/bench-results/campaign-2026-07-01/tput-sf10/duckdb/s100/batch-4/stream-18.md

    NOTE: single-invocation output is SMOKE-GRADE only. For win/loss
    claims use scripts/bench/strict_22q.sh / strict_ab.sh /
    strict_throughput.sh (see scripts/bench/README.md).

--- Q02 ---
  DuckDB        102.69 ms ±  0.00  (4667 rows)

--- Q09 ---
  DuckDB       2073.27 ms ±  0.00  (175 rows)

--- Q10 ---
  DuckDB       1965.54 ms ±  0.00  (381105 rows)

--- Q17 ---
  DuckDB       1196.27 ms ±  0.00  (1 rows)

--- Q01 ---
  DuckDB       2026.35 ms ±  0.00  (4 rows)

--- Q22 ---
  DuckDB        488.31 ms ±  0.00  (7 rows)

--- Q13 ---
  DuckDB       1619.14 ms ±  0.00  (46 rows)

--- Q21 ---
  DuckDB       2897.50 ms ±  0.00  (4009 rows)

--- Q20 ---
  DuckDB        986.18 ms ±  0.00  (1804 rows)

--- Q12 ---
  DuckDB        861.84 ms ±  0.00  (2 rows)

--- Q05 ---
  DuckDB        933.03 ms ±  0.00  (5 rows)

--- Q14 ---
  DuckDB        841.63 ms ±  0.00  (1 rows)

--- Q03 ---
  DuckDB       1130.66 ms ±  0.00  (114003 rows)

--- Q18 ---
  DuckDB       1610.12 ms ±  0.00  (624 rows)

--- Q19 ---
  DuckDB       1512.82 ms ±  0.00  (1 rows)

--- Q16 ---
  DuckDB        401.14 ms ±  0.00  (27840 rows)

--- Q07 ---
  DuckDB       1026.27 ms ±  0.00  (4 rows)

--- Q08 ---
  DuckDB       1095.13 ms ±  0.00  (2 rows)

--- Q11 ---
  DuckDB        158.97 ms ±  0.00  (8685 rows)

--- Q15 ---
  DuckDB        513.53 ms ±  0.00  (1 rows)

--- Q04 ---
  DuckDB        607.97 ms ±  0.00  (5 rows)

--- Q06 ---
  DuckDB        515.07 ms ±  0.00  (1 rows)

wrote /Users/ryanevans/RustroverProjects/ematix-flow/bench-results/campaign-2026-07-01/tput-sf10/duckdb/s100/batch-4/stream-18.md
