=== TPC-H 22 triangulation bench ===
    data:    /Users/ryanevans/RustroverProjects/ematix-flow/examples/tpch/data/sf10
    queries: 22 ([3, 4, 18, 14, 1, 11, 9, 12, 16, 10, 8, 13, 5, 6, 17, 15, 22, 2, 20, 21, 7, 19])
    trials:  1 (after 0 warmups)
    output:  /Users/ryanevans/RustroverProjects/ematix-flow/bench-results/campaign-2026-07-01/tput-sf10/duckdb/s100/batch-4/stream-58.md

    NOTE: single-invocation output is SMOKE-GRADE only. For win/loss
    claims use scripts/bench/strict_22q.sh / strict_ab.sh /
    strict_throughput.sh (see scripts/bench/README.md).

--- Q03 ---
  DuckDB       1035.73 ms ±  0.00  (114003 rows)

--- Q04 ---
  DuckDB        632.90 ms ±  0.00  (5 rows)

--- Q18 ---
  DuckDB       1512.82 ms ±  0.00  (624 rows)

--- Q14 ---
  DuckDB        904.28 ms ±  0.00  (1 rows)

--- Q01 ---
  DuckDB       2024.17 ms ±  0.00  (4 rows)

--- Q11 ---
  DuckDB        173.52 ms ±  0.00  (8685 rows)

--- Q09 ---
  DuckDB       2456.60 ms ±  0.00  (175 rows)

--- Q12 ---
  DuckDB        796.68 ms ±  0.00  (2 rows)

--- Q16 ---
  DuckDB        329.69 ms ±  0.00  (27840 rows)

--- Q10 ---
  DuckDB       1845.73 ms ±  0.00  (381105 rows)

--- Q08 ---
  DuckDB       1231.62 ms ±  0.00  (2 rows)

--- Q13 ---
  DuckDB       1779.44 ms ±  0.00  (46 rows)

--- Q05 ---
  DuckDB       1090.20 ms ±  0.00  (5 rows)

--- Q06 ---
  DuckDB        613.17 ms ±  0.00  (1 rows)

--- Q17 ---
  DuckDB       1004.91 ms ±  0.00  (1 rows)

--- Q15 ---
  DuckDB        547.27 ms ±  0.00  (1 rows)

--- Q22 ---
  DuckDB        267.82 ms ±  0.00  (7 rows)

--- Q02 ---
  DuckDB        168.32 ms ±  0.00  (4667 rows)

--- Q20 ---
  DuckDB        862.98 ms ±  0.00  (1804 rows)

--- Q21 ---
  DuckDB       2563.63 ms ±  0.00  (4009 rows)

--- Q07 ---
  DuckDB        963.87 ms ±  0.00  (4 rows)

--- Q19 ---
  DuckDB       1363.57 ms ±  0.00  (1 rows)

wrote /Users/ryanevans/RustroverProjects/ematix-flow/bench-results/campaign-2026-07-01/tput-sf10/duckdb/s100/batch-4/stream-58.md
