=== TPC-H 22 triangulation bench ===
    data:    /Users/ryanevans/RustroverProjects/ematix-flow/examples/tpch/data/sf10
    queries: 22 ([8, 14, 3, 16, 10, 19, 20, 13, 21, 22, 1, 6, 2, 12, 15, 17, 11, 9, 4, 18, 7, 5])
    trials:  1 (after 0 warmups)
    output:  /Users/ryanevans/RustroverProjects/ematix-flow/bench-results/campaign-2026-07-01/tput-sf10/duckdb/s100/batch-4/stream-87.md

    NOTE: single-invocation output is SMOKE-GRADE only. For win/loss
    claims use scripts/bench/strict_22q.sh / strict_ab.sh /
    strict_throughput.sh (see scripts/bench/README.md).

--- Q08 ---
  DuckDB       1247.15 ms ±  0.00  (2 rows)

--- Q14 ---
  DuckDB       1042.70 ms ±  0.00  (1 rows)

--- Q03 ---
  DuckDB        951.08 ms ±  0.00  (114003 rows)

--- Q16 ---
  DuckDB        479.19 ms ±  0.00  (27840 rows)

--- Q10 ---
  DuckDB       2004.72 ms ±  0.00  (381105 rows)

--- Q19 ---
  DuckDB       1405.34 ms ±  0.00  (1 rows)

--- Q20 ---
  DuckDB       1144.51 ms ±  0.00  (1804 rows)

--- Q13 ---
  DuckDB       1844.18 ms ±  0.00  (46 rows)

--- Q21 ---
  DuckDB       2771.36 ms ±  0.00  (4009 rows)

--- Q22 ---
  DuckDB        393.51 ms ±  0.00  (7 rows)

--- Q01 ---
  DuckDB       1727.79 ms ±  0.00  (4 rows)

--- Q06 ---
  DuckDB        487.47 ms ±  0.00  (1 rows)

--- Q02 ---
  DuckDB        139.47 ms ±  0.00  (4667 rows)

--- Q12 ---
  DuckDB        800.27 ms ±  0.00  (2 rows)

--- Q15 ---
  DuckDB        502.24 ms ±  0.00  (1 rows)

--- Q17 ---
  DuckDB       1065.99 ms ±  0.00  (1 rows)

--- Q11 ---
  DuckDB         99.68 ms ±  0.00  (8685 rows)

--- Q09 ---
  DuckDB       2156.09 ms ±  0.00  (175 rows)

--- Q04 ---
  DuckDB        676.96 ms ±  0.00  (5 rows)

--- Q18 ---
  DuckDB       1398.20 ms ±  0.00  (624 rows)

--- Q07 ---
  DuckDB        746.23 ms ±  0.00  (4 rows)

--- Q05 ---
  DuckDB        989.95 ms ±  0.00  (5 rows)

wrote /Users/ryanevans/RustroverProjects/ematix-flow/bench-results/campaign-2026-07-01/tput-sf10/duckdb/s100/batch-4/stream-87.md
