=== TPC-H 22 triangulation bench ===
    data:    /Users/ryanevans/RustroverProjects/ematix-flow/examples/tpch/data/sf10
    queries: 22 ([12, 8, 14, 3, 15, 6, 16, 22, 13, 10, 19, 18, 4, 2, 21, 7, 5, 9, 1, 20, 17, 11])
    trials:  1 (after 0 warmups)
    output:  /Users/ryanevans/RustroverProjects/ematix-flow/bench-results/campaign-2026-07-01/tput-sf10/duckdb/s100/batch-4/stream-71.md

    NOTE: single-invocation output is SMOKE-GRADE only. For win/loss
    claims use scripts/bench/strict_22q.sh / strict_ab.sh /
    strict_throughput.sh (see scripts/bench/README.md).

--- Q12 ---
  DuckDB        665.86 ms ±  0.00  (2 rows)

--- Q08 ---
  DuckDB       1369.63 ms ±  0.00  (2 rows)

--- Q14 ---
  DuckDB       1076.66 ms ±  0.00  (1 rows)

--- Q03 ---
  DuckDB        954.71 ms ±  0.00  (114003 rows)

--- Q15 ---
  DuckDB        582.16 ms ±  0.00  (1 rows)

--- Q06 ---
  DuckDB        440.39 ms ±  0.00  (1 rows)

--- Q16 ---
  DuckDB        217.49 ms ±  0.00  (27840 rows)

--- Q22 ---
  DuckDB        372.96 ms ±  0.00  (7 rows)

--- Q13 ---
  DuckDB       1843.03 ms ±  0.00  (46 rows)

--- Q10 ---
  DuckDB       1896.67 ms ±  0.00  (381105 rows)

--- Q19 ---
  DuckDB       1516.27 ms ±  0.00  (1 rows)

--- Q18 ---
  DuckDB       1447.87 ms ±  0.00  (624 rows)

--- Q04 ---
  DuckDB        763.28 ms ±  0.00  (5 rows)

--- Q02 ---
  DuckDB        122.77 ms ±  0.00  (4667 rows)

--- Q21 ---
  DuckDB       2724.81 ms ±  0.00  (4009 rows)

--- Q07 ---
  DuckDB       1199.75 ms ±  0.00  (4 rows)

--- Q05 ---
  DuckDB       1056.26 ms ±  0.00  (5 rows)

--- Q09 ---
  DuckDB       2122.48 ms ±  0.00  (175 rows)

--- Q01 ---
  DuckDB       1825.53 ms ±  0.00  (4 rows)

--- Q20 ---
  DuckDB        777.27 ms ±  0.00  (1804 rows)

--- Q17 ---
  DuckDB       1156.30 ms ±  0.00  (1 rows)

--- Q11 ---
  DuckDB        115.63 ms ±  0.00  (8685 rows)

wrote /Users/ryanevans/RustroverProjects/ematix-flow/bench-results/campaign-2026-07-01/tput-sf10/duckdb/s100/batch-4/stream-71.md
