=== TPC-H 22 triangulation bench ===
    data:    /Users/ryanevans/RustroverProjects/ematix-flow/examples/tpch/data/sf10
    queries: 22 ([18, 6, 8, 19, 1, 12, 2, 9, 7, 16, 21, 13, 17, 14, 3, 22, 11, 5, 20, 15, 10, 4])
    trials:  1 (after 0 warmups)
    output:  /Users/ryanevans/RustroverProjects/ematix-flow/bench-results/campaign-2026-07-01/tput-sf10/duckdb/s100/batch-4/stream-70.md

    NOTE: single-invocation output is SMOKE-GRADE only. For win/loss
    claims use scripts/bench/strict_22q.sh / strict_ab.sh /
    strict_throughput.sh (see scripts/bench/README.md).

--- Q18 ---
  DuckDB       1716.92 ms ±  0.00  (624 rows)

--- Q06 ---
  DuckDB        441.20 ms ±  0.00  (1 rows)

--- Q08 ---
  DuckDB       1372.43 ms ±  0.00  (2 rows)

--- Q19 ---
  DuckDB       1481.14 ms ±  0.00  (1 rows)

--- Q01 ---
  DuckDB       1993.27 ms ±  0.00  (4 rows)

--- Q12 ---
  DuckDB        884.80 ms ±  0.00  (2 rows)

--- Q02 ---
  DuckDB        207.15 ms ±  0.00  (4667 rows)

--- Q09 ---
  DuckDB       2475.32 ms ±  0.00  (175 rows)

--- Q07 ---
  DuckDB        954.14 ms ±  0.00  (4 rows)

--- Q16 ---
  DuckDB        196.85 ms ±  0.00  (27840 rows)

--- Q21 ---
  DuckDB       2850.21 ms ±  0.00  (4009 rows)

--- Q13 ---
  DuckDB       1886.86 ms ±  0.00  (46 rows)

--- Q17 ---
  DuckDB       1089.08 ms ±  0.00  (1 rows)

--- Q14 ---
  DuckDB       1030.61 ms ±  0.00  (1 rows)

--- Q03 ---
  DuckDB       1071.25 ms ±  0.00  (114003 rows)

--- Q22 ---
  DuckDB        313.31 ms ±  0.00  (7 rows)

--- Q11 ---
  DuckDB         66.97 ms ±  0.00  (8685 rows)

--- Q05 ---
  DuckDB        835.63 ms ±  0.00  (5 rows)

--- Q20 ---
  DuckDB        900.90 ms ±  0.00  (1804 rows)

--- Q15 ---
  DuckDB        535.66 ms ±  0.00  (1 rows)

--- Q10 ---
  DuckDB       1849.57 ms ±  0.00  (381105 rows)

--- Q04 ---
  DuckDB        714.31 ms ±  0.00  (5 rows)

wrote /Users/ryanevans/RustroverProjects/ematix-flow/bench-results/campaign-2026-07-01/tput-sf10/duckdb/s100/batch-4/stream-70.md
