=== TPC-H 22 triangulation bench ===
    data:    /Users/ryanevans/RustroverProjects/ematix-flow/examples/tpch/data/sf10
    queries: 22 ([2, 14, 17, 6, 11, 7, 20, 13, 15, 4, 9, 21, 22, 1, 10, 3, 16, 12, 5, 18, 19, 8])
    trials:  1 (after 0 warmups)
    output:  bench-results/sched-arc-2026-07-03/sf10-final/duckdb/s10/batch-2/stream-3.md

    NOTE: single-invocation output is SMOKE-GRADE only. For win/loss
    claims use scripts/bench/strict_22q.sh / strict_ab.sh /
    strict_throughput.sh (see scripts/bench/README.md).

--- Q02 ---
  DuckDB        128.87 ms ±  0.00  (4667 rows)

--- Q14 ---
  DuckDB        969.46 ms ±  0.00  (1 rows)

--- Q17 ---
  DuckDB       1164.33 ms ±  0.00  (1 rows)

--- Q06 ---
  DuckDB        544.65 ms ±  0.00  (1 rows)

--- Q11 ---
  DuckDB        132.50 ms ±  0.00  (8685 rows)

--- Q07 ---
  DuckDB       1142.01 ms ±  0.00  (4 rows)

--- Q20 ---
  DuckDB       1152.79 ms ±  0.00  (1804 rows)

--- Q13 ---
  DuckDB       1703.87 ms ±  0.00  (46 rows)

--- Q15 ---
  DuckDB        647.98 ms ±  0.00  (1 rows)

--- Q04 ---
  DuckDB        674.18 ms ±  0.00  (5 rows)

--- Q09 ---
  DuckDB       2254.52 ms ±  0.00  (175 rows)

--- Q21 ---
  DuckDB       3336.57 ms ±  0.00  (4009 rows)

--- Q22 ---
  DuckDB        502.29 ms ±  0.00  (7 rows)

--- Q01 ---
  DuckDB       2043.44 ms ±  0.00  (4 rows)

--- Q10 ---
  DuckDB       1817.73 ms ±  0.00  (381105 rows)

--- Q03 ---
  DuckDB       1204.56 ms ±  0.00  (114003 rows)

--- Q16 ---
  DuckDB        486.11 ms ±  0.00  (27840 rows)

--- Q12 ---
  DuckDB        921.14 ms ±  0.00  (2 rows)

--- Q05 ---
  DuckDB        785.82 ms ±  0.00  (5 rows)

--- Q18 ---
  DuckDB       1693.08 ms ±  0.00  (624 rows)

--- Q19 ---
  DuckDB       1401.74 ms ±  0.00  (1 rows)

--- Q08 ---
  DuckDB       1119.93 ms ±  0.00  (2 rows)

wrote bench-results/sched-arc-2026-07-03/sf10-final/duckdb/s10/batch-2/stream-3.md
