=== TPC-H 22 triangulation bench ===
    data:    /Users/ryanevans/RustroverProjects/ematix-flow/examples/tpch/data/sf10
    queries: 22 ([4, 13, 6, 17, 21, 10, 12, 22, 9, 18, 3, 11, 5, 8, 20, 15, 7, 1, 16, 14, 2, 19])
    trials:  1 (after 0 warmups)
    output:  bench-results/sched-arc-2026-07-03/sf10-final/duckdb/s10/batch-2/stream-10.md

    NOTE: single-invocation output is SMOKE-GRADE only. For win/loss
    claims use scripts/bench/strict_22q.sh / strict_ab.sh /
    strict_throughput.sh (see scripts/bench/README.md).

--- Q04 ---
  DuckDB        721.87 ms ±  0.00  (5 rows)

--- Q13 ---
  DuckDB       2080.83 ms ±  0.00  (46 rows)

--- Q06 ---
  DuckDB        460.20 ms ±  0.00  (1 rows)

--- Q17 ---
  DuckDB       1329.39 ms ±  0.00  (1 rows)

--- Q21 ---
  DuckDB       3201.77 ms ±  0.00  (4009 rows)

--- Q10 ---
  DuckDB       1968.31 ms ±  0.00  (381105 rows)

--- Q12 ---
  DuckDB        898.32 ms ±  0.00  (2 rows)

--- Q22 ---
  DuckDB        280.90 ms ±  0.00  (7 rows)

--- Q09 ---
  DuckDB       2226.48 ms ±  0.00  (175 rows)

--- Q18 ---
  DuckDB       1460.89 ms ±  0.00  (624 rows)

--- Q03 ---
  DuckDB       1350.64 ms ±  0.00  (114003 rows)

--- Q11 ---
  DuckDB        118.35 ms ±  0.00  (8685 rows)

--- Q05 ---
  DuckDB        907.79 ms ±  0.00  (5 rows)

--- Q08 ---
  DuckDB       1356.07 ms ±  0.00  (2 rows)

--- Q20 ---
  DuckDB       1204.79 ms ±  0.00  (1804 rows)

--- Q15 ---
  DuckDB        546.31 ms ±  0.00  (1 rows)

--- Q07 ---
  DuckDB       1169.63 ms ±  0.00  (4 rows)

--- Q01 ---
  DuckDB       2133.84 ms ±  0.00  (4 rows)

--- Q16 ---
  DuckDB        328.92 ms ±  0.00  (27840 rows)

--- Q14 ---
  DuckDB        888.75 ms ±  0.00  (1 rows)

--- Q02 ---
  DuckDB        114.61 ms ±  0.00  (4667 rows)

--- Q19 ---
  DuckDB        791.26 ms ±  0.00  (1 rows)

wrote bench-results/sched-arc-2026-07-03/sf10-final/duckdb/s10/batch-2/stream-10.md
