=== TPC-H 22 triangulation bench ===
    data:    /Users/ryanevans/RustroverProjects/ematix-flow/examples/tpch/data/sf10
    queries: 22 ([21, 13, 19, 22, 10, 14, 5, 7, 4, 16, 6, 2, 3, 18, 11, 8, 15, 1, 17, 12, 9, 20])
    trials:  1 (after 0 warmups)
    output:  bench-results/sched-arc-2026-07-03/sf10-final/duckdb/s10/batch-2/stream-5.md

    NOTE: single-invocation output is SMOKE-GRADE only. For win/loss
    claims use scripts/bench/strict_22q.sh / strict_ab.sh /
    strict_throughput.sh (see scripts/bench/README.md).

--- Q21 ---
  DuckDB       2782.96 ms ±  0.00  (4009 rows)

--- Q13 ---
  DuckDB       1788.25 ms ±  0.00  (46 rows)

--- Q19 ---
  DuckDB       1628.07 ms ±  0.00  (1 rows)

--- Q22 ---
  DuckDB        477.05 ms ±  0.00  (7 rows)

--- Q10 ---
  DuckDB       1929.39 ms ±  0.00  (381105 rows)

--- Q14 ---
  DuckDB        770.92 ms ±  0.00  (1 rows)

--- Q05 ---
  DuckDB       1044.99 ms ±  0.00  (5 rows)

--- Q07 ---
  DuckDB       1010.97 ms ±  0.00  (4 rows)

--- Q04 ---
  DuckDB        615.43 ms ±  0.00  (5 rows)

--- Q16 ---
  DuckDB        300.15 ms ±  0.00  (27840 rows)

--- Q06 ---
  DuckDB        559.97 ms ±  0.00  (1 rows)

--- Q02 ---
  DuckDB        415.57 ms ±  0.00  (4667 rows)

--- Q03 ---
  DuckDB       1052.05 ms ±  0.00  (114003 rows)

--- Q18 ---
  DuckDB       1854.97 ms ±  0.00  (624 rows)

--- Q11 ---
  DuckDB         71.38 ms ±  0.00  (8685 rows)

--- Q08 ---
  DuckDB       1092.16 ms ±  0.00  (2 rows)

--- Q15 ---
  DuckDB        657.19 ms ±  0.00  (1 rows)

--- Q01 ---
  DuckDB       1941.58 ms ±  0.00  (4 rows)

--- Q17 ---
  DuckDB       1137.99 ms ±  0.00  (1 rows)

--- Q12 ---
  DuckDB        956.63 ms ±  0.00  (2 rows)

--- Q09 ---
  DuckDB       2380.74 ms ±  0.00  (175 rows)

--- Q20 ---
  DuckDB        607.16 ms ±  0.00  (1804 rows)

wrote bench-results/sched-arc-2026-07-03/sf10-final/duckdb/s10/batch-2/stream-5.md
