=== TPC-H 22 triangulation bench ===
    data:    /Users/ryanevans/RustroverProjects/ematix-flow/examples/tpch/data/sf10
    queries: 22 ([4, 13, 6, 17, 21, 10, 12, 22, 9, 18, 3, 11, 5, 8, 20, 15, 7, 1, 16, 14, 2, 19])
    trials:  1 (after 0 warmups)
    output:  bench-results/sched-diag-2026-07-03/auto-rayon2/ematix/s10/batch-1/stream-10.md

    NOTE: single-invocation output is SMOKE-GRADE only. For win/loss
    claims use scripts/bench/strict_22q.sh / strict_ab.sh /
    strict_throughput.sh (see scripts/bench/README.md).

--- Q04 ---
  ematix-flow   825.82 ms ±  0.00  (5 rows)

--- Q13 ---
  ematix-flow  1184.49 ms ±  0.00  (46 rows)

--- Q06 ---
  ematix-flow   276.56 ms ±  0.00  (1 rows)

--- Q17 ---
  ematix-flow   446.85 ms ±  0.00  (1 rows)

--- Q21 ---
  ematix-flow  2408.67 ms ±  0.00  (4009 rows)

--- Q10 ---
  ematix-flow  1782.44 ms ±  0.00  (381105 rows)

--- Q12 ---
  ematix-flow   643.66 ms ±  0.00  (2 rows)

--- Q22 ---
  ematix-flow   442.51 ms ±  0.00  (7 rows)

--- Q09 ---
  ematix-flow  3375.51 ms ±  0.00  (175 rows)

--- Q18 ---
  ematix-flow  3854.30 ms ±  0.00  (624 rows)

--- Q03 ---
  ematix-flow  1350.65 ms ±  0.00  (114003 rows)

--- Q11 ---
  ematix-flow   210.33 ms ±  0.00  (8685 rows)

--- Q05 ---
  ematix-flow  1469.57 ms ±  0.00  (5 rows)

--- Q08 ---
  ematix-flow  1206.93 ms ±  0.00  (2 rows)

--- Q20 ---
  ematix-flow  1113.83 ms ±  0.00  (1804 rows)

--- Q15 ---
  ematix-flow   436.95 ms ±  0.00  (1 rows)

--- Q07 ---
  ematix-flow  1253.28 ms ±  0.00  (4 rows)

--- Q01 ---
  ematix-flow  4158.28 ms ±  0.00  (4 rows)

--- Q16 ---
  ematix-flow   209.82 ms ±  0.00  (27840 rows)

--- Q14 ---
  ematix-flow   166.22 ms ±  0.00  (1 rows)

--- Q02 ---
  ematix-flow    32.63 ms ±  0.00  (4667 rows)

--- Q19 ---
  ematix-flow   201.33 ms ±  0.00  (1 rows)

wrote bench-results/sched-diag-2026-07-03/auto-rayon2/ematix/s10/batch-1/stream-10.md
