=== TPC-H 22 triangulation bench ===
    data:    /Users/ryanevans/RustroverProjects/ematix-flow/examples/tpch/data/sf10
    queries: 22 ([21, 14, 13, 22, 7, 18, 4, 20, 17, 15, 6, 12, 8, 10, 11, 5, 1, 2, 9, 16, 3, 19])
    trials:  1 (after 0 warmups)
    output:  bench-results/sched-diag-2026-07-03/auto-rayon2/ematix/s10/batch-1/stream-6.md

    NOTE: single-invocation output is SMOKE-GRADE only. For win/loss
    claims use scripts/bench/strict_22q.sh / strict_ab.sh /
    strict_throughput.sh (see scripts/bench/README.md).

--- Q21 ---
  ematix-flow  2531.94 ms ±  0.00  (4009 rows)

--- Q14 ---
  ematix-flow   257.65 ms ±  0.00  (1 rows)

--- Q13 ---
  ematix-flow  1184.76 ms ±  0.00  (46 rows)

--- Q22 ---
  ematix-flow   375.45 ms ±  0.00  (7 rows)

--- Q07 ---
  ematix-flow   972.83 ms ±  0.00  (4 rows)

--- Q18 ---
  ematix-flow  2900.22 ms ±  0.00  (624 rows)

--- Q04 ---
  ematix-flow   795.17 ms ±  0.00  (5 rows)

--- Q20 ---
  ematix-flow   922.83 ms ±  0.00  (1804 rows)

--- Q17 ---
  ematix-flow  1106.80 ms ±  0.00  (1 rows)

--- Q15 ---
  ematix-flow   443.15 ms ±  0.00  (1 rows)

--- Q06 ---
  ematix-flow   172.39 ms ±  0.00  (1 rows)

--- Q12 ---
  ematix-flow   849.20 ms ±  0.00  (2 rows)

--- Q08 ---
  ematix-flow   978.60 ms ±  0.00  (2 rows)

--- Q10 ---
  ematix-flow  1956.94 ms ±  0.00  (381105 rows)

--- Q11 ---
  ematix-flow   153.82 ms ±  0.00  (8685 rows)

--- Q05 ---
  ematix-flow  1237.20 ms ±  0.00  (5 rows)

--- Q01 ---
  ematix-flow  2701.08 ms ±  0.00  (4 rows)

--- Q02 ---
  ematix-flow   241.58 ms ±  0.00  (4667 rows)

--- Q09 ---
  ematix-flow  3800.53 ms ±  0.00  (175 rows)

--- Q16 ---
  ematix-flow   867.07 ms ±  0.00  (27840 rows)

--- Q03 ---
  ematix-flow  1445.62 ms ±  0.00  (114003 rows)

--- Q19 ---
  ematix-flow   583.38 ms ±  0.00  (1 rows)

wrote bench-results/sched-diag-2026-07-03/auto-rayon2/ematix/s10/batch-1/stream-6.md
