=== TPC-H 22 triangulation bench ===
    data:    /Users/ryanevans/RustroverProjects/ematix-flow/examples/tpch/data/sf10
    queries: 22 ([19, 22, 14, 11, 5, 18, 8, 16, 7, 20, 13, 1, 15, 4, 17, 9, 10, 6, 12, 21, 3, 2])
    trials:  1 (after 0 warmups)
    output:  bench-results/campaign-2026-07-01/tput-sf10-p2-diag/ematix/s10/batch-2/stream-2.md

    NOTE: single-invocation output is SMOKE-GRADE only. For win/loss
    claims use scripts/bench/strict_22q.sh / strict_ab.sh /
    strict_throughput.sh (see scripts/bench/README.md).

--- Q19 ---
  ematix-flow   357.67 ms ±  0.00  (1 rows)

--- Q22 ---
  ematix-flow   350.32 ms ±  0.00  (7 rows)

--- Q14 ---
  ematix-flow   311.48 ms ±  0.00  (1 rows)

--- Q11 ---
  ematix-flow   123.50 ms ±  0.00  (8685 rows)

--- Q05 ---
  ematix-flow  1587.78 ms ±  0.00  (5 rows)

--- Q18 ---
  ematix-flow  3178.73 ms ±  0.00  (624 rows)

--- Q08 ---
  ematix-flow  1039.27 ms ±  0.00  (2 rows)

--- Q16 ---
  ematix-flow   453.68 ms ±  0.00  (27840 rows)

--- Q07 ---
  ematix-flow  1077.73 ms ±  0.00  (4 rows)

--- Q20 ---
  ematix-flow   888.55 ms ±  0.00  (1804 rows)

--- Q13 ---
  ematix-flow  1290.54 ms ±  0.00  (46 rows)

--- Q01 ---
  ematix-flow  3179.38 ms ±  0.00  (4 rows)

--- Q15 ---
  ematix-flow   502.79 ms ±  0.00  (1 rows)

--- Q04 ---
  ematix-flow   892.95 ms ±  0.00  (5 rows)

--- Q17 ---
  ematix-flow   838.90 ms ±  0.00  (1 rows)

--- Q09 ---
  ematix-flow  3126.60 ms ±  0.00  (175 rows)

--- Q10 ---
  ematix-flow  1935.57 ms ±  0.00  (381105 rows)

--- Q06 ---
  ematix-flow   230.97 ms ±  0.00  (1 rows)

--- Q12 ---
  ematix-flow   717.29 ms ±  0.00  (2 rows)

--- Q21 ---
  ematix-flow  3459.65 ms ±  0.00  (4009 rows)

--- Q03 ---
  ematix-flow  1367.67 ms ±  0.00  (114003 rows)

--- Q02 ---
  ematix-flow    96.20 ms ±  0.00  (4667 rows)

wrote bench-results/campaign-2026-07-01/tput-sf10-p2-diag/ematix/s10/batch-2/stream-2.md
