=== TPC-H 22 triangulation bench ===
    data:    /Users/ryanevans/RustroverProjects/ematix-flow/examples/tpch/data/sf10
    queries: 22 ([6, 18, 21, 16, 8, 15, 22, 20, 7, 19, 14, 17, 9, 1, 10, 12, 4, 3, 2, 13, 5, 11])
    trials:  1 (after 0 warmups)
    output:  bench-results/campaign-2026-07-01/tput-sf10-p2-diag/ematix/s10/batch-2/stream-7.md

    NOTE: single-invocation output is SMOKE-GRADE only. For win/loss
    claims use scripts/bench/strict_22q.sh / strict_ab.sh /
    strict_throughput.sh (see scripts/bench/README.md).

--- Q06 ---
  ematix-flow   247.92 ms ±  0.00  (1 rows)

--- Q18 ---
  ematix-flow  3208.83 ms ±  0.00  (624 rows)

--- Q21 ---
  ematix-flow  2429.12 ms ±  0.00  (4009 rows)

--- Q16 ---
  ematix-flow   379.73 ms ±  0.00  (27840 rows)

--- Q08 ---
  ematix-flow  1062.38 ms ±  0.00  (2 rows)

--- Q15 ---
  ematix-flow   334.55 ms ±  0.00  (1 rows)

--- Q22 ---
  ematix-flow   389.48 ms ±  0.00  (7 rows)

--- Q20 ---
  ematix-flow  1021.57 ms ±  0.00  (1804 rows)

--- Q07 ---
  ematix-flow   960.92 ms ±  0.00  (4 rows)

--- Q19 ---
  ematix-flow   341.62 ms ±  0.00  (1 rows)

--- Q14 ---
  ematix-flow   262.11 ms ±  0.00  (1 rows)

--- Q17 ---
  ematix-flow   812.55 ms ±  0.00  (1 rows)

--- Q09 ---
  ematix-flow  3035.09 ms ±  0.00  (175 rows)

--- Q01 ---
  ematix-flow  3446.96 ms ±  0.00  (4 rows)

--- Q10 ---
  ematix-flow  2205.88 ms ±  0.00  (381105 rows)

--- Q12 ---
  ematix-flow   744.47 ms ±  0.00  (2 rows)

--- Q04 ---
  ematix-flow   873.89 ms ±  0.00  (5 rows)

--- Q03 ---
  ematix-flow  1127.46 ms ±  0.00  (114003 rows)

--- Q02 ---
  ematix-flow   144.00 ms ±  0.00  (4667 rows)

--- Q13 ---
  ematix-flow  1733.12 ms ±  0.00  (46 rows)

--- Q05 ---
  ematix-flow  1800.77 ms ±  0.00  (5 rows)

--- Q11 ---
  ematix-flow   201.49 ms ±  0.00  (8685 rows)

wrote bench-results/campaign-2026-07-01/tput-sf10-p2-diag/ematix/s10/batch-2/stream-7.md
