=== TPC-H 22 triangulation bench ===
    data:    /Users/ryanevans/RustroverProjects/ematix-flow/examples/tpch/data/sf10
    queries: 22 ([17, 21, 15, 19, 6, 10, 11, 22, 1, 18, 14, 9, 20, 4, 16, 3, 2, 7, 5, 13, 12, 8])
    trials:  1 (after 0 warmups)
    output:  bench-results/campaign-2026-07-01/tput-sf10-p2-diag/ematix/s10/batch-2/stream-8.md

    NOTE: single-invocation output is SMOKE-GRADE only. For win/loss
    claims use scripts/bench/strict_22q.sh / strict_ab.sh /
    strict_throughput.sh (see scripts/bench/README.md).

--- Q17 ---
  ematix-flow   729.98 ms ±  0.00  (1 rows)

--- Q21 ---
  ematix-flow  2589.91 ms ±  0.00  (4009 rows)

--- Q15 ---
  ematix-flow   363.43 ms ±  0.00  (1 rows)

--- Q19 ---
  ematix-flow   395.57 ms ±  0.00  (1 rows)

--- Q06 ---
  ematix-flow   240.54 ms ±  0.00  (1 rows)

--- Q10 ---
  ematix-flow  1417.40 ms ±  0.00  (381105 rows)

--- Q11 ---
  ematix-flow   218.84 ms ±  0.00  (8685 rows)

--- Q22 ---
  ematix-flow   327.21 ms ±  0.00  (7 rows)

--- Q01 ---
  ematix-flow  3308.87 ms ±  0.00  (4 rows)

--- Q18 ---
  ematix-flow  4062.56 ms ±  0.00  (624 rows)

--- Q14 ---
  ematix-flow   282.43 ms ±  0.00  (1 rows)

--- Q09 ---
  ematix-flow  3042.96 ms ±  0.00  (175 rows)

--- Q20 ---
  ematix-flow  1130.07 ms ±  0.00  (1804 rows)

--- Q04 ---
  ematix-flow  1135.62 ms ±  0.00  (5 rows)

--- Q16 ---
  ematix-flow   489.23 ms ±  0.00  (27840 rows)

--- Q03 ---
  ematix-flow  1455.98 ms ±  0.00  (114003 rows)

--- Q02 ---
  ematix-flow   209.67 ms ±  0.00  (4667 rows)

--- Q07 ---
  ematix-flow   990.15 ms ±  0.00  (4 rows)

--- Q05 ---
  ematix-flow  2171.82 ms ±  0.00  (5 rows)

--- Q13 ---
  ematix-flow  1702.07 ms ±  0.00  (46 rows)

--- Q12 ---
  ematix-flow   584.94 ms ±  0.00  (2 rows)

--- Q08 ---
  ematix-flow   715.51 ms ±  0.00  (2 rows)

wrote bench-results/campaign-2026-07-01/tput-sf10-p2-diag/ematix/s10/batch-2/stream-8.md
