=== TPC-H 22 triangulation bench ===
    data:    /Users/ryanevans/RustroverProjects/ematix-flow/examples/tpch/data/sf10
    queries: 22 ([4, 13, 6, 17, 21, 10, 12, 22, 9, 18, 3, 11, 5, 8, 20, 15, 7, 1, 16, 14, 2, 19])
    trials:  1 (after 0 warmups)
    output:  bench-results/campaign-2026-07-01/tput-sf10-p2-diag/ematix/s10/batch-2/stream-10.md

    NOTE: single-invocation output is SMOKE-GRADE only. For win/loss
    claims use scripts/bench/strict_22q.sh / strict_ab.sh /
    strict_throughput.sh (see scripts/bench/README.md).

--- Q04 ---
  ematix-flow   840.87 ms ±  0.00  (5 rows)

--- Q13 ---
  ematix-flow  1258.74 ms ±  0.00  (46 rows)

--- Q06 ---
  ematix-flow   159.63 ms ±  0.00  (1 rows)

--- Q17 ---
  ematix-flow   532.97 ms ±  0.00  (1 rows)

--- Q21 ---
  ematix-flow  2402.08 ms ±  0.00  (4009 rows)

--- Q10 ---
  ematix-flow  1603.55 ms ±  0.00  (381105 rows)

--- Q12 ---
  ematix-flow   717.78 ms ±  0.00  (2 rows)

--- Q22 ---
  ematix-flow   338.25 ms ±  0.00  (7 rows)

--- Q09 ---
  ematix-flow  2933.41 ms ±  0.00  (175 rows)

--- Q18 ---
  ematix-flow  4853.79 ms ±  0.00  (624 rows)

--- Q03 ---
  ematix-flow  1224.32 ms ±  0.00  (114003 rows)

--- Q11 ---
  ematix-flow   147.97 ms ±  0.00  (8685 rows)

--- Q05 ---
  ematix-flow  1659.37 ms ±  0.00  (5 rows)

--- Q08 ---
  ematix-flow  1379.34 ms ±  0.00  (2 rows)

--- Q20 ---
  ematix-flow  1076.00 ms ±  0.00  (1804 rows)

--- Q15 ---
  ematix-flow   380.24 ms ±  0.00  (1 rows)

--- Q07 ---
  ematix-flow  1093.09 ms ±  0.00  (4 rows)

--- Q01 ---
  ematix-flow  4065.32 ms ±  0.00  (4 rows)

--- Q16 ---
  ematix-flow   293.91 ms ±  0.00  (27840 rows)

--- Q14 ---
  ematix-flow   185.05 ms ±  0.00  (1 rows)

--- Q02 ---
  ematix-flow    56.80 ms ±  0.00  (4667 rows)

--- Q19 ---
  ematix-flow   263.50 ms ±  0.00  (1 rows)

wrote bench-results/campaign-2026-07-01/tput-sf10-p2-diag/ematix/s10/batch-2/stream-10.md
