=== TPC-H 22 triangulation bench ===
    data:    /Users/ryanevans/RustroverProjects/ematix-flow/examples/tpch/data/sf100
    queries: 22 ([6, 18, 21, 16, 8, 15, 22, 20, 7, 19, 14, 17, 9, 1, 10, 12, 4, 3, 2, 13, 5, 11])
    trials:  1 (after 0 warmups)
    output:  bench-results/sched-arc-2026-07-03/sf100-final/ematix/s10/batch-3/stream-7.md

    NOTE: single-invocation output is SMOKE-GRADE only. For win/loss
    claims use scripts/bench/strict_22q.sh / strict_ab.sh /
    strict_throughput.sh (see scripts/bench/README.md).

--- Q06 ---
  ematix-flow  2039.73 ms ±  0.00  (1 rows)

--- Q18 ---
  ematix-flow  83817.74 ms ±  0.00  (6398 rows)

--- Q21 ---
  ematix-flow  25770.42 ms ±  0.00  (39950 rows)

--- Q16 ---
  ematix-flow  3348.61 ms ±  0.00  (27840 rows)

--- Q08 ---
  ematix-flow  16561.95 ms ±  0.00  (2 rows)

--- Q15 ---
  ematix-flow  5757.87 ms ±  0.00  (1 rows)

--- Q22 ---
  ematix-flow  2517.49 ms ±  0.00  (7 rows)

--- Q20 ---
  ematix-flow  6917.20 ms ±  0.00  (17971 rows)

--- Q07 ---
  ematix-flow  5516.71 ms ±  0.00  (4 rows)

--- Q19 ---
  ematix-flow  2773.31 ms ±  0.00  (1 rows)

--- Q14 ---
  ematix-flow  2106.44 ms ±  0.00  (1 rows)

--- Q17 ---
  ematix-flow  3125.56 ms ±  0.00  (1 rows)

--- Q09 ---
  ematix-flow  14065.16 ms ±  0.00  (175 rows)

--- Q01 ---
  ematix-flow  5295.54 ms ±  0.00  (4 rows)

--- Q10 ---
  ematix-flow  6474.55 ms ±  0.00  (3884218 rows)

--- Q12 ---
  ematix-flow  3349.26 ms ±  0.00  (2 rows)

--- Q04 ---
  ematix-flow  2643.98 ms ±  0.00  (5 rows)

--- Q03 ---
  ematix-flow  4540.85 ms ±  0.00  (1131041 rows)

--- Q02 ---
  ematix-flow   807.54 ms ±  0.00  (47107 rows)

--- Q13 ---
  ematix-flow  5403.27 ms ±  0.00  (45 rows)

--- Q05 ---
  ematix-flow  5722.96 ms ±  0.00  (5 rows)

--- Q11 ---
  ematix-flow   743.74 ms ±  0.00  (92698 rows)

wrote bench-results/sched-arc-2026-07-03/sf100-final/ematix/s10/batch-3/stream-7.md
