=== TPC-H 22 triangulation bench ===
    data:    /Users/ryanevans/RustroverProjects/ematix-flow/examples/tpch/data/sf100
    queries: 22 ([21, 13, 19, 22, 10, 14, 5, 7, 4, 16, 6, 2, 3, 18, 11, 8, 15, 1, 17, 12, 9, 20])
    trials:  1 (after 0 warmups)
    output:  bench-results/sched-arc-2026-07-03/sf100-final/ematix/s10/batch-3/stream-5.md

    NOTE: single-invocation output is SMOKE-GRADE only. For win/loss
    claims use scripts/bench/strict_22q.sh / strict_ab.sh /
    strict_throughput.sh (see scripts/bench/README.md).

--- Q21 ---
  ematix-flow  9414.07 ms ±  0.00  (39950 rows)

--- Q13 ---
  ematix-flow  4297.16 ms ±  0.00  (45 rows)

--- Q19 ---
  ematix-flow  3246.36 ms ±  0.00  (1 rows)

--- Q22 ---
  ematix-flow  1517.76 ms ±  0.00  (7 rows)

--- Q10 ---
  ematix-flow  6890.69 ms ±  0.00  (3884218 rows)

--- Q14 ---
  ematix-flow  2029.83 ms ±  0.00  (1 rows)

--- Q05 ---
  ematix-flow  5825.97 ms ±  0.00  (5 rows)

--- Q07 ---
  ematix-flow  5786.36 ms ±  0.00  (4 rows)

--- Q04 ---
  ematix-flow  2999.64 ms ±  0.00  (5 rows)

--- Q16 ---
  ematix-flow  1434.23 ms ±  0.00  (27840 rows)

--- Q06 ---
  ematix-flow  1063.16 ms ±  0.00  (1 rows)

--- Q02 ---
  ematix-flow   778.24 ms ±  0.00  (47107 rows)

--- Q03 ---
  ematix-flow  6172.07 ms ±  0.00  (1131041 rows)

--- Q18 ---
  ematix-flow  14621.37 ms ±  0.00  (6398 rows)

--- Q11 ---
  ematix-flow   675.59 ms ±  0.00  (92698 rows)

--- Q08 ---
  ematix-flow  7653.49 ms ±  0.00  (2 rows)

--- Q15 ---
  ematix-flow  3534.21 ms ±  0.00  (1 rows)

--- Q01 ---
  ematix-flow  7096.00 ms ±  0.00  (4 rows)

--- Q17 ---
  ematix-flow  3925.01 ms ±  0.00  (1 rows)

--- Q12 ---
  ematix-flow  4560.10 ms ±  0.00  (2 rows)

--- Q09 ---
  ematix-flow  178805.92 ms ±  0.00  (175 rows)

--- Q20 ---
  ematix-flow  4352.87 ms ±  0.00  (17971 rows)

wrote bench-results/sched-arc-2026-07-03/sf100-final/ematix/s10/batch-3/stream-5.md
