=== TPC-H 22 triangulation bench ===
    data:    /Users/ryanevans/RustroverProjects/ematix-flow/examples/tpch/data/sf10
    queries: 22 ([19, 11, 18, 10, 4, 5, 22, 1, 8, 6, 13, 7, 20, 3, 15, 21, 14, 12, 16, 17, 2, 9])
    trials:  1 (after 0 warmups)
    output:  bench-results/sched-arc-2026-07-03/sf10-final/ematix/s100/batch-3/stream-52.md

    NOTE: single-invocation output is SMOKE-GRADE only. For win/loss
    claims use scripts/bench/strict_22q.sh / strict_ab.sh /
    strict_throughput.sh (see scripts/bench/README.md).

--- Q19 ---
  ematix-flow   971.30 ms ±  0.00  (1 rows)

--- Q11 ---
  ematix-flow   117.34 ms ±  0.00  (8685 rows)

--- Q18 ---
  ematix-flow  3111.33 ms ±  0.00  (624 rows)

--- Q10 ---
  ematix-flow  2057.77 ms ±  0.00  (381105 rows)

--- Q04 ---
  ematix-flow   673.66 ms ±  0.00  (5 rows)

--- Q05 ---
  ematix-flow  1825.87 ms ±  0.00  (5 rows)

--- Q22 ---
  ematix-flow   204.93 ms ±  0.00  (7 rows)

--- Q01 ---
  ematix-flow  3340.82 ms ±  0.00  (4 rows)

--- Q08 ---
  ematix-flow  2366.61 ms ±  0.00  (2 rows)

--- Q06 ---
  ematix-flow   366.19 ms ±  0.00  (1 rows)

--- Q13 ---
  ematix-flow  1390.03 ms ±  0.00  (46 rows)

--- Q07 ---
  ematix-flow  1450.10 ms ±  0.00  (4 rows)

--- Q20 ---
  ematix-flow  1428.11 ms ±  0.00  (1804 rows)

--- Q03 ---
  ematix-flow  1256.76 ms ±  0.00  (114003 rows)

--- Q15 ---
  ematix-flow   707.38 ms ±  0.00  (1 rows)

--- Q21 ---
  ematix-flow  2958.19 ms ±  0.00  (4009 rows)

--- Q14 ---
  ematix-flow   555.36 ms ±  0.00  (1 rows)

--- Q12 ---
  ematix-flow  1226.22 ms ±  0.00  (2 rows)

--- Q16 ---
  ematix-flow   397.14 ms ±  0.00  (27840 rows)

--- Q17 ---
  ematix-flow   563.39 ms ±  0.00  (1 rows)

--- Q02 ---
  ematix-flow   133.80 ms ±  0.00  (4667 rows)

--- Q09 ---
  ematix-flow  2547.77 ms ±  0.00  (175 rows)

wrote bench-results/sched-arc-2026-07-03/sf10-final/ematix/s100/batch-3/stream-52.md
