=== TPC-H 22 triangulation bench ===
    data:    /Users/ryanevans/RustroverProjects/ematix-flow/examples/tpch/data/sf10
    queries: 22 ([3, 11, 14, 20, 18, 22, 17, 13, 6, 7, 9, 1, 16, 8, 21, 19, 4, 12, 15, 5, 10, 2])
    trials:  1 (after 0 warmups)
    output:  bench-results/sched-arc-2026-07-03/sf10-final/ematix/s100/batch-3/stream-43.md

    NOTE: single-invocation output is SMOKE-GRADE only. For win/loss
    claims use scripts/bench/strict_22q.sh / strict_ab.sh /
    strict_throughput.sh (see scripts/bench/README.md).

--- Q03 ---
  ematix-flow  1274.45 ms ±  0.00  (114003 rows)

--- Q11 ---
  ematix-flow   137.88 ms ±  0.00  (8685 rows)

--- Q14 ---
  ematix-flow   607.29 ms ±  0.00  (1 rows)

--- Q20 ---
  ematix-flow  1434.55 ms ±  0.00  (1804 rows)

--- Q18 ---
  ematix-flow  3112.57 ms ±  0.00  (624 rows)

--- Q22 ---
  ematix-flow   264.92 ms ±  0.00  (7 rows)

--- Q17 ---
  ematix-flow   570.20 ms ±  0.00  (1 rows)

--- Q13 ---
  ematix-flow  1256.49 ms ±  0.00  (46 rows)

--- Q06 ---
  ematix-flow   277.91 ms ±  0.00  (1 rows)

--- Q07 ---
  ematix-flow  1663.01 ms ±  0.00  (4 rows)

--- Q09 ---
  ematix-flow  2496.41 ms ±  0.00  (175 rows)

--- Q01 ---
  ematix-flow  3046.08 ms ±  0.00  (4 rows)

--- Q16 ---
  ematix-flow   474.13 ms ±  0.00  (27840 rows)

--- Q08 ---
  ematix-flow  2201.16 ms ±  0.00  (2 rows)

--- Q21 ---
  ematix-flow  3045.53 ms ±  0.00  (4009 rows)

--- Q19 ---
  ematix-flow  1025.16 ms ±  0.00  (1 rows)

--- Q04 ---
  ematix-flow   737.85 ms ±  0.00  (5 rows)

--- Q12 ---
  ematix-flow  1282.48 ms ±  0.00  (2 rows)

--- Q15 ---
  ematix-flow   594.74 ms ±  0.00  (1 rows)

--- Q05 ---
  ematix-flow  1839.90 ms ±  0.00  (5 rows)

--- Q10 ---
  ematix-flow  2337.15 ms ±  0.00  (381105 rows)

--- Q02 ---
  ematix-flow    72.54 ms ±  0.00  (4667 rows)

wrote bench-results/sched-arc-2026-07-03/sf10-final/ematix/s100/batch-3/stream-43.md
