=== TPC-H 22 triangulation bench ===
    data:    /Users/ryanevans/RustroverProjects/ematix-flow/examples/tpch/data/sf10
    queries: 22 ([8, 14, 3, 16, 10, 19, 20, 13, 21, 22, 1, 6, 2, 12, 15, 17, 11, 9, 4, 18, 7, 5])
    trials:  1 (after 0 warmups)
    output:  bench-results/sched-arc-2026-07-03/sf10-final/ematix/s100/batch-3/stream-87.md

    NOTE: single-invocation output is SMOKE-GRADE only. For win/loss
    claims use scripts/bench/strict_22q.sh / strict_ab.sh /
    strict_throughput.sh (see scripts/bench/README.md).

--- Q08 ---
  ematix-flow  2200.94 ms ±  0.00  (2 rows)

--- Q14 ---
  ematix-flow   554.89 ms ±  0.00  (1 rows)

--- Q03 ---
  ematix-flow  1228.75 ms ±  0.00  (114003 rows)

--- Q16 ---
  ematix-flow   501.73 ms ±  0.00  (27840 rows)

--- Q10 ---
  ematix-flow  1884.37 ms ±  0.00  (381105 rows)

--- Q19 ---
  ematix-flow   985.22 ms ±  0.00  (1 rows)

--- Q20 ---
  ematix-flow  1595.92 ms ±  0.00  (1804 rows)

--- Q13 ---
  ematix-flow  1491.11 ms ±  0.00  (46 rows)

--- Q21 ---
  ematix-flow  2350.87 ms ±  0.00  (4009 rows)

--- Q22 ---
  ematix-flow   272.16 ms ±  0.00  (7 rows)

--- Q01 ---
  ematix-flow  3725.89 ms ±  0.00  (4 rows)

--- Q06 ---
  ematix-flow   177.35 ms ±  0.00  (1 rows)

--- Q02 ---
  ematix-flow   120.86 ms ±  0.00  (4667 rows)

--- Q12 ---
  ematix-flow  1456.71 ms ±  0.00  (2 rows)

--- Q15 ---
  ematix-flow   837.84 ms ±  0.00  (1 rows)

--- Q17 ---
  ematix-flow   600.88 ms ±  0.00  (1 rows)

--- Q11 ---
  ematix-flow   122.51 ms ±  0.00  (8685 rows)

--- Q09 ---
  ematix-flow  3236.25 ms ±  0.00  (175 rows)

--- Q04 ---
  ematix-flow   897.06 ms ±  0.00  (5 rows)

--- Q18 ---
  ematix-flow  3325.05 ms ±  0.00  (624 rows)

--- Q07 ---
  ematix-flow  1343.72 ms ±  0.00  (4 rows)

--- Q05 ---
  ematix-flow  1711.91 ms ±  0.00  (5 rows)

wrote bench-results/sched-arc-2026-07-03/sf10-final/ematix/s100/batch-3/stream-87.md
