=== TPC-H 22 triangulation bench ===
    data:    /Users/ryanevans/RustroverProjects/ematix-flow/examples/tpch/data/sf10
    queries: 22 ([15, 8, 1, 14, 18, 19, 11, 21, 16, 12, 3, 10, 5, 9, 6, 13, 7, 20, 4, 17, 2, 22])
    trials:  1 (after 0 warmups)
    output:  bench-results/sched-arc-2026-07-03/sf10-final/ematix/s100/batch-3/stream-19.md

    NOTE: single-invocation output is SMOKE-GRADE only. For win/loss
    claims use scripts/bench/strict_22q.sh / strict_ab.sh /
    strict_throughput.sh (see scripts/bench/README.md).

--- Q15 ---
  ematix-flow   871.83 ms ±  0.00  (1 rows)

--- Q08 ---
  ematix-flow  2409.80 ms ±  0.00  (2 rows)

--- Q01 ---
  ematix-flow  2818.64 ms ±  0.00  (4 rows)

--- Q14 ---
  ematix-flow   565.30 ms ±  0.00  (1 rows)

--- Q18 ---
  ematix-flow  2725.89 ms ±  0.00  (624 rows)

--- Q19 ---
  ematix-flow  1089.34 ms ±  0.00  (1 rows)

--- Q11 ---
  ematix-flow   127.68 ms ±  0.00  (8685 rows)

--- Q21 ---
  ematix-flow  1977.57 ms ±  0.00  (4009 rows)

--- Q16 ---
  ematix-flow   326.80 ms ±  0.00  (27840 rows)

--- Q12 ---
  ematix-flow  1167.96 ms ±  0.00  (2 rows)

--- Q03 ---
  ematix-flow  1345.42 ms ±  0.00  (114003 rows)

--- Q10 ---
  ematix-flow  2266.27 ms ±  0.00  (381105 rows)

--- Q05 ---
  ematix-flow  1883.15 ms ±  0.00  (5 rows)

--- Q09 ---
  ematix-flow  4428.60 ms ±  0.00  (175 rows)

--- Q06 ---
  ematix-flow   214.14 ms ±  0.00  (1 rows)

--- Q13 ---
  ematix-flow  1317.68 ms ±  0.00  (46 rows)

--- Q07 ---
  ematix-flow  1549.75 ms ±  0.00  (4 rows)

--- Q20 ---
  ematix-flow  1637.43 ms ±  0.00  (1804 rows)

--- Q04 ---
  ematix-flow   740.74 ms ±  0.00  (5 rows)

--- Q17 ---
  ematix-flow   900.35 ms ±  0.00  (1 rows)

--- Q02 ---
  ematix-flow   120.55 ms ±  0.00  (4667 rows)

--- Q22 ---
  ematix-flow   328.87 ms ±  0.00  (7 rows)

wrote bench-results/sched-arc-2026-07-03/sf10-final/ematix/s100/batch-3/stream-19.md
