=== TPC-H 22 triangulation bench ===
    data:    /Users/ryanevans/RustroverProjects/ematix-flow/examples/tpch/data/sf10
    queries: 22 ([14, 16, 4, 22, 15, 18, 7, 11, 6, 20, 12, 1, 21, 9, 10, 5, 17, 8, 19, 2, 13, 3])
    trials:  1 (after 0 warmups)
    output:  bench-results/sched-arc-2026-07-03/sf10-final/ematix/s100/batch-3/stream-46.md

    NOTE: single-invocation output is SMOKE-GRADE only. For win/loss
    claims use scripts/bench/strict_22q.sh / strict_ab.sh /
    strict_throughput.sh (see scripts/bench/README.md).

--- Q14 ---
  ematix-flow   513.87 ms ±  0.00  (1 rows)

--- Q16 ---
  ematix-flow   308.08 ms ±  0.00  (27840 rows)

--- Q04 ---
  ematix-flow   739.44 ms ±  0.00  (5 rows)

--- Q22 ---
  ematix-flow   264.32 ms ±  0.00  (7 rows)

--- Q15 ---
  ematix-flow   714.64 ms ±  0.00  (1 rows)

--- Q18 ---
  ematix-flow  3041.31 ms ±  0.00  (624 rows)

--- Q07 ---
  ematix-flow  1492.02 ms ±  0.00  (4 rows)

--- Q11 ---
  ematix-flow   151.86 ms ±  0.00  (8685 rows)

--- Q06 ---
  ematix-flow   253.11 ms ±  0.00  (1 rows)

--- Q20 ---
  ematix-flow  1750.07 ms ±  0.00  (1804 rows)

--- Q12 ---
  ematix-flow  1292.84 ms ±  0.00  (2 rows)

--- Q01 ---
  ematix-flow  3013.65 ms ±  0.00  (4 rows)

--- Q21 ---
  ematix-flow  2014.31 ms ±  0.00  (4009 rows)

--- Q09 ---
  ematix-flow  2881.11 ms ±  0.00  (175 rows)

--- Q10 ---
  ematix-flow  2245.60 ms ±  0.00  (381105 rows)

--- Q05 ---
  ematix-flow  1973.11 ms ±  0.00  (5 rows)

--- Q17 ---
  ematix-flow   802.63 ms ±  0.00  (1 rows)

--- Q08 ---
  ematix-flow  2007.10 ms ±  0.00  (2 rows)

--- Q19 ---
  ematix-flow  1046.58 ms ±  0.00  (1 rows)

--- Q02 ---
  ematix-flow   130.19 ms ±  0.00  (4667 rows)

--- Q13 ---
  ematix-flow  1562.69 ms ±  0.00  (46 rows)

--- Q03 ---
  ematix-flow  1407.21 ms ±  0.00  (114003 rows)

wrote bench-results/sched-arc-2026-07-03/sf10-final/ematix/s100/batch-3/stream-46.md
