=== TPC-H 22 triangulation bench ===
    data:    /Users/ryanevans/RustroverProjects/ematix-flow/examples/tpch/data/sf10
    queries: 22 ([12, 5, 4, 18, 1, 6, 7, 17, 11, 22, 19, 2, 16, 13, 20, 9, 21, 15, 8, 14, 10, 3])
    trials:  1 (after 0 warmups)
    output:  bench-results/sched-arc-2026-07-03/sf10-final/ematix/s100/batch-3/stream-66.md

    NOTE: single-invocation output is SMOKE-GRADE only. For win/loss
    claims use scripts/bench/strict_22q.sh / strict_ab.sh /
    strict_throughput.sh (see scripts/bench/README.md).

--- Q12 ---
  ematix-flow  1064.44 ms ±  0.00  (2 rows)

--- Q05 ---
  ematix-flow  1996.07 ms ±  0.00  (5 rows)

--- Q04 ---
  ematix-flow   643.47 ms ±  0.00  (5 rows)

--- Q18 ---
  ematix-flow  2907.08 ms ±  0.00  (624 rows)

--- Q01 ---
  ematix-flow  3201.94 ms ±  0.00  (4 rows)

--- Q06 ---
  ematix-flow   211.85 ms ±  0.00  (1 rows)

--- Q07 ---
  ematix-flow  1449.22 ms ±  0.00  (4 rows)

--- Q17 ---
  ematix-flow   553.81 ms ±  0.00  (1 rows)

--- Q11 ---
  ematix-flow   189.89 ms ±  0.00  (8685 rows)

--- Q22 ---
  ematix-flow   280.90 ms ±  0.00  (7 rows)

--- Q19 ---
  ematix-flow   858.97 ms ±  0.00  (1 rows)

--- Q02 ---
  ematix-flow   102.69 ms ±  0.00  (4667 rows)

--- Q16 ---
  ematix-flow   336.66 ms ±  0.00  (27840 rows)

--- Q13 ---
  ematix-flow  1235.81 ms ±  0.00  (46 rows)

--- Q20 ---
  ematix-flow  1482.34 ms ±  0.00  (1804 rows)

--- Q09 ---
  ematix-flow  3402.20 ms ±  0.00  (175 rows)

--- Q21 ---
  ematix-flow  2995.85 ms ±  0.00  (4009 rows)

--- Q15 ---
  ematix-flow   849.27 ms ±  0.00  (1 rows)

--- Q08 ---
  ematix-flow  2186.05 ms ±  0.00  (2 rows)

--- Q14 ---
  ematix-flow   491.96 ms ±  0.00  (1 rows)

--- Q10 ---
  ematix-flow  2479.40 ms ±  0.00  (381105 rows)

--- Q03 ---
  ematix-flow  1411.35 ms ±  0.00  (114003 rows)

wrote bench-results/sched-arc-2026-07-03/sf10-final/ematix/s100/batch-3/stream-66.md
