=== TPC-H 22 triangulation bench ===
    data:    /Users/ryanevans/RustroverProjects/ematix-flow/examples/tpch/data/sf10
    queries: 22 ([1, 8, 5, 4, 9, 3, 7, 10, 13, 18, 6, 12, 20, 11, 21, 16, 17, 2, 22, 14, 19, 15])
    trials:  1 (after 0 warmups)
    output:  bench-results/sched-arc-2026-07-03/sf10-final/ematix/s100/batch-3/stream-75.md

    NOTE: single-invocation output is SMOKE-GRADE only. For win/loss
    claims use scripts/bench/strict_22q.sh / strict_ab.sh /
    strict_throughput.sh (see scripts/bench/README.md).

--- Q01 ---
  ematix-flow  2540.71 ms ±  0.00  (4 rows)

--- Q08 ---
  ematix-flow  1875.30 ms ±  0.00  (2 rows)

--- Q05 ---
  ematix-flow  2199.33 ms ±  0.00  (5 rows)

--- Q04 ---
  ematix-flow   547.46 ms ±  0.00  (5 rows)

--- Q09 ---
  ematix-flow  3146.79 ms ±  0.00  (175 rows)

--- Q03 ---
  ematix-flow  1548.21 ms ±  0.00  (114003 rows)

--- Q07 ---
  ematix-flow  1626.05 ms ±  0.00  (4 rows)

--- Q10 ---
  ematix-flow  2252.81 ms ±  0.00  (381105 rows)

--- Q13 ---
  ematix-flow  1445.00 ms ±  0.00  (46 rows)

--- Q18 ---
  ematix-flow  2942.81 ms ±  0.00  (624 rows)

--- Q06 ---
  ematix-flow   225.09 ms ±  0.00  (1 rows)

--- Q12 ---
  ematix-flow  1053.90 ms ±  0.00  (2 rows)

--- Q20 ---
  ematix-flow  1510.83 ms ±  0.00  (1804 rows)

--- Q11 ---
  ematix-flow   112.74 ms ±  0.00  (8685 rows)

--- Q21 ---
  ematix-flow  2995.26 ms ±  0.00  (4009 rows)

--- Q16 ---
  ematix-flow   505.70 ms ±  0.00  (27840 rows)

--- Q17 ---
  ematix-flow   806.58 ms ±  0.00  (1 rows)

--- Q02 ---
  ematix-flow   117.66 ms ±  0.00  (4667 rows)

--- Q22 ---
  ematix-flow   352.27 ms ±  0.00  (7 rows)

--- Q14 ---
  ematix-flow   640.58 ms ±  0.00  (1 rows)

--- Q19 ---
  ematix-flow   970.03 ms ±  0.00  (1 rows)

--- Q15 ---
  ematix-flow   570.70 ms ±  0.00  (1 rows)

wrote bench-results/sched-arc-2026-07-03/sf10-final/ematix/s100/batch-3/stream-75.md
