=== TPC-H 22 triangulation bench ===
    data:    /Users/ryanevans/RustroverProjects/ematix-flow/examples/tpch/data/sf10
    queries: 22 ([13, 22, 4, 10, 3, 11, 21, 9, 8, 17, 16, 6, 5, 20, 15, 18, 19, 1, 2, 12, 14, 7])
    trials:  1 (after 0 warmups)
    output:  bench-results/sched-arc-2026-07-03/sf10-final/ematix/s100/batch-3/stream-97.md

    NOTE: single-invocation output is SMOKE-GRADE only. For win/loss
    claims use scripts/bench/strict_22q.sh / strict_ab.sh /
    strict_throughput.sh (see scripts/bench/README.md).

--- Q13 ---
  ematix-flow  1296.76 ms ±  0.00  (46 rows)

--- Q22 ---
  ematix-flow   284.66 ms ±  0.00  (7 rows)

--- Q04 ---
  ematix-flow   742.32 ms ±  0.00  (5 rows)

--- Q10 ---
  ematix-flow  2085.42 ms ±  0.00  (381105 rows)

--- Q03 ---
  ematix-flow  1303.76 ms ±  0.00  (114003 rows)

--- Q11 ---
  ematix-flow   117.77 ms ±  0.00  (8685 rows)

--- Q21 ---
  ematix-flow  2612.51 ms ±  0.00  (4009 rows)

--- Q09 ---
  ematix-flow  3052.50 ms ±  0.00  (175 rows)

--- Q08 ---
  ematix-flow  2051.20 ms ±  0.00  (2 rows)

--- Q17 ---
  ematix-flow   512.56 ms ±  0.00  (1 rows)

--- Q16 ---
  ematix-flow   409.17 ms ±  0.00  (27840 rows)

--- Q06 ---
  ematix-flow   168.38 ms ±  0.00  (1 rows)

--- Q05 ---
  ematix-flow  1783.92 ms ±  0.00  (5 rows)

--- Q20 ---
  ematix-flow  1508.08 ms ±  0.00  (1804 rows)

--- Q15 ---
  ematix-flow   663.56 ms ±  0.00  (1 rows)

--- Q18 ---
  ematix-flow  3363.00 ms ±  0.00  (624 rows)

--- Q19 ---
  ematix-flow  1072.72 ms ±  0.00  (1 rows)

--- Q01 ---
  ematix-flow  3742.70 ms ±  0.00  (4 rows)

--- Q02 ---
  ematix-flow   127.74 ms ±  0.00  (4667 rows)

--- Q12 ---
  ematix-flow  1134.88 ms ±  0.00  (2 rows)

--- Q14 ---
  ematix-flow   414.86 ms ±  0.00  (1 rows)

--- Q07 ---
  ematix-flow   772.20 ms ±  0.00  (4 rows)

wrote bench-results/sched-arc-2026-07-03/sf10-final/ematix/s100/batch-3/stream-97.md
