=== TPC-H 22 triangulation bench ===
    data:    /Users/ryanevans/RustroverProjects/ematix-flow/examples/tpch/data/sf10
    queries: 22 ([8, 6, 10, 19, 21, 7, 15, 14, 22, 11, 3, 12, 20, 9, 17, 18, 2, 5, 13, 4, 16, 1])
    trials:  1 (after 0 warmups)
    output:  bench-results/sched-arc-2026-07-03/sf10-final/ematix/s100/batch-3/stream-31.md

    NOTE: single-invocation output is SMOKE-GRADE only. For win/loss
    claims use scripts/bench/strict_22q.sh / strict_ab.sh /
    strict_throughput.sh (see scripts/bench/README.md).

--- Q08 ---
  ematix-flow  1762.27 ms ±  0.00  (2 rows)

--- Q06 ---
  ematix-flow   203.63 ms ±  0.00  (1 rows)

--- Q10 ---
  ematix-flow  1988.86 ms ±  0.00  (381105 rows)

--- Q19 ---
  ematix-flow  1079.77 ms ±  0.00  (1 rows)

--- Q21 ---
  ematix-flow  2131.40 ms ±  0.00  (4009 rows)

--- Q07 ---
  ematix-flow  1531.11 ms ±  0.00  (4 rows)

--- Q15 ---
  ematix-flow   712.63 ms ±  0.00  (1 rows)

--- Q14 ---
  ematix-flow   573.25 ms ±  0.00  (1 rows)

--- Q22 ---
  ematix-flow   223.59 ms ±  0.00  (7 rows)

--- Q11 ---
  ematix-flow   166.70 ms ±  0.00  (8685 rows)

--- Q03 ---
  ematix-flow  1590.33 ms ±  0.00  (114003 rows)

--- Q12 ---
  ematix-flow  1147.01 ms ±  0.00  (2 rows)

--- Q20 ---
  ematix-flow  1871.48 ms ±  0.00  (1804 rows)

--- Q09 ---
  ematix-flow  2767.99 ms ±  0.00  (175 rows)

--- Q17 ---
  ematix-flow   646.43 ms ±  0.00  (1 rows)

--- Q18 ---
  ematix-flow  3456.19 ms ±  0.00  (624 rows)

--- Q02 ---
  ematix-flow   115.74 ms ±  0.00  (4667 rows)

--- Q05 ---
  ematix-flow  1923.64 ms ±  0.00  (5 rows)

--- Q13 ---
  ematix-flow  1441.26 ms ±  0.00  (46 rows)

--- Q04 ---
  ematix-flow   818.02 ms ±  0.00  (5 rows)

--- Q16 ---
  ematix-flow   452.20 ms ±  0.00  (27840 rows)

--- Q01 ---
  ematix-flow  3421.00 ms ±  0.00  (4 rows)

wrote bench-results/sched-arc-2026-07-03/sf10-final/ematix/s100/batch-3/stream-31.md
