=== TPC-H 22 triangulation bench ===
    data:    /Users/ryanevans/RustroverProjects/ematix-flow/examples/tpch/data/sf10
    queries: 22 ([4, 22, 21, 1, 11, 9, 20, 2, 6, 17, 8, 13, 5, 14, 18, 15, 12, 10, 19, 16, 3, 7])
    trials:  1 (after 0 warmups)
    output:  bench-results/sched-arc-2026-07-03/sf10-final/ematix/s100/batch-3/stream-90.md

    NOTE: single-invocation output is SMOKE-GRADE only. For win/loss
    claims use scripts/bench/strict_22q.sh / strict_ab.sh /
    strict_throughput.sh (see scripts/bench/README.md).

--- Q04 ---
  ematix-flow   671.92 ms ±  0.00  (5 rows)

--- Q22 ---
  ematix-flow   255.98 ms ±  0.00  (7 rows)

--- Q21 ---
  ematix-flow  2243.88 ms ±  0.00  (4009 rows)

--- Q01 ---
  ematix-flow  3170.41 ms ±  0.00  (4 rows)

--- Q11 ---
  ematix-flow   172.65 ms ±  0.00  (8685 rows)

--- Q09 ---
  ematix-flow  3120.66 ms ±  0.00  (175 rows)

--- Q20 ---
  ematix-flow  1557.86 ms ±  0.00  (1804 rows)

--- Q02 ---
  ematix-flow   111.69 ms ±  0.00  (4667 rows)

--- Q06 ---
  ematix-flow   195.35 ms ±  0.00  (1 rows)

--- Q17 ---
  ematix-flow   642.82 ms ±  0.00  (1 rows)

--- Q08 ---
  ematix-flow  2248.49 ms ±  0.00  (2 rows)

--- Q13 ---
  ematix-flow  1421.01 ms ±  0.00  (46 rows)

--- Q05 ---
  ematix-flow  2137.79 ms ±  0.00  (5 rows)

--- Q14 ---
  ematix-flow   737.25 ms ±  0.00  (1 rows)

--- Q18 ---
  ematix-flow  4094.43 ms ±  0.00  (624 rows)

--- Q15 ---
  ematix-flow   773.43 ms ±  0.00  (1 rows)

--- Q12 ---
  ematix-flow  1383.64 ms ±  0.00  (2 rows)

--- Q10 ---
  ematix-flow  2043.97 ms ±  0.00  (381105 rows)

--- Q19 ---
  ematix-flow   947.85 ms ±  0.00  (1 rows)

--- Q16 ---
  ematix-flow   334.20 ms ±  0.00  (27840 rows)

--- Q03 ---
  ematix-flow  1266.09 ms ±  0.00  (114003 rows)

--- Q07 ---
  ematix-flow  1248.89 ms ±  0.00  (4 rows)

wrote bench-results/sched-arc-2026-07-03/sf10-final/ematix/s100/batch-3/stream-90.md
