=== TPC-H 22 triangulation bench ===
    data:    /Users/ryanevans/RustroverProjects/ematix-flow/examples/tpch/data/sf10
    queries: 22 ([7, 16, 17, 15, 11, 18, 2, 20, 8, 5, 4, 12, 21, 6, 9, 13, 14, 22, 19, 1, 3, 10])
    trials:  1 (after 0 warmups)
    output:  bench-results/sched-arc-2026-07-03/sf10-final/ematix/s100/batch-3/stream-23.md

    NOTE: single-invocation output is SMOKE-GRADE only. For win/loss
    claims use scripts/bench/strict_22q.sh / strict_ab.sh /
    strict_throughput.sh (see scripts/bench/README.md).

--- Q07 ---
  ematix-flow  1526.50 ms ±  0.00  (4 rows)

--- Q16 ---
  ematix-flow   401.80 ms ±  0.00  (27840 rows)

--- Q17 ---
  ematix-flow   561.96 ms ±  0.00  (1 rows)

--- Q15 ---
  ematix-flow   574.07 ms ±  0.00  (1 rows)

--- Q11 ---
  ematix-flow    94.01 ms ±  0.00  (8685 rows)

--- Q18 ---
  ematix-flow  2564.84 ms ±  0.00  (624 rows)

--- Q02 ---
  ematix-flow   127.35 ms ±  0.00  (4667 rows)

--- Q20 ---
  ematix-flow  1419.49 ms ±  0.00  (1804 rows)

--- Q08 ---
  ematix-flow  2444.40 ms ±  0.00  (2 rows)

--- Q05 ---
  ematix-flow  1999.20 ms ±  0.00  (5 rows)

--- Q04 ---
  ematix-flow   789.76 ms ±  0.00  (5 rows)

--- Q12 ---
  ematix-flow  1130.68 ms ±  0.00  (2 rows)

--- Q21 ---
  ematix-flow  2385.92 ms ±  0.00  (4009 rows)

--- Q06 ---
  ematix-flow   170.79 ms ±  0.00  (1 rows)

--- Q09 ---
  ematix-flow  3933.59 ms ±  0.00  (175 rows)

--- Q13 ---
  ematix-flow  1606.14 ms ±  0.00  (46 rows)

--- Q14 ---
  ematix-flow   546.84 ms ±  0.00  (1 rows)

--- Q22 ---
  ematix-flow   175.88 ms ±  0.00  (7 rows)

--- Q19 ---
  ematix-flow  1170.60 ms ±  0.00  (1 rows)

--- Q01 ---
  ematix-flow  3092.34 ms ±  0.00  (4 rows)

--- Q03 ---
  ematix-flow  1203.03 ms ±  0.00  (114003 rows)

--- Q10 ---
  ematix-flow  2101.20 ms ±  0.00  (381105 rows)

wrote bench-results/sched-arc-2026-07-03/sf10-final/ematix/s100/batch-3/stream-23.md
