=== TPC-H 22 triangulation bench ===
    data:    /Users/ryanevans/RustroverProjects/ematix-flow/examples/tpch/data/sf10
    queries: 22 ([2, 6, 5, 12, 15, 21, 18, 1, 13, 14, 3, 17, 16, 22, 19, 10, 4, 20, 8, 7, 11, 9])
    trials:  1 (after 0 warmups)
    output:  bench-results/sched-arc-2026-07-03/sf10-final/ematix/s100/batch-3/stream-77.md

    NOTE: single-invocation output is SMOKE-GRADE only. For win/loss
    claims use scripts/bench/strict_22q.sh / strict_ab.sh /
    strict_throughput.sh (see scripts/bench/README.md).

--- Q02 ---
  ematix-flow    92.14 ms ±  0.00  (4667 rows)

--- Q06 ---
  ematix-flow   236.28 ms ±  0.00  (1 rows)

--- Q05 ---
  ematix-flow  1623.67 ms ±  0.00  (5 rows)

--- Q12 ---
  ematix-flow  1077.14 ms ±  0.00  (2 rows)

--- Q15 ---
  ematix-flow   680.05 ms ±  0.00  (1 rows)

--- Q21 ---
  ematix-flow  2493.90 ms ±  0.00  (4009 rows)

--- Q18 ---
  ematix-flow  3370.22 ms ±  0.00  (624 rows)

--- Q01 ---
  ematix-flow  3500.49 ms ±  0.00  (4 rows)

--- Q13 ---
  ematix-flow  1452.96 ms ±  0.00  (46 rows)

--- Q14 ---
  ematix-flow   571.55 ms ±  0.00  (1 rows)

--- Q03 ---
  ematix-flow  1236.92 ms ±  0.00  (114003 rows)

--- Q17 ---
  ematix-flow   557.91 ms ±  0.00  (1 rows)

--- Q16 ---
  ematix-flow   303.76 ms ±  0.00  (27840 rows)

--- Q22 ---
  ematix-flow   418.26 ms ±  0.00  (7 rows)

--- Q19 ---
  ematix-flow   919.46 ms ±  0.00  (1 rows)

--- Q10 ---
  ematix-flow  1864.77 ms ±  0.00  (381105 rows)

--- Q04 ---
  ematix-flow   754.97 ms ±  0.00  (5 rows)

--- Q20 ---
  ematix-flow  1477.37 ms ±  0.00  (1804 rows)

--- Q08 ---
  ematix-flow  2412.00 ms ±  0.00  (2 rows)

--- Q07 ---
  ematix-flow  1516.48 ms ±  0.00  (4 rows)

--- Q11 ---
  ematix-flow   293.51 ms ±  0.00  (8685 rows)

--- Q09 ---
  ematix-flow  3117.71 ms ±  0.00  (175 rows)

wrote bench-results/sched-arc-2026-07-03/sf10-final/ematix/s100/batch-3/stream-77.md
