=== TPC-H 22 triangulation bench ===
    data:    /Users/ryanevans/RustroverProjects/ematix-flow/examples/tpch/data/sf10
    queries: 22 ([10, 8, 6, 15, 17, 9, 14, 22, 2, 3, 21, 11, 19, 12, 5, 7, 1, 18, 13, 20, 4, 16])
    trials:  1 (after 0 warmups)
    output:  bench-results/sched-arc-2026-07-03/sf10-final/ematix/s100/batch-3/stream-64.md

    NOTE: single-invocation output is SMOKE-GRADE only. For win/loss
    claims use scripts/bench/strict_22q.sh / strict_ab.sh /
    strict_throughput.sh (see scripts/bench/README.md).

--- Q10 ---
  ematix-flow  2351.63 ms ±  0.00  (381105 rows)

--- Q08 ---
  ematix-flow  2041.52 ms ±  0.00  (2 rows)

--- Q06 ---
  ematix-flow   156.80 ms ±  0.00  (1 rows)

--- Q15 ---
  ematix-flow   912.16 ms ±  0.00  (1 rows)

--- Q17 ---
  ematix-flow   489.56 ms ±  0.00  (1 rows)

--- Q09 ---
  ematix-flow  2689.40 ms ±  0.00  (175 rows)

--- Q14 ---
  ematix-flow   525.58 ms ±  0.00  (1 rows)

--- Q22 ---
  ematix-flow   302.07 ms ±  0.00  (7 rows)

--- Q02 ---
  ematix-flow    85.23 ms ±  0.00  (4667 rows)

--- Q03 ---
  ematix-flow  1342.16 ms ±  0.00  (114003 rows)

--- Q21 ---
  ematix-flow  1930.59 ms ±  0.00  (4009 rows)

--- Q11 ---
  ematix-flow   165.52 ms ±  0.00  (8685 rows)

--- Q19 ---
  ematix-flow   842.09 ms ±  0.00  (1 rows)

--- Q12 ---
  ematix-flow  1208.67 ms ±  0.00  (2 rows)

--- Q05 ---
  ematix-flow  1664.60 ms ±  0.00  (5 rows)

--- Q07 ---
  ematix-flow  1423.84 ms ±  0.00  (4 rows)

--- Q01 ---
  ematix-flow  4029.02 ms ±  0.00  (4 rows)

--- Q18 ---
  ematix-flow  3629.28 ms ±  0.00  (624 rows)

--- Q13 ---
  ematix-flow  1360.14 ms ±  0.00  (46 rows)

--- Q20 ---
  ematix-flow  1881.12 ms ±  0.00  (1804 rows)

--- Q04 ---
  ematix-flow   841.68 ms ±  0.00  (5 rows)

--- Q16 ---
  ematix-flow   339.19 ms ±  0.00  (27840 rows)

wrote bench-results/sched-arc-2026-07-03/sf10-final/ematix/s100/batch-3/stream-64.md
