=== TPC-H 22 triangulation bench ===
    data:    /Users/ryanevans/RustroverProjects/ematix-flow/examples/tpch/data/sf10
    queries: 22 ([17, 13, 20, 15, 19, 8, 6, 4, 21, 3, 9, 10, 11, 12, 1, 16, 5, 2, 18, 14, 22, 7])
    trials:  1 (after 0 warmups)
    output:  bench-results/sched-arc-2026-07-03/sf10-final/ematix/s100/batch-3/stream-26.md

    NOTE: single-invocation output is SMOKE-GRADE only. For win/loss
    claims use scripts/bench/strict_22q.sh / strict_ab.sh /
    strict_throughput.sh (see scripts/bench/README.md).

--- Q17 ---
  ematix-flow   810.50 ms ±  0.00  (1 rows)

--- Q13 ---
  ematix-flow  1415.14 ms ±  0.00  (46 rows)

--- Q20 ---
  ematix-flow  1202.20 ms ±  0.00  (1804 rows)

--- Q15 ---
  ematix-flow   765.25 ms ±  0.00  (1 rows)

--- Q19 ---
  ematix-flow   976.18 ms ±  0.00  (1 rows)

--- Q08 ---
  ematix-flow  2284.10 ms ±  0.00  (2 rows)

--- Q06 ---
  ematix-flow   203.31 ms ±  0.00  (1 rows)

--- Q04 ---
  ematix-flow   642.88 ms ±  0.00  (5 rows)

--- Q21 ---
  ematix-flow  2122.31 ms ±  0.00  (4009 rows)

--- Q03 ---
  ematix-flow  1274.24 ms ±  0.00  (114003 rows)

--- Q09 ---
  ematix-flow  2982.61 ms ±  0.00  (175 rows)

--- Q10 ---
  ematix-flow  2179.63 ms ±  0.00  (381105 rows)

--- Q11 ---
  ematix-flow   234.45 ms ±  0.00  (8685 rows)

--- Q12 ---
  ematix-flow  1526.34 ms ±  0.00  (2 rows)

--- Q01 ---
  ematix-flow  3817.29 ms ±  0.00  (4 rows)

--- Q16 ---
  ematix-flow   380.42 ms ±  0.00  (27840 rows)

--- Q05 ---
  ematix-flow  1964.90 ms ±  0.00  (5 rows)

--- Q02 ---
  ematix-flow    93.78 ms ±  0.00  (4667 rows)

--- Q18 ---
  ematix-flow  3503.66 ms ±  0.00  (624 rows)

--- Q14 ---
  ematix-flow   616.81 ms ±  0.00  (1 rows)

--- Q22 ---
  ematix-flow   242.92 ms ±  0.00  (7 rows)

--- Q07 ---
  ematix-flow  1258.00 ms ±  0.00  (4 rows)

wrote bench-results/sched-arc-2026-07-03/sf10-final/ematix/s100/batch-3/stream-26.md
