=== TPC-H 22 triangulation bench ===
    data:    /Users/ryanevans/RustroverProjects/ematix-flow/examples/tpch/data/sf10
    queries: 22 ([12, 11, 16, 4, 21, 14, 20, 22, 9, 1, 18, 5, 6, 13, 3, 7, 10, 8, 2, 17, 19, 15])
    trials:  1 (after 0 warmups)
    output:  bench-results/sched-arc-2026-07-03/sf10-final/ematix/s100/batch-3/stream-40.md

    NOTE: single-invocation output is SMOKE-GRADE only. For win/loss
    claims use scripts/bench/strict_22q.sh / strict_ab.sh /
    strict_throughput.sh (see scripts/bench/README.md).

--- Q12 ---
  ematix-flow  1159.74 ms ±  0.00  (2 rows)

--- Q11 ---
  ematix-flow   108.14 ms ±  0.00  (8685 rows)

--- Q16 ---
  ematix-flow   285.99 ms ±  0.00  (27840 rows)

--- Q04 ---
  ematix-flow   603.88 ms ±  0.00  (5 rows)

--- Q21 ---
  ematix-flow  2019.75 ms ±  0.00  (4009 rows)

--- Q14 ---
  ematix-flow   628.28 ms ±  0.00  (1 rows)

--- Q20 ---
  ematix-flow  1323.26 ms ±  0.00  (1804 rows)

--- Q22 ---
  ematix-flow   266.39 ms ±  0.00  (7 rows)

--- Q09 ---
  ematix-flow  3202.39 ms ±  0.00  (175 rows)

--- Q01 ---
  ematix-flow  3986.07 ms ±  0.00  (4 rows)

--- Q18 ---
  ematix-flow  3009.16 ms ±  0.00  (624 rows)

--- Q05 ---
  ematix-flow  1777.72 ms ±  0.00  (5 rows)

--- Q06 ---
  ematix-flow   199.62 ms ±  0.00  (1 rows)

--- Q13 ---
  ematix-flow  1406.86 ms ±  0.00  (46 rows)

--- Q03 ---
  ematix-flow  1324.83 ms ±  0.00  (114003 rows)

--- Q07 ---
  ematix-flow  1634.90 ms ±  0.00  (4 rows)

--- Q10 ---
  ematix-flow  2353.20 ms ±  0.00  (381105 rows)

--- Q08 ---
  ematix-flow  2292.59 ms ±  0.00  (2 rows)

--- Q02 ---
  ematix-flow   115.25 ms ±  0.00  (4667 rows)

--- Q17 ---
  ematix-flow   570.28 ms ±  0.00  (1 rows)

--- Q19 ---
  ematix-flow  1029.42 ms ±  0.00  (1 rows)

--- Q15 ---
  ematix-flow   683.54 ms ±  0.00  (1 rows)

wrote bench-results/sched-arc-2026-07-03/sf10-final/ematix/s100/batch-3/stream-40.md
