=== TPC-H 22 triangulation bench ===
    data:    /Users/ryanevans/RustroverProjects/ematix-flow/examples/tpch/data/sf10
    queries: 22 ([7, 20, 9, 21, 13, 11, 10, 22, 17, 14, 4, 1, 19, 2, 3, 16, 18, 8, 6, 12, 15, 5])
    trials:  1 (after 0 warmups)
    output:  bench-results/sched-arc-2026-07-03/sf10-final/ematix/s100/batch-3/stream-79.md

    NOTE: single-invocation output is SMOKE-GRADE only. For win/loss
    claims use scripts/bench/strict_22q.sh / strict_ab.sh /
    strict_throughput.sh (see scripts/bench/README.md).

--- Q07 ---
  ematix-flow  1269.12 ms ±  0.00  (4 rows)

--- Q20 ---
  ematix-flow  1339.27 ms ±  0.00  (1804 rows)

--- Q09 ---
  ematix-flow  2535.08 ms ±  0.00  (175 rows)

--- Q21 ---
  ematix-flow  2121.66 ms ±  0.00  (4009 rows)

--- Q13 ---
  ematix-flow  1302.49 ms ±  0.00  (46 rows)

--- Q11 ---
  ematix-flow   178.56 ms ±  0.00  (8685 rows)

--- Q10 ---
  ematix-flow  2306.45 ms ±  0.00  (381105 rows)

--- Q22 ---
  ematix-flow   149.62 ms ±  0.00  (7 rows)

--- Q17 ---
  ematix-flow   641.08 ms ±  0.00  (1 rows)

--- Q14 ---
  ematix-flow   639.07 ms ±  0.00  (1 rows)

--- Q04 ---
  ematix-flow   743.26 ms ±  0.00  (5 rows)

--- Q01 ---
  ematix-flow  3663.43 ms ±  0.00  (4 rows)

--- Q19 ---
  ematix-flow   889.77 ms ±  0.00  (1 rows)

--- Q02 ---
  ematix-flow   110.70 ms ±  0.00  (4667 rows)

--- Q03 ---
  ematix-flow  1263.81 ms ±  0.00  (114003 rows)

--- Q16 ---
  ematix-flow   393.12 ms ±  0.00  (27840 rows)

--- Q18 ---
  ematix-flow  3322.70 ms ±  0.00  (624 rows)

--- Q08 ---
  ematix-flow  2659.77 ms ±  0.00  (2 rows)

--- Q06 ---
  ematix-flow   238.04 ms ±  0.00  (1 rows)

--- Q12 ---
  ematix-flow  1487.42 ms ±  0.00  (2 rows)

--- Q15 ---
  ematix-flow   837.07 ms ±  0.00  (1 rows)

--- Q05 ---
  ematix-flow  1922.89 ms ±  0.00  (5 rows)

wrote bench-results/sched-arc-2026-07-03/sf10-final/ematix/s100/batch-3/stream-79.md
