=== TPC-H 22 triangulation bench ===
    data:    /Users/ryanevans/RustroverProjects/ematix-flow/examples/tpch/data/sf10
    queries: 22 ([18, 14, 8, 9, 10, 15, 20, 5, 16, 6, 17, 19, 3, 1, 22, 2, 21, 4, 7, 13, 11, 12])
    trials:  1 (after 0 warmups)
    output:  bench-results/sched-arc-2026-07-03/sf10-final/ematix/s100/batch-3/stream-96.md

    NOTE: single-invocation output is SMOKE-GRADE only. For win/loss
    claims use scripts/bench/strict_22q.sh / strict_ab.sh /
    strict_throughput.sh (see scripts/bench/README.md).

--- Q18 ---
  ematix-flow  3172.31 ms ±  0.00  (624 rows)

--- Q14 ---
  ematix-flow   614.58 ms ±  0.00  (1 rows)

--- Q08 ---
  ematix-flow  2219.09 ms ±  0.00  (2 rows)

--- Q09 ---
  ematix-flow  3129.67 ms ±  0.00  (175 rows)

--- Q10 ---
  ematix-flow  2121.35 ms ±  0.00  (381105 rows)

--- Q15 ---
  ematix-flow   709.34 ms ±  0.00  (1 rows)

--- Q20 ---
  ematix-flow  1500.69 ms ±  0.00  (1804 rows)

--- Q05 ---
  ematix-flow  1832.54 ms ±  0.00  (5 rows)

--- Q16 ---
  ematix-flow   333.77 ms ±  0.00  (27840 rows)

--- Q06 ---
  ematix-flow   378.56 ms ±  0.00  (1 rows)

--- Q17 ---
  ematix-flow   556.39 ms ±  0.00  (1 rows)

--- Q19 ---
  ematix-flow   970.51 ms ±  0.00  (1 rows)

--- Q03 ---
  ematix-flow  1351.36 ms ±  0.00  (114003 rows)

--- Q01 ---
  ematix-flow  3168.21 ms ±  0.00  (4 rows)

--- Q22 ---
  ematix-flow   269.15 ms ±  0.00  (7 rows)

--- Q02 ---
  ematix-flow   197.34 ms ±  0.00  (4667 rows)

--- Q21 ---
  ematix-flow  2462.66 ms ±  0.00  (4009 rows)

--- Q04 ---
  ematix-flow   613.72 ms ±  0.00  (5 rows)

--- Q07 ---
  ematix-flow  1563.11 ms ±  0.00  (4 rows)

--- Q13 ---
  ematix-flow  1111.64 ms ±  0.00  (46 rows)

--- Q11 ---
  ematix-flow   165.64 ms ±  0.00  (8685 rows)

--- Q12 ---
  ematix-flow   837.80 ms ±  0.00  (2 rows)

wrote bench-results/sched-arc-2026-07-03/sf10-final/ematix/s100/batch-3/stream-96.md
