=== TPC-H 22 triangulation bench ===
    data:    /Users/ryanevans/RustroverProjects/ematix-flow/examples/tpch/data/sf10
    queries: 22 ([5, 4, 2, 7, 1, 12, 3, 14, 20, 13, 15, 18, 22, 10, 11, 21, 17, 16, 9, 8, 6, 19])
    trials:  1 (after 0 warmups)
    output:  bench-results/sched-arc-2026-07-03/sf10-final/ematix/s100/batch-3/stream-33.md

    NOTE: single-invocation output is SMOKE-GRADE only. For win/loss
    claims use scripts/bench/strict_22q.sh / strict_ab.sh /
    strict_throughput.sh (see scripts/bench/README.md).

--- Q05 ---
  ematix-flow  1749.02 ms ±  0.00  (5 rows)

--- Q04 ---
  ematix-flow   727.54 ms ±  0.00  (5 rows)

--- Q02 ---
  ematix-flow    86.24 ms ±  0.00  (4667 rows)

--- Q07 ---
  ematix-flow  1448.07 ms ±  0.00  (4 rows)

--- Q01 ---
  ematix-flow  3397.80 ms ±  0.00  (4 rows)

--- Q12 ---
  ematix-flow  1013.02 ms ±  0.00  (2 rows)

--- Q03 ---
  ematix-flow  1548.73 ms ±  0.00  (114003 rows)

--- Q14 ---
  ematix-flow   664.96 ms ±  0.00  (1 rows)

--- Q20 ---
  ematix-flow  1656.36 ms ±  0.00  (1804 rows)

--- Q13 ---
  ematix-flow  1677.31 ms ±  0.00  (46 rows)

--- Q15 ---
  ematix-flow   881.28 ms ±  0.00  (1 rows)

--- Q18 ---
  ematix-flow  2930.87 ms ±  0.00  (624 rows)

--- Q22 ---
  ematix-flow   341.94 ms ±  0.00  (7 rows)

--- Q10 ---
  ematix-flow  1900.76 ms ±  0.00  (381105 rows)

--- Q11 ---
  ematix-flow   108.13 ms ±  0.00  (8685 rows)

--- Q21 ---
  ematix-flow  2406.48 ms ±  0.00  (4009 rows)

--- Q17 ---
  ematix-flow   620.44 ms ±  0.00  (1 rows)

--- Q16 ---
  ematix-flow   333.86 ms ±  0.00  (27840 rows)

--- Q09 ---
  ematix-flow  3222.34 ms ±  0.00  (175 rows)

--- Q08 ---
  ematix-flow  2364.55 ms ±  0.00  (2 rows)

--- Q06 ---
  ematix-flow   185.61 ms ±  0.00  (1 rows)

--- Q19 ---
  ematix-flow  1063.25 ms ±  0.00  (1 rows)

wrote bench-results/sched-arc-2026-07-03/sf10-final/ematix/s100/batch-3/stream-33.md
