=== TPC-H 22 triangulation bench ===
    data:    /Users/ryanevans/RustroverProjects/ematix-flow/examples/tpch/data/sf10
    queries: 22 ([19, 14, 9, 21, 16, 11, 10, 7, 3, 18, 20, 22, 17, 2, 13, 12, 4, 6, 15, 1, 8, 5])
    trials:  1 (after 0 warmups)
    output:  bench-results/sched-arc-2026-07-03/sf10-final/ematix/s100/batch-3/stream-22.md

    NOTE: single-invocation output is SMOKE-GRADE only. For win/loss
    claims use scripts/bench/strict_22q.sh / strict_ab.sh /
    strict_throughput.sh (see scripts/bench/README.md).

--- Q19 ---
  ematix-flow  1019.58 ms ±  0.00  (1 rows)

--- Q14 ---
  ematix-flow   784.75 ms ±  0.00  (1 rows)

--- Q09 ---
  ematix-flow  2699.98 ms ±  0.00  (175 rows)

--- Q21 ---
  ematix-flow  2173.07 ms ±  0.00  (4009 rows)

--- Q16 ---
  ematix-flow   355.21 ms ±  0.00  (27840 rows)

--- Q11 ---
  ematix-flow   120.06 ms ±  0.00  (8685 rows)

--- Q10 ---
  ematix-flow  2337.05 ms ±  0.00  (381105 rows)

--- Q07 ---
  ematix-flow  1520.85 ms ±  0.00  (4 rows)

--- Q03 ---
  ematix-flow  1439.08 ms ±  0.00  (114003 rows)

--- Q18 ---
  ematix-flow  3020.83 ms ±  0.00  (624 rows)

--- Q20 ---
  ematix-flow  1662.28 ms ±  0.00  (1804 rows)

--- Q22 ---
  ematix-flow   291.54 ms ±  0.00  (7 rows)

--- Q17 ---
  ematix-flow   786.53 ms ±  0.00  (1 rows)

--- Q02 ---
  ematix-flow   111.00 ms ±  0.00  (4667 rows)

--- Q13 ---
  ematix-flow  1599.22 ms ±  0.00  (46 rows)

--- Q12 ---
  ematix-flow  1165.65 ms ±  0.00  (2 rows)

--- Q04 ---
  ematix-flow   795.99 ms ±  0.00  (5 rows)

--- Q06 ---
  ematix-flow   209.35 ms ±  0.00  (1 rows)

--- Q15 ---
  ematix-flow   974.78 ms ±  0.00  (1 rows)

--- Q01 ---
  ematix-flow  3348.72 ms ±  0.00  (4 rows)

--- Q08 ---
  ematix-flow  2207.19 ms ±  0.00  (2 rows)

--- Q05 ---
  ematix-flow  1857.19 ms ±  0.00  (5 rows)

wrote bench-results/sched-arc-2026-07-03/sf10-final/ematix/s100/batch-3/stream-22.md
