=== TPC-H 22 triangulation bench ===
    data:    /Users/ryanevans/RustroverProjects/ematix-flow/examples/tpch/data/sf10
    queries: 22 ([22, 17, 14, 10, 9, 16, 4, 8, 1, 5, 3, 12, 2, 15, 11, 18, 21, 20, 7, 6, 19, 13])
    trials:  1 (after 0 warmups)
    output:  bench-results/sched-arc-2026-07-03/sf10-final/ematix/s100/batch-3/stream-24.md

    NOTE: single-invocation output is SMOKE-GRADE only. For win/loss
    claims use scripts/bench/strict_22q.sh / strict_ab.sh /
    strict_throughput.sh (see scripts/bench/README.md).

--- Q22 ---
  ematix-flow   419.65 ms ±  0.00  (7 rows)

--- Q17 ---
  ematix-flow   825.99 ms ±  0.00  (1 rows)

--- Q14 ---
  ematix-flow   645.96 ms ±  0.00  (1 rows)

--- Q10 ---
  ematix-flow  1938.53 ms ±  0.00  (381105 rows)

--- Q09 ---
  ematix-flow  2562.26 ms ±  0.00  (175 rows)

--- Q16 ---
  ematix-flow   377.03 ms ±  0.00  (27840 rows)

--- Q04 ---
  ematix-flow   702.72 ms ±  0.00  (5 rows)

--- Q08 ---
  ematix-flow  2296.16 ms ±  0.00  (2 rows)

--- Q01 ---
  ematix-flow  3456.37 ms ±  0.00  (4 rows)

--- Q05 ---
  ematix-flow  1791.93 ms ±  0.00  (5 rows)

--- Q03 ---
  ematix-flow  1402.91 ms ±  0.00  (114003 rows)

--- Q12 ---
  ematix-flow  1091.44 ms ±  0.00  (2 rows)

--- Q02 ---
  ematix-flow   115.75 ms ±  0.00  (4667 rows)

--- Q15 ---
  ematix-flow   986.14 ms ±  0.00  (1 rows)

--- Q11 ---
  ematix-flow   117.75 ms ±  0.00  (8685 rows)

--- Q18 ---
  ematix-flow  4094.00 ms ±  0.00  (624 rows)

--- Q21 ---
  ematix-flow  2343.95 ms ±  0.00  (4009 rows)

--- Q20 ---
  ematix-flow  1449.37 ms ±  0.00  (1804 rows)

--- Q07 ---
  ematix-flow  1344.59 ms ±  0.00  (4 rows)

--- Q06 ---
  ematix-flow   210.93 ms ±  0.00  (1 rows)

--- Q19 ---
  ematix-flow  1007.83 ms ±  0.00  (1 rows)

--- Q13 ---
  ematix-flow  1140.17 ms ±  0.00  (46 rows)

wrote bench-results/sched-arc-2026-07-03/sf10-final/ematix/s100/batch-3/stream-24.md
