=== TPC-H 22 triangulation bench ===
    data:    /Users/ryanevans/RustroverProjects/ematix-flow/examples/tpch/data/sf10
    queries: 22 ([13, 18, 3, 7, 11, 4, 21, 16, 14, 22, 2, 10, 8, 19, 17, 1, 6, 5, 9, 12, 20, 15])
    trials:  1 (after 0 warmups)
    output:  bench-results/sched-arc-2026-07-03/sf10-final/ematix/s100/batch-3/stream-9.md

    NOTE: single-invocation output is SMOKE-GRADE only. For win/loss
    claims use scripts/bench/strict_22q.sh / strict_ab.sh /
    strict_throughput.sh (see scripts/bench/README.md).

--- Q13 ---
  ematix-flow  1376.19 ms ±  0.00  (46 rows)

--- Q18 ---
  ematix-flow  3033.11 ms ±  0.00  (624 rows)

--- Q03 ---
  ematix-flow  1344.95 ms ±  0.00  (114003 rows)

--- Q07 ---
  ematix-flow  1401.50 ms ±  0.00  (4 rows)

--- Q11 ---
  ematix-flow    92.89 ms ±  0.00  (8685 rows)

--- Q04 ---
  ematix-flow   613.54 ms ±  0.00  (5 rows)

--- Q21 ---
  ematix-flow  2076.41 ms ±  0.00  (4009 rows)

--- Q16 ---
  ematix-flow   393.40 ms ±  0.00  (27840 rows)

--- Q14 ---
  ematix-flow   691.01 ms ±  0.00  (1 rows)

--- Q22 ---
  ematix-flow   268.38 ms ±  0.00  (7 rows)

--- Q02 ---
  ematix-flow   134.96 ms ±  0.00  (4667 rows)

--- Q10 ---
  ematix-flow  2140.41 ms ±  0.00  (381105 rows)

--- Q08 ---
  ematix-flow  1895.35 ms ±  0.00  (2 rows)

--- Q19 ---
  ematix-flow   981.08 ms ±  0.00  (1 rows)

--- Q17 ---
  ematix-flow   846.85 ms ±  0.00  (1 rows)

--- Q01 ---
  ematix-flow  2966.41 ms ±  0.00  (4 rows)

--- Q06 ---
  ematix-flow   263.24 ms ±  0.00  (1 rows)

--- Q05 ---
  ematix-flow  1864.11 ms ±  0.00  (5 rows)

--- Q09 ---
  ematix-flow  3366.32 ms ±  0.00  (175 rows)

--- Q12 ---
  ematix-flow  1422.72 ms ±  0.00  (2 rows)

--- Q20 ---
  ematix-flow  1538.08 ms ±  0.00  (1804 rows)

--- Q15 ---
  ematix-flow   663.47 ms ±  0.00  (1 rows)

wrote bench-results/sched-arc-2026-07-03/sf10-final/ematix/s100/batch-3/stream-9.md
