=== TPC-H 22 triangulation bench ===
    data:    /Users/ryanevans/RustroverProjects/ematix-flow/examples/tpch/data/sf10
    queries: 22 ([19, 22, 14, 11, 5, 18, 8, 16, 7, 20, 13, 1, 15, 4, 17, 9, 10, 6, 12, 21, 3, 2])
    trials:  1 (after 0 warmups)
    output:  bench-results/sched-arc-2026-07-03/sf10-final/ematix/s100/batch-3/stream-2.md

    NOTE: single-invocation output is SMOKE-GRADE only. For win/loss
    claims use scripts/bench/strict_22q.sh / strict_ab.sh /
    strict_throughput.sh (see scripts/bench/README.md).

--- Q19 ---
  ematix-flow   399.20 ms ±  0.00  (1 rows)

--- Q22 ---
  ematix-flow   380.91 ms ±  0.00  (7 rows)

--- Q14 ---
  ematix-flow   792.58 ms ±  0.00  (1 rows)

--- Q11 ---
  ematix-flow    92.36 ms ±  0.00  (8685 rows)

--- Q05 ---
  ematix-flow  2007.73 ms ±  0.00  (5 rows)

--- Q18 ---
  ematix-flow  3425.41 ms ±  0.00  (624 rows)

--- Q08 ---
  ematix-flow  2236.77 ms ±  0.00  (2 rows)

--- Q16 ---
  ematix-flow   356.36 ms ±  0.00  (27840 rows)

--- Q07 ---
  ematix-flow  1455.65 ms ±  0.00  (4 rows)

--- Q20 ---
  ematix-flow  1445.26 ms ±  0.00  (1804 rows)

--- Q13 ---
  ematix-flow  1457.89 ms ±  0.00  (46 rows)

--- Q01 ---
  ematix-flow  3427.60 ms ±  0.00  (4 rows)

--- Q15 ---
  ematix-flow   689.17 ms ±  0.00  (1 rows)

--- Q04 ---
  ematix-flow   667.95 ms ±  0.00  (5 rows)

--- Q17 ---
  ematix-flow   493.58 ms ±  0.00  (1 rows)

--- Q09 ---
  ematix-flow  2883.04 ms ±  0.00  (175 rows)

--- Q10 ---
  ematix-flow  2053.03 ms ±  0.00  (381105 rows)

--- Q06 ---
  ematix-flow   185.71 ms ±  0.00  (1 rows)

--- Q12 ---
  ematix-flow  1583.65 ms ±  0.00  (2 rows)

--- Q21 ---
  ematix-flow  3143.34 ms ±  0.00  (4009 rows)

--- Q03 ---
  ematix-flow  1124.03 ms ±  0.00  (114003 rows)

--- Q02 ---
  ematix-flow   112.13 ms ±  0.00  (4667 rows)

wrote bench-results/sched-arc-2026-07-03/sf10-final/ematix/s100/batch-3/stream-2.md
