=== TPC-H 22 triangulation bench ===
    data:    /Users/ryanevans/RustroverProjects/ematix-flow/examples/tpch/data/sf10
    queries: 22 ([1, 2, 3, 17, 5, 14, 12, 19, 9, 18, 21, 10, 6, 16, 13, 15, 8, 22, 11, 4, 20, 7])
    trials:  1 (after 0 warmups)
    output:  bench-results/sched-arc-2026-07-03/sf10-final/ematix/s100/batch-3/stream-85.md

    NOTE: single-invocation output is SMOKE-GRADE only. For win/loss
    claims use scripts/bench/strict_22q.sh / strict_ab.sh /
    strict_throughput.sh (see scripts/bench/README.md).

--- Q01 ---
  ematix-flow  3107.87 ms ±  0.00  (4 rows)

--- Q02 ---
  ematix-flow   118.21 ms ±  0.00  (4667 rows)

--- Q03 ---
  ematix-flow  1260.33 ms ±  0.00  (114003 rows)

--- Q17 ---
  ematix-flow   588.98 ms ±  0.00  (1 rows)

--- Q05 ---
  ematix-flow  1852.27 ms ±  0.00  (5 rows)

--- Q14 ---
  ematix-flow   606.67 ms ±  0.00  (1 rows)

--- Q12 ---
  ematix-flow  1009.98 ms ±  0.00  (2 rows)

--- Q19 ---
  ematix-flow   889.98 ms ±  0.00  (1 rows)

--- Q09 ---
  ematix-flow  3154.77 ms ±  0.00  (175 rows)

--- Q18 ---
  ematix-flow  3440.36 ms ±  0.00  (624 rows)

--- Q21 ---
  ematix-flow  2700.92 ms ±  0.00  (4009 rows)

--- Q10 ---
  ematix-flow  2381.29 ms ±  0.00  (381105 rows)

--- Q06 ---
  ematix-flow   169.66 ms ±  0.00  (1 rows)

--- Q16 ---
  ematix-flow   503.70 ms ±  0.00  (27840 rows)

--- Q13 ---
  ematix-flow  1394.69 ms ±  0.00  (46 rows)

--- Q15 ---
  ematix-flow   947.86 ms ±  0.00  (1 rows)

--- Q08 ---
  ematix-flow  2169.05 ms ±  0.00  (2 rows)

--- Q22 ---
  ematix-flow   254.14 ms ±  0.00  (7 rows)

--- Q11 ---
  ematix-flow   129.07 ms ±  0.00  (8685 rows)

--- Q04 ---
  ematix-flow   812.18 ms ±  0.00  (5 rows)

--- Q20 ---
  ematix-flow  1440.58 ms ±  0.00  (1804 rows)

--- Q07 ---
  ematix-flow  1363.85 ms ±  0.00  (4 rows)

wrote bench-results/sched-arc-2026-07-03/sf10-final/ematix/s100/batch-3/stream-85.md
