=== TPC-H 22 triangulation bench ===
    data:    /Users/ryanevans/RustroverProjects/ematix-flow/examples/tpch/data/sf10
    queries: 22 ([14, 17, 22, 7, 21, 4, 11, 2, 16, 5, 1, 13, 18, 9, 20, 12, 10, 15, 8, 3, 6, 19])
    trials:  1 (after 0 warmups)
    output:  bench-results/sched-arc-2026-07-03/sf10-final/ematix/s100/batch-3/stream-62.md

    NOTE: single-invocation output is SMOKE-GRADE only. For win/loss
    claims use scripts/bench/strict_22q.sh / strict_ab.sh /
    strict_throughput.sh (see scripts/bench/README.md).

--- Q14 ---
  ematix-flow   529.45 ms ±  0.00  (1 rows)

--- Q17 ---
  ematix-flow   807.68 ms ±  0.00  (1 rows)

--- Q22 ---
  ematix-flow   329.39 ms ±  0.00  (7 rows)

--- Q07 ---
  ematix-flow  1562.77 ms ±  0.00  (4 rows)

--- Q21 ---
  ematix-flow  1980.15 ms ±  0.00  (4009 rows)

--- Q04 ---
  ematix-flow   577.23 ms ±  0.00  (5 rows)

--- Q11 ---
  ematix-flow   108.28 ms ±  0.00  (8685 rows)

--- Q02 ---
  ematix-flow   127.77 ms ±  0.00  (4667 rows)

--- Q16 ---
  ematix-flow   431.12 ms ±  0.00  (27840 rows)

--- Q05 ---
  ematix-flow  1807.68 ms ±  0.00  (5 rows)

--- Q01 ---
  ematix-flow  3133.04 ms ±  0.00  (4 rows)

--- Q13 ---
  ematix-flow  1153.27 ms ±  0.00  (46 rows)

--- Q18 ---
  ematix-flow  3558.02 ms ±  0.00  (624 rows)

--- Q09 ---
  ematix-flow  2898.06 ms ±  0.00  (175 rows)

--- Q20 ---
  ematix-flow  1440.12 ms ±  0.00  (1804 rows)

--- Q12 ---
  ematix-flow  1248.54 ms ±  0.00  (2 rows)

--- Q10 ---
  ematix-flow  2109.91 ms ±  0.00  (381105 rows)

--- Q15 ---
  ematix-flow   797.73 ms ±  0.00  (1 rows)

--- Q08 ---
  ematix-flow  2059.40 ms ±  0.00  (2 rows)

--- Q03 ---
  ematix-flow  1310.29 ms ±  0.00  (114003 rows)

--- Q06 ---
  ematix-flow   399.80 ms ±  0.00  (1 rows)

--- Q19 ---
  ematix-flow  1013.86 ms ±  0.00  (1 rows)

wrote bench-results/sched-arc-2026-07-03/sf10-final/ematix/s100/batch-3/stream-62.md
