=== TPC-H 22 triangulation bench ===
    data:    /Users/ryanevans/RustroverProjects/ematix-flow/examples/tpch/data/sf10
    queries: 22 ([8, 14, 11, 21, 17, 22, 6, 13, 9, 1, 10, 15, 2, 7, 18, 5, 20, 3, 4, 12, 19, 16])
    trials:  1 (after 0 warmups)
    output:  bench-results/sched-arc-2026-07-03/sf10-final/ematix/s100/batch-3/stream-93.md

    NOTE: single-invocation output is SMOKE-GRADE only. For win/loss
    claims use scripts/bench/strict_22q.sh / strict_ab.sh /
    strict_throughput.sh (see scripts/bench/README.md).

--- Q08 ---
  ematix-flow  2095.63 ms ±  0.00  (2 rows)

--- Q14 ---
  ematix-flow   574.63 ms ±  0.00  (1 rows)

--- Q11 ---
  ematix-flow    96.74 ms ±  0.00  (8685 rows)

--- Q21 ---
  ematix-flow  2232.40 ms ±  0.00  (4009 rows)

--- Q17 ---
  ematix-flow   521.56 ms ±  0.00  (1 rows)

--- Q22 ---
  ematix-flow   248.43 ms ±  0.00  (7 rows)

--- Q06 ---
  ematix-flow   140.94 ms ±  0.00  (1 rows)

--- Q13 ---
  ematix-flow  1056.88 ms ±  0.00  (46 rows)

--- Q09 ---
  ematix-flow  3375.09 ms ±  0.00  (175 rows)

--- Q01 ---
  ematix-flow  3514.79 ms ±  0.00  (4 rows)

--- Q10 ---
  ematix-flow  2117.06 ms ±  0.00  (381105 rows)

--- Q15 ---
  ematix-flow   709.40 ms ±  0.00  (1 rows)

--- Q02 ---
  ematix-flow    89.89 ms ±  0.00  (4667 rows)

--- Q07 ---
  ematix-flow  1430.16 ms ±  0.00  (4 rows)

--- Q18 ---
  ematix-flow  3777.41 ms ±  0.00  (624 rows)

--- Q05 ---
  ematix-flow  1944.16 ms ±  0.00  (5 rows)

--- Q20 ---
  ematix-flow  1494.57 ms ±  0.00  (1804 rows)

--- Q03 ---
  ematix-flow  1384.94 ms ±  0.00  (114003 rows)

--- Q04 ---
  ematix-flow   755.74 ms ±  0.00  (5 rows)

--- Q12 ---
  ematix-flow  1115.81 ms ±  0.00  (2 rows)

--- Q19 ---
  ematix-flow   928.49 ms ±  0.00  (1 rows)

--- Q16 ---
  ematix-flow   341.39 ms ±  0.00  (27840 rows)

wrote bench-results/sched-arc-2026-07-03/sf10-final/ematix/s100/batch-3/stream-93.md
