=== TPC-H 22 triangulation bench ===
    data:    /Users/ryanevans/RustroverProjects/ematix-flow/examples/tpch/data/sf10
    queries: 22 ([2, 14, 17, 6, 11, 7, 20, 13, 15, 4, 9, 21, 22, 1, 10, 3, 16, 12, 5, 18, 19, 8])
    trials:  1 (after 0 warmups)
    output:  bench-results/sched-arc-2026-07-03/sf10-final/ematix/s100/batch-3/stream-3.md

    NOTE: single-invocation output is SMOKE-GRADE only. For win/loss
    claims use scripts/bench/strict_22q.sh / strict_ab.sh /
    strict_throughput.sh (see scripts/bench/README.md).

--- Q02 ---
  ematix-flow    66.47 ms ±  0.00  (4667 rows)

--- Q14 ---
  ematix-flow   254.54 ms ±  0.00  (1 rows)

--- Q17 ---
  ematix-flow   765.63 ms ±  0.00  (1 rows)

--- Q06 ---
  ematix-flow   155.56 ms ±  0.00  (1 rows)

--- Q11 ---
  ematix-flow   127.57 ms ±  0.00  (8685 rows)

--- Q07 ---
  ematix-flow  1456.68 ms ±  0.00  (4 rows)

--- Q20 ---
  ematix-flow  1561.09 ms ±  0.00  (1804 rows)

--- Q13 ---
  ematix-flow  1224.78 ms ±  0.00  (46 rows)

--- Q15 ---
  ematix-flow   873.09 ms ±  0.00  (1 rows)

--- Q04 ---
  ematix-flow   636.31 ms ±  0.00  (5 rows)

--- Q09 ---
  ematix-flow  2987.19 ms ±  0.00  (175 rows)

--- Q21 ---
  ematix-flow  2401.81 ms ±  0.00  (4009 rows)

--- Q22 ---
  ematix-flow   213.53 ms ±  0.00  (7 rows)

--- Q01 ---
  ematix-flow  3219.47 ms ±  0.00  (4 rows)

--- Q10 ---
  ematix-flow  2380.72 ms ±  0.00  (381105 rows)

--- Q03 ---
  ematix-flow  1269.56 ms ±  0.00  (114003 rows)

--- Q16 ---
  ematix-flow   320.79 ms ±  0.00  (27840 rows)

--- Q12 ---
  ematix-flow  1245.69 ms ±  0.00  (2 rows)

--- Q05 ---
  ematix-flow  1768.29 ms ±  0.00  (5 rows)

--- Q18 ---
  ematix-flow  4013.43 ms ±  0.00  (624 rows)

--- Q19 ---
  ematix-flow  1018.81 ms ±  0.00  (1 rows)

--- Q08 ---
  ematix-flow  2085.39 ms ±  0.00  (2 rows)

wrote bench-results/sched-arc-2026-07-03/sf10-final/ematix/s100/batch-3/stream-3.md
