=== TPC-H 22 triangulation bench ===
    data:    /Users/ryanevans/RustroverProjects/ematix-flow/examples/tpch/data/sf10
    queries: 22 ([18, 19, 4, 13, 12, 6, 7, 17, 20, 5, 21, 15, 8, 2, 1, 11, 10, 3, 22, 16, 14, 9])
    trials:  1 (after 0 warmups)
    output:  bench-results/sched-arc-2026-07-03/sf10-final/ematix/s100/batch-3/stream-45.md

    NOTE: single-invocation output is SMOKE-GRADE only. For win/loss
    claims use scripts/bench/strict_22q.sh / strict_ab.sh /
    strict_throughput.sh (see scripts/bench/README.md).

--- Q18 ---
  ematix-flow  2634.40 ms ±  0.00  (624 rows)

--- Q19 ---
  ematix-flow  1059.83 ms ±  0.00  (1 rows)

--- Q04 ---
  ematix-flow   514.86 ms ±  0.00  (5 rows)

--- Q13 ---
  ematix-flow  1289.33 ms ±  0.00  (46 rows)

--- Q12 ---
  ematix-flow  1014.03 ms ±  0.00  (2 rows)

--- Q06 ---
  ematix-flow   159.58 ms ±  0.00  (1 rows)

--- Q07 ---
  ematix-flow  1598.57 ms ±  0.00  (4 rows)

--- Q17 ---
  ematix-flow   723.50 ms ±  0.00  (1 rows)

--- Q20 ---
  ematix-flow  1623.92 ms ±  0.00  (1804 rows)

--- Q05 ---
  ematix-flow  1831.48 ms ±  0.00  (5 rows)

--- Q21 ---
  ematix-flow  1988.82 ms ±  0.00  (4009 rows)

--- Q15 ---
  ematix-flow   693.10 ms ±  0.00  (1 rows)

--- Q08 ---
  ematix-flow  2065.14 ms ±  0.00  (2 rows)

--- Q02 ---
  ematix-flow   127.41 ms ±  0.00  (4667 rows)

--- Q01 ---
  ematix-flow  3701.15 ms ±  0.00  (4 rows)

--- Q11 ---
  ematix-flow   157.18 ms ±  0.00  (8685 rows)

--- Q10 ---
  ematix-flow  2358.93 ms ±  0.00  (381105 rows)

--- Q03 ---
  ematix-flow  1268.87 ms ±  0.00  (114003 rows)

--- Q22 ---
  ematix-flow   159.93 ms ±  0.00  (7 rows)

--- Q16 ---
  ematix-flow   274.09 ms ±  0.00  (27840 rows)

--- Q14 ---
  ematix-flow   421.02 ms ±  0.00  (1 rows)

--- Q09 ---
  ematix-flow  3724.13 ms ±  0.00  (175 rows)

wrote bench-results/sched-arc-2026-07-03/sf10-final/ematix/s100/batch-3/stream-45.md
