=== TPC-H 22 triangulation bench ===
    data:    /Users/ryanevans/RustroverProjects/ematix-flow/examples/tpch/data/sf10
    queries: 22 ([4, 13, 6, 17, 21, 10, 12, 22, 9, 18, 3, 11, 5, 8, 20, 15, 7, 1, 16, 14, 2, 19])
    trials:  1 (after 0 warmups)
    output:  bench-results/tput-rebaseline-2026-07-03/sf10-auto/ematix/s100/batch-4/stream-10.md

    NOTE: single-invocation output is SMOKE-GRADE only. For win/loss
    claims use scripts/bench/strict_22q.sh / strict_ab.sh /
    strict_throughput.sh (see scripts/bench/README.md).

--- Q04 ---
  ematix-flow   800.37 ms ±  0.00  (5 rows)

--- Q13 ---
  ematix-flow  1195.91 ms ±  0.00  (46 rows)

--- Q06 ---
  ematix-flow   225.12 ms ±  0.00  (1 rows)

--- Q17 ---
  ematix-flow   510.55 ms ±  0.00  (1 rows)

--- Q21 ---
  ematix-flow  3096.17 ms ±  0.00  (4009 rows)

--- Q10 ---
  ematix-flow  1781.15 ms ±  0.00  (381105 rows)

--- Q12 ---
  ematix-flow   748.54 ms ±  0.00  (2 rows)

--- Q22 ---
  ematix-flow   323.35 ms ±  0.00  (7 rows)

--- Q09 ---
  ematix-flow  4358.28 ms ±  0.00  (175 rows)

--- Q18 ---
  ematix-flow  5341.07 ms ±  0.00  (624 rows)

--- Q03 ---
  ematix-flow  1697.56 ms ±  0.00  (114003 rows)

--- Q11 ---
  ematix-flow   230.27 ms ±  0.00  (8685 rows)

--- Q05 ---
  ematix-flow  1226.77 ms ±  0.00  (5 rows)

--- Q08 ---
  ematix-flow  1467.90 ms ±  0.00  (2 rows)

--- Q20 ---
  ematix-flow  1936.34 ms ±  0.00  (1804 rows)

--- Q15 ---
  ematix-flow   454.78 ms ±  0.00  (1 rows)

--- Q07 ---
  ematix-flow  1502.26 ms ±  0.00  (4 rows)

--- Q01 ---
  ematix-flow  3379.61 ms ±  0.00  (4 rows)

--- Q16 ---
  ematix-flow   504.82 ms ±  0.00  (27840 rows)

--- Q14 ---
  ematix-flow   282.34 ms ±  0.00  (1 rows)

--- Q02 ---
  ematix-flow   221.05 ms ±  0.00  (4667 rows)

--- Q19 ---
  ematix-flow   373.67 ms ±  0.00  (1 rows)

wrote bench-results/tput-rebaseline-2026-07-03/sf10-auto/ematix/s100/batch-4/stream-10.md
