=== TPC-H 22 triangulation bench ===
    data:    /Users/ryanevans/RustroverProjects/ematix-flow/examples/tpch/data/sf10
    queries: 22 ([13, 18, 3, 7, 11, 4, 21, 16, 14, 22, 2, 10, 8, 19, 17, 1, 6, 5, 9, 12, 20, 15])
    trials:  1 (after 0 warmups)
    output:  bench-results/tput-rebaseline-2026-07-03/sf10-auto/ematix/s100/batch-4/stream-9.md

    NOTE: single-invocation output is SMOKE-GRADE only. For win/loss
    claims use scripts/bench/strict_22q.sh / strict_ab.sh /
    strict_throughput.sh (see scripts/bench/README.md).

--- Q13 ---
  ematix-flow  1446.07 ms ±  0.00  (46 rows)

--- Q18 ---
  ematix-flow  3181.90 ms ±  0.00  (624 rows)

--- Q03 ---
  ematix-flow  1177.17 ms ±  0.00  (114003 rows)

--- Q07 ---
  ematix-flow  1294.48 ms ±  0.00  (4 rows)

--- Q11 ---
  ematix-flow   205.50 ms ±  0.00  (8685 rows)

--- Q04 ---
  ematix-flow   977.92 ms ±  0.00  (5 rows)

--- Q21 ---
  ematix-flow  2964.55 ms ±  0.00  (4009 rows)

--- Q16 ---
  ematix-flow   680.29 ms ±  0.00  (27840 rows)

--- Q14 ---
  ematix-flow   286.02 ms ±  0.00  (1 rows)

--- Q22 ---
  ematix-flow   387.90 ms ±  0.00  (7 rows)

--- Q02 ---
  ematix-flow   164.73 ms ±  0.00  (4667 rows)

--- Q10 ---
  ematix-flow  1877.44 ms ±  0.00  (381105 rows)

--- Q08 ---
  ematix-flow   958.35 ms ±  0.00  (2 rows)

--- Q19 ---
  ematix-flow   421.98 ms ±  0.00  (1 rows)

--- Q17 ---
  ematix-flow  1052.81 ms ±  0.00  (1 rows)

--- Q01 ---
  ematix-flow  3172.13 ms ±  0.00  (4 rows)

--- Q06 ---
  ematix-flow   467.42 ms ±  0.00  (1 rows)

--- Q05 ---
  ematix-flow  1168.68 ms ±  0.00  (5 rows)

--- Q09 ---
  ematix-flow  5073.89 ms ±  0.00  (175 rows)

--- Q12 ---
  ematix-flow  1032.35 ms ±  0.00  (2 rows)

--- Q20 ---
  ematix-flow  1664.28 ms ±  0.00  (1804 rows)

--- Q15 ---
  ematix-flow   427.10 ms ±  0.00  (1 rows)

wrote bench-results/tput-rebaseline-2026-07-03/sf10-auto/ematix/s100/batch-4/stream-9.md
