=== TPC-H 22 triangulation bench ===
    data:    /Users/ryanevans/RustroverProjects/ematix-flow/examples/tpch/data/sf10
    queries: 22 ([18, 6, 8, 19, 1, 12, 2, 9, 7, 16, 21, 13, 17, 14, 3, 22, 11, 5, 20, 15, 10, 4])
    trials:  1 (after 0 warmups)
    output:  bench-results/tput-rebaseline-2026-07-03/sf10-auto/ematix/s100/batch-4/stream-70.md

    NOTE: single-invocation output is SMOKE-GRADE only. For win/loss
    claims use scripts/bench/strict_22q.sh / strict_ab.sh /
    strict_throughput.sh (see scripts/bench/README.md).

--- Q18 ---
  ematix-flow  2823.81 ms ±  0.00  (624 rows)

--- Q06 ---
  ematix-flow   282.90 ms ±  0.00  (1 rows)

--- Q08 ---
  ematix-flow  1071.89 ms ±  0.00  (2 rows)

--- Q19 ---
  ematix-flow   391.51 ms ±  0.00  (1 rows)

--- Q01 ---
  ematix-flow  3153.86 ms ±  0.00  (4 rows)

--- Q12 ---
  ematix-flow   977.20 ms ±  0.00  (2 rows)

--- Q02 ---
  ematix-flow   170.27 ms ±  0.00  (4667 rows)

--- Q09 ---
  ematix-flow  3717.01 ms ±  0.00  (175 rows)

--- Q07 ---
  ematix-flow  1597.17 ms ±  0.00  (4 rows)

--- Q16 ---
  ematix-flow   781.81 ms ±  0.00  (27840 rows)

--- Q21 ---
  ematix-flow  5487.90 ms ±  0.00  (4009 rows)

--- Q13 ---
  ematix-flow  2076.40 ms ±  0.00  (46 rows)

--- Q17 ---
  ematix-flow  1337.74 ms ±  0.00  (1 rows)

--- Q14 ---
  ematix-flow   252.76 ms ±  0.00  (1 rows)

--- Q03 ---
  ematix-flow  1284.70 ms ±  0.00  (114003 rows)

--- Q22 ---
  ematix-flow   464.83 ms ±  0.00  (7 rows)

--- Q11 ---
  ematix-flow   166.73 ms ±  0.00  (8685 rows)

--- Q05 ---
  ematix-flow  1535.43 ms ±  0.00  (5 rows)

--- Q20 ---
  ematix-flow  1461.66 ms ±  0.00  (1804 rows)

--- Q15 ---
  ematix-flow   511.66 ms ±  0.00  (1 rows)

--- Q10 ---
  ematix-flow  1672.78 ms ±  0.00  (381105 rows)

--- Q04 ---
  ematix-flow   983.57 ms ±  0.00  (5 rows)

wrote bench-results/tput-rebaseline-2026-07-03/sf10-auto/ematix/s100/batch-4/stream-70.md
