=== TPC-H 22 triangulation bench ===
    data:    /Users/ryanevans/RustroverProjects/ematix-flow/examples/tpch/data/sf10
    queries: 22 ([1, 8, 5, 4, 9, 3, 7, 10, 13, 18, 6, 12, 20, 11, 21, 16, 17, 2, 22, 14, 19, 15])
    trials:  1 (after 0 warmups)
    output:  bench-results/tput-rebaseline-2026-07-03/sf10-auto/ematix/s100/batch-4/stream-75.md

    NOTE: single-invocation output is SMOKE-GRADE only. For win/loss
    claims use scripts/bench/strict_22q.sh / strict_ab.sh /
    strict_throughput.sh (see scripts/bench/README.md).

--- Q01 ---
  ematix-flow  2726.03 ms ±  0.00  (4 rows)

--- Q08 ---
  ematix-flow  1184.63 ms ±  0.00  (2 rows)

--- Q05 ---
  ematix-flow  1361.24 ms ±  0.00  (5 rows)

--- Q04 ---
  ematix-flow   794.53 ms ±  0.00  (5 rows)

--- Q09 ---
  ematix-flow  3441.63 ms ±  0.00  (175 rows)

--- Q03 ---
  ematix-flow  1400.76 ms ±  0.00  (114003 rows)

--- Q07 ---
  ematix-flow  1006.73 ms ±  0.00  (4 rows)

--- Q10 ---
  ematix-flow  1893.51 ms ±  0.00  (381105 rows)

--- Q13 ---
  ematix-flow  1545.00 ms ±  0.00  (46 rows)

--- Q18 ---
  ematix-flow  4922.17 ms ±  0.00  (624 rows)

--- Q06 ---
  ematix-flow   521.13 ms ±  0.00  (1 rows)

--- Q12 ---
  ematix-flow  1009.94 ms ±  0.00  (2 rows)

--- Q20 ---
  ematix-flow  1375.83 ms ±  0.00  (1804 rows)

--- Q11 ---
  ematix-flow   107.30 ms ±  0.00  (8685 rows)

--- Q21 ---
  ematix-flow  3456.13 ms ±  0.00  (4009 rows)

--- Q16 ---
  ematix-flow   472.92 ms ±  0.00  (27840 rows)

--- Q17 ---
  ematix-flow   744.26 ms ±  0.00  (1 rows)

--- Q02 ---
  ematix-flow    98.63 ms ±  0.00  (4667 rows)

--- Q22 ---
  ematix-flow   385.85 ms ±  0.00  (7 rows)

--- Q14 ---
  ematix-flow   444.37 ms ±  0.00  (1 rows)

--- Q19 ---
  ematix-flow   703.22 ms ±  0.00  (1 rows)

--- Q15 ---
  ematix-flow   486.40 ms ±  0.00  (1 rows)

wrote bench-results/tput-rebaseline-2026-07-03/sf10-auto/ematix/s100/batch-4/stream-75.md
