=== TPC-H 22 triangulation bench ===
    data:    /Users/ryanevans/RustroverProjects/ematix-flow/examples/tpch/data/sf10
    queries: 22 ([19, 18, 21, 15, 13, 17, 8, 14, 9, 16, 7, 22, 12, 5, 4, 6, 20, 3, 10, 1, 2, 11])
    trials:  1 (after 0 warmups)
    output:  bench-results/tput-rebaseline-2026-07-03/sf10-auto/ematix/s100/batch-4/stream-36.md

    NOTE: single-invocation output is SMOKE-GRADE only. For win/loss
    claims use scripts/bench/strict_22q.sh / strict_ab.sh /
    strict_throughput.sh (see scripts/bench/README.md).

--- Q19 ---
  ematix-flow   453.00 ms ±  0.00  (1 rows)

--- Q18 ---
  ematix-flow  2715.71 ms ±  0.00  (624 rows)

--- Q21 ---
  ematix-flow  2094.76 ms ±  0.00  (4009 rows)

--- Q15 ---
  ematix-flow   364.72 ms ±  0.00  (1 rows)

--- Q13 ---
  ematix-flow  1481.49 ms ±  0.00  (46 rows)

--- Q17 ---
  ematix-flow   875.15 ms ±  0.00  (1 rows)

--- Q08 ---
  ematix-flow  1210.25 ms ±  0.00  (2 rows)

--- Q14 ---
  ematix-flow   267.46 ms ±  0.00  (1 rows)

--- Q09 ---
  ematix-flow  4740.48 ms ±  0.00  (175 rows)

--- Q16 ---
  ematix-flow  1032.16 ms ±  0.00  (27840 rows)

--- Q07 ---
  ematix-flow  1062.48 ms ±  0.00  (4 rows)

--- Q22 ---
  ematix-flow   556.32 ms ±  0.00  (7 rows)

--- Q12 ---
  ematix-flow   735.55 ms ±  0.00  (2 rows)

--- Q05 ---
  ematix-flow  1151.27 ms ±  0.00  (5 rows)

--- Q04 ---
  ematix-flow  1019.51 ms ±  0.00  (5 rows)

--- Q06 ---
  ematix-flow   458.77 ms ±  0.00  (1 rows)

--- Q20 ---
  ematix-flow  1238.14 ms ±  0.00  (1804 rows)

--- Q03 ---
  ematix-flow   849.06 ms ±  0.00  (114003 rows)

--- Q10 ---
  ematix-flow  1864.10 ms ±  0.00  (381105 rows)

--- Q01 ---
  ematix-flow  4326.39 ms ±  0.00  (4 rows)

--- Q02 ---
  ematix-flow   169.09 ms ±  0.00  (4667 rows)

--- Q11 ---
  ematix-flow   209.78 ms ±  0.00  (8685 rows)

wrote bench-results/tput-rebaseline-2026-07-03/sf10-auto/ematix/s100/batch-4/stream-36.md
