=== TPC-H 22 triangulation bench ===
    data:    /Users/ryanevans/RustroverProjects/ematix-flow/examples/tpch/data/sf10
    queries: 22 ([5, 16, 18, 19, 3, 15, 2, 20, 21, 4, 1, 17, 12, 14, 7, 9, 10, 22, 6, 8, 11, 13])
    trials:  1 (after 0 warmups)
    output:  bench-results/tput-rebaseline-2026-07-03/sf10-auto/ematix/s100/batch-4/stream-41.md

    NOTE: single-invocation output is SMOKE-GRADE only. For win/loss
    claims use scripts/bench/strict_22q.sh / strict_ab.sh /
    strict_throughput.sh (see scripts/bench/README.md).

--- Q05 ---
  ematix-flow  1483.85 ms ±  0.00  (5 rows)

--- Q16 ---
  ematix-flow   390.19 ms ±  0.00  (27840 rows)

--- Q18 ---
  ematix-flow  3035.70 ms ±  0.00  (624 rows)

--- Q19 ---
  ematix-flow   440.65 ms ±  0.00  (1 rows)

--- Q03 ---
  ematix-flow  1327.20 ms ±  0.00  (114003 rows)

--- Q15 ---
  ematix-flow   399.23 ms ±  0.00  (1 rows)

--- Q02 ---
  ematix-flow    79.38 ms ±  0.00  (4667 rows)

--- Q20 ---
  ematix-flow  1089.25 ms ±  0.00  (1804 rows)

--- Q21 ---
  ematix-flow  3516.79 ms ±  0.00  (4009 rows)

--- Q04 ---
  ematix-flow   970.52 ms ±  0.00  (5 rows)

--- Q01 ---
  ematix-flow  2856.80 ms ±  0.00  (4 rows)

--- Q17 ---
  ematix-flow   738.82 ms ±  0.00  (1 rows)

--- Q12 ---
  ematix-flow   783.94 ms ±  0.00  (2 rows)

--- Q14 ---
  ematix-flow   316.67 ms ±  0.00  (1 rows)

--- Q07 ---
  ematix-flow  1094.57 ms ±  0.00  (4 rows)

--- Q09 ---
  ematix-flow  4150.50 ms ±  0.00  (175 rows)

--- Q10 ---
  ematix-flow  2606.52 ms ±  0.00  (381105 rows)

--- Q22 ---
  ematix-flow   306.15 ms ±  0.00  (7 rows)

--- Q06 ---
  ematix-flow   525.01 ms ±  0.00  (1 rows)

--- Q08 ---
  ematix-flow  1110.75 ms ±  0.00  (2 rows)

--- Q11 ---
  ematix-flow   131.36 ms ±  0.00  (8685 rows)

--- Q13 ---
  ematix-flow  1483.85 ms ±  0.00  (46 rows)

wrote bench-results/tput-rebaseline-2026-07-03/sf10-auto/ematix/s100/batch-4/stream-41.md
