=== TPC-H 22 triangulation bench ===
    data:    /Users/ryanevans/RustroverProjects/ematix-flow/examples/tpch/data/sf10
    queries: 22 ([21, 9, 18, 8, 6, 12, 10, 7, 1, 22, 19, 20, 14, 4, 11, 17, 2, 13, 5, 3, 15, 16])
    trials:  1 (after 0 warmups)
    output:  bench-results/tput-rebaseline-2026-07-03/sf10-auto/ematix/s100/batch-4/stream-83.md

    NOTE: single-invocation output is SMOKE-GRADE only. For win/loss
    claims use scripts/bench/strict_22q.sh / strict_ab.sh /
    strict_throughput.sh (see scripts/bench/README.md).

--- Q21 ---
  ematix-flow  2920.01 ms ±  0.00  (4009 rows)

--- Q09 ---
  ematix-flow  3522.78 ms ±  0.00  (175 rows)

--- Q18 ---
  ematix-flow  3507.34 ms ±  0.00  (624 rows)

--- Q08 ---
  ematix-flow  1369.71 ms ±  0.00  (2 rows)

--- Q06 ---
  ematix-flow   203.59 ms ±  0.00  (1 rows)

--- Q12 ---
  ematix-flow   872.57 ms ±  0.00  (2 rows)

--- Q10 ---
  ematix-flow  1596.38 ms ±  0.00  (381105 rows)

--- Q07 ---
  ematix-flow  1122.48 ms ±  0.00  (4 rows)

--- Q01 ---
  ematix-flow  3280.52 ms ±  0.00  (4 rows)

--- Q22 ---
  ematix-flow   446.85 ms ±  0.00  (7 rows)

--- Q19 ---
  ematix-flow   430.87 ms ±  0.00  (1 rows)

--- Q20 ---
  ematix-flow  1322.65 ms ±  0.00  (1804 rows)

--- Q14 ---
  ematix-flow   383.39 ms ±  0.00  (1 rows)

--- Q04 ---
  ematix-flow  1163.81 ms ±  0.00  (5 rows)

--- Q11 ---
  ematix-flow   271.31 ms ±  0.00  (8685 rows)

--- Q17 ---
  ematix-flow  1233.69 ms ±  0.00  (1 rows)

--- Q02 ---
  ematix-flow   386.87 ms ±  0.00  (4667 rows)

--- Q13 ---
  ematix-flow  1656.95 ms ±  0.00  (46 rows)

--- Q05 ---
  ematix-flow  1089.86 ms ±  0.00  (5 rows)

--- Q03 ---
  ematix-flow  1195.51 ms ±  0.00  (114003 rows)

--- Q15 ---
  ematix-flow   427.59 ms ±  0.00  (1 rows)

--- Q16 ---
  ematix-flow   604.29 ms ±  0.00  (27840 rows)

wrote bench-results/tput-rebaseline-2026-07-03/sf10-auto/ematix/s100/batch-4/stream-83.md
