=== TPC-H 22 triangulation bench ===
    data:    /Users/ryanevans/RustroverProjects/ematix-flow/examples/tpch/data/sf10
    queries: 22 ([21, 13, 19, 22, 10, 14, 5, 7, 4, 16, 6, 2, 3, 18, 11, 8, 15, 1, 17, 12, 9, 20])
    trials:  1 (after 0 warmups)
    output:  bench-results/tput-rebaseline-2026-07-03/sf10-auto/ematix/s100/batch-4/stream-5.md

    NOTE: single-invocation output is SMOKE-GRADE only. For win/loss
    claims use scripts/bench/strict_22q.sh / strict_ab.sh /
    strict_throughput.sh (see scripts/bench/README.md).

--- Q21 ---
  ematix-flow  2609.05 ms ±  0.00  (4009 rows)

--- Q13 ---
  ematix-flow  1406.41 ms ±  0.00  (46 rows)

--- Q19 ---
  ematix-flow   484.34 ms ±  0.00  (1 rows)

--- Q22 ---
  ematix-flow   352.49 ms ±  0.00  (7 rows)

--- Q10 ---
  ematix-flow  1615.97 ms ±  0.00  (381105 rows)

--- Q14 ---
  ematix-flow   258.32 ms ±  0.00  (1 rows)

--- Q05 ---
  ematix-flow  1223.17 ms ±  0.00  (5 rows)

--- Q07 ---
  ematix-flow  1104.40 ms ±  0.00  (4 rows)

--- Q04 ---
  ematix-flow   932.42 ms ±  0.00  (5 rows)

--- Q16 ---
  ematix-flow   608.03 ms ±  0.00  (27840 rows)

--- Q06 ---
  ematix-flow   288.33 ms ±  0.00  (1 rows)

--- Q02 ---
  ematix-flow   193.83 ms ±  0.00  (4667 rows)

--- Q03 ---
  ematix-flow  1620.73 ms ±  0.00  (114003 rows)

--- Q18 ---
  ematix-flow  5864.84 ms ±  0.00  (624 rows)

--- Q11 ---
  ematix-flow   296.26 ms ±  0.00  (8685 rows)

--- Q08 ---
  ematix-flow  1367.20 ms ±  0.00  (2 rows)

--- Q15 ---
  ematix-flow   492.85 ms ±  0.00  (1 rows)

--- Q01 ---
  ematix-flow  3932.52 ms ±  0.00  (4 rows)

--- Q17 ---
  ematix-flow  1001.53 ms ±  0.00  (1 rows)

--- Q12 ---
  ematix-flow   955.88 ms ±  0.00  (2 rows)

--- Q09 ---
  ematix-flow  4010.98 ms ±  0.00  (175 rows)

--- Q20 ---
  ematix-flow  1603.11 ms ±  0.00  (1804 rows)

wrote bench-results/tput-rebaseline-2026-07-03/sf10-auto/ematix/s100/batch-4/stream-5.md
