=== TPC-H 22 triangulation bench ===
    data:    /Users/ryanevans/RustroverProjects/ematix-flow/examples/tpch/data/sf10
    queries: 22 ([7, 8, 4, 19, 16, 13, 3, 2, 6, 15, 9, 12, 1, 17, 22, 14, 10, 20, 21, 5, 11, 18])
    trials:  1 (after 0 warmups)
    output:  bench-results/tput-rebaseline-2026-07-03/sf10-auto/ematix/s100/batch-4/stream-35.md

    NOTE: single-invocation output is SMOKE-GRADE only. For win/loss
    claims use scripts/bench/strict_22q.sh / strict_ab.sh /
    strict_throughput.sh (see scripts/bench/README.md).

--- Q07 ---
  ematix-flow  1114.68 ms ±  0.00  (4 rows)

--- Q08 ---
  ematix-flow   930.69 ms ±  0.00  (2 rows)

--- Q04 ---
  ematix-flow   767.55 ms ±  0.00  (5 rows)

--- Q19 ---
  ematix-flow   458.83 ms ±  0.00  (1 rows)

--- Q16 ---
  ematix-flow   314.63 ms ±  0.00  (27840 rows)

--- Q13 ---
  ematix-flow  1036.68 ms ±  0.00  (46 rows)

--- Q03 ---
  ematix-flow  1078.35 ms ±  0.00  (114003 rows)

--- Q02 ---
  ematix-flow    99.79 ms ±  0.00  (4667 rows)

--- Q06 ---
  ematix-flow   161.22 ms ±  0.00  (1 rows)

--- Q15 ---
  ematix-flow   410.18 ms ±  0.00  (1 rows)

--- Q09 ---
  ematix-flow  3572.70 ms ±  0.00  (175 rows)

--- Q12 ---
  ematix-flow   714.48 ms ±  0.00  (2 rows)

--- Q01 ---
  ematix-flow  4371.53 ms ±  0.00  (4 rows)

--- Q17 ---
  ematix-flow   897.25 ms ±  0.00  (1 rows)

--- Q22 ---
  ematix-flow   375.96 ms ±  0.00  (7 rows)

--- Q14 ---
  ematix-flow   280.66 ms ±  0.00  (1 rows)

--- Q10 ---
  ematix-flow  1585.78 ms ±  0.00  (381105 rows)

--- Q20 ---
  ematix-flow  1143.63 ms ±  0.00  (1804 rows)

--- Q21 ---
  ematix-flow  2906.39 ms ±  0.00  (4009 rows)

--- Q05 ---
  ematix-flow  1190.54 ms ±  0.00  (5 rows)

--- Q11 ---
  ematix-flow   145.75 ms ±  0.00  (8685 rows)

--- Q18 ---
  ematix-flow  5128.50 ms ±  0.00  (624 rows)

wrote bench-results/tput-rebaseline-2026-07-03/sf10-auto/ematix/s100/batch-4/stream-35.md
