=== TPC-H 22 triangulation bench ===
    data:    /Users/ryanevans/RustroverProjects/ematix-flow/examples/tpch/data/sf10
    queries: 22 ([14, 16, 4, 22, 15, 18, 7, 11, 6, 20, 12, 1, 21, 9, 10, 5, 17, 8, 19, 2, 13, 3])
    trials:  1 (after 0 warmups)
    output:  bench-results/tput-rebaseline-2026-07-03/sf10-auto/ematix/s100/batch-4/stream-46.md

    NOTE: single-invocation output is SMOKE-GRADE only. For win/loss
    claims use scripts/bench/strict_22q.sh / strict_ab.sh /
    strict_throughput.sh (see scripts/bench/README.md).

--- Q14 ---
  ematix-flow   271.66 ms ±  0.00  (1 rows)

--- Q16 ---
  ematix-flow   427.00 ms ±  0.00  (27840 rows)

--- Q04 ---
  ematix-flow  1023.82 ms ±  0.00  (5 rows)

--- Q22 ---
  ematix-flow   335.65 ms ±  0.00  (7 rows)

--- Q15 ---
  ematix-flow   410.54 ms ±  0.00  (1 rows)

--- Q18 ---
  ematix-flow  3560.31 ms ±  0.00  (624 rows)

--- Q07 ---
  ematix-flow  1334.04 ms ±  0.00  (4 rows)

--- Q11 ---
  ematix-flow   375.74 ms ±  0.00  (8685 rows)

--- Q06 ---
  ematix-flow   543.86 ms ±  0.00  (1 rows)

--- Q20 ---
  ematix-flow  1370.72 ms ±  0.00  (1804 rows)

--- Q12 ---
  ematix-flow   919.67 ms ±  0.00  (2 rows)

--- Q01 ---
  ematix-flow  2881.70 ms ±  0.00  (4 rows)

--- Q21 ---
  ematix-flow  3237.17 ms ±  0.00  (4009 rows)

--- Q09 ---
  ematix-flow  5274.24 ms ±  0.00  (175 rows)

--- Q10 ---
  ematix-flow  1988.17 ms ±  0.00  (381105 rows)

--- Q05 ---
  ematix-flow  1137.11 ms ±  0.00  (5 rows)

--- Q17 ---
  ematix-flow   828.81 ms ±  0.00  (1 rows)

--- Q08 ---
  ematix-flow  1293.57 ms ±  0.00  (2 rows)

--- Q19 ---
  ematix-flow   498.83 ms ±  0.00  (1 rows)

--- Q02 ---
  ematix-flow   224.56 ms ±  0.00  (4667 rows)

--- Q13 ---
  ematix-flow  1521.32 ms ±  0.00  (46 rows)

--- Q03 ---
  ematix-flow  1213.52 ms ±  0.00  (114003 rows)

wrote bench-results/tput-rebaseline-2026-07-03/sf10-auto/ematix/s100/batch-4/stream-46.md
