=== TPC-H 22 triangulation bench ===
    data:    /Users/ryanevans/RustroverProjects/ematix-flow/examples/tpch/data/sf10
    queries: 22 ([20, 2, 13, 7, 1, 10, 22, 3, 21, 9, 18, 6, 11, 12, 5, 16, 14, 8, 19, 4, 17, 15])
    trials:  1 (after 0 warmups)
    output:  bench-results/tput-rebaseline-2026-07-03/sf10-auto/ematix/s100/batch-4/stream-68.md

    NOTE: single-invocation output is SMOKE-GRADE only. For win/loss
    claims use scripts/bench/strict_22q.sh / strict_ab.sh /
    strict_throughput.sh (see scripts/bench/README.md).

--- Q20 ---
  ematix-flow  1325.70 ms ±  0.00  (1804 rows)

--- Q02 ---
  ematix-flow   123.98 ms ±  0.00  (4667 rows)

--- Q13 ---
  ematix-flow  1390.01 ms ±  0.00  (46 rows)

--- Q07 ---
  ematix-flow  1015.04 ms ±  0.00  (4 rows)

--- Q01 ---
  ematix-flow  2500.57 ms ±  0.00  (4 rows)

--- Q10 ---
  ematix-flow  1748.68 ms ±  0.00  (381105 rows)

--- Q22 ---
  ematix-flow   256.79 ms ±  0.00  (7 rows)

--- Q03 ---
  ematix-flow   947.01 ms ±  0.00  (114003 rows)

--- Q21 ---
  ematix-flow  3026.95 ms ±  0.00  (4009 rows)

--- Q09 ---
  ematix-flow  5182.95 ms ±  0.00  (175 rows)

--- Q18 ---
  ematix-flow  8752.78 ms ±  0.00  (624 rows)

--- Q06 ---
  ematix-flow   536.19 ms ±  0.00  (1 rows)

--- Q11 ---
  ematix-flow   199.41 ms ±  0.00  (8685 rows)

--- Q12 ---
  ematix-flow   891.97 ms ±  0.00  (2 rows)

--- Q05 ---
  ematix-flow  1631.86 ms ±  0.00  (5 rows)

--- Q16 ---
  ematix-flow   410.90 ms ±  0.00  (27840 rows)

--- Q14 ---
  ematix-flow   310.86 ms ±  0.00  (1 rows)

--- Q08 ---
  ematix-flow  1250.28 ms ±  0.00  (2 rows)

--- Q19 ---
  ematix-flow   433.70 ms ±  0.00  (1 rows)

--- Q04 ---
  ematix-flow   939.26 ms ±  0.00  (5 rows)

--- Q17 ---
  ematix-flow   760.36 ms ±  0.00  (1 rows)

--- Q15 ---
  ematix-flow   487.86 ms ±  0.00  (1 rows)

wrote bench-results/tput-rebaseline-2026-07-03/sf10-auto/ematix/s100/batch-4/stream-68.md
