=== TPC-H 22 triangulation bench ===
    data:    /Users/ryanevans/RustroverProjects/ematix-flow/examples/tpch/data/sf10
    queries: 22 ([10, 8, 6, 15, 17, 9, 14, 22, 2, 3, 21, 11, 19, 12, 5, 7, 1, 18, 13, 20, 4, 16])
    trials:  1 (after 0 warmups)
    output:  bench-results/tput-rebaseline-2026-07-03/sf10-auto/ematix/s100/batch-4/stream-64.md

    NOTE: single-invocation output is SMOKE-GRADE only. For win/loss
    claims use scripts/bench/strict_22q.sh / strict_ab.sh /
    strict_throughput.sh (see scripts/bench/README.md).

--- Q10 ---
  ematix-flow  1636.64 ms ±  0.00  (381105 rows)

--- Q08 ---
  ematix-flow  1300.59 ms ±  0.00  (2 rows)

--- Q06 ---
  ematix-flow   327.20 ms ±  0.00  (1 rows)

--- Q15 ---
  ematix-flow   459.99 ms ±  0.00  (1 rows)

--- Q17 ---
  ematix-flow   793.16 ms ±  0.00  (1 rows)

--- Q09 ---
  ematix-flow  2546.00 ms ±  0.00  (175 rows)

--- Q14 ---
  ematix-flow   272.20 ms ±  0.00  (1 rows)

--- Q22 ---
  ematix-flow   381.51 ms ±  0.00  (7 rows)

--- Q02 ---
  ematix-flow   144.58 ms ±  0.00  (4667 rows)

--- Q03 ---
  ematix-flow  1272.27 ms ±  0.00  (114003 rows)

--- Q21 ---
  ematix-flow  2406.62 ms ±  0.00  (4009 rows)

--- Q11 ---
  ematix-flow   169.64 ms ±  0.00  (8685 rows)

--- Q19 ---
  ematix-flow   435.67 ms ±  0.00  (1 rows)

--- Q12 ---
  ematix-flow   693.61 ms ±  0.00  (2 rows)

--- Q05 ---
  ematix-flow  1251.22 ms ±  0.00  (5 rows)

--- Q07 ---
  ematix-flow  1379.64 ms ±  0.00  (4 rows)

--- Q01 ---
  ematix-flow  3828.71 ms ±  0.00  (4 rows)

--- Q18 ---
  ematix-flow  6995.82 ms ±  0.00  (624 rows)

--- Q13 ---
  ematix-flow  2028.94 ms ±  0.00  (46 rows)

--- Q20 ---
  ematix-flow  1349.96 ms ±  0.00  (1804 rows)

--- Q04 ---
  ematix-flow  1255.67 ms ±  0.00  (5 rows)

--- Q16 ---
  ematix-flow   734.53 ms ±  0.00  (27840 rows)

wrote bench-results/tput-rebaseline-2026-07-03/sf10-auto/ematix/s100/batch-4/stream-64.md
