=== TPC-H 22 triangulation bench ===
    data:    /Users/ryanevans/RustroverProjects/ematix-flow/examples/tpch/data/sf10
    queries: 22 ([19, 22, 14, 11, 5, 18, 8, 16, 7, 20, 13, 1, 15, 4, 17, 9, 10, 6, 12, 21, 3, 2])
    trials:  1 (after 0 warmups)
    output:  bench-results/tput-rebaseline-2026-07-03/sf10-auto/ematix/s100/batch-4/stream-2.md

    NOTE: single-invocation output is SMOKE-GRADE only. For win/loss
    claims use scripts/bench/strict_22q.sh / strict_ab.sh /
    strict_throughput.sh (see scripts/bench/README.md).

--- Q19 ---
  ematix-flow   303.99 ms ±  0.00  (1 rows)

--- Q22 ---
  ematix-flow   214.52 ms ±  0.00  (7 rows)

--- Q14 ---
  ematix-flow   278.73 ms ±  0.00  (1 rows)

--- Q11 ---
  ematix-flow   239.81 ms ±  0.00  (8685 rows)

--- Q05 ---
  ematix-flow  1237.82 ms ±  0.00  (5 rows)

--- Q18 ---
  ematix-flow  3319.52 ms ±  0.00  (624 rows)

--- Q08 ---
  ematix-flow   889.44 ms ±  0.00  (2 rows)

--- Q16 ---
  ematix-flow   390.65 ms ±  0.00  (27840 rows)

--- Q07 ---
  ematix-flow  1251.69 ms ±  0.00  (4 rows)

--- Q20 ---
  ematix-flow  1192.72 ms ±  0.00  (1804 rows)

--- Q13 ---
  ematix-flow  1577.99 ms ±  0.00  (46 rows)

--- Q01 ---
  ematix-flow  3229.74 ms ±  0.00  (4 rows)

--- Q15 ---
  ematix-flow   538.90 ms ±  0.00  (1 rows)

--- Q04 ---
  ematix-flow   851.94 ms ±  0.00  (5 rows)

--- Q17 ---
  ematix-flow   718.00 ms ±  0.00  (1 rows)

--- Q09 ---
  ematix-flow  4186.86 ms ±  0.00  (175 rows)

--- Q10 ---
  ematix-flow  2026.53 ms ±  0.00  (381105 rows)

--- Q06 ---
  ematix-flow   534.21 ms ±  0.00  (1 rows)

--- Q12 ---
  ematix-flow   869.34 ms ±  0.00  (2 rows)

--- Q21 ---
  ematix-flow  4645.92 ms ±  0.00  (4009 rows)

--- Q03 ---
  ematix-flow  1555.26 ms ±  0.00  (114003 rows)

--- Q02 ---
  ematix-flow   127.25 ms ±  0.00  (4667 rows)

wrote bench-results/tput-rebaseline-2026-07-03/sf10-auto/ematix/s100/batch-4/stream-2.md
