=== TPC-H 22 triangulation bench ===
    data:    /Users/ryanevans/RustroverProjects/ematix-flow/examples/tpch/data/sf10
    queries: 22 ([20, 6, 14, 10, 21, 22, 12, 13, 1, 17, 2, 18, 7, 11, 8, 15, 16, 4, 9, 3, 19, 5])
    trials:  1 (after 0 warmups)
    output:  bench-results/tput-rebaseline-2026-07-03/sf10-auto/ematix/s100/batch-4/stream-1.md

    NOTE: single-invocation output is SMOKE-GRADE only. For win/loss
    claims use scripts/bench/strict_22q.sh / strict_ab.sh /
    strict_throughput.sh (see scripts/bench/README.md).

--- Q20 ---
  ematix-flow   207.55 ms ±  0.00  (1804 rows)

--- Q06 ---
  ematix-flow    67.36 ms ±  0.00  (1 rows)

--- Q14 ---
  ematix-flow   272.25 ms ±  0.00  (1 rows)

--- Q10 ---
  ematix-flow  1690.47 ms ±  0.00  (381105 rows)

--- Q21 ---
  ematix-flow  2300.29 ms ±  0.00  (4009 rows)

--- Q22 ---
  ematix-flow   417.84 ms ±  0.00  (7 rows)

--- Q12 ---
  ematix-flow   706.79 ms ±  0.00  (2 rows)

--- Q13 ---
  ematix-flow  1644.65 ms ±  0.00  (46 rows)

--- Q01 ---
  ematix-flow  3673.97 ms ±  0.00  (4 rows)

--- Q17 ---
  ematix-flow  1028.96 ms ±  0.00  (1 rows)

--- Q02 ---
  ematix-flow   260.20 ms ±  0.00  (4667 rows)

--- Q18 ---
  ematix-flow  4722.48 ms ±  0.00  (624 rows)

--- Q07 ---
  ematix-flow  1268.22 ms ±  0.00  (4 rows)

--- Q11 ---
  ematix-flow   299.37 ms ±  0.00  (8685 rows)

--- Q08 ---
  ematix-flow  1337.99 ms ±  0.00  (2 rows)

--- Q15 ---
  ematix-flow   587.08 ms ±  0.00  (1 rows)

--- Q16 ---
  ematix-flow   582.87 ms ±  0.00  (27840 rows)

--- Q04 ---
  ematix-flow  1080.55 ms ±  0.00  (5 rows)

--- Q09 ---
  ematix-flow  5730.43 ms ±  0.00  (175 rows)

--- Q03 ---
  ematix-flow  1351.25 ms ±  0.00  (114003 rows)

--- Q19 ---
  ematix-flow   499.31 ms ±  0.00  (1 rows)

--- Q05 ---
  ematix-flow  1311.64 ms ±  0.00  (5 rows)

wrote bench-results/tput-rebaseline-2026-07-03/sf10-auto/ematix/s100/batch-4/stream-1.md
