=== TPC-H 22 triangulation bench ===
    data:    /Users/ryanevans/RustroverProjects/ematix-flow/examples/tpch/data/sf10
    queries: 22 ([4, 16, 21, 5, 1, 14, 12, 19, 2, 3, 10, 11, 8, 9, 13, 6, 7, 17, 20, 22, 18, 15])
    trials:  1 (after 0 warmups)
    output:  bench-results/tput-rebaseline-2026-07-03/sf10-auto/ematix/s100/batch-4/stream-11.md

    NOTE: single-invocation output is SMOKE-GRADE only. For win/loss
    claims use scripts/bench/strict_22q.sh / strict_ab.sh /
    strict_throughput.sh (see scripts/bench/README.md).

--- Q04 ---
  ematix-flow   972.12 ms ±  0.00  (5 rows)

--- Q16 ---
  ematix-flow   504.29 ms ±  0.00  (27840 rows)

--- Q21 ---
  ematix-flow  2835.97 ms ±  0.00  (4009 rows)

--- Q05 ---
  ematix-flow  1037.46 ms ±  0.00  (5 rows)

--- Q01 ---
  ematix-flow  2966.03 ms ±  0.00  (4 rows)

--- Q14 ---
  ematix-flow   238.04 ms ±  0.00  (1 rows)

--- Q12 ---
  ematix-flow   806.47 ms ±  0.00  (2 rows)

--- Q19 ---
  ematix-flow   482.54 ms ±  0.00  (1 rows)

--- Q02 ---
  ematix-flow    86.06 ms ±  0.00  (4667 rows)

--- Q03 ---
  ematix-flow  1333.70 ms ±  0.00  (114003 rows)

--- Q10 ---
  ematix-flow  1969.65 ms ±  0.00  (381105 rows)

--- Q11 ---
  ematix-flow   158.61 ms ±  0.00  (8685 rows)

--- Q08 ---
  ematix-flow  1048.01 ms ±  0.00  (2 rows)

--- Q09 ---
  ematix-flow  4349.62 ms ±  0.00  (175 rows)

--- Q13 ---
  ematix-flow  1507.38 ms ±  0.00  (46 rows)

--- Q06 ---
  ematix-flow   502.55 ms ±  0.00  (1 rows)

--- Q07 ---
  ematix-flow  1019.56 ms ±  0.00  (4 rows)

--- Q17 ---
  ematix-flow   994.96 ms ±  0.00  (1 rows)

--- Q20 ---
  ematix-flow  1321.24 ms ±  0.00  (1804 rows)

--- Q22 ---
  ematix-flow   481.47 ms ±  0.00  (7 rows)

--- Q18 ---
  ematix-flow  6523.51 ms ±  0.00  (624 rows)

--- Q15 ---
  ematix-flow   520.12 ms ±  0.00  (1 rows)

wrote bench-results/tput-rebaseline-2026-07-03/sf10-auto/ematix/s100/batch-4/stream-11.md
