=== TPC-H 22 triangulation bench ===
    data:    /Users/ryanevans/RustroverProjects/ematix-flow/examples/tpch/data/sf10
    queries: 22 ([15, 8, 1, 14, 18, 19, 11, 21, 16, 12, 3, 10, 5, 9, 6, 13, 7, 20, 4, 17, 2, 22])
    trials:  1 (after 0 warmups)
    output:  bench-results/tput-rebaseline-2026-07-03/sf10-auto/ematix/s100/batch-4/stream-19.md

    NOTE: single-invocation output is SMOKE-GRADE only. For win/loss
    claims use scripts/bench/strict_22q.sh / strict_ab.sh /
    strict_throughput.sh (see scripts/bench/README.md).

--- Q15 ---
  ematix-flow   380.67 ms ±  0.00  (1 rows)

--- Q08 ---
  ematix-flow   927.96 ms ±  0.00  (2 rows)

--- Q01 ---
  ematix-flow  2775.91 ms ±  0.00  (4 rows)

--- Q14 ---
  ematix-flow   335.79 ms ±  0.00  (1 rows)

--- Q18 ---
  ematix-flow  3335.83 ms ±  0.00  (624 rows)

--- Q19 ---
  ematix-flow   455.22 ms ±  0.00  (1 rows)

--- Q11 ---
  ematix-flow   171.61 ms ±  0.00  (8685 rows)

--- Q21 ---
  ematix-flow  2816.22 ms ±  0.00  (4009 rows)

--- Q16 ---
  ematix-flow   618.76 ms ±  0.00  (27840 rows)

--- Q12 ---
  ematix-flow   969.52 ms ±  0.00  (2 rows)

--- Q03 ---
  ematix-flow  1331.16 ms ±  0.00  (114003 rows)

--- Q10 ---
  ematix-flow  1817.46 ms ±  0.00  (381105 rows)

--- Q05 ---
  ematix-flow  1293.14 ms ±  0.00  (5 rows)

--- Q09 ---
  ematix-flow  6325.60 ms ±  0.00  (175 rows)

--- Q06 ---
  ematix-flow  1074.59 ms ±  0.00  (1 rows)

--- Q13 ---
  ematix-flow  2023.00 ms ±  0.00  (46 rows)

--- Q07 ---
  ematix-flow  1754.95 ms ±  0.00  (4 rows)

--- Q20 ---
  ematix-flow  1349.56 ms ±  0.00  (1804 rows)

--- Q04 ---
  ematix-flow   973.70 ms ±  0.00  (5 rows)

--- Q17 ---
  ematix-flow   904.10 ms ±  0.00  (1 rows)

--- Q02 ---
  ematix-flow   194.10 ms ±  0.00  (4667 rows)

--- Q22 ---
  ematix-flow   549.50 ms ±  0.00  (7 rows)

wrote bench-results/tput-rebaseline-2026-07-03/sf10-auto/ematix/s100/batch-4/stream-19.md
