=== TPC-H 22 triangulation bench ===
    data:    /Users/ryanevans/RustroverProjects/ematix-flow/examples/tpch/data/sf10
    queries: 22 ([16, 22, 12, 5, 11, 7, 13, 1, 6, 15, 2, 3, 8, 21, 10, 4, 9, 20, 18, 19, 17, 14])
    trials:  1 (after 0 warmups)
    output:  bench-results/tput-rebaseline-2026-07-03/sf10-auto/ematix/s100/batch-4/stream-92.md

    NOTE: single-invocation output is SMOKE-GRADE only. For win/loss
    claims use scripts/bench/strict_22q.sh / strict_ab.sh /
    strict_throughput.sh (see scripts/bench/README.md).

--- Q16 ---
  ematix-flow   482.10 ms ±  0.00  (27840 rows)

--- Q22 ---
  ematix-flow   246.67 ms ±  0.00  (7 rows)

--- Q12 ---
  ematix-flow   953.85 ms ±  0.00  (2 rows)

--- Q05 ---
  ematix-flow  1486.20 ms ±  0.00  (5 rows)

--- Q11 ---
  ematix-flow   133.43 ms ±  0.00  (8685 rows)

--- Q07 ---
  ematix-flow  1007.79 ms ±  0.00  (4 rows)

--- Q13 ---
  ematix-flow  1387.32 ms ±  0.00  (46 rows)

--- Q01 ---
  ematix-flow  3194.65 ms ±  0.00  (4 rows)

--- Q06 ---
  ematix-flow   197.91 ms ±  0.00  (1 rows)

--- Q15 ---
  ematix-flow   484.37 ms ±  0.00  (1 rows)

--- Q02 ---
  ematix-flow   205.34 ms ±  0.00  (4667 rows)

--- Q03 ---
  ematix-flow  1239.03 ms ±  0.00  (114003 rows)

--- Q08 ---
  ematix-flow  1395.32 ms ±  0.00  (2 rows)

--- Q21 ---
  ematix-flow  2796.39 ms ±  0.00  (4009 rows)

--- Q10 ---
  ematix-flow  1971.39 ms ±  0.00  (381105 rows)

--- Q04 ---
  ematix-flow   910.50 ms ±  0.00  (5 rows)

--- Q09 ---
  ematix-flow  3843.21 ms ±  0.00  (175 rows)

--- Q20 ---
  ematix-flow  1327.75 ms ±  0.00  (1804 rows)

--- Q18 ---
  ematix-flow  4184.42 ms ±  0.00  (624 rows)

--- Q19 ---
  ematix-flow   580.11 ms ±  0.00  (1 rows)

--- Q17 ---
  ematix-flow   716.84 ms ±  0.00  (1 rows)

--- Q14 ---
  ematix-flow   307.07 ms ±  0.00  (1 rows)

wrote bench-results/tput-rebaseline-2026-07-03/sf10-auto/ematix/s100/batch-4/stream-92.md
