=== TPC-H 22 triangulation bench ===
    data:    /Users/ryanevans/RustroverProjects/ematix-flow/examples/tpch/data/sf10
    queries: 22 ([9, 19, 10, 16, 7, 15, 6, 20, 8, 22, 5, 21, 13, 1, 18, 2, 17, 11, 4, 14, 12, 3])
    trials:  1 (after 0 warmups)
    output:  bench-results/tput-rebaseline-2026-07-03/sf10-auto/ematix/s100/batch-4/stream-49.md

    NOTE: single-invocation output is SMOKE-GRADE only. For win/loss
    claims use scripts/bench/strict_22q.sh / strict_ab.sh /
    strict_throughput.sh (see scripts/bench/README.md).

--- Q09 ---
  ematix-flow  2511.58 ms ±  0.00  (175 rows)

--- Q19 ---
  ematix-flow   411.11 ms ±  0.00  (1 rows)

--- Q10 ---
  ematix-flow  1500.76 ms ±  0.00  (381105 rows)

--- Q16 ---
  ematix-flow   396.36 ms ±  0.00  (27840 rows)

--- Q07 ---
  ematix-flow  1395.34 ms ±  0.00  (4 rows)

--- Q15 ---
  ematix-flow   598.71 ms ±  0.00  (1 rows)

--- Q06 ---
  ematix-flow   306.66 ms ±  0.00  (1 rows)

--- Q20 ---
  ematix-flow  1116.77 ms ±  0.00  (1804 rows)

--- Q08 ---
  ematix-flow  1254.32 ms ±  0.00  (2 rows)

--- Q22 ---
  ematix-flow   325.59 ms ±  0.00  (7 rows)

--- Q05 ---
  ematix-flow  1334.27 ms ±  0.00  (5 rows)

--- Q21 ---
  ematix-flow  3055.21 ms ±  0.00  (4009 rows)

--- Q13 ---
  ematix-flow  1735.22 ms ±  0.00  (46 rows)

--- Q01 ---
  ematix-flow  4265.81 ms ±  0.00  (4 rows)

--- Q18 ---
  ematix-flow  4441.07 ms ±  0.00  (624 rows)

--- Q02 ---
  ematix-flow   174.71 ms ±  0.00  (4667 rows)

--- Q17 ---
  ematix-flow  1014.52 ms ±  0.00  (1 rows)

--- Q11 ---
  ematix-flow   424.98 ms ±  0.00  (8685 rows)

--- Q04 ---
  ematix-flow  1078.93 ms ±  0.00  (5 rows)

--- Q14 ---
  ematix-flow   308.73 ms ±  0.00  (1 rows)

--- Q12 ---
  ematix-flow   770.68 ms ±  0.00  (2 rows)

--- Q03 ---
  ematix-flow  1098.71 ms ±  0.00  (114003 rows)

wrote bench-results/tput-rebaseline-2026-07-03/sf10-auto/ematix/s100/batch-4/stream-49.md
