=== TPC-H 22 triangulation bench ===
    data:    /Users/ryanevans/RustroverProjects/ematix-flow/examples/tpch/data/sf10
    queries: 22 ([11, 9, 20, 21, 16, 15, 7, 3, 12, 22, 10, 2, 19, 1, 5, 8, 13, 6, 4, 18, 17, 14])
    trials:  1 (after 0 warmups)
    output:  bench-results/tput-rebaseline-2026-07-03/sf10-auto/ematix/s100/batch-4/stream-44.md

    NOTE: single-invocation output is SMOKE-GRADE only. For win/loss
    claims use scripts/bench/strict_22q.sh / strict_ab.sh /
    strict_throughput.sh (see scripts/bench/README.md).

--- Q11 ---
  ematix-flow   139.05 ms ±  0.00  (8685 rows)

--- Q09 ---
  ematix-flow  2929.24 ms ±  0.00  (175 rows)

--- Q20 ---
  ematix-flow  1319.56 ms ±  0.00  (1804 rows)

--- Q21 ---
  ematix-flow  3045.27 ms ±  0.00  (4009 rows)

--- Q16 ---
  ematix-flow   545.20 ms ±  0.00  (27840 rows)

--- Q15 ---
  ematix-flow   634.76 ms ±  0.00  (1 rows)

--- Q07 ---
  ematix-flow  1430.97 ms ±  0.00  (4 rows)

--- Q03 ---
  ematix-flow  1353.61 ms ±  0.00  (114003 rows)

--- Q12 ---
  ematix-flow   928.21 ms ±  0.00  (2 rows)

--- Q22 ---
  ematix-flow   261.77 ms ±  0.00  (7 rows)

--- Q10 ---
  ematix-flow  1877.27 ms ±  0.00  (381105 rows)

--- Q02 ---
  ematix-flow   167.80 ms ±  0.00  (4667 rows)

--- Q19 ---
  ematix-flow   533.87 ms ±  0.00  (1 rows)

--- Q01 ---
  ematix-flow  3381.79 ms ±  0.00  (4 rows)

--- Q05 ---
  ematix-flow  1250.36 ms ±  0.00  (5 rows)

--- Q08 ---
  ematix-flow  1332.67 ms ±  0.00  (2 rows)

--- Q13 ---
  ematix-flow  2026.52 ms ±  0.00  (46 rows)

--- Q06 ---
  ematix-flow   563.75 ms ±  0.00  (1 rows)

--- Q04 ---
  ematix-flow   766.01 ms ±  0.00  (5 rows)

--- Q18 ---
  ematix-flow  4162.39 ms ±  0.00  (624 rows)

--- Q17 ---
  ematix-flow   964.52 ms ±  0.00  (1 rows)

--- Q14 ---
  ematix-flow   292.93 ms ±  0.00  (1 rows)

wrote bench-results/tput-rebaseline-2026-07-03/sf10-auto/ematix/s100/batch-4/stream-44.md
