=== TPC-H 22 triangulation bench ===
    data:    /Users/ryanevans/RustroverProjects/ematix-flow/examples/tpch/data/sf10
    queries: 22 ([8, 15, 10, 21, 1, 11, 18, 17, 2, 13, 16, 4, 6, 7, 14, 19, 22, 12, 5, 9, 20, 3])
    trials:  1 (after 0 warmups)
    output:  bench-results/tput-rebaseline-2026-07-03/sf10-auto/ematix/s100/batch-4/stream-89.md

    NOTE: single-invocation output is SMOKE-GRADE only. For win/loss
    claims use scripts/bench/strict_22q.sh / strict_ab.sh /
    strict_throughput.sh (see scripts/bench/README.md).

--- Q08 ---
  ematix-flow  1082.26 ms ±  0.00  (2 rows)

--- Q15 ---
  ematix-flow   451.98 ms ±  0.00  (1 rows)

--- Q10 ---
  ematix-flow  1658.41 ms ±  0.00  (381105 rows)

--- Q21 ---
  ematix-flow  3457.29 ms ±  0.00  (4009 rows)

--- Q01 ---
  ematix-flow  3496.75 ms ±  0.00  (4 rows)

--- Q11 ---
  ematix-flow   330.85 ms ±  0.00  (8685 rows)

--- Q18 ---
  ematix-flow  5208.06 ms ±  0.00  (624 rows)

--- Q17 ---
  ematix-flow  1171.13 ms ±  0.00  (1 rows)

--- Q02 ---
  ematix-flow   291.32 ms ±  0.00  (4667 rows)

--- Q13 ---
  ematix-flow  1644.14 ms ±  0.00  (46 rows)

--- Q16 ---
  ematix-flow   595.23 ms ±  0.00  (27840 rows)

--- Q04 ---
  ematix-flow  1056.80 ms ±  0.00  (5 rows)

--- Q06 ---
  ematix-flow   558.85 ms ±  0.00  (1 rows)

--- Q07 ---
  ematix-flow  1037.91 ms ±  0.00  (4 rows)

--- Q14 ---
  ematix-flow   282.34 ms ±  0.00  (1 rows)

--- Q19 ---
  ematix-flow   373.91 ms ±  0.00  (1 rows)

--- Q22 ---
  ematix-flow   365.71 ms ±  0.00  (7 rows)

--- Q12 ---
  ematix-flow   741.62 ms ±  0.00  (2 rows)

--- Q05 ---
  ematix-flow  1327.09 ms ±  0.00  (5 rows)

--- Q09 ---
  ematix-flow  2927.21 ms ±  0.00  (175 rows)

--- Q20 ---
  ematix-flow  1194.44 ms ±  0.00  (1804 rows)

--- Q03 ---
  ematix-flow  1135.39 ms ±  0.00  (114003 rows)

wrote bench-results/tput-rebaseline-2026-07-03/sf10-auto/ematix/s100/batch-4/stream-89.md
