=== TPC-H 22 triangulation bench ===
    data:    /Users/ryanevans/RustroverProjects/ematix-flow/examples/tpch/data/sf10
    queries: 22 ([15, 8, 6, 18, 3, 12, 14, 4, 11, 22, 17, 20, 19, 5, 21, 9, 2, 16, 10, 7, 1, 13])
    trials:  1 (after 0 warmups)
    output:  bench-results/tput-rebaseline-2026-07-03/sf10-auto/ematix/s100/batch-4/stream-25.md

    NOTE: single-invocation output is SMOKE-GRADE only. For win/loss
    claims use scripts/bench/strict_22q.sh / strict_ab.sh /
    strict_throughput.sh (see scripts/bench/README.md).

--- Q15 ---
  ematix-flow   427.48 ms ±  0.00  (1 rows)

--- Q08 ---
  ematix-flow  1460.64 ms ±  0.00  (2 rows)

--- Q06 ---
  ematix-flow   201.14 ms ±  0.00  (1 rows)

--- Q18 ---
  ematix-flow  2795.71 ms ±  0.00  (624 rows)

--- Q03 ---
  ematix-flow  1335.56 ms ±  0.00  (114003 rows)

--- Q12 ---
  ematix-flow   754.57 ms ±  0.00  (2 rows)

--- Q14 ---
  ematix-flow   283.92 ms ±  0.00  (1 rows)

--- Q04 ---
  ematix-flow  1043.59 ms ±  0.00  (5 rows)

--- Q11 ---
  ematix-flow   237.24 ms ±  0.00  (8685 rows)

--- Q22 ---
  ematix-flow   390.24 ms ±  0.00  (7 rows)

--- Q17 ---
  ematix-flow   913.86 ms ±  0.00  (1 rows)

--- Q20 ---
  ematix-flow  1088.41 ms ±  0.00  (1804 rows)

--- Q19 ---
  ematix-flow   510.14 ms ±  0.00  (1 rows)

--- Q05 ---
  ematix-flow  1191.32 ms ±  0.00  (5 rows)

--- Q21 ---
  ematix-flow  3420.22 ms ±  0.00  (4009 rows)

--- Q09 ---
  ematix-flow  5334.25 ms ±  0.00  (175 rows)

--- Q02 ---
  ematix-flow   172.12 ms ±  0.00  (4667 rows)

--- Q16 ---
  ematix-flow   945.71 ms ±  0.00  (27840 rows)

--- Q10 ---
  ematix-flow  1920.07 ms ±  0.00  (381105 rows)

--- Q07 ---
  ematix-flow  1187.33 ms ±  0.00  (4 rows)

--- Q01 ---
  ematix-flow  3928.19 ms ±  0.00  (4 rows)

--- Q13 ---
  ematix-flow  1027.76 ms ±  0.00  (46 rows)

wrote bench-results/tput-rebaseline-2026-07-03/sf10-auto/ematix/s100/batch-4/stream-25.md
