=== TPC-H 22 triangulation bench ===
    data:    /Users/ryanevans/RustroverProjects/ematix-flow/examples/tpch/data/sf10
    queries: 22 ([21, 14, 13, 22, 7, 18, 4, 20, 17, 15, 6, 12, 8, 10, 11, 5, 1, 2, 9, 16, 3, 19])
    trials:  1 (after 0 warmups)
    output:  bench-results/sched-diag-2026-07-03/auto-rayon2-rb1/ematix/s10/batch-1/stream-6.md

    NOTE: single-invocation output is SMOKE-GRADE only. For win/loss
    claims use scripts/bench/strict_22q.sh / strict_ab.sh /
    strict_throughput.sh (see scripts/bench/README.md).

--- Q21 ---
  ematix-flow  2326.76 ms ±  0.00  (4009 rows)

--- Q14 ---
  ematix-flow   486.89 ms ±  0.00  (1 rows)

--- Q13 ---
  ematix-flow   981.54 ms ±  0.00  (46 rows)

--- Q22 ---
  ematix-flow   210.61 ms ±  0.00  (7 rows)

--- Q07 ---
  ematix-flow  1254.71 ms ±  0.00  (4 rows)

--- Q18 ---
  ematix-flow  3245.37 ms ±  0.00  (624 rows)

--- Q04 ---
  ematix-flow   613.49 ms ±  0.00  (5 rows)

--- Q20 ---
  ematix-flow  1412.31 ms ±  0.00  (1804 rows)

--- Q17 ---
  ematix-flow   677.53 ms ±  0.00  (1 rows)

--- Q15 ---
  ematix-flow   662.07 ms ±  0.00  (1 rows)

--- Q06 ---
  ematix-flow    88.86 ms ±  0.00  (1 rows)

--- Q12 ---
  ematix-flow   981.06 ms ±  0.00  (2 rows)

--- Q08 ---
  ematix-flow  2046.73 ms ±  0.00  (2 rows)

--- Q10 ---
  ematix-flow  1811.22 ms ±  0.00  (381105 rows)

--- Q11 ---
  ematix-flow    73.64 ms ±  0.00  (8685 rows)

--- Q05 ---
  ematix-flow  1510.15 ms ±  0.00  (5 rows)

--- Q01 ---
  ematix-flow  3110.56 ms ±  0.00  (4 rows)

--- Q02 ---
  ematix-flow    91.86 ms ±  0.00  (4667 rows)

--- Q09 ---
  ematix-flow  3328.22 ms ±  0.00  (175 rows)

--- Q16 ---
  ematix-flow   331.52 ms ±  0.00  (27840 rows)

--- Q03 ---
  ematix-flow   656.70 ms ±  0.00  (114003 rows)

--- Q19 ---
  ematix-flow   159.82 ms ±  0.00  (1 rows)

wrote bench-results/sched-diag-2026-07-03/auto-rayon2-rb1/ematix/s10/batch-1/stream-6.md
