=== TPC-H 22 triangulation bench ===
    data:    /Users/ryanevans/RustroverProjects/ematix-flow/examples/tpch/data/sf10
    queries: 22 ([5, 16, 18, 19, 3, 15, 2, 20, 21, 4, 1, 17, 12, 14, 7, 9, 10, 22, 6, 8, 11, 13])
    trials:  1 (after 0 warmups)
    output:  bench-results/sched-arc-2026-07-03/sf10-final/ematix/s100/batch-4/stream-41.md

    NOTE: single-invocation output is SMOKE-GRADE only. For win/loss
    claims use scripts/bench/strict_22q.sh / strict_ab.sh /
    strict_throughput.sh (see scripts/bench/README.md).

--- Q05 ---
  ematix-flow  1679.78 ms ±  0.00  (5 rows)

--- Q16 ---
  ematix-flow   256.94 ms ±  0.00  (27840 rows)

--- Q18 ---
  ematix-flow  2871.39 ms ±  0.00  (624 rows)

--- Q19 ---
  ematix-flow  1194.47 ms ±  0.00  (1 rows)

--- Q03 ---
  ematix-flow  1417.34 ms ±  0.00  (114003 rows)

--- Q15 ---
  ematix-flow   830.81 ms ±  0.00  (1 rows)

--- Q02 ---
  ematix-flow   144.26 ms ±  0.00  (4667 rows)

--- Q20 ---
  ematix-flow  1392.07 ms ±  0.00  (1804 rows)

--- Q21 ---
  ematix-flow  2425.86 ms ±  0.00  (4009 rows)

--- Q04 ---
  ematix-flow   552.93 ms ±  0.00  (5 rows)

--- Q01 ---
  ematix-flow  3058.91 ms ±  0.00  (4 rows)

--- Q17 ---
  ematix-flow   643.54 ms ±  0.00  (1 rows)

--- Q12 ---
  ematix-flow  1128.06 ms ±  0.00  (2 rows)

--- Q14 ---
  ematix-flow   497.76 ms ±  0.00  (1 rows)

--- Q07 ---
  ematix-flow  1464.77 ms ±  0.00  (4 rows)

--- Q09 ---
  ematix-flow  3314.88 ms ±  0.00  (175 rows)

--- Q10 ---
  ematix-flow  2407.53 ms ±  0.00  (381105 rows)

--- Q22 ---
  ematix-flow   198.74 ms ±  0.00  (7 rows)

--- Q06 ---
  ematix-flow   269.39 ms ±  0.00  (1 rows)

--- Q08 ---
  ematix-flow  2188.46 ms ±  0.00  (2 rows)

--- Q11 ---
  ematix-flow   127.92 ms ±  0.00  (8685 rows)

--- Q13 ---
  ematix-flow  1638.49 ms ±  0.00  (46 rows)

wrote bench-results/sched-arc-2026-07-03/sf10-final/ematix/s100/batch-4/stream-41.md
