=== TPC-H 22 triangulation bench ===
    data:    /Users/ryanevans/RustroverProjects/ematix-flow/examples/tpch/data/sf10
    queries: 22 ([7, 20, 9, 21, 13, 11, 10, 22, 17, 14, 4, 1, 19, 2, 3, 16, 18, 8, 6, 12, 15, 5])
    trials:  1 (after 0 warmups)
    output:  bench-results/sched-arc-2026-07-03/sf10-final/ematix/s100/batch-4/stream-79.md

    NOTE: single-invocation output is SMOKE-GRADE only. For win/loss
    claims use scripts/bench/strict_22q.sh / strict_ab.sh /
    strict_throughput.sh (see scripts/bench/README.md).

--- Q07 ---
  ematix-flow  1279.84 ms ±  0.00  (4 rows)

--- Q20 ---
  ematix-flow  1380.51 ms ±  0.00  (1804 rows)

--- Q09 ---
  ematix-flow  2903.41 ms ±  0.00  (175 rows)

--- Q21 ---
  ematix-flow  2167.37 ms ±  0.00  (4009 rows)

--- Q13 ---
  ematix-flow  1494.49 ms ±  0.00  (46 rows)

--- Q11 ---
  ematix-flow   162.79 ms ±  0.00  (8685 rows)

--- Q10 ---
  ematix-flow  2137.24 ms ±  0.00  (381105 rows)

--- Q22 ---
  ematix-flow   232.63 ms ±  0.00  (7 rows)

--- Q17 ---
  ematix-flow   634.21 ms ±  0.00  (1 rows)

--- Q14 ---
  ematix-flow   697.59 ms ±  0.00  (1 rows)

--- Q04 ---
  ematix-flow   629.54 ms ±  0.00  (5 rows)

--- Q01 ---
  ematix-flow  3539.21 ms ±  0.00  (4 rows)

--- Q19 ---
  ematix-flow   979.45 ms ±  0.00  (1 rows)

--- Q02 ---
  ematix-flow   121.14 ms ±  0.00  (4667 rows)

--- Q03 ---
  ematix-flow  1286.53 ms ±  0.00  (114003 rows)

--- Q16 ---
  ematix-flow   307.39 ms ±  0.00  (27840 rows)

--- Q18 ---
  ematix-flow  3340.32 ms ±  0.00  (624 rows)

--- Q08 ---
  ematix-flow  2624.65 ms ±  0.00  (2 rows)

--- Q06 ---
  ematix-flow   466.58 ms ±  0.00  (1 rows)

--- Q12 ---
  ematix-flow  1293.52 ms ±  0.00  (2 rows)

--- Q15 ---
  ematix-flow   695.04 ms ±  0.00  (1 rows)

--- Q05 ---
  ematix-flow  1782.57 ms ±  0.00  (5 rows)

wrote bench-results/sched-arc-2026-07-03/sf10-final/ematix/s100/batch-4/stream-79.md
