=== TPC-H 22 triangulation bench ===
    data:    /Users/ryanevans/RustroverProjects/ematix-flow/examples/tpch/data/sf10
    queries: 22 ([18, 19, 4, 13, 12, 6, 7, 17, 20, 5, 21, 15, 8, 2, 1, 11, 10, 3, 22, 16, 14, 9])
    trials:  1 (after 0 warmups)
    output:  bench-results/sched-arc-2026-07-03/sf10-final/ematix/s100/batch-4/stream-45.md

    NOTE: single-invocation output is SMOKE-GRADE only. For win/loss
    claims use scripts/bench/strict_22q.sh / strict_ab.sh /
    strict_throughput.sh (see scripts/bench/README.md).

--- Q18 ---
  ematix-flow  2753.42 ms ±  0.00  (624 rows)

--- Q19 ---
  ematix-flow   953.74 ms ±  0.00  (1 rows)

--- Q04 ---
  ematix-flow   487.36 ms ±  0.00  (5 rows)

--- Q13 ---
  ematix-flow  1351.83 ms ±  0.00  (46 rows)

--- Q12 ---
  ematix-flow  1149.44 ms ±  0.00  (2 rows)

--- Q06 ---
  ematix-flow   207.66 ms ±  0.00  (1 rows)

--- Q07 ---
  ematix-flow  1720.72 ms ±  0.00  (4 rows)

--- Q17 ---
  ematix-flow   742.82 ms ±  0.00  (1 rows)

--- Q20 ---
  ematix-flow  1868.05 ms ±  0.00  (1804 rows)

--- Q05 ---
  ematix-flow  1649.30 ms ±  0.00  (5 rows)

--- Q21 ---
  ematix-flow  1868.55 ms ±  0.00  (4009 rows)

--- Q15 ---
  ematix-flow   675.64 ms ±  0.00  (1 rows)

--- Q08 ---
  ematix-flow  2323.51 ms ±  0.00  (2 rows)

--- Q02 ---
  ematix-flow   122.09 ms ±  0.00  (4667 rows)

--- Q01 ---
  ematix-flow  3467.83 ms ±  0.00  (4 rows)

--- Q11 ---
  ematix-flow   118.69 ms ±  0.00  (8685 rows)

--- Q10 ---
  ematix-flow  2374.98 ms ±  0.00  (381105 rows)

--- Q03 ---
  ematix-flow  1292.89 ms ±  0.00  (114003 rows)

--- Q22 ---
  ematix-flow   190.74 ms ±  0.00  (7 rows)

--- Q16 ---
  ematix-flow   340.73 ms ±  0.00  (27840 rows)

--- Q14 ---
  ematix-flow   511.93 ms ±  0.00  (1 rows)

--- Q09 ---
  ematix-flow  3639.37 ms ±  0.00  (175 rows)

wrote bench-results/sched-arc-2026-07-03/sf10-final/ematix/s100/batch-4/stream-45.md
