=== TPC-H 22 triangulation bench ===
    data:    /Users/ryanevans/RustroverProjects/ematix-flow/examples/tpch/data/sf10
    queries: 22 ([3, 15, 11, 16, 5, 8, 2, 17, 19, 10, 4, 7, 22, 1, 6, 21, 20, 12, 14, 18, 13, 9])
    trials:  1 (after 0 warmups)
    output:  bench-results/sched-arc-2026-07-03/sf10-final/ematix/s100/batch-4/stream-80.md

    NOTE: single-invocation output is SMOKE-GRADE only. For win/loss
    claims use scripts/bench/strict_22q.sh / strict_ab.sh /
    strict_throughput.sh (see scripts/bench/README.md).

--- Q03 ---
  ematix-flow  1272.12 ms ±  0.00  (114003 rows)

--- Q15 ---
  ematix-flow   662.91 ms ±  0.00  (1 rows)

--- Q11 ---
  ematix-flow   137.32 ms ±  0.00  (8685 rows)

--- Q16 ---
  ematix-flow   391.29 ms ±  0.00  (27840 rows)

--- Q05 ---
  ematix-flow  2089.94 ms ±  0.00  (5 rows)

--- Q08 ---
  ematix-flow  2275.48 ms ±  0.00  (2 rows)

--- Q02 ---
  ematix-flow   106.23 ms ±  0.00  (4667 rows)

--- Q17 ---
  ematix-flow   507.73 ms ±  0.00  (1 rows)

--- Q19 ---
  ematix-flow  1162.02 ms ±  0.00  (1 rows)

--- Q10 ---
  ematix-flow  2256.88 ms ±  0.00  (381105 rows)

--- Q04 ---
  ematix-flow   795.96 ms ±  0.00  (5 rows)

--- Q07 ---
  ematix-flow  1399.42 ms ±  0.00  (4 rows)

--- Q22 ---
  ematix-flow   436.40 ms ±  0.00  (7 rows)

--- Q01 ---
  ematix-flow  3415.12 ms ±  0.00  (4 rows)

--- Q06 ---
  ematix-flow   198.87 ms ±  0.00  (1 rows)

--- Q21 ---
  ematix-flow  2500.89 ms ±  0.00  (4009 rows)

--- Q20 ---
  ematix-flow  1385.33 ms ±  0.00  (1804 rows)

--- Q12 ---
  ematix-flow  1204.42 ms ±  0.00  (2 rows)

--- Q14 ---
  ematix-flow   568.93 ms ±  0.00  (1 rows)

--- Q18 ---
  ematix-flow  4073.08 ms ±  0.00  (624 rows)

--- Q13 ---
  ematix-flow  1477.96 ms ±  0.00  (46 rows)

--- Q09 ---
  ematix-flow  2732.98 ms ±  0.00  (175 rows)

wrote bench-results/sched-arc-2026-07-03/sf10-final/ematix/s100/batch-4/stream-80.md
