=== TPC-H 22 triangulation bench ===
    data:    /Users/ryanevans/RustroverProjects/ematix-flow/examples/tpch/data/sf10
    queries: 22 ([11, 1, 3, 19, 17, 4, 15, 14, 10, 9, 20, 12, 16, 2, 21, 5, 18, 8, 6, 7, 22, 13])
    trials:  1 (after 0 warmups)
    output:  bench-results/sched-arc-2026-07-03/sf10-final/ematix/s100/batch-4/stream-99.md

    NOTE: single-invocation output is SMOKE-GRADE only. For win/loss
    claims use scripts/bench/strict_22q.sh / strict_ab.sh /
    strict_throughput.sh (see scripts/bench/README.md).

--- Q11 ---
  ematix-flow    88.92 ms ±  0.00  (8685 rows)

--- Q01 ---
  ematix-flow  3356.47 ms ±  0.00  (4 rows)

--- Q03 ---
  ematix-flow  1283.31 ms ±  0.00  (114003 rows)

--- Q19 ---
  ematix-flow  1182.26 ms ±  0.00  (1 rows)

--- Q17 ---
  ematix-flow   795.53 ms ±  0.00  (1 rows)

--- Q04 ---
  ematix-flow   846.52 ms ±  0.00  (5 rows)

--- Q15 ---
  ematix-flow   766.12 ms ±  0.00  (1 rows)

--- Q14 ---
  ematix-flow   695.21 ms ±  0.00  (1 rows)

--- Q10 ---
  ematix-flow  2106.08 ms ±  0.00  (381105 rows)

--- Q09 ---
  ematix-flow  3198.13 ms ±  0.00  (175 rows)

--- Q20 ---
  ematix-flow  1626.17 ms ±  0.00  (1804 rows)

--- Q12 ---
  ematix-flow  1190.97 ms ±  0.00  (2 rows)

--- Q16 ---
  ematix-flow   505.28 ms ±  0.00  (27840 rows)

--- Q02 ---
  ematix-flow   144.90 ms ±  0.00  (4667 rows)

--- Q21 ---
  ematix-flow  2534.67 ms ±  0.00  (4009 rows)

--- Q05 ---
  ematix-flow  1938.10 ms ±  0.00  (5 rows)

--- Q18 ---
  ematix-flow  3614.77 ms ±  0.00  (624 rows)

--- Q08 ---
  ematix-flow  1879.20 ms ±  0.00  (2 rows)

--- Q06 ---
  ematix-flow   126.35 ms ±  0.00  (1 rows)

--- Q07 ---
  ematix-flow   783.05 ms ±  0.00  (4 rows)

--- Q22 ---
  ematix-flow    96.28 ms ±  0.00  (7 rows)

--- Q13 ---
  ematix-flow   448.77 ms ±  0.00  (46 rows)

wrote bench-results/sched-arc-2026-07-03/sf10-final/ematix/s100/batch-4/stream-99.md
