=== TPC-H 22 triangulation bench ===
    data:    /Users/ryanevans/RustroverProjects/ematix-flow/examples/tpch/data/sf10
    queries: 22 ([1, 2, 3, 17, 5, 14, 12, 19, 9, 18, 21, 10, 6, 16, 13, 15, 8, 22, 11, 4, 20, 7])
    trials:  1 (after 0 warmups)
    output:  bench-results/sched-arc-2026-07-03/sf10-final/ematix/s100/batch-4/stream-85.md

    NOTE: single-invocation output is SMOKE-GRADE only. For win/loss
    claims use scripts/bench/strict_22q.sh / strict_ab.sh /
    strict_throughput.sh (see scripts/bench/README.md).

--- Q01 ---
  ematix-flow  3193.49 ms ±  0.00  (4 rows)

--- Q02 ---
  ematix-flow   125.53 ms ±  0.00  (4667 rows)

--- Q03 ---
  ematix-flow  1242.99 ms ±  0.00  (114003 rows)

--- Q17 ---
  ematix-flow   687.23 ms ±  0.00  (1 rows)

--- Q05 ---
  ematix-flow  1781.08 ms ±  0.00  (5 rows)

--- Q14 ---
  ematix-flow   653.97 ms ±  0.00  (1 rows)

--- Q12 ---
  ematix-flow  1263.06 ms ±  0.00  (2 rows)

--- Q19 ---
  ematix-flow  1075.38 ms ±  0.00  (1 rows)

--- Q09 ---
  ematix-flow  3297.22 ms ±  0.00  (175 rows)

--- Q18 ---
  ematix-flow  3714.95 ms ±  0.00  (624 rows)

--- Q21 ---
  ematix-flow  2686.32 ms ±  0.00  (4009 rows)

--- Q10 ---
  ematix-flow  2531.66 ms ±  0.00  (381105 rows)

--- Q06 ---
  ematix-flow   228.32 ms ±  0.00  (1 rows)

--- Q16 ---
  ematix-flow   480.68 ms ±  0.00  (27840 rows)

--- Q13 ---
  ematix-flow  1695.24 ms ±  0.00  (46 rows)

--- Q15 ---
  ematix-flow   809.73 ms ±  0.00  (1 rows)

--- Q08 ---
  ematix-flow  2042.66 ms ±  0.00  (2 rows)

--- Q22 ---
  ematix-flow   222.56 ms ±  0.00  (7 rows)

--- Q11 ---
  ematix-flow   211.63 ms ±  0.00  (8685 rows)

--- Q04 ---
  ematix-flow   868.74 ms ±  0.00  (5 rows)

--- Q20 ---
  ematix-flow  1524.74 ms ±  0.00  (1804 rows)

--- Q07 ---
  ematix-flow  1439.99 ms ±  0.00  (4 rows)

wrote bench-results/sched-arc-2026-07-03/sf10-final/ematix/s100/batch-4/stream-85.md
