=== TPC-H 22 triangulation bench ===
    data:    /Users/ryanevans/RustroverProjects/ematix-flow/examples/tpch/data/sf10
    queries: 22 ([20, 19, 2, 5, 7, 8, 17, 9, 16, 13, 18, 11, 10, 1, 6, 15, 12, 3, 4, 22, 14, 21])
    trials:  1 (after 0 warmups)
    output:  bench-results/sched-arc-2026-07-03/sf10-final/ematix/s100/batch-4/stream-38.md

    NOTE: single-invocation output is SMOKE-GRADE only. For win/loss
    claims use scripts/bench/strict_22q.sh / strict_ab.sh /
    strict_throughput.sh (see scripts/bench/README.md).

--- Q20 ---
  ematix-flow  1390.52 ms ±  0.00  (1804 rows)

--- Q19 ---
  ematix-flow   939.68 ms ±  0.00  (1 rows)

--- Q02 ---
  ematix-flow    87.63 ms ±  0.00  (4667 rows)

--- Q05 ---
  ematix-flow  2045.88 ms ±  0.00  (5 rows)

--- Q07 ---
  ematix-flow  1496.86 ms ±  0.00  (4 rows)

--- Q08 ---
  ematix-flow  2399.28 ms ±  0.00  (2 rows)

--- Q17 ---
  ematix-flow   684.02 ms ±  0.00  (1 rows)

--- Q09 ---
  ematix-flow  3601.19 ms ±  0.00  (175 rows)

--- Q16 ---
  ematix-flow   610.42 ms ±  0.00  (27840 rows)

--- Q13 ---
  ematix-flow  1347.63 ms ±  0.00  (46 rows)

--- Q18 ---
  ematix-flow  3186.87 ms ±  0.00  (624 rows)

--- Q11 ---
  ematix-flow   242.46 ms ±  0.00  (8685 rows)

--- Q10 ---
  ematix-flow  1923.15 ms ±  0.00  (381105 rows)

--- Q01 ---
  ematix-flow  3771.51 ms ±  0.00  (4 rows)

--- Q06 ---
  ematix-flow   318.20 ms ±  0.00  (1 rows)

--- Q15 ---
  ematix-flow   868.90 ms ±  0.00  (1 rows)

--- Q12 ---
  ematix-flow  1101.05 ms ±  0.00  (2 rows)

--- Q03 ---
  ematix-flow  1334.60 ms ±  0.00  (114003 rows)

--- Q04 ---
  ematix-flow   710.38 ms ±  0.00  (5 rows)

--- Q22 ---
  ematix-flow   351.35 ms ±  0.00  (7 rows)

--- Q14 ---
  ematix-flow   573.80 ms ±  0.00  (1 rows)

--- Q21 ---
  ematix-flow  2162.21 ms ±  0.00  (4009 rows)

wrote bench-results/sched-arc-2026-07-03/sf10-final/ematix/s100/batch-4/stream-38.md
