=== TPC-H 22 triangulation bench ===
    data:    /Users/ryanevans/RustroverProjects/ematix-flow/examples/tpch/data/sf10
    queries: 22 ([16, 22, 12, 5, 11, 7, 13, 1, 6, 15, 2, 3, 8, 21, 10, 4, 9, 20, 18, 19, 17, 14])
    trials:  1 (after 0 warmups)
    output:  bench-results/sched-arc-2026-07-03/sf10-final/ematix/s100/batch-4/stream-92.md

    NOTE: single-invocation output is SMOKE-GRADE only. For win/loss
    claims use scripts/bench/strict_22q.sh / strict_ab.sh /
    strict_throughput.sh (see scripts/bench/README.md).

--- Q16 ---
  ematix-flow   375.58 ms ±  0.00  (27840 rows)

--- Q22 ---
  ematix-flow   315.20 ms ±  0.00  (7 rows)

--- Q12 ---
  ematix-flow  1161.90 ms ±  0.00  (2 rows)

--- Q05 ---
  ematix-flow  2008.32 ms ±  0.00  (5 rows)

--- Q11 ---
  ematix-flow    96.21 ms ±  0.00  (8685 rows)

--- Q07 ---
  ematix-flow  1457.38 ms ±  0.00  (4 rows)

--- Q13 ---
  ematix-flow  1293.08 ms ±  0.00  (46 rows)

--- Q01 ---
  ematix-flow  3478.24 ms ±  0.00  (4 rows)

--- Q06 ---
  ematix-flow   261.76 ms ±  0.00  (1 rows)

--- Q15 ---
  ematix-flow   938.88 ms ±  0.00  (1 rows)

--- Q02 ---
  ematix-flow   122.29 ms ±  0.00  (4667 rows)

--- Q03 ---
  ematix-flow  1723.83 ms ±  0.00  (114003 rows)

--- Q08 ---
  ematix-flow  2254.12 ms ±  0.00  (2 rows)

--- Q21 ---
  ematix-flow  2411.26 ms ±  0.00  (4009 rows)

--- Q10 ---
  ematix-flow  2151.73 ms ±  0.00  (381105 rows)

--- Q04 ---
  ematix-flow   681.51 ms ±  0.00  (5 rows)

--- Q09 ---
  ematix-flow  3523.01 ms ±  0.00  (175 rows)

--- Q20 ---
  ematix-flow  1670.27 ms ±  0.00  (1804 rows)

--- Q18 ---
  ematix-flow  3401.82 ms ±  0.00  (624 rows)

--- Q19 ---
  ematix-flow  1040.16 ms ±  0.00  (1 rows)

--- Q17 ---
  ematix-flow   447.16 ms ±  0.00  (1 rows)

--- Q14 ---
  ematix-flow   475.39 ms ±  0.00  (1 rows)

wrote bench-results/sched-arc-2026-07-03/sf10-final/ematix/s100/batch-4/stream-92.md
