=== TPC-H 22 triangulation bench ===
    data:    /Users/ryanevans/RustroverProjects/ematix-flow/examples/tpch/data/sf10
    queries: 22 ([7, 8, 4, 19, 16, 13, 3, 2, 6, 15, 9, 12, 1, 17, 22, 14, 10, 20, 21, 5, 11, 18])
    trials:  1 (after 0 warmups)
    output:  bench-results/sched-arc-2026-07-03/sf10-final/ematix/s100/batch-4/stream-35.md

    NOTE: single-invocation output is SMOKE-GRADE only. For win/loss
    claims use scripts/bench/strict_22q.sh / strict_ab.sh /
    strict_throughput.sh (see scripts/bench/README.md).

--- Q07 ---
  ematix-flow  1319.40 ms ±  0.00  (4 rows)

--- Q08 ---
  ematix-flow  2086.12 ms ±  0.00  (2 rows)

--- Q04 ---
  ematix-flow   577.31 ms ±  0.00  (5 rows)

--- Q19 ---
  ematix-flow  1070.42 ms ±  0.00  (1 rows)

--- Q16 ---
  ematix-flow   276.75 ms ±  0.00  (27840 rows)

--- Q13 ---
  ematix-flow  1194.06 ms ±  0.00  (46 rows)

--- Q03 ---
  ematix-flow  1299.02 ms ±  0.00  (114003 rows)

--- Q02 ---
  ematix-flow    89.56 ms ±  0.00  (4667 rows)

--- Q06 ---
  ematix-flow   229.42 ms ±  0.00  (1 rows)

--- Q15 ---
  ematix-flow   872.49 ms ±  0.00  (1 rows)

--- Q09 ---
  ematix-flow  3504.27 ms ±  0.00  (175 rows)

--- Q12 ---
  ematix-flow  1348.03 ms ±  0.00  (2 rows)

--- Q01 ---
  ematix-flow  3345.34 ms ±  0.00  (4 rows)

--- Q17 ---
  ematix-flow   632.81 ms ±  0.00  (1 rows)

--- Q22 ---
  ematix-flow   275.50 ms ±  0.00  (7 rows)

--- Q14 ---
  ematix-flow   658.35 ms ±  0.00  (1 rows)

--- Q10 ---
  ematix-flow  1955.67 ms ±  0.00  (381105 rows)

--- Q20 ---
  ematix-flow  1219.28 ms ±  0.00  (1804 rows)

--- Q21 ---
  ematix-flow  2457.51 ms ±  0.00  (4009 rows)

--- Q05 ---
  ematix-flow  2048.36 ms ±  0.00  (5 rows)

--- Q11 ---
  ematix-flow   131.06 ms ±  0.00  (8685 rows)

--- Q18 ---
  ematix-flow  3382.58 ms ±  0.00  (624 rows)

wrote bench-results/sched-arc-2026-07-03/sf10-final/ematix/s100/batch-4/stream-35.md
