=== TPC-H 22 triangulation bench ===
    data:    /Users/ryanevans/RustroverProjects/ematix-flow/examples/tpch/data/sf10
    queries: 22 ([14, 16, 4, 22, 15, 18, 7, 11, 6, 20, 12, 1, 21, 9, 10, 5, 17, 8, 19, 2, 13, 3])
    trials:  1 (after 0 warmups)
    output:  bench-results/sched-arc-2026-07-03/sf10-final/ematix/s100/batch-4/stream-46.md

    NOTE: single-invocation output is SMOKE-GRADE only. For win/loss
    claims use scripts/bench/strict_22q.sh / strict_ab.sh /
    strict_throughput.sh (see scripts/bench/README.md).

--- Q14 ---
  ematix-flow   448.82 ms ±  0.00  (1 rows)

--- Q16 ---
  ematix-flow   334.89 ms ±  0.00  (27840 rows)

--- Q04 ---
  ematix-flow   702.39 ms ±  0.00  (5 rows)

--- Q22 ---
  ematix-flow   222.51 ms ±  0.00  (7 rows)

--- Q15 ---
  ematix-flow   639.26 ms ±  0.00  (1 rows)

--- Q18 ---
  ematix-flow  3175.46 ms ±  0.00  (624 rows)

--- Q07 ---
  ematix-flow  1468.21 ms ±  0.00  (4 rows)

--- Q11 ---
  ematix-flow   166.13 ms ±  0.00  (8685 rows)

--- Q06 ---
  ematix-flow   177.14 ms ±  0.00  (1 rows)

--- Q20 ---
  ematix-flow  1583.21 ms ±  0.00  (1804 rows)

--- Q12 ---
  ematix-flow  1137.22 ms ±  0.00  (2 rows)

--- Q01 ---
  ematix-flow  3067.50 ms ±  0.00  (4 rows)

--- Q21 ---
  ematix-flow  2209.62 ms ±  0.00  (4009 rows)

--- Q09 ---
  ematix-flow  2840.89 ms ±  0.00  (175 rows)

--- Q10 ---
  ematix-flow  2265.19 ms ±  0.00  (381105 rows)

--- Q05 ---
  ematix-flow  2141.86 ms ±  0.00  (5 rows)

--- Q17 ---
  ematix-flow   901.63 ms ±  0.00  (1 rows)

--- Q08 ---
  ematix-flow  2219.00 ms ±  0.00  (2 rows)

--- Q19 ---
  ematix-flow   926.34 ms ±  0.00  (1 rows)

--- Q02 ---
  ematix-flow   109.74 ms ±  0.00  (4667 rows)

--- Q13 ---
  ematix-flow  1615.35 ms ±  0.00  (46 rows)

--- Q03 ---
  ematix-flow  1398.89 ms ±  0.00  (114003 rows)

wrote bench-results/sched-arc-2026-07-03/sf10-final/ematix/s100/batch-4/stream-46.md
