=== TPC-H 22 triangulation bench ===
    data:    /Users/ryanevans/RustroverProjects/ematix-flow/examples/tpch/data/sf10
    queries: 22 ([6, 13, 22, 14, 3, 1, 16, 21, 7, 15, 5, 19, 11, 2, 12, 10, 18, 9, 8, 17, 20, 4])
    trials:  1 (after 0 warmups)
    output:  bench-results/sched-arc-2026-07-03/sf10-final/ematix/s100/batch-4/stream-14.md

    NOTE: single-invocation output is SMOKE-GRADE only. For win/loss
    claims use scripts/bench/strict_22q.sh / strict_ab.sh /
    strict_throughput.sh (see scripts/bench/README.md).

--- Q06 ---
  ematix-flow   209.44 ms ±  0.00  (1 rows)

--- Q13 ---
  ematix-flow  1193.92 ms ±  0.00  (46 rows)

--- Q22 ---
  ematix-flow   281.00 ms ±  0.00  (7 rows)

--- Q14 ---
  ematix-flow   491.19 ms ±  0.00  (1 rows)

--- Q03 ---
  ematix-flow  1339.73 ms ±  0.00  (114003 rows)

--- Q01 ---
  ematix-flow  2996.29 ms ±  0.00  (4 rows)

--- Q16 ---
  ematix-flow   356.51 ms ±  0.00  (27840 rows)

--- Q21 ---
  ematix-flow  2292.00 ms ±  0.00  (4009 rows)

--- Q07 ---
  ematix-flow  1311.89 ms ±  0.00  (4 rows)

--- Q15 ---
  ematix-flow   711.96 ms ±  0.00  (1 rows)

--- Q05 ---
  ematix-flow  1748.43 ms ±  0.00  (5 rows)

--- Q19 ---
  ematix-flow   849.93 ms ±  0.00  (1 rows)

--- Q11 ---
  ematix-flow   122.88 ms ±  0.00  (8685 rows)

--- Q02 ---
  ematix-flow   100.70 ms ±  0.00  (4667 rows)

--- Q12 ---
  ematix-flow   963.95 ms ±  0.00  (2 rows)

--- Q10 ---
  ematix-flow  2307.26 ms ±  0.00  (381105 rows)

--- Q18 ---
  ematix-flow  2914.91 ms ±  0.00  (624 rows)

--- Q09 ---
  ematix-flow  3417.76 ms ±  0.00  (175 rows)

--- Q08 ---
  ematix-flow  2525.82 ms ±  0.00  (2 rows)

--- Q17 ---
  ematix-flow   953.44 ms ±  0.00  (1 rows)

--- Q20 ---
  ematix-flow  1472.55 ms ±  0.00  (1804 rows)

--- Q04 ---
  ematix-flow   878.33 ms ±  0.00  (5 rows)

wrote bench-results/sched-arc-2026-07-03/sf10-final/ematix/s100/batch-4/stream-14.md
