=== TPC-H 22 triangulation bench ===
    data:    /Users/ryanevans/RustroverProjects/ematix-flow/examples/tpch/data/sf10
    queries: 22 ([20, 12, 10, 1, 19, 2, 17, 9, 11, 14, 3, 16, 22, 7, 13, 15, 21, 8, 6, 18, 5, 4])
    trials:  1 (after 0 warmups)
    output:  bench-results/sched-arc-2026-07-03/sf10-final/ematix/s100/batch-4/stream-28.md

    NOTE: single-invocation output is SMOKE-GRADE only. For win/loss
    claims use scripts/bench/strict_22q.sh / strict_ab.sh /
    strict_throughput.sh (see scripts/bench/README.md).

--- Q20 ---
  ematix-flow  1354.61 ms ±  0.00  (1804 rows)

--- Q12 ---
  ematix-flow  1074.26 ms ±  0.00  (2 rows)

--- Q10 ---
  ematix-flow  1925.29 ms ±  0.00  (381105 rows)

--- Q01 ---
  ematix-flow  3359.45 ms ±  0.00  (4 rows)

--- Q19 ---
  ematix-flow  1075.11 ms ±  0.00  (1 rows)

--- Q02 ---
  ematix-flow   132.57 ms ±  0.00  (4667 rows)

--- Q17 ---
  ematix-flow   623.05 ms ±  0.00  (1 rows)

--- Q09 ---
  ematix-flow  2739.66 ms ±  0.00  (175 rows)

--- Q11 ---
  ematix-flow   155.20 ms ±  0.00  (8685 rows)

--- Q14 ---
  ematix-flow   559.87 ms ±  0.00  (1 rows)

--- Q03 ---
  ematix-flow  1267.70 ms ±  0.00  (114003 rows)

--- Q16 ---
  ematix-flow   277.21 ms ±  0.00  (27840 rows)

--- Q22 ---
  ematix-flow   220.45 ms ±  0.00  (7 rows)

--- Q07 ---
  ematix-flow  1729.44 ms ±  0.00  (4 rows)

--- Q13 ---
  ematix-flow  1654.04 ms ±  0.00  (46 rows)

--- Q15 ---
  ematix-flow   829.24 ms ±  0.00  (1 rows)

--- Q21 ---
  ematix-flow  2586.26 ms ±  0.00  (4009 rows)

--- Q08 ---
  ematix-flow  2206.59 ms ±  0.00  (2 rows)

--- Q06 ---
  ematix-flow   269.69 ms ±  0.00  (1 rows)

--- Q18 ---
  ematix-flow  3138.40 ms ±  0.00  (624 rows)

--- Q05 ---
  ematix-flow  1882.65 ms ±  0.00  (5 rows)

--- Q04 ---
  ematix-flow   524.62 ms ±  0.00  (5 rows)

wrote bench-results/sched-arc-2026-07-03/sf10-final/ematix/s100/batch-4/stream-28.md
