=== TPC-H 22 triangulation bench ===
    data:    /Users/ryanevans/RustroverProjects/ematix-flow/examples/tpch/data/sf10
    queries: 22 ([9, 19, 10, 16, 7, 15, 6, 20, 8, 22, 5, 21, 13, 1, 18, 2, 17, 11, 4, 14, 12, 3])
    trials:  1 (after 0 warmups)
    output:  bench-results/sched-arc-2026-07-03/sf10-final/ematix/s100/batch-4/stream-49.md

    NOTE: single-invocation output is SMOKE-GRADE only. For win/loss
    claims use scripts/bench/strict_22q.sh / strict_ab.sh /
    strict_throughput.sh (see scripts/bench/README.md).

--- Q09 ---
  ematix-flow  2618.40 ms ±  0.00  (175 rows)

--- Q19 ---
  ematix-flow  1083.79 ms ±  0.00  (1 rows)

--- Q10 ---
  ematix-flow  2191.62 ms ±  0.00  (381105 rows)

--- Q16 ---
  ematix-flow   534.07 ms ±  0.00  (27840 rows)

--- Q07 ---
  ematix-flow  1602.65 ms ±  0.00  (4 rows)

--- Q15 ---
  ematix-flow   779.62 ms ±  0.00  (1 rows)

--- Q06 ---
  ematix-flow   284.21 ms ±  0.00  (1 rows)

--- Q20 ---
  ematix-flow  1389.81 ms ±  0.00  (1804 rows)

--- Q08 ---
  ematix-flow  2059.19 ms ±  0.00  (2 rows)

--- Q22 ---
  ematix-flow   284.46 ms ±  0.00  (7 rows)

--- Q05 ---
  ematix-flow  1792.86 ms ±  0.00  (5 rows)

--- Q21 ---
  ematix-flow  2411.07 ms ±  0.00  (4009 rows)

--- Q13 ---
  ematix-flow  1103.58 ms ±  0.00  (46 rows)

--- Q01 ---
  ematix-flow  3970.06 ms ±  0.00  (4 rows)

--- Q18 ---
  ematix-flow  3113.90 ms ±  0.00  (624 rows)

--- Q02 ---
  ematix-flow   153.96 ms ±  0.00  (4667 rows)

--- Q17 ---
  ematix-flow   584.58 ms ±  0.00  (1 rows)

--- Q11 ---
  ematix-flow   107.68 ms ±  0.00  (8685 rows)

--- Q04 ---
  ematix-flow   739.78 ms ±  0.00  (5 rows)

--- Q14 ---
  ematix-flow   725.91 ms ±  0.00  (1 rows)

--- Q12 ---
  ematix-flow  1223.40 ms ±  0.00  (2 rows)

--- Q03 ---
  ematix-flow  1367.78 ms ±  0.00  (114003 rows)

wrote bench-results/sched-arc-2026-07-03/sf10-final/ematix/s100/batch-4/stream-49.md
