=== TPC-H 22 triangulation bench ===
    data:    /Users/ryanevans/RustroverProjects/ematix-flow/examples/tpch/data/sf10
    queries: 22 ([22, 9, 18, 1, 11, 7, 2, 14, 21, 10, 12, 4, 5, 16, 8, 17, 15, 13, 20, 6, 19, 3])
    trials:  1 (after 0 warmups)
    output:  bench-results/sched-arc-2026-07-03/sf10-final/ematix/s100/batch-4/stream-91.md

    NOTE: single-invocation output is SMOKE-GRADE only. For win/loss
    claims use scripts/bench/strict_22q.sh / strict_ab.sh /
    strict_throughput.sh (see scripts/bench/README.md).

--- Q22 ---
  ematix-flow   220.14 ms ±  0.00  (7 rows)

--- Q09 ---
  ematix-flow  2874.95 ms ±  0.00  (175 rows)

--- Q18 ---
  ematix-flow  3438.39 ms ±  0.00  (624 rows)

--- Q01 ---
  ematix-flow  3534.59 ms ±  0.00  (4 rows)

--- Q11 ---
  ematix-flow   194.40 ms ±  0.00  (8685 rows)

--- Q07 ---
  ematix-flow  1683.60 ms ±  0.00  (4 rows)

--- Q02 ---
  ematix-flow    96.38 ms ±  0.00  (4667 rows)

--- Q14 ---
  ematix-flow   610.92 ms ±  0.00  (1 rows)

--- Q21 ---
  ematix-flow  2570.28 ms ±  0.00  (4009 rows)

--- Q10 ---
  ematix-flow  1928.54 ms ±  0.00  (381105 rows)

--- Q12 ---
  ematix-flow  1186.66 ms ±  0.00  (2 rows)

--- Q04 ---
  ematix-flow   843.85 ms ±  0.00  (5 rows)

--- Q05 ---
  ematix-flow  1780.63 ms ±  0.00  (5 rows)

--- Q16 ---
  ematix-flow   352.25 ms ±  0.00  (27840 rows)

--- Q08 ---
  ematix-flow  2215.05 ms ±  0.00  (2 rows)

--- Q17 ---
  ematix-flow   715.84 ms ±  0.00  (1 rows)

--- Q15 ---
  ematix-flow   770.22 ms ±  0.00  (1 rows)

--- Q13 ---
  ematix-flow  1422.36 ms ±  0.00  (46 rows)

--- Q20 ---
  ematix-flow  1508.73 ms ±  0.00  (1804 rows)

--- Q06 ---
  ematix-flow   324.06 ms ±  0.00  (1 rows)

--- Q19 ---
  ematix-flow  1027.91 ms ±  0.00  (1 rows)

--- Q03 ---
  ematix-flow  1358.40 ms ±  0.00  (114003 rows)

wrote bench-results/sched-arc-2026-07-03/sf10-final/ematix/s100/batch-4/stream-91.md
