=== TPC-H 22 triangulation bench ===
    data:    /Users/ryanevans/RustroverProjects/ematix-flow/examples/tpch/data/sf10
    queries: 22 ([2, 4, 15, 18, 17, 14, 21, 16, 3, 6, 5, 11, 19, 10, 12, 20, 8, 22, 1, 13, 9, 7])
    trials:  1 (after 0 warmups)
    output:  bench-results/sched-arc-2026-07-03/sf10-final/ematix/s100/batch-4/stream-39.md

    NOTE: single-invocation output is SMOKE-GRADE only. For win/loss
    claims use scripts/bench/strict_22q.sh / strict_ab.sh /
    strict_throughput.sh (see scripts/bench/README.md).

--- Q02 ---
  ematix-flow    99.53 ms ±  0.00  (4667 rows)

--- Q04 ---
  ematix-flow   749.72 ms ±  0.00  (5 rows)

--- Q15 ---
  ematix-flow   652.32 ms ±  0.00  (1 rows)

--- Q18 ---
  ematix-flow  2654.54 ms ±  0.00  (624 rows)

--- Q17 ---
  ematix-flow   580.02 ms ±  0.00  (1 rows)

--- Q14 ---
  ematix-flow   549.93 ms ±  0.00  (1 rows)

--- Q21 ---
  ematix-flow  2129.43 ms ±  0.00  (4009 rows)

--- Q16 ---
  ematix-flow   437.31 ms ±  0.00  (27840 rows)

--- Q03 ---
  ematix-flow  1512.81 ms ±  0.00  (114003 rows)

--- Q06 ---
  ematix-flow   203.76 ms ±  0.00  (1 rows)

--- Q05 ---
  ematix-flow  2076.42 ms ±  0.00  (5 rows)

--- Q11 ---
  ematix-flow   167.20 ms ±  0.00  (8685 rows)

--- Q19 ---
  ematix-flow  1103.79 ms ±  0.00  (1 rows)

--- Q10 ---
  ematix-flow  2116.26 ms ±  0.00  (381105 rows)

--- Q12 ---
  ematix-flow  1102.41 ms ±  0.00  (2 rows)

--- Q20 ---
  ematix-flow  1728.27 ms ±  0.00  (1804 rows)

--- Q08 ---
  ematix-flow  2274.40 ms ±  0.00  (2 rows)

--- Q22 ---
  ematix-flow   264.42 ms ±  0.00  (7 rows)

--- Q01 ---
  ematix-flow  3352.66 ms ±  0.00  (4 rows)

--- Q13 ---
  ematix-flow  1242.55 ms ±  0.00  (46 rows)

--- Q09 ---
  ematix-flow  3087.91 ms ±  0.00  (175 rows)

--- Q07 ---
  ematix-flow  1371.22 ms ±  0.00  (4 rows)

wrote bench-results/sched-arc-2026-07-03/sf10-final/ematix/s100/batch-4/stream-39.md
