=== TPC-H 22 triangulation bench ===
    data:    /Users/ryanevans/RustroverProjects/ematix-flow/examples/tpch/data/sf10
    queries: 22 ([17, 9, 13, 2, 6, 18, 3, 20, 19, 4, 5, 22, 11, 7, 1, 15, 8, 14, 10, 21, 16, 12])
    trials:  1 (after 0 warmups)
    output:  bench-results/sched-arc-2026-07-03/sf10-final/ematix/s100/batch-4/stream-16.md

    NOTE: single-invocation output is SMOKE-GRADE only. For win/loss
    claims use scripts/bench/strict_22q.sh / strict_ab.sh /
    strict_throughput.sh (see scripts/bench/README.md).

--- Q17 ---
  ematix-flow   599.27 ms ±  0.00  (1 rows)

--- Q09 ---
  ematix-flow  2751.24 ms ±  0.00  (175 rows)

--- Q13 ---
  ematix-flow  1200.85 ms ±  0.00  (46 rows)

--- Q02 ---
  ematix-flow   128.98 ms ±  0.00  (4667 rows)

--- Q06 ---
  ematix-flow   132.30 ms ±  0.00  (1 rows)

--- Q18 ---
  ematix-flow  2477.92 ms ±  0.00  (624 rows)

--- Q03 ---
  ematix-flow  1389.25 ms ±  0.00  (114003 rows)

--- Q20 ---
  ematix-flow  1373.42 ms ±  0.00  (1804 rows)

--- Q19 ---
  ematix-flow   929.13 ms ±  0.00  (1 rows)

--- Q04 ---
  ematix-flow   696.69 ms ±  0.00  (5 rows)

--- Q05 ---
  ematix-flow  1439.48 ms ±  0.00  (5 rows)

--- Q22 ---
  ematix-flow   268.59 ms ±  0.00  (7 rows)

--- Q11 ---
  ematix-flow   161.63 ms ±  0.00  (8685 rows)

--- Q07 ---
  ematix-flow  1148.36 ms ±  0.00  (4 rows)

--- Q01 ---
  ematix-flow  3571.78 ms ±  0.00  (4 rows)

--- Q15 ---
  ematix-flow   702.83 ms ±  0.00  (1 rows)

--- Q08 ---
  ematix-flow  2126.26 ms ±  0.00  (2 rows)

--- Q14 ---
  ematix-flow   573.47 ms ±  0.00  (1 rows)

--- Q10 ---
  ematix-flow  2539.61 ms ±  0.00  (381105 rows)

--- Q21 ---
  ematix-flow  3318.13 ms ±  0.00  (4009 rows)

--- Q16 ---
  ematix-flow   344.05 ms ±  0.00  (27840 rows)

--- Q12 ---
  ematix-flow  1054.97 ms ±  0.00  (2 rows)

wrote bench-results/sched-arc-2026-07-03/sf10-final/ematix/s100/batch-4/stream-16.md
