=== TPC-H 22 triangulation bench ===
    data:    /Users/ryanevans/RustroverProjects/ematix-flow/examples/tpch/data/sf10
    queries: 22 ([19, 17, 7, 6, 12, 2, 16, 13, 22, 1, 11, 21, 5, 10, 8, 18, 9, 20, 15, 14, 4, 3])
    trials:  1 (after 0 warmups)
    output:  bench-results/sched-arc-2026-07-03/sf10-final/ematix/s100/batch-4/stream-67.md

    NOTE: single-invocation output is SMOKE-GRADE only. For win/loss
    claims use scripts/bench/strict_22q.sh / strict_ab.sh /
    strict_throughput.sh (see scripts/bench/README.md).

--- Q19 ---
  ematix-flow   880.52 ms ±  0.00  (1 rows)

--- Q17 ---
  ematix-flow   580.52 ms ±  0.00  (1 rows)

--- Q07 ---
  ematix-flow  1385.49 ms ±  0.00  (4 rows)

--- Q06 ---
  ematix-flow   119.50 ms ±  0.00  (1 rows)

--- Q12 ---
  ematix-flow  1196.74 ms ±  0.00  (2 rows)

--- Q02 ---
  ematix-flow    94.31 ms ±  0.00  (4667 rows)

--- Q16 ---
  ematix-flow   442.58 ms ±  0.00  (27840 rows)

--- Q13 ---
  ematix-flow  1130.84 ms ±  0.00  (46 rows)

--- Q22 ---
  ematix-flow   195.50 ms ±  0.00  (7 rows)

--- Q01 ---
  ematix-flow  3292.00 ms ±  0.00  (4 rows)

--- Q11 ---
  ematix-flow   182.12 ms ±  0.00  (8685 rows)

--- Q21 ---
  ematix-flow  2037.50 ms ±  0.00  (4009 rows)

--- Q05 ---
  ematix-flow  1760.73 ms ±  0.00  (5 rows)

--- Q10 ---
  ematix-flow  2152.81 ms ±  0.00  (381105 rows)

--- Q08 ---
  ematix-flow  2238.37 ms ±  0.00  (2 rows)

--- Q18 ---
  ematix-flow  3695.56 ms ±  0.00  (624 rows)

--- Q09 ---
  ematix-flow  3095.45 ms ±  0.00  (175 rows)

--- Q20 ---
  ematix-flow  1586.10 ms ±  0.00  (1804 rows)

--- Q15 ---
  ematix-flow   609.78 ms ±  0.00  (1 rows)

--- Q14 ---
  ematix-flow   506.27 ms ±  0.00  (1 rows)

--- Q04 ---
  ematix-flow   741.71 ms ±  0.00  (5 rows)

--- Q03 ---
  ematix-flow  1443.29 ms ±  0.00  (114003 rows)

wrote bench-results/sched-arc-2026-07-03/sf10-final/ematix/s100/batch-4/stream-67.md
