=== TPC-H 22 triangulation bench ===
    data:    /Users/ryanevans/RustroverProjects/ematix-flow/examples/tpch/data/sf10
    queries: 22 ([11, 14, 5, 19, 22, 9, 16, 6, 4, 8, 2, 13, 1, 15, 7, 20, 17, 21, 10, 12, 3, 18])
    trials:  1 (after 0 warmups)
    output:  bench-results/sched-arc-2026-07-03/sf10-final/ematix/s100/batch-4/stream-29.md

    NOTE: single-invocation output is SMOKE-GRADE only. For win/loss
    claims use scripts/bench/strict_22q.sh / strict_ab.sh /
    strict_throughput.sh (see scripts/bench/README.md).

--- Q11 ---
  ematix-flow   124.41 ms ±  0.00  (8685 rows)

--- Q14 ---
  ematix-flow   686.43 ms ±  0.00  (1 rows)

--- Q05 ---
  ematix-flow  1805.65 ms ±  0.00  (5 rows)

--- Q19 ---
  ematix-flow  1066.84 ms ±  0.00  (1 rows)

--- Q22 ---
  ematix-flow   226.46 ms ±  0.00  (7 rows)

--- Q09 ---
  ematix-flow  2920.71 ms ±  0.00  (175 rows)

--- Q16 ---
  ematix-flow   451.86 ms ±  0.00  (27840 rows)

--- Q06 ---
  ematix-flow   217.96 ms ±  0.00  (1 rows)

--- Q04 ---
  ematix-flow   911.88 ms ±  0.00  (5 rows)

--- Q08 ---
  ematix-flow  2172.63 ms ±  0.00  (2 rows)

--- Q02 ---
  ematix-flow   102.47 ms ±  0.00  (4667 rows)

--- Q13 ---
  ematix-flow  1067.22 ms ±  0.00  (46 rows)

--- Q01 ---
  ematix-flow  3571.40 ms ±  0.00  (4 rows)

--- Q15 ---
  ematix-flow   961.53 ms ±  0.00  (1 rows)

--- Q07 ---
  ematix-flow  1492.33 ms ±  0.00  (4 rows)

--- Q20 ---
  ematix-flow  1659.16 ms ±  0.00  (1804 rows)

--- Q17 ---
  ematix-flow   740.22 ms ±  0.00  (1 rows)

--- Q21 ---
  ematix-flow  2181.33 ms ±  0.00  (4009 rows)

--- Q10 ---
  ematix-flow  2055.97 ms ±  0.00  (381105 rows)

--- Q12 ---
  ematix-flow  1060.86 ms ±  0.00  (2 rows)

--- Q03 ---
  ematix-flow  1360.20 ms ±  0.00  (114003 rows)

--- Q18 ---
  ematix-flow  3098.92 ms ±  0.00  (624 rows)

wrote bench-results/sched-arc-2026-07-03/sf10-final/ematix/s100/batch-4/stream-29.md
