=== TPC-H 22 triangulation bench ===
    data:    /Users/ryanevans/RustroverProjects/ematix-flow/examples/tpch/data/sf10
    queries: 22 ([21, 14, 13, 22, 7, 18, 4, 20, 17, 15, 6, 12, 8, 10, 11, 5, 1, 2, 9, 16, 3, 19])
    trials:  1 (after 0 warmups)
    output:  bench-results/sched-arc-2026-07-03/sf10-final/ematix/s100/batch-4/stream-6.md

    NOTE: single-invocation output is SMOKE-GRADE only. For win/loss
    claims use scripts/bench/strict_22q.sh / strict_ab.sh /
    strict_throughput.sh (see scripts/bench/README.md).

--- Q21 ---
  ematix-flow  2599.91 ms ±  0.00  (4009 rows)

--- Q14 ---
  ematix-flow   636.95 ms ±  0.00  (1 rows)

--- Q13 ---
  ematix-flow  1029.98 ms ±  0.00  (46 rows)

--- Q22 ---
  ematix-flow   252.21 ms ±  0.00  (7 rows)

--- Q07 ---
  ematix-flow  1430.85 ms ±  0.00  (4 rows)

--- Q18 ---
  ematix-flow  3268.95 ms ±  0.00  (624 rows)

--- Q04 ---
  ematix-flow   645.78 ms ±  0.00  (5 rows)

--- Q20 ---
  ematix-flow  1442.01 ms ±  0.00  (1804 rows)

--- Q17 ---
  ematix-flow   704.24 ms ±  0.00  (1 rows)

--- Q15 ---
  ematix-flow   789.31 ms ±  0.00  (1 rows)

--- Q06 ---
  ematix-flow    93.51 ms ±  0.00  (1 rows)

--- Q12 ---
  ematix-flow  1170.23 ms ±  0.00  (2 rows)

--- Q08 ---
  ematix-flow  2364.15 ms ±  0.00  (2 rows)

--- Q10 ---
  ematix-flow  2166.20 ms ±  0.00  (381105 rows)

--- Q11 ---
  ematix-flow   111.47 ms ±  0.00  (8685 rows)

--- Q05 ---
  ematix-flow  1755.97 ms ±  0.00  (5 rows)

--- Q01 ---
  ematix-flow  2889.75 ms ±  0.00  (4 rows)

--- Q02 ---
  ematix-flow   237.69 ms ±  0.00  (4667 rows)

--- Q09 ---
  ematix-flow  4051.32 ms ±  0.00  (175 rows)

--- Q16 ---
  ematix-flow   353.75 ms ±  0.00  (27840 rows)

--- Q03 ---
  ematix-flow  1165.92 ms ±  0.00  (114003 rows)

--- Q19 ---
  ematix-flow   828.73 ms ±  0.00  (1 rows)

wrote bench-results/sched-arc-2026-07-03/sf10-final/ematix/s100/batch-4/stream-6.md
