=== TPC-H 22 triangulation bench ===
    data:    /Users/ryanevans/RustroverProjects/ematix-flow/examples/tpch/data/sf10
    queries: 22 ([19, 21, 1, 20, 18, 5, 17, 10, 16, 8, 7, 9, 13, 14, 15, 11, 12, 3, 6, 4, 2, 22])
    trials:  1 (after 0 warmups)
    output:  bench-results/sched-arc-2026-07-03/sf10-final/ematix/s100/batch-4/stream-69.md

    NOTE: single-invocation output is SMOKE-GRADE only. For win/loss
    claims use scripts/bench/strict_22q.sh / strict_ab.sh /
    strict_throughput.sh (see scripts/bench/README.md).

--- Q19 ---
  ematix-flow   987.15 ms ±  0.00  (1 rows)

--- Q21 ---
  ematix-flow  2017.33 ms ±  0.00  (4009 rows)

--- Q01 ---
  ematix-flow  3404.34 ms ±  0.00  (4 rows)

--- Q20 ---
  ematix-flow  1478.38 ms ±  0.00  (1804 rows)

--- Q18 ---
  ematix-flow  2785.81 ms ±  0.00  (624 rows)

--- Q05 ---
  ematix-flow  1901.49 ms ±  0.00  (5 rows)

--- Q17 ---
  ematix-flow   610.80 ms ±  0.00  (1 rows)

--- Q10 ---
  ematix-flow  2033.39 ms ±  0.00  (381105 rows)

--- Q16 ---
  ematix-flow   472.30 ms ±  0.00  (27840 rows)

--- Q08 ---
  ematix-flow  2368.19 ms ±  0.00  (2 rows)

--- Q07 ---
  ematix-flow  1649.02 ms ±  0.00  (4 rows)

--- Q09 ---
  ematix-flow  3642.38 ms ±  0.00  (175 rows)

--- Q13 ---
  ematix-flow  1542.03 ms ±  0.00  (46 rows)

--- Q14 ---
  ematix-flow   695.52 ms ±  0.00  (1 rows)

--- Q15 ---
  ematix-flow   768.07 ms ±  0.00  (1 rows)

--- Q11 ---
  ematix-flow   119.82 ms ±  0.00  (8685 rows)

--- Q12 ---
  ematix-flow  1180.61 ms ±  0.00  (2 rows)

--- Q03 ---
  ematix-flow  1358.32 ms ±  0.00  (114003 rows)

--- Q06 ---
  ematix-flow   211.42 ms ±  0.00  (1 rows)

--- Q04 ---
  ematix-flow   525.79 ms ±  0.00  (5 rows)

--- Q02 ---
  ematix-flow   137.92 ms ±  0.00  (4667 rows)

--- Q22 ---
  ematix-flow   287.09 ms ±  0.00  (7 rows)

wrote bench-results/sched-arc-2026-07-03/sf10-final/ematix/s100/batch-4/stream-69.md
