=== TPC-H 22 triangulation bench ===
    data:    /Users/ryanevans/RustroverProjects/ematix-flow/examples/tpch/data/sf10
    queries: 22 ([12, 11, 16, 4, 21, 14, 20, 22, 9, 1, 18, 5, 6, 13, 3, 7, 10, 8, 2, 17, 19, 15])
    trials:  1 (after 0 warmups)
    output:  bench-results/sched-arc-2026-07-03/sf10-final/ematix/s100/batch-4/stream-40.md

    NOTE: single-invocation output is SMOKE-GRADE only. For win/loss
    claims use scripts/bench/strict_22q.sh / strict_ab.sh /
    strict_throughput.sh (see scripts/bench/README.md).

--- Q12 ---
  ematix-flow  1183.96 ms ±  0.00  (2 rows)

--- Q11 ---
  ematix-flow   131.09 ms ±  0.00  (8685 rows)

--- Q16 ---
  ematix-flow   373.71 ms ±  0.00  (27840 rows)

--- Q04 ---
  ematix-flow   574.91 ms ±  0.00  (5 rows)

--- Q21 ---
  ematix-flow  1762.53 ms ±  0.00  (4009 rows)

--- Q14 ---
  ematix-flow   505.04 ms ±  0.00  (1 rows)

--- Q20 ---
  ematix-flow  1497.49 ms ±  0.00  (1804 rows)

--- Q22 ---
  ematix-flow   249.53 ms ±  0.00  (7 rows)

--- Q09 ---
  ematix-flow  2957.64 ms ±  0.00  (175 rows)

--- Q01 ---
  ematix-flow  3653.36 ms ±  0.00  (4 rows)

--- Q18 ---
  ematix-flow  3493.31 ms ±  0.00  (624 rows)

--- Q05 ---
  ematix-flow  1956.23 ms ±  0.00  (5 rows)

--- Q06 ---
  ematix-flow   209.67 ms ±  0.00  (1 rows)

--- Q13 ---
  ematix-flow  1173.57 ms ±  0.00  (46 rows)

--- Q03 ---
  ematix-flow  1402.63 ms ±  0.00  (114003 rows)

--- Q07 ---
  ematix-flow  1471.89 ms ±  0.00  (4 rows)

--- Q10 ---
  ematix-flow  2149.10 ms ±  0.00  (381105 rows)

--- Q08 ---
  ematix-flow  2386.18 ms ±  0.00  (2 rows)

--- Q02 ---
  ematix-flow   100.81 ms ±  0.00  (4667 rows)

--- Q17 ---
  ematix-flow   637.97 ms ±  0.00  (1 rows)

--- Q19 ---
  ematix-flow  1105.92 ms ±  0.00  (1 rows)

--- Q15 ---
  ematix-flow   620.36 ms ±  0.00  (1 rows)

wrote bench-results/sched-arc-2026-07-03/sf10-final/ematix/s100/batch-4/stream-40.md
