=== TPC-H 22 triangulation bench ===
    data:    /Users/ryanevans/RustroverProjects/ematix-flow/examples/tpch/data/sf100
    queries: 22 ([20, 6, 14, 10, 21, 22, 12, 13, 1, 17, 2, 18, 7, 11, 8, 15, 16, 4, 9, 3, 19, 5])
    trials:  1 (after 0 warmups)
    output:  bench-results/tput-rebaseline-2026-07-03/sf100-auto/ematix/s1/batch-4/stream-1.md

    NOTE: single-invocation output is SMOKE-GRADE only. For win/loss
    claims use scripts/bench/strict_22q.sh / strict_ab.sh /
    strict_throughput.sh (see scripts/bench/README.md).

--- Q20 ---
  ematix-flow  1166.22 ms ±  0.00  (17971 rows)

--- Q06 ---
  ematix-flow   486.52 ms ±  0.00  (1 rows)

--- Q14 ---
  ematix-flow   825.20 ms ±  0.00  (1 rows)

--- Q10 ---
  ematix-flow  1977.97 ms ±  0.00  (3884218 rows)

--- Q21 ---
  ematix-flow  3354.16 ms ±  0.00  (39950 rows)

--- Q22 ---
  ematix-flow   455.44 ms ±  0.00  (7 rows)

--- Q12 ---
  ematix-flow   993.83 ms ±  0.00  (2 rows)

--- Q13 ---
  ematix-flow  1886.48 ms ±  0.00  (45 rows)

--- Q01 ---
  ematix-flow  2537.43 ms ±  0.00  (4 rows)

--- Q17 ---
  ematix-flow  1489.86 ms ±  0.00  (1 rows)

--- Q02 ---
  ematix-flow   264.68 ms ±  0.00  (47107 rows)

--- Q18 ---
  ematix-flow  2580.22 ms ±  0.00  (6398 rows)

--- Q07 ---
  ematix-flow  1507.73 ms ±  0.00  (4 rows)

--- Q11 ---
  ematix-flow   211.81 ms ±  0.00  (92698 rows)

--- Q08 ---
  ematix-flow  1722.04 ms ±  0.00  (2 rows)

--- Q15 ---
  ematix-flow   813.32 ms ±  0.00  (1 rows)

--- Q16 ---
  ematix-flow   405.74 ms ±  0.00  (27840 rows)

--- Q04 ---
  ematix-flow   872.43 ms ±  0.00  (5 rows)

--- Q09 ---
  ematix-flow  3261.73 ms ±  0.00  (175 rows)

--- Q03 ---
  ematix-flow  1591.59 ms ±  0.00  (1131041 rows)

--- Q19 ---
  ematix-flow  1288.13 ms ±  0.00  (1 rows)

--- Q05 ---
  ematix-flow  1490.43 ms ±  0.00  (5 rows)

wrote bench-results/tput-rebaseline-2026-07-03/sf100-auto/ematix/s1/batch-4/stream-1.md
