=== TPC-H 22 triangulation bench ===
    data:    /Users/ryanevans/RustroverProjects/ematix-flow/examples/tpch/data/sf10
    queries: 22 ([19, 21, 1, 20, 18, 5, 17, 10, 16, 8, 7, 9, 13, 14, 15, 11, 12, 3, 6, 4, 2, 22])
    trials:  1 (after 0 warmups)
    output:  bench-results/tput-rebaseline-2026-07-03/sf10-auto/ematix/s100/batch-2/stream-69.md

    NOTE: single-invocation output is SMOKE-GRADE only. For win/loss
    claims use scripts/bench/strict_22q.sh / strict_ab.sh /
    strict_throughput.sh (see scripts/bench/README.md).

--- Q19 ---
  ematix-flow   417.38 ms ±  0.00  (1 rows)

--- Q21 ---
  ematix-flow  2552.13 ms ±  0.00  (4009 rows)

--- Q01 ---
  ematix-flow  2496.78 ms ±  0.00  (4 rows)

--- Q20 ---
  ematix-flow  1297.25 ms ±  0.00  (1804 rows)

--- Q18 ---
  ematix-flow  2838.04 ms ±  0.00  (624 rows)

--- Q05 ---
  ematix-flow  1147.46 ms ±  0.00  (5 rows)

--- Q17 ---
  ematix-flow   869.33 ms ±  0.00  (1 rows)

--- Q10 ---
  ematix-flow  1696.81 ms ±  0.00  (381105 rows)

--- Q16 ---
  ematix-flow   640.41 ms ±  0.00  (27840 rows)

--- Q08 ---
  ematix-flow  1133.33 ms ±  0.00  (2 rows)

--- Q07 ---
  ematix-flow  1578.55 ms ±  0.00  (4 rows)

--- Q09 ---
  ematix-flow  5047.16 ms ±  0.00  (175 rows)

--- Q13 ---
  ematix-flow  1340.58 ms ±  0.00  (46 rows)

--- Q14 ---
  ematix-flow   327.03 ms ±  0.00  (1 rows)

--- Q15 ---
  ematix-flow   394.70 ms ±  0.00  (1 rows)

--- Q11 ---
  ematix-flow   343.67 ms ±  0.00  (8685 rows)

--- Q12 ---
  ematix-flow  1025.75 ms ±  0.00  (2 rows)

--- Q03 ---
  ematix-flow  1830.86 ms ±  0.00  (114003 rows)

--- Q06 ---
  ematix-flow   458.53 ms ±  0.00  (1 rows)

--- Q04 ---
  ematix-flow  1072.82 ms ±  0.00  (5 rows)

--- Q02 ---
  ematix-flow   249.58 ms ±  0.00  (4667 rows)

--- Q22 ---
  ematix-flow   484.61 ms ±  0.00  (7 rows)

wrote bench-results/tput-rebaseline-2026-07-03/sf10-auto/ematix/s100/batch-2/stream-69.md
