=== TPC-H 22 triangulation bench ===
    data:    /Users/ryanevans/RustroverProjects/ematix-flow/examples/tpch/data/sf10
    queries: 22 ([4, 22, 21, 1, 11, 9, 20, 2, 6, 17, 8, 13, 5, 14, 18, 15, 12, 10, 19, 16, 3, 7])
    trials:  1 (after 0 warmups)
    output:  bench-results/tput-rebaseline-2026-07-03/sf10-auto/ematix/s100/batch-2/stream-90.md

    NOTE: single-invocation output is SMOKE-GRADE only. For win/loss
    claims use scripts/bench/strict_22q.sh / strict_ab.sh /
    strict_throughput.sh (see scripts/bench/README.md).

--- Q04 ---
  ematix-flow   952.93 ms ±  0.00  (5 rows)

--- Q22 ---
  ematix-flow   478.78 ms ±  0.00  (7 rows)

--- Q21 ---
  ematix-flow  3154.52 ms ±  0.00  (4009 rows)

--- Q01 ---
  ematix-flow  3746.04 ms ±  0.00  (4 rows)

--- Q11 ---
  ematix-flow   197.50 ms ±  0.00  (8685 rows)

--- Q09 ---
  ematix-flow  4044.17 ms ±  0.00  (175 rows)

--- Q20 ---
  ematix-flow  1588.46 ms ±  0.00  (1804 rows)

--- Q02 ---
  ematix-flow   193.20 ms ±  0.00  (4667 rows)

--- Q06 ---
  ematix-flow   639.83 ms ±  0.00  (1 rows)

--- Q17 ---
  ematix-flow  1297.94 ms ±  0.00  (1 rows)

--- Q08 ---
  ematix-flow  1347.72 ms ±  0.00  (2 rows)

--- Q13 ---
  ematix-flow  1698.23 ms ±  0.00  (46 rows)

--- Q05 ---
  ematix-flow  1156.22 ms ±  0.00  (5 rows)

--- Q14 ---
  ematix-flow   457.33 ms ±  0.00  (1 rows)

--- Q18 ---
  ematix-flow  4019.10 ms ±  0.00  (624 rows)

--- Q15 ---
  ematix-flow   533.15 ms ±  0.00  (1 rows)

--- Q12 ---
  ematix-flow  1074.06 ms ±  0.00  (2 rows)

--- Q10 ---
  ematix-flow  1754.10 ms ±  0.00  (381105 rows)

--- Q19 ---
  ematix-flow   489.04 ms ±  0.00  (1 rows)

--- Q16 ---
  ematix-flow   430.59 ms ±  0.00  (27840 rows)

--- Q03 ---
  ematix-flow  1010.12 ms ±  0.00  (114003 rows)

--- Q07 ---
  ematix-flow  1230.30 ms ±  0.00  (4 rows)

wrote bench-results/tput-rebaseline-2026-07-03/sf10-auto/ematix/s100/batch-2/stream-90.md
