=== TPC-H 22 triangulation bench ===
    data:    /Users/ryanevans/RustroverProjects/ematix-flow/examples/tpch/data/sf10
    queries: 22 ([5, 9, 4, 2, 7, 20, 12, 6, 21, 10, 8, 22, 3, 1, 14, 16, 13, 19, 18, 11, 15, 17])
    trials:  1 (after 0 warmups)
    output:  bench-results/tput-rebaseline-2026-07-03/sf10-auto/ematix/s100/batch-2/stream-81.md

    NOTE: single-invocation output is SMOKE-GRADE only. For win/loss
    claims use scripts/bench/strict_22q.sh / strict_ab.sh /
    strict_throughput.sh (see scripts/bench/README.md).

--- Q05 ---
  ematix-flow  1167.19 ms ±  0.00  (5 rows)

--- Q09 ---
  ematix-flow  3292.46 ms ±  0.00  (175 rows)

--- Q04 ---
  ematix-flow   987.88 ms ±  0.00  (5 rows)

--- Q02 ---
  ematix-flow   226.63 ms ±  0.00  (4667 rows)

--- Q07 ---
  ematix-flow   963.52 ms ±  0.00  (4 rows)

--- Q20 ---
  ematix-flow  1309.95 ms ±  0.00  (1804 rows)

--- Q12 ---
  ematix-flow   753.80 ms ±  0.00  (2 rows)

--- Q06 ---
  ematix-flow   268.48 ms ±  0.00  (1 rows)

--- Q21 ---
  ematix-flow  3075.66 ms ±  0.00  (4009 rows)

--- Q10 ---
  ematix-flow  1825.38 ms ±  0.00  (381105 rows)

--- Q08 ---
  ematix-flow  1237.88 ms ±  0.00  (2 rows)

--- Q22 ---
  ematix-flow   369.23 ms ±  0.00  (7 rows)

--- Q03 ---
  ematix-flow  1128.27 ms ±  0.00  (114003 rows)

--- Q01 ---
  ematix-flow  3860.20 ms ±  0.00  (4 rows)

--- Q14 ---
  ematix-flow   361.96 ms ±  0.00  (1 rows)

--- Q16 ---
  ematix-flow   802.82 ms ±  0.00  (27840 rows)

--- Q13 ---
  ematix-flow  2334.94 ms ±  0.00  (46 rows)

--- Q19 ---
  ematix-flow   520.38 ms ±  0.00  (1 rows)

--- Q18 ---
  ematix-flow  5577.46 ms ±  0.00  (624 rows)

--- Q11 ---
  ematix-flow   263.08 ms ±  0.00  (8685 rows)

--- Q15 ---
  ematix-flow   422.21 ms ±  0.00  (1 rows)

--- Q17 ---
  ematix-flow   613.26 ms ±  0.00  (1 rows)

wrote bench-results/tput-rebaseline-2026-07-03/sf10-auto/ematix/s100/batch-2/stream-81.md
