=== TPC-H 22 triangulation bench ===
    data:    /Users/ryanevans/RustroverProjects/ematix-flow/examples/tpch/data/sf10
    queries: 22 ([21, 4, 5, 2, 11, 9, 14, 10, 6, 3, 13, 1, 22, 8, 18, 12, 19, 16, 17, 15, 7, 20])
    trials:  1 (after 0 warmups)
    output:  bench-results/tput-rebaseline-2026-07-03/sf10-auto/ematix/s100/batch-2/stream-53.md

    NOTE: single-invocation output is SMOKE-GRADE only. For win/loss
    claims use scripts/bench/strict_22q.sh / strict_ab.sh /
    strict_throughput.sh (see scripts/bench/README.md).

--- Q21 ---
  ematix-flow  2136.57 ms ±  0.00  (4009 rows)

--- Q04 ---
  ematix-flow   938.09 ms ±  0.00  (5 rows)

--- Q05 ---
  ematix-flow  1247.55 ms ±  0.00  (5 rows)

--- Q02 ---
  ematix-flow   100.38 ms ±  0.00  (4667 rows)

--- Q11 ---
  ematix-flow   119.21 ms ±  0.00  (8685 rows)

--- Q09 ---
  ematix-flow  3014.35 ms ±  0.00  (175 rows)

--- Q14 ---
  ematix-flow   278.24 ms ±  0.00  (1 rows)

--- Q10 ---
  ematix-flow  1568.65 ms ±  0.00  (381105 rows)

--- Q06 ---
  ematix-flow   330.34 ms ±  0.00  (1 rows)

--- Q03 ---
  ematix-flow  1319.81 ms ±  0.00  (114003 rows)

--- Q13 ---
  ematix-flow  1184.35 ms ±  0.00  (46 rows)

--- Q01 ---
  ematix-flow  3637.22 ms ±  0.00  (4 rows)

--- Q22 ---
  ematix-flow   524.90 ms ±  0.00  (7 rows)

--- Q08 ---
  ematix-flow  1203.40 ms ±  0.00  (2 rows)

--- Q18 ---
  ematix-flow  5270.40 ms ±  0.00  (624 rows)

--- Q12 ---
  ematix-flow  1184.67 ms ±  0.00  (2 rows)

--- Q19 ---
  ematix-flow   728.18 ms ±  0.00  (1 rows)

--- Q16 ---
  ematix-flow   665.43 ms ±  0.00  (27840 rows)

--- Q17 ---
  ematix-flow  1319.38 ms ±  0.00  (1 rows)

--- Q15 ---
  ematix-flow   504.72 ms ±  0.00  (1 rows)

--- Q07 ---
  ematix-flow  1113.46 ms ±  0.00  (4 rows)

--- Q20 ---
  ematix-flow  1221.02 ms ±  0.00  (1804 rows)

wrote bench-results/tput-rebaseline-2026-07-03/sf10-auto/ematix/s100/batch-2/stream-53.md
