=== TPC-H 22 triangulation bench ===
    data:    /Users/ryanevans/RustroverProjects/ematix-flow/examples/tpch/data/sf10
    queries: 22 ([8, 14, 3, 16, 10, 19, 20, 13, 21, 22, 1, 6, 2, 12, 15, 17, 11, 9, 4, 18, 7, 5])
    trials:  1 (after 0 warmups)
    output:  bench-results/tput-rebaseline-2026-07-03/sf10-auto/ematix/s100/batch-2/stream-87.md

    NOTE: single-invocation output is SMOKE-GRADE only. For win/loss
    claims use scripts/bench/strict_22q.sh / strict_ab.sh /
    strict_throughput.sh (see scripts/bench/README.md).

--- Q08 ---
  ematix-flow   990.14 ms ±  0.00  (2 rows)

--- Q14 ---
  ematix-flow   289.67 ms ±  0.00  (1 rows)

--- Q03 ---
  ematix-flow  1027.57 ms ±  0.00  (114003 rows)

--- Q16 ---
  ematix-flow   449.54 ms ±  0.00  (27840 rows)

--- Q10 ---
  ematix-flow  1905.91 ms ±  0.00  (381105 rows)

--- Q19 ---
  ematix-flow   430.56 ms ±  0.00  (1 rows)

--- Q20 ---
  ematix-flow  1266.52 ms ±  0.00  (1804 rows)

--- Q13 ---
  ematix-flow  1980.68 ms ±  0.00  (46 rows)

--- Q21 ---
  ematix-flow  3167.38 ms ±  0.00  (4009 rows)

--- Q22 ---
  ematix-flow   522.89 ms ±  0.00  (7 rows)

--- Q01 ---
  ematix-flow  3400.25 ms ±  0.00  (4 rows)

--- Q06 ---
  ematix-flow   345.70 ms ±  0.00  (1 rows)

--- Q02 ---
  ematix-flow   249.45 ms ±  0.00  (4667 rows)

--- Q12 ---
  ematix-flow   961.44 ms ±  0.00  (2 rows)

--- Q15 ---
  ematix-flow   570.94 ms ±  0.00  (1 rows)

--- Q17 ---
  ematix-flow  1255.28 ms ±  0.00  (1 rows)

--- Q11 ---
  ematix-flow   277.66 ms ±  0.00  (8685 rows)

--- Q09 ---
  ematix-flow  4476.26 ms ±  0.00  (175 rows)

--- Q04 ---
  ematix-flow  1086.65 ms ±  0.00  (5 rows)

--- Q18 ---
  ematix-flow  3582.77 ms ±  0.00  (624 rows)

--- Q07 ---
  ematix-flow  1264.42 ms ±  0.00  (4 rows)

--- Q05 ---
  ematix-flow  1372.66 ms ±  0.00  (5 rows)

wrote bench-results/tput-rebaseline-2026-07-03/sf10-auto/ematix/s100/batch-2/stream-87.md
