=== TPC-H 22 triangulation bench ===
    data:    /Users/ryanevans/RustroverProjects/ematix-flow/examples/tpch/data/sf10
    queries: 22 ([22, 9, 18, 1, 11, 7, 2, 14, 21, 10, 12, 4, 5, 16, 8, 17, 15, 13, 20, 6, 19, 3])
    trials:  1 (after 0 warmups)
    output:  bench-results/tput-rebaseline-2026-07-03/sf10-auto/ematix/s100/batch-2/stream-91.md

    NOTE: single-invocation output is SMOKE-GRADE only. For win/loss
    claims use scripts/bench/strict_22q.sh / strict_ab.sh /
    strict_throughput.sh (see scripts/bench/README.md).

--- Q22 ---
  ematix-flow   306.75 ms ±  0.00  (7 rows)

--- Q09 ---
  ematix-flow  3140.53 ms ±  0.00  (175 rows)

--- Q18 ---
  ematix-flow  3463.91 ms ±  0.00  (624 rows)

--- Q01 ---
  ematix-flow  3274.69 ms ±  0.00  (4 rows)

--- Q11 ---
  ematix-flow   303.84 ms ±  0.00  (8685 rows)

--- Q07 ---
  ematix-flow  1310.53 ms ±  0.00  (4 rows)

--- Q02 ---
  ematix-flow   202.01 ms ±  0.00  (4667 rows)

--- Q14 ---
  ematix-flow   305.56 ms ±  0.00  (1 rows)

--- Q21 ---
  ematix-flow  3090.30 ms ±  0.00  (4009 rows)

--- Q10 ---
  ematix-flow  1961.21 ms ±  0.00  (381105 rows)

--- Q12 ---
  ematix-flow   912.03 ms ±  0.00  (2 rows)

--- Q04 ---
  ematix-flow  1154.82 ms ±  0.00  (5 rows)

--- Q05 ---
  ematix-flow  1148.79 ms ±  0.00  (5 rows)

--- Q16 ---
  ematix-flow   721.66 ms ±  0.00  (27840 rows)

--- Q08 ---
  ematix-flow  1174.54 ms ±  0.00  (2 rows)

--- Q17 ---
  ematix-flow  1405.60 ms ±  0.00  (1 rows)

--- Q15 ---
  ematix-flow   436.12 ms ±  0.00  (1 rows)

--- Q13 ---
  ematix-flow  1582.56 ms ±  0.00  (46 rows)

--- Q20 ---
  ematix-flow  1048.22 ms ±  0.00  (1804 rows)

--- Q06 ---
  ematix-flow   487.92 ms ±  0.00  (1 rows)

--- Q19 ---
  ematix-flow   436.62 ms ±  0.00  (1 rows)

--- Q03 ---
  ematix-flow   964.27 ms ±  0.00  (114003 rows)

wrote bench-results/tput-rebaseline-2026-07-03/sf10-auto/ematix/s100/batch-2/stream-91.md
