=== TPC-H 22 triangulation bench ===
    data:    /Users/ryanevans/RustroverProjects/ematix-flow/examples/tpch/data/sf10
    queries: 22 ([4, 19, 21, 13, 11, 20, 22, 18, 14, 15, 9, 6, 2, 17, 12, 1, 16, 8, 10, 5, 7, 3])
    trials:  1 (after 0 warmups)
    output:  bench-results/tput-rebaseline-2026-07-03/sf10-auto/ematix/s100/batch-2/stream-32.md

    NOTE: single-invocation output is SMOKE-GRADE only. For win/loss
    claims use scripts/bench/strict_22q.sh / strict_ab.sh /
    strict_throughput.sh (see scripts/bench/README.md).

--- Q04 ---
  ematix-flow   861.51 ms ±  0.00  (5 rows)

--- Q19 ---
  ematix-flow   408.51 ms ±  0.00  (1 rows)

--- Q21 ---
  ematix-flow  2521.09 ms ±  0.00  (4009 rows)

--- Q13 ---
  ematix-flow  1303.22 ms ±  0.00  (46 rows)

--- Q11 ---
  ematix-flow   162.23 ms ±  0.00  (8685 rows)

--- Q20 ---
  ematix-flow  1061.69 ms ±  0.00  (1804 rows)

--- Q22 ---
  ematix-flow   278.08 ms ±  0.00  (7 rows)

--- Q18 ---
  ematix-flow  3377.42 ms ±  0.00  (624 rows)

--- Q14 ---
  ematix-flow   309.77 ms ±  0.00  (1 rows)

--- Q15 ---
  ematix-flow   537.70 ms ±  0.00  (1 rows)

--- Q09 ---
  ematix-flow  4280.17 ms ±  0.00  (175 rows)

--- Q06 ---
  ematix-flow   562.46 ms ±  0.00  (1 rows)

--- Q02 ---
  ematix-flow   130.41 ms ±  0.00  (4667 rows)

--- Q17 ---
  ematix-flow   624.41 ms ±  0.00  (1 rows)

--- Q12 ---
  ematix-flow   925.41 ms ±  0.00  (2 rows)

--- Q01 ---
  ematix-flow  4102.91 ms ±  0.00  (4 rows)

--- Q16 ---
  ematix-flow   768.89 ms ±  0.00  (27840 rows)

--- Q08 ---
  ematix-flow  1218.58 ms ±  0.00  (2 rows)

--- Q10 ---
  ematix-flow  2020.14 ms ±  0.00  (381105 rows)

--- Q05 ---
  ematix-flow  1414.39 ms ±  0.00  (5 rows)

--- Q07 ---
  ematix-flow  1253.53 ms ±  0.00  (4 rows)

--- Q03 ---
  ematix-flow  1099.30 ms ±  0.00  (114003 rows)

wrote bench-results/tput-rebaseline-2026-07-03/sf10-auto/ematix/s100/batch-2/stream-32.md
