=== TPC-H 22 triangulation bench ===
    data:    /Users/ryanevans/RustroverProjects/ematix-flow/examples/tpch/data/sf10
    queries: 22 ([19, 11, 18, 10, 4, 5, 22, 1, 8, 6, 13, 7, 20, 3, 15, 21, 14, 12, 16, 17, 2, 9])
    trials:  1 (after 0 warmups)
    output:  bench-results/tput-rebaseline-2026-07-03/sf10-auto/ematix/s100/batch-2/stream-52.md

    NOTE: single-invocation output is SMOKE-GRADE only. For win/loss
    claims use scripts/bench/strict_22q.sh / strict_ab.sh /
    strict_throughput.sh (see scripts/bench/README.md).

--- Q19 ---
  ematix-flow   508.13 ms ±  0.00  (1 rows)

--- Q11 ---
  ematix-flow   152.56 ms ±  0.00  (8685 rows)

--- Q18 ---
  ematix-flow  2745.23 ms ±  0.00  (624 rows)

--- Q10 ---
  ematix-flow  1871.34 ms ±  0.00  (381105 rows)

--- Q04 ---
  ematix-flow   735.09 ms ±  0.00  (5 rows)

--- Q05 ---
  ematix-flow  1023.39 ms ±  0.00  (5 rows)

--- Q22 ---
  ematix-flow   201.94 ms ±  0.00  (7 rows)

--- Q01 ---
  ematix-flow  3805.39 ms ±  0.00  (4 rows)

--- Q08 ---
  ematix-flow  1139.12 ms ±  0.00  (2 rows)

--- Q06 ---
  ematix-flow   241.74 ms ±  0.00  (1 rows)

--- Q13 ---
  ematix-flow  1401.46 ms ±  0.00  (46 rows)

--- Q07 ---
  ematix-flow  1133.58 ms ±  0.00  (4 rows)

--- Q20 ---
  ematix-flow  1380.17 ms ±  0.00  (1804 rows)

--- Q03 ---
  ematix-flow  1155.36 ms ±  0.00  (114003 rows)

--- Q15 ---
  ematix-flow   400.26 ms ±  0.00  (1 rows)

--- Q21 ---
  ematix-flow  4137.04 ms ±  0.00  (4009 rows)

--- Q14 ---
  ematix-flow   286.92 ms ±  0.00  (1 rows)

--- Q12 ---
  ematix-flow   725.94 ms ±  0.00  (2 rows)

--- Q16 ---
  ematix-flow   859.18 ms ±  0.00  (27840 rows)

--- Q17 ---
  ematix-flow   715.29 ms ±  0.00  (1 rows)

--- Q02 ---
  ematix-flow   185.89 ms ±  0.00  (4667 rows)

--- Q09 ---
  ematix-flow  4357.15 ms ±  0.00  (175 rows)

wrote bench-results/tput-rebaseline-2026-07-03/sf10-auto/ematix/s100/batch-2/stream-52.md
