=== TPC-H 22 triangulation bench ===
    data:    /Users/ryanevans/RustroverProjects/ematix-flow/examples/tpch/data/sf10
    queries: 22 ([8, 15, 10, 21, 1, 11, 18, 17, 2, 13, 16, 4, 6, 7, 14, 19, 22, 12, 5, 9, 20, 3])
    trials:  1 (after 0 warmups)
    output:  bench-results/tput-rebaseline-2026-07-03/sf10-auto/ematix/s100/batch-2/stream-89.md

    NOTE: single-invocation output is SMOKE-GRADE only. For win/loss
    claims use scripts/bench/strict_22q.sh / strict_ab.sh /
    strict_throughput.sh (see scripts/bench/README.md).

--- Q08 ---
  ematix-flow  1124.06 ms ±  0.00  (2 rows)

--- Q15 ---
  ematix-flow   380.37 ms ±  0.00  (1 rows)

--- Q10 ---
  ematix-flow  1760.38 ms ±  0.00  (381105 rows)

--- Q21 ---
  ematix-flow  3108.13 ms ±  0.00  (4009 rows)

--- Q01 ---
  ematix-flow  3516.98 ms ±  0.00  (4 rows)

--- Q11 ---
  ematix-flow   301.37 ms ±  0.00  (8685 rows)

--- Q18 ---
  ematix-flow  5170.22 ms ±  0.00  (624 rows)

--- Q17 ---
  ematix-flow  1087.78 ms ±  0.00  (1 rows)

--- Q02 ---
  ematix-flow   259.65 ms ±  0.00  (4667 rows)

--- Q13 ---
  ematix-flow  2117.04 ms ±  0.00  (46 rows)

--- Q16 ---
  ematix-flow   797.29 ms ±  0.00  (27840 rows)

--- Q04 ---
  ematix-flow  1189.61 ms ±  0.00  (5 rows)

--- Q06 ---
  ematix-flow   522.97 ms ±  0.00  (1 rows)

--- Q07 ---
  ematix-flow  1213.26 ms ±  0.00  (4 rows)

--- Q14 ---
  ematix-flow   318.28 ms ±  0.00  (1 rows)

--- Q19 ---
  ematix-flow   463.52 ms ±  0.00  (1 rows)

--- Q22 ---
  ematix-flow   432.63 ms ±  0.00  (7 rows)

--- Q12 ---
  ematix-flow   780.22 ms ±  0.00  (2 rows)

--- Q05 ---
  ematix-flow  1210.90 ms ±  0.00  (5 rows)

--- Q09 ---
  ematix-flow  3647.46 ms ±  0.00  (175 rows)

--- Q20 ---
  ematix-flow  1216.87 ms ±  0.00  (1804 rows)

--- Q03 ---
  ematix-flow  1165.11 ms ±  0.00  (114003 rows)

wrote bench-results/tput-rebaseline-2026-07-03/sf10-auto/ematix/s100/batch-2/stream-89.md
