=== TPC-H 22 triangulation bench ===
    data:    /Users/ryanevans/RustroverProjects/ematix-flow/examples/tpch/data/sf10
    queries: 22 ([12, 11, 20, 14, 21, 22, 15, 4, 2, 19, 8, 7, 1, 13, 3, 9, 18, 6, 10, 17, 16, 5])
    trials:  1 (after 0 warmups)
    output:  bench-results/tput-rebaseline-2026-07-03/sf10-auto/ematix/s100/batch-2/stream-82.md

    NOTE: single-invocation output is SMOKE-GRADE only. For win/loss
    claims use scripts/bench/strict_22q.sh / strict_ab.sh /
    strict_throughput.sh (see scripts/bench/README.md).

--- Q12 ---
  ematix-flow   838.42 ms ±  0.00  (2 rows)

--- Q11 ---
  ematix-flow   151.90 ms ±  0.00  (8685 rows)

--- Q20 ---
  ematix-flow  1289.48 ms ±  0.00  (1804 rows)

--- Q14 ---
  ematix-flow   346.19 ms ±  0.00  (1 rows)

--- Q21 ---
  ematix-flow  3037.87 ms ±  0.00  (4009 rows)

--- Q22 ---
  ematix-flow   340.20 ms ±  0.00  (7 rows)

--- Q15 ---
  ematix-flow   424.28 ms ±  0.00  (1 rows)

--- Q04 ---
  ematix-flow   853.90 ms ±  0.00  (5 rows)

--- Q02 ---
  ematix-flow   157.50 ms ±  0.00  (4667 rows)

--- Q19 ---
  ematix-flow   532.73 ms ±  0.00  (1 rows)

--- Q08 ---
  ematix-flow  1011.66 ms ±  0.00  (2 rows)

--- Q07 ---
  ematix-flow   987.92 ms ±  0.00  (4 rows)

--- Q01 ---
  ematix-flow  3976.73 ms ±  0.00  (4 rows)

--- Q13 ---
  ematix-flow  1576.33 ms ±  0.00  (46 rows)

--- Q03 ---
  ematix-flow   969.99 ms ±  0.00  (114003 rows)

--- Q09 ---
  ematix-flow  5155.31 ms ±  0.00  (175 rows)

--- Q18 ---
  ematix-flow  4987.02 ms ±  0.00  (624 rows)

--- Q06 ---
  ematix-flow   432.56 ms ±  0.00  (1 rows)

--- Q10 ---
  ematix-flow  2288.05 ms ±  0.00  (381105 rows)

--- Q17 ---
  ematix-flow   758.50 ms ±  0.00  (1 rows)

--- Q16 ---
  ematix-flow   399.80 ms ±  0.00  (27840 rows)

--- Q05 ---
  ematix-flow  1185.17 ms ±  0.00  (5 rows)

wrote bench-results/tput-rebaseline-2026-07-03/sf10-auto/ematix/s100/batch-2/stream-82.md
