=== TPC-H 22 triangulation bench ===
    data:    /Users/ryanevans/RustroverProjects/ematix-flow/examples/tpch/data/sf10
    queries: 22 ([11, 1, 3, 19, 17, 4, 15, 14, 10, 9, 20, 12, 16, 2, 21, 5, 18, 8, 6, 7, 22, 13])
    trials:  1 (after 0 warmups)
    output:  bench-results/tput-rebaseline-2026-07-03/sf10-auto/ematix/s100/batch-2/stream-99.md

    NOTE: single-invocation output is SMOKE-GRADE only. For win/loss
    claims use scripts/bench/strict_22q.sh / strict_ab.sh /
    strict_throughput.sh (see scripts/bench/README.md).

--- Q11 ---
  ematix-flow   152.02 ms ±  0.00  (8685 rows)

--- Q01 ---
  ematix-flow  3318.64 ms ±  0.00  (4 rows)

--- Q03 ---
  ematix-flow  1539.22 ms ±  0.00  (114003 rows)

--- Q19 ---
  ematix-flow   435.29 ms ±  0.00  (1 rows)

--- Q17 ---
  ematix-flow   781.29 ms ±  0.00  (1 rows)

--- Q04 ---
  ematix-flow   939.28 ms ±  0.00  (5 rows)

--- Q15 ---
  ematix-flow   401.19 ms ±  0.00  (1 rows)

--- Q14 ---
  ematix-flow   288.97 ms ±  0.00  (1 rows)

--- Q10 ---
  ematix-flow  1954.95 ms ±  0.00  (381105 rows)

--- Q09 ---
  ematix-flow  4273.42 ms ±  0.00  (175 rows)

--- Q20 ---
  ematix-flow  1422.99 ms ±  0.00  (1804 rows)

--- Q12 ---
  ematix-flow  1011.31 ms ±  0.00  (2 rows)

--- Q16 ---
  ematix-flow   743.92 ms ±  0.00  (27840 rows)

--- Q02 ---
  ematix-flow   228.43 ms ±  0.00  (4667 rows)

--- Q21 ---
  ematix-flow  3214.28 ms ±  0.00  (4009 rows)

--- Q05 ---
  ematix-flow  1481.30 ms ±  0.00  (5 rows)

--- Q18 ---
  ematix-flow  2205.15 ms ±  0.00  (624 rows)

--- Q08 ---
  ematix-flow   591.21 ms ±  0.00  (2 rows)

--- Q06 ---
  ematix-flow   123.66 ms ±  0.00  (1 rows)

--- Q07 ---
  ematix-flow   523.37 ms ±  0.00  (4 rows)

--- Q22 ---
  ematix-flow   104.03 ms ±  0.00  (7 rows)

--- Q13 ---
  ematix-flow   244.37 ms ±  0.00  (46 rows)

wrote bench-results/tput-rebaseline-2026-07-03/sf10-auto/ematix/s100/batch-2/stream-99.md
