=== TPC-H 22 triangulation bench ===
    data:    /Users/ryanevans/RustroverProjects/ematix-flow/examples/tpch/data/sf10
    queries: 22 ([4, 16, 21, 5, 1, 14, 12, 19, 2, 3, 10, 11, 8, 9, 13, 6, 7, 17, 20, 22, 18, 15])
    trials:  1 (after 0 warmups)
    output:  bench-results/tput-rebaseline-2026-07-03/sf10-auto/ematix/s100/batch-2/stream-11.md

    NOTE: single-invocation output is SMOKE-GRADE only. For win/loss
    claims use scripts/bench/strict_22q.sh / strict_ab.sh /
    strict_throughput.sh (see scripts/bench/README.md).

--- Q04 ---
  ematix-flow  1005.37 ms ±  0.00  (5 rows)

--- Q16 ---
  ematix-flow   564.77 ms ±  0.00  (27840 rows)

--- Q21 ---
  ematix-flow  2930.32 ms ±  0.00  (4009 rows)

--- Q05 ---
  ematix-flow  1213.13 ms ±  0.00  (5 rows)

--- Q01 ---
  ematix-flow  2769.35 ms ±  0.00  (4 rows)

--- Q14 ---
  ematix-flow   358.80 ms ±  0.00  (1 rows)

--- Q12 ---
  ematix-flow   739.80 ms ±  0.00  (2 rows)

--- Q19 ---
  ematix-flow   449.96 ms ±  0.00  (1 rows)

--- Q02 ---
  ematix-flow    95.76 ms ±  0.00  (4667 rows)

--- Q03 ---
  ematix-flow  1465.85 ms ±  0.00  (114003 rows)

--- Q10 ---
  ematix-flow  2157.86 ms ±  0.00  (381105 rows)

--- Q11 ---
  ematix-flow   180.16 ms ±  0.00  (8685 rows)

--- Q08 ---
  ematix-flow  1077.85 ms ±  0.00  (2 rows)

--- Q09 ---
  ematix-flow  3721.87 ms ±  0.00  (175 rows)

--- Q13 ---
  ematix-flow  1530.88 ms ±  0.00  (46 rows)

--- Q06 ---
  ematix-flow   236.12 ms ±  0.00  (1 rows)

--- Q07 ---
  ematix-flow  1218.98 ms ±  0.00  (4 rows)

--- Q17 ---
  ematix-flow  1129.04 ms ±  0.00  (1 rows)

--- Q20 ---
  ematix-flow   979.60 ms ±  0.00  (1804 rows)

--- Q22 ---
  ematix-flow   425.79 ms ±  0.00  (7 rows)

--- Q18 ---
  ematix-flow  7519.19 ms ±  0.00  (624 rows)

--- Q15 ---
  ematix-flow   455.94 ms ±  0.00  (1 rows)

wrote bench-results/tput-rebaseline-2026-07-03/sf10-auto/ematix/s100/batch-2/stream-11.md
