=== TPC-H 22 triangulation bench ===
    data:    /Users/ryanevans/RustroverProjects/ematix-flow/examples/tpch/data/sf10
    queries: 22 ([18, 19, 4, 13, 12, 6, 7, 17, 20, 5, 21, 15, 8, 2, 1, 11, 10, 3, 22, 16, 14, 9])
    trials:  1 (after 0 warmups)
    output:  bench-results/tput-rebaseline-2026-07-03/sf10-auto/ematix/s100/batch-2/stream-45.md

    NOTE: single-invocation output is SMOKE-GRADE only. For win/loss
    claims use scripts/bench/strict_22q.sh / strict_ab.sh /
    strict_throughput.sh (see scripts/bench/README.md).

--- Q18 ---
  ematix-flow  3118.89 ms ±  0.00  (624 rows)

--- Q19 ---
  ematix-flow   385.46 ms ±  0.00  (1 rows)

--- Q04 ---
  ematix-flow   869.53 ms ±  0.00  (5 rows)

--- Q13 ---
  ematix-flow  1452.94 ms ±  0.00  (46 rows)

--- Q12 ---
  ematix-flow   586.44 ms ±  0.00  (2 rows)

--- Q06 ---
  ematix-flow   250.19 ms ±  0.00  (1 rows)

--- Q07 ---
  ematix-flow  1543.62 ms ±  0.00  (4 rows)

--- Q17 ---
  ematix-flow   901.40 ms ±  0.00  (1 rows)

--- Q20 ---
  ematix-flow  1159.58 ms ±  0.00  (1804 rows)

--- Q05 ---
  ematix-flow  1396.47 ms ±  0.00  (5 rows)

--- Q21 ---
  ematix-flow  2930.30 ms ±  0.00  (4009 rows)

--- Q15 ---
  ematix-flow   477.15 ms ±  0.00  (1 rows)

--- Q08 ---
  ematix-flow  1140.31 ms ±  0.00  (2 rows)

--- Q02 ---
  ematix-flow   129.78 ms ±  0.00  (4667 rows)

--- Q01 ---
  ematix-flow  4985.14 ms ±  0.00  (4 rows)

--- Q11 ---
  ematix-flow   255.34 ms ±  0.00  (8685 rows)

--- Q10 ---
  ematix-flow  1978.00 ms ±  0.00  (381105 rows)

--- Q03 ---
  ematix-flow  1073.44 ms ±  0.00  (114003 rows)

--- Q22 ---
  ematix-flow   375.88 ms ±  0.00  (7 rows)

--- Q16 ---
  ematix-flow   766.87 ms ±  0.00  (27840 rows)

--- Q14 ---
  ematix-flow   303.30 ms ±  0.00  (1 rows)

--- Q09 ---
  ematix-flow  2965.42 ms ±  0.00  (175 rows)

wrote bench-results/tput-rebaseline-2026-07-03/sf10-auto/ematix/s100/batch-2/stream-45.md
