=== TPC-H 22 triangulation bench ===
    data:    /Users/ryanevans/RustroverProjects/ematix-flow/examples/tpch/data/sf10
    queries: 22 ([12, 1, 7, 9, 3, 19, 13, 5, 21, 8, 2, 16, 18, 14, 15, 6, 10, 22, 11, 4, 17, 20])
    trials:  1 (after 0 warmups)
    output:  bench-results/tput-rebaseline-2026-07-03/sf10-auto/ematix/s100/batch-2/stream-74.md

    NOTE: single-invocation output is SMOKE-GRADE only. For win/loss
    claims use scripts/bench/strict_22q.sh / strict_ab.sh /
    strict_throughput.sh (see scripts/bench/README.md).

--- Q12 ---
  ematix-flow   725.78 ms ±  0.00  (2 rows)

--- Q01 ---
  ematix-flow  2946.51 ms ±  0.00  (4 rows)

--- Q07 ---
  ematix-flow  1184.36 ms ±  0.00  (4 rows)

--- Q09 ---
  ematix-flow  2966.01 ms ±  0.00  (175 rows)

--- Q03 ---
  ematix-flow  1441.18 ms ±  0.00  (114003 rows)

--- Q19 ---
  ematix-flow   552.03 ms ±  0.00  (1 rows)

--- Q13 ---
  ematix-flow  1525.77 ms ±  0.00  (46 rows)

--- Q05 ---
  ematix-flow  1270.61 ms ±  0.00  (5 rows)

--- Q21 ---
  ematix-flow  2743.54 ms ±  0.00  (4009 rows)

--- Q08 ---
  ematix-flow  1192.82 ms ±  0.00  (2 rows)

--- Q02 ---
  ematix-flow   156.41 ms ±  0.00  (4667 rows)

--- Q16 ---
  ematix-flow   622.35 ms ±  0.00  (27840 rows)

--- Q18 ---
  ematix-flow  4202.59 ms ±  0.00  (624 rows)

--- Q14 ---
  ematix-flow   575.74 ms ±  0.00  (1 rows)

--- Q15 ---
  ematix-flow   516.76 ms ±  0.00  (1 rows)

--- Q06 ---
  ematix-flow   357.94 ms ±  0.00  (1 rows)

--- Q10 ---
  ematix-flow  2019.12 ms ±  0.00  (381105 rows)

--- Q22 ---
  ematix-flow   266.55 ms ±  0.00  (7 rows)

--- Q11 ---
  ematix-flow   322.42 ms ±  0.00  (8685 rows)

--- Q04 ---
  ematix-flow   945.01 ms ±  0.00  (5 rows)

--- Q17 ---
  ematix-flow   584.09 ms ±  0.00  (1 rows)

--- Q20 ---
  ematix-flow  1372.30 ms ±  0.00  (1804 rows)

wrote bench-results/tput-rebaseline-2026-07-03/sf10-auto/ematix/s100/batch-2/stream-74.md
