=== TPC-H 22 triangulation bench ===
    data:    /Users/ryanevans/RustroverProjects/ematix-flow/examples/tpch/data/sf10
    queries: 22 ([19, 17, 21, 1, 8, 6, 7, 20, 18, 5, 4, 11, 14, 2, 12, 13, 3, 16, 9, 10, 22, 15])
    trials:  1 (after 0 warmups)
    output:  bench-results/tput-rebaseline-2026-07-03/sf10-auto/ematix/s100/batch-2/stream-63.md

    NOTE: single-invocation output is SMOKE-GRADE only. For win/loss
    claims use scripts/bench/strict_22q.sh / strict_ab.sh /
    strict_throughput.sh (see scripts/bench/README.md).

--- Q19 ---
  ematix-flow   552.37 ms ±  0.00  (1 rows)

--- Q17 ---
  ematix-flow   892.14 ms ±  0.00  (1 rows)

--- Q21 ---
  ematix-flow  2968.71 ms ±  0.00  (4009 rows)

--- Q01 ---
  ematix-flow  3156.73 ms ±  0.00  (4 rows)

--- Q08 ---
  ematix-flow  1161.60 ms ±  0.00  (2 rows)

--- Q06 ---
  ematix-flow   260.46 ms ±  0.00  (1 rows)

--- Q07 ---
  ematix-flow  1182.01 ms ±  0.00  (4 rows)

--- Q20 ---
  ematix-flow  1121.77 ms ±  0.00  (1804 rows)

--- Q18 ---
  ematix-flow  3172.37 ms ±  0.00  (624 rows)

--- Q05 ---
  ematix-flow  1380.10 ms ±  0.00  (5 rows)

--- Q04 ---
  ematix-flow   988.76 ms ±  0.00  (5 rows)

--- Q11 ---
  ematix-flow   263.80 ms ±  0.00  (8685 rows)

--- Q14 ---
  ematix-flow   280.84 ms ±  0.00  (1 rows)

--- Q02 ---
  ematix-flow    85.76 ms ±  0.00  (4667 rows)

--- Q12 ---
  ematix-flow  1140.21 ms ±  0.00  (2 rows)

--- Q13 ---
  ematix-flow  2087.23 ms ±  0.00  (46 rows)

--- Q03 ---
  ematix-flow  1038.11 ms ±  0.00  (114003 rows)

--- Q16 ---
  ematix-flow   643.54 ms ±  0.00  (27840 rows)

--- Q09 ---
  ematix-flow  7675.60 ms ±  0.00  (175 rows)

--- Q10 ---
  ematix-flow  2387.25 ms ±  0.00  (381105 rows)

--- Q22 ---
  ematix-flow   233.81 ms ±  0.00  (7 rows)

--- Q15 ---
  ematix-flow   499.20 ms ±  0.00  (1 rows)

wrote bench-results/tput-rebaseline-2026-07-03/sf10-auto/ematix/s100/batch-2/stream-63.md
