=== TPC-H 22 triangulation bench ===
    data:    /Users/ryanevans/RustroverProjects/ematix-flow/examples/tpch/data/sf10
    queries: 22 ([1, 8, 5, 4, 9, 3, 7, 10, 13, 18, 6, 12, 20, 11, 21, 16, 17, 2, 22, 14, 19, 15])
    trials:  1 (after 0 warmups)
    output:  bench-results/tput-rebaseline-2026-07-03/sf10-auto/ematix/s100/batch-2/stream-75.md

    NOTE: single-invocation output is SMOKE-GRADE only. For win/loss
    claims use scripts/bench/strict_22q.sh / strict_ab.sh /
    strict_throughput.sh (see scripts/bench/README.md).

--- Q01 ---
  ematix-flow  3118.14 ms ±  0.00  (4 rows)

--- Q08 ---
  ematix-flow  1125.11 ms ±  0.00  (2 rows)

--- Q05 ---
  ematix-flow  1334.07 ms ±  0.00  (5 rows)

--- Q04 ---
  ematix-flow   805.02 ms ±  0.00  (5 rows)

--- Q09 ---
  ematix-flow  3433.69 ms ±  0.00  (175 rows)

--- Q03 ---
  ematix-flow  1330.22 ms ±  0.00  (114003 rows)

--- Q07 ---
  ematix-flow  1031.23 ms ±  0.00  (4 rows)

--- Q10 ---
  ematix-flow  1782.25 ms ±  0.00  (381105 rows)

--- Q13 ---
  ematix-flow  1959.29 ms ±  0.00  (46 rows)

--- Q18 ---
  ematix-flow  4030.60 ms ±  0.00  (624 rows)

--- Q06 ---
  ematix-flow   422.68 ms ±  0.00  (1 rows)

--- Q12 ---
  ematix-flow   811.62 ms ±  0.00  (2 rows)

--- Q20 ---
  ematix-flow  1508.61 ms ±  0.00  (1804 rows)

--- Q11 ---
  ematix-flow   209.40 ms ±  0.00  (8685 rows)

--- Q21 ---
  ematix-flow  3357.92 ms ±  0.00  (4009 rows)

--- Q16 ---
  ematix-flow   346.84 ms ±  0.00  (27840 rows)

--- Q17 ---
  ematix-flow   840.59 ms ±  0.00  (1 rows)

--- Q02 ---
  ematix-flow   163.88 ms ±  0.00  (4667 rows)

--- Q22 ---
  ematix-flow   443.79 ms ±  0.00  (7 rows)

--- Q14 ---
  ematix-flow   264.21 ms ±  0.00  (1 rows)

--- Q19 ---
  ematix-flow   468.94 ms ±  0.00  (1 rows)

--- Q15 ---
  ematix-flow   467.63 ms ±  0.00  (1 rows)

wrote bench-results/tput-rebaseline-2026-07-03/sf10-auto/ematix/s100/batch-2/stream-75.md
