=== TPC-H 22 triangulation bench ===
    data:    /Users/ryanevans/RustroverProjects/ematix-flow/examples/tpch/data/sf10
    queries: 22 ([22, 17, 14, 10, 9, 16, 4, 8, 1, 5, 3, 12, 2, 15, 11, 18, 21, 20, 7, 6, 19, 13])
    trials:  1 (after 0 warmups)
    output:  bench-results/tput-rebaseline-2026-07-03/sf10-auto/ematix/s100/batch-2/stream-24.md

    NOTE: single-invocation output is SMOKE-GRADE only. For win/loss
    claims use scripts/bench/strict_22q.sh / strict_ab.sh /
    strict_throughput.sh (see scripts/bench/README.md).

--- Q22 ---
  ematix-flow   365.18 ms ±  0.00  (7 rows)

--- Q17 ---
  ematix-flow   998.70 ms ±  0.00  (1 rows)

--- Q14 ---
  ematix-flow   288.61 ms ±  0.00  (1 rows)

--- Q10 ---
  ematix-flow  1730.82 ms ±  0.00  (381105 rows)

--- Q09 ---
  ematix-flow  3214.67 ms ±  0.00  (175 rows)

--- Q16 ---
  ematix-flow   651.24 ms ±  0.00  (27840 rows)

--- Q04 ---
  ematix-flow   886.17 ms ±  0.00  (5 rows)

--- Q08 ---
  ematix-flow  1214.61 ms ±  0.00  (2 rows)

--- Q01 ---
  ematix-flow  3101.63 ms ±  0.00  (4 rows)

--- Q05 ---
  ematix-flow  1269.27 ms ±  0.00  (5 rows)

--- Q03 ---
  ematix-flow  1047.66 ms ±  0.00  (114003 rows)

--- Q12 ---
  ematix-flow   844.11 ms ±  0.00  (2 rows)

--- Q02 ---
  ematix-flow   190.97 ms ±  0.00  (4667 rows)

--- Q15 ---
  ematix-flow   502.12 ms ±  0.00  (1 rows)

--- Q11 ---
  ematix-flow   146.26 ms ±  0.00  (8685 rows)

--- Q18 ---
  ematix-flow  4778.79 ms ±  0.00  (624 rows)

--- Q21 ---
  ematix-flow  3417.51 ms ±  0.00  (4009 rows)

--- Q20 ---
  ematix-flow  1453.62 ms ±  0.00  (1804 rows)

--- Q07 ---
  ematix-flow  1139.81 ms ±  0.00  (4 rows)

--- Q06 ---
  ematix-flow   511.21 ms ±  0.00  (1 rows)

--- Q19 ---
  ematix-flow   446.01 ms ±  0.00  (1 rows)

--- Q13 ---
  ematix-flow  1308.27 ms ±  0.00  (46 rows)

wrote bench-results/tput-rebaseline-2026-07-03/sf10-auto/ematix/s100/batch-2/stream-24.md
