=== TPC-H 22 triangulation bench ===
    data:    /Users/ryanevans/RustroverProjects/ematix-flow/examples/tpch/data/sf10
    queries: 22 ([14, 17, 22, 7, 21, 4, 11, 2, 16, 5, 1, 13, 18, 9, 20, 12, 10, 15, 8, 3, 6, 19])
    trials:  1 (after 0 warmups)
    output:  bench-results/tput-rebaseline-2026-07-03/sf10-auto/ematix/s100/batch-2/stream-62.md

    NOTE: single-invocation output is SMOKE-GRADE only. For win/loss
    claims use scripts/bench/strict_22q.sh / strict_ab.sh /
    strict_throughput.sh (see scripts/bench/README.md).

--- Q14 ---
  ematix-flow   338.40 ms ±  0.00  (1 rows)

--- Q17 ---
  ematix-flow   904.92 ms ±  0.00  (1 rows)

--- Q22 ---
  ematix-flow   506.99 ms ±  0.00  (7 rows)

--- Q07 ---
  ematix-flow  1204.73 ms ±  0.00  (4 rows)

--- Q21 ---
  ematix-flow  2623.00 ms ±  0.00  (4009 rows)

--- Q04 ---
  ematix-flow   682.25 ms ±  0.00  (5 rows)

--- Q11 ---
  ematix-flow   192.81 ms ±  0.00  (8685 rows)

--- Q02 ---
  ematix-flow   149.93 ms ±  0.00  (4667 rows)

--- Q16 ---
  ematix-flow   477.06 ms ±  0.00  (27840 rows)

--- Q05 ---
  ematix-flow  1322.76 ms ±  0.00  (5 rows)

--- Q01 ---
  ematix-flow  2866.12 ms ±  0.00  (4 rows)

--- Q13 ---
  ematix-flow  1397.57 ms ±  0.00  (46 rows)

--- Q18 ---
  ematix-flow  4360.98 ms ±  0.00  (624 rows)

--- Q09 ---
  ematix-flow  5045.94 ms ±  0.00  (175 rows)

--- Q20 ---
  ematix-flow  1162.32 ms ±  0.00  (1804 rows)

--- Q12 ---
  ematix-flow   655.68 ms ±  0.00  (2 rows)

--- Q10 ---
  ematix-flow  2589.87 ms ±  0.00  (381105 rows)

--- Q15 ---
  ematix-flow   381.57 ms ±  0.00  (1 rows)

--- Q08 ---
  ematix-flow  1551.53 ms ±  0.00  (2 rows)

--- Q03 ---
  ematix-flow  1564.20 ms ±  0.00  (114003 rows)

--- Q06 ---
  ematix-flow   461.56 ms ±  0.00  (1 rows)

--- Q19 ---
  ematix-flow   588.19 ms ±  0.00  (1 rows)

wrote bench-results/tput-rebaseline-2026-07-03/sf10-auto/ematix/s100/batch-2/stream-62.md
