=== TPC-H 22 triangulation bench ===
    data:    /Users/ryanevans/RustroverProjects/ematix-flow/examples/tpch/data/sf10
    queries: 22 ([5, 15, 14, 17, 9, 3, 4, 19, 2, 22, 21, 8, 1, 12, 13, 20, 10, 11, 7, 18, 6, 16])
    trials:  1 (after 0 warmups)
    output:  bench-results/tput-rebaseline-2026-07-03/sf10-auto/ematix/s100/batch-2/stream-61.md

    NOTE: single-invocation output is SMOKE-GRADE only. For win/loss
    claims use scripts/bench/strict_22q.sh / strict_ab.sh /
    strict_throughput.sh (see scripts/bench/README.md).

--- Q05 ---
  ematix-flow  1244.02 ms ±  0.00  (5 rows)

--- Q15 ---
  ematix-flow   412.08 ms ±  0.00  (1 rows)

--- Q14 ---
  ematix-flow   234.62 ms ±  0.00  (1 rows)

--- Q17 ---
  ematix-flow   963.70 ms ±  0.00  (1 rows)

--- Q09 ---
  ematix-flow  3234.01 ms ±  0.00  (175 rows)

--- Q03 ---
  ematix-flow  1024.88 ms ±  0.00  (114003 rows)

--- Q04 ---
  ematix-flow   683.55 ms ±  0.00  (5 rows)

--- Q19 ---
  ematix-flow   335.48 ms ±  0.00  (1 rows)

--- Q02 ---
  ematix-flow   106.51 ms ±  0.00  (4667 rows)

--- Q22 ---
  ematix-flow   297.83 ms ±  0.00  (7 rows)

--- Q21 ---
  ematix-flow  2734.91 ms ±  0.00  (4009 rows)

--- Q08 ---
  ematix-flow  1146.71 ms ±  0.00  (2 rows)

--- Q01 ---
  ematix-flow  3334.36 ms ±  0.00  (4 rows)

--- Q12 ---
  ematix-flow   789.16 ms ±  0.00  (2 rows)

--- Q13 ---
  ematix-flow  1810.19 ms ±  0.00  (46 rows)

--- Q20 ---
  ematix-flow  1370.43 ms ±  0.00  (1804 rows)

--- Q10 ---
  ematix-flow  2068.22 ms ±  0.00  (381105 rows)

--- Q11 ---
  ematix-flow   777.02 ms ±  0.00  (8685 rows)

--- Q07 ---
  ematix-flow  1324.26 ms ±  0.00  (4 rows)

--- Q18 ---
  ematix-flow  6343.19 ms ±  0.00  (624 rows)

--- Q06 ---
  ematix-flow   956.92 ms ±  0.00  (1 rows)

--- Q16 ---
  ematix-flow   755.97 ms ±  0.00  (27840 rows)

wrote bench-results/tput-rebaseline-2026-07-03/sf10-auto/ematix/s100/batch-2/stream-61.md
