=== TPC-H 22 triangulation bench ===
    data:    /Users/ryanevans/RustroverProjects/ematix-flow/examples/tpch/data/sf10
    queries: 22 ([2, 9, 10, 17, 1, 22, 13, 21, 20, 12, 5, 14, 3, 18, 19, 16, 7, 8, 11, 15, 4, 6])
    trials:  1 (after 0 warmups)
    output:  bench-results/tput-rebaseline-2026-07-03/sf10-auto/ematix/s100/batch-2/stream-18.md

    NOTE: single-invocation output is SMOKE-GRADE only. For win/loss
    claims use scripts/bench/strict_22q.sh / strict_ab.sh /
    strict_throughput.sh (see scripts/bench/README.md).

--- Q02 ---
  ematix-flow    97.12 ms ±  0.00  (4667 rows)

--- Q09 ---
  ematix-flow  2565.03 ms ±  0.00  (175 rows)

--- Q10 ---
  ematix-flow  1420.32 ms ±  0.00  (381105 rows)

--- Q17 ---
  ematix-flow   941.72 ms ±  0.00  (1 rows)

--- Q01 ---
  ematix-flow  3341.01 ms ±  0.00  (4 rows)

--- Q22 ---
  ematix-flow   592.87 ms ±  0.00  (7 rows)

--- Q13 ---
  ematix-flow  1432.97 ms ±  0.00  (46 rows)

--- Q21 ---
  ematix-flow  3539.36 ms ±  0.00  (4009 rows)

--- Q20 ---
  ematix-flow  1371.49 ms ±  0.00  (1804 rows)

--- Q12 ---
  ematix-flow   859.76 ms ±  0.00  (2 rows)

--- Q05 ---
  ematix-flow  1302.41 ms ±  0.00  (5 rows)

--- Q14 ---
  ematix-flow   330.93 ms ±  0.00  (1 rows)

--- Q03 ---
  ematix-flow  1285.55 ms ±  0.00  (114003 rows)

--- Q18 ---
  ematix-flow  6054.45 ms ±  0.00  (624 rows)

--- Q19 ---
  ematix-flow   595.04 ms ±  0.00  (1 rows)

--- Q16 ---
  ematix-flow   711.41 ms ±  0.00  (27840 rows)

--- Q07 ---
  ematix-flow  1691.24 ms ±  0.00  (4 rows)

--- Q08 ---
  ematix-flow  1253.21 ms ±  0.00  (2 rows)

--- Q11 ---
  ematix-flow   123.14 ms ±  0.00  (8685 rows)

--- Q15 ---
  ematix-flow   444.46 ms ±  0.00  (1 rows)

--- Q04 ---
  ematix-flow   643.05 ms ±  0.00  (5 rows)

--- Q06 ---
  ematix-flow   307.23 ms ±  0.00  (1 rows)

wrote bench-results/tput-rebaseline-2026-07-03/sf10-auto/ematix/s100/batch-2/stream-18.md
