=== TPC-H 22 triangulation bench ===
    data:    /Users/ryanevans/RustroverProjects/ematix-flow/examples/tpch/data/sf10
    queries: 22 ([12, 11, 16, 4, 21, 14, 20, 22, 9, 1, 18, 5, 6, 13, 3, 7, 10, 8, 2, 17, 19, 15])
    trials:  1 (after 0 warmups)
    output:  bench-results/tput-rebaseline-2026-07-03/sf10-auto/ematix/s100/batch-2/stream-40.md

    NOTE: single-invocation output is SMOKE-GRADE only. For win/loss
    claims use scripts/bench/strict_22q.sh / strict_ab.sh /
    strict_throughput.sh (see scripts/bench/README.md).

--- Q12 ---
  ematix-flow   791.30 ms ±  0.00  (2 rows)

--- Q11 ---
  ematix-flow   159.18 ms ±  0.00  (8685 rows)

--- Q16 ---
  ematix-flow   331.83 ms ±  0.00  (27840 rows)

--- Q04 ---
  ematix-flow   664.93 ms ±  0.00  (5 rows)

--- Q21 ---
  ematix-flow  2111.84 ms ±  0.00  (4009 rows)

--- Q14 ---
  ematix-flow   268.15 ms ±  0.00  (1 rows)

--- Q20 ---
  ematix-flow  1315.74 ms ±  0.00  (1804 rows)

--- Q22 ---
  ematix-flow   312.26 ms ±  0.00  (7 rows)

--- Q09 ---
  ematix-flow  3838.92 ms ±  0.00  (175 rows)

--- Q01 ---
  ematix-flow  4398.83 ms ±  0.00  (4 rows)

--- Q18 ---
  ematix-flow  4641.46 ms ±  0.00  (624 rows)

--- Q05 ---
  ematix-flow  1272.16 ms ±  0.00  (5 rows)

--- Q06 ---
  ematix-flow   490.15 ms ±  0.00  (1 rows)

--- Q13 ---
  ematix-flow  1708.80 ms ±  0.00  (46 rows)

--- Q03 ---
  ematix-flow  1422.33 ms ±  0.00  (114003 rows)

--- Q07 ---
  ematix-flow  1256.22 ms ±  0.00  (4 rows)

--- Q10 ---
  ematix-flow  1774.11 ms ±  0.00  (381105 rows)

--- Q08 ---
  ematix-flow  1144.11 ms ±  0.00  (2 rows)

--- Q02 ---
  ematix-flow   117.11 ms ±  0.00  (4667 rows)

--- Q17 ---
  ematix-flow   735.50 ms ±  0.00  (1 rows)

--- Q19 ---
  ematix-flow   446.78 ms ±  0.00  (1 rows)

--- Q15 ---
  ematix-flow   388.57 ms ±  0.00  (1 rows)

wrote bench-results/tput-rebaseline-2026-07-03/sf10-auto/ematix/s100/batch-2/stream-40.md
