=== TPC-H 22 triangulation bench ===
    data:    /Users/ryanevans/RustroverProjects/ematix-flow/examples/tpch/data/sf10
    queries: 22 ([21, 20, 4, 6, 16, 5, 19, 8, 13, 15, 9, 2, 7, 12, 14, 10, 17, 3, 22, 11, 18, 1])
    trials:  1 (after 0 warmups)
    output:  bench-results/tput-rebaseline-2026-07-03/sf10-auto/ematix/s100/batch-2/stream-86.md

    NOTE: single-invocation output is SMOKE-GRADE only. For win/loss
    claims use scripts/bench/strict_22q.sh / strict_ab.sh /
    strict_throughput.sh (see scripts/bench/README.md).

--- Q21 ---
  ematix-flow  2676.86 ms ±  0.00  (4009 rows)

--- Q20 ---
  ematix-flow  1399.47 ms ±  0.00  (1804 rows)

--- Q04 ---
  ematix-flow   743.25 ms ±  0.00  (5 rows)

--- Q06 ---
  ematix-flow   266.72 ms ±  0.00  (1 rows)

--- Q16 ---
  ematix-flow   374.43 ms ±  0.00  (27840 rows)

--- Q05 ---
  ematix-flow  1247.67 ms ±  0.00  (5 rows)

--- Q19 ---
  ematix-flow   397.16 ms ±  0.00  (1 rows)

--- Q08 ---
  ematix-flow  1022.77 ms ±  0.00  (2 rows)

--- Q13 ---
  ematix-flow  1928.95 ms ±  0.00  (46 rows)

--- Q15 ---
  ematix-flow   523.73 ms ±  0.00  (1 rows)

--- Q09 ---
  ematix-flow  3649.43 ms ±  0.00  (175 rows)

--- Q02 ---
  ematix-flow   158.02 ms ±  0.00  (4667 rows)

--- Q07 ---
  ematix-flow  1592.32 ms ±  0.00  (4 rows)

--- Q12 ---
  ematix-flow  1034.75 ms ±  0.00  (2 rows)

--- Q14 ---
  ematix-flow   342.11 ms ±  0.00  (1 rows)

--- Q10 ---
  ematix-flow  2184.75 ms ±  0.00  (381105 rows)

--- Q17 ---
  ematix-flow  1148.24 ms ±  0.00  (1 rows)

--- Q03 ---
  ematix-flow  1334.71 ms ±  0.00  (114003 rows)

--- Q22 ---
  ematix-flow   566.91 ms ±  0.00  (7 rows)

--- Q11 ---
  ematix-flow   273.35 ms ±  0.00  (8685 rows)

--- Q18 ---
  ematix-flow  4213.56 ms ±  0.00  (624 rows)

--- Q01 ---
  ematix-flow  3397.46 ms ±  0.00  (4 rows)

wrote bench-results/tput-rebaseline-2026-07-03/sf10-auto/ematix/s100/batch-2/stream-86.md
