=== TPC-H 22 triangulation bench ===
    data:    /Users/ryanevans/RustroverProjects/ematix-flow/examples/tpch/data/sf10
    queries: 22 ([2, 4, 15, 18, 17, 14, 21, 16, 3, 6, 5, 11, 19, 10, 12, 20, 8, 22, 1, 13, 9, 7])
    trials:  1 (after 0 warmups)
    output:  bench-results/tput-rebaseline-2026-07-03/sf10-auto/ematix/s100/batch-2/stream-39.md

    NOTE: single-invocation output is SMOKE-GRADE only. For win/loss
    claims use scripts/bench/strict_22q.sh / strict_ab.sh /
    strict_throughput.sh (see scripts/bench/README.md).

--- Q02 ---
  ematix-flow    62.70 ms ±  0.00  (4667 rows)

--- Q04 ---
  ematix-flow   882.93 ms ±  0.00  (5 rows)

--- Q15 ---
  ematix-flow   344.75 ms ±  0.00  (1 rows)

--- Q18 ---
  ematix-flow  2919.82 ms ±  0.00  (624 rows)

--- Q17 ---
  ematix-flow   822.50 ms ±  0.00  (1 rows)

--- Q14 ---
  ematix-flow   356.73 ms ±  0.00  (1 rows)

--- Q21 ---
  ematix-flow  3854.40 ms ±  0.00  (4009 rows)

--- Q16 ---
  ematix-flow   656.50 ms ±  0.00  (27840 rows)

--- Q03 ---
  ematix-flow  1494.63 ms ±  0.00  (114003 rows)

--- Q06 ---
  ematix-flow   879.58 ms ±  0.00  (1 rows)

--- Q05 ---
  ematix-flow  1398.82 ms ±  0.00  (5 rows)

--- Q11 ---
  ematix-flow   177.69 ms ±  0.00  (8685 rows)

--- Q19 ---
  ematix-flow   653.99 ms ±  0.00  (1 rows)

--- Q10 ---
  ematix-flow  1457.59 ms ±  0.00  (381105 rows)

--- Q12 ---
  ematix-flow   800.60 ms ±  0.00  (2 rows)

--- Q20 ---
  ematix-flow  1004.20 ms ±  0.00  (1804 rows)

--- Q08 ---
  ematix-flow   814.17 ms ±  0.00  (2 rows)

--- Q22 ---
  ematix-flow   395.52 ms ±  0.00  (7 rows)

--- Q01 ---
  ematix-flow  4113.98 ms ±  0.00  (4 rows)

--- Q13 ---
  ematix-flow  2096.99 ms ±  0.00  (46 rows)

--- Q09 ---
  ematix-flow  2897.40 ms ±  0.00  (175 rows)

--- Q07 ---
  ematix-flow  1178.66 ms ±  0.00  (4 rows)

wrote bench-results/tput-rebaseline-2026-07-03/sf10-auto/ematix/s100/batch-2/stream-39.md
