=== TPC-H 22 triangulation bench ===
    data:    /Users/ryanevans/RustroverProjects/ematix-flow/examples/tpch/data/sf10
    queries: 22 ([10, 13, 19, 5, 20, 1, 7, 14, 18, 2, 15, 17, 4, 6, 21, 3, 11, 22, 8, 12, 9, 16])
    trials:  1 (after 0 warmups)
    output:  bench-results/tput-rebaseline-2026-07-03/sf10-auto/ematix/s100/batch-2/stream-50.md

    NOTE: single-invocation output is SMOKE-GRADE only. For win/loss
    claims use scripts/bench/strict_22q.sh / strict_ab.sh /
    strict_throughput.sh (see scripts/bench/README.md).

--- Q10 ---
  ematix-flow  1552.43 ms ±  0.00  (381105 rows)

--- Q13 ---
  ematix-flow  1574.45 ms ±  0.00  (46 rows)

--- Q19 ---
  ematix-flow   472.02 ms ±  0.00  (1 rows)

--- Q05 ---
  ematix-flow  1139.23 ms ±  0.00  (5 rows)

--- Q20 ---
  ematix-flow  1511.75 ms ±  0.00  (1804 rows)

--- Q01 ---
  ematix-flow  3192.96 ms ±  0.00  (4 rows)

--- Q07 ---
  ematix-flow  1128.75 ms ±  0.00  (4 rows)

--- Q14 ---
  ematix-flow   338.17 ms ±  0.00  (1 rows)

--- Q18 ---
  ematix-flow  3164.73 ms ±  0.00  (624 rows)

--- Q02 ---
  ematix-flow   283.25 ms ±  0.00  (4667 rows)

--- Q15 ---
  ematix-flow   483.86 ms ±  0.00  (1 rows)

--- Q17 ---
  ematix-flow   709.25 ms ±  0.00  (1 rows)

--- Q04 ---
  ematix-flow   845.39 ms ±  0.00  (5 rows)

--- Q06 ---
  ematix-flow   288.29 ms ±  0.00  (1 rows)

--- Q21 ---
  ematix-flow  3946.96 ms ±  0.00  (4009 rows)

--- Q03 ---
  ematix-flow  1216.74 ms ±  0.00  (114003 rows)

--- Q11 ---
  ematix-flow   385.14 ms ±  0.00  (8685 rows)

--- Q22 ---
  ematix-flow   524.61 ms ±  0.00  (7 rows)

--- Q08 ---
  ematix-flow  1153.25 ms ±  0.00  (2 rows)

--- Q12 ---
  ematix-flow   757.22 ms ±  0.00  (2 rows)

--- Q09 ---
  ematix-flow  3423.68 ms ±  0.00  (175 rows)

--- Q16 ---
  ematix-flow   374.75 ms ±  0.00  (27840 rows)

wrote bench-results/tput-rebaseline-2026-07-03/sf10-auto/ematix/s100/batch-2/stream-50.md
