=== TPC-H 22 triangulation bench ===
    data:    /Users/ryanevans/RustroverProjects/ematix-flow/examples/tpch/data/sf10
    queries: 22 ([16, 22, 12, 5, 11, 7, 13, 1, 6, 15, 2, 3, 8, 21, 10, 4, 9, 20, 18, 19, 17, 14])
    trials:  1 (after 0 warmups)
    output:  bench-results/tput-rebaseline-2026-07-03/sf10-auto/ematix/s100/batch-2/stream-92.md

    NOTE: single-invocation output is SMOKE-GRADE only. For win/loss
    claims use scripts/bench/strict_22q.sh / strict_ab.sh /
    strict_throughput.sh (see scripts/bench/README.md).

--- Q16 ---
  ematix-flow   433.65 ms ±  0.00  (27840 rows)

--- Q22 ---
  ematix-flow   467.75 ms ±  0.00  (7 rows)

--- Q12 ---
  ematix-flow  1006.02 ms ±  0.00  (2 rows)

--- Q05 ---
  ematix-flow  1407.84 ms ±  0.00  (5 rows)

--- Q11 ---
  ematix-flow    89.48 ms ±  0.00  (8685 rows)

--- Q07 ---
  ematix-flow  1189.28 ms ±  0.00  (4 rows)

--- Q13 ---
  ematix-flow  1277.61 ms ±  0.00  (46 rows)

--- Q01 ---
  ematix-flow  2892.43 ms ±  0.00  (4 rows)

--- Q06 ---
  ematix-flow   237.19 ms ±  0.00  (1 rows)

--- Q15 ---
  ematix-flow   420.72 ms ±  0.00  (1 rows)

--- Q02 ---
  ematix-flow    81.05 ms ±  0.00  (4667 rows)

--- Q03 ---
  ematix-flow  1327.76 ms ±  0.00  (114003 rows)

--- Q08 ---
  ematix-flow  1294.59 ms ±  0.00  (2 rows)

--- Q21 ---
  ematix-flow  3356.00 ms ±  0.00  (4009 rows)

--- Q10 ---
  ematix-flow  1869.68 ms ±  0.00  (381105 rows)

--- Q04 ---
  ematix-flow   933.06 ms ±  0.00  (5 rows)

--- Q09 ---
  ematix-flow  4438.02 ms ±  0.00  (175 rows)

--- Q20 ---
  ematix-flow  1220.12 ms ±  0.00  (1804 rows)

--- Q18 ---
  ematix-flow  4910.36 ms ±  0.00  (624 rows)

--- Q19 ---
  ematix-flow   405.28 ms ±  0.00  (1 rows)

--- Q17 ---
  ematix-flow   906.08 ms ±  0.00  (1 rows)

--- Q14 ---
  ematix-flow   263.97 ms ±  0.00  (1 rows)

wrote bench-results/tput-rebaseline-2026-07-03/sf10-auto/ematix/s100/batch-2/stream-92.md
