=== TPC-H 22 triangulation bench ===
    data:    /Users/ryanevans/RustroverProjects/ematix-flow/examples/tpch/data/sf10
    queries: 22 ([6, 13, 22, 14, 3, 1, 16, 21, 7, 15, 5, 19, 11, 2, 12, 10, 18, 9, 8, 17, 20, 4])
    trials:  1 (after 0 warmups)
    output:  bench-results/tput-rebaseline-2026-07-03/sf10-auto/ematix/s100/batch-2/stream-14.md

    NOTE: single-invocation output is SMOKE-GRADE only. For win/loss
    claims use scripts/bench/strict_22q.sh / strict_ab.sh /
    strict_throughput.sh (see scripts/bench/README.md).

--- Q06 ---
  ematix-flow   238.28 ms ±  0.00  (1 rows)

--- Q13 ---
  ematix-flow  1457.31 ms ±  0.00  (46 rows)

--- Q22 ---
  ematix-flow   356.03 ms ±  0.00  (7 rows)

--- Q14 ---
  ematix-flow   253.73 ms ±  0.00  (1 rows)

--- Q03 ---
  ematix-flow  1009.15 ms ±  0.00  (114003 rows)

--- Q01 ---
  ematix-flow  2880.49 ms ±  0.00  (4 rows)

--- Q16 ---
  ematix-flow   556.79 ms ±  0.00  (27840 rows)

--- Q21 ---
  ematix-flow  3084.37 ms ±  0.00  (4009 rows)

--- Q07 ---
  ematix-flow  1099.26 ms ±  0.00  (4 rows)

--- Q15 ---
  ematix-flow   451.79 ms ±  0.00  (1 rows)

--- Q05 ---
  ematix-flow  1009.98 ms ±  0.00  (5 rows)

--- Q19 ---
  ematix-flow   505.16 ms ±  0.00  (1 rows)

--- Q11 ---
  ematix-flow   149.28 ms ±  0.00  (8685 rows)

--- Q02 ---
  ematix-flow    79.33 ms ±  0.00  (4667 rows)

--- Q12 ---
  ematix-flow   749.18 ms ±  0.00  (2 rows)

--- Q10 ---
  ematix-flow  1934.21 ms ±  0.00  (381105 rows)

--- Q18 ---
  ematix-flow  3966.64 ms ±  0.00  (624 rows)

--- Q09 ---
  ematix-flow  6524.24 ms ±  0.00  (175 rows)

--- Q08 ---
  ematix-flow  1930.44 ms ±  0.00  (2 rows)

--- Q17 ---
  ematix-flow  1337.44 ms ±  0.00  (1 rows)

--- Q20 ---
  ematix-flow  1388.52 ms ±  0.00  (1804 rows)

--- Q04 ---
  ematix-flow   880.10 ms ±  0.00  (5 rows)

wrote bench-results/tput-rebaseline-2026-07-03/sf10-auto/ematix/s100/batch-2/stream-14.md
