=== TPC-H 22 triangulation bench ===
    data:    /Users/ryanevans/RustroverProjects/ematix-flow/examples/tpch/data/sf10
    queries: 22 ([6, 5, 12, 21, 13, 14, 17, 4, 19, 8, 16, 3, 11, 15, 22, 2, 9, 7, 1, 20, 10, 18])
    trials:  1 (after 0 warmups)
    output:  bench-results/tput-rebaseline-2026-07-03/sf10-auto/ematix/s100/batch-2/stream-30.md

    NOTE: single-invocation output is SMOKE-GRADE only. For win/loss
    claims use scripts/bench/strict_22q.sh / strict_ab.sh /
    strict_throughput.sh (see scripts/bench/README.md).

--- Q06 ---
  ematix-flow   232.80 ms ±  0.00  (1 rows)

--- Q05 ---
  ematix-flow  1401.50 ms ±  0.00  (5 rows)

--- Q12 ---
  ematix-flow   822.38 ms ±  0.00  (2 rows)

--- Q21 ---
  ematix-flow  2818.59 ms ±  0.00  (4009 rows)

--- Q13 ---
  ematix-flow  1638.95 ms ±  0.00  (46 rows)

--- Q14 ---
  ematix-flow   259.57 ms ±  0.00  (1 rows)

--- Q17 ---
  ematix-flow   838.16 ms ±  0.00  (1 rows)

--- Q04 ---
  ematix-flow  1032.01 ms ±  0.00  (5 rows)

--- Q19 ---
  ematix-flow   493.20 ms ±  0.00  (1 rows)

--- Q08 ---
  ematix-flow  1121.46 ms ±  0.00  (2 rows)

--- Q16 ---
  ematix-flow   393.69 ms ±  0.00  (27840 rows)

--- Q03 ---
  ematix-flow  1347.33 ms ±  0.00  (114003 rows)

--- Q11 ---
  ematix-flow   166.90 ms ±  0.00  (8685 rows)

--- Q15 ---
  ematix-flow   444.90 ms ±  0.00  (1 rows)

--- Q22 ---
  ematix-flow   547.18 ms ±  0.00  (7 rows)

--- Q02 ---
  ematix-flow   229.79 ms ±  0.00  (4667 rows)

--- Q09 ---
  ematix-flow  4805.15 ms ±  0.00  (175 rows)

--- Q07 ---
  ematix-flow  1397.10 ms ±  0.00  (4 rows)

--- Q01 ---
  ematix-flow  3416.04 ms ±  0.00  (4 rows)

--- Q20 ---
  ematix-flow  1300.68 ms ±  0.00  (1804 rows)

--- Q10 ---
  ematix-flow  1600.58 ms ±  0.00  (381105 rows)

--- Q18 ---
  ematix-flow  2702.76 ms ±  0.00  (624 rows)

wrote bench-results/tput-rebaseline-2026-07-03/sf10-auto/ematix/s100/batch-2/stream-30.md
