=== TPC-H 22 triangulation bench ===
    data:    /Users/ryanevans/RustroverProjects/ematix-flow/examples/tpch/data/sf10
    queries: 22 ([14, 17, 22, 7, 21, 4, 11, 2, 16, 5, 1, 13, 18, 9, 20, 12, 10, 15, 8, 3, 6, 19])
    trials:  1 (after 0 warmups)
    output:  bench-results/tput-rebaseline-2026-07-03/sf10-auto/duckdb/s100/batch-2/stream-62.md

    NOTE: single-invocation output is SMOKE-GRADE only. For win/loss
    claims use scripts/bench/strict_22q.sh / strict_ab.sh /
    strict_throughput.sh (see scripts/bench/README.md).

--- Q14 ---
  DuckDB        994.35 ms ±  0.00  (1 rows)

--- Q17 ---
  DuckDB       1053.04 ms ±  0.00  (1 rows)

--- Q22 ---
  DuckDB        276.23 ms ±  0.00  (7 rows)

--- Q07 ---
  DuckDB        993.66 ms ±  0.00  (4 rows)

--- Q21 ---
  DuckDB       3040.19 ms ±  0.00  (4009 rows)

--- Q04 ---
  DuckDB        713.27 ms ±  0.00  (5 rows)

--- Q11 ---
  DuckDB         75.92 ms ±  0.00  (8685 rows)

--- Q02 ---
  DuckDB        393.10 ms ±  0.00  (4667 rows)

--- Q16 ---
  DuckDB        306.30 ms ±  0.00  (27840 rows)

--- Q05 ---
  DuckDB       1148.93 ms ±  0.00  (5 rows)

--- Q01 ---
  DuckDB       1960.45 ms ±  0.00  (4 rows)

--- Q13 ---
  DuckDB       2003.61 ms ±  0.00  (46 rows)

--- Q18 ---
  DuckDB       1744.25 ms ±  0.00  (624 rows)

--- Q09 ---
  DuckDB       2267.64 ms ±  0.00  (175 rows)

--- Q20 ---
  DuckDB        956.23 ms ±  0.00  (1804 rows)

--- Q12 ---
  DuckDB        917.53 ms ±  0.00  (2 rows)

--- Q10 ---
  DuckDB       1814.05 ms ±  0.00  (381105 rows)

--- Q15 ---
  DuckDB        751.21 ms ±  0.00  (1 rows)

--- Q08 ---
  DuckDB       1341.34 ms ±  0.00  (2 rows)

--- Q03 ---
  DuckDB        970.82 ms ±  0.00  (114003 rows)

--- Q06 ---
  DuckDB        419.54 ms ±  0.00  (1 rows)

--- Q19 ---
  DuckDB       1446.66 ms ±  0.00  (1 rows)

wrote bench-results/tput-rebaseline-2026-07-03/sf10-auto/duckdb/s100/batch-2/stream-62.md
