=== TPC-H 22 triangulation bench ===
    data:    /Users/ryanevans/RustroverProjects/ematix-flow/examples/tpch/data/sf10
    queries: 22 ([18, 6, 8, 19, 1, 12, 2, 9, 7, 16, 21, 13, 17, 14, 3, 22, 11, 5, 20, 15, 10, 4])
    trials:  1 (after 0 warmups)
    output:  bench-results/tput-rebaseline-2026-07-03/sf10-auto/duckdb/s100/batch-2/stream-70.md

    NOTE: single-invocation output is SMOKE-GRADE only. For win/loss
    claims use scripts/bench/strict_22q.sh / strict_ab.sh /
    strict_throughput.sh (see scripts/bench/README.md).

--- Q18 ---
  DuckDB       1879.85 ms ±  0.00  (624 rows)

--- Q06 ---
  DuckDB        434.43 ms ±  0.00  (1 rows)

--- Q08 ---
  DuckDB       1328.40 ms ±  0.00  (2 rows)

--- Q19 ---
  DuckDB       1531.47 ms ±  0.00  (1 rows)

--- Q01 ---
  DuckDB       2192.47 ms ±  0.00  (4 rows)

--- Q12 ---
  DuckDB        925.70 ms ±  0.00  (2 rows)

--- Q02 ---
  DuckDB        276.64 ms ±  0.00  (4667 rows)

--- Q09 ---
  DuckDB       2406.32 ms ±  0.00  (175 rows)

--- Q07 ---
  DuckDB        978.42 ms ±  0.00  (4 rows)

--- Q16 ---
  DuckDB        363.08 ms ±  0.00  (27840 rows)

--- Q21 ---
  DuckDB       2983.14 ms ±  0.00  (4009 rows)

--- Q13 ---
  DuckDB       1859.93 ms ±  0.00  (46 rows)

--- Q17 ---
  DuckDB       1193.40 ms ±  0.00  (1 rows)

--- Q14 ---
  DuckDB       1091.22 ms ±  0.00  (1 rows)

--- Q03 ---
  DuckDB        923.68 ms ±  0.00  (114003 rows)

--- Q22 ---
  DuckDB        398.26 ms ±  0.00  (7 rows)

--- Q11 ---
  DuckDB         73.24 ms ±  0.00  (8685 rows)

--- Q05 ---
  DuckDB        970.12 ms ±  0.00  (5 rows)

--- Q20 ---
  DuckDB        841.31 ms ±  0.00  (1804 rows)

--- Q15 ---
  DuckDB        591.58 ms ±  0.00  (1 rows)

--- Q10 ---
  DuckDB       1634.26 ms ±  0.00  (381105 rows)

--- Q04 ---
  DuckDB        645.16 ms ±  0.00  (5 rows)

wrote bench-results/tput-rebaseline-2026-07-03/sf10-auto/duckdb/s100/batch-2/stream-70.md
