=== TPC-H 22 triangulation bench ===
    data:    /Users/ryanevans/RustroverProjects/ematix-flow/examples/tpch/data/sf10
    queries: 22 ([4, 13, 6, 17, 21, 10, 12, 22, 9, 18, 3, 11, 5, 8, 20, 15, 7, 1, 16, 14, 2, 19])
    trials:  1 (after 0 warmups)
    output:  bench-results/tput-rebaseline-2026-07-03/sf10-auto/duckdb/s100/batch-2/stream-10.md

    NOTE: single-invocation output is SMOKE-GRADE only. For win/loss
    claims use scripts/bench/strict_22q.sh / strict_ab.sh /
    strict_throughput.sh (see scripts/bench/README.md).

--- Q04 ---
  DuckDB        667.68 ms ±  0.00  (5 rows)

--- Q13 ---
  DuckDB       2017.39 ms ±  0.00  (46 rows)

--- Q06 ---
  DuckDB        583.37 ms ±  0.00  (1 rows)

--- Q17 ---
  DuckDB       1141.96 ms ±  0.00  (1 rows)

--- Q21 ---
  DuckDB       2968.98 ms ±  0.00  (4009 rows)

--- Q10 ---
  DuckDB       1867.81 ms ±  0.00  (381105 rows)

--- Q12 ---
  DuckDB        895.51 ms ±  0.00  (2 rows)

--- Q22 ---
  DuckDB        532.09 ms ±  0.00  (7 rows)

--- Q09 ---
  DuckDB       1989.37 ms ±  0.00  (175 rows)

--- Q18 ---
  DuckDB       1564.43 ms ±  0.00  (624 rows)

--- Q03 ---
  DuckDB       1318.89 ms ±  0.00  (114003 rows)

--- Q11 ---
  DuckDB        119.14 ms ±  0.00  (8685 rows)

--- Q05 ---
  DuckDB        937.62 ms ±  0.00  (5 rows)

--- Q08 ---
  DuckDB       1141.89 ms ±  0.00  (2 rows)

--- Q20 ---
  DuckDB       1126.72 ms ±  0.00  (1804 rows)

--- Q15 ---
  DuckDB        658.55 ms ±  0.00  (1 rows)

--- Q07 ---
  DuckDB       1083.60 ms ±  0.00  (4 rows)

--- Q01 ---
  DuckDB       2113.51 ms ±  0.00  (4 rows)

--- Q16 ---
  DuckDB        234.71 ms ±  0.00  (27840 rows)

--- Q14 ---
  DuckDB        715.69 ms ±  0.00  (1 rows)

--- Q02 ---
  DuckDB        136.37 ms ±  0.00  (4667 rows)

--- Q19 ---
  DuckDB       1510.00 ms ±  0.00  (1 rows)

wrote bench-results/tput-rebaseline-2026-07-03/sf10-auto/duckdb/s100/batch-2/stream-10.md
