=== TPC-H 22 triangulation bench ===
    data:    /Users/ryanevans/RustroverProjects/ematix-flow/examples/tpch/data/sf10
    queries: 22 ([19, 11, 18, 10, 4, 5, 22, 1, 8, 6, 13, 7, 20, 3, 15, 21, 14, 12, 16, 17, 2, 9])
    trials:  1 (after 0 warmups)
    output:  bench-results/tput-rebaseline-2026-07-03/sf10-auto/duckdb/s100/batch-2/stream-52.md

    NOTE: single-invocation output is SMOKE-GRADE only. For win/loss
    claims use scripts/bench/strict_22q.sh / strict_ab.sh /
    strict_throughput.sh (see scripts/bench/README.md).

--- Q19 ---
  DuckDB       1464.17 ms ±  0.00  (1 rows)

--- Q11 ---
  DuckDB        184.04 ms ±  0.00  (8685 rows)

--- Q18 ---
  DuckDB       1701.27 ms ±  0.00  (624 rows)

--- Q10 ---
  DuckDB       1811.33 ms ±  0.00  (381105 rows)

--- Q04 ---
  DuckDB        785.58 ms ±  0.00  (5 rows)

--- Q05 ---
  DuckDB       1128.20 ms ±  0.00  (5 rows)

--- Q22 ---
  DuckDB        558.70 ms ±  0.00  (7 rows)

--- Q01 ---
  DuckDB       2058.19 ms ±  0.00  (4 rows)

--- Q08 ---
  DuckDB       1120.46 ms ±  0.00  (2 rows)

--- Q06 ---
  DuckDB        675.24 ms ±  0.00  (1 rows)

--- Q13 ---
  DuckDB       1870.62 ms ±  0.00  (46 rows)

--- Q07 ---
  DuckDB       1081.12 ms ±  0.00  (4 rows)

--- Q20 ---
  DuckDB       1210.93 ms ±  0.00  (1804 rows)

--- Q03 ---
  DuckDB       1105.64 ms ±  0.00  (114003 rows)

--- Q15 ---
  DuckDB        598.49 ms ±  0.00  (1 rows)

--- Q21 ---
  DuckDB       3245.90 ms ±  0.00  (4009 rows)

--- Q14 ---
  DuckDB        937.57 ms ±  0.00  (1 rows)

--- Q12 ---
  DuckDB        768.71 ms ±  0.00  (2 rows)

--- Q16 ---
  DuckDB        297.63 ms ±  0.00  (27840 rows)

--- Q17 ---
  DuckDB       1030.51 ms ±  0.00  (1 rows)

--- Q02 ---
  DuckDB        211.28 ms ±  0.00  (4667 rows)

--- Q09 ---
  DuckDB       2372.02 ms ±  0.00  (175 rows)

wrote bench-results/tput-rebaseline-2026-07-03/sf10-auto/duckdb/s100/batch-2/stream-52.md
