=== TPC-H 22 triangulation bench ===
    data:    /Users/ryanevans/RustroverProjects/ematix-flow/examples/tpch/data/sf10
    queries: 22 ([15, 13, 18, 10, 3, 6, 1, 7, 4, 8, 17, 9, 11, 21, 5, 16, 20, 14, 22, 2, 19, 12])
    trials:  1 (after 0 warmups)
    output:  bench-results/tput-rebaseline-2026-07-03/sf10-auto/duckdb/s100/batch-2/stream-98.md

    NOTE: single-invocation output is SMOKE-GRADE only. For win/loss
    claims use scripts/bench/strict_22q.sh / strict_ab.sh /
    strict_throughput.sh (see scripts/bench/README.md).

--- Q15 ---
  DuckDB        596.02 ms ±  0.00  (1 rows)

--- Q13 ---
  DuckDB       1917.15 ms ±  0.00  (46 rows)

--- Q18 ---
  DuckDB       1523.72 ms ±  0.00  (624 rows)

--- Q10 ---
  DuckDB       1952.78 ms ±  0.00  (381105 rows)

--- Q03 ---
  DuckDB       1128.54 ms ±  0.00  (114003 rows)

--- Q06 ---
  DuckDB        721.21 ms ±  0.00  (1 rows)

--- Q01 ---
  DuckDB       2104.67 ms ±  0.00  (4 rows)

--- Q07 ---
  DuckDB       1072.01 ms ±  0.00  (4 rows)

--- Q04 ---
  DuckDB        669.10 ms ±  0.00  (5 rows)

--- Q08 ---
  DuckDB       1141.57 ms ±  0.00  (2 rows)

--- Q17 ---
  DuckDB       1228.45 ms ±  0.00  (1 rows)

--- Q09 ---
  DuckDB       2160.46 ms ±  0.00  (175 rows)

--- Q11 ---
  DuckDB        125.72 ms ±  0.00  (8685 rows)

--- Q21 ---
  DuckDB       3088.43 ms ±  0.00  (4009 rows)

--- Q05 ---
  DuckDB        974.83 ms ±  0.00  (5 rows)

--- Q16 ---
  DuckDB        303.56 ms ±  0.00  (27840 rows)

--- Q20 ---
  DuckDB        612.46 ms ±  0.00  (1804 rows)

--- Q14 ---
  DuckDB        553.12 ms ±  0.00  (1 rows)

--- Q22 ---
  DuckDB        272.25 ms ±  0.00  (7 rows)

--- Q02 ---
  DuckDB        154.62 ms ±  0.00  (4667 rows)

--- Q19 ---
  DuckDB        577.61 ms ±  0.00  (1 rows)

--- Q12 ---
  DuckDB        184.05 ms ±  0.00  (2 rows)

wrote bench-results/tput-rebaseline-2026-07-03/sf10-auto/duckdb/s100/batch-2/stream-98.md
