=== TPC-H 22 triangulation bench ===
    data:    /Users/ryanevans/RustroverProjects/ematix-flow/examples/tpch/data/sf10
    queries: 22 ([21, 9, 18, 8, 6, 12, 10, 7, 1, 22, 19, 20, 14, 4, 11, 17, 2, 13, 5, 3, 15, 16])
    trials:  1 (after 0 warmups)
    output:  bench-results/tput-rebaseline-2026-07-03/sf10-auto/duckdb/s100/batch-2/stream-83.md

    NOTE: single-invocation output is SMOKE-GRADE only. For win/loss
    claims use scripts/bench/strict_22q.sh / strict_ab.sh /
    strict_throughput.sh (see scripts/bench/README.md).

--- Q21 ---
  DuckDB       3047.01 ms ±  0.00  (4009 rows)

--- Q09 ---
  DuckDB       2119.57 ms ±  0.00  (175 rows)

--- Q18 ---
  DuckDB       1889.61 ms ±  0.00  (624 rows)

--- Q08 ---
  DuckDB       1216.34 ms ±  0.00  (2 rows)

--- Q06 ---
  DuckDB        545.44 ms ±  0.00  (1 rows)

--- Q12 ---
  DuckDB        611.91 ms ±  0.00  (2 rows)

--- Q10 ---
  DuckDB       1789.25 ms ±  0.00  (381105 rows)

--- Q07 ---
  DuckDB       1075.50 ms ±  0.00  (4 rows)

--- Q01 ---
  DuckDB       2055.96 ms ±  0.00  (4 rows)

--- Q22 ---
  DuckDB        461.58 ms ±  0.00  (7 rows)

--- Q19 ---
  DuckDB       1522.49 ms ±  0.00  (1 rows)

--- Q20 ---
  DuckDB        991.33 ms ±  0.00  (1804 rows)

--- Q14 ---
  DuckDB        880.48 ms ±  0.00  (1 rows)

--- Q04 ---
  DuckDB        759.09 ms ±  0.00  (5 rows)

--- Q11 ---
  DuckDB        116.37 ms ±  0.00  (8685 rows)

--- Q17 ---
  DuckDB       1110.96 ms ±  0.00  (1 rows)

--- Q02 ---
  DuckDB        152.02 ms ±  0.00  (4667 rows)

--- Q13 ---
  DuckDB       1997.43 ms ±  0.00  (46 rows)

--- Q05 ---
  DuckDB        903.55 ms ±  0.00  (5 rows)

--- Q03 ---
  DuckDB        881.01 ms ±  0.00  (114003 rows)

--- Q15 ---
  DuckDB        547.13 ms ±  0.00  (1 rows)

--- Q16 ---
  DuckDB        275.91 ms ±  0.00  (27840 rows)

wrote bench-results/tput-rebaseline-2026-07-03/sf10-auto/duckdb/s100/batch-2/stream-83.md
