=== TPC-H 22 triangulation bench ===
    data:    /Users/ryanevans/RustroverProjects/ematix-flow/examples/tpch/data/sf10
    queries: 22 ([15, 1, 13, 14, 18, 4, 20, 16, 21, 9, 8, 11, 12, 17, 2, 19, 6, 22, 10, 5, 7, 3])
    trials:  1 (after 0 warmups)
    output:  bench-results/tput-rebaseline-2026-07-03/sf10-auto/duckdb/s100/batch-2/stream-55.md

    NOTE: single-invocation output is SMOKE-GRADE only. For win/loss
    claims use scripts/bench/strict_22q.sh / strict_ab.sh /
    strict_throughput.sh (see scripts/bench/README.md).

--- Q15 ---
  DuckDB        626.22 ms ±  0.00  (1 rows)

--- Q01 ---
  DuckDB       2270.33 ms ±  0.00  (4 rows)

--- Q13 ---
  DuckDB       1825.71 ms ±  0.00  (46 rows)

--- Q14 ---
  DuckDB        849.87 ms ±  0.00  (1 rows)

--- Q18 ---
  DuckDB       1774.64 ms ±  0.00  (624 rows)

--- Q04 ---
  DuckDB        574.61 ms ±  0.00  (5 rows)

--- Q20 ---
  DuckDB        890.43 ms ±  0.00  (1804 rows)

--- Q16 ---
  DuckDB        350.25 ms ±  0.00  (27840 rows)

--- Q21 ---
  DuckDB       3370.21 ms ±  0.00  (4009 rows)

--- Q09 ---
  DuckDB       2323.86 ms ±  0.00  (175 rows)

--- Q08 ---
  DuckDB       1238.35 ms ±  0.00  (2 rows)

--- Q11 ---
  DuckDB        224.20 ms ±  0.00  (8685 rows)

--- Q12 ---
  DuckDB        776.28 ms ±  0.00  (2 rows)

--- Q17 ---
  DuckDB       1136.87 ms ±  0.00  (1 rows)

--- Q02 ---
  DuckDB        311.33 ms ±  0.00  (4667 rows)

--- Q19 ---
  DuckDB       1613.79 ms ±  0.00  (1 rows)

--- Q06 ---
  DuckDB        410.10 ms ±  0.00  (1 rows)

--- Q22 ---
  DuckDB        243.57 ms ±  0.00  (7 rows)

--- Q10 ---
  DuckDB       1857.25 ms ±  0.00  (381105 rows)

--- Q05 ---
  DuckDB       1159.54 ms ±  0.00  (5 rows)

--- Q07 ---
  DuckDB        963.06 ms ±  0.00  (4 rows)

--- Q03 ---
  DuckDB       1094.89 ms ±  0.00  (114003 rows)

wrote bench-results/tput-rebaseline-2026-07-03/sf10-auto/duckdb/s100/batch-2/stream-55.md
