=== TPC-H 22 triangulation bench ===
    data:    /Users/ryanevans/RustroverProjects/ematix-flow/examples/tpch/data/sf10
    queries: 22 ([17, 2, 3, 14, 11, 22, 9, 1, 12, 21, 7, 19, 6, 8, 4, 13, 20, 16, 10, 18, 15, 5])
    trials:  1 (after 0 warmups)
    output:  bench-results/tput-rebaseline-2026-07-03/sf10-auto/duckdb/s100/batch-2/stream-54.md

    NOTE: single-invocation output is SMOKE-GRADE only. For win/loss
    claims use scripts/bench/strict_22q.sh / strict_ab.sh /
    strict_throughput.sh (see scripts/bench/README.md).

--- Q17 ---
  DuckDB       1073.91 ms ±  0.00  (1 rows)

--- Q02 ---
  DuckDB        278.51 ms ±  0.00  (4667 rows)

--- Q03 ---
  DuckDB       1017.35 ms ±  0.00  (114003 rows)

--- Q14 ---
  DuckDB       1040.24 ms ±  0.00  (1 rows)

--- Q11 ---
  DuckDB        262.26 ms ±  0.00  (8685 rows)

--- Q22 ---
  DuckDB        449.28 ms ±  0.00  (7 rows)

--- Q09 ---
  DuckDB       2128.16 ms ±  0.00  (175 rows)

--- Q01 ---
  DuckDB       2121.68 ms ±  0.00  (4 rows)

--- Q12 ---
  DuckDB        725.31 ms ±  0.00  (2 rows)

--- Q21 ---
  DuckDB       3111.44 ms ±  0.00  (4009 rows)

--- Q07 ---
  DuckDB       1006.52 ms ±  0.00  (4 rows)

--- Q19 ---
  DuckDB       1536.78 ms ±  0.00  (1 rows)

--- Q06 ---
  DuckDB        557.84 ms ±  0.00  (1 rows)

--- Q08 ---
  DuckDB       1183.54 ms ±  0.00  (2 rows)

--- Q04 ---
  DuckDB        653.44 ms ±  0.00  (5 rows)

--- Q13 ---
  DuckDB       2085.62 ms ±  0.00  (46 rows)

--- Q20 ---
  DuckDB        862.91 ms ±  0.00  (1804 rows)

--- Q16 ---
  DuckDB        203.76 ms ±  0.00  (27840 rows)

--- Q10 ---
  DuckDB       1718.41 ms ±  0.00  (381105 rows)

--- Q18 ---
  DuckDB       1625.98 ms ±  0.00  (624 rows)

--- Q15 ---
  DuckDB        794.67 ms ±  0.00  (1 rows)

--- Q05 ---
  DuckDB        914.96 ms ±  0.00  (5 rows)

wrote bench-results/tput-rebaseline-2026-07-03/sf10-auto/duckdb/s100/batch-2/stream-54.md
