=== TPC-H 22 triangulation bench ===
    data:    /Users/ryanevans/RustroverProjects/ematix-flow/examples/tpch/data/sf10
    queries: 22 ([22, 9, 18, 1, 11, 7, 2, 14, 21, 10, 12, 4, 5, 16, 8, 17, 15, 13, 20, 6, 19, 3])
    trials:  1 (after 0 warmups)
    output:  bench-results/tput-rebaseline-2026-07-03/sf10-auto/duckdb/s100/batch-2/stream-91.md

    NOTE: single-invocation output is SMOKE-GRADE only. For win/loss
    claims use scripts/bench/strict_22q.sh / strict_ab.sh /
    strict_throughput.sh (see scripts/bench/README.md).

--- Q22 ---
  DuckDB        271.11 ms ±  0.00  (7 rows)

--- Q09 ---
  DuckDB       2091.80 ms ±  0.00  (175 rows)

--- Q18 ---
  DuckDB       1635.62 ms ±  0.00  (624 rows)

--- Q01 ---
  DuckDB       2229.69 ms ±  0.00  (4 rows)

--- Q11 ---
  DuckDB        125.61 ms ±  0.00  (8685 rows)

--- Q07 ---
  DuckDB       1139.56 ms ±  0.00  (4 rows)

--- Q02 ---
  DuckDB        239.41 ms ±  0.00  (4667 rows)

--- Q14 ---
  DuckDB        737.58 ms ±  0.00  (1 rows)

--- Q21 ---
  DuckDB       3056.70 ms ±  0.00  (4009 rows)

--- Q10 ---
  DuckDB       1520.42 ms ±  0.00  (381105 rows)

--- Q12 ---
  DuckDB        957.29 ms ±  0.00  (2 rows)

--- Q04 ---
  DuckDB        592.48 ms ±  0.00  (5 rows)

--- Q05 ---
  DuckDB       1264.42 ms ±  0.00  (5 rows)

--- Q16 ---
  DuckDB        288.57 ms ±  0.00  (27840 rows)

--- Q08 ---
  DuckDB       1164.05 ms ±  0.00  (2 rows)

--- Q17 ---
  DuckDB       1240.97 ms ±  0.00  (1 rows)

--- Q15 ---
  DuckDB        622.51 ms ±  0.00  (1 rows)

--- Q13 ---
  DuckDB       1902.45 ms ±  0.00  (46 rows)

--- Q20 ---
  DuckDB       1039.47 ms ±  0.00  (1804 rows)

--- Q06 ---
  DuckDB        519.00 ms ±  0.00  (1 rows)

--- Q19 ---
  DuckDB       1445.46 ms ±  0.00  (1 rows)

--- Q03 ---
  DuckDB        960.52 ms ±  0.00  (114003 rows)

wrote bench-results/tput-rebaseline-2026-07-03/sf10-auto/duckdb/s100/batch-2/stream-91.md
