=== TPC-H 22 triangulation bench ===
    data:    /Users/ryanevans/RustroverProjects/ematix-flow/examples/tpch/data/sf10
    queries: 22 ([5, 6, 8, 22, 4, 21, 19, 2, 17, 13, 1, 10, 20, 7, 16, 9, 11, 15, 18, 14, 3, 12])
    trials:  1 (after 0 warmups)
    output:  bench-results/tput-rebaseline-2026-07-03/sf10-auto/duckdb/s100/batch-2/stream-47.md

    NOTE: single-invocation output is SMOKE-GRADE only. For win/loss
    claims use scripts/bench/strict_22q.sh / strict_ab.sh /
    strict_throughput.sh (see scripts/bench/README.md).

--- Q05 ---
  DuckDB        802.78 ms ±  0.00  (5 rows)

--- Q06 ---
  DuckDB        453.34 ms ±  0.00  (1 rows)

--- Q08 ---
  DuckDB       1436.28 ms ±  0.00  (2 rows)

--- Q22 ---
  DuckDB        471.46 ms ±  0.00  (7 rows)

--- Q04 ---
  DuckDB        651.24 ms ±  0.00  (5 rows)

--- Q21 ---
  DuckDB       2984.09 ms ±  0.00  (4009 rows)

--- Q19 ---
  DuckDB       1514.37 ms ±  0.00  (1 rows)

--- Q02 ---
  DuckDB        198.93 ms ±  0.00  (4667 rows)

--- Q17 ---
  DuckDB        978.25 ms ±  0.00  (1 rows)

--- Q13 ---
  DuckDB       1964.94 ms ±  0.00  (46 rows)

--- Q01 ---
  DuckDB       2263.69 ms ±  0.00  (4 rows)

--- Q10 ---
  DuckDB       2056.80 ms ±  0.00  (381105 rows)

--- Q20 ---
  DuckDB        916.36 ms ±  0.00  (1804 rows)

--- Q07 ---
  DuckDB       1138.87 ms ±  0.00  (4 rows)

--- Q16 ---
  DuckDB        313.97 ms ±  0.00  (27840 rows)

--- Q09 ---
  DuckDB       2492.04 ms ±  0.00  (175 rows)

--- Q11 ---
  DuckDB         81.95 ms ±  0.00  (8685 rows)

--- Q15 ---
  DuckDB        640.98 ms ±  0.00  (1 rows)

--- Q18 ---
  DuckDB       1484.91 ms ±  0.00  (624 rows)

--- Q14 ---
  DuckDB       1076.31 ms ±  0.00  (1 rows)

--- Q03 ---
  DuckDB       1026.11 ms ±  0.00  (114003 rows)

--- Q12 ---
  DuckDB        678.38 ms ±  0.00  (2 rows)

wrote bench-results/tput-rebaseline-2026-07-03/sf10-auto/duckdb/s100/batch-2/stream-47.md
