=== TPC-H 22 triangulation bench ===
    data:    /Users/ryanevans/RustroverProjects/ematix-flow/examples/tpch/data/sf10
    queries: 22 ([13, 18, 3, 7, 11, 4, 21, 16, 14, 22, 2, 10, 8, 19, 17, 1, 6, 5, 9, 12, 20, 15])
    trials:  1 (after 0 warmups)
    output:  bench-results/tput-rebaseline-2026-07-03/sf10-auto/duckdb/s100/batch-2/stream-9.md

    NOTE: single-invocation output is SMOKE-GRADE only. For win/loss
    claims use scripts/bench/strict_22q.sh / strict_ab.sh /
    strict_throughput.sh (see scripts/bench/README.md).

--- Q13 ---
  DuckDB       1979.68 ms ±  0.00  (46 rows)

--- Q18 ---
  DuckDB       1723.86 ms ±  0.00  (624 rows)

--- Q03 ---
  DuckDB       1129.64 ms ±  0.00  (114003 rows)

--- Q07 ---
  DuckDB       1048.17 ms ±  0.00  (4 rows)

--- Q11 ---
  DuckDB        146.57 ms ±  0.00  (8685 rows)

--- Q04 ---
  DuckDB        665.48 ms ±  0.00  (5 rows)

--- Q21 ---
  DuckDB       2795.12 ms ±  0.00  (4009 rows)

--- Q16 ---
  DuckDB        374.85 ms ±  0.00  (27840 rows)

--- Q14 ---
  DuckDB       1119.97 ms ±  0.00  (1 rows)

--- Q22 ---
  DuckDB        331.11 ms ±  0.00  (7 rows)

--- Q02 ---
  DuckDB        430.55 ms ±  0.00  (4667 rows)

--- Q10 ---
  DuckDB       1929.32 ms ±  0.00  (381105 rows)

--- Q08 ---
  DuckDB       1128.41 ms ±  0.00  (2 rows)

--- Q19 ---
  DuckDB       1532.29 ms ±  0.00  (1 rows)

--- Q17 ---
  DuckDB       1122.50 ms ±  0.00  (1 rows)

--- Q01 ---
  DuckDB       2169.29 ms ±  0.00  (4 rows)

--- Q06 ---
  DuckDB        567.45 ms ±  0.00  (1 rows)

--- Q05 ---
  DuckDB        918.46 ms ±  0.00  (5 rows)

--- Q09 ---
  DuckDB       2262.11 ms ±  0.00  (175 rows)

--- Q12 ---
  DuckDB        790.15 ms ±  0.00  (2 rows)

--- Q20 ---
  DuckDB       1023.80 ms ±  0.00  (1804 rows)

--- Q15 ---
  DuckDB        555.17 ms ±  0.00  (1 rows)

wrote bench-results/tput-rebaseline-2026-07-03/sf10-auto/duckdb/s100/batch-2/stream-9.md
