=== TPC-H 22 triangulation bench ===
    data:    /Users/ryanevans/RustroverProjects/ematix-flow/examples/tpch/data/sf10
    queries: 22 ([19, 17, 21, 1, 8, 6, 7, 20, 18, 5, 4, 11, 14, 2, 12, 13, 3, 16, 9, 10, 22, 15])
    trials:  1 (after 0 warmups)
    output:  bench-results/tput-rebaseline-2026-07-03/sf10-auto/duckdb/s100/batch-2/stream-63.md

    NOTE: single-invocation output is SMOKE-GRADE only. For win/loss
    claims use scripts/bench/strict_22q.sh / strict_ab.sh /
    strict_throughput.sh (see scripts/bench/README.md).

--- Q19 ---
  DuckDB       1372.24 ms ±  0.00  (1 rows)

--- Q17 ---
  DuckDB       1001.43 ms ±  0.00  (1 rows)

--- Q21 ---
  DuckDB       3020.87 ms ±  0.00  (4009 rows)

--- Q01 ---
  DuckDB       2010.14 ms ±  0.00  (4 rows)

--- Q08 ---
  DuckDB       1204.82 ms ±  0.00  (2 rows)

--- Q06 ---
  DuckDB        338.70 ms ±  0.00  (1 rows)

--- Q07 ---
  DuckDB       1206.65 ms ±  0.00  (4 rows)

--- Q20 ---
  DuckDB       1053.89 ms ±  0.00  (1804 rows)

--- Q18 ---
  DuckDB       1574.51 ms ±  0.00  (624 rows)

--- Q05 ---
  DuckDB       1135.05 ms ±  0.00  (5 rows)

--- Q04 ---
  DuckDB        755.97 ms ±  0.00  (5 rows)

--- Q11 ---
  DuckDB        131.61 ms ±  0.00  (8685 rows)

--- Q14 ---
  DuckDB        833.90 ms ±  0.00  (1 rows)

--- Q02 ---
  DuckDB        254.66 ms ±  0.00  (4667 rows)

--- Q12 ---
  DuckDB        670.70 ms ±  0.00  (2 rows)

--- Q13 ---
  DuckDB       2023.98 ms ±  0.00  (46 rows)

--- Q03 ---
  DuckDB        958.12 ms ±  0.00  (114003 rows)

--- Q16 ---
  DuckDB        494.98 ms ±  0.00  (27840 rows)

--- Q09 ---
  DuckDB       2147.24 ms ±  0.00  (175 rows)

--- Q10 ---
  DuckDB       1660.19 ms ±  0.00  (381105 rows)

--- Q22 ---
  DuckDB        405.21 ms ±  0.00  (7 rows)

--- Q15 ---
  DuckDB        572.09 ms ±  0.00  (1 rows)

wrote bench-results/tput-rebaseline-2026-07-03/sf10-auto/duckdb/s100/batch-2/stream-63.md
