=== TPC-H 22 triangulation bench ===
    data:    /Users/ryanevans/RustroverProjects/ematix-flow/examples/tpch/data/sf10
    queries: 22 ([20, 2, 13, 7, 1, 10, 22, 3, 21, 9, 18, 6, 11, 12, 5, 16, 14, 8, 19, 4, 17, 15])
    trials:  1 (after 0 warmups)
    output:  bench-results/tput-rebaseline-2026-07-03/sf10-auto/duckdb/s100/batch-2/stream-68.md

    NOTE: single-invocation output is SMOKE-GRADE only. For win/loss
    claims use scripts/bench/strict_22q.sh / strict_ab.sh /
    strict_throughput.sh (see scripts/bench/README.md).

--- Q20 ---
  DuckDB        818.21 ms ±  0.00  (1804 rows)

--- Q02 ---
  DuckDB        194.62 ms ±  0.00  (4667 rows)

--- Q13 ---
  DuckDB       2171.27 ms ±  0.00  (46 rows)

--- Q07 ---
  DuckDB       1358.39 ms ±  0.00  (4 rows)

--- Q01 ---
  DuckDB       2017.06 ms ±  0.00  (4 rows)

--- Q10 ---
  DuckDB       1887.56 ms ±  0.00  (381105 rows)

--- Q22 ---
  DuckDB        461.73 ms ±  0.00  (7 rows)

--- Q03 ---
  DuckDB       1041.01 ms ±  0.00  (114003 rows)

--- Q21 ---
  DuckDB       2862.68 ms ±  0.00  (4009 rows)

--- Q09 ---
  DuckDB       2183.55 ms ±  0.00  (175 rows)

--- Q18 ---
  DuckDB       1635.72 ms ±  0.00  (624 rows)

--- Q06 ---
  DuckDB        623.42 ms ±  0.00  (1 rows)

--- Q11 ---
  DuckDB         79.78 ms ±  0.00  (8685 rows)

--- Q12 ---
  DuckDB        820.34 ms ±  0.00  (2 rows)

--- Q05 ---
  DuckDB       1414.05 ms ±  0.00  (5 rows)

--- Q16 ---
  DuckDB        411.55 ms ±  0.00  (27840 rows)

--- Q14 ---
  DuckDB        977.05 ms ±  0.00  (1 rows)

--- Q08 ---
  DuckDB       1124.42 ms ±  0.00  (2 rows)

--- Q19 ---
  DuckDB       1387.02 ms ±  0.00  (1 rows)

--- Q04 ---
  DuckDB        783.35 ms ±  0.00  (5 rows)

--- Q17 ---
  DuckDB       1098.43 ms ±  0.00  (1 rows)

--- Q15 ---
  DuckDB        668.08 ms ±  0.00  (1 rows)

wrote bench-results/tput-rebaseline-2026-07-03/sf10-auto/duckdb/s100/batch-2/stream-68.md
