=== TPC-H 22 triangulation bench ===
    data:    /Users/ryanevans/RustroverProjects/ematix-flow/examples/tpch/data/sf10
    queries: 22 ([17, 9, 13, 2, 6, 18, 3, 20, 19, 4, 5, 22, 11, 7, 1, 15, 8, 14, 10, 21, 16, 12])
    trials:  1 (after 0 warmups)
    output:  bench-results/tput-rebaseline-2026-07-03/sf10-auto/duckdb/s100/batch-2/stream-16.md

    NOTE: single-invocation output is SMOKE-GRADE only. For win/loss
    claims use scripts/bench/strict_22q.sh / strict_ab.sh /
    strict_throughput.sh (see scripts/bench/README.md).

--- Q17 ---
  DuckDB       1039.73 ms ±  0.00  (1 rows)

--- Q09 ---
  DuckDB       2379.77 ms ±  0.00  (175 rows)

--- Q13 ---
  DuckDB       1890.97 ms ±  0.00  (46 rows)

--- Q02 ---
  DuckDB        223.00 ms ±  0.00  (4667 rows)

--- Q06 ---
  DuckDB        416.76 ms ±  0.00  (1 rows)

--- Q18 ---
  DuckDB       1669.06 ms ±  0.00  (624 rows)

--- Q03 ---
  DuckDB        895.79 ms ±  0.00  (114003 rows)

--- Q20 ---
  DuckDB       1203.57 ms ±  0.00  (1804 rows)

--- Q19 ---
  DuckDB       1355.28 ms ±  0.00  (1 rows)

--- Q04 ---
  DuckDB        868.34 ms ±  0.00  (5 rows)

--- Q05 ---
  DuckDB       1258.39 ms ±  0.00  (5 rows)

--- Q22 ---
  DuckDB        287.92 ms ±  0.00  (7 rows)

--- Q11 ---
  DuckDB         95.81 ms ±  0.00  (8685 rows)

--- Q07 ---
  DuckDB       1207.80 ms ±  0.00  (4 rows)

--- Q01 ---
  DuckDB       2077.40 ms ±  0.00  (4 rows)

--- Q15 ---
  DuckDB        493.27 ms ±  0.00  (1 rows)

--- Q08 ---
  DuckDB       1188.28 ms ±  0.00  (2 rows)

--- Q14 ---
  DuckDB        895.42 ms ±  0.00  (1 rows)

--- Q10 ---
  DuckDB       2000.50 ms ±  0.00  (381105 rows)

--- Q21 ---
  DuckDB       3055.35 ms ±  0.00  (4009 rows)

--- Q16 ---
  DuckDB        281.33 ms ±  0.00  (27840 rows)

--- Q12 ---
  DuckDB        761.89 ms ±  0.00  (2 rows)

wrote bench-results/tput-rebaseline-2026-07-03/sf10-auto/duckdb/s100/batch-2/stream-16.md
