=== TPC-H 22 triangulation bench ===
    data:    /Users/ryanevans/RustroverProjects/ematix-flow/examples/tpch/data/sf10
    queries: 22 ([4, 22, 21, 1, 11, 9, 20, 2, 6, 17, 8, 13, 5, 14, 18, 15, 12, 10, 19, 16, 3, 7])
    trials:  1 (after 0 warmups)
    output:  bench-results/tput-rebaseline-2026-07-03/sf10-auto/duckdb/s100/batch-2/stream-90.md

    NOTE: single-invocation output is SMOKE-GRADE only. For win/loss
    claims use scripts/bench/strict_22q.sh / strict_ab.sh /
    strict_throughput.sh (see scripts/bench/README.md).

--- Q04 ---
  DuckDB        567.22 ms ±  0.00  (5 rows)

--- Q22 ---
  DuckDB        375.15 ms ±  0.00  (7 rows)

--- Q21 ---
  DuckDB       3177.18 ms ±  0.00  (4009 rows)

--- Q01 ---
  DuckDB       2047.37 ms ±  0.00  (4 rows)

--- Q11 ---
  DuckDB        226.99 ms ±  0.00  (8685 rows)

--- Q09 ---
  DuckDB       2413.97 ms ±  0.00  (175 rows)

--- Q20 ---
  DuckDB       1223.64 ms ±  0.00  (1804 rows)

--- Q02 ---
  DuckDB        319.06 ms ±  0.00  (4667 rows)

--- Q06 ---
  DuckDB        548.40 ms ±  0.00  (1 rows)

--- Q17 ---
  DuckDB       1296.25 ms ±  0.00  (1 rows)

--- Q08 ---
  DuckDB       1165.83 ms ±  0.00  (2 rows)

--- Q13 ---
  DuckDB       2055.56 ms ±  0.00  (46 rows)

--- Q05 ---
  DuckDB        993.56 ms ±  0.00  (5 rows)

--- Q14 ---
  DuckDB        926.98 ms ±  0.00  (1 rows)

--- Q18 ---
  DuckDB       1580.77 ms ±  0.00  (624 rows)

--- Q15 ---
  DuckDB        618.10 ms ±  0.00  (1 rows)

--- Q12 ---
  DuckDB        813.56 ms ±  0.00  (2 rows)

--- Q10 ---
  DuckDB       1852.53 ms ±  0.00  (381105 rows)

--- Q19 ---
  DuckDB       1740.69 ms ±  0.00  (1 rows)

--- Q16 ---
  DuckDB        305.47 ms ±  0.00  (27840 rows)

--- Q03 ---
  DuckDB       1083.50 ms ±  0.00  (114003 rows)

--- Q07 ---
  DuckDB        943.67 ms ±  0.00  (4 rows)

wrote bench-results/tput-rebaseline-2026-07-03/sf10-auto/duckdb/s100/batch-2/stream-90.md
