=== TPC-H 22 triangulation bench ===
    data:    /Users/ryanevans/RustroverProjects/ematix-flow/examples/tpch/data/sf10
    queries: 22 ([10, 21, 4, 16, 11, 18, 22, 3, 9, 14, 15, 5, 7, 2, 6, 13, 20, 8, 1, 19, 12, 17])
    trials:  1 (after 0 warmups)
    output:  bench-results/tput-rebaseline-2026-07-03/sf10-auto/duckdb/s100/batch-2/stream-34.md

    NOTE: single-invocation output is SMOKE-GRADE only. For win/loss
    claims use scripts/bench/strict_22q.sh / strict_ab.sh /
    strict_throughput.sh (see scripts/bench/README.md).

--- Q10 ---
  DuckDB       1574.37 ms ±  0.00  (381105 rows)

--- Q21 ---
  DuckDB       3229.08 ms ±  0.00  (4009 rows)

--- Q04 ---
  DuckDB        731.09 ms ±  0.00  (5 rows)

--- Q16 ---
  DuckDB        316.01 ms ±  0.00  (27840 rows)

--- Q11 ---
  DuckDB        100.68 ms ±  0.00  (8685 rows)

--- Q18 ---
  DuckDB       1830.12 ms ±  0.00  (624 rows)

--- Q22 ---
  DuckDB        366.50 ms ±  0.00  (7 rows)

--- Q03 ---
  DuckDB        974.60 ms ±  0.00  (114003 rows)

--- Q09 ---
  DuckDB       2322.33 ms ±  0.00  (175 rows)

--- Q14 ---
  DuckDB        924.85 ms ±  0.00  (1 rows)

--- Q15 ---
  DuckDB        703.67 ms ±  0.00  (1 rows)

--- Q05 ---
  DuckDB       1053.12 ms ±  0.00  (5 rows)

--- Q07 ---
  DuckDB        926.46 ms ±  0.00  (4 rows)

--- Q02 ---
  DuckDB        123.18 ms ±  0.00  (4667 rows)

--- Q06 ---
  DuckDB        559.42 ms ±  0.00  (1 rows)

--- Q13 ---
  DuckDB       1965.85 ms ±  0.00  (46 rows)

--- Q20 ---
  DuckDB        966.57 ms ±  0.00  (1804 rows)

--- Q08 ---
  DuckDB       1189.48 ms ±  0.00  (2 rows)

--- Q01 ---
  DuckDB       2161.95 ms ±  0.00  (4 rows)

--- Q19 ---
  DuckDB       1537.54 ms ±  0.00  (1 rows)

--- Q12 ---
  DuckDB        771.15 ms ±  0.00  (2 rows)

--- Q17 ---
  DuckDB        952.41 ms ±  0.00  (1 rows)

wrote bench-results/tput-rebaseline-2026-07-03/sf10-auto/duckdb/s100/batch-2/stream-34.md
