=== TPC-H 22 triangulation bench ===
    data:    /Users/ryanevans/RustroverProjects/ematix-flow/examples/tpch/data/sf10
    queries: 22 ([5, 15, 14, 17, 9, 3, 4, 19, 2, 22, 21, 8, 1, 12, 13, 20, 10, 11, 7, 18, 6, 16])
    trials:  1 (after 0 warmups)
    output:  bench-results/tput-rebaseline-2026-07-03/sf10-auto/duckdb/s100/batch-2/stream-61.md

    NOTE: single-invocation output is SMOKE-GRADE only. For win/loss
    claims use scripts/bench/strict_22q.sh / strict_ab.sh /
    strict_throughput.sh (see scripts/bench/README.md).

--- Q05 ---
  DuckDB       1042.23 ms ±  0.00  (5 rows)

--- Q15 ---
  DuckDB        461.19 ms ±  0.00  (1 rows)

--- Q14 ---
  DuckDB       1034.06 ms ±  0.00  (1 rows)

--- Q17 ---
  DuckDB       1155.89 ms ±  0.00  (1 rows)

--- Q09 ---
  DuckDB       1798.68 ms ±  0.00  (175 rows)

--- Q03 ---
  DuckDB       1105.57 ms ±  0.00  (114003 rows)

--- Q04 ---
  DuckDB        654.64 ms ±  0.00  (5 rows)

--- Q19 ---
  DuckDB       1620.19 ms ±  0.00  (1 rows)

--- Q02 ---
  DuckDB        122.85 ms ±  0.00  (4667 rows)

--- Q22 ---
  DuckDB        571.40 ms ±  0.00  (7 rows)

--- Q21 ---
  DuckDB       2979.96 ms ±  0.00  (4009 rows)

--- Q08 ---
  DuckDB       1218.81 ms ±  0.00  (2 rows)

--- Q01 ---
  DuckDB       2240.28 ms ±  0.00  (4 rows)

--- Q12 ---
  DuckDB        774.50 ms ±  0.00  (2 rows)

--- Q13 ---
  DuckDB       1779.26 ms ±  0.00  (46 rows)

--- Q20 ---
  DuckDB       1218.49 ms ±  0.00  (1804 rows)

--- Q10 ---
  DuckDB       1938.69 ms ±  0.00  (381105 rows)

--- Q11 ---
  DuckDB        113.91 ms ±  0.00  (8685 rows)

--- Q07 ---
  DuckDB       1198.90 ms ±  0.00  (4 rows)

--- Q18 ---
  DuckDB       1742.79 ms ±  0.00  (624 rows)

--- Q06 ---
  DuckDB        407.12 ms ±  0.00  (1 rows)

--- Q16 ---
  DuckDB        394.24 ms ±  0.00  (27840 rows)

wrote bench-results/tput-rebaseline-2026-07-03/sf10-auto/duckdb/s100/batch-2/stream-61.md
