=== TPC-H 22 triangulation bench ===
    data:    /Users/ryanevans/RustroverProjects/ematix-flow/examples/tpch/data/sf10
    queries: 22 ([19, 11, 8, 1, 4, 13, 2, 22, 18, 12, 15, 6, 20, 14, 5, 17, 3, 7, 10, 9, 16, 21])
    trials:  1 (after 0 warmups)
    output:  bench-results/tput-rebaseline-2026-07-03/sf10-auto/duckdb/s100/batch-2/stream-27.md

    NOTE: single-invocation output is SMOKE-GRADE only. For win/loss
    claims use scripts/bench/strict_22q.sh / strict_ab.sh /
    strict_throughput.sh (see scripts/bench/README.md).

--- Q19 ---
  DuckDB       1554.25 ms ±  0.00  (1 rows)

--- Q11 ---
  DuckDB        209.43 ms ±  0.00  (8685 rows)

--- Q08 ---
  DuckDB       1446.59 ms ±  0.00  (2 rows)

--- Q01 ---
  DuckDB       2027.66 ms ±  0.00  (4 rows)

--- Q04 ---
  DuckDB        672.71 ms ±  0.00  (5 rows)

--- Q13 ---
  DuckDB       1844.86 ms ±  0.00  (46 rows)

--- Q02 ---
  DuckDB        204.79 ms ±  0.00  (4667 rows)

--- Q22 ---
  DuckDB        478.11 ms ±  0.00  (7 rows)

--- Q18 ---
  DuckDB       1473.31 ms ±  0.00  (624 rows)

--- Q12 ---
  DuckDB        898.58 ms ±  0.00  (2 rows)

--- Q15 ---
  DuckDB        595.94 ms ±  0.00  (1 rows)

--- Q06 ---
  DuckDB        548.27 ms ±  0.00  (1 rows)

--- Q20 ---
  DuckDB       1196.34 ms ±  0.00  (1804 rows)

--- Q14 ---
  DuckDB        838.51 ms ±  0.00  (1 rows)

--- Q05 ---
  DuckDB       1044.04 ms ±  0.00  (5 rows)

--- Q17 ---
  DuckDB       1108.62 ms ±  0.00  (1 rows)

--- Q03 ---
  DuckDB       1011.12 ms ±  0.00  (114003 rows)

--- Q07 ---
  DuckDB        917.93 ms ±  0.00  (4 rows)

--- Q10 ---
  DuckDB       1986.22 ms ±  0.00  (381105 rows)

--- Q09 ---
  DuckDB       2355.86 ms ±  0.00  (175 rows)

--- Q16 ---
  DuckDB        341.52 ms ±  0.00  (27840 rows)

--- Q21 ---
  DuckDB       3003.40 ms ±  0.00  (4009 rows)

wrote bench-results/tput-rebaseline-2026-07-03/sf10-auto/duckdb/s100/batch-2/stream-27.md
