=== TPC-H 22 triangulation bench ===
    data:    /Users/ryanevans/RustroverProjects/ematix-flow/examples/tpch/data/sf10
    queries: 22 ([12, 11, 20, 14, 21, 22, 15, 4, 2, 19, 8, 7, 1, 13, 3, 9, 18, 6, 10, 17, 16, 5])
    trials:  1 (after 0 warmups)
    output:  bench-results/tput-rebaseline-2026-07-03/sf10-auto/duckdb/s100/batch-2/stream-82.md

    NOTE: single-invocation output is SMOKE-GRADE only. For win/loss
    claims use scripts/bench/strict_22q.sh / strict_ab.sh /
    strict_throughput.sh (see scripts/bench/README.md).

--- Q12 ---
  DuckDB        850.30 ms ±  0.00  (2 rows)

--- Q11 ---
  DuckDB        283.11 ms ±  0.00  (8685 rows)

--- Q20 ---
  DuckDB       1034.86 ms ±  0.00  (1804 rows)

--- Q14 ---
  DuckDB       1073.45 ms ±  0.00  (1 rows)

--- Q21 ---
  DuckDB       2691.97 ms ±  0.00  (4009 rows)

--- Q22 ---
  DuckDB        456.40 ms ±  0.00  (7 rows)

--- Q15 ---
  DuckDB        777.01 ms ±  0.00  (1 rows)

--- Q04 ---
  DuckDB        783.12 ms ±  0.00  (5 rows)

--- Q02 ---
  DuckDB        303.62 ms ±  0.00  (4667 rows)

--- Q19 ---
  DuckDB       1406.58 ms ±  0.00  (1 rows)

--- Q08 ---
  DuckDB       1265.15 ms ±  0.00  (2 rows)

--- Q07 ---
  DuckDB       1072.91 ms ±  0.00  (4 rows)

--- Q01 ---
  DuckDB       2093.60 ms ±  0.00  (4 rows)

--- Q13 ---
  DuckDB       2092.21 ms ±  0.00  (46 rows)

--- Q03 ---
  DuckDB       1021.19 ms ±  0.00  (114003 rows)

--- Q09 ---
  DuckDB       2254.75 ms ±  0.00  (175 rows)

--- Q18 ---
  DuckDB       1483.95 ms ±  0.00  (624 rows)

--- Q06 ---
  DuckDB        564.55 ms ±  0.00  (1 rows)

--- Q10 ---
  DuckDB       1997.11 ms ±  0.00  (381105 rows)

--- Q17 ---
  DuckDB       1192.07 ms ±  0.00  (1 rows)

--- Q16 ---
  DuckDB        449.53 ms ±  0.00  (27840 rows)

--- Q05 ---
  DuckDB        986.93 ms ±  0.00  (5 rows)

wrote bench-results/tput-rebaseline-2026-07-03/sf10-auto/duckdb/s100/batch-2/stream-82.md
