=== TPC-H 22 triangulation bench ===
    data:    /Users/ryanevans/RustroverProjects/ematix-flow/examples/tpch/data/sf10
    queries: 22 ([4, 16, 21, 5, 1, 14, 12, 19, 2, 3, 10, 11, 8, 9, 13, 6, 7, 17, 20, 22, 18, 15])
    trials:  1 (after 0 warmups)
    output:  bench-results/tput-rebaseline-2026-07-03/sf10-auto/duckdb/s100/batch-2/stream-11.md

    NOTE: single-invocation output is SMOKE-GRADE only. For win/loss
    claims use scripts/bench/strict_22q.sh / strict_ab.sh /
    strict_throughput.sh (see scripts/bench/README.md).

--- Q04 ---
  DuckDB        654.51 ms ±  0.00  (5 rows)

--- Q16 ---
  DuckDB        437.11 ms ±  0.00  (27840 rows)

--- Q21 ---
  DuckDB       2676.55 ms ±  0.00  (4009 rows)

--- Q05 ---
  DuckDB        982.23 ms ±  0.00  (5 rows)

--- Q01 ---
  DuckDB       2127.67 ms ±  0.00  (4 rows)

--- Q14 ---
  DuckDB        898.36 ms ±  0.00  (1 rows)

--- Q12 ---
  DuckDB        719.94 ms ±  0.00  (2 rows)

--- Q19 ---
  DuckDB       1552.37 ms ±  0.00  (1 rows)

--- Q02 ---
  DuckDB        337.27 ms ±  0.00  (4667 rows)

--- Q03 ---
  DuckDB        966.76 ms ±  0.00  (114003 rows)

--- Q10 ---
  DuckDB       1917.15 ms ±  0.00  (381105 rows)

--- Q11 ---
  DuckDB         99.22 ms ±  0.00  (8685 rows)

--- Q08 ---
  DuckDB       1207.27 ms ±  0.00  (2 rows)

--- Q09 ---
  DuckDB       2285.50 ms ±  0.00  (175 rows)

--- Q13 ---
  DuckDB       1932.04 ms ±  0.00  (46 rows)

--- Q06 ---
  DuckDB        378.54 ms ±  0.00  (1 rows)

--- Q07 ---
  DuckDB       1240.43 ms ±  0.00  (4 rows)

--- Q17 ---
  DuckDB       1138.52 ms ±  0.00  (1 rows)

--- Q20 ---
  DuckDB       1327.75 ms ±  0.00  (1804 rows)

--- Q22 ---
  DuckDB        340.13 ms ±  0.00  (7 rows)

--- Q18 ---
  DuckDB       1495.05 ms ±  0.00  (624 rows)

--- Q15 ---
  DuckDB        552.61 ms ±  0.00  (1 rows)

wrote bench-results/tput-rebaseline-2026-07-03/sf10-auto/duckdb/s100/batch-2/stream-11.md
