=== TPC-H 22 triangulation bench ===
    data:    /Users/ryanevans/RustroverProjects/ematix-flow/examples/tpch/data/sf10
    queries: 22 ([15, 8, 1, 14, 18, 19, 11, 21, 16, 12, 3, 10, 5, 9, 6, 13, 7, 20, 4, 17, 2, 22])
    trials:  1 (after 0 warmups)
    output:  bench-results/tput-rebaseline-2026-07-03/sf10-auto/duckdb/s100/batch-2/stream-19.md

    NOTE: single-invocation output is SMOKE-GRADE only. For win/loss
    claims use scripts/bench/strict_22q.sh / strict_ab.sh /
    strict_throughput.sh (see scripts/bench/README.md).

--- Q15 ---
  DuckDB        589.32 ms ±  0.00  (1 rows)

--- Q08 ---
  DuckDB       1338.40 ms ±  0.00  (2 rows)

--- Q01 ---
  DuckDB       2063.95 ms ±  0.00  (4 rows)

--- Q14 ---
  DuckDB        895.01 ms ±  0.00  (1 rows)

--- Q18 ---
  DuckDB       1789.13 ms ±  0.00  (624 rows)

--- Q19 ---
  DuckDB       1390.02 ms ±  0.00  (1 rows)

--- Q11 ---
  DuckDB        163.01 ms ±  0.00  (8685 rows)

--- Q21 ---
  DuckDB       2939.25 ms ±  0.00  (4009 rows)

--- Q16 ---
  DuckDB        371.23 ms ±  0.00  (27840 rows)

--- Q12 ---
  DuckDB        647.56 ms ±  0.00  (2 rows)

--- Q03 ---
  DuckDB        963.13 ms ±  0.00  (114003 rows)

--- Q10 ---
  DuckDB       2119.92 ms ±  0.00  (381105 rows)

--- Q05 ---
  DuckDB        972.96 ms ±  0.00  (5 rows)

--- Q09 ---
  DuckDB       2234.53 ms ±  0.00  (175 rows)

--- Q06 ---
  DuckDB        752.43 ms ±  0.00  (1 rows)

--- Q13 ---
  DuckDB       1888.60 ms ±  0.00  (46 rows)

--- Q07 ---
  DuckDB       1043.33 ms ±  0.00  (4 rows)

--- Q20 ---
  DuckDB       1050.46 ms ±  0.00  (1804 rows)

--- Q04 ---
  DuckDB        460.01 ms ±  0.00  (5 rows)

--- Q17 ---
  DuckDB       1045.50 ms ±  0.00  (1 rows)

--- Q02 ---
  DuckDB         83.53 ms ±  0.00  (4667 rows)

--- Q22 ---
  DuckDB        456.61 ms ±  0.00  (7 rows)

wrote bench-results/tput-rebaseline-2026-07-03/sf10-auto/duckdb/s100/batch-2/stream-19.md
