=== TPC-H 22 triangulation bench ===
    data:    /Users/ryanevans/RustroverProjects/ematix-flow/examples/tpch/data/sf10
    queries: 22 ([18, 14, 8, 9, 10, 15, 20, 5, 16, 6, 17, 19, 3, 1, 22, 2, 21, 4, 7, 13, 11, 12])
    trials:  1 (after 0 warmups)
    output:  bench-results/tput-rebaseline-2026-07-03/sf10-auto/duckdb/s100/batch-2/stream-96.md

    NOTE: single-invocation output is SMOKE-GRADE only. For win/loss
    claims use scripts/bench/strict_22q.sh / strict_ab.sh /
    strict_throughput.sh (see scripts/bench/README.md).

--- Q18 ---
  DuckDB       1682.49 ms ±  0.00  (624 rows)

--- Q14 ---
  DuckDB        924.10 ms ±  0.00  (1 rows)

--- Q08 ---
  DuckDB       1408.89 ms ±  0.00  (2 rows)

--- Q09 ---
  DuckDB       2182.50 ms ±  0.00  (175 rows)

--- Q10 ---
  DuckDB       1894.61 ms ±  0.00  (381105 rows)

--- Q15 ---
  DuckDB        613.22 ms ±  0.00  (1 rows)

--- Q20 ---
  DuckDB        902.73 ms ±  0.00  (1804 rows)

--- Q05 ---
  DuckDB        972.44 ms ±  0.00  (5 rows)

--- Q16 ---
  DuckDB        383.86 ms ±  0.00  (27840 rows)

--- Q06 ---
  DuckDB        523.56 ms ±  0.00  (1 rows)

--- Q17 ---
  DuckDB       1003.01 ms ±  0.00  (1 rows)

--- Q19 ---
  DuckDB       1570.94 ms ±  0.00  (1 rows)

--- Q03 ---
  DuckDB       1163.46 ms ±  0.00  (114003 rows)

--- Q01 ---
  DuckDB       2159.23 ms ±  0.00  (4 rows)

--- Q22 ---
  DuckDB        461.29 ms ±  0.00  (7 rows)

--- Q02 ---
  DuckDB        201.15 ms ±  0.00  (4667 rows)

--- Q21 ---
  DuckDB       3215.50 ms ±  0.00  (4009 rows)

--- Q04 ---
  DuckDB        686.98 ms ±  0.00  (5 rows)

--- Q07 ---
  DuckDB        997.71 ms ±  0.00  (4 rows)

--- Q13 ---
  DuckDB       1262.23 ms ±  0.00  (46 rows)

--- Q11 ---
  DuckDB        129.44 ms ±  0.00  (8685 rows)

--- Q12 ---
  DuckDB        359.32 ms ±  0.00  (2 rows)

wrote bench-results/tput-rebaseline-2026-07-03/sf10-auto/duckdb/s100/batch-2/stream-96.md
