=== TPC-H 22 triangulation bench ===
    data:    /Users/ryanevans/RustroverProjects/ematix-flow/examples/tpch/data/sf10
    queries: 22 ([1, 2, 3, 17, 5, 14, 12, 19, 9, 18, 21, 10, 6, 16, 13, 15, 8, 22, 11, 4, 20, 7])
    trials:  1 (after 0 warmups)
    output:  bench-results/tput-rebaseline-2026-07-03/sf10-auto/duckdb/s100/batch-2/stream-85.md

    NOTE: single-invocation output is SMOKE-GRADE only. For win/loss
    claims use scripts/bench/strict_22q.sh / strict_ab.sh /
    strict_throughput.sh (see scripts/bench/README.md).

--- Q01 ---
  DuckDB       1895.08 ms ±  0.00  (4 rows)

--- Q02 ---
  DuckDB        245.93 ms ±  0.00  (4667 rows)

--- Q03 ---
  DuckDB       1109.21 ms ±  0.00  (114003 rows)

--- Q17 ---
  DuckDB       1032.20 ms ±  0.00  (1 rows)

--- Q05 ---
  DuckDB        920.26 ms ±  0.00  (5 rows)

--- Q14 ---
  DuckDB        912.07 ms ±  0.00  (1 rows)

--- Q12 ---
  DuckDB        935.43 ms ±  0.00  (2 rows)

--- Q19 ---
  DuckDB       1610.84 ms ±  0.00  (1 rows)

--- Q09 ---
  DuckDB       1968.86 ms ±  0.00  (175 rows)

--- Q18 ---
  DuckDB       1634.16 ms ±  0.00  (624 rows)

--- Q21 ---
  DuckDB       3022.02 ms ±  0.00  (4009 rows)

--- Q10 ---
  DuckDB       1799.38 ms ±  0.00  (381105 rows)

--- Q06 ---
  DuckDB        410.47 ms ±  0.00  (1 rows)

--- Q16 ---
  DuckDB        295.71 ms ±  0.00  (27840 rows)

--- Q13 ---
  DuckDB       2195.05 ms ±  0.00  (46 rows)

--- Q15 ---
  DuckDB        611.50 ms ±  0.00  (1 rows)

--- Q08 ---
  DuckDB       1208.03 ms ±  0.00  (2 rows)

--- Q22 ---
  DuckDB        366.45 ms ±  0.00  (7 rows)

--- Q11 ---
  DuckDB         45.66 ms ±  0.00  (8685 rows)

--- Q04 ---
  DuckDB        693.59 ms ±  0.00  (5 rows)

--- Q20 ---
  DuckDB        905.00 ms ±  0.00  (1804 rows)

--- Q07 ---
  DuckDB        923.63 ms ±  0.00  (4 rows)

wrote bench-results/tput-rebaseline-2026-07-03/sf10-auto/duckdb/s100/batch-2/stream-85.md
