=== TPC-H 22 triangulation bench ===
    data:    /Users/ryanevans/RustroverProjects/ematix-flow/examples/tpch/data/sf10
    queries: 22 ([21, 19, 20, 13, 18, 4, 14, 5, 3, 22, 6, 12, 9, 15, 8, 7, 11, 17, 1, 16, 2, 10])
    trials:  1 (after 0 warmups)
    output:  bench-results/tput-rebaseline-2026-07-03/sf10-auto/duckdb/s100/batch-2/stream-84.md

    NOTE: single-invocation output is SMOKE-GRADE only. For win/loss
    claims use scripts/bench/strict_22q.sh / strict_ab.sh /
    strict_throughput.sh (see scripts/bench/README.md).

--- Q21 ---
  DuckDB       2844.02 ms ±  0.00  (4009 rows)

--- Q19 ---
  DuckDB       1509.28 ms ±  0.00  (1 rows)

--- Q20 ---
  DuckDB       1363.96 ms ±  0.00  (1804 rows)

--- Q13 ---
  DuckDB       1879.78 ms ±  0.00  (46 rows)

--- Q18 ---
  DuckDB       1431.43 ms ±  0.00  (624 rows)

--- Q04 ---
  DuckDB        749.18 ms ±  0.00  (5 rows)

--- Q14 ---
  DuckDB        767.67 ms ±  0.00  (1 rows)

--- Q05 ---
  DuckDB       1161.65 ms ±  0.00  (5 rows)

--- Q03 ---
  DuckDB        900.26 ms ±  0.00  (114003 rows)

--- Q22 ---
  DuckDB        412.37 ms ±  0.00  (7 rows)

--- Q06 ---
  DuckDB        480.67 ms ±  0.00  (1 rows)

--- Q12 ---
  DuckDB        881.18 ms ±  0.00  (2 rows)

--- Q09 ---
  DuckDB       2503.94 ms ±  0.00  (175 rows)

--- Q15 ---
  DuckDB        733.27 ms ±  0.00  (1 rows)

--- Q08 ---
  DuckDB       1261.37 ms ±  0.00  (2 rows)

--- Q07 ---
  DuckDB       1056.16 ms ±  0.00  (4 rows)

--- Q11 ---
  DuckDB         95.10 ms ±  0.00  (8685 rows)

--- Q17 ---
  DuckDB       1176.14 ms ±  0.00  (1 rows)

--- Q01 ---
  DuckDB       2242.53 ms ±  0.00  (4 rows)

--- Q16 ---
  DuckDB        294.53 ms ±  0.00  (27840 rows)

--- Q02 ---
  DuckDB        216.43 ms ±  0.00  (4667 rows)

--- Q10 ---
  DuckDB       2168.65 ms ±  0.00  (381105 rows)

wrote bench-results/tput-rebaseline-2026-07-03/sf10-auto/duckdb/s100/batch-2/stream-84.md
