=== TPC-H 22 triangulation bench ===
    data:    /Users/ryanevans/RustroverProjects/ematix-flow/examples/tpch/data/sf10
    queries: 22 ([20, 12, 16, 3, 6, 17, 19, 1, 13, 8, 21, 18, 22, 11, 15, 5, 2, 14, 9, 10, 4, 7])
    trials:  1 (after 0 warmups)
    output:  bench-results/tput-rebaseline-2026-07-03/sf10-auto/duckdb/s100/batch-2/stream-78.md

    NOTE: single-invocation output is SMOKE-GRADE only. For win/loss
    claims use scripts/bench/strict_22q.sh / strict_ab.sh /
    strict_throughput.sh (see scripts/bench/README.md).

--- Q20 ---
  DuckDB        947.87 ms ±  0.00  (1804 rows)

--- Q12 ---
  DuckDB       1021.70 ms ±  0.00  (2 rows)

--- Q16 ---
  DuckDB        283.06 ms ±  0.00  (27840 rows)

--- Q03 ---
  DuckDB       1257.03 ms ±  0.00  (114003 rows)

--- Q06 ---
  DuckDB        493.09 ms ±  0.00  (1 rows)

--- Q17 ---
  DuckDB       1164.92 ms ±  0.00  (1 rows)

--- Q19 ---
  DuckDB       1583.25 ms ±  0.00  (1 rows)

--- Q01 ---
  DuckDB       2105.50 ms ±  0.00  (4 rows)

--- Q13 ---
  DuckDB       2004.32 ms ±  0.00  (46 rows)

--- Q08 ---
  DuckDB       1103.30 ms ±  0.00  (2 rows)

--- Q21 ---
  DuckDB       2922.55 ms ±  0.00  (4009 rows)

--- Q18 ---
  DuckDB       1544.02 ms ±  0.00  (624 rows)

--- Q22 ---
  DuckDB        309.93 ms ±  0.00  (7 rows)

--- Q11 ---
  DuckDB         44.25 ms ±  0.00  (8685 rows)

--- Q15 ---
  DuckDB        618.17 ms ±  0.00  (1 rows)

--- Q05 ---
  DuckDB        816.67 ms ±  0.00  (5 rows)

--- Q02 ---
  DuckDB        368.58 ms ±  0.00  (4667 rows)

--- Q14 ---
  DuckDB        898.19 ms ±  0.00  (1 rows)

--- Q09 ---
  DuckDB       2088.63 ms ±  0.00  (175 rows)

--- Q10 ---
  DuckDB       1910.00 ms ±  0.00  (381105 rows)

--- Q04 ---
  DuckDB        675.47 ms ±  0.00  (5 rows)

--- Q07 ---
  DuckDB       1033.88 ms ±  0.00  (4 rows)

wrote bench-results/tput-rebaseline-2026-07-03/sf10-auto/duckdb/s100/batch-2/stream-78.md
