=== TPC-H 22 triangulation bench ===
    data:    /Users/ryanevans/RustroverProjects/ematix-flow/examples/tpch/data/sf10
    queries: 22 ([12, 1, 7, 9, 3, 19, 13, 5, 21, 8, 2, 16, 18, 14, 15, 6, 10, 22, 11, 4, 17, 20])
    trials:  1 (after 0 warmups)
    output:  bench-results/tput-rebaseline-2026-07-03/sf10-auto/duckdb/s100/batch-2/stream-74.md

    NOTE: single-invocation output is SMOKE-GRADE only. For win/loss
    claims use scripts/bench/strict_22q.sh / strict_ab.sh /
    strict_throughput.sh (see scripts/bench/README.md).

--- Q12 ---
  DuckDB        723.59 ms ±  0.00  (2 rows)

--- Q01 ---
  DuckDB       1945.13 ms ±  0.00  (4 rows)

--- Q07 ---
  DuckDB        958.53 ms ±  0.00  (4 rows)

--- Q09 ---
  DuckDB       2308.17 ms ±  0.00  (175 rows)

--- Q03 ---
  DuckDB       1159.63 ms ±  0.00  (114003 rows)

--- Q19 ---
  DuckDB       1447.63 ms ±  0.00  (1 rows)

--- Q13 ---
  DuckDB       2044.32 ms ±  0.00  (46 rows)

--- Q05 ---
  DuckDB       1011.43 ms ±  0.00  (5 rows)

--- Q21 ---
  DuckDB       3105.82 ms ±  0.00  (4009 rows)

--- Q08 ---
  DuckDB       1354.40 ms ±  0.00  (2 rows)

--- Q02 ---
  DuckDB         90.69 ms ±  0.00  (4667 rows)

--- Q16 ---
  DuckDB        355.29 ms ±  0.00  (27840 rows)

--- Q18 ---
  DuckDB       1702.57 ms ±  0.00  (624 rows)

--- Q14 ---
  DuckDB        726.56 ms ±  0.00  (1 rows)

--- Q15 ---
  DuckDB        568.92 ms ±  0.00  (1 rows)

--- Q06 ---
  DuckDB        454.99 ms ±  0.00  (1 rows)

--- Q10 ---
  DuckDB       1579.71 ms ±  0.00  (381105 rows)

--- Q22 ---
  DuckDB        431.06 ms ±  0.00  (7 rows)

--- Q11 ---
  DuckDB        132.14 ms ±  0.00  (8685 rows)

--- Q04 ---
  DuckDB        741.06 ms ±  0.00  (5 rows)

--- Q17 ---
  DuckDB       1213.37 ms ±  0.00  (1 rows)

--- Q20 ---
  DuckDB       1215.12 ms ±  0.00  (1804 rows)

wrote bench-results/tput-rebaseline-2026-07-03/sf10-auto/duckdb/s100/batch-2/stream-74.md
