=== TPC-H 22 triangulation bench ===
    data:    /Users/ryanevans/RustroverProjects/ematix-flow/examples/tpch/data/sf10
    queries: 22 ([2, 14, 17, 6, 11, 7, 20, 13, 15, 4, 9, 21, 22, 1, 10, 3, 16, 12, 5, 18, 19, 8])
    trials:  1 (after 0 warmups)
    output:  bench-results/tput-rebaseline-2026-07-03/sf10-auto/duckdb/s100/batch-2/stream-3.md

    NOTE: single-invocation output is SMOKE-GRADE only. For win/loss
    claims use scripts/bench/strict_22q.sh / strict_ab.sh /
    strict_throughput.sh (see scripts/bench/README.md).

--- Q02 ---
  DuckDB        157.30 ms ±  0.00  (4667 rows)

--- Q14 ---
  DuckDB        764.77 ms ±  0.00  (1 rows)

--- Q17 ---
  DuckDB       1156.06 ms ±  0.00  (1 rows)

--- Q06 ---
  DuckDB        608.05 ms ±  0.00  (1 rows)

--- Q11 ---
  DuckDB         71.45 ms ±  0.00  (8685 rows)

--- Q07 ---
  DuckDB        996.77 ms ±  0.00  (4 rows)

--- Q20 ---
  DuckDB       1383.01 ms ±  0.00  (1804 rows)

--- Q13 ---
  DuckDB       1853.50 ms ±  0.00  (46 rows)

--- Q15 ---
  DuckDB        548.98 ms ±  0.00  (1 rows)

--- Q04 ---
  DuckDB        632.96 ms ±  0.00  (5 rows)

--- Q09 ---
  DuckDB       2236.77 ms ±  0.00  (175 rows)

--- Q21 ---
  DuckDB       2945.34 ms ±  0.00  (4009 rows)

--- Q22 ---
  DuckDB        225.54 ms ±  0.00  (7 rows)

--- Q01 ---
  DuckDB       2336.26 ms ±  0.00  (4 rows)

--- Q10 ---
  DuckDB       1620.59 ms ±  0.00  (381105 rows)

--- Q03 ---
  DuckDB        920.77 ms ±  0.00  (114003 rows)

--- Q16 ---
  DuckDB        392.82 ms ±  0.00  (27840 rows)

--- Q12 ---
  DuckDB        782.83 ms ±  0.00  (2 rows)

--- Q05 ---
  DuckDB        927.13 ms ±  0.00  (5 rows)

--- Q18 ---
  DuckDB       1567.59 ms ±  0.00  (624 rows)

--- Q19 ---
  DuckDB       1494.50 ms ±  0.00  (1 rows)

--- Q08 ---
  DuckDB       1057.06 ms ±  0.00  (2 rows)

wrote bench-results/tput-rebaseline-2026-07-03/sf10-auto/duckdb/s100/batch-2/stream-3.md
