=== TPC-H 22 triangulation bench ===
    data:    /Users/ryanevans/RustroverProjects/ematix-flow/examples/tpch/data/sf10
    queries: 22 ([14, 22, 9, 15, 10, 21, 4, 6, 3, 20, 13, 16, 7, 5, 18, 11, 17, 8, 1, 19, 12, 2])
    trials:  1 (after 0 warmups)
    output:  bench-results/tput-rebaseline-2026-07-03/sf10-auto/duckdb/s100/batch-2/stream-57.md

    NOTE: single-invocation output is SMOKE-GRADE only. For win/loss
    claims use scripts/bench/strict_22q.sh / strict_ab.sh /
    strict_throughput.sh (see scripts/bench/README.md).

--- Q14 ---
  DuckDB        891.40 ms ±  0.00  (1 rows)

--- Q22 ---
  DuckDB        325.31 ms ±  0.00  (7 rows)

--- Q09 ---
  DuckDB       2397.49 ms ±  0.00  (175 rows)

--- Q15 ---
  DuckDB        452.77 ms ±  0.00  (1 rows)

--- Q10 ---
  DuckDB       2046.40 ms ±  0.00  (381105 rows)

--- Q21 ---
  DuckDB       2973.55 ms ±  0.00  (4009 rows)

--- Q04 ---
  DuckDB        656.21 ms ±  0.00  (5 rows)

--- Q06 ---
  DuckDB        561.64 ms ±  0.00  (1 rows)

--- Q03 ---
  DuckDB       1128.57 ms ±  0.00  (114003 rows)

--- Q20 ---
  DuckDB       1128.28 ms ±  0.00  (1804 rows)

--- Q13 ---
  DuckDB       1776.41 ms ±  0.00  (46 rows)

--- Q16 ---
  DuckDB        400.64 ms ±  0.00  (27840 rows)

--- Q07 ---
  DuckDB       1158.27 ms ±  0.00  (4 rows)

--- Q05 ---
  DuckDB       1058.44 ms ±  0.00  (5 rows)

--- Q18 ---
  DuckDB       1770.16 ms ±  0.00  (624 rows)

--- Q11 ---
  DuckDB         84.01 ms ±  0.00  (8685 rows)

--- Q17 ---
  DuckDB        965.73 ms ±  0.00  (1 rows)

--- Q08 ---
  DuckDB       1254.12 ms ±  0.00  (2 rows)

--- Q01 ---
  DuckDB       2081.24 ms ±  0.00  (4 rows)

--- Q19 ---
  DuckDB       1486.34 ms ±  0.00  (1 rows)

--- Q12 ---
  DuckDB        710.10 ms ±  0.00  (2 rows)

--- Q02 ---
  DuckDB        257.48 ms ±  0.00  (4667 rows)

wrote bench-results/tput-rebaseline-2026-07-03/sf10-auto/duckdb/s100/batch-2/stream-57.md
