=== TPC-H 22 triangulation bench ===
    data:    /Users/ryanevans/RustroverProjects/ematix-flow/examples/tpch/data/sf10
    queries: 22 ([14, 20, 18, 4, 15, 12, 13, 7, 21, 3, 11, 2, 1, 6, 17, 16, 8, 9, 5, 19, 22, 10])
    trials:  1 (after 0 warmups)
    output:  bench-results/tput-rebaseline-2026-07-03/sf10-auto/duckdb/s100/batch-2/stream-60.md

    NOTE: single-invocation output is SMOKE-GRADE only. For win/loss
    claims use scripts/bench/strict_22q.sh / strict_ab.sh /
    strict_throughput.sh (see scripts/bench/README.md).

--- Q14 ---
  DuckDB        728.94 ms ±  0.00  (1 rows)

--- Q20 ---
  DuckDB       1271.14 ms ±  0.00  (1804 rows)

--- Q18 ---
  DuckDB       1532.08 ms ±  0.00  (624 rows)

--- Q04 ---
  DuckDB        629.89 ms ±  0.00  (5 rows)

--- Q15 ---
  DuckDB        508.44 ms ±  0.00  (1 rows)

--- Q12 ---
  DuckDB        751.45 ms ±  0.00  (2 rows)

--- Q13 ---
  DuckDB       2074.08 ms ±  0.00  (46 rows)

--- Q07 ---
  DuckDB       1092.20 ms ±  0.00  (4 rows)

--- Q21 ---
  DuckDB       2849.59 ms ±  0.00  (4009 rows)

--- Q03 ---
  DuckDB        927.20 ms ±  0.00  (114003 rows)

--- Q11 ---
  DuckDB        269.44 ms ±  0.00  (8685 rows)

--- Q02 ---
  DuckDB        226.15 ms ±  0.00  (4667 rows)

--- Q01 ---
  DuckDB       2178.65 ms ±  0.00  (4 rows)

--- Q06 ---
  DuckDB        466.71 ms ±  0.00  (1 rows)

--- Q17 ---
  DuckDB       1048.55 ms ±  0.00  (1 rows)

--- Q16 ---
  DuckDB        214.43 ms ±  0.00  (27840 rows)

--- Q08 ---
  DuckDB       1059.27 ms ±  0.00  (2 rows)

--- Q09 ---
  DuckDB       2113.62 ms ±  0.00  (175 rows)

--- Q05 ---
  DuckDB       1065.74 ms ±  0.00  (5 rows)

--- Q19 ---
  DuckDB       1308.60 ms ±  0.00  (1 rows)

--- Q22 ---
  DuckDB        369.33 ms ±  0.00  (7 rows)

--- Q10 ---
  DuckDB       1554.90 ms ±  0.00  (381105 rows)

wrote bench-results/tput-rebaseline-2026-07-03/sf10-auto/duckdb/s100/batch-2/stream-60.md
