=== TPC-H 22 triangulation bench ===
    data:    /Users/ryanevans/RustroverProjects/ematix-flow/examples/tpch/data/sf10
    queries: 22 ([15, 22, 9, 5, 12, 20, 10, 14, 19, 4, 18, 3, 11, 13, 16, 21, 8, 6, 2, 17, 1, 7])
    trials:  1 (after 0 warmups)
    output:  bench-results/tput-rebaseline-2026-07-03/sf10-auto/duckdb/s100/batch-2/stream-15.md

    NOTE: single-invocation output is SMOKE-GRADE only. For win/loss
    claims use scripts/bench/strict_22q.sh / strict_ab.sh /
    strict_throughput.sh (see scripts/bench/README.md).

--- Q15 ---
  DuckDB        522.30 ms ±  0.00  (1 rows)

--- Q22 ---
  DuckDB        294.23 ms ±  0.00  (7 rows)

--- Q09 ---
  DuckDB       2249.95 ms ±  0.00  (175 rows)

--- Q05 ---
  DuckDB       1193.56 ms ±  0.00  (5 rows)

--- Q12 ---
  DuckDB        567.26 ms ±  0.00  (2 rows)

--- Q20 ---
  DuckDB       1021.54 ms ±  0.00  (1804 rows)

--- Q10 ---
  DuckDB       1948.86 ms ±  0.00  (381105 rows)

--- Q14 ---
  DuckDB        703.62 ms ±  0.00  (1 rows)

--- Q19 ---
  DuckDB       1585.62 ms ±  0.00  (1 rows)

--- Q04 ---
  DuckDB        685.36 ms ±  0.00  (5 rows)

--- Q18 ---
  DuckDB       1628.11 ms ±  0.00  (624 rows)

--- Q03 ---
  DuckDB       1123.56 ms ±  0.00  (114003 rows)

--- Q11 ---
  DuckDB        101.20 ms ±  0.00  (8685 rows)

--- Q13 ---
  DuckDB       1927.01 ms ±  0.00  (46 rows)

--- Q16 ---
  DuckDB        273.35 ms ±  0.00  (27840 rows)

--- Q21 ---
  DuckDB       3133.19 ms ±  0.00  (4009 rows)

--- Q08 ---
  DuckDB       1345.78 ms ±  0.00  (2 rows)

--- Q06 ---
  DuckDB        545.35 ms ±  0.00  (1 rows)

--- Q02 ---
  DuckDB        228.85 ms ±  0.00  (4667 rows)

--- Q17 ---
  DuckDB       1039.34 ms ±  0.00  (1 rows)

--- Q01 ---
  DuckDB       2104.62 ms ±  0.00  (4 rows)

--- Q07 ---
  DuckDB        865.88 ms ±  0.00  (4 rows)

wrote bench-results/tput-rebaseline-2026-07-03/sf10-auto/duckdb/s100/batch-2/stream-15.md
