=== TPC-H 22 triangulation bench ===
    data:    /Users/ryanevans/RustroverProjects/ematix-flow/examples/tpch/data/sf10
    queries: 22 ([20, 6, 14, 10, 21, 22, 12, 13, 1, 17, 2, 18, 7, 11, 8, 15, 16, 4, 9, 3, 19, 5])
    trials:  1 (after 0 warmups)
    output:  bench-results/sched-arc-2026-07-03/sf10-final/ematix/s1/batch-3/stream-1.md

    NOTE: single-invocation output is SMOKE-GRADE only. For win/loss
    claims use scripts/bench/strict_22q.sh / strict_ab.sh /
    strict_throughput.sh (see scripts/bench/README.md).

--- Q20 ---
  ematix-flow   123.16 ms ±  0.00  (1804 rows)

--- Q06 ---
  ematix-flow    60.54 ms ±  0.00  (1 rows)

--- Q14 ---
  ematix-flow    82.43 ms ±  0.00  (1 rows)

--- Q10 ---
  ematix-flow   238.39 ms ±  0.00  (381105 rows)

--- Q21 ---
  ematix-flow   205.56 ms ±  0.00  (4009 rows)

--- Q22 ---
  ematix-flow    41.13 ms ±  0.00  (7 rows)

--- Q12 ---
  ematix-flow    98.37 ms ±  0.00  (2 rows)

--- Q13 ---
  ematix-flow   135.53 ms ±  0.00  (46 rows)

--- Q01 ---
  ematix-flow   230.70 ms ±  0.00  (4 rows)

--- Q17 ---
  ematix-flow   122.55 ms ±  0.00  (1 rows)

--- Q02 ---
  ematix-flow    26.15 ms ±  0.00  (4667 rows)

--- Q18 ---
  ematix-flow   216.39 ms ±  0.00  (624 rows)

--- Q07 ---
  ematix-flow   134.02 ms ±  0.00  (4 rows)

--- Q11 ---
  ematix-flow    17.78 ms ±  0.00  (8685 rows)

--- Q08 ---
  ematix-flow   148.64 ms ±  0.00  (2 rows)

--- Q15 ---
  ematix-flow    59.34 ms ±  0.00  (1 rows)

--- Q16 ---
  ematix-flow    45.84 ms ±  0.00  (27840 rows)

--- Q04 ---
  ematix-flow    76.93 ms ±  0.00  (5 rows)

--- Q09 ---
  ematix-flow   268.68 ms ±  0.00  (175 rows)

--- Q03 ---
  ematix-flow   124.31 ms ±  0.00  (114003 rows)

--- Q19 ---
  ematix-flow   124.78 ms ±  0.00  (1 rows)

--- Q05 ---
  ematix-flow   140.43 ms ±  0.00  (5 rows)

wrote bench-results/sched-arc-2026-07-03/sf10-final/ematix/s1/batch-3/stream-1.md
