=== TPC-H 22 triangulation bench ===
    data:    /Users/ryanevans/RustroverProjects/ematix-flow/examples/tpch/data/sf10
    queries: 22 ([21, 13, 19, 22, 10, 14, 5, 7, 4, 16, 6, 2, 3, 18, 11, 8, 15, 1, 17, 12, 9, 20])
    trials:  1 (after 0 warmups)
    output:  /Users/ryanevans/RustroverProjects/ematix-flow/bench-results/campaign-2026-07-01/tput-sf10/duckdb/s10/batch-1/stream-5.md

    NOTE: single-invocation output is SMOKE-GRADE only. For win/loss
    claims use scripts/bench/strict_22q.sh / strict_ab.sh /
    strict_throughput.sh (see scripts/bench/README.md).

--- Q21 ---
  DuckDB       2963.00 ms ±  0.00  (4009 rows)

--- Q13 ---
  DuckDB       2024.56 ms ±  0.00  (46 rows)

--- Q19 ---
  DuckDB       1555.97 ms ±  0.00  (1 rows)

--- Q22 ---
  DuckDB        490.92 ms ±  0.00  (7 rows)

--- Q10 ---
  DuckDB       1964.39 ms ±  0.00  (381105 rows)

--- Q14 ---
  DuckDB       1036.55 ms ±  0.00  (1 rows)

--- Q05 ---
  DuckDB        869.95 ms ±  0.00  (5 rows)

--- Q07 ---
  DuckDB       1063.05 ms ±  0.00  (4 rows)

--- Q04 ---
  DuckDB        643.86 ms ±  0.00  (5 rows)

--- Q16 ---
  DuckDB        494.42 ms ±  0.00  (27840 rows)

--- Q06 ---
  DuckDB        530.28 ms ±  0.00  (1 rows)

--- Q02 ---
  DuckDB        449.15 ms ±  0.00  (4667 rows)

--- Q03 ---
  DuckDB       1082.42 ms ±  0.00  (114003 rows)

--- Q18 ---
  DuckDB       1646.38 ms ±  0.00  (624 rows)

--- Q11 ---
  DuckDB        154.95 ms ±  0.00  (8685 rows)

--- Q08 ---
  DuckDB       1277.32 ms ±  0.00  (2 rows)

--- Q15 ---
  DuckDB        638.85 ms ±  0.00  (1 rows)

--- Q01 ---
  DuckDB       2429.80 ms ±  0.00  (4 rows)

--- Q17 ---
  DuckDB       1213.47 ms ±  0.00  (1 rows)

--- Q12 ---
  DuckDB        747.85 ms ±  0.00  (2 rows)

--- Q09 ---
  DuckDB       1817.93 ms ±  0.00  (175 rows)

--- Q20 ---
  DuckDB        397.72 ms ±  0.00  (1804 rows)

wrote /Users/ryanevans/RustroverProjects/ematix-flow/bench-results/campaign-2026-07-01/tput-sf10/duckdb/s10/batch-1/stream-5.md
