=== TPC-H 22 triangulation bench ===
    data:    /Users/ryanevans/RustroverProjects/ematix-flow/examples/tpch/data/sf10
    queries: 22 ([6, 18, 21, 16, 8, 15, 22, 20, 7, 19, 14, 17, 9, 1, 10, 12, 4, 3, 2, 13, 5, 11])
    trials:  1 (after 0 warmups)
    output:  /Users/ryanevans/RustroverProjects/ematix-flow/bench-results/campaign-2026-07-01/tput-sf10/duckdb/s10/batch-1/stream-7.md

    NOTE: single-invocation output is SMOKE-GRADE only. For win/loss
    claims use scripts/bench/strict_22q.sh / strict_ab.sh /
    strict_throughput.sh (see scripts/bench/README.md).

--- Q06 ---
  DuckDB        444.70 ms ±  0.00  (1 rows)

--- Q18 ---
  DuckDB       1749.03 ms ±  0.00  (624 rows)

--- Q21 ---
  DuckDB       3001.16 ms ±  0.00  (4009 rows)

--- Q16 ---
  DuckDB        336.64 ms ±  0.00  (27840 rows)

--- Q08 ---
  DuckDB       1196.40 ms ±  0.00  (2 rows)

--- Q15 ---
  DuckDB        621.63 ms ±  0.00  (1 rows)

--- Q22 ---
  DuckDB        421.49 ms ±  0.00  (7 rows)

--- Q20 ---
  DuckDB       1002.42 ms ±  0.00  (1804 rows)

--- Q07 ---
  DuckDB        960.85 ms ±  0.00  (4 rows)

--- Q19 ---
  DuckDB       1575.67 ms ±  0.00  (1 rows)

--- Q14 ---
  DuckDB       1025.07 ms ±  0.00  (1 rows)

--- Q17 ---
  DuckDB       1118.35 ms ±  0.00  (1 rows)

--- Q09 ---
  DuckDB       2404.90 ms ±  0.00  (175 rows)

--- Q01 ---
  DuckDB       2070.92 ms ±  0.00  (4 rows)

--- Q10 ---
  DuckDB       1815.75 ms ±  0.00  (381105 rows)

--- Q12 ---
  DuckDB        747.85 ms ±  0.00  (2 rows)

--- Q04 ---
  DuckDB        753.96 ms ±  0.00  (5 rows)

--- Q03 ---
  DuckDB       1149.37 ms ±  0.00  (114003 rows)

--- Q02 ---
  DuckDB        100.80 ms ±  0.00  (4667 rows)

--- Q13 ---
  DuckDB       1615.96 ms ±  0.00  (46 rows)

--- Q05 ---
  DuckDB        499.35 ms ±  0.00  (5 rows)

--- Q11 ---
  DuckDB         76.97 ms ±  0.00  (8685 rows)

wrote /Users/ryanevans/RustroverProjects/ematix-flow/bench-results/campaign-2026-07-01/tput-sf10/duckdb/s10/batch-1/stream-7.md
