=== TPC-H 22 triangulation bench ===
    data:    /Users/ryanevans/RustroverProjects/ematix-flow/examples/tpch/data/sf10
    queries: 22 ([20, 6, 14, 10, 21, 22, 12, 13, 1, 17, 2, 18, 7, 11, 8, 15, 16, 4, 9, 3, 19, 5])
    trials:  1 (after 0 warmups)
    output:  /Users/ryanevans/RustroverProjects/ematix-flow/bench-results/campaign-2026-07-01/tput-sf10/duckdb/s1/batch-3/stream-1.md

    NOTE: single-invocation output is SMOKE-GRADE only. For win/loss
    claims use scripts/bench/strict_22q.sh / strict_ab.sh /
    strict_throughput.sh (see scripts/bench/README.md).

--- Q20 ---
  DuckDB        134.50 ms ±  0.00  (1804 rows)

--- Q06 ---
  DuckDB         73.71 ms ±  0.00  (1 rows)

--- Q14 ---
  DuckDB        125.01 ms ±  0.00  (1 rows)

--- Q10 ---
  DuckDB        232.45 ms ±  0.00  (381105 rows)

--- Q21 ---
  DuckDB        377.93 ms ±  0.00  (4009 rows)

--- Q22 ---
  DuckDB         54.71 ms ±  0.00  (7 rows)

--- Q12 ---
  DuckDB        114.50 ms ±  0.00  (2 rows)

--- Q13 ---
  DuckDB        247.44 ms ±  0.00  (46 rows)

--- Q01 ---
  DuckDB        259.69 ms ±  0.00  (4 rows)

--- Q17 ---
  DuckDB        152.37 ms ±  0.00  (1 rows)

--- Q02 ---
  DuckDB         40.50 ms ±  0.00  (4667 rows)

--- Q18 ---
  DuckDB        200.66 ms ±  0.00  (624 rows)

--- Q07 ---
  DuckDB        137.08 ms ±  0.00  (4 rows)

--- Q11 ---
  DuckDB         26.85 ms ±  0.00  (8685 rows)

--- Q08 ---
  DuckDB        159.53 ms ±  0.00  (2 rows)

--- Q15 ---
  DuckDB         80.89 ms ±  0.00  (1 rows)

--- Q16 ---
  DuckDB         66.88 ms ±  0.00  (27840 rows)

--- Q04 ---
  DuckDB         82.57 ms ±  0.00  (5 rows)

--- Q09 ---
  DuckDB        285.96 ms ±  0.00  (175 rows)

--- Q03 ---
  DuckDB        136.88 ms ±  0.00  (114003 rows)

--- Q19 ---
  DuckDB        193.15 ms ±  0.00  (1 rows)

--- Q05 ---
  DuckDB        124.92 ms ±  0.00  (5 rows)

wrote /Users/ryanevans/RustroverProjects/ematix-flow/bench-results/campaign-2026-07-01/tput-sf10/duckdb/s1/batch-3/stream-1.md
