=== TPC-H 22 triangulation bench ===
    data:    /Users/ryanevans/RustroverProjects/ematix-flow/examples/tpch/data/sf10
    queries: 22 ([2, 6, 5, 12, 15, 21, 18, 1, 13, 14, 3, 17, 16, 22, 19, 10, 4, 20, 8, 7, 11, 9])
    trials:  1 (after 0 warmups)
    output:  bench-results/sched-arc-2026-07-03/sf10-final/duckdb/s100/batch-4/stream-77.md

    NOTE: single-invocation output is SMOKE-GRADE only. For win/loss
    claims use scripts/bench/strict_22q.sh / strict_ab.sh /
    strict_throughput.sh (see scripts/bench/README.md).

--- Q02 ---
  DuckDB        256.49 ms ±  0.00  (4667 rows)

--- Q06 ---
  DuckDB        698.62 ms ±  0.00  (1 rows)

--- Q05 ---
  DuckDB       1297.35 ms ±  0.00  (5 rows)

--- Q12 ---
  DuckDB        851.35 ms ±  0.00  (2 rows)

--- Q15 ---
  DuckDB        704.16 ms ±  0.00  (1 rows)

--- Q21 ---
  DuckDB       3174.24 ms ±  0.00  (4009 rows)

--- Q18 ---
  DuckDB       1797.14 ms ±  0.00  (624 rows)

--- Q01 ---
  DuckDB       2173.02 ms ±  0.00  (4 rows)

--- Q13 ---
  DuckDB       2049.27 ms ±  0.00  (46 rows)

--- Q14 ---
  DuckDB        745.23 ms ±  0.00  (1 rows)

--- Q03 ---
  DuckDB       1264.40 ms ±  0.00  (114003 rows)

--- Q17 ---
  DuckDB       1408.83 ms ±  0.00  (1 rows)

--- Q16 ---
  DuckDB        451.87 ms ±  0.00  (27840 rows)

--- Q22 ---
  DuckDB        538.64 ms ±  0.00  (7 rows)

--- Q19 ---
  DuckDB       1700.42 ms ±  0.00  (1 rows)

--- Q10 ---
  DuckDB       1948.47 ms ±  0.00  (381105 rows)

--- Q04 ---
  DuckDB        758.65 ms ±  0.00  (5 rows)

--- Q20 ---
  DuckDB       1458.50 ms ±  0.00  (1804 rows)

--- Q08 ---
  DuckDB       1592.32 ms ±  0.00  (2 rows)

--- Q07 ---
  DuckDB       1042.64 ms ±  0.00  (4 rows)

--- Q11 ---
  DuckDB        187.06 ms ±  0.00  (8685 rows)

--- Q09 ---
  DuckDB       2321.16 ms ±  0.00  (175 rows)

wrote bench-results/sched-arc-2026-07-03/sf10-final/duckdb/s100/batch-4/stream-77.md
