=== TPC-H 22 triangulation bench ===
    data:    /Users/ryanevans/RustroverProjects/ematix-flow/examples/tpch/data/sf10
    queries: 22 ([13, 19, 2, 3, 15, 17, 20, 16, 12, 22, 7, 5, 21, 8, 11, 1, 14, 10, 9, 4, 6, 18])
    trials:  1 (after 0 warmups)
    output:  bench-results/sched-arc-2026-07-03/sf10-final/duckdb/s100/batch-4/stream-94.md

    NOTE: single-invocation output is SMOKE-GRADE only. For win/loss
    claims use scripts/bench/strict_22q.sh / strict_ab.sh /
    strict_throughput.sh (see scripts/bench/README.md).

--- Q13 ---
  DuckDB       1963.16 ms ±  0.00  (46 rows)

--- Q19 ---
  DuckDB       1769.69 ms ±  0.00  (1 rows)

--- Q02 ---
  DuckDB        212.58 ms ±  0.00  (4667 rows)

--- Q03 ---
  DuckDB       1119.57 ms ±  0.00  (114003 rows)

--- Q15 ---
  DuckDB        715.16 ms ±  0.00  (1 rows)

--- Q17 ---
  DuckDB       1167.73 ms ±  0.00  (1 rows)

--- Q20 ---
  DuckDB       1285.44 ms ±  0.00  (1804 rows)

--- Q16 ---
  DuckDB        467.32 ms ±  0.00  (27840 rows)

--- Q12 ---
  DuckDB        634.39 ms ±  0.00  (2 rows)

--- Q22 ---
  DuckDB        570.72 ms ±  0.00  (7 rows)

--- Q07 ---
  DuckDB       1000.70 ms ±  0.00  (4 rows)

--- Q05 ---
  DuckDB       1126.08 ms ±  0.00  (5 rows)

--- Q21 ---
  DuckDB       3093.34 ms ±  0.00  (4009 rows)

--- Q08 ---
  DuckDB       1323.50 ms ±  0.00  (2 rows)

--- Q11 ---
  DuckDB        224.17 ms ±  0.00  (8685 rows)

--- Q01 ---
  DuckDB       2490.13 ms ±  0.00  (4 rows)

--- Q14 ---
  DuckDB        973.70 ms ±  0.00  (1 rows)

--- Q10 ---
  DuckDB       2210.30 ms ±  0.00  (381105 rows)

--- Q09 ---
  DuckDB       2713.82 ms ±  0.00  (175 rows)

--- Q04 ---
  DuckDB        727.53 ms ±  0.00  (5 rows)

--- Q06 ---
  DuckDB        584.36 ms ±  0.00  (1 rows)

--- Q18 ---
  DuckDB       1210.40 ms ±  0.00  (624 rows)

wrote bench-results/sched-arc-2026-07-03/sf10-final/duckdb/s100/batch-4/stream-94.md
