=== TPC-H 22 triangulation bench ===
    data:    /Users/ryanevans/RustroverProjects/ematix-flow/examples/tpch/data/sf10
    queries: 22 ([10, 8, 6, 15, 17, 9, 14, 22, 2, 3, 21, 11, 19, 12, 5, 7, 1, 18, 13, 20, 4, 16])
    trials:  1 (after 0 warmups)
    output:  bench-results/sched-arc-2026-07-03/sf10-final/duckdb/s100/batch-4/stream-64.md

    NOTE: single-invocation output is SMOKE-GRADE only. For win/loss
    claims use scripts/bench/strict_22q.sh / strict_ab.sh /
    strict_throughput.sh (see scripts/bench/README.md).

--- Q10 ---
  DuckDB       2039.36 ms ±  0.00  (381105 rows)

--- Q08 ---
  DuckDB       1562.90 ms ±  0.00  (2 rows)

--- Q06 ---
  DuckDB        730.14 ms ±  0.00  (1 rows)

--- Q15 ---
  DuckDB        678.89 ms ±  0.00  (1 rows)

--- Q17 ---
  DuckDB       1148.57 ms ±  0.00  (1 rows)

--- Q09 ---
  DuckDB       2595.85 ms ±  0.00  (175 rows)

--- Q14 ---
  DuckDB        862.83 ms ±  0.00  (1 rows)

--- Q22 ---
  DuckDB        330.24 ms ±  0.00  (7 rows)

--- Q02 ---
  DuckDB        442.37 ms ±  0.00  (4667 rows)

--- Q03 ---
  DuckDB       1253.88 ms ±  0.00  (114003 rows)

--- Q21 ---
  DuckDB       3110.59 ms ±  0.00  (4009 rows)

--- Q11 ---
  DuckDB        112.81 ms ±  0.00  (8685 rows)

--- Q19 ---
  DuckDB       1977.10 ms ±  0.00  (1 rows)

--- Q12 ---
  DuckDB        826.75 ms ±  0.00  (2 rows)

--- Q05 ---
  DuckDB       1231.92 ms ±  0.00  (5 rows)

--- Q07 ---
  DuckDB       1100.92 ms ±  0.00  (4 rows)

--- Q01 ---
  DuckDB       2376.07 ms ±  0.00  (4 rows)

--- Q18 ---
  DuckDB       1606.78 ms ±  0.00  (624 rows)

--- Q13 ---
  DuckDB       1875.10 ms ±  0.00  (46 rows)

--- Q20 ---
  DuckDB        928.31 ms ±  0.00  (1804 rows)

--- Q04 ---
  DuckDB        630.27 ms ±  0.00  (5 rows)

--- Q16 ---
  DuckDB        390.47 ms ±  0.00  (27840 rows)

wrote bench-results/sched-arc-2026-07-03/sf10-final/duckdb/s100/batch-4/stream-64.md
