=== TPC-H 22 triangulation bench ===
    data:    /Users/ryanevans/RustroverProjects/ematix-flow/examples/tpch/data/sf10
    queries: 22 ([16, 21, 1, 14, 19, 4, 6, 7, 5, 10, 8, 11, 18, 13, 9, 15, 12, 2, 17, 3, 20, 22])
    trials:  1 (after 0 warmups)
    output:  bench-results/sched-arc-2026-07-03/sf10-final/duckdb/s100/batch-4/stream-37.md

    NOTE: single-invocation output is SMOKE-GRADE only. For win/loss
    claims use scripts/bench/strict_22q.sh / strict_ab.sh /
    strict_throughput.sh (see scripts/bench/README.md).

--- Q16 ---
  DuckDB        286.26 ms ±  0.00  (27840 rows)

--- Q21 ---
  DuckDB       3109.89 ms ±  0.00  (4009 rows)

--- Q01 ---
  DuckDB       2268.50 ms ±  0.00  (4 rows)

--- Q14 ---
  DuckDB        924.40 ms ±  0.00  (1 rows)

--- Q19 ---
  DuckDB       1847.74 ms ±  0.00  (1 rows)

--- Q04 ---
  DuckDB        834.97 ms ±  0.00  (5 rows)

--- Q06 ---
  DuckDB        584.85 ms ±  0.00  (1 rows)

--- Q07 ---
  DuckDB       1059.96 ms ±  0.00  (4 rows)

--- Q05 ---
  DuckDB       1209.77 ms ±  0.00  (5 rows)

--- Q10 ---
  DuckDB       2082.90 ms ±  0.00  (381105 rows)

--- Q08 ---
  DuckDB       1059.56 ms ±  0.00  (2 rows)

--- Q11 ---
  DuckDB        159.14 ms ±  0.00  (8685 rows)

--- Q18 ---
  DuckDB       1669.15 ms ±  0.00  (624 rows)

--- Q13 ---
  DuckDB       1945.87 ms ±  0.00  (46 rows)

--- Q09 ---
  DuckDB       2393.31 ms ±  0.00  (175 rows)

--- Q15 ---
  DuckDB        672.05 ms ±  0.00  (1 rows)

--- Q12 ---
  DuckDB        883.73 ms ±  0.00  (2 rows)

--- Q02 ---
  DuckDB        352.02 ms ±  0.00  (4667 rows)

--- Q17 ---
  DuckDB       1287.50 ms ±  0.00  (1 rows)

--- Q03 ---
  DuckDB       1334.15 ms ±  0.00  (114003 rows)

--- Q20 ---
  DuckDB        867.88 ms ±  0.00  (1804 rows)

--- Q22 ---
  DuckDB        243.16 ms ±  0.00  (7 rows)

wrote bench-results/sched-arc-2026-07-03/sf10-final/duckdb/s100/batch-4/stream-37.md
