=== TPC-H 22 triangulation bench ===
    data:    /Users/ryanevans/RustroverProjects/ematix-flow/examples/tpch/data/sf10
    queries: 22 ([20, 12, 10, 1, 19, 2, 17, 9, 11, 14, 3, 16, 22, 7, 13, 15, 21, 8, 6, 18, 5, 4])
    trials:  1 (after 0 warmups)
    output:  bench-results/sched-arc-2026-07-03/sf10-final/duckdb/s100/batch-4/stream-28.md

    NOTE: single-invocation output is SMOKE-GRADE only. For win/loss
    claims use scripts/bench/strict_22q.sh / strict_ab.sh /
    strict_throughput.sh (see scripts/bench/README.md).

--- Q20 ---
  DuckDB       1068.85 ms ±  0.00  (1804 rows)

--- Q12 ---
  DuckDB        993.90 ms ±  0.00  (2 rows)

--- Q10 ---
  DuckDB       1718.02 ms ±  0.00  (381105 rows)

--- Q01 ---
  DuckDB       2152.31 ms ±  0.00  (4 rows)

--- Q19 ---
  DuckDB       1677.32 ms ±  0.00  (1 rows)

--- Q02 ---
  DuckDB        446.60 ms ±  0.00  (4667 rows)

--- Q17 ---
  DuckDB       1149.63 ms ±  0.00  (1 rows)

--- Q09 ---
  DuckDB       2586.71 ms ±  0.00  (175 rows)

--- Q11 ---
  DuckDB        230.12 ms ±  0.00  (8685 rows)

--- Q14 ---
  DuckDB       1020.64 ms ±  0.00  (1 rows)

--- Q03 ---
  DuckDB       1313.64 ms ±  0.00  (114003 rows)

--- Q16 ---
  DuckDB        606.32 ms ±  0.00  (27840 rows)

--- Q22 ---
  DuckDB        519.68 ms ±  0.00  (7 rows)

--- Q07 ---
  DuckDB       1330.58 ms ±  0.00  (4 rows)

--- Q13 ---
  DuckDB       2051.84 ms ±  0.00  (46 rows)

--- Q15 ---
  DuckDB        711.75 ms ±  0.00  (1 rows)

--- Q21 ---
  DuckDB       3312.72 ms ±  0.00  (4009 rows)

--- Q08 ---
  DuckDB       1445.61 ms ±  0.00  (2 rows)

--- Q06 ---
  DuckDB        438.98 ms ±  0.00  (1 rows)

--- Q18 ---
  DuckDB       1748.67 ms ±  0.00  (624 rows)

--- Q05 ---
  DuckDB       1112.79 ms ±  0.00  (5 rows)

--- Q04 ---
  DuckDB        638.43 ms ±  0.00  (5 rows)

wrote bench-results/sched-arc-2026-07-03/sf10-final/duckdb/s100/batch-4/stream-28.md
