=== TPC-H 22 triangulation bench ===
    data:    /Users/ryanevans/RustroverProjects/ematix-flow/examples/tpch/data/sf10
    queries: 22 ([3, 15, 11, 16, 5, 8, 2, 17, 19, 10, 4, 7, 22, 1, 6, 21, 20, 12, 14, 18, 13, 9])
    trials:  1 (after 0 warmups)
    output:  bench-results/sched-arc-2026-07-03/sf10-final/duckdb/s100/batch-4/stream-80.md

    NOTE: single-invocation output is SMOKE-GRADE only. For win/loss
    claims use scripts/bench/strict_22q.sh / strict_ab.sh /
    strict_throughput.sh (see scripts/bench/README.md).

--- Q03 ---
  DuckDB       1153.64 ms ±  0.00  (114003 rows)

--- Q15 ---
  DuckDB        781.75 ms ±  0.00  (1 rows)

--- Q11 ---
  DuckDB        310.16 ms ±  0.00  (8685 rows)

--- Q16 ---
  DuckDB        503.68 ms ±  0.00  (27840 rows)

--- Q05 ---
  DuckDB       1152.23 ms ±  0.00  (5 rows)

--- Q08 ---
  DuckDB       1424.59 ms ±  0.00  (2 rows)

--- Q02 ---
  DuckDB        416.61 ms ±  0.00  (4667 rows)

--- Q17 ---
  DuckDB       1125.50 ms ±  0.00  (1 rows)

--- Q19 ---
  DuckDB       1717.35 ms ±  0.00  (1 rows)

--- Q10 ---
  DuckDB       2351.93 ms ±  0.00  (381105 rows)

--- Q04 ---
  DuckDB        820.20 ms ±  0.00  (5 rows)

--- Q07 ---
  DuckDB       1338.96 ms ±  0.00  (4 rows)

--- Q22 ---
  DuckDB        362.54 ms ±  0.00  (7 rows)

--- Q01 ---
  DuckDB       2170.85 ms ±  0.00  (4 rows)

--- Q06 ---
  DuckDB        557.32 ms ±  0.00  (1 rows)

--- Q21 ---
  DuckDB       3075.90 ms ±  0.00  (4009 rows)

--- Q20 ---
  DuckDB        941.58 ms ±  0.00  (1804 rows)

--- Q12 ---
  DuckDB        853.17 ms ±  0.00  (2 rows)

--- Q14 ---
  DuckDB        981.30 ms ±  0.00  (1 rows)

--- Q18 ---
  DuckDB       1679.69 ms ±  0.00  (624 rows)

--- Q13 ---
  DuckDB       1856.61 ms ±  0.00  (46 rows)

--- Q09 ---
  DuckDB       2423.26 ms ±  0.00  (175 rows)

wrote bench-results/sched-arc-2026-07-03/sf10-final/duckdb/s100/batch-4/stream-80.md
