=== TPC-H 22 triangulation bench ===
    data:    /Users/ryanevans/RustroverProjects/ematix-flow/examples/tpch/data/sf10
    queries: 22 ([22, 6, 3, 16, 10, 13, 17, 20, 7, 14, 19, 15, 11, 2, 12, 5, 18, 8, 9, 1, 4, 21])
    trials:  1 (after 0 warmups)
    output:  bench-results/sched-arc-2026-07-03/sf10-final/duckdb/s100/batch-4/stream-42.md

    NOTE: single-invocation output is SMOKE-GRADE only. For win/loss
    claims use scripts/bench/strict_22q.sh / strict_ab.sh /
    strict_throughput.sh (see scripts/bench/README.md).

--- Q22 ---
  DuckDB        481.07 ms ±  0.00  (7 rows)

--- Q06 ---
  DuckDB        527.60 ms ±  0.00  (1 rows)

--- Q03 ---
  DuckDB       1077.79 ms ±  0.00  (114003 rows)

--- Q16 ---
  DuckDB        188.83 ms ±  0.00  (27840 rows)

--- Q10 ---
  DuckDB       2066.66 ms ±  0.00  (381105 rows)

--- Q13 ---
  DuckDB       1899.93 ms ±  0.00  (46 rows)

--- Q17 ---
  DuckDB       1260.37 ms ±  0.00  (1 rows)

--- Q20 ---
  DuckDB       1087.87 ms ±  0.00  (1804 rows)

--- Q07 ---
  DuckDB       1087.40 ms ±  0.00  (4 rows)

--- Q14 ---
  DuckDB        983.52 ms ±  0.00  (1 rows)

--- Q19 ---
  DuckDB       1636.42 ms ±  0.00  (1 rows)

--- Q15 ---
  DuckDB        749.93 ms ±  0.00  (1 rows)

--- Q11 ---
  DuckDB        178.34 ms ±  0.00  (8685 rows)

--- Q02 ---
  DuckDB        266.39 ms ±  0.00  (4667 rows)

--- Q12 ---
  DuckDB        847.93 ms ±  0.00  (2 rows)

--- Q05 ---
  DuckDB       1191.05 ms ±  0.00  (5 rows)

--- Q18 ---
  DuckDB       1622.36 ms ±  0.00  (624 rows)

--- Q08 ---
  DuckDB       1463.36 ms ±  0.00  (2 rows)

--- Q09 ---
  DuckDB       2478.65 ms ±  0.00  (175 rows)

--- Q01 ---
  DuckDB       2450.05 ms ±  0.00  (4 rows)

--- Q04 ---
  DuckDB        775.12 ms ±  0.00  (5 rows)

--- Q21 ---
  DuckDB       3168.64 ms ±  0.00  (4009 rows)

wrote bench-results/sched-arc-2026-07-03/sf10-final/duckdb/s100/batch-4/stream-42.md
