=== TPC-H 22 triangulation bench ===
    data:    /Users/ryanevans/RustroverProjects/ematix-flow/examples/tpch/data/sf10
    queries: 22 ([2, 9, 10, 17, 1, 22, 13, 21, 20, 12, 5, 14, 3, 18, 19, 16, 7, 8, 11, 15, 4, 6])
    trials:  1 (after 0 warmups)
    output:  bench-results/sched-arc-2026-07-03/sf10-final/duckdb/s100/batch-4/stream-18.md

    NOTE: single-invocation output is SMOKE-GRADE only. For win/loss
    claims use scripts/bench/strict_22q.sh / strict_ab.sh /
    strict_throughput.sh (see scripts/bench/README.md).

--- Q02 ---
  DuckDB        259.56 ms ±  0.00  (4667 rows)

--- Q09 ---
  DuckDB       2418.68 ms ±  0.00  (175 rows)

--- Q10 ---
  DuckDB       1893.49 ms ±  0.00  (381105 rows)

--- Q17 ---
  DuckDB       1154.43 ms ±  0.00  (1 rows)

--- Q01 ---
  DuckDB       2288.82 ms ±  0.00  (4 rows)

--- Q22 ---
  DuckDB        381.06 ms ±  0.00  (7 rows)

--- Q13 ---
  DuckDB       2099.65 ms ±  0.00  (46 rows)

--- Q21 ---
  DuckDB       3113.07 ms ±  0.00  (4009 rows)

--- Q20 ---
  DuckDB       1091.64 ms ±  0.00  (1804 rows)

--- Q12 ---
  DuckDB       1016.92 ms ±  0.00  (2 rows)

--- Q05 ---
  DuckDB       1320.09 ms ±  0.00  (5 rows)

--- Q14 ---
  DuckDB       1292.01 ms ±  0.00  (1 rows)

--- Q03 ---
  DuckDB       1224.78 ms ±  0.00  (114003 rows)

--- Q18 ---
  DuckDB       1890.13 ms ±  0.00  (624 rows)

--- Q19 ---
  DuckDB       1396.24 ms ±  0.00  (1 rows)

--- Q16 ---
  DuckDB        529.05 ms ±  0.00  (27840 rows)

--- Q07 ---
  DuckDB       1225.88 ms ±  0.00  (4 rows)

--- Q08 ---
  DuckDB       1302.51 ms ±  0.00  (2 rows)

--- Q11 ---
  DuckDB        199.12 ms ±  0.00  (8685 rows)

--- Q15 ---
  DuckDB        538.43 ms ±  0.00  (1 rows)

--- Q04 ---
  DuckDB        446.00 ms ±  0.00  (5 rows)

--- Q06 ---
  DuckDB        535.92 ms ±  0.00  (1 rows)

wrote bench-results/sched-arc-2026-07-03/sf10-final/duckdb/s100/batch-4/stream-18.md
