=== TPC-H 22 triangulation bench ===
    data:    /Users/ryanevans/RustroverProjects/ematix-flow/examples/tpch/data/sf10
    queries: 22 ([1, 8, 5, 4, 9, 3, 7, 10, 13, 18, 6, 12, 20, 11, 21, 16, 17, 2, 22, 14, 19, 15])
    trials:  1 (after 0 warmups)
    output:  bench-results/sched-arc-2026-07-03/sf10-final/duckdb/s100/batch-4/stream-75.md

    NOTE: single-invocation output is SMOKE-GRADE only. For win/loss
    claims use scripts/bench/strict_22q.sh / strict_ab.sh /
    strict_throughput.sh (see scripts/bench/README.md).

--- Q01 ---
  DuckDB       2188.08 ms ±  0.00  (4 rows)

--- Q08 ---
  DuckDB       1248.62 ms ±  0.00  (2 rows)

--- Q05 ---
  DuckDB        996.22 ms ±  0.00  (5 rows)

--- Q04 ---
  DuckDB        715.82 ms ±  0.00  (5 rows)

--- Q09 ---
  DuckDB       2506.55 ms ±  0.00  (175 rows)

--- Q03 ---
  DuckDB       1279.04 ms ±  0.00  (114003 rows)

--- Q07 ---
  DuckDB       1208.02 ms ±  0.00  (4 rows)

--- Q10 ---
  DuckDB       1987.04 ms ±  0.00  (381105 rows)

--- Q13 ---
  DuckDB       1856.05 ms ±  0.00  (46 rows)

--- Q18 ---
  DuckDB       1528.43 ms ±  0.00  (624 rows)

--- Q06 ---
  DuckDB        611.50 ms ±  0.00  (1 rows)

--- Q12 ---
  DuckDB        923.75 ms ±  0.00  (2 rows)

--- Q20 ---
  DuckDB        971.44 ms ±  0.00  (1804 rows)

--- Q11 ---
  DuckDB        170.22 ms ±  0.00  (8685 rows)

--- Q21 ---
  DuckDB       2789.29 ms ±  0.00  (4009 rows)

--- Q16 ---
  DuckDB        320.10 ms ±  0.00  (27840 rows)

--- Q17 ---
  DuckDB       1071.25 ms ±  0.00  (1 rows)

--- Q02 ---
  DuckDB        264.81 ms ±  0.00  (4667 rows)

--- Q22 ---
  DuckDB        315.59 ms ±  0.00  (7 rows)

--- Q14 ---
  DuckDB        879.10 ms ±  0.00  (1 rows)

--- Q19 ---
  DuckDB       1317.09 ms ±  0.00  (1 rows)

--- Q15 ---
  DuckDB        682.96 ms ±  0.00  (1 rows)

wrote bench-results/sched-arc-2026-07-03/sf10-final/duckdb/s100/batch-4/stream-75.md
