=== TPC-H 22 triangulation bench ===
    data:    /Users/ryanevans/RustroverProjects/ematix-flow/examples/tpch/data/sf10
    queries: 22 ([21, 20, 4, 6, 16, 5, 19, 8, 13, 15, 9, 2, 7, 12, 14, 10, 17, 3, 22, 11, 18, 1])
    trials:  1 (after 0 warmups)
    output:  bench-results/sched-arc-2026-07-03/sf10-final/duckdb/s100/batch-4/stream-86.md

    NOTE: single-invocation output is SMOKE-GRADE only. For win/loss
    claims use scripts/bench/strict_22q.sh / strict_ab.sh /
    strict_throughput.sh (see scripts/bench/README.md).

--- Q21 ---
  DuckDB       3026.62 ms ±  0.00  (4009 rows)

--- Q20 ---
  DuckDB       1410.88 ms ±  0.00  (1804 rows)

--- Q04 ---
  DuckDB        787.35 ms ±  0.00  (5 rows)

--- Q06 ---
  DuckDB        685.68 ms ±  0.00  (1 rows)

--- Q16 ---
  DuckDB        379.52 ms ±  0.00  (27840 rows)

--- Q05 ---
  DuckDB        822.06 ms ±  0.00  (5 rows)

--- Q19 ---
  DuckDB       1373.27 ms ±  0.00  (1 rows)

--- Q08 ---
  DuckDB       1232.06 ms ±  0.00  (2 rows)

--- Q13 ---
  DuckDB       2259.70 ms ±  0.00  (46 rows)

--- Q15 ---
  DuckDB        548.42 ms ±  0.00  (1 rows)

--- Q09 ---
  DuckDB       2454.86 ms ±  0.00  (175 rows)

--- Q02 ---
  DuckDB        178.66 ms ±  0.00  (4667 rows)

--- Q07 ---
  DuckDB       1103.23 ms ±  0.00  (4 rows)

--- Q12 ---
  DuckDB        848.70 ms ±  0.00  (2 rows)

--- Q14 ---
  DuckDB       1002.62 ms ±  0.00  (1 rows)

--- Q10 ---
  DuckDB       1982.69 ms ±  0.00  (381105 rows)

--- Q17 ---
  DuckDB       1274.73 ms ±  0.00  (1 rows)

--- Q03 ---
  DuckDB       1206.71 ms ±  0.00  (114003 rows)

--- Q22 ---
  DuckDB        420.98 ms ±  0.00  (7 rows)

--- Q11 ---
  DuckDB        145.65 ms ±  0.00  (8685 rows)

--- Q18 ---
  DuckDB       1757.25 ms ±  0.00  (624 rows)

--- Q01 ---
  DuckDB       1977.15 ms ±  0.00  (4 rows)

wrote bench-results/sched-arc-2026-07-03/sf10-final/duckdb/s100/batch-4/stream-86.md
