=== TPC-H 22 triangulation bench ===
    data:    /Users/ryanevans/RustroverProjects/ematix-flow/examples/tpch/data/sf10
    queries: 22 ([17, 13, 20, 15, 19, 8, 6, 4, 21, 3, 9, 10, 11, 12, 1, 16, 5, 2, 18, 14, 22, 7])
    trials:  1 (after 0 warmups)
    output:  bench-results/sched-arc-2026-07-03/sf10-final/duckdb/s100/batch-4/stream-26.md

    NOTE: single-invocation output is SMOKE-GRADE only. For win/loss
    claims use scripts/bench/strict_22q.sh / strict_ab.sh /
    strict_throughput.sh (see scripts/bench/README.md).

--- Q17 ---
  DuckDB       1119.82 ms ±  0.00  (1 rows)

--- Q13 ---
  DuckDB       2077.20 ms ±  0.00  (46 rows)

--- Q20 ---
  DuckDB       1196.17 ms ±  0.00  (1804 rows)

--- Q15 ---
  DuckDB        935.53 ms ±  0.00  (1 rows)

--- Q19 ---
  DuckDB       1686.94 ms ±  0.00  (1 rows)

--- Q08 ---
  DuckDB       1407.50 ms ±  0.00  (2 rows)

--- Q06 ---
  DuckDB        493.02 ms ±  0.00  (1 rows)

--- Q04 ---
  DuckDB        936.92 ms ±  0.00  (5 rows)

--- Q21 ---
  DuckDB       3306.85 ms ±  0.00  (4009 rows)

--- Q03 ---
  DuckDB       1182.70 ms ±  0.00  (114003 rows)

--- Q09 ---
  DuckDB       2257.55 ms ±  0.00  (175 rows)

--- Q10 ---
  DuckDB       1773.83 ms ±  0.00  (381105 rows)

--- Q11 ---
  DuckDB        172.21 ms ±  0.00  (8685 rows)

--- Q12 ---
  DuckDB        909.65 ms ±  0.00  (2 rows)

--- Q01 ---
  DuckDB       2227.44 ms ±  0.00  (4 rows)

--- Q16 ---
  DuckDB        513.50 ms ±  0.00  (27840 rows)

--- Q05 ---
  DuckDB       1166.16 ms ±  0.00  (5 rows)

--- Q02 ---
  DuckDB        343.25 ms ±  0.00  (4667 rows)

--- Q18 ---
  DuckDB       1799.44 ms ±  0.00  (624 rows)

--- Q14 ---
  DuckDB       1157.80 ms ±  0.00  (1 rows)

--- Q22 ---
  DuckDB        389.16 ms ±  0.00  (7 rows)

--- Q07 ---
  DuckDB       1091.03 ms ±  0.00  (4 rows)

wrote bench-results/sched-arc-2026-07-03/sf10-final/duckdb/s100/batch-4/stream-26.md
