=== TPC-H 22 triangulation bench ===
    data:    /Users/ryanevans/RustroverProjects/ematix-flow/examples/tpch/data/sf10
    queries: 22 ([14, 17, 22, 7, 21, 4, 11, 2, 16, 5, 1, 13, 18, 9, 20, 12, 10, 15, 8, 3, 6, 19])
    trials:  1 (after 0 warmups)
    output:  bench-results/sched-arc-2026-07-03/sf10-final/duckdb/s100/batch-4/stream-62.md

    NOTE: single-invocation output is SMOKE-GRADE only. For win/loss
    claims use scripts/bench/strict_22q.sh / strict_ab.sh /
    strict_throughput.sh (see scripts/bench/README.md).

--- Q14 ---
  DuckDB       1166.67 ms ±  0.00  (1 rows)

--- Q17 ---
  DuckDB       1227.67 ms ±  0.00  (1 rows)

--- Q22 ---
  DuckDB        410.90 ms ±  0.00  (7 rows)

--- Q07 ---
  DuckDB       1212.16 ms ±  0.00  (4 rows)

--- Q21 ---
  DuckDB       3169.53 ms ±  0.00  (4009 rows)

--- Q04 ---
  DuckDB        760.36 ms ±  0.00  (5 rows)

--- Q11 ---
  DuckDB         83.22 ms ±  0.00  (8685 rows)

--- Q02 ---
  DuckDB        313.97 ms ±  0.00  (4667 rows)

--- Q16 ---
  DuckDB        363.76 ms ±  0.00  (27840 rows)

--- Q05 ---
  DuckDB       1221.62 ms ±  0.00  (5 rows)

--- Q01 ---
  DuckDB       2119.86 ms ±  0.00  (4 rows)

--- Q13 ---
  DuckDB       1905.15 ms ±  0.00  (46 rows)

--- Q18 ---
  DuckDB       1760.03 ms ±  0.00  (624 rows)

--- Q09 ---
  DuckDB       2562.95 ms ±  0.00  (175 rows)

--- Q20 ---
  DuckDB       1472.05 ms ±  0.00  (1804 rows)

--- Q12 ---
  DuckDB        906.25 ms ±  0.00  (2 rows)

--- Q10 ---
  DuckDB       1933.82 ms ±  0.00  (381105 rows)

--- Q15 ---
  DuckDB        785.79 ms ±  0.00  (1 rows)

--- Q08 ---
  DuckDB       1364.12 ms ±  0.00  (2 rows)

--- Q03 ---
  DuckDB       1449.12 ms ±  0.00  (114003 rows)

--- Q06 ---
  DuckDB        487.80 ms ±  0.00  (1 rows)

--- Q19 ---
  DuckDB       1615.49 ms ±  0.00  (1 rows)

wrote bench-results/sched-arc-2026-07-03/sf10-final/duckdb/s100/batch-4/stream-62.md
