=== TPC-H 22 triangulation bench ===
    data:    /Users/ryanevans/RustroverProjects/ematix-flow/examples/tpch/data/sf10
    queries: 22 ([17, 21, 15, 19, 6, 10, 11, 22, 1, 18, 14, 9, 20, 4, 16, 3, 2, 7, 5, 13, 12, 8])
    trials:  1 (after 0 warmups)
    output:  bench-results/sched-arc-2026-07-03/sf10-final/duckdb/s100/batch-4/stream-8.md

    NOTE: single-invocation output is SMOKE-GRADE only. For win/loss
    claims use scripts/bench/strict_22q.sh / strict_ab.sh /
    strict_throughput.sh (see scripts/bench/README.md).

--- Q17 ---
  DuckDB       1291.29 ms ±  0.00  (1 rows)

--- Q21 ---
  DuckDB       3508.81 ms ±  0.00  (4009 rows)

--- Q15 ---
  DuckDB        668.32 ms ±  0.00  (1 rows)

--- Q19 ---
  DuckDB       1698.94 ms ±  0.00  (1 rows)

--- Q06 ---
  DuckDB        601.29 ms ±  0.00  (1 rows)

--- Q10 ---
  DuckDB       2044.60 ms ±  0.00  (381105 rows)

--- Q11 ---
  DuckDB        145.63 ms ±  0.00  (8685 rows)

--- Q22 ---
  DuckDB        348.03 ms ±  0.00  (7 rows)

--- Q01 ---
  DuckDB       2278.21 ms ±  0.00  (4 rows)

--- Q18 ---
  DuckDB       1691.68 ms ±  0.00  (624 rows)

--- Q14 ---
  DuckDB        893.30 ms ±  0.00  (1 rows)

--- Q09 ---
  DuckDB       2439.58 ms ±  0.00  (175 rows)

--- Q20 ---
  DuckDB       1067.28 ms ±  0.00  (1804 rows)

--- Q04 ---
  DuckDB        864.25 ms ±  0.00  (5 rows)

--- Q16 ---
  DuckDB        336.29 ms ±  0.00  (27840 rows)

--- Q03 ---
  DuckDB       1184.57 ms ±  0.00  (114003 rows)

--- Q02 ---
  DuckDB        241.83 ms ±  0.00  (4667 rows)

--- Q07 ---
  DuckDB       1197.68 ms ±  0.00  (4 rows)

--- Q05 ---
  DuckDB       1350.76 ms ±  0.00  (5 rows)

--- Q13 ---
  DuckDB       1825.98 ms ±  0.00  (46 rows)

--- Q12 ---
  DuckDB       1052.26 ms ±  0.00  (2 rows)

--- Q08 ---
  DuckDB       1099.81 ms ±  0.00  (2 rows)

wrote bench-results/sched-arc-2026-07-03/sf10-final/duckdb/s100/batch-4/stream-8.md
