=== TPC-H 22 triangulation bench ===
    data:    /Users/ryanevans/RustroverProjects/ematix-flow/examples/tpch/data/sf10
    queries: 22 ([5, 16, 18, 19, 3, 15, 2, 20, 21, 4, 1, 17, 12, 14, 7, 9, 10, 22, 6, 8, 11, 13])
    trials:  1 (after 0 warmups)
    output:  bench-results/sched-arc-2026-07-03/sf10-final/duckdb/s100/batch-4/stream-41.md

    NOTE: single-invocation output is SMOKE-GRADE only. For win/loss
    claims use scripts/bench/strict_22q.sh / strict_ab.sh /
    strict_throughput.sh (see scripts/bench/README.md).

--- Q05 ---
  DuckDB       1219.27 ms ±  0.00  (5 rows)

--- Q16 ---
  DuckDB        356.19 ms ±  0.00  (27840 rows)

--- Q18 ---
  DuckDB       1771.82 ms ±  0.00  (624 rows)

--- Q19 ---
  DuckDB       1191.61 ms ±  0.00  (1 rows)

--- Q03 ---
  DuckDB       1158.52 ms ±  0.00  (114003 rows)

--- Q15 ---
  DuckDB        651.51 ms ±  0.00  (1 rows)

--- Q02 ---
  DuckDB        236.16 ms ±  0.00  (4667 rows)

--- Q20 ---
  DuckDB        931.15 ms ±  0.00  (1804 rows)

--- Q21 ---
  DuckDB       3373.16 ms ±  0.00  (4009 rows)

--- Q04 ---
  DuckDB        672.77 ms ±  0.00  (5 rows)

--- Q01 ---
  DuckDB       2120.36 ms ±  0.00  (4 rows)

--- Q17 ---
  DuckDB       1172.91 ms ±  0.00  (1 rows)

--- Q12 ---
  DuckDB        951.06 ms ±  0.00  (2 rows)

--- Q14 ---
  DuckDB       1057.94 ms ±  0.00  (1 rows)

--- Q07 ---
  DuckDB       1235.12 ms ±  0.00  (4 rows)

--- Q09 ---
  DuckDB       2457.66 ms ±  0.00  (175 rows)

--- Q10 ---
  DuckDB       1813.11 ms ±  0.00  (381105 rows)

--- Q22 ---
  DuckDB        602.94 ms ±  0.00  (7 rows)

--- Q06 ---
  DuckDB        537.10 ms ±  0.00  (1 rows)

--- Q08 ---
  DuckDB       1368.07 ms ±  0.00  (2 rows)

--- Q11 ---
  DuckDB        149.19 ms ±  0.00  (8685 rows)

--- Q13 ---
  DuckDB       2188.21 ms ±  0.00  (46 rows)

wrote bench-results/sched-arc-2026-07-03/sf10-final/duckdb/s100/batch-4/stream-41.md
