=== TPC-H 22 triangulation bench ===
    data:    /Users/ryanevans/RustroverProjects/ematix-flow/examples/tpch/data/sf10
    queries: 22 ([11, 14, 5, 19, 22, 9, 16, 6, 4, 8, 2, 13, 1, 15, 7, 20, 17, 21, 10, 12, 3, 18])
    trials:  1 (after 0 warmups)
    output:  bench-results/sched-arc-2026-07-03/sf10-final/duckdb/s100/batch-4/stream-29.md

    NOTE: single-invocation output is SMOKE-GRADE only. For win/loss
    claims use scripts/bench/strict_22q.sh / strict_ab.sh /
    strict_throughput.sh (see scripts/bench/README.md).

--- Q11 ---
  DuckDB         72.18 ms ±  0.00  (8685 rows)

--- Q14 ---
  DuckDB        924.19 ms ±  0.00  (1 rows)

--- Q05 ---
  DuckDB        957.63 ms ±  0.00  (5 rows)

--- Q19 ---
  DuckDB       1764.99 ms ±  0.00  (1 rows)

--- Q22 ---
  DuckDB        577.47 ms ±  0.00  (7 rows)

--- Q09 ---
  DuckDB       2364.49 ms ±  0.00  (175 rows)

--- Q16 ---
  DuckDB        285.89 ms ±  0.00  (27840 rows)

--- Q06 ---
  DuckDB        539.97 ms ±  0.00  (1 rows)

--- Q04 ---
  DuckDB        624.23 ms ±  0.00  (5 rows)

--- Q08 ---
  DuckDB       1435.83 ms ±  0.00  (2 rows)

--- Q02 ---
  DuckDB        296.65 ms ±  0.00  (4667 rows)

--- Q13 ---
  DuckDB       2074.63 ms ±  0.00  (46 rows)

--- Q01 ---
  DuckDB       2198.95 ms ±  0.00  (4 rows)

--- Q15 ---
  DuckDB        666.44 ms ±  0.00  (1 rows)

--- Q07 ---
  DuckDB       1263.07 ms ±  0.00  (4 rows)

--- Q20 ---
  DuckDB       1231.18 ms ±  0.00  (1804 rows)

--- Q17 ---
  DuckDB       1302.99 ms ±  0.00  (1 rows)

--- Q21 ---
  DuckDB       3343.09 ms ±  0.00  (4009 rows)

--- Q10 ---
  DuckDB       2126.66 ms ±  0.00  (381105 rows)

--- Q12 ---
  DuckDB        981.80 ms ±  0.00  (2 rows)

--- Q03 ---
  DuckDB       1140.30 ms ±  0.00  (114003 rows)

--- Q18 ---
  DuckDB       1596.69 ms ±  0.00  (624 rows)

wrote bench-results/sched-arc-2026-07-03/sf10-final/duckdb/s100/batch-4/stream-29.md
