=== TPC-H 22 triangulation bench ===
    data:    /Users/ryanevans/RustroverProjects/ematix-flow/examples/tpch/data/sf10
    queries: 22 ([4, 22, 21, 1, 11, 9, 20, 2, 6, 17, 8, 13, 5, 14, 18, 15, 12, 10, 19, 16, 3, 7])
    trials:  1 (after 0 warmups)
    output:  bench-results/sched-arc-2026-07-03/sf10-final/duckdb/s100/batch-4/stream-90.md

    NOTE: single-invocation output is SMOKE-GRADE only. For win/loss
    claims use scripts/bench/strict_22q.sh / strict_ab.sh /
    strict_throughput.sh (see scripts/bench/README.md).

--- Q04 ---
  DuckDB        655.53 ms ±  0.00  (5 rows)

--- Q22 ---
  DuckDB        519.73 ms ±  0.00  (7 rows)

--- Q21 ---
  DuckDB       3088.62 ms ±  0.00  (4009 rows)

--- Q01 ---
  DuckDB       1936.44 ms ±  0.00  (4 rows)

--- Q11 ---
  DuckDB        186.62 ms ±  0.00  (8685 rows)

--- Q09 ---
  DuckDB       2692.24 ms ±  0.00  (175 rows)

--- Q20 ---
  DuckDB       1086.36 ms ±  0.00  (1804 rows)

--- Q02 ---
  DuckDB        381.46 ms ±  0.00  (4667 rows)

--- Q06 ---
  DuckDB        581.69 ms ±  0.00  (1 rows)

--- Q17 ---
  DuckDB       1220.20 ms ±  0.00  (1 rows)

--- Q08 ---
  DuckDB       1503.04 ms ±  0.00  (2 rows)

--- Q13 ---
  DuckDB       1986.15 ms ±  0.00  (46 rows)

--- Q05 ---
  DuckDB       1149.17 ms ±  0.00  (5 rows)

--- Q14 ---
  DuckDB        937.73 ms ±  0.00  (1 rows)

--- Q18 ---
  DuckDB       1878.44 ms ±  0.00  (624 rows)

--- Q15 ---
  DuckDB        581.95 ms ±  0.00  (1 rows)

--- Q12 ---
  DuckDB        841.75 ms ±  0.00  (2 rows)

--- Q10 ---
  DuckDB       2011.41 ms ±  0.00  (381105 rows)

--- Q19 ---
  DuckDB       1661.99 ms ±  0.00  (1 rows)

--- Q16 ---
  DuckDB        489.52 ms ±  0.00  (27840 rows)

--- Q03 ---
  DuckDB       1218.24 ms ±  0.00  (114003 rows)

--- Q07 ---
  DuckDB       1019.95 ms ±  0.00  (4 rows)

wrote bench-results/sched-arc-2026-07-03/sf10-final/duckdb/s100/batch-4/stream-90.md
