=== TPC-H 22 triangulation bench ===
    data:    /Users/ryanevans/RustroverProjects/ematix-flow/examples/tpch/data/sf10
    queries: 22 ([18, 6, 8, 19, 1, 12, 2, 9, 7, 16, 21, 13, 17, 14, 3, 22, 11, 5, 20, 15, 10, 4])
    trials:  1 (after 0 warmups)
    output:  bench-results/sched-arc-2026-07-03/sf10-final/duckdb/s100/batch-4/stream-70.md

    NOTE: single-invocation output is SMOKE-GRADE only. For win/loss
    claims use scripts/bench/strict_22q.sh / strict_ab.sh /
    strict_throughput.sh (see scripts/bench/README.md).

--- Q18 ---
  DuckDB       1740.65 ms ±  0.00  (624 rows)

--- Q06 ---
  DuckDB        603.68 ms ±  0.00  (1 rows)

--- Q08 ---
  DuckDB       1663.35 ms ±  0.00  (2 rows)

--- Q19 ---
  DuckDB       1743.25 ms ±  0.00  (1 rows)

--- Q01 ---
  DuckDB       2041.27 ms ±  0.00  (4 rows)

--- Q12 ---
  DuckDB        941.40 ms ±  0.00  (2 rows)

--- Q02 ---
  DuckDB        344.52 ms ±  0.00  (4667 rows)

--- Q09 ---
  DuckDB       2258.41 ms ±  0.00  (175 rows)

--- Q07 ---
  DuckDB       1091.85 ms ±  0.00  (4 rows)

--- Q16 ---
  DuckDB        551.62 ms ±  0.00  (27840 rows)

--- Q21 ---
  DuckDB       3143.38 ms ±  0.00  (4009 rows)

--- Q13 ---
  DuckDB       1934.19 ms ±  0.00  (46 rows)

--- Q17 ---
  DuckDB       1282.56 ms ±  0.00  (1 rows)

--- Q14 ---
  DuckDB        955.13 ms ±  0.00  (1 rows)

--- Q03 ---
  DuckDB       1153.57 ms ±  0.00  (114003 rows)

--- Q22 ---
  DuckDB        475.35 ms ±  0.00  (7 rows)

--- Q11 ---
  DuckDB        150.09 ms ±  0.00  (8685 rows)

--- Q05 ---
  DuckDB       1145.31 ms ±  0.00  (5 rows)

--- Q20 ---
  DuckDB       1056.61 ms ±  0.00  (1804 rows)

--- Q15 ---
  DuckDB        756.10 ms ±  0.00  (1 rows)

--- Q10 ---
  DuckDB       2056.65 ms ±  0.00  (381105 rows)

--- Q04 ---
  DuckDB        709.48 ms ±  0.00  (5 rows)

wrote bench-results/sched-arc-2026-07-03/sf10-final/duckdb/s100/batch-4/stream-70.md
