=== TPC-H 22 triangulation bench ===
    data:    /Users/ryanevans/RustroverProjects/ematix-flow/examples/tpch/data/sf10
    queries: 22 ([20, 2, 13, 7, 1, 10, 22, 3, 21, 9, 18, 6, 11, 12, 5, 16, 14, 8, 19, 4, 17, 15])
    trials:  1 (after 0 warmups)
    output:  bench-results/sched-arc-2026-07-03/sf10-final/duckdb/s100/batch-4/stream-68.md

    NOTE: single-invocation output is SMOKE-GRADE only. For win/loss
    claims use scripts/bench/strict_22q.sh / strict_ab.sh /
    strict_throughput.sh (see scripts/bench/README.md).

--- Q20 ---
  DuckDB        869.58 ms ±  0.00  (1804 rows)

--- Q02 ---
  DuckDB        311.81 ms ±  0.00  (4667 rows)

--- Q13 ---
  DuckDB       2036.60 ms ±  0.00  (46 rows)

--- Q07 ---
  DuckDB       1088.96 ms ±  0.00  (4 rows)

--- Q01 ---
  DuckDB       2282.45 ms ±  0.00  (4 rows)

--- Q10 ---
  DuckDB       2099.45 ms ±  0.00  (381105 rows)

--- Q22 ---
  DuckDB        483.19 ms ±  0.00  (7 rows)

--- Q03 ---
  DuckDB       1265.14 ms ±  0.00  (114003 rows)

--- Q21 ---
  DuckDB       3190.76 ms ±  0.00  (4009 rows)

--- Q09 ---
  DuckDB       2543.11 ms ±  0.00  (175 rows)

--- Q18 ---
  DuckDB       1771.93 ms ±  0.00  (624 rows)

--- Q06 ---
  DuckDB        582.90 ms ±  0.00  (1 rows)

--- Q11 ---
  DuckDB        118.26 ms ±  0.00  (8685 rows)

--- Q12 ---
  DuckDB        919.00 ms ±  0.00  (2 rows)

--- Q05 ---
  DuckDB       1259.20 ms ±  0.00  (5 rows)

--- Q16 ---
  DuckDB        649.48 ms ±  0.00  (27840 rows)

--- Q14 ---
  DuckDB        977.54 ms ±  0.00  (1 rows)

--- Q08 ---
  DuckDB       1456.49 ms ±  0.00  (2 rows)

--- Q19 ---
  DuckDB       1734.79 ms ±  0.00  (1 rows)

--- Q04 ---
  DuckDB        787.24 ms ±  0.00  (5 rows)

--- Q17 ---
  DuckDB       1120.20 ms ±  0.00  (1 rows)

--- Q15 ---
  DuckDB        686.53 ms ±  0.00  (1 rows)

wrote bench-results/sched-arc-2026-07-03/sf10-final/duckdb/s100/batch-4/stream-68.md
