=== TPC-H 22 triangulation bench ===
    data:    /Users/ryanevans/RustroverProjects/ematix-flow/examples/tpch/data/sf10
    queries: 22 ([5, 15, 14, 17, 9, 3, 4, 19, 2, 22, 21, 8, 1, 12, 13, 20, 10, 11, 7, 18, 6, 16])
    trials:  1 (after 0 warmups)
    output:  bench-results/sched-arc-2026-07-03/sf10-final/duckdb/s100/batch-4/stream-61.md

    NOTE: single-invocation output is SMOKE-GRADE only. For win/loss
    claims use scripts/bench/strict_22q.sh / strict_ab.sh /
    strict_throughput.sh (see scripts/bench/README.md).

--- Q05 ---
  DuckDB       1031.33 ms ±  0.00  (5 rows)

--- Q15 ---
  DuckDB        679.74 ms ±  0.00  (1 rows)

--- Q14 ---
  DuckDB       1066.76 ms ±  0.00  (1 rows)

--- Q17 ---
  DuckDB       1041.81 ms ±  0.00  (1 rows)

--- Q09 ---
  DuckDB       2275.22 ms ±  0.00  (175 rows)

--- Q03 ---
  DuckDB       1068.43 ms ±  0.00  (114003 rows)

--- Q04 ---
  DuckDB        672.35 ms ±  0.00  (5 rows)

--- Q19 ---
  DuckDB       2052.84 ms ±  0.00  (1 rows)

--- Q02 ---
  DuckDB        344.99 ms ±  0.00  (4667 rows)

--- Q22 ---
  DuckDB        431.77 ms ±  0.00  (7 rows)

--- Q21 ---
  DuckDB       3330.32 ms ±  0.00  (4009 rows)

--- Q08 ---
  DuckDB       1265.60 ms ±  0.00  (2 rows)

--- Q01 ---
  DuckDB       2037.56 ms ±  0.00  (4 rows)

--- Q12 ---
  DuckDB       1029.90 ms ±  0.00  (2 rows)

--- Q13 ---
  DuckDB       2013.60 ms ±  0.00  (46 rows)

--- Q20 ---
  DuckDB        944.95 ms ±  0.00  (1804 rows)

--- Q10 ---
  DuckDB       1615.68 ms ±  0.00  (381105 rows)

--- Q11 ---
  DuckDB        100.98 ms ±  0.00  (8685 rows)

--- Q07 ---
  DuckDB       1131.85 ms ±  0.00  (4 rows)

--- Q18 ---
  DuckDB       1856.39 ms ±  0.00  (624 rows)

--- Q06 ---
  DuckDB        476.04 ms ±  0.00  (1 rows)

--- Q16 ---
  DuckDB        375.85 ms ±  0.00  (27840 rows)

wrote bench-results/sched-arc-2026-07-03/sf10-final/duckdb/s100/batch-4/stream-61.md
