=== TPC-H 22 triangulation bench ===
    data:    /Users/ryanevans/RustroverProjects/ematix-flow/examples/tpch/data/sf10
    queries: 22 ([9, 19, 10, 16, 7, 15, 6, 20, 8, 22, 5, 21, 13, 1, 18, 2, 17, 11, 4, 14, 12, 3])
    trials:  1 (after 0 warmups)
    output:  bench-results/sched-arc-2026-07-03/sf10-final/duckdb/s100/batch-4/stream-49.md

    NOTE: single-invocation output is SMOKE-GRADE only. For win/loss
    claims use scripts/bench/strict_22q.sh / strict_ab.sh /
    strict_throughput.sh (see scripts/bench/README.md).

--- Q09 ---
  DuckDB       2446.92 ms ±  0.00  (175 rows)

--- Q19 ---
  DuckDB       1963.75 ms ±  0.00  (1 rows)

--- Q10 ---
  DuckDB       1928.68 ms ±  0.00  (381105 rows)

--- Q16 ---
  DuckDB        565.55 ms ±  0.00  (27840 rows)

--- Q07 ---
  DuckDB       1143.74 ms ±  0.00  (4 rows)

--- Q15 ---
  DuckDB        766.13 ms ±  0.00  (1 rows)

--- Q06 ---
  DuckDB        716.51 ms ±  0.00  (1 rows)

--- Q20 ---
  DuckDB       1058.02 ms ±  0.00  (1804 rows)

--- Q08 ---
  DuckDB       1524.78 ms ±  0.00  (2 rows)

--- Q22 ---
  DuckDB        369.28 ms ±  0.00  (7 rows)

--- Q05 ---
  DuckDB       1092.46 ms ±  0.00  (5 rows)

--- Q21 ---
  DuckDB       3332.70 ms ±  0.00  (4009 rows)

--- Q13 ---
  DuckDB       2093.70 ms ±  0.00  (46 rows)

--- Q01 ---
  DuckDB       2214.84 ms ±  0.00  (4 rows)

--- Q18 ---
  DuckDB       1626.59 ms ±  0.00  (624 rows)

--- Q02 ---
  DuckDB        321.99 ms ±  0.00  (4667 rows)

--- Q17 ---
  DuckDB       1044.23 ms ±  0.00  (1 rows)

--- Q11 ---
  DuckDB        304.41 ms ±  0.00  (8685 rows)

--- Q04 ---
  DuckDB        666.14 ms ±  0.00  (5 rows)

--- Q14 ---
  DuckDB        810.38 ms ±  0.00  (1 rows)

--- Q12 ---
  DuckDB        905.38 ms ±  0.00  (2 rows)

--- Q03 ---
  DuckDB       1127.41 ms ±  0.00  (114003 rows)

wrote bench-results/sched-arc-2026-07-03/sf10-final/duckdb/s100/batch-4/stream-49.md
