=== TPC-H 22 triangulation bench ===
    data:    /Users/ryanevans/RustroverProjects/ematix-flow/examples/tpch/data/sf10
    queries: 22 ([6, 13, 22, 14, 3, 1, 16, 21, 7, 15, 5, 19, 11, 2, 12, 10, 18, 9, 8, 17, 20, 4])
    trials:  1 (after 0 warmups)
    output:  bench-results/sched-arc-2026-07-03/sf10-final/duckdb/s100/batch-4/stream-14.md

    NOTE: single-invocation output is SMOKE-GRADE only. For win/loss
    claims use scripts/bench/strict_22q.sh / strict_ab.sh /
    strict_throughput.sh (see scripts/bench/README.md).

--- Q06 ---
  DuckDB        450.32 ms ±  0.00  (1 rows)

--- Q13 ---
  DuckDB       2039.03 ms ±  0.00  (46 rows)

--- Q22 ---
  DuckDB        396.51 ms ±  0.00  (7 rows)

--- Q14 ---
  DuckDB       1072.30 ms ±  0.00  (1 rows)

--- Q03 ---
  DuckDB       1229.03 ms ±  0.00  (114003 rows)

--- Q01 ---
  DuckDB       2251.29 ms ±  0.00  (4 rows)

--- Q16 ---
  DuckDB        450.17 ms ±  0.00  (27840 rows)

--- Q21 ---
  DuckDB       3355.39 ms ±  0.00  (4009 rows)

--- Q07 ---
  DuckDB       1182.40 ms ±  0.00  (4 rows)

--- Q15 ---
  DuckDB        657.50 ms ±  0.00  (1 rows)

--- Q05 ---
  DuckDB       1110.03 ms ±  0.00  (5 rows)

--- Q19 ---
  DuckDB       1410.96 ms ±  0.00  (1 rows)

--- Q11 ---
  DuckDB        198.64 ms ±  0.00  (8685 rows)

--- Q02 ---
  DuckDB        176.74 ms ±  0.00  (4667 rows)

--- Q12 ---
  DuckDB        885.38 ms ±  0.00  (2 rows)

--- Q10 ---
  DuckDB       1843.81 ms ±  0.00  (381105 rows)

--- Q18 ---
  DuckDB       1842.09 ms ±  0.00  (624 rows)

--- Q09 ---
  DuckDB       2500.19 ms ±  0.00  (175 rows)

--- Q08 ---
  DuckDB       1403.86 ms ±  0.00  (2 rows)

--- Q17 ---
  DuckDB       1104.35 ms ±  0.00  (1 rows)

--- Q20 ---
  DuckDB       1236.89 ms ±  0.00  (1804 rows)

--- Q04 ---
  DuckDB        664.60 ms ±  0.00  (5 rows)

wrote bench-results/sched-arc-2026-07-03/sf10-final/duckdb/s100/batch-4/stream-14.md
