=== TPC-H 22 triangulation bench ===
    data:    /Users/ryanevans/RustroverProjects/ematix-flow/examples/tpch/data/sf10
    queries: 22 ([17, 2, 3, 14, 11, 22, 9, 1, 12, 21, 7, 19, 6, 8, 4, 13, 20, 16, 10, 18, 15, 5])
    trials:  1 (after 0 warmups)
    output:  bench-results/sched-arc-2026-07-03/sf10-final/duckdb/s100/batch-4/stream-54.md

    NOTE: single-invocation output is SMOKE-GRADE only. For win/loss
    claims use scripts/bench/strict_22q.sh / strict_ab.sh /
    strict_throughput.sh (see scripts/bench/README.md).

--- Q17 ---
  DuckDB       1272.93 ms ±  0.00  (1 rows)

--- Q02 ---
  DuckDB        198.73 ms ±  0.00  (4667 rows)

--- Q03 ---
  DuckDB       1338.09 ms ±  0.00  (114003 rows)

--- Q14 ---
  DuckDB       1075.08 ms ±  0.00  (1 rows)

--- Q11 ---
  DuckDB        184.21 ms ±  0.00  (8685 rows)

--- Q22 ---
  DuckDB        461.64 ms ±  0.00  (7 rows)

--- Q09 ---
  DuckDB       2762.75 ms ±  0.00  (175 rows)

--- Q01 ---
  DuckDB       2224.69 ms ±  0.00  (4 rows)

--- Q12 ---
  DuckDB        799.14 ms ±  0.00  (2 rows)

--- Q21 ---
  DuckDB       3615.61 ms ±  0.00  (4009 rows)

--- Q07 ---
  DuckDB       1185.97 ms ±  0.00  (4 rows)

--- Q19 ---
  DuckDB       1662.82 ms ±  0.00  (1 rows)

--- Q06 ---
  DuckDB        621.11 ms ±  0.00  (1 rows)

--- Q08 ---
  DuckDB       1389.16 ms ±  0.00  (2 rows)

--- Q04 ---
  DuckDB        844.04 ms ±  0.00  (5 rows)

--- Q13 ---
  DuckDB       2371.75 ms ±  0.00  (46 rows)

--- Q20 ---
  DuckDB       1189.99 ms ±  0.00  (1804 rows)

--- Q16 ---
  DuckDB        582.24 ms ±  0.00  (27840 rows)

--- Q10 ---
  DuckDB       1887.93 ms ±  0.00  (381105 rows)

--- Q18 ---
  DuckDB       1830.39 ms ±  0.00  (624 rows)

--- Q15 ---
  DuckDB        570.35 ms ±  0.00  (1 rows)

--- Q05 ---
  DuckDB        789.17 ms ±  0.00  (5 rows)

wrote bench-results/sched-arc-2026-07-03/sf10-final/duckdb/s100/batch-4/stream-54.md
