=== TPC-H 22 triangulation bench ===
    data:    /Users/ryanevans/RustroverProjects/ematix-flow/examples/tpch/data/sf10
    queries: 22 ([3, 19, 7, 21, 2, 20, 15, 22, 4, 10, 14, 11, 18, 8, 6, 1, 13, 5, 12, 17, 9, 16])
    trials:  1 (after 0 warmups)
    output:  bench-results/sched-arc-2026-07-03/sf10-final/duckdb/s100/batch-4/stream-12.md

    NOTE: single-invocation output is SMOKE-GRADE only. For win/loss
    claims use scripts/bench/strict_22q.sh / strict_ab.sh /
    strict_throughput.sh (see scripts/bench/README.md).

--- Q03 ---
  DuckDB       1120.59 ms ±  0.00  (114003 rows)

--- Q19 ---
  DuckDB       1889.43 ms ±  0.00  (1 rows)

--- Q07 ---
  DuckDB       1129.55 ms ±  0.00  (4 rows)

--- Q21 ---
  DuckDB       3083.65 ms ±  0.00  (4009 rows)

--- Q02 ---
  DuckDB        378.71 ms ±  0.00  (4667 rows)

--- Q20 ---
  DuckDB       1089.77 ms ±  0.00  (1804 rows)

--- Q15 ---
  DuckDB        712.27 ms ±  0.00  (1 rows)

--- Q22 ---
  DuckDB        284.88 ms ±  0.00  (7 rows)

--- Q04 ---
  DuckDB        752.43 ms ±  0.00  (5 rows)

--- Q10 ---
  DuckDB       2005.40 ms ±  0.00  (381105 rows)

--- Q14 ---
  DuckDB        819.47 ms ±  0.00  (1 rows)

--- Q11 ---
  DuckDB        110.08 ms ±  0.00  (8685 rows)

--- Q18 ---
  DuckDB       1801.63 ms ±  0.00  (624 rows)

--- Q08 ---
  DuckDB       1728.09 ms ±  0.00  (2 rows)

--- Q06 ---
  DuckDB        604.21 ms ±  0.00  (1 rows)

--- Q01 ---
  DuckDB       1889.00 ms ±  0.00  (4 rows)

--- Q13 ---
  DuckDB       2281.70 ms ±  0.00  (46 rows)

--- Q05 ---
  DuckDB       1114.69 ms ±  0.00  (5 rows)

--- Q12 ---
  DuckDB        861.71 ms ±  0.00  (2 rows)

--- Q17 ---
  DuckDB       1200.70 ms ±  0.00  (1 rows)

--- Q09 ---
  DuckDB       2329.80 ms ±  0.00  (175 rows)

--- Q16 ---
  DuckDB        299.77 ms ±  0.00  (27840 rows)

wrote bench-results/sched-arc-2026-07-03/sf10-final/duckdb/s100/batch-4/stream-12.md
