=== TPC-H 22 triangulation bench ===
    data:    /Users/ryanevans/RustroverProjects/ematix-flow/examples/tpch/data/sf10
    queries: 22 ([2, 4, 15, 18, 17, 14, 21, 16, 3, 6, 5, 11, 19, 10, 12, 20, 8, 22, 1, 13, 9, 7])
    trials:  1 (after 0 warmups)
    output:  bench-results/sched-arc-2026-07-03/sf10-final/duckdb/s100/batch-4/stream-39.md

    NOTE: single-invocation output is SMOKE-GRADE only. For win/loss
    claims use scripts/bench/strict_22q.sh / strict_ab.sh /
    strict_throughput.sh (see scripts/bench/README.md).

--- Q02 ---
  DuckDB        229.22 ms ±  0.00  (4667 rows)

--- Q04 ---
  DuckDB        780.70 ms ±  0.00  (5 rows)

--- Q15 ---
  DuckDB        678.63 ms ±  0.00  (1 rows)

--- Q18 ---
  DuckDB       1720.51 ms ±  0.00  (624 rows)

--- Q17 ---
  DuckDB       1374.56 ms ±  0.00  (1 rows)

--- Q14 ---
  DuckDB        944.43 ms ±  0.00  (1 rows)

--- Q21 ---
  DuckDB       2995.38 ms ±  0.00  (4009 rows)

--- Q16 ---
  DuckDB        789.16 ms ±  0.00  (27840 rows)

--- Q03 ---
  DuckDB       1180.31 ms ±  0.00  (114003 rows)

--- Q06 ---
  DuckDB        676.11 ms ±  0.00  (1 rows)

--- Q05 ---
  DuckDB       1294.40 ms ±  0.00  (5 rows)

--- Q11 ---
  DuckDB        222.15 ms ±  0.00  (8685 rows)

--- Q19 ---
  DuckDB       1507.07 ms ±  0.00  (1 rows)

--- Q10 ---
  DuckDB       2022.16 ms ±  0.00  (381105 rows)

--- Q12 ---
  DuckDB        882.87 ms ±  0.00  (2 rows)

--- Q20 ---
  DuckDB       1201.28 ms ±  0.00  (1804 rows)

--- Q08 ---
  DuckDB       1463.76 ms ±  0.00  (2 rows)

--- Q22 ---
  DuckDB        387.72 ms ±  0.00  (7 rows)

--- Q01 ---
  DuckDB       2077.48 ms ±  0.00  (4 rows)

--- Q13 ---
  DuckDB       1963.05 ms ±  0.00  (46 rows)

--- Q09 ---
  DuckDB       2310.13 ms ±  0.00  (175 rows)

--- Q07 ---
  DuckDB        921.03 ms ±  0.00  (4 rows)

wrote bench-results/sched-arc-2026-07-03/sf10-final/duckdb/s100/batch-4/stream-39.md
