=== TPC-H 22 triangulation bench ===
    data:    /Users/ryanevans/RustroverProjects/ematix-flow/examples/tpch/data/sf10
    queries: 22 ([14, 20, 18, 4, 15, 12, 13, 7, 21, 3, 11, 2, 1, 6, 17, 16, 8, 9, 5, 19, 22, 10])
    trials:  1 (after 0 warmups)
    output:  bench-results/sched-arc-2026-07-03/sf10-final/duckdb/s100/batch-4/stream-60.md

    NOTE: single-invocation output is SMOKE-GRADE only. For win/loss
    claims use scripts/bench/strict_22q.sh / strict_ab.sh /
    strict_throughput.sh (see scripts/bench/README.md).

--- Q14 ---
  DuckDB        930.37 ms ±  0.00  (1 rows)

--- Q20 ---
  DuckDB       1351.92 ms ±  0.00  (1804 rows)

--- Q18 ---
  DuckDB       1985.80 ms ±  0.00  (624 rows)

--- Q04 ---
  DuckDB        875.76 ms ±  0.00  (5 rows)

--- Q15 ---
  DuckDB        577.82 ms ±  0.00  (1 rows)

--- Q12 ---
  DuckDB        879.33 ms ±  0.00  (2 rows)

--- Q13 ---
  DuckDB       2069.13 ms ±  0.00  (46 rows)

--- Q07 ---
  DuckDB       1111.85 ms ±  0.00  (4 rows)

--- Q21 ---
  DuckDB       3348.01 ms ±  0.00  (4009 rows)

--- Q03 ---
  DuckDB       1215.08 ms ±  0.00  (114003 rows)

--- Q11 ---
  DuckDB        251.76 ms ±  0.00  (8685 rows)

--- Q02 ---
  DuckDB        365.43 ms ±  0.00  (4667 rows)

--- Q01 ---
  DuckDB       2303.20 ms ±  0.00  (4 rows)

--- Q06 ---
  DuckDB        647.05 ms ±  0.00  (1 rows)

--- Q17 ---
  DuckDB        992.57 ms ±  0.00  (1 rows)

--- Q16 ---
  DuckDB        435.73 ms ±  0.00  (27840 rows)

--- Q08 ---
  DuckDB       1407.84 ms ±  0.00  (2 rows)

--- Q09 ---
  DuckDB       2471.24 ms ±  0.00  (175 rows)

--- Q05 ---
  DuckDB        975.00 ms ±  0.00  (5 rows)

--- Q19 ---
  DuckDB       1690.79 ms ±  0.00  (1 rows)

--- Q22 ---
  DuckDB        338.80 ms ±  0.00  (7 rows)

--- Q10 ---
  DuckDB       1827.67 ms ±  0.00  (381105 rows)

wrote bench-results/sched-arc-2026-07-03/sf10-final/duckdb/s100/batch-4/stream-60.md
