=== TPC-H 22 triangulation bench ===
    data:    /Users/ryanevans/RustroverProjects/ematix-flow/examples/tpch/data/sf10
    queries: 22 ([6, 18, 21, 16, 8, 15, 22, 20, 7, 19, 14, 17, 9, 1, 10, 12, 4, 3, 2, 13, 5, 11])
    trials:  1 (after 0 warmups)
    output:  bench-results/sched-arc-2026-07-03/sf10-final/duckdb/s100/batch-4/stream-7.md

    NOTE: single-invocation output is SMOKE-GRADE only. For win/loss
    claims use scripts/bench/strict_22q.sh / strict_ab.sh /
    strict_throughput.sh (see scripts/bench/README.md).

--- Q06 ---
  DuckDB        548.04 ms ±  0.00  (1 rows)

--- Q18 ---
  DuckDB       1868.78 ms ±  0.00  (624 rows)

--- Q21 ---
  DuckDB       3176.24 ms ±  0.00  (4009 rows)

--- Q16 ---
  DuckDB        757.48 ms ±  0.00  (27840 rows)

--- Q08 ---
  DuckDB       1593.37 ms ±  0.00  (2 rows)

--- Q15 ---
  DuckDB        710.32 ms ±  0.00  (1 rows)

--- Q22 ---
  DuckDB        464.61 ms ±  0.00  (7 rows)

--- Q20 ---
  DuckDB        957.66 ms ±  0.00  (1804 rows)

--- Q07 ---
  DuckDB       1184.70 ms ±  0.00  (4 rows)

--- Q19 ---
  DuckDB       1906.16 ms ±  0.00  (1 rows)

--- Q14 ---
  DuckDB       1144.09 ms ±  0.00  (1 rows)

--- Q17 ---
  DuckDB       1340.00 ms ±  0.00  (1 rows)

--- Q09 ---
  DuckDB       2423.57 ms ±  0.00  (175 rows)

--- Q01 ---
  DuckDB       2073.08 ms ±  0.00  (4 rows)

--- Q10 ---
  DuckDB       2119.34 ms ±  0.00  (381105 rows)

--- Q12 ---
  DuckDB       1032.65 ms ±  0.00  (2 rows)

--- Q04 ---
  DuckDB        820.35 ms ±  0.00  (5 rows)

--- Q03 ---
  DuckDB       1194.86 ms ±  0.00  (114003 rows)

--- Q02 ---
  DuckDB        239.20 ms ±  0.00  (4667 rows)

--- Q13 ---
  DuckDB       1651.59 ms ±  0.00  (46 rows)

--- Q05 ---
  DuckDB        814.07 ms ±  0.00  (5 rows)

--- Q11 ---
  DuckDB        165.94 ms ±  0.00  (8685 rows)

wrote bench-results/sched-arc-2026-07-03/sf10-final/duckdb/s100/batch-4/stream-7.md
