=== TPC-H 22 triangulation bench ===
    data:    /Users/ryanevans/RustroverProjects/ematix-flow/examples/tpch/data/sf10
    queries: 22 ([17, 21, 15, 19, 6, 10, 11, 22, 1, 18, 14, 9, 20, 4, 16, 3, 2, 7, 5, 13, 12, 8])
    trials:  1 (after 0 warmups)
    output:  bench-results/tput-rebaseline-2026-07-03/sf10-auto/ematix/s10/batch-2/stream-8.md

    NOTE: single-invocation output is SMOKE-GRADE only. For win/loss
    claims use scripts/bench/strict_22q.sh / strict_ab.sh /
    strict_throughput.sh (see scripts/bench/README.md).

--- Q17 ---
  ematix-flow   749.37 ms ±  0.00  (1 rows)

--- Q21 ---
  ematix-flow  1841.25 ms ±  0.00  (4009 rows)

--- Q15 ---
  ematix-flow   354.50 ms ±  0.00  (1 rows)

--- Q19 ---
  ematix-flow   375.97 ms ±  0.00  (1 rows)

--- Q06 ---
  ematix-flow   263.70 ms ±  0.00  (1 rows)

--- Q10 ---
  ematix-flow  1825.94 ms ±  0.00  (381105 rows)

--- Q11 ---
  ematix-flow   162.79 ms ±  0.00  (8685 rows)

--- Q22 ---
  ematix-flow   308.98 ms ±  0.00  (7 rows)

--- Q01 ---
  ematix-flow  2948.50 ms ±  0.00  (4 rows)

--- Q18 ---
  ematix-flow  4755.53 ms ±  0.00  (624 rows)

--- Q14 ---
  ematix-flow   415.53 ms ±  0.00  (1 rows)

--- Q09 ---
  ematix-flow  4557.13 ms ±  0.00  (175 rows)

--- Q20 ---
  ematix-flow  1377.87 ms ±  0.00  (1804 rows)

--- Q04 ---
  ematix-flow  1033.55 ms ±  0.00  (5 rows)

--- Q16 ---
  ematix-flow   750.88 ms ±  0.00  (27840 rows)

--- Q03 ---
  ematix-flow  1536.15 ms ±  0.00  (114003 rows)

--- Q02 ---
  ematix-flow   455.16 ms ±  0.00  (4667 rows)

--- Q07 ---
  ematix-flow  1396.46 ms ±  0.00  (4 rows)

--- Q05 ---
  ematix-flow  1447.33 ms ±  0.00  (5 rows)

--- Q13 ---
  ematix-flow  1325.70 ms ±  0.00  (46 rows)

--- Q12 ---
  ematix-flow   381.33 ms ±  0.00  (2 rows)

--- Q08 ---
  ematix-flow   174.68 ms ±  0.00  (2 rows)

wrote bench-results/tput-rebaseline-2026-07-03/sf10-auto/ematix/s10/batch-2/stream-8.md
