=== TPC-H 22 triangulation bench ===
    data:    /Users/ryanevans/RustroverProjects/ematix-flow/examples/tpch/data/sf10
    queries: 22 ([2, 14, 17, 6, 11, 7, 20, 13, 15, 4, 9, 21, 22, 1, 10, 3, 16, 12, 5, 18, 19, 8])
    trials:  1 (after 0 warmups)
    output:  bench-results/tput-rebaseline-2026-07-03/sf10-s10-legacy/ematix/s10/batch-1/stream-3.md

    NOTE: single-invocation output is SMOKE-GRADE only. For win/loss
    claims use scripts/bench/strict_22q.sh / strict_ab.sh /
    strict_throughput.sh (see scripts/bench/README.md).

--- Q02 ---
  ematix-flow    77.91 ms ±  0.00  (4667 rows)

--- Q14 ---
  ematix-flow   185.87 ms ±  0.00  (1 rows)

--- Q17 ---
  ematix-flow   377.72 ms ±  0.00  (1 rows)

--- Q06 ---
  ematix-flow   181.71 ms ±  0.00  (1 rows)

--- Q11 ---
  ematix-flow   283.98 ms ±  0.00  (8685 rows)

--- Q07 ---
  ematix-flow  1272.49 ms ±  0.00  (4 rows)

--- Q20 ---
  ematix-flow   785.43 ms ±  0.00  (1804 rows)

--- Q13 ---
  ematix-flow  2653.64 ms ±  0.00  (46 rows)

--- Q15 ---
  ematix-flow   669.11 ms ±  0.00  (1 rows)

--- Q04 ---
  ematix-flow  2106.15 ms ±  0.00  (5 rows)

--- Q09 ---
  ematix-flow  8819.44 ms ±  0.00  (175 rows)

--- Q21 ---
  ematix-flow  11222.22 ms ±  0.00  (4009 rows)

--- Q22 ---
  ematix-flow  1795.58 ms ±  0.00  (7 rows)

--- Q01 ---
  ematix-flow  6597.27 ms ±  0.00  (4 rows)

--- Q10 ---
  ematix-flow  9014.58 ms ±  0.00  (381105 rows)

--- Q03 ---
  ematix-flow  5578.07 ms ±  0.00  (114003 rows)

--- Q16 ---
  ematix-flow  2726.16 ms ±  0.00  (27840 rows)

--- Q12 ---
  ematix-flow  2103.16 ms ±  0.00  (2 rows)

--- Q05 ---
  ematix-flow  4207.97 ms ±  0.00  (5 rows)

--- Q18 ---
  ematix-flow  7542.14 ms ±  0.00  (624 rows)

--- Q19 ---
  ematix-flow   679.86 ms ±  0.00  (1 rows)

--- Q08 ---
  ematix-flow  3169.06 ms ±  0.00  (2 rows)

wrote bench-results/tput-rebaseline-2026-07-03/sf10-s10-legacy/ematix/s10/batch-1/stream-3.md
