=== TPC-H 22 triangulation bench ===
    data:    /Users/ryanevans/RustroverProjects/ematix-flow/examples/tpch/data/sf10
    queries: 22 ([21, 14, 13, 22, 7, 18, 4, 20, 17, 15, 6, 12, 8, 10, 11, 5, 1, 2, 9, 16, 3, 19])
    trials:  1 (after 0 warmups)
    output:  bench-results/tput-rebaseline-2026-07-03/sf10-s10-legacy/ematix/s10/batch-1/stream-6.md

    NOTE: single-invocation output is SMOKE-GRADE only. For win/loss
    claims use scripts/bench/strict_22q.sh / strict_ab.sh /
    strict_throughput.sh (see scripts/bench/README.md).

--- Q21 ---
  ematix-flow  2945.45 ms ±  0.00  (4009 rows)

--- Q14 ---
  ematix-flow   528.54 ms ±  0.00  (1 rows)

--- Q13 ---
  ematix-flow  3214.88 ms ±  0.00  (46 rows)

--- Q22 ---
  ematix-flow  2035.00 ms ±  0.00  (7 rows)

--- Q07 ---
  ematix-flow  2684.72 ms ±  0.00  (4 rows)

--- Q18 ---
  ematix-flow  7699.04 ms ±  0.00  (624 rows)

--- Q04 ---
  ematix-flow  1374.60 ms ±  0.00  (5 rows)

--- Q20 ---
  ematix-flow  3699.61 ms ±  0.00  (1804 rows)

--- Q17 ---
  ematix-flow  2423.93 ms ±  0.00  (1 rows)

--- Q15 ---
  ematix-flow   451.28 ms ±  0.00  (1 rows)

--- Q06 ---
  ematix-flow   468.25 ms ±  0.00  (1 rows)

--- Q12 ---
  ematix-flow  1035.37 ms ±  0.00  (2 rows)

--- Q08 ---
  ematix-flow  5044.29 ms ±  0.00  (2 rows)

--- Q10 ---
  ematix-flow  9041.06 ms ±  0.00  (381105 rows)

--- Q11 ---
  ematix-flow  1088.99 ms ±  0.00  (8685 rows)

--- Q05 ---
  ematix-flow  4074.70 ms ±  0.00  (5 rows)

--- Q01 ---
  ematix-flow  5514.66 ms ±  0.00  (4 rows)

--- Q02 ---
  ematix-flow  1076.83 ms ±  0.00  (4667 rows)

--- Q09 ---
  ematix-flow  12621.34 ms ±  0.00  (175 rows)

--- Q16 ---
  ematix-flow  1027.84 ms ±  0.00  (27840 rows)

--- Q03 ---
  ematix-flow  3623.11 ms ±  0.00  (114003 rows)

--- Q19 ---
  ematix-flow   405.54 ms ±  0.00  (1 rows)

wrote bench-results/tput-rebaseline-2026-07-03/sf10-s10-legacy/ematix/s10/batch-1/stream-6.md
