=== TPC-H 22 triangulation bench ===
    data:    /Users/ryanevans/RustroverProjects/ematix-flow/examples/tpch/data/sf10
    queries: 22 ([4, 13, 6, 17, 21, 10, 12, 22, 9, 18, 3, 11, 5, 8, 20, 15, 7, 1, 16, 14, 2, 19])
    trials:  1 (after 0 warmups)
    output:  bench-results/tput-rebaseline-2026-07-03/sf10-s10-legacy/ematix/s10/batch-1/stream-10.md

    NOTE: single-invocation output is SMOKE-GRADE only. For win/loss
    claims use scripts/bench/strict_22q.sh / strict_ab.sh /
    strict_throughput.sh (see scripts/bench/README.md).

--- Q04 ---
  ematix-flow  1175.53 ms ±  0.00  (5 rows)

--- Q13 ---
  ematix-flow  3681.49 ms ±  0.00  (46 rows)

--- Q06 ---
  ematix-flow  1676.48 ms ±  0.00  (1 rows)

--- Q17 ---
  ematix-flow  1180.72 ms ±  0.00  (1 rows)

--- Q21 ---
  ematix-flow  11713.68 ms ±  0.00  (4009 rows)

--- Q10 ---
  ematix-flow  6529.82 ms ±  0.00  (381105 rows)

--- Q12 ---
  ematix-flow  1136.55 ms ±  0.00  (2 rows)

--- Q22 ---
  ematix-flow  1056.80 ms ±  0.00  (7 rows)

--- Q09 ---
  ematix-flow  17358.36 ms ±  0.00  (175 rows)

--- Q18 ---
  ematix-flow  12644.81 ms ±  0.00  (624 rows)

--- Q03 ---
  ematix-flow  4987.79 ms ±  0.00  (114003 rows)

--- Q11 ---
  ematix-flow   512.70 ms ±  0.00  (8685 rows)

--- Q05 ---
  ematix-flow  3396.98 ms ±  0.00  (5 rows)

--- Q08 ---
  ematix-flow  2744.28 ms ±  0.00  (2 rows)

--- Q20 ---
  ematix-flow   607.32 ms ±  0.00  (1804 rows)

--- Q15 ---
  ematix-flow   186.81 ms ±  0.00  (1 rows)

--- Q07 ---
  ematix-flow   582.85 ms ±  0.00  (4 rows)

--- Q01 ---
  ematix-flow   582.35 ms ±  0.00  (4 rows)

--- Q16 ---
  ematix-flow    65.50 ms ±  0.00  (27840 rows)

--- Q14 ---
  ematix-flow    93.93 ms ±  0.00  (1 rows)

--- Q02 ---
  ematix-flow    22.26 ms ±  0.00  (4667 rows)

--- Q19 ---
  ematix-flow   128.17 ms ±  0.00  (1 rows)

wrote bench-results/tput-rebaseline-2026-07-03/sf10-s10-legacy/ematix/s10/batch-1/stream-10.md
