=== TPC-H 22 triangulation bench ===
    data:    /Users/ryanevans/RustroverProjects/ematix-flow/examples/tpch/data/sf10
    queries: 22 ([19, 22, 14, 11, 5, 18, 8, 16, 7, 20, 13, 1, 15, 4, 17, 9, 10, 6, 12, 21, 3, 2])
    trials:  1 (after 0 warmups)
    output:  bench-results/tput-rebaseline-2026-07-03/sf10-s10-legacy/ematix/s10/batch-1/stream-2.md

    NOTE: single-invocation output is SMOKE-GRADE only. For win/loss
    claims use scripts/bench/strict_22q.sh / strict_ab.sh /
    strict_throughput.sh (see scripts/bench/README.md).

--- Q19 ---
  ematix-flow   410.30 ms ±  0.00  (1 rows)

--- Q22 ---
  ematix-flow   314.44 ms ±  0.00  (7 rows)

--- Q14 ---
  ematix-flow   489.36 ms ±  0.00  (1 rows)

--- Q11 ---
  ematix-flow   306.10 ms ±  0.00  (8685 rows)

--- Q05 ---
  ematix-flow  2555.47 ms ±  0.00  (5 rows)

--- Q18 ---
  ematix-flow  6300.58 ms ±  0.00  (624 rows)

--- Q08 ---
  ematix-flow  3873.69 ms ±  0.00  (2 rows)

--- Q16 ---
  ematix-flow  1261.99 ms ±  0.00  (27840 rows)

--- Q07 ---
  ematix-flow  3101.63 ms ±  0.00  (4 rows)

--- Q20 ---
  ematix-flow  2343.50 ms ±  0.00  (1804 rows)

--- Q13 ---
  ematix-flow  4604.81 ms ±  0.00  (46 rows)

--- Q01 ---
  ematix-flow  3912.65 ms ±  0.00  (4 rows)

--- Q15 ---
  ematix-flow   752.33 ms ±  0.00  (1 rows)

--- Q04 ---
  ematix-flow  1843.95 ms ±  0.00  (5 rows)

--- Q17 ---
  ematix-flow  3322.89 ms ±  0.00  (1 rows)

--- Q09 ---
  ematix-flow  16250.90 ms ±  0.00  (175 rows)

--- Q10 ---
  ematix-flow  7575.46 ms ±  0.00  (381105 rows)

--- Q06 ---
  ematix-flow  1893.45 ms ±  0.00  (1 rows)

--- Q12 ---
  ematix-flow  1837.42 ms ±  0.00  (2 rows)

--- Q21 ---
  ematix-flow  9148.16 ms ±  0.00  (4009 rows)

--- Q03 ---
  ematix-flow   858.15 ms ±  0.00  (114003 rows)

--- Q02 ---
  ematix-flow   195.96 ms ±  0.00  (4667 rows)

wrote bench-results/tput-rebaseline-2026-07-03/sf10-s10-legacy/ematix/s10/batch-1/stream-2.md
