=== TPC-H 22 triangulation bench ===
    data:    /Users/ryanevans/RustroverProjects/ematix-flow/examples/tpch/data/sf10
    queries: 22 ([20, 6, 14, 10, 21, 22, 12, 13, 1, 17, 2, 18, 7, 11, 8, 15, 16, 4, 9, 3, 19, 5])
    trials:  1 (after 0 warmups)
    output:  bench-results/tput-rebaseline-2026-07-03/sf10-auto/duckdb/s1/batch-3/stream-1.md

    NOTE: single-invocation output is SMOKE-GRADE only. For win/loss
    claims use scripts/bench/strict_22q.sh / strict_ab.sh /
    strict_throughput.sh (see scripts/bench/README.md).

--- Q20 ---
  DuckDB        137.35 ms ±  0.00  (1804 rows)

--- Q06 ---
  DuckDB         75.91 ms ±  0.00  (1 rows)

--- Q14 ---
  DuckDB        128.99 ms ±  0.00  (1 rows)

--- Q10 ---
  DuckDB        228.43 ms ±  0.00  (381105 rows)

--- Q21 ---
  DuckDB        381.18 ms ±  0.00  (4009 rows)

--- Q22 ---
  DuckDB         50.95 ms ±  0.00  (7 rows)

--- Q12 ---
  DuckDB        114.46 ms ±  0.00  (2 rows)

--- Q13 ---
  DuckDB        235.51 ms ±  0.00  (46 rows)

--- Q01 ---
  DuckDB        249.88 ms ±  0.00  (4 rows)

--- Q17 ---
  DuckDB        143.99 ms ±  0.00  (1 rows)

--- Q02 ---
  DuckDB         38.83 ms ±  0.00  (4667 rows)

--- Q18 ---
  DuckDB        191.53 ms ±  0.00  (624 rows)

--- Q07 ---
  DuckDB        132.25 ms ±  0.00  (4 rows)

--- Q11 ---
  DuckDB         25.95 ms ±  0.00  (8685 rows)

--- Q08 ---
  DuckDB        151.80 ms ±  0.00  (2 rows)

--- Q15 ---
  DuckDB         79.36 ms ±  0.00  (1 rows)

--- Q16 ---
  DuckDB         56.52 ms ±  0.00  (27840 rows)

--- Q04 ---
  DuckDB         94.17 ms ±  0.00  (5 rows)

--- Q09 ---
  DuckDB        282.49 ms ±  0.00  (175 rows)

--- Q03 ---
  DuckDB        133.13 ms ±  0.00  (114003 rows)

--- Q19 ---
  DuckDB        188.30 ms ±  0.00  (1 rows)

--- Q05 ---
  DuckDB        126.50 ms ±  0.00  (5 rows)

wrote bench-results/tput-rebaseline-2026-07-03/sf10-auto/duckdb/s1/batch-3/stream-1.md
