=== TPC-H 22 triangulation bench ===
    data:    /Users/ryanevans/RustroverProjects/ematix-flow/examples/tpch/data/sf10
    queries: 22 ([17, 21, 15, 19, 6, 10, 11, 22, 1, 18, 14, 9, 20, 4, 16, 3, 2, 7, 5, 13, 12, 8])
    trials:  1 (after 0 warmups)
    output:  bench-results/sched-arc-2026-07-03/sf10-final/ematix/s10/batch-1/stream-8.md

    NOTE: single-invocation output is SMOKE-GRADE only. For win/loss
    claims use scripts/bench/strict_22q.sh / strict_ab.sh /
    strict_throughput.sh (see scripts/bench/README.md).

--- Q17 ---
  ematix-flow   763.48 ms ±  0.00  (1 rows)

--- Q21 ---
  ematix-flow  1998.20 ms ±  0.00  (4009 rows)

--- Q15 ---
  ematix-flow   559.60 ms ±  0.00  (1 rows)

--- Q19 ---
  ematix-flow   809.82 ms ±  0.00  (1 rows)

--- Q06 ---
  ematix-flow   146.97 ms ±  0.00  (1 rows)

--- Q10 ---
  ematix-flow  1875.25 ms ±  0.00  (381105 rows)

--- Q11 ---
  ematix-flow   118.70 ms ±  0.00  (8685 rows)

--- Q22 ---
  ematix-flow   203.67 ms ±  0.00  (7 rows)

--- Q01 ---
  ematix-flow  2811.37 ms ±  0.00  (4 rows)

--- Q18 ---
  ematix-flow  3510.55 ms ±  0.00  (624 rows)

--- Q14 ---
  ematix-flow   413.95 ms ±  0.00  (1 rows)

--- Q09 ---
  ematix-flow  2972.66 ms ±  0.00  (175 rows)

--- Q20 ---
  ematix-flow  1309.51 ms ±  0.00  (1804 rows)

--- Q04 ---
  ematix-flow   713.72 ms ±  0.00  (5 rows)

--- Q16 ---
  ematix-flow   317.88 ms ±  0.00  (27840 rows)

--- Q03 ---
  ematix-flow  1142.65 ms ±  0.00  (114003 rows)

--- Q02 ---
  ematix-flow    77.55 ms ±  0.00  (4667 rows)

--- Q07 ---
  ematix-flow  1197.52 ms ±  0.00  (4 rows)

--- Q05 ---
  ematix-flow  1839.80 ms ±  0.00  (5 rows)

--- Q13 ---
  ematix-flow  1726.38 ms ±  0.00  (46 rows)

--- Q12 ---
  ematix-flow  1011.42 ms ±  0.00  (2 rows)

--- Q08 ---
  ematix-flow  1418.06 ms ±  0.00  (2 rows)

wrote bench-results/sched-arc-2026-07-03/sf10-final/ematix/s10/batch-1/stream-8.md
