=== TPC-H 22 triangulation bench ===
    data:    /Users/ryanevans/RustroverProjects/ematix-flow/examples/tpch/data/sf100
    queries: 22 ([20, 6, 14, 10, 21, 22, 12, 13, 1, 17, 2, 18, 7, 11, 8, 15, 16, 4, 9, 3, 19, 5])
    trials:  1 (after 0 warmups)
    output:  bench-results/tput-rebaseline-2026-07-03/sf100-auto/duckdb/s1/batch-3/stream-1.md

    NOTE: single-invocation output is SMOKE-GRADE only. For win/loss
    claims use scripts/bench/strict_22q.sh / strict_ab.sh /
    strict_throughput.sh (see scripts/bench/README.md).

--- Q20 ---
  DuckDB       1653.76 ms ±  0.00  (17971 rows)

--- Q06 ---
  DuckDB        761.29 ms ±  0.00  (1 rows)

--- Q14 ---
  DuckDB       1036.03 ms ±  0.00  (1 rows)

--- Q10 ---
  DuckDB       2231.22 ms ±  0.00  (3884218 rows)

--- Q21 ---
  DuckDB       4576.29 ms ±  0.00  (39950 rows)

--- Q22 ---
  DuckDB        582.28 ms ±  0.00  (7 rows)

--- Q12 ---
  DuckDB       1185.21 ms ±  0.00  (2 rows)

--- Q13 ---
  DuckDB       2413.80 ms ±  0.00  (45 rows)

--- Q01 ---
  DuckDB       2596.83 ms ±  0.00  (4 rows)

--- Q17 ---
  DuckDB       1502.54 ms ±  0.00  (1 rows)

--- Q02 ---
  DuckDB        495.25 ms ±  0.00  (47107 rows)

--- Q18 ---
  DuckDB       2307.01 ms ±  0.00  (6398 rows)

--- Q07 ---
  DuckDB       1623.41 ms ±  0.00  (4 rows)

--- Q11 ---
  DuckDB        254.29 ms ±  0.00  (92698 rows)

--- Q08 ---
  DuckDB       1980.73 ms ±  0.00  (2 rows)

--- Q15 ---
  DuckDB        953.89 ms ±  0.00  (1 rows)

--- Q16 ---
  DuckDB        369.44 ms ±  0.00  (27840 rows)

--- Q04 ---
  DuckDB        883.98 ms ±  0.00  (5 rows)

--- Q09 ---
  DuckDB       4205.20 ms ±  0.00  (175 rows)

--- Q03 ---
  DuckDB       1781.86 ms ±  0.00  (1131041 rows)

--- Q19 ---
  DuckDB       2073.15 ms ±  0.00  (1 rows)

--- Q05 ---
  DuckDB       1719.44 ms ±  0.00  (5 rows)

wrote bench-results/tput-rebaseline-2026-07-03/sf100-auto/duckdb/s1/batch-3/stream-1.md
