=== TPC-H 22 triangulation bench ===
    data:    /Users/ryanevans/RustroverProjects/ematix-flow/examples/tpch/data/sf100
    queries: 22 ([17, 21, 15, 19, 6, 10, 11, 22, 1, 18, 14, 9, 20, 4, 16, 3, 2, 7, 5, 13, 12, 8])
    trials:  1 (after 0 warmups)
    output:  bench-results/tput-rebaseline-2026-07-03/sf100-auto/ematix/s10/batch-2/stream-8.md

    NOTE: single-invocation output is SMOKE-GRADE only. For win/loss
    claims use scripts/bench/strict_22q.sh / strict_ab.sh /
    strict_throughput.sh (see scripts/bench/README.md).

--- Q17 ---
  ematix-flow  3590.05 ms ±  0.00  (1 rows)

--- Q21 ---
  ematix-flow  11541.21 ms ±  0.00  (39950 rows)

--- Q15 ---
  ematix-flow  2030.89 ms ±  0.00  (1 rows)

--- Q19 ---
  ematix-flow  2986.18 ms ±  0.00  (1 rows)

--- Q06 ---
  ematix-flow  1018.83 ms ±  0.00  (1 rows)

--- Q10 ---
  ematix-flow  6164.42 ms ±  0.00  (3884218 rows)

--- Q11 ---
  ematix-flow   818.79 ms ±  0.00  (92698 rows)

--- Q22 ---
  ematix-flow  1724.80 ms ±  0.00  (7 rows)

--- Q01 ---
  ematix-flow  7579.33 ms ±  0.00  (4 rows)

--- Q18 ---
  ematix-flow  8540.46 ms ±  0.00  (6398 rows)

--- Q14 ---
  ematix-flow  2099.70 ms ±  0.00  (1 rows)

--- Q09 ---
  ematix-flow  12775.26 ms ±  0.00  (175 rows)

--- Q20 ---
  ematix-flow  4124.21 ms ±  0.00  (17971 rows)

--- Q04 ---
  ematix-flow  2707.79 ms ±  0.00  (5 rows)

--- Q16 ---
  ematix-flow  1255.51 ms ±  0.00  (27840 rows)

--- Q03 ---
  ematix-flow  5212.64 ms ±  0.00  (1131041 rows)

--- Q02 ---
  ematix-flow   682.38 ms ±  0.00  (47107 rows)

--- Q07 ---
  ematix-flow  4726.15 ms ±  0.00  (4 rows)

--- Q05 ---
  ematix-flow  3587.01 ms ±  0.00  (5 rows)

--- Q13 ---
  ematix-flow  3995.11 ms ±  0.00  (45 rows)

--- Q12 ---
  ematix-flow  3236.09 ms ±  0.00  (2 rows)

--- Q08 ---
  ematix-flow  5748.05 ms ±  0.00  (2 rows)

wrote bench-results/tput-rebaseline-2026-07-03/sf100-auto/ematix/s10/batch-2/stream-8.md
