=== TPC-H 22 triangulation bench ===
    data:    /Users/ryanevans/RustroverProjects/ematix-flow/examples/tpch/data/sf100
    queries: 22 ([2, 14, 17, 6, 11, 7, 20, 13, 15, 4, 9, 21, 22, 1, 10, 3, 16, 12, 5, 18, 19, 8])
    trials:  1 (after 0 warmups)
    output:  bench-results/tput-rebaseline-2026-07-03/sf100-auto/ematix/s10/batch-2/stream-3.md

    NOTE: single-invocation output is SMOKE-GRADE only. For win/loss
    claims use scripts/bench/strict_22q.sh / strict_ab.sh /
    strict_throughput.sh (see scripts/bench/README.md).

--- Q02 ---
  ematix-flow   871.95 ms ±  0.00  (47107 rows)

--- Q14 ---
  ematix-flow  2910.90 ms ±  0.00  (1 rows)

--- Q17 ---
  ematix-flow  3904.89 ms ±  0.00  (1 rows)

--- Q06 ---
  ematix-flow   964.56 ms ±  0.00  (1 rows)

--- Q11 ---
  ematix-flow   665.54 ms ±  0.00  (92698 rows)

--- Q07 ---
  ematix-flow  3918.82 ms ±  0.00  (4 rows)

--- Q20 ---
  ematix-flow  3466.75 ms ±  0.00  (17971 rows)

--- Q13 ---
  ematix-flow  4035.85 ms ±  0.00  (45 rows)

--- Q15 ---
  ematix-flow  2139.69 ms ±  0.00  (1 rows)

--- Q04 ---
  ematix-flow  2905.52 ms ±  0.00  (5 rows)

--- Q09 ---
  ematix-flow  10698.37 ms ±  0.00  (175 rows)

--- Q21 ---
  ematix-flow  12110.26 ms ±  0.00  (39950 rows)

--- Q22 ---
  ematix-flow  1327.53 ms ±  0.00  (7 rows)

--- Q01 ---
  ematix-flow  7244.91 ms ±  0.00  (4 rows)

--- Q10 ---
  ematix-flow  5785.81 ms ±  0.00  (3884218 rows)

--- Q03 ---
  ematix-flow  6606.65 ms ±  0.00  (1131041 rows)

--- Q16 ---
  ematix-flow  1686.80 ms ±  0.00  (27840 rows)

--- Q12 ---
  ematix-flow  3164.85 ms ±  0.00  (2 rows)

--- Q05 ---
  ematix-flow  4017.86 ms ±  0.00  (5 rows)

--- Q18 ---
  ematix-flow  18973.30 ms ±  0.00  (6398 rows)

--- Q19 ---
  ematix-flow  3480.56 ms ±  0.00  (1 rows)

--- Q08 ---
  ematix-flow  4443.02 ms ±  0.00  (2 rows)

wrote bench-results/tput-rebaseline-2026-07-03/sf100-auto/ematix/s10/batch-2/stream-3.md
