=== TPC-H 22 triangulation bench ===
    data:    /Users/ryanevans/RustroverProjects/ematix-flow/examples/tpch/data/sf100
    queries: 22 ([20, 6, 14, 10, 21, 22, 12, 13, 1, 17, 2, 18, 7, 11, 8, 15, 16, 4, 9, 3, 19, 5])
    trials:  1 (after 0 warmups)
    output:  bench-results/tput-rebaseline-2026-07-03/sf100-auto/ematix/s10/batch-2/stream-1.md

    NOTE: single-invocation output is SMOKE-GRADE only. For win/loss
    claims use scripts/bench/strict_22q.sh / strict_ab.sh /
    strict_throughput.sh (see scripts/bench/README.md).

--- Q20 ---
  ematix-flow  2976.21 ms ±  0.00  (17971 rows)

--- Q06 ---
  ematix-flow   859.19 ms ±  0.00  (1 rows)

--- Q14 ---
  ematix-flow  2403.61 ms ±  0.00  (1 rows)

--- Q10 ---
  ematix-flow  5530.31 ms ±  0.00  (3884218 rows)

--- Q21 ---
  ematix-flow  12396.44 ms ±  0.00  (39950 rows)

--- Q22 ---
  ematix-flow  1497.22 ms ±  0.00  (7 rows)

--- Q12 ---
  ematix-flow  2661.37 ms ±  0.00  (2 rows)

--- Q13 ---
  ematix-flow  5563.19 ms ±  0.00  (45 rows)

--- Q01 ---
  ematix-flow  8386.64 ms ±  0.00  (4 rows)

--- Q17 ---
  ematix-flow  3612.43 ms ±  0.00  (1 rows)

--- Q02 ---
  ematix-flow   692.94 ms ±  0.00  (47107 rows)

--- Q18 ---
  ematix-flow  10216.48 ms ±  0.00  (6398 rows)

--- Q07 ---
  ematix-flow  4627.28 ms ±  0.00  (4 rows)

--- Q11 ---
  ematix-flow   797.71 ms ±  0.00  (92698 rows)

--- Q08 ---
  ematix-flow  5853.14 ms ±  0.00  (2 rows)

--- Q15 ---
  ematix-flow  2129.38 ms ±  0.00  (1 rows)

--- Q16 ---
  ematix-flow  1387.11 ms ±  0.00  (27840 rows)

--- Q04 ---
  ematix-flow  3310.77 ms ±  0.00  (5 rows)

--- Q09 ---
  ematix-flow  19789.56 ms ±  0.00  (175 rows)

--- Q03 ---
  ematix-flow  4599.46 ms ±  0.00  (1131041 rows)

--- Q19 ---
  ematix-flow  3387.96 ms ±  0.00  (1 rows)

--- Q05 ---
  ematix-flow  3616.95 ms ±  0.00  (5 rows)

wrote bench-results/tput-rebaseline-2026-07-03/sf100-auto/ematix/s10/batch-2/stream-1.md
