=== TPC-H 22 triangulation bench ===
    data:    /Users/ryanevans/RustroverProjects/ematix-flow/examples/tpch/data/sf100
    queries: 22 ([21, 13, 19, 22, 10, 14, 5, 7, 4, 16, 6, 2, 3, 18, 11, 8, 15, 1, 17, 12, 9, 20])
    trials:  1 (after 0 warmups)
    output:  bench-results/tput-rebaseline-2026-07-03/sf100-auto/ematix/s10/batch-2/stream-5.md

    NOTE: single-invocation output is SMOKE-GRADE only. For win/loss
    claims use scripts/bench/strict_22q.sh / strict_ab.sh /
    strict_throughput.sh (see scripts/bench/README.md).

--- Q21 ---
  ematix-flow  10355.69 ms ±  0.00  (39950 rows)

--- Q13 ---
  ematix-flow  4525.52 ms ±  0.00  (45 rows)

--- Q19 ---
  ematix-flow  3891.62 ms ±  0.00  (1 rows)

--- Q22 ---
  ematix-flow  1333.41 ms ±  0.00  (7 rows)

--- Q10 ---
  ematix-flow  5257.42 ms ±  0.00  (3884218 rows)

--- Q14 ---
  ematix-flow  2480.76 ms ±  0.00  (1 rows)

--- Q05 ---
  ematix-flow  3751.15 ms ±  0.00  (5 rows)

--- Q07 ---
  ematix-flow  4814.51 ms ±  0.00  (4 rows)

--- Q04 ---
  ematix-flow  3024.49 ms ±  0.00  (5 rows)

--- Q16 ---
  ematix-flow  1254.94 ms ±  0.00  (27840 rows)

--- Q06 ---
  ematix-flow  1014.45 ms ±  0.00  (1 rows)

--- Q02 ---
  ematix-flow   808.48 ms ±  0.00  (47107 rows)

--- Q03 ---
  ematix-flow  5042.28 ms ±  0.00  (1131041 rows)

--- Q18 ---
  ematix-flow  14091.11 ms ±  0.00  (6398 rows)

--- Q11 ---
  ematix-flow   779.93 ms ±  0.00  (92698 rows)

--- Q08 ---
  ematix-flow  4801.97 ms ±  0.00  (2 rows)

--- Q15 ---
  ematix-flow  2052.30 ms ±  0.00  (1 rows)

--- Q01 ---
  ematix-flow  7879.56 ms ±  0.00  (4 rows)

--- Q17 ---
  ematix-flow  4169.29 ms ±  0.00  (1 rows)

--- Q12 ---
  ematix-flow  3537.33 ms ±  0.00  (2 rows)

--- Q09 ---
  ematix-flow  92304.59 ms ±  0.00  (175 rows)

--- Q20 ---
  ematix-flow  4224.78 ms ±  0.00  (17971 rows)

wrote bench-results/tput-rebaseline-2026-07-03/sf100-auto/ematix/s10/batch-2/stream-5.md
