=== TPC-H 22 triangulation bench ===
    data:    /Users/ryanevans/RustroverProjects/ematix-flow/examples/tpch/data/sf100
    queries: 22 ([4, 13, 6, 17, 21, 10, 12, 22, 9, 18, 3, 11, 5, 8, 20, 15, 7, 1, 16, 14, 2, 19])
    trials:  1 (after 0 warmups)
    output:  bench-results/tput-rebaseline-2026-07-03/sf100-auto/ematix/s10/batch-2/stream-10.md

    NOTE: single-invocation output is SMOKE-GRADE only. For win/loss
    claims use scripts/bench/strict_22q.sh / strict_ab.sh /
    strict_throughput.sh (see scripts/bench/README.md).

--- Q04 ---
  ematix-flow  2670.75 ms ±  0.00  (5 rows)

--- Q13 ---
  ematix-flow  4857.84 ms ±  0.00  (45 rows)

--- Q06 ---
  ematix-flow   989.30 ms ±  0.00  (1 rows)

--- Q17 ---
  ematix-flow  4212.86 ms ±  0.00  (1 rows)

--- Q21 ---
  ematix-flow  14002.17 ms ±  0.00  (39950 rows)

--- Q10 ---
  ematix-flow  6171.77 ms ±  0.00  (3884218 rows)

--- Q12 ---
  ematix-flow  1890.50 ms ±  0.00  (2 rows)

--- Q22 ---
  ematix-flow   942.20 ms ±  0.00  (7 rows)

--- Q09 ---
  ematix-flow  3703.04 ms ±  0.00  (175 rows)

--- Q18 ---
  ematix-flow  2198.23 ms ±  0.00  (6398 rows)

--- Q03 ---
  ematix-flow  1468.00 ms ±  0.00  (1131041 rows)

--- Q11 ---
  ematix-flow   233.22 ms ±  0.00  (92698 rows)

--- Q05 ---
  ematix-flow  1417.68 ms ±  0.00  (5 rows)

--- Q08 ---
  ematix-flow  1672.76 ms ±  0.00  (2 rows)

--- Q20 ---
  ematix-flow  1197.34 ms ±  0.00  (17971 rows)

--- Q15 ---
  ematix-flow   796.89 ms ±  0.00  (1 rows)

--- Q07 ---
  ematix-flow  1392.91 ms ±  0.00  (4 rows)

--- Q01 ---
  ematix-flow  2453.39 ms ±  0.00  (4 rows)

--- Q16 ---
  ematix-flow   427.94 ms ±  0.00  (27840 rows)

--- Q14 ---
  ematix-flow   780.56 ms ±  0.00  (1 rows)

--- Q02 ---
  ematix-flow   229.12 ms ±  0.00  (47107 rows)

--- Q19 ---
  ematix-flow  1157.07 ms ±  0.00  (1 rows)

wrote bench-results/tput-rebaseline-2026-07-03/sf100-auto/ematix/s10/batch-2/stream-10.md
