=== TPC-H 22 triangulation bench ===
    data:    /Users/ryanevans/RustroverProjects/ematix-flow/examples/tpch/data/sf10
    queries: 22 ([18, 14, 8, 9, 10, 15, 20, 5, 16, 6, 17, 19, 3, 1, 22, 2, 21, 4, 7, 13, 11, 12])
    trials:  1 (after 0 warmups)
    output:  bench-results/sched-arc-2026-07-03/sf10-final/ematix/s100/batch-2/stream-96.md

    NOTE: single-invocation output is SMOKE-GRADE only. For win/loss
    claims use scripts/bench/strict_22q.sh / strict_ab.sh /
    strict_throughput.sh (see scripts/bench/README.md).

--- Q18 ---
  ematix-flow  2924.64 ms ±  0.00  (624 rows)

--- Q14 ---
  ematix-flow   746.48 ms ±  0.00  (1 rows)

--- Q08 ---
  ematix-flow  2162.54 ms ±  0.00  (2 rows)

--- Q09 ---
  ematix-flow  3082.47 ms ±  0.00  (175 rows)

--- Q10 ---
  ematix-flow  2260.79 ms ±  0.00  (381105 rows)

--- Q15 ---
  ematix-flow   728.07 ms ±  0.00  (1 rows)

--- Q20 ---
  ematix-flow  1513.12 ms ±  0.00  (1804 rows)

--- Q05 ---
  ematix-flow  2050.32 ms ±  0.00  (5 rows)

--- Q16 ---
  ematix-flow   514.19 ms ±  0.00  (27840 rows)

--- Q06 ---
  ematix-flow   414.90 ms ±  0.00  (1 rows)

--- Q17 ---
  ematix-flow   598.05 ms ±  0.00  (1 rows)

--- Q19 ---
  ematix-flow   950.75 ms ±  0.00  (1 rows)

--- Q03 ---
  ematix-flow  1431.58 ms ±  0.00  (114003 rows)

--- Q01 ---
  ematix-flow  3132.32 ms ±  0.00  (4 rows)

--- Q22 ---
  ematix-flow   258.25 ms ±  0.00  (7 rows)

--- Q02 ---
  ematix-flow   188.28 ms ±  0.00  (4667 rows)

--- Q21 ---
  ematix-flow  2800.06 ms ±  0.00  (4009 rows)

--- Q04 ---
  ematix-flow   549.94 ms ±  0.00  (5 rows)

--- Q07 ---
  ematix-flow  1454.01 ms ±  0.00  (4 rows)

--- Q13 ---
  ematix-flow  1015.75 ms ±  0.00  (46 rows)

--- Q11 ---
  ematix-flow    86.46 ms ±  0.00  (8685 rows)

--- Q12 ---
  ematix-flow   725.90 ms ±  0.00  (2 rows)

wrote bench-results/sched-arc-2026-07-03/sf10-final/ematix/s100/batch-2/stream-96.md
