=== TPC-H 22 triangulation bench ===
    data:    /Users/ryanevans/RustroverProjects/ematix-flow/examples/tpch/data/sf10
    queries: 22 ([9, 8, 3, 12, 7, 6, 15, 14, 4, 20, 11, 2, 10, 21, 13, 19, 1, 16, 5, 22, 17, 18])
    trials:  1 (after 0 warmups)
    output:  bench-results/sched-arc-2026-07-03/sf10-final/ematix/s100/batch-2/stream-95.md

    NOTE: single-invocation output is SMOKE-GRADE only. For win/loss
    claims use scripts/bench/strict_22q.sh / strict_ab.sh /
    strict_throughput.sh (see scripts/bench/README.md).

--- Q09 ---
  ematix-flow  2568.11 ms ±  0.00  (175 rows)

--- Q08 ---
  ematix-flow  2226.08 ms ±  0.00  (2 rows)

--- Q03 ---
  ematix-flow  1111.14 ms ±  0.00  (114003 rows)

--- Q12 ---
  ematix-flow  1330.85 ms ±  0.00  (2 rows)

--- Q07 ---
  ematix-flow  1552.00 ms ±  0.00  (4 rows)

--- Q06 ---
  ematix-flow   224.77 ms ±  0.00  (1 rows)

--- Q15 ---
  ematix-flow   858.47 ms ±  0.00  (1 rows)

--- Q14 ---
  ematix-flow   631.92 ms ±  0.00  (1 rows)

--- Q04 ---
  ematix-flow   841.43 ms ±  0.00  (5 rows)

--- Q20 ---
  ematix-flow  1519.81 ms ±  0.00  (1804 rows)

--- Q11 ---
  ematix-flow    94.68 ms ±  0.00  (8685 rows)

--- Q02 ---
  ematix-flow    71.23 ms ±  0.00  (4667 rows)

--- Q10 ---
  ematix-flow  2114.70 ms ±  0.00  (381105 rows)

--- Q21 ---
  ematix-flow  2517.04 ms ±  0.00  (4009 rows)

--- Q13 ---
  ematix-flow  1233.90 ms ±  0.00  (46 rows)

--- Q19 ---
  ematix-flow   903.17 ms ±  0.00  (1 rows)

--- Q01 ---
  ematix-flow  3127.48 ms ±  0.00  (4 rows)

--- Q16 ---
  ematix-flow   579.28 ms ±  0.00  (27840 rows)

--- Q05 ---
  ematix-flow  1985.04 ms ±  0.00  (5 rows)

--- Q22 ---
  ematix-flow   314.61 ms ±  0.00  (7 rows)

--- Q17 ---
  ematix-flow   670.49 ms ±  0.00  (1 rows)

--- Q18 ---
  ematix-flow  2876.41 ms ±  0.00  (624 rows)

wrote bench-results/sched-arc-2026-07-03/sf10-final/ematix/s100/batch-2/stream-95.md
