=== TPC-H 22 triangulation bench ===
    data:    /Users/ryanevans/RustroverProjects/ematix-flow/examples/tpch/data/sf10
    queries: 22 ([16, 12, 15, 21, 10, 9, 5, 22, 2, 4, 3, 8, 20, 19, 14, 18, 17, 1, 6, 11, 7, 13])
    trials:  1 (after 0 warmups)
    output:  bench-results/sched-arc-2026-07-03/sf10-final/ematix/s100/batch-2/stream-88.md

    NOTE: single-invocation output is SMOKE-GRADE only. For win/loss
    claims use scripts/bench/strict_22q.sh / strict_ab.sh /
    strict_throughput.sh (see scripts/bench/README.md).

--- Q16 ---
  ematix-flow   357.99 ms ±  0.00  (27840 rows)

--- Q12 ---
  ematix-flow  1134.68 ms ±  0.00  (2 rows)

--- Q15 ---
  ematix-flow   704.04 ms ±  0.00  (1 rows)

--- Q21 ---
  ematix-flow  2343.03 ms ±  0.00  (4009 rows)

--- Q10 ---
  ematix-flow  1992.39 ms ±  0.00  (381105 rows)

--- Q09 ---
  ematix-flow  3228.02 ms ±  0.00  (175 rows)

--- Q05 ---
  ematix-flow  2000.06 ms ±  0.00  (5 rows)

--- Q22 ---
  ematix-flow   325.04 ms ±  0.00  (7 rows)

--- Q02 ---
  ematix-flow   113.86 ms ±  0.00  (4667 rows)

--- Q04 ---
  ematix-flow   726.49 ms ±  0.00  (5 rows)

--- Q03 ---
  ematix-flow  1259.21 ms ±  0.00  (114003 rows)

--- Q08 ---
  ematix-flow  2367.76 ms ±  0.00  (2 rows)

--- Q20 ---
  ematix-flow  1698.59 ms ±  0.00  (1804 rows)

--- Q19 ---
  ematix-flow   920.21 ms ±  0.00  (1 rows)

--- Q14 ---
  ematix-flow   633.87 ms ±  0.00  (1 rows)

--- Q18 ---
  ematix-flow  3665.74 ms ±  0.00  (624 rows)

--- Q17 ---
  ematix-flow   487.75 ms ±  0.00  (1 rows)

--- Q01 ---
  ematix-flow  3211.78 ms ±  0.00  (4 rows)

--- Q06 ---
  ematix-flow   209.23 ms ±  0.00  (1 rows)

--- Q11 ---
  ematix-flow   184.36 ms ±  0.00  (8685 rows)

--- Q07 ---
  ematix-flow  1346.70 ms ±  0.00  (4 rows)

--- Q13 ---
  ematix-flow  1434.93 ms ±  0.00  (46 rows)

wrote bench-results/sched-arc-2026-07-03/sf10-final/ematix/s100/batch-2/stream-88.md
