=== TPC-H 22 triangulation bench ===
    data:    /Users/ryanevans/RustroverProjects/ematix-flow/examples/tpch/data/sf10
    queries: 22 ([11, 9, 20, 21, 16, 15, 7, 3, 12, 22, 10, 2, 19, 1, 5, 8, 13, 6, 4, 18, 17, 14])
    trials:  1 (after 0 warmups)
    output:  bench-results/sched-arc-2026-07-03/sf10-final/ematix/s100/batch-2/stream-44.md

    NOTE: single-invocation output is SMOKE-GRADE only. For win/loss
    claims use scripts/bench/strict_22q.sh / strict_ab.sh /
    strict_throughput.sh (see scripts/bench/README.md).

--- Q11 ---
  ematix-flow   127.89 ms ±  0.00  (8685 rows)

--- Q09 ---
  ematix-flow  2429.24 ms ±  0.00  (175 rows)

--- Q20 ---
  ematix-flow  1432.04 ms ±  0.00  (1804 rows)

--- Q21 ---
  ematix-flow  2420.19 ms ±  0.00  (4009 rows)

--- Q16 ---
  ematix-flow   538.94 ms ±  0.00  (27840 rows)

--- Q15 ---
  ematix-flow   775.92 ms ±  0.00  (1 rows)

--- Q07 ---
  ematix-flow  1544.20 ms ±  0.00  (4 rows)

--- Q03 ---
  ematix-flow  1476.69 ms ±  0.00  (114003 rows)

--- Q12 ---
  ematix-flow  1259.05 ms ±  0.00  (2 rows)

--- Q22 ---
  ematix-flow   220.75 ms ±  0.00  (7 rows)

--- Q10 ---
  ematix-flow  2055.32 ms ±  0.00  (381105 rows)

--- Q02 ---
  ematix-flow    91.80 ms ±  0.00  (4667 rows)

--- Q19 ---
  ematix-flow   983.98 ms ±  0.00  (1 rows)

--- Q01 ---
  ematix-flow  2892.37 ms ±  0.00  (4 rows)

--- Q05 ---
  ematix-flow  2104.11 ms ±  0.00  (5 rows)

--- Q08 ---
  ematix-flow  2395.99 ms ±  0.00  (2 rows)

--- Q13 ---
  ematix-flow  1555.94 ms ±  0.00  (46 rows)

--- Q06 ---
  ematix-flow   182.22 ms ±  0.00  (1 rows)

--- Q04 ---
  ematix-flow   703.59 ms ±  0.00  (5 rows)

--- Q18 ---
  ematix-flow  3494.49 ms ±  0.00  (624 rows)

--- Q17 ---
  ematix-flow   579.27 ms ±  0.00  (1 rows)

--- Q14 ---
  ematix-flow   535.25 ms ±  0.00  (1 rows)

wrote bench-results/sched-arc-2026-07-03/sf10-final/ematix/s100/batch-2/stream-44.md
