=== TPC-H 22 triangulation bench ===
    data:    /Users/ryanevans/RustroverProjects/ematix-flow/examples/tpch/data/sf10
    queries: 22 ([15, 8, 1, 14, 18, 19, 11, 21, 16, 12, 3, 10, 5, 9, 6, 13, 7, 20, 4, 17, 2, 22])
    trials:  1 (after 0 warmups)
    output:  bench-results/sched-arc-2026-07-03/sf10-final/ematix/s100/batch-2/stream-19.md

    NOTE: single-invocation output is SMOKE-GRADE only. For win/loss
    claims use scripts/bench/strict_22q.sh / strict_ab.sh /
    strict_throughput.sh (see scripts/bench/README.md).

--- Q15 ---
  ematix-flow   719.06 ms ±  0.00  (1 rows)

--- Q08 ---
  ematix-flow  2242.14 ms ±  0.00  (2 rows)

--- Q01 ---
  ematix-flow  2590.72 ms ±  0.00  (4 rows)

--- Q14 ---
  ematix-flow   505.48 ms ±  0.00  (1 rows)

--- Q18 ---
  ematix-flow  2666.23 ms ±  0.00  (624 rows)

--- Q19 ---
  ematix-flow  1022.05 ms ±  0.00  (1 rows)

--- Q11 ---
  ematix-flow   121.23 ms ±  0.00  (8685 rows)

--- Q21 ---
  ematix-flow  2038.19 ms ±  0.00  (4009 rows)

--- Q16 ---
  ematix-flow   298.90 ms ±  0.00  (27840 rows)

--- Q12 ---
  ematix-flow  1010.16 ms ±  0.00  (2 rows)

--- Q03 ---
  ematix-flow  1312.10 ms ±  0.00  (114003 rows)

--- Q10 ---
  ematix-flow  2194.99 ms ±  0.00  (381105 rows)

--- Q05 ---
  ematix-flow  1746.97 ms ±  0.00  (5 rows)

--- Q09 ---
  ematix-flow  4426.56 ms ±  0.00  (175 rows)

--- Q06 ---
  ematix-flow   229.81 ms ±  0.00  (1 rows)

--- Q13 ---
  ematix-flow  1371.78 ms ±  0.00  (46 rows)

--- Q07 ---
  ematix-flow  1453.44 ms ±  0.00  (4 rows)

--- Q20 ---
  ematix-flow  1654.58 ms ±  0.00  (1804 rows)

--- Q04 ---
  ematix-flow   965.23 ms ±  0.00  (5 rows)

--- Q17 ---
  ematix-flow   615.69 ms ±  0.00  (1 rows)

--- Q02 ---
  ematix-flow   225.22 ms ±  0.00  (4667 rows)

--- Q22 ---
  ematix-flow   371.81 ms ±  0.00  (7 rows)

wrote bench-results/sched-arc-2026-07-03/sf10-final/ematix/s100/batch-2/stream-19.md
