=== TPC-H 22 triangulation bench ===
    data:    /Users/ryanevans/RustroverProjects/ematix-flow/examples/tpch/data/sf10
    queries: 22 ([17, 9, 13, 2, 6, 18, 3, 20, 19, 4, 5, 22, 11, 7, 1, 15, 8, 14, 10, 21, 16, 12])
    trials:  1 (after 0 warmups)
    output:  bench-results/sched-arc-2026-07-03/sf10-final/ematix/s100/batch-2/stream-16.md

    NOTE: single-invocation output is SMOKE-GRADE only. For win/loss
    claims use scripts/bench/strict_22q.sh / strict_ab.sh /
    strict_throughput.sh (see scripts/bench/README.md).

--- Q17 ---
  ematix-flow   650.85 ms ±  0.00  (1 rows)

--- Q09 ---
  ematix-flow  2626.41 ms ±  0.00  (175 rows)

--- Q13 ---
  ematix-flow  1208.48 ms ±  0.00  (46 rows)

--- Q02 ---
  ematix-flow   103.70 ms ±  0.00  (4667 rows)

--- Q06 ---
  ematix-flow   156.52 ms ±  0.00  (1 rows)

--- Q18 ---
  ematix-flow  2791.50 ms ±  0.00  (624 rows)

--- Q03 ---
  ematix-flow  1392.69 ms ±  0.00  (114003 rows)

--- Q20 ---
  ematix-flow  1508.99 ms ±  0.00  (1804 rows)

--- Q19 ---
  ematix-flow   971.95 ms ±  0.00  (1 rows)

--- Q04 ---
  ematix-flow   590.88 ms ±  0.00  (5 rows)

--- Q05 ---
  ematix-flow  1380.49 ms ±  0.00  (5 rows)

--- Q22 ---
  ematix-flow   276.39 ms ±  0.00  (7 rows)

--- Q11 ---
  ematix-flow   129.32 ms ±  0.00  (8685 rows)

--- Q07 ---
  ematix-flow  1381.78 ms ±  0.00  (4 rows)

--- Q01 ---
  ematix-flow  3423.31 ms ±  0.00  (4 rows)

--- Q15 ---
  ematix-flow   687.15 ms ±  0.00  (1 rows)

--- Q08 ---
  ematix-flow  1815.17 ms ±  0.00  (2 rows)

--- Q14 ---
  ematix-flow   718.14 ms ±  0.00  (1 rows)

--- Q10 ---
  ematix-flow  2507.54 ms ±  0.00  (381105 rows)

--- Q21 ---
  ematix-flow  2728.51 ms ±  0.00  (4009 rows)

--- Q16 ---
  ematix-flow   570.12 ms ±  0.00  (27840 rows)

--- Q12 ---
  ematix-flow  1011.39 ms ±  0.00  (2 rows)

wrote bench-results/sched-arc-2026-07-03/sf10-final/ematix/s100/batch-2/stream-16.md
