=== TPC-H 22 triangulation bench ===
    data:    /Users/ryanevans/RustroverProjects/ematix-flow/examples/tpch/data/sf10
    queries: 22 ([21, 4, 5, 2, 11, 9, 14, 10, 6, 3, 13, 1, 22, 8, 18, 12, 19, 16, 17, 15, 7, 20])
    trials:  1 (after 0 warmups)
    output:  bench-results/sched-arc-2026-07-03/sf10-final/ematix/s100/batch-2/stream-53.md

    NOTE: single-invocation output is SMOKE-GRADE only. For win/loss
    claims use scripts/bench/strict_22q.sh / strict_ab.sh /
    strict_throughput.sh (see scripts/bench/README.md).

--- Q21 ---
  ematix-flow  2313.59 ms ±  0.00  (4009 rows)

--- Q04 ---
  ematix-flow   818.43 ms ±  0.00  (5 rows)

--- Q05 ---
  ematix-flow  1964.63 ms ±  0.00  (5 rows)

--- Q02 ---
  ematix-flow   122.46 ms ±  0.00  (4667 rows)

--- Q11 ---
  ematix-flow    82.30 ms ±  0.00  (8685 rows)

--- Q09 ---
  ematix-flow  2664.10 ms ±  0.00  (175 rows)

--- Q14 ---
  ematix-flow   571.26 ms ±  0.00  (1 rows)

--- Q10 ---
  ematix-flow  1921.50 ms ±  0.00  (381105 rows)

--- Q06 ---
  ematix-flow   142.97 ms ±  0.00  (1 rows)

--- Q03 ---
  ematix-flow  1515.41 ms ±  0.00  (114003 rows)

--- Q13 ---
  ematix-flow  1514.71 ms ±  0.00  (46 rows)

--- Q01 ---
  ematix-flow  3817.31 ms ±  0.00  (4 rows)

--- Q22 ---
  ematix-flow   302.30 ms ±  0.00  (7 rows)

--- Q08 ---
  ematix-flow  2340.59 ms ±  0.00  (2 rows)

--- Q18 ---
  ematix-flow  3296.44 ms ±  0.00  (624 rows)

--- Q12 ---
  ematix-flow  1070.76 ms ±  0.00  (2 rows)

--- Q19 ---
  ematix-flow  1084.56 ms ±  0.00  (1 rows)

--- Q16 ---
  ematix-flow   580.83 ms ±  0.00  (27840 rows)

--- Q17 ---
  ematix-flow   632.41 ms ±  0.00  (1 rows)

--- Q15 ---
  ematix-flow   653.14 ms ±  0.00  (1 rows)

--- Q07 ---
  ematix-flow  1230.91 ms ±  0.00  (4 rows)

--- Q20 ---
  ematix-flow  1241.73 ms ±  0.00  (1804 rows)

wrote bench-results/sched-arc-2026-07-03/sf10-final/ematix/s100/batch-2/stream-53.md
