=== TPC-H 22 triangulation bench ===
    data:    /Users/ryanevans/RustroverProjects/ematix-flow/examples/tpch/data/sf10
    queries: 22 ([10, 8, 6, 15, 17, 9, 14, 22, 2, 3, 21, 11, 19, 12, 5, 7, 1, 18, 13, 20, 4, 16])
    trials:  1 (after 0 warmups)
    output:  bench-results/sched-arc-2026-07-03/sf10-final/ematix/s100/batch-2/stream-64.md

    NOTE: single-invocation output is SMOKE-GRADE only. For win/loss
    claims use scripts/bench/strict_22q.sh / strict_ab.sh /
    strict_throughput.sh (see scripts/bench/README.md).

--- Q10 ---
  ematix-flow  2336.64 ms ±  0.00  (381105 rows)

--- Q08 ---
  ematix-flow  2074.67 ms ±  0.00  (2 rows)

--- Q06 ---
  ematix-flow   199.50 ms ±  0.00  (1 rows)

--- Q15 ---
  ematix-flow   721.74 ms ±  0.00  (1 rows)

--- Q17 ---
  ematix-flow   476.83 ms ±  0.00  (1 rows)

--- Q09 ---
  ematix-flow  2775.64 ms ±  0.00  (175 rows)

--- Q14 ---
  ematix-flow   551.19 ms ±  0.00  (1 rows)

--- Q22 ---
  ematix-flow   257.84 ms ±  0.00  (7 rows)

--- Q02 ---
  ematix-flow    97.82 ms ±  0.00  (4667 rows)

--- Q03 ---
  ematix-flow  1320.52 ms ±  0.00  (114003 rows)

--- Q21 ---
  ematix-flow  2119.15 ms ±  0.00  (4009 rows)

--- Q11 ---
  ematix-flow   100.36 ms ±  0.00  (8685 rows)

--- Q19 ---
  ematix-flow  1015.12 ms ±  0.00  (1 rows)

--- Q12 ---
  ematix-flow  1079.51 ms ±  0.00  (2 rows)

--- Q05 ---
  ematix-flow  1935.24 ms ±  0.00  (5 rows)

--- Q07 ---
  ematix-flow  1527.17 ms ±  0.00  (4 rows)

--- Q01 ---
  ematix-flow  3501.69 ms ±  0.00  (4 rows)

--- Q18 ---
  ematix-flow  3560.31 ms ±  0.00  (624 rows)

--- Q13 ---
  ematix-flow  1749.18 ms ±  0.00  (46 rows)

--- Q20 ---
  ematix-flow  1505.37 ms ±  0.00  (1804 rows)

--- Q04 ---
  ematix-flow   891.23 ms ±  0.00  (5 rows)

--- Q16 ---
  ematix-flow   509.73 ms ±  0.00  (27840 rows)

wrote bench-results/sched-arc-2026-07-03/sf10-final/ematix/s100/batch-2/stream-64.md
