=== TPC-H 22 triangulation bench ===
    data:    /Users/ryanevans/RustroverProjects/ematix-flow/examples/tpch/data/sf10
    queries: 22 ([15, 8, 6, 18, 3, 12, 14, 4, 11, 22, 17, 20, 19, 5, 21, 9, 2, 16, 10, 7, 1, 13])
    trials:  1 (after 0 warmups)
    output:  bench-results/sched-arc-2026-07-03/sf10-final/ematix/s100/batch-2/stream-25.md

    NOTE: single-invocation output is SMOKE-GRADE only. For win/loss
    claims use scripts/bench/strict_22q.sh / strict_ab.sh /
    strict_throughput.sh (see scripts/bench/README.md).

--- Q15 ---
  ematix-flow   568.15 ms ±  0.00  (1 rows)

--- Q08 ---
  ematix-flow  2293.40 ms ±  0.00  (2 rows)

--- Q06 ---
  ematix-flow   177.32 ms ±  0.00  (1 rows)

--- Q18 ---
  ematix-flow  2716.93 ms ±  0.00  (624 rows)

--- Q03 ---
  ematix-flow  1370.18 ms ±  0.00  (114003 rows)

--- Q12 ---
  ematix-flow  1277.16 ms ±  0.00  (2 rows)

--- Q14 ---
  ematix-flow   551.37 ms ±  0.00  (1 rows)

--- Q04 ---
  ematix-flow   690.01 ms ±  0.00  (5 rows)

--- Q11 ---
  ematix-flow   112.72 ms ±  0.00  (8685 rows)

--- Q22 ---
  ematix-flow   317.23 ms ±  0.00  (7 rows)

--- Q17 ---
  ematix-flow   616.53 ms ±  0.00  (1 rows)

--- Q20 ---
  ematix-flow  1552.78 ms ±  0.00  (1804 rows)

--- Q19 ---
  ematix-flow   917.18 ms ±  0.00  (1 rows)

--- Q05 ---
  ematix-flow  1973.16 ms ±  0.00  (5 rows)

--- Q21 ---
  ematix-flow  3348.16 ms ±  0.00  (4009 rows)

--- Q09 ---
  ematix-flow  3499.05 ms ±  0.00  (175 rows)

--- Q02 ---
  ematix-flow   107.54 ms ±  0.00  (4667 rows)

--- Q16 ---
  ematix-flow   316.11 ms ±  0.00  (27840 rows)

--- Q10 ---
  ematix-flow  1985.42 ms ±  0.00  (381105 rows)

--- Q07 ---
  ematix-flow  1430.93 ms ±  0.00  (4 rows)

--- Q01 ---
  ematix-flow  3212.34 ms ±  0.00  (4 rows)

--- Q13 ---
  ematix-flow  1043.62 ms ±  0.00  (46 rows)

wrote bench-results/sched-arc-2026-07-03/sf10-final/ematix/s100/batch-2/stream-25.md
