=== TPC-H 22 triangulation bench ===
    data:    /Users/ryanevans/RustroverProjects/ematix-flow/examples/tpch/data/sf10
    queries: 22 ([17, 21, 15, 19, 6, 10, 11, 22, 1, 18, 14, 9, 20, 4, 16, 3, 2, 7, 5, 13, 12, 8])
    trials:  1 (after 0 warmups)
    output:  bench-results/sched-arc-2026-07-03/sf10-final/ematix/s100/batch-2/stream-8.md

    NOTE: single-invocation output is SMOKE-GRADE only. For win/loss
    claims use scripts/bench/strict_22q.sh / strict_ab.sh /
    strict_throughput.sh (see scripts/bench/README.md).

--- Q17 ---
  ematix-flow   838.65 ms ±  0.00  (1 rows)

--- Q21 ---
  ematix-flow  2122.75 ms ±  0.00  (4009 rows)

--- Q15 ---
  ematix-flow   734.04 ms ±  0.00  (1 rows)

--- Q19 ---
  ematix-flow   979.59 ms ±  0.00  (1 rows)

--- Q06 ---
  ematix-flow   184.71 ms ±  0.00  (1 rows)

--- Q10 ---
  ematix-flow  2056.57 ms ±  0.00  (381105 rows)

--- Q11 ---
  ematix-flow    94.04 ms ±  0.00  (8685 rows)

--- Q22 ---
  ematix-flow   217.69 ms ±  0.00  (7 rows)

--- Q01 ---
  ematix-flow  3247.78 ms ±  0.00  (4 rows)

--- Q18 ---
  ematix-flow  3606.60 ms ±  0.00  (624 rows)

--- Q14 ---
  ematix-flow   537.09 ms ±  0.00  (1 rows)

--- Q09 ---
  ematix-flow  3172.16 ms ±  0.00  (175 rows)

--- Q20 ---
  ematix-flow  1283.38 ms ±  0.00  (1804 rows)

--- Q04 ---
  ematix-flow   607.76 ms ±  0.00  (5 rows)

--- Q16 ---
  ematix-flow   340.51 ms ±  0.00  (27840 rows)

--- Q03 ---
  ematix-flow  1295.65 ms ±  0.00  (114003 rows)

--- Q02 ---
  ematix-flow    99.45 ms ±  0.00  (4667 rows)

--- Q07 ---
  ematix-flow  1315.11 ms ±  0.00  (4 rows)

--- Q05 ---
  ematix-flow  2150.48 ms ±  0.00  (5 rows)

--- Q13 ---
  ematix-flow  1600.32 ms ±  0.00  (46 rows)

--- Q12 ---
  ematix-flow  1228.94 ms ±  0.00  (2 rows)

--- Q08 ---
  ematix-flow  1950.53 ms ±  0.00  (2 rows)

wrote bench-results/sched-arc-2026-07-03/sf10-final/ematix/s100/batch-2/stream-8.md
