=== TPC-H 22 triangulation bench ===
    data:    /Users/ryanevans/RustroverProjects/ematix-flow/examples/tpch/data/sf10
    queries: 22 ([22, 6, 3, 16, 10, 13, 17, 20, 7, 14, 19, 15, 11, 2, 12, 5, 18, 8, 9, 1, 4, 21])
    trials:  1 (after 0 warmups)
    output:  bench-results/sched-arc-2026-07-03/sf10-final/ematix/s100/batch-2/stream-42.md

    NOTE: single-invocation output is SMOKE-GRADE only. For win/loss
    claims use scripts/bench/strict_22q.sh / strict_ab.sh /
    strict_throughput.sh (see scripts/bench/README.md).

--- Q22 ---
  ematix-flow   394.64 ms ±  0.00  (7 rows)

--- Q06 ---
  ematix-flow   232.51 ms ±  0.00  (1 rows)

--- Q03 ---
  ematix-flow  1361.87 ms ±  0.00  (114003 rows)

--- Q16 ---
  ematix-flow   314.28 ms ±  0.00  (27840 rows)

--- Q10 ---
  ematix-flow  1889.27 ms ±  0.00  (381105 rows)

--- Q13 ---
  ematix-flow  1142.64 ms ±  0.00  (46 rows)

--- Q17 ---
  ematix-flow   567.77 ms ±  0.00  (1 rows)

--- Q20 ---
  ematix-flow  1338.59 ms ±  0.00  (1804 rows)

--- Q07 ---
  ematix-flow  1350.11 ms ±  0.00  (4 rows)

--- Q14 ---
  ematix-flow   592.04 ms ±  0.00  (1 rows)

--- Q19 ---
  ematix-flow   988.96 ms ±  0.00  (1 rows)

--- Q15 ---
  ematix-flow   844.38 ms ±  0.00  (1 rows)

--- Q11 ---
  ematix-flow    82.17 ms ±  0.00  (8685 rows)

--- Q02 ---
  ematix-flow   103.25 ms ±  0.00  (4667 rows)

--- Q12 ---
  ematix-flow  1160.69 ms ±  0.00  (2 rows)

--- Q05 ---
  ematix-flow  1772.07 ms ±  0.00  (5 rows)

--- Q18 ---
  ematix-flow  2645.13 ms ±  0.00  (624 rows)

--- Q08 ---
  ematix-flow  2154.50 ms ±  0.00  (2 rows)

--- Q09 ---
  ematix-flow  3323.22 ms ±  0.00  (175 rows)

--- Q01 ---
  ematix-flow  3623.59 ms ±  0.00  (4 rows)

--- Q04 ---
  ematix-flow   644.07 ms ±  0.00  (5 rows)

--- Q21 ---
  ematix-flow  2015.14 ms ±  0.00  (4009 rows)

wrote bench-results/sched-arc-2026-07-03/sf10-final/ematix/s100/batch-2/stream-42.md
