=== TPC-H 22 triangulation bench ===
    data:    /Users/ryanevans/RustroverProjects/ematix-flow/examples/tpch/data/sf10
    queries: 22 ([6, 18, 21, 16, 8, 15, 22, 20, 7, 19, 14, 17, 9, 1, 10, 12, 4, 3, 2, 13, 5, 11])
    trials:  1 (after 0 warmups)
    output:  bench-results/sched-arc-2026-07-03/sf10-final/ematix/s100/batch-2/stream-7.md

    NOTE: single-invocation output is SMOKE-GRADE only. For win/loss
    claims use scripts/bench/strict_22q.sh / strict_ab.sh /
    strict_throughput.sh (see scripts/bench/README.md).

--- Q06 ---
  ematix-flow   219.21 ms ±  0.00  (1 rows)

--- Q18 ---
  ematix-flow  3390.50 ms ±  0.00  (624 rows)

--- Q21 ---
  ematix-flow  2082.10 ms ±  0.00  (4009 rows)

--- Q16 ---
  ematix-flow   314.93 ms ±  0.00  (27840 rows)

--- Q08 ---
  ematix-flow  2063.65 ms ±  0.00  (2 rows)

--- Q15 ---
  ematix-flow   552.96 ms ±  0.00  (1 rows)

--- Q22 ---
  ematix-flow   332.75 ms ±  0.00  (7 rows)

--- Q20 ---
  ematix-flow  1574.47 ms ±  0.00  (1804 rows)

--- Q07 ---
  ematix-flow  1439.83 ms ±  0.00  (4 rows)

--- Q19 ---
  ematix-flow  1105.63 ms ±  0.00  (1 rows)

--- Q14 ---
  ematix-flow   459.09 ms ±  0.00  (1 rows)

--- Q17 ---
  ematix-flow   664.29 ms ±  0.00  (1 rows)

--- Q09 ---
  ematix-flow  3064.80 ms ±  0.00  (175 rows)

--- Q01 ---
  ematix-flow  2953.71 ms ±  0.00  (4 rows)

--- Q10 ---
  ematix-flow  1966.09 ms ±  0.00  (381105 rows)

--- Q12 ---
  ematix-flow  1310.26 ms ±  0.00  (2 rows)

--- Q04 ---
  ematix-flow   919.29 ms ±  0.00  (5 rows)

--- Q03 ---
  ematix-flow  1307.36 ms ±  0.00  (114003 rows)

--- Q02 ---
  ematix-flow   155.78 ms ±  0.00  (4667 rows)

--- Q13 ---
  ematix-flow  1479.48 ms ±  0.00  (46 rows)

--- Q05 ---
  ematix-flow  1612.95 ms ±  0.00  (5 rows)

--- Q11 ---
  ematix-flow    85.22 ms ±  0.00  (8685 rows)

wrote bench-results/sched-arc-2026-07-03/sf10-final/ematix/s100/batch-2/stream-7.md
