=== TPC-H 22 triangulation bench ===
    data:    /Users/ryanevans/RustroverProjects/ematix-flow/examples/tpch/data/sf10
    queries: 22 ([8, 15, 10, 21, 1, 11, 18, 17, 2, 13, 16, 4, 6, 7, 14, 19, 22, 12, 5, 9, 20, 3])
    trials:  1 (after 0 warmups)
    output:  bench-results/sched-arc-2026-07-03/sf10-final/ematix/s100/batch-2/stream-89.md

    NOTE: single-invocation output is SMOKE-GRADE only. For win/loss
    claims use scripts/bench/strict_22q.sh / strict_ab.sh /
    strict_throughput.sh (see scripts/bench/README.md).

--- Q08 ---
  ematix-flow  2026.92 ms ±  0.00  (2 rows)

--- Q15 ---
  ematix-flow   715.73 ms ±  0.00  (1 rows)

--- Q10 ---
  ematix-flow  1959.13 ms ±  0.00  (381105 rows)

--- Q21 ---
  ematix-flow  2343.42 ms ±  0.00  (4009 rows)

--- Q01 ---
  ematix-flow  3448.79 ms ±  0.00  (4 rows)

--- Q11 ---
  ematix-flow   266.21 ms ±  0.00  (8685 rows)

--- Q18 ---
  ematix-flow  3526.01 ms ±  0.00  (624 rows)

--- Q17 ---
  ematix-flow   636.69 ms ±  0.00  (1 rows)

--- Q02 ---
  ematix-flow    89.18 ms ±  0.00  (4667 rows)

--- Q13 ---
  ematix-flow  1561.38 ms ±  0.00  (46 rows)

--- Q16 ---
  ematix-flow   467.94 ms ±  0.00  (27840 rows)

--- Q04 ---
  ematix-flow   836.77 ms ±  0.00  (5 rows)

--- Q06 ---
  ematix-flow   239.67 ms ±  0.00  (1 rows)

--- Q07 ---
  ematix-flow  1671.61 ms ±  0.00  (4 rows)

--- Q14 ---
  ematix-flow   671.80 ms ±  0.00  (1 rows)

--- Q19 ---
  ematix-flow  1225.62 ms ±  0.00  (1 rows)

--- Q22 ---
  ematix-flow   340.11 ms ±  0.00  (7 rows)

--- Q12 ---
  ematix-flow  1088.71 ms ±  0.00  (2 rows)

--- Q05 ---
  ematix-flow  1633.09 ms ±  0.00  (5 rows)

--- Q09 ---
  ematix-flow  3038.79 ms ±  0.00  (175 rows)

--- Q20 ---
  ematix-flow  1752.53 ms ±  0.00  (1804 rows)

--- Q03 ---
  ematix-flow  1390.46 ms ±  0.00  (114003 rows)

wrote bench-results/sched-arc-2026-07-03/sf10-final/ematix/s100/batch-2/stream-89.md
