=== TPC-H 22 triangulation bench ===
    data:    /Users/ryanevans/RustroverProjects/ematix-flow/examples/tpch/data/sf10
    queries: 22 ([4, 13, 6, 17, 21, 10, 12, 22, 9, 18, 3, 11, 5, 8, 20, 15, 7, 1, 16, 14, 2, 19])
    trials:  1 (after 0 warmups)
    output:  bench-results/sched-arc-2026-07-03/sf10-final/ematix/s100/batch-2/stream-10.md

    NOTE: single-invocation output is SMOKE-GRADE only. For win/loss
    claims use scripts/bench/strict_22q.sh / strict_ab.sh /
    strict_throughput.sh (see scripts/bench/README.md).

--- Q04 ---
  ematix-flow   898.65 ms ±  0.00  (5 rows)

--- Q13 ---
  ematix-flow   979.81 ms ±  0.00  (46 rows)

--- Q06 ---
  ematix-flow   136.57 ms ±  0.00  (1 rows)

--- Q17 ---
  ematix-flow   561.08 ms ±  0.00  (1 rows)

--- Q21 ---
  ematix-flow  2229.38 ms ±  0.00  (4009 rows)

--- Q10 ---
  ematix-flow  2071.12 ms ±  0.00  (381105 rows)

--- Q12 ---
  ematix-flow   927.76 ms ±  0.00  (2 rows)

--- Q22 ---
  ematix-flow   153.94 ms ±  0.00  (7 rows)

--- Q09 ---
  ematix-flow  3171.32 ms ±  0.00  (175 rows)

--- Q18 ---
  ematix-flow  3312.23 ms ±  0.00  (624 rows)

--- Q03 ---
  ematix-flow  1411.98 ms ±  0.00  (114003 rows)

--- Q11 ---
  ematix-flow   167.75 ms ±  0.00  (8685 rows)

--- Q05 ---
  ematix-flow  2019.59 ms ±  0.00  (5 rows)

--- Q08 ---
  ematix-flow  1815.83 ms ±  0.00  (2 rows)

--- Q20 ---
  ematix-flow  1478.73 ms ±  0.00  (1804 rows)

--- Q15 ---
  ematix-flow   664.79 ms ±  0.00  (1 rows)

--- Q07 ---
  ematix-flow  1663.57 ms ±  0.00  (4 rows)

--- Q01 ---
  ematix-flow  3998.69 ms ±  0.00  (4 rows)

--- Q16 ---
  ematix-flow   333.48 ms ±  0.00  (27840 rows)

--- Q14 ---
  ematix-flow   436.97 ms ±  0.00  (1 rows)

--- Q02 ---
  ematix-flow    78.08 ms ±  0.00  (4667 rows)

--- Q19 ---
  ematix-flow   883.67 ms ±  0.00  (1 rows)

wrote bench-results/sched-arc-2026-07-03/sf10-final/ematix/s100/batch-2/stream-10.md
