=== TPC-H 22 triangulation bench ===
    data:    /Users/ryanevans/RustroverProjects/ematix-flow/examples/tpch/data/sf10
    queries: 22 ([3, 4, 18, 14, 1, 11, 9, 12, 16, 10, 8, 13, 5, 6, 17, 15, 22, 2, 20, 21, 7, 19])
    trials:  1 (after 0 warmups)
    output:  bench-results/sched-arc-2026-07-03/sf10-final/ematix/s100/batch-2/stream-58.md

    NOTE: single-invocation output is SMOKE-GRADE only. For win/loss
    claims use scripts/bench/strict_22q.sh / strict_ab.sh /
    strict_throughput.sh (see scripts/bench/README.md).

--- Q03 ---
  ematix-flow  1643.30 ms ±  0.00  (114003 rows)

--- Q04 ---
  ematix-flow   655.77 ms ±  0.00  (5 rows)

--- Q18 ---
  ematix-flow  3574.33 ms ±  0.00  (624 rows)

--- Q14 ---
  ematix-flow   635.68 ms ±  0.00  (1 rows)

--- Q01 ---
  ematix-flow  3568.34 ms ±  0.00  (4 rows)

--- Q11 ---
  ematix-flow   120.20 ms ±  0.00  (8685 rows)

--- Q09 ---
  ematix-flow  3459.45 ms ±  0.00  (175 rows)

--- Q12 ---
  ematix-flow  1231.68 ms ±  0.00  (2 rows)

--- Q16 ---
  ematix-flow   327.04 ms ±  0.00  (27840 rows)

--- Q10 ---
  ematix-flow  2300.16 ms ±  0.00  (381105 rows)

--- Q08 ---
  ematix-flow  1986.31 ms ±  0.00  (2 rows)

--- Q13 ---
  ematix-flow  1650.38 ms ±  0.00  (46 rows)

--- Q05 ---
  ematix-flow  1721.70 ms ±  0.00  (5 rows)

--- Q06 ---
  ematix-flow   180.96 ms ±  0.00  (1 rows)

--- Q17 ---
  ematix-flow   917.78 ms ±  0.00  (1 rows)

--- Q15 ---
  ematix-flow   797.37 ms ±  0.00  (1 rows)

--- Q22 ---
  ematix-flow   218.09 ms ±  0.00  (7 rows)

--- Q02 ---
  ematix-flow   106.87 ms ±  0.00  (4667 rows)

--- Q20 ---
  ematix-flow  1396.52 ms ±  0.00  (1804 rows)

--- Q21 ---
  ematix-flow  1938.10 ms ±  0.00  (4009 rows)

--- Q07 ---
  ematix-flow  1449.05 ms ±  0.00  (4 rows)

--- Q19 ---
  ematix-flow  1071.15 ms ±  0.00  (1 rows)

wrote bench-results/sched-arc-2026-07-03/sf10-final/ematix/s100/batch-2/stream-58.md
