=== TPC-H 22 triangulation bench ===
    data:    /Users/ryanevans/RustroverProjects/ematix-flow/examples/tpch/data/sf10
    queries: 22 ([20, 2, 13, 7, 1, 10, 22, 3, 21, 9, 18, 6, 11, 12, 5, 16, 14, 8, 19, 4, 17, 15])
    trials:  1 (after 0 warmups)
    output:  bench-results/sched-arc-2026-07-03/sf10-final/ematix/s100/batch-2/stream-68.md

    NOTE: single-invocation output is SMOKE-GRADE only. For win/loss
    claims use scripts/bench/strict_22q.sh / strict_ab.sh /
    strict_throughput.sh (see scripts/bench/README.md).

--- Q20 ---
  ematix-flow  1436.75 ms ±  0.00  (1804 rows)

--- Q02 ---
  ematix-flow   113.38 ms ±  0.00  (4667 rows)

--- Q13 ---
  ematix-flow  1211.51 ms ±  0.00  (46 rows)

--- Q07 ---
  ematix-flow  1291.09 ms ±  0.00  (4 rows)

--- Q01 ---
  ematix-flow  3265.26 ms ±  0.00  (4 rows)

--- Q10 ---
  ematix-flow  2060.47 ms ±  0.00  (381105 rows)

--- Q22 ---
  ematix-flow   154.54 ms ±  0.00  (7 rows)

--- Q03 ---
  ematix-flow  1288.24 ms ±  0.00  (114003 rows)

--- Q21 ---
  ematix-flow  2322.23 ms ±  0.00  (4009 rows)

--- Q09 ---
  ematix-flow  3429.95 ms ±  0.00  (175 rows)

--- Q18 ---
  ematix-flow  3292.63 ms ±  0.00  (624 rows)

--- Q06 ---
  ematix-flow   198.18 ms ±  0.00  (1 rows)

--- Q11 ---
  ematix-flow   126.70 ms ±  0.00  (8685 rows)

--- Q12 ---
  ematix-flow  1113.68 ms ±  0.00  (2 rows)

--- Q05 ---
  ematix-flow  1622.19 ms ±  0.00  (5 rows)

--- Q16 ---
  ematix-flow   327.60 ms ±  0.00  (27840 rows)

--- Q14 ---
  ematix-flow   613.87 ms ±  0.00  (1 rows)

--- Q08 ---
  ematix-flow  2565.21 ms ±  0.00  (2 rows)

--- Q19 ---
  ematix-flow   916.78 ms ±  0.00  (1 rows)

--- Q04 ---
  ematix-flow   730.89 ms ±  0.00  (5 rows)

--- Q17 ---
  ematix-flow   518.67 ms ±  0.00  (1 rows)

--- Q15 ---
  ematix-flow   756.01 ms ±  0.00  (1 rows)

wrote bench-results/sched-arc-2026-07-03/sf10-final/ematix/s100/batch-2/stream-68.md
