=== TPC-H 22 triangulation bench ===
    data:    /Users/ryanevans/RustroverProjects/ematix-flow/examples/tpch/data/sf10
    queries: 22 ([4, 16, 21, 5, 1, 14, 12, 19, 2, 3, 10, 11, 8, 9, 13, 6, 7, 17, 20, 22, 18, 15])
    trials:  1 (after 0 warmups)
    output:  bench-results/sched-arc-2026-07-03/sf10-final/ematix/s100/batch-2/stream-11.md

    NOTE: single-invocation output is SMOKE-GRADE only. For win/loss
    claims use scripts/bench/strict_22q.sh / strict_ab.sh /
    strict_throughput.sh (see scripts/bench/README.md).

--- Q04 ---
  ematix-flow   611.40 ms ±  0.00  (5 rows)

--- Q16 ---
  ematix-flow   394.66 ms ±  0.00  (27840 rows)

--- Q21 ---
  ematix-flow  2545.19 ms ±  0.00  (4009 rows)

--- Q05 ---
  ematix-flow  1843.22 ms ±  0.00  (5 rows)

--- Q01 ---
  ematix-flow  2777.51 ms ±  0.00  (4 rows)

--- Q14 ---
  ematix-flow   556.13 ms ±  0.00  (1 rows)

--- Q12 ---
  ematix-flow  1097.14 ms ±  0.00  (2 rows)

--- Q19 ---
  ematix-flow   896.90 ms ±  0.00  (1 rows)

--- Q02 ---
  ematix-flow   175.61 ms ±  0.00  (4667 rows)

--- Q03 ---
  ematix-flow  1392.15 ms ±  0.00  (114003 rows)

--- Q10 ---
  ematix-flow  1826.13 ms ±  0.00  (381105 rows)

--- Q11 ---
  ematix-flow   197.36 ms ±  0.00  (8685 rows)

--- Q08 ---
  ematix-flow  2020.40 ms ±  0.00  (2 rows)

--- Q09 ---
  ematix-flow  2789.10 ms ±  0.00  (175 rows)

--- Q13 ---
  ematix-flow  1057.24 ms ±  0.00  (46 rows)

--- Q06 ---
  ematix-flow   171.84 ms ±  0.00  (1 rows)

--- Q07 ---
  ematix-flow  1442.82 ms ±  0.00  (4 rows)

--- Q17 ---
  ematix-flow   817.08 ms ±  0.00  (1 rows)

--- Q20 ---
  ematix-flow  1586.99 ms ±  0.00  (1804 rows)

--- Q22 ---
  ematix-flow   344.59 ms ±  0.00  (7 rows)

--- Q18 ---
  ematix-flow  4190.86 ms ±  0.00  (624 rows)

--- Q15 ---
  ematix-flow   642.08 ms ±  0.00  (1 rows)

wrote bench-results/sched-arc-2026-07-03/sf10-final/ematix/s100/batch-2/stream-11.md
