=== TPC-H 22 triangulation bench ===
    data:    /Users/ryanevans/RustroverProjects/ematix-flow/examples/tpch/data/sf10
    queries: 22 ([19, 18, 21, 15, 13, 17, 8, 14, 9, 16, 7, 22, 12, 5, 4, 6, 20, 3, 10, 1, 2, 11])
    trials:  1 (after 0 warmups)
    output:  bench-results/sched-arc-2026-07-03/sf10-final/ematix/s100/batch-2/stream-36.md

    NOTE: single-invocation output is SMOKE-GRADE only. For win/loss
    claims use scripts/bench/strict_22q.sh / strict_ab.sh /
    strict_throughput.sh (see scripts/bench/README.md).

--- Q19 ---
  ematix-flow   925.96 ms ±  0.00  (1 rows)

--- Q18 ---
  ematix-flow  2649.78 ms ±  0.00  (624 rows)

--- Q21 ---
  ematix-flow  1829.76 ms ±  0.00  (4009 rows)

--- Q15 ---
  ematix-flow   717.41 ms ±  0.00  (1 rows)

--- Q13 ---
  ematix-flow  1368.47 ms ±  0.00  (46 rows)

--- Q17 ---
  ematix-flow   637.01 ms ±  0.00  (1 rows)

--- Q08 ---
  ematix-flow  2328.15 ms ±  0.00  (2 rows)

--- Q14 ---
  ematix-flow   662.00 ms ±  0.00  (1 rows)

--- Q09 ---
  ematix-flow  3161.99 ms ±  0.00  (175 rows)

--- Q16 ---
  ematix-flow   414.47 ms ±  0.00  (27840 rows)

--- Q07 ---
  ematix-flow  1142.26 ms ±  0.00  (4 rows)

--- Q22 ---
  ematix-flow   182.04 ms ±  0.00  (7 rows)

--- Q12 ---
  ematix-flow  1102.06 ms ±  0.00  (2 rows)

--- Q05 ---
  ematix-flow  2041.07 ms ±  0.00  (5 rows)

--- Q04 ---
  ematix-flow   685.16 ms ±  0.00  (5 rows)

--- Q06 ---
  ematix-flow   219.75 ms ±  0.00  (1 rows)

--- Q20 ---
  ematix-flow  1546.42 ms ±  0.00  (1804 rows)

--- Q03 ---
  ematix-flow  1186.22 ms ±  0.00  (114003 rows)

--- Q10 ---
  ematix-flow  2160.91 ms ±  0.00  (381105 rows)

--- Q01 ---
  ematix-flow  3282.77 ms ±  0.00  (4 rows)

--- Q02 ---
  ematix-flow   139.15 ms ±  0.00  (4667 rows)

--- Q11 ---
  ematix-flow    86.28 ms ±  0.00  (8685 rows)

wrote bench-results/sched-arc-2026-07-03/sf10-final/ematix/s100/batch-2/stream-36.md
