=== TPC-H 22 triangulation bench ===
    data:    /Users/ryanevans/RustroverProjects/ematix-flow/examples/tpch/data/sf10
    queries: 22 ([12, 11, 16, 4, 21, 14, 20, 22, 9, 1, 18, 5, 6, 13, 3, 7, 10, 8, 2, 17, 19, 15])
    trials:  1 (after 0 warmups)
    output:  bench-results/sched-arc-2026-07-03/sf10-final/ematix/s100/batch-2/stream-40.md

    NOTE: single-invocation output is SMOKE-GRADE only. For win/loss
    claims use scripts/bench/strict_22q.sh / strict_ab.sh /
    strict_throughput.sh (see scripts/bench/README.md).

--- Q12 ---
  ematix-flow  1070.57 ms ±  0.00  (2 rows)

--- Q11 ---
  ematix-flow   100.78 ms ±  0.00  (8685 rows)

--- Q16 ---
  ematix-flow   396.99 ms ±  0.00  (27840 rows)

--- Q04 ---
  ematix-flow   730.03 ms ±  0.00  (5 rows)

--- Q21 ---
  ematix-flow  1583.60 ms ±  0.00  (4009 rows)

--- Q14 ---
  ematix-flow   520.77 ms ±  0.00  (1 rows)

--- Q20 ---
  ematix-flow  1589.34 ms ±  0.00  (1804 rows)

--- Q22 ---
  ematix-flow   266.18 ms ±  0.00  (7 rows)

--- Q09 ---
  ematix-flow  3269.39 ms ±  0.00  (175 rows)

--- Q01 ---
  ematix-flow  3840.01 ms ±  0.00  (4 rows)

--- Q18 ---
  ematix-flow  3139.88 ms ±  0.00  (624 rows)

--- Q05 ---
  ematix-flow  1945.35 ms ±  0.00  (5 rows)

--- Q06 ---
  ematix-flow   249.33 ms ±  0.00  (1 rows)

--- Q13 ---
  ematix-flow  1271.95 ms ±  0.00  (46 rows)

--- Q03 ---
  ematix-flow  1414.01 ms ±  0.00  (114003 rows)

--- Q07 ---
  ematix-flow  1503.18 ms ±  0.00  (4 rows)

--- Q10 ---
  ematix-flow  2219.72 ms ±  0.00  (381105 rows)

--- Q08 ---
  ematix-flow  2077.09 ms ±  0.00  (2 rows)

--- Q02 ---
  ematix-flow   138.26 ms ±  0.00  (4667 rows)

--- Q17 ---
  ematix-flow   621.61 ms ±  0.00  (1 rows)

--- Q19 ---
  ematix-flow   919.18 ms ±  0.00  (1 rows)

--- Q15 ---
  ematix-flow   741.67 ms ±  0.00  (1 rows)

wrote bench-results/sched-arc-2026-07-03/sf10-final/ematix/s100/batch-2/stream-40.md
