=== TPC-H 22 triangulation bench ===
    data:    /Users/ryanevans/RustroverProjects/ematix-flow/examples/tpch/data/sf10
    queries: 22 ([5, 15, 14, 17, 9, 3, 4, 19, 2, 22, 21, 8, 1, 12, 13, 20, 10, 11, 7, 18, 6, 16])
    trials:  1 (after 0 warmups)
    output:  bench-results/sched-arc-2026-07-03/sf10-final/ematix/s100/batch-2/stream-61.md

    NOTE: single-invocation output is SMOKE-GRADE only. For win/loss
    claims use scripts/bench/strict_22q.sh / strict_ab.sh /
    strict_throughput.sh (see scripts/bench/README.md).

--- Q05 ---
  ematix-flow  1584.30 ms ±  0.00  (5 rows)

--- Q15 ---
  ematix-flow   879.19 ms ±  0.00  (1 rows)

--- Q14 ---
  ematix-flow   673.82 ms ±  0.00  (1 rows)

--- Q17 ---
  ematix-flow   653.51 ms ±  0.00  (1 rows)

--- Q09 ---
  ematix-flow  2668.85 ms ±  0.00  (175 rows)

--- Q03 ---
  ematix-flow  1152.66 ms ±  0.00  (114003 rows)

--- Q04 ---
  ematix-flow   640.45 ms ±  0.00  (5 rows)

--- Q19 ---
  ematix-flow  1001.56 ms ±  0.00  (1 rows)

--- Q02 ---
  ematix-flow    93.68 ms ±  0.00  (4667 rows)

--- Q22 ---
  ematix-flow   299.03 ms ±  0.00  (7 rows)

--- Q21 ---
  ematix-flow  2026.87 ms ±  0.00  (4009 rows)

--- Q08 ---
  ematix-flow  2171.61 ms ±  0.00  (2 rows)

--- Q01 ---
  ematix-flow  3263.61 ms ±  0.00  (4 rows)

--- Q12 ---
  ematix-flow  1208.41 ms ±  0.00  (2 rows)

--- Q13 ---
  ematix-flow  1747.19 ms ±  0.00  (46 rows)

--- Q20 ---
  ematix-flow  1503.63 ms ±  0.00  (1804 rows)

--- Q10 ---
  ematix-flow  2056.78 ms ±  0.00  (381105 rows)

--- Q11 ---
  ematix-flow   135.59 ms ±  0.00  (8685 rows)

--- Q07 ---
  ematix-flow  1651.09 ms ±  0.00  (4 rows)

--- Q18 ---
  ematix-flow  4168.72 ms ±  0.00  (624 rows)

--- Q06 ---
  ematix-flow   346.05 ms ±  0.00  (1 rows)

--- Q16 ---
  ematix-flow   358.47 ms ±  0.00  (27840 rows)

wrote bench-results/sched-arc-2026-07-03/sf10-final/ematix/s100/batch-2/stream-61.md
