=== TPC-H 22 triangulation bench ===
    data:    /Users/ryanevans/RustroverProjects/ematix-flow/examples/tpch/data/sf10
    queries: 22 ([1, 13, 2, 4, 3, 11, 5, 19, 10, 12, 21, 16, 7, 14, 15, 9, 20, 22, 6, 18, 17, 8])
    trials:  1 (after 0 warmups)
    output:  bench-results/sched-arc-2026-07-03/sf10-final/ematix/s100/batch-2/stream-51.md

    NOTE: single-invocation output is SMOKE-GRADE only. For win/loss
    claims use scripts/bench/strict_22q.sh / strict_ab.sh /
    strict_throughput.sh (see scripts/bench/README.md).

--- Q01 ---
  ematix-flow  3141.15 ms ±  0.00  (4 rows)

--- Q13 ---
  ematix-flow  1205.92 ms ±  0.00  (46 rows)

--- Q02 ---
  ematix-flow   189.38 ms ±  0.00  (4667 rows)

--- Q04 ---
  ematix-flow   751.04 ms ±  0.00  (5 rows)

--- Q03 ---
  ematix-flow  1297.92 ms ±  0.00  (114003 rows)

--- Q11 ---
  ematix-flow   116.76 ms ±  0.00  (8685 rows)

--- Q05 ---
  ematix-flow  1705.71 ms ±  0.00  (5 rows)

--- Q19 ---
  ematix-flow   974.86 ms ±  0.00  (1 rows)

--- Q10 ---
  ematix-flow  1944.52 ms ±  0.00  (381105 rows)

--- Q12 ---
  ematix-flow  1386.28 ms ±  0.00  (2 rows)

--- Q21 ---
  ematix-flow  2572.40 ms ±  0.00  (4009 rows)

--- Q16 ---
  ematix-flow   331.16 ms ±  0.00  (27840 rows)

--- Q07 ---
  ematix-flow  1615.02 ms ±  0.00  (4 rows)

--- Q14 ---
  ematix-flow   647.56 ms ±  0.00  (1 rows)

--- Q15 ---
  ematix-flow   763.21 ms ±  0.00  (1 rows)

--- Q09 ---
  ematix-flow  3250.03 ms ±  0.00  (175 rows)

--- Q20 ---
  ematix-flow  1392.21 ms ±  0.00  (1804 rows)

--- Q22 ---
  ematix-flow   346.84 ms ±  0.00  (7 rows)

--- Q06 ---
  ematix-flow   165.26 ms ±  0.00  (1 rows)

--- Q18 ---
  ematix-flow  3279.97 ms ±  0.00  (624 rows)

--- Q17 ---
  ematix-flow   687.99 ms ±  0.00  (1 rows)

--- Q08 ---
  ematix-flow  2113.35 ms ±  0.00  (2 rows)

wrote bench-results/sched-arc-2026-07-03/sf10-final/ematix/s100/batch-2/stream-51.md
