=== TPC-H 22 triangulation bench ===
    data:    /Users/ryanevans/RustroverProjects/ematix-flow/examples/tpch/data/sf10
    queries: 22 ([21, 20, 4, 6, 16, 5, 19, 8, 13, 15, 9, 2, 7, 12, 14, 10, 17, 3, 22, 11, 18, 1])
    trials:  1 (after 0 warmups)
    output:  bench-results/sched-arc-2026-07-03/sf10-final/ematix/s100/batch-2/stream-86.md

    NOTE: single-invocation output is SMOKE-GRADE only. For win/loss
    claims use scripts/bench/strict_22q.sh / strict_ab.sh /
    strict_throughput.sh (see scripts/bench/README.md).

--- Q21 ---
  ematix-flow  2276.86 ms ±  0.00  (4009 rows)

--- Q20 ---
  ematix-flow  1453.07 ms ±  0.00  (1804 rows)

--- Q04 ---
  ematix-flow   727.63 ms ±  0.00  (5 rows)

--- Q06 ---
  ematix-flow   224.17 ms ±  0.00  (1 rows)

--- Q16 ---
  ematix-flow   429.40 ms ±  0.00  (27840 rows)

--- Q05 ---
  ematix-flow  1646.50 ms ±  0.00  (5 rows)

--- Q19 ---
  ematix-flow  1001.35 ms ±  0.00  (1 rows)

--- Q08 ---
  ematix-flow  2326.49 ms ±  0.00  (2 rows)

--- Q13 ---
  ematix-flow  1441.10 ms ±  0.00  (46 rows)

--- Q15 ---
  ematix-flow   844.78 ms ±  0.00  (1 rows)

--- Q09 ---
  ematix-flow  3020.31 ms ±  0.00  (175 rows)

--- Q02 ---
  ematix-flow   132.52 ms ±  0.00  (4667 rows)

--- Q07 ---
  ematix-flow  1749.68 ms ±  0.00  (4 rows)

--- Q12 ---
  ematix-flow  1168.69 ms ±  0.00  (2 rows)

--- Q14 ---
  ematix-flow   722.55 ms ±  0.00  (1 rows)

--- Q10 ---
  ematix-flow  2344.53 ms ±  0.00  (381105 rows)

--- Q17 ---
  ematix-flow   791.49 ms ±  0.00  (1 rows)

--- Q03 ---
  ematix-flow  1722.85 ms ±  0.00  (114003 rows)

--- Q22 ---
  ematix-flow   244.10 ms ±  0.00  (7 rows)

--- Q11 ---
  ematix-flow   149.70 ms ±  0.00  (8685 rows)

--- Q18 ---
  ematix-flow  2786.12 ms ±  0.00  (624 rows)

--- Q01 ---
  ematix-flow  3356.08 ms ±  0.00  (4 rows)

wrote bench-results/sched-arc-2026-07-03/sf10-final/ematix/s100/batch-2/stream-86.md
