=== TPC-H 22 triangulation bench ===
    data:    /Users/ryanevans/RustroverProjects/ematix-flow/examples/tpch/data/sf10
    queries: 22 ([13, 18, 3, 7, 11, 4, 21, 16, 14, 22, 2, 10, 8, 19, 17, 1, 6, 5, 9, 12, 20, 15])
    trials:  1 (after 0 warmups)
    output:  bench-results/sched-arc-2026-07-03/sf10-final/ematix/s100/batch-2/stream-9.md

    NOTE: single-invocation output is SMOKE-GRADE only. For win/loss
    claims use scripts/bench/strict_22q.sh / strict_ab.sh /
    strict_throughput.sh (see scripts/bench/README.md).

--- Q13 ---
  ematix-flow  1337.67 ms ±  0.00  (46 rows)

--- Q18 ---
  ematix-flow  3051.45 ms ±  0.00  (624 rows)

--- Q03 ---
  ematix-flow  1278.33 ms ±  0.00  (114003 rows)

--- Q07 ---
  ematix-flow  1488.48 ms ±  0.00  (4 rows)

--- Q11 ---
  ematix-flow   176.38 ms ±  0.00  (8685 rows)

--- Q04 ---
  ematix-flow   625.46 ms ±  0.00  (5 rows)

--- Q21 ---
  ematix-flow  1943.43 ms ±  0.00  (4009 rows)

--- Q16 ---
  ematix-flow   431.14 ms ±  0.00  (27840 rows)

--- Q14 ---
  ematix-flow   637.58 ms ±  0.00  (1 rows)

--- Q22 ---
  ematix-flow   229.06 ms ±  0.00  (7 rows)

--- Q02 ---
  ematix-flow   111.98 ms ±  0.00  (4667 rows)

--- Q10 ---
  ematix-flow  2081.99 ms ±  0.00  (381105 rows)

--- Q08 ---
  ematix-flow  1884.31 ms ±  0.00  (2 rows)

--- Q19 ---
  ematix-flow   968.95 ms ±  0.00  (1 rows)

--- Q17 ---
  ematix-flow   753.06 ms ±  0.00  (1 rows)

--- Q01 ---
  ematix-flow  3079.29 ms ±  0.00  (4 rows)

--- Q06 ---
  ematix-flow   253.16 ms ±  0.00  (1 rows)

--- Q05 ---
  ematix-flow  1806.31 ms ±  0.00  (5 rows)

--- Q09 ---
  ematix-flow  3136.92 ms ±  0.00  (175 rows)

--- Q12 ---
  ematix-flow  1405.03 ms ±  0.00  (2 rows)

--- Q20 ---
  ematix-flow  1344.26 ms ±  0.00  (1804 rows)

--- Q15 ---
  ematix-flow   617.49 ms ±  0.00  (1 rows)

wrote bench-results/sched-arc-2026-07-03/sf10-final/ematix/s100/batch-2/stream-9.md
