=== TPC-H 22 triangulation bench ===
    data:    /Users/ryanevans/RustroverProjects/ematix-flow/examples/tpch/data/sf100
    queries: 22 ([20, 6, 14, 10, 21, 22, 12, 13, 1, 17, 2, 18, 7, 11, 8, 15, 16, 4, 9, 3, 19, 5])
    trials:  1 (after 0 warmups)
    output:  bench-results/sched-arc-2026-07-03/sf100-final/ematix/s1/batch-3/stream-1.md

    NOTE: single-invocation output is SMOKE-GRADE only. For win/loss
    claims use scripts/bench/strict_22q.sh / strict_ab.sh /
    strict_throughput.sh (see scripts/bench/README.md).

--- Q20 ---
  ematix-flow  1211.93 ms ±  0.00  (17971 rows)

--- Q06 ---
  ematix-flow   529.46 ms ±  0.00  (1 rows)

--- Q14 ---
  ematix-flow   890.97 ms ±  0.00  (1 rows)

--- Q10 ---
  ematix-flow  2134.54 ms ±  0.00  (3884218 rows)

--- Q21 ---
  ematix-flow  3741.85 ms ±  0.00  (39950 rows)

--- Q22 ---
  ematix-flow   479.02 ms ±  0.00  (7 rows)

--- Q12 ---
  ematix-flow  1073.01 ms ±  0.00  (2 rows)

--- Q13 ---
  ematix-flow  2089.89 ms ±  0.00  (45 rows)

--- Q01 ---
  ematix-flow  2896.08 ms ±  0.00  (4 rows)

--- Q17 ---
  ematix-flow  1747.26 ms ±  0.00  (1 rows)

--- Q02 ---
  ematix-flow   281.45 ms ±  0.00  (47107 rows)

--- Q18 ---
  ematix-flow  2988.14 ms ±  0.00  (6398 rows)

--- Q07 ---
  ematix-flow  1755.74 ms ±  0.00  (4 rows)

--- Q11 ---
  ematix-flow   224.10 ms ±  0.00  (92698 rows)

--- Q08 ---
  ematix-flow  1917.10 ms ±  0.00  (2 rows)

--- Q15 ---
  ematix-flow   913.19 ms ±  0.00  (1 rows)

--- Q16 ---
  ematix-flow   464.78 ms ±  0.00  (27840 rows)

--- Q04 ---
  ematix-flow  1015.09 ms ±  0.00  (5 rows)

--- Q09 ---
  ematix-flow  3897.08 ms ±  0.00  (175 rows)

--- Q03 ---
  ematix-flow  1857.99 ms ±  0.00  (1131041 rows)

--- Q19 ---
  ematix-flow  1581.45 ms ±  0.00  (1 rows)

--- Q05 ---
  ematix-flow  1695.38 ms ±  0.00  (5 rows)

wrote bench-results/sched-arc-2026-07-03/sf100-final/ematix/s1/batch-3/stream-1.md
