=== TPC-H 22 triangulation bench ===
    data:    /Users/ryanevans/RustroverProjects/ematix-flow/examples/tpch/data/sf10
    queries: 22 ([3, 4, 18, 14, 1, 11, 9, 12, 16, 10, 8, 13, 5, 6, 17, 15, 22, 2, 20, 21, 7, 19])
    trials:  1 (after 0 warmups)
    output:  bench-results/tput-rebaseline-2026-07-03/sf10-auto/duckdb/s100/batch-3/stream-58.md

    NOTE: single-invocation output is SMOKE-GRADE only. For win/loss
    claims use scripts/bench/strict_22q.sh / strict_ab.sh /
    strict_throughput.sh (see scripts/bench/README.md).

--- Q03 ---
  DuckDB        990.31 ms ±  0.00  (114003 rows)

--- Q04 ---
  DuckDB        904.25 ms ±  0.00  (5 rows)

--- Q18 ---
  DuckDB       1635.33 ms ±  0.00  (624 rows)

--- Q14 ---
  DuckDB       1052.40 ms ±  0.00  (1 rows)

--- Q01 ---
  DuckDB       2079.58 ms ±  0.00  (4 rows)

--- Q11 ---
  DuckDB         89.67 ms ±  0.00  (8685 rows)

--- Q09 ---
  DuckDB       2455.27 ms ±  0.00  (175 rows)

--- Q12 ---
  DuckDB       1041.23 ms ±  0.00  (2 rows)

--- Q16 ---
  DuckDB        301.02 ms ±  0.00  (27840 rows)

--- Q10 ---
  DuckDB       1915.77 ms ±  0.00  (381105 rows)

--- Q08 ---
  DuckDB       1370.46 ms ±  0.00  (2 rows)

--- Q13 ---
  DuckDB       1854.40 ms ±  0.00  (46 rows)

--- Q05 ---
  DuckDB       1093.27 ms ±  0.00  (5 rows)

--- Q06 ---
  DuckDB        633.46 ms ±  0.00  (1 rows)

--- Q17 ---
  DuckDB       1146.84 ms ±  0.00  (1 rows)

--- Q15 ---
  DuckDB        558.91 ms ±  0.00  (1 rows)

--- Q22 ---
  DuckDB        215.32 ms ±  0.00  (7 rows)

--- Q02 ---
  DuckDB        228.26 ms ±  0.00  (4667 rows)

--- Q20 ---
  DuckDB        798.42 ms ±  0.00  (1804 rows)

--- Q21 ---
  DuckDB       3215.36 ms ±  0.00  (4009 rows)

--- Q07 ---
  DuckDB       1142.06 ms ±  0.00  (4 rows)

--- Q19 ---
  DuckDB       1318.49 ms ±  0.00  (1 rows)

wrote bench-results/tput-rebaseline-2026-07-03/sf10-auto/duckdb/s100/batch-3/stream-58.md
