=== TPC-H 22 triangulation bench ===
    data:    /Users/ryanevans/RustroverProjects/ematix-flow/examples/tpch/data/sf10
    queries: 22 ([6, 13, 4, 21, 14, 2, 20, 18, 9, 12, 7, 22, 16, 17, 11, 19, 10, 5, 1, 15, 3, 8])
    trials:  1 (after 0 warmups)
    output:  bench-results/tput-rebaseline-2026-07-03/sf10-auto/duckdb/s100/batch-3/stream-59.md

    NOTE: single-invocation output is SMOKE-GRADE only. For win/loss
    claims use scripts/bench/strict_22q.sh / strict_ab.sh /
    strict_throughput.sh (see scripts/bench/README.md).

--- Q06 ---
  DuckDB        551.35 ms ±  0.00  (1 rows)

--- Q13 ---
  DuckDB       1976.45 ms ±  0.00  (46 rows)

--- Q04 ---
  DuckDB        794.69 ms ±  0.00  (5 rows)

--- Q21 ---
  DuckDB       2842.45 ms ±  0.00  (4009 rows)

--- Q14 ---
  DuckDB       1295.39 ms ±  0.00  (1 rows)

--- Q02 ---
  DuckDB        231.94 ms ±  0.00  (4667 rows)

--- Q20 ---
  DuckDB       1029.17 ms ±  0.00  (1804 rows)

--- Q18 ---
  DuckDB       1717.18 ms ±  0.00  (624 rows)

--- Q09 ---
  DuckDB       2179.90 ms ±  0.00  (175 rows)

--- Q12 ---
  DuckDB        679.99 ms ±  0.00  (2 rows)

--- Q07 ---
  DuckDB       1017.05 ms ±  0.00  (4 rows)

--- Q22 ---
  DuckDB        306.31 ms ±  0.00  (7 rows)

--- Q16 ---
  DuckDB        276.21 ms ±  0.00  (27840 rows)

--- Q17 ---
  DuckDB       1250.73 ms ±  0.00  (1 rows)

--- Q11 ---
  DuckDB         68.50 ms ±  0.00  (8685 rows)

--- Q19 ---
  DuckDB       1455.10 ms ±  0.00  (1 rows)

--- Q10 ---
  DuckDB       1686.03 ms ±  0.00  (381105 rows)

--- Q05 ---
  DuckDB       1178.79 ms ±  0.00  (5 rows)

--- Q01 ---
  DuckDB       2109.17 ms ±  0.00  (4 rows)

--- Q15 ---
  DuckDB        553.58 ms ±  0.00  (1 rows)

--- Q03 ---
  DuckDB        953.03 ms ±  0.00  (114003 rows)

--- Q08 ---
  DuckDB       1143.82 ms ±  0.00  (2 rows)

wrote bench-results/tput-rebaseline-2026-07-03/sf10-auto/duckdb/s100/batch-3/stream-59.md
