=== TPC-H 22 triangulation bench ===
    data:    /Users/ryanevans/RustroverProjects/ematix-flow/examples/tpch/data/sf10
    queries: 22 ([10, 13, 19, 5, 20, 1, 7, 14, 18, 2, 15, 17, 4, 6, 21, 3, 11, 22, 8, 12, 9, 16])
    trials:  1 (after 0 warmups)
    output:  bench-results/tput-rebaseline-2026-07-03/sf10-auto/duckdb/s100/batch-3/stream-50.md

    NOTE: single-invocation output is SMOKE-GRADE only. For win/loss
    claims use scripts/bench/strict_22q.sh / strict_ab.sh /
    strict_throughput.sh (see scripts/bench/README.md).

--- Q10 ---
  DuckDB       1919.87 ms ±  0.00  (381105 rows)

--- Q13 ---
  DuckDB       2079.94 ms ±  0.00  (46 rows)

--- Q19 ---
  DuckDB       1435.07 ms ±  0.00  (1 rows)

--- Q05 ---
  DuckDB       1316.28 ms ±  0.00  (5 rows)

--- Q20 ---
  DuckDB        916.10 ms ±  0.00  (1804 rows)

--- Q01 ---
  DuckDB       2284.39 ms ±  0.00  (4 rows)

--- Q07 ---
  DuckDB       1114.57 ms ±  0.00  (4 rows)

--- Q14 ---
  DuckDB        860.65 ms ±  0.00  (1 rows)

--- Q18 ---
  DuckDB       1449.21 ms ±  0.00  (624 rows)

--- Q02 ---
  DuckDB        219.24 ms ±  0.00  (4667 rows)

--- Q15 ---
  DuckDB        602.46 ms ±  0.00  (1 rows)

--- Q17 ---
  DuckDB       1173.21 ms ±  0.00  (1 rows)

--- Q04 ---
  DuckDB        606.72 ms ±  0.00  (5 rows)

--- Q06 ---
  DuckDB        705.53 ms ±  0.00  (1 rows)

--- Q21 ---
  DuckDB       2812.18 ms ±  0.00  (4009 rows)

--- Q03 ---
  DuckDB       1166.26 ms ±  0.00  (114003 rows)

--- Q11 ---
  DuckDB        120.12 ms ±  0.00  (8685 rows)

--- Q22 ---
  DuckDB        467.78 ms ±  0.00  (7 rows)

--- Q08 ---
  DuckDB       1094.51 ms ±  0.00  (2 rows)

--- Q12 ---
  DuckDB        599.71 ms ±  0.00  (2 rows)

--- Q09 ---
  DuckDB       2257.81 ms ±  0.00  (175 rows)

--- Q16 ---
  DuckDB        187.79 ms ±  0.00  (27840 rows)

wrote bench-results/tput-rebaseline-2026-07-03/sf10-auto/duckdb/s100/batch-3/stream-50.md
