=== TPC-H 22 triangulation bench ===
    data:    /Users/ryanevans/RustroverProjects/ematix-flow/examples/tpch/data/sf10
    queries: 22 ([5, 6, 8, 22, 4, 21, 19, 2, 17, 13, 1, 10, 20, 7, 16, 9, 11, 15, 18, 14, 3, 12])
    trials:  1 (after 0 warmups)
    output:  bench-results/tput-rebaseline-2026-07-03/sf10-auto/duckdb/s100/batch-3/stream-47.md

    NOTE: single-invocation output is SMOKE-GRADE only. For win/loss
    claims use scripts/bench/strict_22q.sh / strict_ab.sh /
    strict_throughput.sh (see scripts/bench/README.md).

--- Q05 ---
  DuckDB        975.10 ms ±  0.00  (5 rows)

--- Q06 ---
  DuckDB        420.59 ms ±  0.00  (1 rows)

--- Q08 ---
  DuckDB       1386.99 ms ±  0.00  (2 rows)

--- Q22 ---
  DuckDB        305.03 ms ±  0.00  (7 rows)

--- Q04 ---
  DuckDB        678.17 ms ±  0.00  (5 rows)

--- Q21 ---
  DuckDB       2932.84 ms ±  0.00  (4009 rows)

--- Q19 ---
  DuckDB       1533.66 ms ±  0.00  (1 rows)

--- Q02 ---
  DuckDB        184.49 ms ±  0.00  (4667 rows)

--- Q17 ---
  DuckDB       1342.53 ms ±  0.00  (1 rows)

--- Q13 ---
  DuckDB       2015.52 ms ±  0.00  (46 rows)

--- Q01 ---
  DuckDB       2127.10 ms ±  0.00  (4 rows)

--- Q10 ---
  DuckDB       2029.80 ms ±  0.00  (381105 rows)

--- Q20 ---
  DuckDB       1220.54 ms ±  0.00  (1804 rows)

--- Q07 ---
  DuckDB       1213.09 ms ±  0.00  (4 rows)

--- Q16 ---
  DuckDB        298.20 ms ±  0.00  (27840 rows)

--- Q09 ---
  DuckDB       2294.53 ms ±  0.00  (175 rows)

--- Q11 ---
  DuckDB         77.05 ms ±  0.00  (8685 rows)

--- Q15 ---
  DuckDB        595.36 ms ±  0.00  (1 rows)

--- Q18 ---
  DuckDB       1505.04 ms ±  0.00  (624 rows)

--- Q14 ---
  DuckDB        803.04 ms ±  0.00  (1 rows)

--- Q03 ---
  DuckDB        998.10 ms ±  0.00  (114003 rows)

--- Q12 ---
  DuckDB        814.90 ms ±  0.00  (2 rows)

wrote bench-results/tput-rebaseline-2026-07-03/sf10-auto/duckdb/s100/batch-3/stream-47.md
