=== TPC-H 22 triangulation bench ===
    data:    /Users/ryanevans/RustroverProjects/ematix-flow/examples/tpch/data/sf10
    queries: 22 ([15, 1, 13, 14, 18, 4, 20, 16, 21, 9, 8, 11, 12, 17, 2, 19, 6, 22, 10, 5, 7, 3])
    trials:  1 (after 0 warmups)
    output:  bench-results/tput-rebaseline-2026-07-03/sf10-auto/duckdb/s100/batch-3/stream-55.md

    NOTE: single-invocation output is SMOKE-GRADE only. For win/loss
    claims use scripts/bench/strict_22q.sh / strict_ab.sh /
    strict_throughput.sh (see scripts/bench/README.md).

--- Q15 ---
  DuckDB        601.86 ms ±  0.00  (1 rows)

--- Q01 ---
  DuckDB       2038.83 ms ±  0.00  (4 rows)

--- Q13 ---
  DuckDB       1954.36 ms ±  0.00  (46 rows)

--- Q14 ---
  DuckDB        762.41 ms ±  0.00  (1 rows)

--- Q18 ---
  DuckDB       1790.15 ms ±  0.00  (624 rows)

--- Q04 ---
  DuckDB        625.87 ms ±  0.00  (5 rows)

--- Q20 ---
  DuckDB       1118.73 ms ±  0.00  (1804 rows)

--- Q16 ---
  DuckDB        300.75 ms ±  0.00  (27840 rows)

--- Q21 ---
  DuckDB       2895.64 ms ±  0.00  (4009 rows)

--- Q09 ---
  DuckDB       2253.42 ms ±  0.00  (175 rows)

--- Q08 ---
  DuckDB       1155.93 ms ±  0.00  (2 rows)

--- Q11 ---
  DuckDB        120.11 ms ±  0.00  (8685 rows)

--- Q12 ---
  DuckDB        933.78 ms ±  0.00  (2 rows)

--- Q17 ---
  DuckDB       1235.49 ms ±  0.00  (1 rows)

--- Q02 ---
  DuckDB        253.72 ms ±  0.00  (4667 rows)

--- Q19 ---
  DuckDB       1568.98 ms ±  0.00  (1 rows)

--- Q06 ---
  DuckDB        514.53 ms ±  0.00  (1 rows)

--- Q22 ---
  DuckDB        435.44 ms ±  0.00  (7 rows)

--- Q10 ---
  DuckDB       1686.28 ms ±  0.00  (381105 rows)

--- Q05 ---
  DuckDB       1117.71 ms ±  0.00  (5 rows)

--- Q07 ---
  DuckDB       1116.36 ms ±  0.00  (4 rows)

--- Q03 ---
  DuckDB       1102.94 ms ±  0.00  (114003 rows)

wrote bench-results/tput-rebaseline-2026-07-03/sf10-auto/duckdb/s100/batch-3/stream-55.md
