=== TPC-H 22 triangulation bench ===
    data:    /Users/ryanevans/RustroverProjects/ematix-flow/examples/tpch/data/sf10
    queries: 22 ([8, 14, 3, 16, 10, 19, 20, 13, 21, 22, 1, 6, 2, 12, 15, 17, 11, 9, 4, 18, 7, 5])
    trials:  1 (after 0 warmups)
    output:  bench-results/tput-rebaseline-2026-07-03/sf10-auto/duckdb/s100/batch-3/stream-87.md

    NOTE: single-invocation output is SMOKE-GRADE only. For win/loss
    claims use scripts/bench/strict_22q.sh / strict_ab.sh /
    strict_throughput.sh (see scripts/bench/README.md).

--- Q08 ---
  DuckDB       1216.08 ms ±  0.00  (2 rows)

--- Q14 ---
  DuckDB       1023.62 ms ±  0.00  (1 rows)

--- Q03 ---
  DuckDB       1191.24 ms ±  0.00  (114003 rows)

--- Q16 ---
  DuckDB        278.01 ms ±  0.00  (27840 rows)

--- Q10 ---
  DuckDB       1816.78 ms ±  0.00  (381105 rows)

--- Q19 ---
  DuckDB       1833.15 ms ±  0.00  (1 rows)

--- Q20 ---
  DuckDB       1078.02 ms ±  0.00  (1804 rows)

--- Q13 ---
  DuckDB       1988.72 ms ±  0.00  (46 rows)

--- Q21 ---
  DuckDB       2994.60 ms ±  0.00  (4009 rows)

--- Q22 ---
  DuckDB        560.95 ms ±  0.00  (7 rows)

--- Q01 ---
  DuckDB       2106.02 ms ±  0.00  (4 rows)

--- Q06 ---
  DuckDB        448.19 ms ±  0.00  (1 rows)

--- Q02 ---
  DuckDB        312.62 ms ±  0.00  (4667 rows)

--- Q12 ---
  DuckDB        821.58 ms ±  0.00  (2 rows)

--- Q15 ---
  DuckDB        675.66 ms ±  0.00  (1 rows)

--- Q17 ---
  DuckDB       1268.92 ms ±  0.00  (1 rows)

--- Q11 ---
  DuckDB         86.65 ms ±  0.00  (8685 rows)

--- Q09 ---
  DuckDB       2332.18 ms ±  0.00  (175 rows)

--- Q04 ---
  DuckDB        651.19 ms ±  0.00  (5 rows)

--- Q18 ---
  DuckDB       1456.59 ms ±  0.00  (624 rows)

--- Q07 ---
  DuckDB        911.21 ms ±  0.00  (4 rows)

--- Q05 ---
  DuckDB       1100.24 ms ±  0.00  (5 rows)

wrote bench-results/tput-rebaseline-2026-07-03/sf10-auto/duckdb/s100/batch-3/stream-87.md
