=== TPC-H 22 triangulation bench ===
    data:    /Users/ryanevans/RustroverProjects/ematix-flow/examples/tpch/data/sf10
    queries: 22 ([11, 9, 20, 21, 16, 15, 7, 3, 12, 22, 10, 2, 19, 1, 5, 8, 13, 6, 4, 18, 17, 14])
    trials:  1 (after 0 warmups)
    output:  bench-results/tput-rebaseline-2026-07-03/sf10-auto/duckdb/s100/batch-3/stream-44.md

    NOTE: single-invocation output is SMOKE-GRADE only. For win/loss
    claims use scripts/bench/strict_22q.sh / strict_ab.sh /
    strict_throughput.sh (see scripts/bench/README.md).

--- Q11 ---
  DuckDB        130.85 ms ±  0.00  (8685 rows)

--- Q09 ---
  DuckDB       2148.06 ms ±  0.00  (175 rows)

--- Q20 ---
  DuckDB       1006.72 ms ±  0.00  (1804 rows)

--- Q21 ---
  DuckDB       2952.43 ms ±  0.00  (4009 rows)

--- Q16 ---
  DuckDB        390.61 ms ±  0.00  (27840 rows)

--- Q15 ---
  DuckDB        515.71 ms ±  0.00  (1 rows)

--- Q07 ---
  DuckDB       1076.15 ms ±  0.00  (4 rows)

--- Q03 ---
  DuckDB       1096.64 ms ±  0.00  (114003 rows)

--- Q12 ---
  DuckDB        605.52 ms ±  0.00  (2 rows)

--- Q22 ---
  DuckDB        321.08 ms ±  0.00  (7 rows)

--- Q10 ---
  DuckDB       1961.08 ms ±  0.00  (381105 rows)

--- Q02 ---
  DuckDB        274.64 ms ±  0.00  (4667 rows)

--- Q19 ---
  DuckDB       1540.86 ms ±  0.00  (1 rows)

--- Q01 ---
  DuckDB       1956.70 ms ±  0.00  (4 rows)

--- Q05 ---
  DuckDB       1123.31 ms ±  0.00  (5 rows)

--- Q08 ---
  DuckDB       1189.46 ms ±  0.00  (2 rows)

--- Q13 ---
  DuckDB       2062.32 ms ±  0.00  (46 rows)

--- Q06 ---
  DuckDB        456.95 ms ±  0.00  (1 rows)

--- Q04 ---
  DuckDB        630.65 ms ±  0.00  (5 rows)

--- Q18 ---
  DuckDB       1680.86 ms ±  0.00  (624 rows)

--- Q17 ---
  DuckDB       1042.01 ms ±  0.00  (1 rows)

--- Q14 ---
  DuckDB       1035.95 ms ±  0.00  (1 rows)

wrote bench-results/tput-rebaseline-2026-07-03/sf10-auto/duckdb/s100/batch-3/stream-44.md
