=== TPC-H 22 triangulation bench ===
    data:    /Users/ryanevans/RustroverProjects/ematix-flow/examples/tpch/data/sf10
    queries: 22 ([8, 6, 10, 19, 21, 7, 15, 14, 22, 11, 3, 12, 20, 9, 17, 18, 2, 5, 13, 4, 16, 1])
    trials:  1 (after 0 warmups)
    output:  bench-results/tput-rebaseline-2026-07-03/sf10-auto/duckdb/s100/batch-3/stream-31.md

    NOTE: single-invocation output is SMOKE-GRADE only. For win/loss
    claims use scripts/bench/strict_22q.sh / strict_ab.sh /
    strict_throughput.sh (see scripts/bench/README.md).

--- Q08 ---
  DuckDB       1353.78 ms ±  0.00  (2 rows)

--- Q06 ---
  DuckDB        525.67 ms ±  0.00  (1 rows)

--- Q10 ---
  DuckDB       1706.24 ms ±  0.00  (381105 rows)

--- Q19 ---
  DuckDB       1620.61 ms ±  0.00  (1 rows)

--- Q21 ---
  DuckDB       2869.84 ms ±  0.00  (4009 rows)

--- Q07 ---
  DuckDB       1049.44 ms ±  0.00  (4 rows)

--- Q15 ---
  DuckDB        564.81 ms ±  0.00  (1 rows)

--- Q14 ---
  DuckDB       1000.07 ms ±  0.00  (1 rows)

--- Q22 ---
  DuckDB        422.72 ms ±  0.00  (7 rows)

--- Q11 ---
  DuckDB        145.24 ms ±  0.00  (8685 rows)

--- Q03 ---
  DuckDB        856.20 ms ±  0.00  (114003 rows)

--- Q12 ---
  DuckDB        943.21 ms ±  0.00  (2 rows)

--- Q20 ---
  DuckDB       1022.76 ms ±  0.00  (1804 rows)

--- Q09 ---
  DuckDB       2288.83 ms ±  0.00  (175 rows)

--- Q17 ---
  DuckDB       1218.26 ms ±  0.00  (1 rows)

--- Q18 ---
  DuckDB       1552.61 ms ±  0.00  (624 rows)

--- Q02 ---
  DuckDB        251.31 ms ±  0.00  (4667 rows)

--- Q05 ---
  DuckDB       1125.87 ms ±  0.00  (5 rows)

--- Q13 ---
  DuckDB       2045.31 ms ±  0.00  (46 rows)

--- Q04 ---
  DuckDB        613.05 ms ±  0.00  (5 rows)

--- Q16 ---
  DuckDB        357.81 ms ±  0.00  (27840 rows)

--- Q01 ---
  DuckDB       2070.78 ms ±  0.00  (4 rows)

wrote bench-results/tput-rebaseline-2026-07-03/sf10-auto/duckdb/s100/batch-3/stream-31.md
