=== TPC-H 22 triangulation bench ===
    data:    /Users/ryanevans/RustroverProjects/ematix-flow/examples/tpch/data/sf10
    queries: 22 ([12, 11, 16, 4, 21, 14, 20, 22, 9, 1, 18, 5, 6, 13, 3, 7, 10, 8, 2, 17, 19, 15])
    trials:  1 (after 0 warmups)
    output:  bench-results/tput-rebaseline-2026-07-03/sf10-auto/duckdb/s100/batch-3/stream-40.md

    NOTE: single-invocation output is SMOKE-GRADE only. For win/loss
    claims use scripts/bench/strict_22q.sh / strict_ab.sh /
    strict_throughput.sh (see scripts/bench/README.md).

--- Q12 ---
  DuckDB        761.76 ms ±  0.00  (2 rows)

--- Q11 ---
  DuckDB        140.65 ms ±  0.00  (8685 rows)

--- Q16 ---
  DuckDB        350.85 ms ±  0.00  (27840 rows)

--- Q04 ---
  DuckDB        677.51 ms ±  0.00  (5 rows)

--- Q21 ---
  DuckDB       2958.71 ms ±  0.00  (4009 rows)

--- Q14 ---
  DuckDB        988.20 ms ±  0.00  (1 rows)

--- Q20 ---
  DuckDB        813.38 ms ±  0.00  (1804 rows)

--- Q22 ---
  DuckDB        377.87 ms ±  0.00  (7 rows)

--- Q09 ---
  DuckDB       2215.45 ms ±  0.00  (175 rows)

--- Q01 ---
  DuckDB       2197.64 ms ±  0.00  (4 rows)

--- Q18 ---
  DuckDB       1618.15 ms ±  0.00  (624 rows)

--- Q05 ---
  DuckDB        904.95 ms ±  0.00  (5 rows)

--- Q06 ---
  DuckDB        503.32 ms ±  0.00  (1 rows)

--- Q13 ---
  DuckDB       1823.20 ms ±  0.00  (46 rows)

--- Q03 ---
  DuckDB        951.22 ms ±  0.00  (114003 rows)

--- Q07 ---
  DuckDB        992.28 ms ±  0.00  (4 rows)

--- Q10 ---
  DuckDB       1811.44 ms ±  0.00  (381105 rows)

--- Q08 ---
  DuckDB       1201.82 ms ±  0.00  (2 rows)

--- Q02 ---
  DuckDB        131.56 ms ±  0.00  (4667 rows)

--- Q17 ---
  DuckDB       1229.46 ms ±  0.00  (1 rows)

--- Q19 ---
  DuckDB       1334.86 ms ±  0.00  (1 rows)

--- Q15 ---
  DuckDB        552.73 ms ±  0.00  (1 rows)

wrote bench-results/tput-rebaseline-2026-07-03/sf10-auto/duckdb/s100/batch-3/stream-40.md
