=== TPC-H 22 triangulation bench ===
    data:    /Users/ryanevans/RustroverProjects/ematix-flow/examples/tpch/data/sf10
    queries: 22 ([17, 21, 15, 19, 6, 10, 11, 22, 1, 18, 14, 9, 20, 4, 16, 3, 2, 7, 5, 13, 12, 8])
    trials:  1 (after 0 warmups)
    output:  bench-results/tput-rebaseline-2026-07-03/sf10-auto/duckdb/s100/batch-3/stream-8.md

    NOTE: single-invocation output is SMOKE-GRADE only. For win/loss
    claims use scripts/bench/strict_22q.sh / strict_ab.sh /
    strict_throughput.sh (see scripts/bench/README.md).

--- Q17 ---
  DuckDB       1149.33 ms ±  0.00  (1 rows)

--- Q21 ---
  DuckDB       3199.84 ms ±  0.00  (4009 rows)

--- Q15 ---
  DuckDB        715.72 ms ±  0.00  (1 rows)

--- Q19 ---
  DuckDB       1646.95 ms ±  0.00  (1 rows)

--- Q06 ---
  DuckDB        577.55 ms ±  0.00  (1 rows)

--- Q10 ---
  DuckDB       1655.61 ms ±  0.00  (381105 rows)

--- Q11 ---
  DuckDB         75.64 ms ±  0.00  (8685 rows)

--- Q22 ---
  DuckDB        437.89 ms ±  0.00  (7 rows)

--- Q01 ---
  DuckDB       2140.30 ms ±  0.00  (4 rows)

--- Q18 ---
  DuckDB       1719.45 ms ±  0.00  (624 rows)

--- Q14 ---
  DuckDB       1170.39 ms ±  0.00  (1 rows)

--- Q09 ---
  DuckDB       2441.95 ms ±  0.00  (175 rows)

--- Q20 ---
  DuckDB       1310.20 ms ±  0.00  (1804 rows)

--- Q04 ---
  DuckDB        795.12 ms ±  0.00  (5 rows)

--- Q16 ---
  DuckDB        325.80 ms ±  0.00  (27840 rows)

--- Q03 ---
  DuckDB       1196.04 ms ±  0.00  (114003 rows)

--- Q02 ---
  DuckDB        280.65 ms ±  0.00  (4667 rows)

--- Q07 ---
  DuckDB       1177.19 ms ±  0.00  (4 rows)

--- Q05 ---
  DuckDB       1052.74 ms ±  0.00  (5 rows)

--- Q13 ---
  DuckDB       1828.65 ms ±  0.00  (46 rows)

--- Q12 ---
  DuckDB        832.91 ms ±  0.00  (2 rows)

--- Q08 ---
  DuckDB       1186.41 ms ±  0.00  (2 rows)

wrote bench-results/tput-rebaseline-2026-07-03/sf10-auto/duckdb/s100/batch-3/stream-8.md
