=== TPC-H 22 triangulation bench ===
    data:    /Users/ryanevans/RustroverProjects/ematix-flow/examples/tpch/data/sf10
    queries: 22 ([21, 19, 20, 13, 18, 4, 14, 5, 3, 22, 6, 12, 9, 15, 8, 7, 11, 17, 1, 16, 2, 10])
    trials:  1 (after 0 warmups)
    output:  bench-results/tput-rebaseline-2026-07-03/sf10-auto/duckdb/s100/batch-3/stream-84.md

    NOTE: single-invocation output is SMOKE-GRADE only. For win/loss
    claims use scripts/bench/strict_22q.sh / strict_ab.sh /
    strict_throughput.sh (see scripts/bench/README.md).

--- Q21 ---
  DuckDB       2844.32 ms ±  0.00  (4009 rows)

--- Q19 ---
  DuckDB       1582.16 ms ±  0.00  (1 rows)

--- Q20 ---
  DuckDB       1374.83 ms ±  0.00  (1804 rows)

--- Q13 ---
  DuckDB       1884.50 ms ±  0.00  (46 rows)

--- Q18 ---
  DuckDB       1619.09 ms ±  0.00  (624 rows)

--- Q04 ---
  DuckDB        769.63 ms ±  0.00  (5 rows)

--- Q14 ---
  DuckDB        762.51 ms ±  0.00  (1 rows)

--- Q05 ---
  DuckDB       1155.41 ms ±  0.00  (5 rows)

--- Q03 ---
  DuckDB       1118.71 ms ±  0.00  (114003 rows)

--- Q22 ---
  DuckDB        393.85 ms ±  0.00  (7 rows)

--- Q06 ---
  DuckDB        448.80 ms ±  0.00  (1 rows)

--- Q12 ---
  DuckDB        879.82 ms ±  0.00  (2 rows)

--- Q09 ---
  DuckDB       2218.13 ms ±  0.00  (175 rows)

--- Q15 ---
  DuckDB        669.25 ms ±  0.00  (1 rows)

--- Q08 ---
  DuckDB       1284.25 ms ±  0.00  (2 rows)

--- Q07 ---
  DuckDB        975.44 ms ±  0.00  (4 rows)

--- Q11 ---
  DuckDB        232.21 ms ±  0.00  (8685 rows)

--- Q17 ---
  DuckDB       1025.05 ms ±  0.00  (1 rows)

--- Q01 ---
  DuckDB       2089.89 ms ±  0.00  (4 rows)

--- Q16 ---
  DuckDB        545.38 ms ±  0.00  (27840 rows)

--- Q02 ---
  DuckDB        362.78 ms ±  0.00  (4667 rows)

--- Q10 ---
  DuckDB       1773.86 ms ±  0.00  (381105 rows)

wrote bench-results/tput-rebaseline-2026-07-03/sf10-auto/duckdb/s100/batch-3/stream-84.md
