=== TPC-H 22 triangulation bench ===
    data:    /Users/ryanevans/RustroverProjects/ematix-flow/examples/tpch/data/sf10
    queries: 22 ([9, 8, 3, 12, 7, 6, 15, 14, 4, 20, 11, 2, 10, 21, 13, 19, 1, 16, 5, 22, 17, 18])
    trials:  1 (after 0 warmups)
    output:  bench-results/tput-rebaseline-2026-07-03/sf10-auto/duckdb/s100/batch-3/stream-95.md

    NOTE: single-invocation output is SMOKE-GRADE only. For win/loss
    claims use scripts/bench/strict_22q.sh / strict_ab.sh /
    strict_throughput.sh (see scripts/bench/README.md).

--- Q09 ---
  DuckDB       2272.97 ms ±  0.00  (175 rows)

--- Q08 ---
  DuckDB       1181.20 ms ±  0.00  (2 rows)

--- Q03 ---
  DuckDB       1194.00 ms ±  0.00  (114003 rows)

--- Q12 ---
  DuckDB        944.37 ms ±  0.00  (2 rows)

--- Q07 ---
  DuckDB        942.84 ms ±  0.00  (4 rows)

--- Q06 ---
  DuckDB        458.73 ms ±  0.00  (1 rows)

--- Q15 ---
  DuckDB        690.37 ms ±  0.00  (1 rows)

--- Q14 ---
  DuckDB        787.44 ms ±  0.00  (1 rows)

--- Q04 ---
  DuckDB        845.98 ms ±  0.00  (5 rows)

--- Q20 ---
  DuckDB       1006.55 ms ±  0.00  (1804 rows)

--- Q11 ---
  DuckDB        129.38 ms ±  0.00  (8685 rows)

--- Q02 ---
  DuckDB        294.97 ms ±  0.00  (4667 rows)

--- Q10 ---
  DuckDB       1669.49 ms ±  0.00  (381105 rows)

--- Q21 ---
  DuckDB       3116.87 ms ±  0.00  (4009 rows)

--- Q13 ---
  DuckDB       1982.63 ms ±  0.00  (46 rows)

--- Q19 ---
  DuckDB       1508.57 ms ±  0.00  (1 rows)

--- Q01 ---
  DuckDB       1963.29 ms ±  0.00  (4 rows)

--- Q16 ---
  DuckDB        297.83 ms ±  0.00  (27840 rows)

--- Q05 ---
  DuckDB        899.22 ms ±  0.00  (5 rows)

--- Q22 ---
  DuckDB        266.29 ms ±  0.00  (7 rows)

--- Q17 ---
  DuckDB        781.12 ms ±  0.00  (1 rows)

--- Q18 ---
  DuckDB        868.16 ms ±  0.00  (624 rows)

wrote bench-results/tput-rebaseline-2026-07-03/sf10-auto/duckdb/s100/batch-3/stream-95.md
