=== TPC-H 22 triangulation bench ===
    data:    /Users/ryanevans/RustroverProjects/ematix-flow/examples/tpch/data/sf10
    queries: 22 ([1, 8, 5, 4, 9, 3, 7, 10, 13, 18, 6, 12, 20, 11, 21, 16, 17, 2, 22, 14, 19, 15])
    trials:  1 (after 0 warmups)
    output:  bench-results/tput-rebaseline-2026-07-03/sf10-auto/duckdb/s100/batch-3/stream-75.md

    NOTE: single-invocation output is SMOKE-GRADE only. For win/loss
    claims use scripts/bench/strict_22q.sh / strict_ab.sh /
    strict_throughput.sh (see scripts/bench/README.md).

--- Q01 ---
  DuckDB       2211.25 ms ±  0.00  (4 rows)

--- Q08 ---
  DuckDB       1480.86 ms ±  0.00  (2 rows)

--- Q05 ---
  DuckDB       1125.37 ms ±  0.00  (5 rows)

--- Q04 ---
  DuckDB        798.91 ms ±  0.00  (5 rows)

--- Q09 ---
  DuckDB       2201.61 ms ±  0.00  (175 rows)

--- Q03 ---
  DuckDB       1058.03 ms ±  0.00  (114003 rows)

--- Q07 ---
  DuckDB       1018.08 ms ±  0.00  (4 rows)

--- Q10 ---
  DuckDB       1749.18 ms ±  0.00  (381105 rows)

--- Q13 ---
  DuckDB       1807.12 ms ±  0.00  (46 rows)

--- Q18 ---
  DuckDB       1718.85 ms ±  0.00  (624 rows)

--- Q06 ---
  DuckDB        571.86 ms ±  0.00  (1 rows)

--- Q12 ---
  DuckDB        839.44 ms ±  0.00  (2 rows)

--- Q20 ---
  DuckDB        940.52 ms ±  0.00  (1804 rows)

--- Q11 ---
  DuckDB         64.50 ms ±  0.00  (8685 rows)

--- Q21 ---
  DuckDB       2648.08 ms ±  0.00  (4009 rows)

--- Q16 ---
  DuckDB        294.99 ms ±  0.00  (27840 rows)

--- Q17 ---
  DuckDB        997.77 ms ±  0.00  (1 rows)

--- Q02 ---
  DuckDB        174.82 ms ±  0.00  (4667 rows)

--- Q22 ---
  DuckDB        339.32 ms ±  0.00  (7 rows)

--- Q14 ---
  DuckDB        915.17 ms ±  0.00  (1 rows)

--- Q19 ---
  DuckDB       1468.65 ms ±  0.00  (1 rows)

--- Q15 ---
  DuckDB        578.43 ms ±  0.00  (1 rows)

wrote bench-results/tput-rebaseline-2026-07-03/sf10-auto/duckdb/s100/batch-3/stream-75.md
