=== TPC-H 22 triangulation bench ===
    data:    /Users/ryanevans/RustroverProjects/ematix-flow/examples/tpch/data/sf10
    queries: 22 ([6, 13, 22, 14, 3, 1, 16, 21, 7, 15, 5, 19, 11, 2, 12, 10, 18, 9, 8, 17, 20, 4])
    trials:  1 (after 0 warmups)
    output:  bench-results/tput-rebaseline-2026-07-03/sf10-auto/duckdb/s100/batch-3/stream-14.md

    NOTE: single-invocation output is SMOKE-GRADE only. For win/loss
    claims use scripts/bench/strict_22q.sh / strict_ab.sh /
    strict_throughput.sh (see scripts/bench/README.md).

--- Q06 ---
  DuckDB        425.65 ms ±  0.00  (1 rows)

--- Q13 ---
  DuckDB       1909.02 ms ±  0.00  (46 rows)

--- Q22 ---
  DuckDB        437.66 ms ±  0.00  (7 rows)

--- Q14 ---
  DuckDB       1110.94 ms ±  0.00  (1 rows)

--- Q03 ---
  DuckDB        891.83 ms ±  0.00  (114003 rows)

--- Q01 ---
  DuckDB       2100.28 ms ±  0.00  (4 rows)

--- Q16 ---
  DuckDB        472.35 ms ±  0.00  (27840 rows)

--- Q21 ---
  DuckDB       2989.99 ms ±  0.00  (4009 rows)

--- Q07 ---
  DuckDB       1047.04 ms ±  0.00  (4 rows)

--- Q15 ---
  DuckDB        424.73 ms ±  0.00  (1 rows)

--- Q05 ---
  DuckDB       1247.99 ms ±  0.00  (5 rows)

--- Q19 ---
  DuckDB       1624.79 ms ±  0.00  (1 rows)

--- Q11 ---
  DuckDB        170.49 ms ±  0.00  (8685 rows)

--- Q02 ---
  DuckDB        269.02 ms ±  0.00  (4667 rows)

--- Q12 ---
  DuckDB        769.37 ms ±  0.00  (2 rows)

--- Q10 ---
  DuckDB       1815.01 ms ±  0.00  (381105 rows)

--- Q18 ---
  DuckDB       1630.91 ms ±  0.00  (624 rows)

--- Q09 ---
  DuckDB       2227.38 ms ±  0.00  (175 rows)

--- Q08 ---
  DuckDB       1111.50 ms ±  0.00  (2 rows)

--- Q17 ---
  DuckDB       1304.40 ms ±  0.00  (1 rows)

--- Q20 ---
  DuckDB        787.18 ms ±  0.00  (1804 rows)

--- Q04 ---
  DuckDB        829.95 ms ±  0.00  (5 rows)

wrote bench-results/tput-rebaseline-2026-07-03/sf10-auto/duckdb/s100/batch-3/stream-14.md
