=== TPC-H 22 triangulation bench ===
    data:    /Users/ryanevans/RustroverProjects/ematix-flow/examples/tpch/data/sf10
    queries: 22 ([20, 6, 14, 10, 21, 22, 12, 13, 1, 17, 2, 18, 7, 11, 8, 15, 16, 4, 9, 3, 19, 5])
    trials:  1 (after 0 warmups)
    output:  bench-results/tput-rebaseline-2026-07-03/sf10-auto/duckdb/s100/batch-3/stream-1.md

    NOTE: single-invocation output is SMOKE-GRADE only. For win/loss
    claims use scripts/bench/strict_22q.sh / strict_ab.sh /
    strict_throughput.sh (see scripts/bench/README.md).

--- Q20 ---
  DuckDB        389.85 ms ±  0.00  (1804 rows)

--- Q06 ---
  DuckDB        474.61 ms ±  0.00  (1 rows)

--- Q14 ---
  DuckDB        898.70 ms ±  0.00  (1 rows)

--- Q10 ---
  DuckDB       2025.75 ms ±  0.00  (381105 rows)

--- Q21 ---
  DuckDB       3112.89 ms ±  0.00  (4009 rows)

--- Q22 ---
  DuckDB        508.48 ms ±  0.00  (7 rows)

--- Q12 ---
  DuckDB        819.34 ms ±  0.00  (2 rows)

--- Q13 ---
  DuckDB       1944.48 ms ±  0.00  (46 rows)

--- Q01 ---
  DuckDB       2109.53 ms ±  0.00  (4 rows)

--- Q17 ---
  DuckDB       1060.54 ms ±  0.00  (1 rows)

--- Q02 ---
  DuckDB        232.93 ms ±  0.00  (4667 rows)

--- Q18 ---
  DuckDB       1764.26 ms ±  0.00  (624 rows)

--- Q07 ---
  DuckDB       1097.21 ms ±  0.00  (4 rows)

--- Q11 ---
  DuckDB        222.00 ms ±  0.00  (8685 rows)

--- Q08 ---
  DuckDB        921.40 ms ±  0.00  (2 rows)

--- Q15 ---
  DuckDB        521.64 ms ±  0.00  (1 rows)

--- Q16 ---
  DuckDB        371.81 ms ±  0.00  (27840 rows)

--- Q04 ---
  DuckDB        628.47 ms ±  0.00  (5 rows)

--- Q09 ---
  DuckDB       2125.46 ms ±  0.00  (175 rows)

--- Q03 ---
  DuckDB        979.11 ms ±  0.00  (114003 rows)

--- Q19 ---
  DuckDB       1412.73 ms ±  0.00  (1 rows)

--- Q05 ---
  DuckDB        902.86 ms ±  0.00  (5 rows)

wrote bench-results/tput-rebaseline-2026-07-03/sf10-auto/duckdb/s100/batch-3/stream-1.md
