=== TPC-H 22 triangulation bench ===
    data:    /Users/ryanevans/RustroverProjects/ematix-flow/examples/tpch/data/sf10
    queries: 22 ([14, 16, 4, 22, 15, 18, 7, 11, 6, 20, 12, 1, 21, 9, 10, 5, 17, 8, 19, 2, 13, 3])
    trials:  1 (after 0 warmups)
    output:  bench-results/tput-rebaseline-2026-07-03/sf10-auto/duckdb/s100/batch-3/stream-46.md

    NOTE: single-invocation output is SMOKE-GRADE only. For win/loss
    claims use scripts/bench/strict_22q.sh / strict_ab.sh /
    strict_throughput.sh (see scripts/bench/README.md).

--- Q14 ---
  DuckDB        891.96 ms ±  0.00  (1 rows)

--- Q16 ---
  DuckDB        585.94 ms ±  0.00  (27840 rows)

--- Q04 ---
  DuckDB        618.74 ms ±  0.00  (5 rows)

--- Q22 ---
  DuckDB        454.95 ms ±  0.00  (7 rows)

--- Q15 ---
  DuckDB        645.40 ms ±  0.00  (1 rows)

--- Q18 ---
  DuckDB       1582.09 ms ±  0.00  (624 rows)

--- Q07 ---
  DuckDB       1065.78 ms ±  0.00  (4 rows)

--- Q11 ---
  DuckDB        165.83 ms ±  0.00  (8685 rows)

--- Q06 ---
  DuckDB        514.89 ms ±  0.00  (1 rows)

--- Q20 ---
  DuckDB        990.32 ms ±  0.00  (1804 rows)

--- Q12 ---
  DuckDB        772.65 ms ±  0.00  (2 rows)

--- Q01 ---
  DuckDB       1928.53 ms ±  0.00  (4 rows)

--- Q21 ---
  DuckDB       2804.02 ms ±  0.00  (4009 rows)

--- Q09 ---
  DuckDB       2160.20 ms ±  0.00  (175 rows)

--- Q10 ---
  DuckDB       1773.92 ms ±  0.00  (381105 rows)

--- Q05 ---
  DuckDB        945.90 ms ±  0.00  (5 rows)

--- Q17 ---
  DuckDB       1187.35 ms ±  0.00  (1 rows)

--- Q08 ---
  DuckDB       1068.95 ms ±  0.00  (2 rows)

--- Q19 ---
  DuckDB       1495.44 ms ±  0.00  (1 rows)

--- Q02 ---
  DuckDB        214.71 ms ±  0.00  (4667 rows)

--- Q13 ---
  DuckDB       1964.03 ms ±  0.00  (46 rows)

--- Q03 ---
  DuckDB        945.62 ms ±  0.00  (114003 rows)

wrote bench-results/tput-rebaseline-2026-07-03/sf10-auto/duckdb/s100/batch-3/stream-46.md
