=== TPC-H 22 triangulation bench ===
    data:    /Users/ryanevans/RustroverProjects/ematix-flow/examples/tpch/data/sf10
    queries: 22 ([3, 19, 7, 21, 2, 20, 15, 22, 4, 10, 14, 11, 18, 8, 6, 1, 13, 5, 12, 17, 9, 16])
    trials:  1 (after 0 warmups)
    output:  bench-results/tput-rebaseline-2026-07-03/sf10-auto/duckdb/s100/batch-3/stream-12.md

    NOTE: single-invocation output is SMOKE-GRADE only. For win/loss
    claims use scripts/bench/strict_22q.sh / strict_ab.sh /
    strict_throughput.sh (see scripts/bench/README.md).

--- Q03 ---
  DuckDB       1141.40 ms ±  0.00  (114003 rows)

--- Q19 ---
  DuckDB       1606.96 ms ±  0.00  (1 rows)

--- Q07 ---
  DuckDB       1075.12 ms ±  0.00  (4 rows)

--- Q21 ---
  DuckDB       3028.53 ms ±  0.00  (4009 rows)

--- Q02 ---
  DuckDB        398.30 ms ±  0.00  (4667 rows)

--- Q20 ---
  DuckDB       1073.59 ms ±  0.00  (1804 rows)

--- Q15 ---
  DuckDB        601.73 ms ±  0.00  (1 rows)

--- Q22 ---
  DuckDB        278.50 ms ±  0.00  (7 rows)

--- Q04 ---
  DuckDB        527.25 ms ±  0.00  (5 rows)

--- Q10 ---
  DuckDB       1690.48 ms ±  0.00  (381105 rows)

--- Q14 ---
  DuckDB        997.47 ms ±  0.00  (1 rows)

--- Q11 ---
  DuckDB        181.98 ms ±  0.00  (8685 rows)

--- Q18 ---
  DuckDB       1525.38 ms ±  0.00  (624 rows)

--- Q08 ---
  DuckDB       1265.17 ms ±  0.00  (2 rows)

--- Q06 ---
  DuckDB        480.02 ms ±  0.00  (1 rows)

--- Q01 ---
  DuckDB       2154.40 ms ±  0.00  (4 rows)

--- Q13 ---
  DuckDB       1877.11 ms ±  0.00  (46 rows)

--- Q05 ---
  DuckDB       1191.44 ms ±  0.00  (5 rows)

--- Q12 ---
  DuckDB        839.41 ms ±  0.00  (2 rows)

--- Q17 ---
  DuckDB       1228.21 ms ±  0.00  (1 rows)

--- Q09 ---
  DuckDB       2377.95 ms ±  0.00  (175 rows)

--- Q16 ---
  DuckDB        566.80 ms ±  0.00  (27840 rows)

wrote bench-results/tput-rebaseline-2026-07-03/sf10-auto/duckdb/s100/batch-3/stream-12.md
