=== TPC-H 22 triangulation bench ===
    data:    /Users/ryanevans/RustroverProjects/ematix-flow/examples/tpch/data/sf10
    queries: 22 ([3, 11, 14, 20, 18, 22, 17, 13, 6, 7, 9, 1, 16, 8, 21, 19, 4, 12, 15, 5, 10, 2])
    trials:  1 (after 0 warmups)
    output:  bench-results/tput-rebaseline-2026-07-03/sf10-auto/duckdb/s100/batch-3/stream-43.md

    NOTE: single-invocation output is SMOKE-GRADE only. For win/loss
    claims use scripts/bench/strict_22q.sh / strict_ab.sh /
    strict_throughput.sh (see scripts/bench/README.md).

--- Q03 ---
  DuckDB       1043.28 ms ±  0.00  (114003 rows)

--- Q11 ---
  DuckDB        154.18 ms ±  0.00  (8685 rows)

--- Q14 ---
  DuckDB       1000.85 ms ±  0.00  (1 rows)

--- Q20 ---
  DuckDB        981.03 ms ±  0.00  (1804 rows)

--- Q18 ---
  DuckDB       1630.76 ms ±  0.00  (624 rows)

--- Q22 ---
  DuckDB        429.81 ms ±  0.00  (7 rows)

--- Q17 ---
  DuckDB       1366.74 ms ±  0.00  (1 rows)

--- Q13 ---
  DuckDB       2025.59 ms ±  0.00  (46 rows)

--- Q06 ---
  DuckDB        449.96 ms ±  0.00  (1 rows)

--- Q07 ---
  DuckDB       1068.63 ms ±  0.00  (4 rows)

--- Q09 ---
  DuckDB       2391.01 ms ±  0.00  (175 rows)

--- Q01 ---
  DuckDB       2081.20 ms ±  0.00  (4 rows)

--- Q16 ---
  DuckDB        439.73 ms ±  0.00  (27840 rows)

--- Q08 ---
  DuckDB       1250.55 ms ±  0.00  (2 rows)

--- Q21 ---
  DuckDB       2801.79 ms ±  0.00  (4009 rows)

--- Q19 ---
  DuckDB       1628.66 ms ±  0.00  (1 rows)

--- Q04 ---
  DuckDB        578.49 ms ±  0.00  (5 rows)

--- Q12 ---
  DuckDB        753.35 ms ±  0.00  (2 rows)

--- Q15 ---
  DuckDB        470.43 ms ±  0.00  (1 rows)

--- Q05 ---
  DuckDB       1012.64 ms ±  0.00  (5 rows)

--- Q10 ---
  DuckDB       1741.37 ms ±  0.00  (381105 rows)

--- Q02 ---
  DuckDB        420.49 ms ±  0.00  (4667 rows)

wrote bench-results/tput-rebaseline-2026-07-03/sf10-auto/duckdb/s100/batch-3/stream-43.md
