=== TPC-H 22 triangulation bench ===
    data:    /Users/ryanevans/RustroverProjects/ematix-flow/examples/tpch/data/sf10
    queries: 22 ([16, 12, 15, 21, 10, 9, 5, 22, 2, 4, 3, 8, 20, 19, 14, 18, 17, 1, 6, 11, 7, 13])
    trials:  1 (after 0 warmups)
    output:  bench-results/tput-rebaseline-2026-07-03/sf10-auto/duckdb/s100/batch-3/stream-88.md

    NOTE: single-invocation output is SMOKE-GRADE only. For win/loss
    claims use scripts/bench/strict_22q.sh / strict_ab.sh /
    strict_throughput.sh (see scripts/bench/README.md).

--- Q16 ---
  DuckDB        389.52 ms ±  0.00  (27840 rows)

--- Q12 ---
  DuckDB        901.74 ms ±  0.00  (2 rows)

--- Q15 ---
  DuckDB        775.72 ms ±  0.00  (1 rows)

--- Q21 ---
  DuckDB       3014.51 ms ±  0.00  (4009 rows)

--- Q10 ---
  DuckDB       1791.74 ms ±  0.00  (381105 rows)

--- Q09 ---
  DuckDB       2047.94 ms ±  0.00  (175 rows)

--- Q05 ---
  DuckDB       1158.47 ms ±  0.00  (5 rows)

--- Q22 ---
  DuckDB        346.26 ms ±  0.00  (7 rows)

--- Q02 ---
  DuckDB        203.17 ms ±  0.00  (4667 rows)

--- Q04 ---
  DuckDB        803.99 ms ±  0.00  (5 rows)

--- Q03 ---
  DuckDB       1058.54 ms ±  0.00  (114003 rows)

--- Q08 ---
  DuckDB       1352.05 ms ±  0.00  (2 rows)

--- Q20 ---
  DuckDB        975.91 ms ±  0.00  (1804 rows)

--- Q19 ---
  DuckDB       1557.18 ms ±  0.00  (1 rows)

--- Q14 ---
  DuckDB        969.99 ms ±  0.00  (1 rows)

--- Q18 ---
  DuckDB       1595.84 ms ±  0.00  (624 rows)

--- Q17 ---
  DuckDB       1355.89 ms ±  0.00  (1 rows)

--- Q01 ---
  DuckDB       2151.94 ms ±  0.00  (4 rows)

--- Q06 ---
  DuckDB        447.58 ms ±  0.00  (1 rows)

--- Q11 ---
  DuckDB        170.03 ms ±  0.00  (8685 rows)

--- Q07 ---
  DuckDB       1035.46 ms ±  0.00  (4 rows)

--- Q13 ---
  DuckDB       1839.42 ms ±  0.00  (46 rows)

wrote bench-results/tput-rebaseline-2026-07-03/sf10-auto/duckdb/s100/batch-3/stream-88.md
