=== TPC-H 22 triangulation bench ===
    data:    /Users/ryanevans/RustroverProjects/ematix-flow/examples/tpch/data/sf10
    queries: 22 ([12, 1, 7, 9, 3, 19, 13, 5, 21, 8, 2, 16, 18, 14, 15, 6, 10, 22, 11, 4, 17, 20])
    trials:  1 (after 0 warmups)
    output:  bench-results/tput-rebaseline-2026-07-03/sf10-auto/duckdb/s100/batch-3/stream-74.md

    NOTE: single-invocation output is SMOKE-GRADE only. For win/loss
    claims use scripts/bench/strict_22q.sh / strict_ab.sh /
    strict_throughput.sh (see scripts/bench/README.md).

--- Q12 ---
  DuckDB        820.17 ms ±  0.00  (2 rows)

--- Q01 ---
  DuckDB       2266.20 ms ±  0.00  (4 rows)

--- Q07 ---
  DuckDB       1009.51 ms ±  0.00  (4 rows)

--- Q09 ---
  DuckDB       2214.52 ms ±  0.00  (175 rows)

--- Q03 ---
  DuckDB       1090.62 ms ±  0.00  (114003 rows)

--- Q19 ---
  DuckDB       1609.83 ms ±  0.00  (1 rows)

--- Q13 ---
  DuckDB       1843.44 ms ±  0.00  (46 rows)

--- Q05 ---
  DuckDB        865.00 ms ±  0.00  (5 rows)

--- Q21 ---
  DuckDB       2970.00 ms ±  0.00  (4009 rows)

--- Q08 ---
  DuckDB       1241.61 ms ±  0.00  (2 rows)

--- Q02 ---
  DuckDB        220.44 ms ±  0.00  (4667 rows)

--- Q16 ---
  DuckDB        224.37 ms ±  0.00  (27840 rows)

--- Q18 ---
  DuckDB       1624.70 ms ±  0.00  (624 rows)

--- Q14 ---
  DuckDB        757.96 ms ±  0.00  (1 rows)

--- Q15 ---
  DuckDB        510.59 ms ±  0.00  (1 rows)

--- Q06 ---
  DuckDB        482.02 ms ±  0.00  (1 rows)

--- Q10 ---
  DuckDB       1621.63 ms ±  0.00  (381105 rows)

--- Q22 ---
  DuckDB        308.72 ms ±  0.00  (7 rows)

--- Q11 ---
  DuckDB        207.06 ms ±  0.00  (8685 rows)

--- Q04 ---
  DuckDB        665.39 ms ±  0.00  (5 rows)

--- Q17 ---
  DuckDB       1247.42 ms ±  0.00  (1 rows)

--- Q20 ---
  DuckDB        776.96 ms ±  0.00  (1804 rows)

wrote bench-results/tput-rebaseline-2026-07-03/sf10-auto/duckdb/s100/batch-3/stream-74.md
