=== TPC-H 22 triangulation bench ===
    data:    /Users/ryanevans/RustroverProjects/ematix-flow/examples/tpch/data/sf10
    queries: 22 ([17, 9, 13, 2, 6, 18, 3, 20, 19, 4, 5, 22, 11, 7, 1, 15, 8, 14, 10, 21, 16, 12])
    trials:  1 (after 0 warmups)
    output:  bench-results/tput-rebaseline-2026-07-03/sf10-auto/duckdb/s100/batch-3/stream-16.md

    NOTE: single-invocation output is SMOKE-GRADE only. For win/loss
    claims use scripts/bench/strict_22q.sh / strict_ab.sh /
    strict_throughput.sh (see scripts/bench/README.md).

--- Q17 ---
  DuckDB        973.35 ms ±  0.00  (1 rows)

--- Q09 ---
  DuckDB       2490.48 ms ±  0.00  (175 rows)

--- Q13 ---
  DuckDB       1847.33 ms ±  0.00  (46 rows)

--- Q02 ---
  DuckDB        173.97 ms ±  0.00  (4667 rows)

--- Q06 ---
  DuckDB        561.72 ms ±  0.00  (1 rows)

--- Q18 ---
  DuckDB       1777.28 ms ±  0.00  (624 rows)

--- Q03 ---
  DuckDB        843.87 ms ±  0.00  (114003 rows)

--- Q20 ---
  DuckDB       1019.34 ms ±  0.00  (1804 rows)

--- Q19 ---
  DuckDB       1503.28 ms ±  0.00  (1 rows)

--- Q04 ---
  DuckDB        788.31 ms ±  0.00  (5 rows)

--- Q05 ---
  DuckDB       1072.35 ms ±  0.00  (5 rows)

--- Q22 ---
  DuckDB        349.00 ms ±  0.00  (7 rows)

--- Q11 ---
  DuckDB        224.98 ms ±  0.00  (8685 rows)

--- Q07 ---
  DuckDB       1113.46 ms ±  0.00  (4 rows)

--- Q01 ---
  DuckDB       2169.12 ms ±  0.00  (4 rows)

--- Q15 ---
  DuckDB        517.77 ms ±  0.00  (1 rows)

--- Q08 ---
  DuckDB       1394.19 ms ±  0.00  (2 rows)

--- Q14 ---
  DuckDB        775.57 ms ±  0.00  (1 rows)

--- Q10 ---
  DuckDB       1868.30 ms ±  0.00  (381105 rows)

--- Q21 ---
  DuckDB       2911.42 ms ±  0.00  (4009 rows)

--- Q16 ---
  DuckDB        274.19 ms ±  0.00  (27840 rows)

--- Q12 ---
  DuckDB        817.74 ms ±  0.00  (2 rows)

wrote bench-results/tput-rebaseline-2026-07-03/sf10-auto/duckdb/s100/batch-3/stream-16.md
