=== TPC-H 22 triangulation bench ===
    data:    /Users/ryanevans/RustroverProjects/ematix-flow/examples/tpch/data/sf10
    queries: 22 ([17, 2, 3, 14, 11, 22, 9, 1, 12, 21, 7, 19, 6, 8, 4, 13, 20, 16, 10, 18, 15, 5])
    trials:  1 (after 0 warmups)
    output:  bench-results/tput-rebaseline-2026-07-03/sf10-auto/duckdb/s100/batch-3/stream-54.md

    NOTE: single-invocation output is SMOKE-GRADE only. For win/loss
    claims use scripts/bench/strict_22q.sh / strict_ab.sh /
    strict_throughput.sh (see scripts/bench/README.md).

--- Q17 ---
  DuckDB       1160.06 ms ±  0.00  (1 rows)

--- Q02 ---
  DuckDB        352.77 ms ±  0.00  (4667 rows)

--- Q03 ---
  DuckDB       1095.66 ms ±  0.00  (114003 rows)

--- Q14 ---
  DuckDB       1070.85 ms ±  0.00  (1 rows)

--- Q11 ---
  DuckDB        110.10 ms ±  0.00  (8685 rows)

--- Q22 ---
  DuckDB        433.33 ms ±  0.00  (7 rows)

--- Q09 ---
  DuckDB       2303.31 ms ±  0.00  (175 rows)

--- Q01 ---
  DuckDB       2112.77 ms ±  0.00  (4 rows)

--- Q12 ---
  DuckDB        836.78 ms ±  0.00  (2 rows)

--- Q21 ---
  DuckDB       3161.39 ms ±  0.00  (4009 rows)

--- Q07 ---
  DuckDB       1059.07 ms ±  0.00  (4 rows)

--- Q19 ---
  DuckDB       1619.81 ms ±  0.00  (1 rows)

--- Q06 ---
  DuckDB        449.96 ms ±  0.00  (1 rows)

--- Q08 ---
  DuckDB       1232.61 ms ±  0.00  (2 rows)

--- Q04 ---
  DuckDB        703.65 ms ±  0.00  (5 rows)

--- Q13 ---
  DuckDB       2152.40 ms ±  0.00  (46 rows)

--- Q20 ---
  DuckDB        695.58 ms ±  0.00  (1804 rows)

--- Q16 ---
  DuckDB        292.95 ms ±  0.00  (27840 rows)

--- Q10 ---
  DuckDB       1594.12 ms ±  0.00  (381105 rows)

--- Q18 ---
  DuckDB       1825.11 ms ±  0.00  (624 rows)

--- Q15 ---
  DuckDB        605.95 ms ±  0.00  (1 rows)

--- Q05 ---
  DuckDB        851.56 ms ±  0.00  (5 rows)

wrote bench-results/tput-rebaseline-2026-07-03/sf10-auto/duckdb/s100/batch-3/stream-54.md
