=== TPC-H 22 triangulation bench ===
    data:    /Users/ryanevans/RustroverProjects/ematix-flow/examples/tpch/data/sf10
    queries: 22 ([14, 22, 9, 15, 10, 21, 4, 6, 3, 20, 13, 16, 7, 5, 18, 11, 17, 8, 1, 19, 12, 2])
    trials:  1 (after 0 warmups)
    output:  bench-results/tput-rebaseline-2026-07-03/sf10-auto/duckdb/s100/batch-3/stream-57.md

    NOTE: single-invocation output is SMOKE-GRADE only. For win/loss
    claims use scripts/bench/strict_22q.sh / strict_ab.sh /
    strict_throughput.sh (see scripts/bench/README.md).

--- Q14 ---
  DuckDB        916.92 ms ±  0.00  (1 rows)

--- Q22 ---
  DuckDB        276.34 ms ±  0.00  (7 rows)

--- Q09 ---
  DuckDB       2235.43 ms ±  0.00  (175 rows)

--- Q15 ---
  DuckDB        542.17 ms ±  0.00  (1 rows)

--- Q10 ---
  DuckDB       2077.54 ms ±  0.00  (381105 rows)

--- Q21 ---
  DuckDB       3073.89 ms ±  0.00  (4009 rows)

--- Q04 ---
  DuckDB        720.89 ms ±  0.00  (5 rows)

--- Q06 ---
  DuckDB        687.62 ms ±  0.00  (1 rows)

--- Q03 ---
  DuckDB       1079.37 ms ±  0.00  (114003 rows)

--- Q20 ---
  DuckDB        915.95 ms ±  0.00  (1804 rows)

--- Q13 ---
  DuckDB       1952.69 ms ±  0.00  (46 rows)

--- Q16 ---
  DuckDB        354.25 ms ±  0.00  (27840 rows)

--- Q07 ---
  DuckDB       1071.84 ms ±  0.00  (4 rows)

--- Q05 ---
  DuckDB       1194.41 ms ±  0.00  (5 rows)

--- Q18 ---
  DuckDB       1809.44 ms ±  0.00  (624 rows)

--- Q11 ---
  DuckDB        204.45 ms ±  0.00  (8685 rows)

--- Q17 ---
  DuckDB       1129.10 ms ±  0.00  (1 rows)

--- Q08 ---
  DuckDB       1011.45 ms ±  0.00  (2 rows)

--- Q01 ---
  DuckDB       2325.15 ms ±  0.00  (4 rows)

--- Q19 ---
  DuckDB       1200.88 ms ±  0.00  (1 rows)

--- Q12 ---
  DuckDB        906.76 ms ±  0.00  (2 rows)

--- Q02 ---
  DuckDB        241.50 ms ±  0.00  (4667 rows)

wrote bench-results/tput-rebaseline-2026-07-03/sf10-auto/duckdb/s100/batch-3/stream-57.md
