=== TPC-H 22 triangulation bench ===
    data:    /Users/ryanevans/RustroverProjects/ematix-flow/examples/tpch/data/sf10
    queries: 22 ([22, 6, 3, 16, 10, 13, 17, 20, 7, 14, 19, 15, 11, 2, 12, 5, 18, 8, 9, 1, 4, 21])
    trials:  1 (after 0 warmups)
    output:  bench-results/tput-rebaseline-2026-07-03/sf10-auto/duckdb/s100/batch-3/stream-42.md

    NOTE: single-invocation output is SMOKE-GRADE only. For win/loss
    claims use scripts/bench/strict_22q.sh / strict_ab.sh /
    strict_throughput.sh (see scripts/bench/README.md).

--- Q22 ---
  DuckDB        407.61 ms ±  0.00  (7 rows)

--- Q06 ---
  DuckDB        527.58 ms ±  0.00  (1 rows)

--- Q03 ---
  DuckDB       1109.94 ms ±  0.00  (114003 rows)

--- Q16 ---
  DuckDB        773.08 ms ±  0.00  (27840 rows)

--- Q10 ---
  DuckDB       1628.32 ms ±  0.00  (381105 rows)

--- Q13 ---
  DuckDB       1770.05 ms ±  0.00  (46 rows)

--- Q17 ---
  DuckDB       1078.22 ms ±  0.00  (1 rows)

--- Q20 ---
  DuckDB       1134.90 ms ±  0.00  (1804 rows)

--- Q07 ---
  DuckDB       1021.45 ms ±  0.00  (4 rows)

--- Q14 ---
  DuckDB        936.68 ms ±  0.00  (1 rows)

--- Q19 ---
  DuckDB       1552.71 ms ±  0.00  (1 rows)

--- Q15 ---
  DuckDB        600.84 ms ±  0.00  (1 rows)

--- Q11 ---
  DuckDB         70.11 ms ±  0.00  (8685 rows)

--- Q02 ---
  DuckDB        260.04 ms ±  0.00  (4667 rows)

--- Q12 ---
  DuckDB        763.80 ms ±  0.00  (2 rows)

--- Q05 ---
  DuckDB        927.38 ms ±  0.00  (5 rows)

--- Q18 ---
  DuckDB       1811.43 ms ±  0.00  (624 rows)

--- Q08 ---
  DuckDB       1267.71 ms ±  0.00  (2 rows)

--- Q09 ---
  DuckDB       2385.44 ms ±  0.00  (175 rows)

--- Q01 ---
  DuckDB       2258.40 ms ±  0.00  (4 rows)

--- Q04 ---
  DuckDB        736.30 ms ±  0.00  (5 rows)

--- Q21 ---
  DuckDB       3022.35 ms ±  0.00  (4009 rows)

wrote bench-results/tput-rebaseline-2026-07-03/sf10-auto/duckdb/s100/batch-3/stream-42.md
