=== TPC-H 22 triangulation bench ===
    data:    /Users/ryanevans/RustroverProjects/ematix-flow/examples/tpch/data/sf10
    queries: 22 ([15, 8, 1, 14, 18, 19, 11, 21, 16, 12, 3, 10, 5, 9, 6, 13, 7, 20, 4, 17, 2, 22])
    trials:  1 (after 0 warmups)
    output:  bench-results/tput-rebaseline-2026-07-03/sf10-auto/duckdb/s100/batch-3/stream-19.md

    NOTE: single-invocation output is SMOKE-GRADE only. For win/loss
    claims use scripts/bench/strict_22q.sh / strict_ab.sh /
    strict_throughput.sh (see scripts/bench/README.md).

--- Q15 ---
  DuckDB        426.63 ms ±  0.00  (1 rows)

--- Q08 ---
  DuckDB       1381.66 ms ±  0.00  (2 rows)

--- Q01 ---
  DuckDB       2098.15 ms ±  0.00  (4 rows)

--- Q14 ---
  DuckDB       1136.83 ms ±  0.00  (1 rows)

--- Q18 ---
  DuckDB       1722.17 ms ±  0.00  (624 rows)

--- Q19 ---
  DuckDB       1267.69 ms ±  0.00  (1 rows)

--- Q11 ---
  DuckDB        160.52 ms ±  0.00  (8685 rows)

--- Q21 ---
  DuckDB       2889.16 ms ±  0.00  (4009 rows)

--- Q16 ---
  DuckDB        269.57 ms ±  0.00  (27840 rows)

--- Q12 ---
  DuckDB        866.88 ms ±  0.00  (2 rows)

--- Q03 ---
  DuckDB       1129.44 ms ±  0.00  (114003 rows)

--- Q10 ---
  DuckDB       1794.48 ms ±  0.00  (381105 rows)

--- Q05 ---
  DuckDB       1053.57 ms ±  0.00  (5 rows)

--- Q09 ---
  DuckDB       2230.13 ms ±  0.00  (175 rows)

--- Q06 ---
  DuckDB        569.71 ms ±  0.00  (1 rows)

--- Q13 ---
  DuckDB       2171.21 ms ±  0.00  (46 rows)

--- Q07 ---
  DuckDB        878.69 ms ±  0.00  (4 rows)

--- Q20 ---
  DuckDB       1015.55 ms ±  0.00  (1804 rows)

--- Q04 ---
  DuckDB        619.90 ms ±  0.00  (5 rows)

--- Q17 ---
  DuckDB       1035.50 ms ±  0.00  (1 rows)

--- Q02 ---
  DuckDB        356.35 ms ±  0.00  (4667 rows)

--- Q22 ---
  DuckDB        352.88 ms ±  0.00  (7 rows)

wrote bench-results/tput-rebaseline-2026-07-03/sf10-auto/duckdb/s100/batch-3/stream-19.md
