=== TPC-H 22 triangulation bench ===
    data:    /Users/ryanevans/RustroverProjects/ematix-flow/examples/tpch/data/sf10
    queries: 22 ([1, 13, 2, 4, 3, 11, 5, 19, 10, 12, 21, 16, 7, 14, 15, 9, 20, 22, 6, 18, 17, 8])
    trials:  1 (after 0 warmups)
    output:  bench-results/tput-rebaseline-2026-07-03/sf10-auto/duckdb/s100/batch-3/stream-51.md

    NOTE: single-invocation output is SMOKE-GRADE only. For win/loss
    claims use scripts/bench/strict_22q.sh / strict_ab.sh /
    strict_throughput.sh (see scripts/bench/README.md).

--- Q01 ---
  DuckDB       2176.66 ms ±  0.00  (4 rows)

--- Q13 ---
  DuckDB       1876.52 ms ±  0.00  (46 rows)

--- Q02 ---
  DuckDB        317.51 ms ±  0.00  (4667 rows)

--- Q04 ---
  DuckDB        687.28 ms ±  0.00  (5 rows)

--- Q03 ---
  DuckDB        830.14 ms ±  0.00  (114003 rows)

--- Q11 ---
  DuckDB         61.96 ms ±  0.00  (8685 rows)

--- Q05 ---
  DuckDB       1029.13 ms ±  0.00  (5 rows)

--- Q19 ---
  DuckDB       1233.74 ms ±  0.00  (1 rows)

--- Q10 ---
  DuckDB       2038.08 ms ±  0.00  (381105 rows)

--- Q12 ---
  DuckDB        748.74 ms ±  0.00  (2 rows)

--- Q21 ---
  DuckDB       3205.17 ms ±  0.00  (4009 rows)

--- Q16 ---
  DuckDB        339.18 ms ±  0.00  (27840 rows)

--- Q07 ---
  DuckDB        948.81 ms ±  0.00  (4 rows)

--- Q14 ---
  DuckDB       1013.76 ms ±  0.00  (1 rows)

--- Q15 ---
  DuckDB        607.73 ms ±  0.00  (1 rows)

--- Q09 ---
  DuckDB       2516.96 ms ±  0.00  (175 rows)

--- Q20 ---
  DuckDB        984.10 ms ±  0.00  (1804 rows)

--- Q22 ---
  DuckDB        451.70 ms ±  0.00  (7 rows)

--- Q06 ---
  DuckDB        561.38 ms ±  0.00  (1 rows)

--- Q18 ---
  DuckDB       1698.31 ms ±  0.00  (624 rows)

--- Q17 ---
  DuckDB       1032.49 ms ±  0.00  (1 rows)

--- Q08 ---
  DuckDB       1105.97 ms ±  0.00  (2 rows)

wrote bench-results/tput-rebaseline-2026-07-03/sf10-auto/duckdb/s100/batch-3/stream-51.md
