=== TPC-H 22 triangulation bench ===
    data:    /Users/ryanevans/RustroverProjects/ematix-flow/examples/tpch/data/sf10
    queries: 22 ([5, 15, 14, 17, 9, 3, 4, 19, 2, 22, 21, 8, 1, 12, 13, 20, 10, 11, 7, 18, 6, 16])
    trials:  1 (after 0 warmups)
    output:  bench-results/tput-rebaseline-2026-07-03/sf10-auto/duckdb/s100/batch-3/stream-61.md

    NOTE: single-invocation output is SMOKE-GRADE only. For win/loss
    claims use scripts/bench/strict_22q.sh / strict_ab.sh /
    strict_throughput.sh (see scripts/bench/README.md).

--- Q05 ---
  DuckDB       1133.28 ms ±  0.00  (5 rows)

--- Q15 ---
  DuckDB        531.71 ms ±  0.00  (1 rows)

--- Q14 ---
  DuckDB        948.04 ms ±  0.00  (1 rows)

--- Q17 ---
  DuckDB       1252.22 ms ±  0.00  (1 rows)

--- Q09 ---
  DuckDB       2162.29 ms ±  0.00  (175 rows)

--- Q03 ---
  DuckDB       1128.89 ms ±  0.00  (114003 rows)

--- Q04 ---
  DuckDB        701.58 ms ±  0.00  (5 rows)

--- Q19 ---
  DuckDB       1527.90 ms ±  0.00  (1 rows)

--- Q02 ---
  DuckDB        306.62 ms ±  0.00  (4667 rows)

--- Q22 ---
  DuckDB        472.40 ms ±  0.00  (7 rows)

--- Q21 ---
  DuckDB       2991.06 ms ±  0.00  (4009 rows)

--- Q08 ---
  DuckDB       1156.22 ms ±  0.00  (2 rows)

--- Q01 ---
  DuckDB       2156.40 ms ±  0.00  (4 rows)

--- Q12 ---
  DuckDB        799.78 ms ±  0.00  (2 rows)

--- Q13 ---
  DuckDB       1919.05 ms ±  0.00  (46 rows)

--- Q20 ---
  DuckDB       1170.28 ms ±  0.00  (1804 rows)

--- Q10 ---
  DuckDB       1936.09 ms ±  0.00  (381105 rows)

--- Q11 ---
  DuckDB        181.77 ms ±  0.00  (8685 rows)

--- Q07 ---
  DuckDB       1066.61 ms ±  0.00  (4 rows)

--- Q18 ---
  DuckDB       1700.02 ms ±  0.00  (624 rows)

--- Q06 ---
  DuckDB        569.31 ms ±  0.00  (1 rows)

--- Q16 ---
  DuckDB        370.94 ms ±  0.00  (27840 rows)

wrote bench-results/tput-rebaseline-2026-07-03/sf10-auto/duckdb/s100/batch-3/stream-61.md
