=== TPC-H 22 triangulation bench ===
    data:    /Users/ryanevans/RustroverProjects/ematix-flow/examples/tpch/data/sf10
    queries: 22 ([21, 9, 18, 8, 6, 12, 10, 7, 1, 22, 19, 20, 14, 4, 11, 17, 2, 13, 5, 3, 15, 16])
    trials:  1 (after 0 warmups)
    output:  bench-results/tput-rebaseline-2026-07-03/sf10-auto/duckdb/s100/batch-3/stream-83.md

    NOTE: single-invocation output is SMOKE-GRADE only. For win/loss
    claims use scripts/bench/strict_22q.sh / strict_ab.sh /
    strict_throughput.sh (see scripts/bench/README.md).

--- Q21 ---
  DuckDB       2889.57 ms ±  0.00  (4009 rows)

--- Q09 ---
  DuckDB       2338.60 ms ±  0.00  (175 rows)

--- Q18 ---
  DuckDB       1625.75 ms ±  0.00  (624 rows)

--- Q08 ---
  DuckDB       1259.51 ms ±  0.00  (2 rows)

--- Q06 ---
  DuckDB        495.22 ms ±  0.00  (1 rows)

--- Q12 ---
  DuckDB        939.43 ms ±  0.00  (2 rows)

--- Q10 ---
  DuckDB       1882.59 ms ±  0.00  (381105 rows)

--- Q07 ---
  DuckDB       1114.05 ms ±  0.00  (4 rows)

--- Q01 ---
  DuckDB       2096.65 ms ±  0.00  (4 rows)

--- Q22 ---
  DuckDB        414.21 ms ±  0.00  (7 rows)

--- Q19 ---
  DuckDB       1704.38 ms ±  0.00  (1 rows)

--- Q20 ---
  DuckDB       1167.16 ms ±  0.00  (1804 rows)

--- Q14 ---
  DuckDB        697.92 ms ±  0.00  (1 rows)

--- Q04 ---
  DuckDB        769.37 ms ±  0.00  (5 rows)

--- Q11 ---
  DuckDB        178.74 ms ±  0.00  (8685 rows)

--- Q17 ---
  DuckDB       1115.15 ms ±  0.00  (1 rows)

--- Q02 ---
  DuckDB        258.26 ms ±  0.00  (4667 rows)

--- Q13 ---
  DuckDB       2167.78 ms ±  0.00  (46 rows)

--- Q05 ---
  DuckDB        855.71 ms ±  0.00  (5 rows)

--- Q03 ---
  DuckDB        906.86 ms ±  0.00  (114003 rows)

--- Q15 ---
  DuckDB        480.65 ms ±  0.00  (1 rows)

--- Q16 ---
  DuckDB        271.41 ms ±  0.00  (27840 rows)

wrote bench-results/tput-rebaseline-2026-07-03/sf10-auto/duckdb/s100/batch-3/stream-83.md
