=== TPC-H 22 triangulation bench ===
    data:    /Users/ryanevans/RustroverProjects/ematix-flow/examples/tpch/data/sf10
    queries: 22 ([21, 14, 13, 22, 7, 18, 4, 20, 17, 15, 6, 12, 8, 10, 11, 5, 1, 2, 9, 16, 3, 19])
    trials:  1 (after 0 warmups)
    output:  bench-results/tput-rebaseline-2026-07-03/sf10-auto/duckdb/s100/batch-3/stream-6.md

    NOTE: single-invocation output is SMOKE-GRADE only. For win/loss
    claims use scripts/bench/strict_22q.sh / strict_ab.sh /
    strict_throughput.sh (see scripts/bench/README.md).

--- Q21 ---
  DuckDB       3141.81 ms ±  0.00  (4009 rows)

--- Q14 ---
  DuckDB       1212.63 ms ±  0.00  (1 rows)

--- Q13 ---
  DuckDB       2029.17 ms ±  0.00  (46 rows)

--- Q22 ---
  DuckDB        263.82 ms ±  0.00  (7 rows)

--- Q07 ---
  DuckDB       1035.34 ms ±  0.00  (4 rows)

--- Q18 ---
  DuckDB       1708.55 ms ±  0.00  (624 rows)

--- Q04 ---
  DuckDB        742.28 ms ±  0.00  (5 rows)

--- Q20 ---
  DuckDB       1069.36 ms ±  0.00  (1804 rows)

--- Q17 ---
  DuckDB       1242.92 ms ±  0.00  (1 rows)

--- Q15 ---
  DuckDB        719.61 ms ±  0.00  (1 rows)

--- Q06 ---
  DuckDB        511.28 ms ±  0.00  (1 rows)

--- Q12 ---
  DuckDB        825.33 ms ±  0.00  (2 rows)

--- Q08 ---
  DuckDB       1389.11 ms ±  0.00  (2 rows)

--- Q10 ---
  DuckDB       1931.61 ms ±  0.00  (381105 rows)

--- Q11 ---
  DuckDB        123.61 ms ±  0.00  (8685 rows)

--- Q05 ---
  DuckDB       1016.88 ms ±  0.00  (5 rows)

--- Q01 ---
  DuckDB       2137.71 ms ±  0.00  (4 rows)

--- Q02 ---
  DuckDB        285.49 ms ±  0.00  (4667 rows)

--- Q09 ---
  DuckDB       2425.63 ms ±  0.00  (175 rows)

--- Q16 ---
  DuckDB        408.23 ms ±  0.00  (27840 rows)

--- Q03 ---
  DuckDB        941.85 ms ±  0.00  (114003 rows)

--- Q19 ---
  DuckDB       1702.24 ms ±  0.00  (1 rows)

wrote bench-results/tput-rebaseline-2026-07-03/sf10-auto/duckdb/s100/batch-3/stream-6.md
