=== TPC-H 22 triangulation bench ===
    data:    /Users/ryanevans/RustroverProjects/ematix-flow/examples/tpch/data/sf10
    queries: 22 ([13, 22, 4, 10, 3, 11, 21, 9, 8, 17, 16, 6, 5, 20, 15, 18, 19, 1, 2, 12, 14, 7])
    trials:  1 (after 0 warmups)
    output:  bench-results/tput-rebaseline-2026-07-03/sf10-auto/duckdb/s100/batch-3/stream-97.md

    NOTE: single-invocation output is SMOKE-GRADE only. For win/loss
    claims use scripts/bench/strict_22q.sh / strict_ab.sh /
    strict_throughput.sh (see scripts/bench/README.md).

--- Q13 ---
  DuckDB       2142.87 ms ±  0.00  (46 rows)

--- Q22 ---
  DuckDB        338.85 ms ±  0.00  (7 rows)

--- Q04 ---
  DuckDB        635.91 ms ±  0.00  (5 rows)

--- Q10 ---
  DuckDB       1801.19 ms ±  0.00  (381105 rows)

--- Q03 ---
  DuckDB       1153.99 ms ±  0.00  (114003 rows)

--- Q11 ---
  DuckDB         77.66 ms ±  0.00  (8685 rows)

--- Q21 ---
  DuckDB       3259.22 ms ±  0.00  (4009 rows)

--- Q09 ---
  DuckDB       2281.94 ms ±  0.00  (175 rows)

--- Q08 ---
  DuckDB       1287.08 ms ±  0.00  (2 rows)

--- Q17 ---
  DuckDB       1168.40 ms ±  0.00  (1 rows)

--- Q16 ---
  DuckDB        534.53 ms ±  0.00  (27840 rows)

--- Q06 ---
  DuckDB        520.65 ms ±  0.00  (1 rows)

--- Q05 ---
  DuckDB        968.45 ms ±  0.00  (5 rows)

--- Q20 ---
  DuckDB        869.00 ms ±  0.00  (1804 rows)

--- Q15 ---
  DuckDB        595.88 ms ±  0.00  (1 rows)

--- Q18 ---
  DuckDB       1519.01 ms ±  0.00  (624 rows)

--- Q19 ---
  DuckDB       1469.90 ms ±  0.00  (1 rows)

--- Q01 ---
  DuckDB       1660.82 ms ±  0.00  (4 rows)

--- Q02 ---
  DuckDB        283.38 ms ±  0.00  (4667 rows)

--- Q12 ---
  DuckDB        438.30 ms ±  0.00  (2 rows)

--- Q14 ---
  DuckDB        565.44 ms ±  0.00  (1 rows)

--- Q07 ---
  DuckDB        345.56 ms ±  0.00  (4 rows)

wrote bench-results/tput-rebaseline-2026-07-03/sf10-auto/duckdb/s100/batch-3/stream-97.md
