=== TPC-H 22 triangulation bench ===
    data:    /Users/ryanevans/RustroverProjects/ematix-flow/examples/tpch/data/sf10
    queries: 22 ([19, 17, 7, 6, 12, 2, 16, 13, 22, 1, 11, 21, 5, 10, 8, 18, 9, 20, 15, 14, 4, 3])
    trials:  1 (after 0 warmups)
    output:  bench-results/tput-rebaseline-2026-07-03/sf10-auto/duckdb/s100/batch-3/stream-67.md

    NOTE: single-invocation output is SMOKE-GRADE only. For win/loss
    claims use scripts/bench/strict_22q.sh / strict_ab.sh /
    strict_throughput.sh (see scripts/bench/README.md).

--- Q19 ---
  DuckDB       1437.07 ms ±  0.00  (1 rows)

--- Q17 ---
  DuckDB       1140.13 ms ±  0.00  (1 rows)

--- Q07 ---
  DuckDB       1151.68 ms ±  0.00  (4 rows)

--- Q06 ---
  DuckDB        561.95 ms ±  0.00  (1 rows)

--- Q12 ---
  DuckDB        861.83 ms ±  0.00  (2 rows)

--- Q02 ---
  DuckDB        266.17 ms ±  0.00  (4667 rows)

--- Q16 ---
  DuckDB        295.17 ms ±  0.00  (27840 rows)

--- Q13 ---
  DuckDB       1989.09 ms ±  0.00  (46 rows)

--- Q22 ---
  DuckDB        439.20 ms ±  0.00  (7 rows)

--- Q01 ---
  DuckDB       2209.46 ms ±  0.00  (4 rows)

--- Q11 ---
  DuckDB        158.89 ms ±  0.00  (8685 rows)

--- Q21 ---
  DuckDB       3047.55 ms ±  0.00  (4009 rows)

--- Q05 ---
  DuckDB       1119.64 ms ±  0.00  (5 rows)

--- Q10 ---
  DuckDB       2135.37 ms ±  0.00  (381105 rows)

--- Q08 ---
  DuckDB       1210.48 ms ±  0.00  (2 rows)

--- Q18 ---
  DuckDB       1832.92 ms ±  0.00  (624 rows)

--- Q09 ---
  DuckDB       2501.46 ms ±  0.00  (175 rows)

--- Q20 ---
  DuckDB       1040.66 ms ±  0.00  (1804 rows)

--- Q15 ---
  DuckDB        504.03 ms ±  0.00  (1 rows)

--- Q14 ---
  DuckDB        872.62 ms ±  0.00  (1 rows)

--- Q04 ---
  DuckDB        770.41 ms ±  0.00  (5 rows)

--- Q03 ---
  DuckDB       1087.76 ms ±  0.00  (114003 rows)

wrote bench-results/tput-rebaseline-2026-07-03/sf10-auto/duckdb/s100/batch-3/stream-67.md
