=== TPC-H 22 triangulation bench ===
    data:    /Users/ryanevans/RustroverProjects/ematix-flow/examples/tpch/data/sf10
    queries: 22 ([22, 12, 11, 19, 21, 15, 18, 6, 20, 14, 17, 9, 7, 1, 2, 3, 5, 16, 13, 4, 10, 8])
    trials:  1 (after 0 warmups)
    output:  bench-results/sched-diag-2026-07-03/auto-rayon2-rb4/ematix/s10/batch-4/stream-4.md

    NOTE: single-invocation output is SMOKE-GRADE only. For win/loss
    claims use scripts/bench/strict_22q.sh / strict_ab.sh /
    strict_throughput.sh (see scripts/bench/README.md).

--- Q22 ---
  ematix-flow   393.70 ms ±  0.00  (7 rows)

--- Q12 ---
  ematix-flow   797.60 ms ±  0.00  (2 rows)

--- Q11 ---
  ematix-flow   221.21 ms ±  0.00  (8685 rows)

--- Q19 ---
  ematix-flow   448.82 ms ±  0.00  (1 rows)

--- Q21 ---
  ematix-flow  2349.90 ms ±  0.00  (4009 rows)

--- Q15 ---
  ematix-flow   491.20 ms ±  0.00  (1 rows)

--- Q18 ---
  ematix-flow  3479.10 ms ±  0.00  (624 rows)

--- Q06 ---
  ematix-flow   198.51 ms ±  0.00  (1 rows)

--- Q20 ---
  ematix-flow  1051.60 ms ±  0.00  (1804 rows)

--- Q14 ---
  ematix-flow   239.35 ms ±  0.00  (1 rows)

--- Q17 ---
  ematix-flow   535.72 ms ±  0.00  (1 rows)

--- Q09 ---
  ematix-flow  3222.26 ms ±  0.00  (175 rows)

--- Q07 ---
  ematix-flow   995.86 ms ±  0.00  (4 rows)

--- Q01 ---
  ematix-flow  4455.52 ms ±  0.00  (4 rows)

--- Q02 ---
  ematix-flow   138.61 ms ±  0.00  (4667 rows)

--- Q03 ---
  ematix-flow  1239.76 ms ±  0.00  (114003 rows)

--- Q05 ---
  ematix-flow  1153.98 ms ±  0.00  (5 rows)

--- Q16 ---
  ematix-flow   596.42 ms ±  0.00  (27840 rows)

--- Q13 ---
  ematix-flow  2444.50 ms ±  0.00  (46 rows)

--- Q04 ---
  ematix-flow   899.30 ms ±  0.00  (5 rows)

--- Q10 ---
  ematix-flow  1585.55 ms ±  0.00  (381105 rows)

--- Q08 ---
  ematix-flow  1451.15 ms ±  0.00  (2 rows)

wrote bench-results/sched-diag-2026-07-03/auto-rayon2-rb4/ematix/s10/batch-4/stream-4.md
