=== TPC-H 22 triangulation bench ===
    data:    /Users/ryanevans/RustroverProjects/ematix-flow/examples/tpch/data/sf10
    queries: 22 ([4, 13, 6, 17, 21, 10, 12, 22, 9, 18, 3, 11, 5, 8, 20, 15, 7, 1, 16, 14, 2, 19])
    trials:  1 (after 0 warmups)
    output:  bench-results/sched-diag-2026-07-03/auto-rayon2-rb4/ematix/s10/batch-4/stream-10.md

    NOTE: single-invocation output is SMOKE-GRADE only. For win/loss
    claims use scripts/bench/strict_22q.sh / strict_ab.sh /
    strict_throughput.sh (see scripts/bench/README.md).

--- Q04 ---
  ematix-flow   892.79 ms ±  0.00  (5 rows)

--- Q13 ---
  ematix-flow  1424.26 ms ±  0.00  (46 rows)

--- Q06 ---
  ematix-flow   141.95 ms ±  0.00  (1 rows)

--- Q17 ---
  ematix-flow   535.26 ms ±  0.00  (1 rows)

--- Q21 ---
  ematix-flow  2690.22 ms ±  0.00  (4009 rows)

--- Q10 ---
  ematix-flow  1624.56 ms ±  0.00  (381105 rows)

--- Q12 ---
  ematix-flow   841.07 ms ±  0.00  (2 rows)

--- Q22 ---
  ematix-flow   329.26 ms ±  0.00  (7 rows)

--- Q09 ---
  ematix-flow  3549.43 ms ±  0.00  (175 rows)

--- Q18 ---
  ematix-flow  3847.98 ms ±  0.00  (624 rows)

--- Q03 ---
  ematix-flow  1443.18 ms ±  0.00  (114003 rows)

--- Q11 ---
  ematix-flow   136.63 ms ±  0.00  (8685 rows)

--- Q05 ---
  ematix-flow  1009.62 ms ±  0.00  (5 rows)

--- Q08 ---
  ematix-flow  1026.96 ms ±  0.00  (2 rows)

--- Q20 ---
  ematix-flow  1150.56 ms ±  0.00  (1804 rows)

--- Q15 ---
  ematix-flow   423.44 ms ±  0.00  (1 rows)

--- Q07 ---
  ematix-flow  1065.34 ms ±  0.00  (4 rows)

--- Q01 ---
  ematix-flow  5970.22 ms ±  0.00  (4 rows)

--- Q16 ---
  ematix-flow   485.77 ms ±  0.00  (27840 rows)

--- Q14 ---
  ematix-flow   193.39 ms ±  0.00  (1 rows)

--- Q02 ---
  ematix-flow    49.03 ms ±  0.00  (4667 rows)

--- Q19 ---
  ematix-flow   219.08 ms ±  0.00  (1 rows)

wrote bench-results/sched-diag-2026-07-03/auto-rayon2-rb4/ematix/s10/batch-4/stream-10.md
