=== TPC-H 22 triangulation bench ===
    data:    /Users/ryanevans/RustroverProjects/ematix-flow/examples/tpch/data/sf10
    queries: 22 ([6, 18, 21, 16, 8, 15, 22, 20, 7, 19, 14, 17, 9, 1, 10, 12, 4, 3, 2, 13, 5, 11])
    trials:  1 (after 0 warmups)
    output:  bench-results/sched-diag-2026-07-03/auto-rayon2-rb4/ematix/s10/batch-4/stream-7.md

    NOTE: single-invocation output is SMOKE-GRADE only. For win/loss
    claims use scripts/bench/strict_22q.sh / strict_ab.sh /
    strict_throughput.sh (see scripts/bench/README.md).

--- Q06 ---
  ematix-flow   194.48 ms ±  0.00  (1 rows)

--- Q18 ---
  ematix-flow  3275.53 ms ±  0.00  (624 rows)

--- Q21 ---
  ematix-flow  2896.67 ms ±  0.00  (4009 rows)

--- Q16 ---
  ematix-flow   451.55 ms ±  0.00  (27840 rows)

--- Q08 ---
  ematix-flow   998.38 ms ±  0.00  (2 rows)

--- Q15 ---
  ematix-flow   430.27 ms ±  0.00  (1 rows)

--- Q22 ---
  ematix-flow   308.89 ms ±  0.00  (7 rows)

--- Q20 ---
  ematix-flow   996.15 ms ±  0.00  (1804 rows)

--- Q07 ---
  ematix-flow   792.09 ms ±  0.00  (4 rows)

--- Q19 ---
  ematix-flow   371.59 ms ±  0.00  (1 rows)

--- Q14 ---
  ematix-flow   252.36 ms ±  0.00  (1 rows)

--- Q17 ---
  ematix-flow   619.62 ms ±  0.00  (1 rows)

--- Q09 ---
  ematix-flow  3074.57 ms ±  0.00  (175 rows)

--- Q01 ---
  ematix-flow  4508.52 ms ±  0.00  (4 rows)

--- Q10 ---
  ematix-flow  1849.18 ms ±  0.00  (381105 rows)

--- Q12 ---
  ematix-flow   898.47 ms ±  0.00  (2 rows)

--- Q04 ---
  ematix-flow   905.08 ms ±  0.00  (5 rows)

--- Q03 ---
  ematix-flow  1590.36 ms ±  0.00  (114003 rows)

--- Q02 ---
  ematix-flow   104.52 ms ±  0.00  (4667 rows)

--- Q13 ---
  ematix-flow  2049.73 ms ±  0.00  (46 rows)

--- Q05 ---
  ematix-flow  1429.90 ms ±  0.00  (5 rows)

--- Q11 ---
  ematix-flow   133.08 ms ±  0.00  (8685 rows)

wrote bench-results/sched-diag-2026-07-03/auto-rayon2-rb4/ematix/s10/batch-4/stream-7.md
