=== TPC-H 22 triangulation bench ===
    data:    /Users/ryanevans/RustroverProjects/ematix-flow/examples/tpch/data/sf10
    queries: 22 ([19, 22, 14, 11, 5, 18, 8, 16, 7, 20, 13, 1, 15, 4, 17, 9, 10, 6, 12, 21, 3, 2])
    trials:  1 (after 0 warmups)
    output:  bench-results/sched-diag-2026-07-03/auto-rayon2-rb1/ematix/s10/batch-2/stream-2.md

    NOTE: single-invocation output is SMOKE-GRADE only. For win/loss
    claims use scripts/bench/strict_22q.sh / strict_ab.sh /
    strict_throughput.sh (see scripts/bench/README.md).

--- Q19 ---
  ematix-flow   292.27 ms ±  0.00  (1 rows)

--- Q22 ---
  ematix-flow   277.00 ms ±  0.00  (7 rows)

--- Q14 ---
  ematix-flow   509.96 ms ±  0.00  (1 rows)

--- Q11 ---
  ematix-flow   115.50 ms ±  0.00  (8685 rows)

--- Q05 ---
  ematix-flow  1724.87 ms ±  0.00  (5 rows)

--- Q18 ---
  ematix-flow  2475.45 ms ±  0.00  (624 rows)

--- Q08 ---
  ematix-flow  1968.59 ms ±  0.00  (2 rows)

--- Q16 ---
  ematix-flow   280.78 ms ±  0.00  (27840 rows)

--- Q07 ---
  ematix-flow  1234.49 ms ±  0.00  (4 rows)

--- Q20 ---
  ematix-flow  1259.57 ms ±  0.00  (1804 rows)

--- Q13 ---
  ematix-flow  1413.16 ms ±  0.00  (46 rows)

--- Q01 ---
  ematix-flow  2763.03 ms ±  0.00  (4 rows)

--- Q15 ---
  ematix-flow   734.17 ms ±  0.00  (1 rows)

--- Q04 ---
  ematix-flow   587.16 ms ±  0.00  (5 rows)

--- Q17 ---
  ematix-flow   575.88 ms ±  0.00  (1 rows)

--- Q09 ---
  ematix-flow  2447.89 ms ±  0.00  (175 rows)

--- Q10 ---
  ematix-flow  1774.69 ms ±  0.00  (381105 rows)

--- Q06 ---
  ematix-flow   165.97 ms ±  0.00  (1 rows)

--- Q12 ---
  ematix-flow  1019.58 ms ±  0.00  (2 rows)

--- Q21 ---
  ematix-flow  2792.05 ms ±  0.00  (4009 rows)

--- Q03 ---
  ematix-flow   998.96 ms ±  0.00  (114003 rows)

--- Q02 ---
  ematix-flow    66.34 ms ±  0.00  (4667 rows)

wrote bench-results/sched-diag-2026-07-03/auto-rayon2-rb1/ematix/s10/batch-2/stream-2.md
