=== TPC-H 22 triangulation bench ===
    data:    /Users/ryanevans/RustroverProjects/ematix-flow/examples/tpch/data/sf10
    queries: 22 ([4, 13, 6, 17, 21, 10, 12, 22, 9, 18, 3, 11, 5, 8, 20, 15, 7, 1, 16, 14, 2, 19])
    trials:  1 (after 0 warmups)
    output:  bench-results/sched-diag-2026-07-03/p4-rayon2/ematix/s10/batch-2/stream-10.md

    NOTE: single-invocation output is SMOKE-GRADE only. For win/loss
    claims use scripts/bench/strict_22q.sh / strict_ab.sh /
    strict_throughput.sh (see scripts/bench/README.md).

--- Q04 ---
  ematix-flow   635.65 ms ±  0.00  (5 rows)

--- Q13 ---
  ematix-flow  1775.28 ms ±  0.00  (46 rows)

--- Q06 ---
  ematix-flow   122.49 ms ±  0.00  (1 rows)

--- Q17 ---
  ematix-flow   713.36 ms ±  0.00  (1 rows)

--- Q21 ---
  ematix-flow  3091.43 ms ±  0.00  (4009 rows)

--- Q10 ---
  ematix-flow  1856.51 ms ±  0.00  (381105 rows)

--- Q12 ---
  ematix-flow   792.27 ms ±  0.00  (2 rows)

--- Q22 ---
  ematix-flow   473.94 ms ±  0.00  (7 rows)

--- Q09 ---
  ematix-flow  3070.64 ms ±  0.00  (175 rows)

--- Q18 ---
  ematix-flow  4441.64 ms ±  0.00  (624 rows)

--- Q03 ---
  ematix-flow  1910.62 ms ±  0.00  (114003 rows)

--- Q11 ---
  ematix-flow   282.26 ms ±  0.00  (8685 rows)

--- Q05 ---
  ematix-flow  1520.99 ms ±  0.00  (5 rows)

--- Q08 ---
  ematix-flow  1091.45 ms ±  0.00  (2 rows)

--- Q20 ---
  ematix-flow  1441.48 ms ±  0.00  (1804 rows)

--- Q15 ---
  ematix-flow   333.23 ms ±  0.00  (1 rows)

--- Q07 ---
  ematix-flow  1339.62 ms ±  0.00  (4 rows)

--- Q01 ---
  ematix-flow  2734.29 ms ±  0.00  (4 rows)

--- Q16 ---
  ematix-flow   550.83 ms ±  0.00  (27840 rows)

--- Q14 ---
  ematix-flow   472.57 ms ±  0.00  (1 rows)

--- Q02 ---
  ematix-flow   152.13 ms ±  0.00  (4667 rows)

--- Q19 ---
  ematix-flow   318.25 ms ±  0.00  (1 rows)

wrote bench-results/sched-diag-2026-07-03/p4-rayon2/ematix/s10/batch-2/stream-10.md
