=== TPC-H 22 triangulation bench ===
    data:    /Users/ryanevans/RustroverProjects/ematix-flow/examples/tpch/data/sf100
    queries: 22 ([6, 18, 21, 16, 8, 15, 22, 20, 7, 19, 14, 17, 9, 1, 10, 12, 4, 3, 2, 13, 5, 11])
    trials:  1 (after 0 warmups)
    output:  /Users/ryanevans/RustroverProjects/ematix-flow/bench-results/campaign-2026-07-01/tput-sf100/ematix/s10/batch-2/stream-7.md

    NOTE: single-invocation output is SMOKE-GRADE only. For win/loss
    claims use scripts/bench/strict_22q.sh / strict_ab.sh /
    strict_throughput.sh (see scripts/bench/README.md).

--- Q06 ---
  ematix-flow  3646.66 ms ±  0.00  (1 rows)

--- Q18 ---
  ematix-flow  45757.13 ms ±  0.00  (6398 rows)

--- Q21 ---
  ematix-flow  22946.62 ms ±  0.00  (39950 rows)

--- Q16 ---
  ematix-flow  2000.59 ms ±  0.00  (27840 rows)

--- Q08 ---
  ematix-flow  4672.02 ms ±  0.00  (2 rows)

--- Q15 ---
  ematix-flow  3030.39 ms ±  0.00  (1 rows)

--- Q22 ---
  ematix-flow  2034.81 ms ±  0.00  (7 rows)

--- Q20 ---
  ematix-flow  4599.62 ms ±  0.00  (17971 rows)

--- Q07 ---
  ematix-flow  4810.32 ms ±  0.00  (4 rows)

--- Q19 ---
  ematix-flow  3069.08 ms ±  0.00  (1 rows)

--- Q14 ---
  ematix-flow  1587.18 ms ±  0.00  (1 rows)

--- Q17 ---
  ematix-flow  4159.74 ms ±  0.00  (1 rows)

--- Q09 ---
  ematix-flow  17872.55 ms ±  0.00  (175 rows)

--- Q01 ---
  ematix-flow  6916.23 ms ±  0.00  (4 rows)

--- Q10 ---
  ematix-flow  11449.96 ms ±  0.00  (3884218 rows)

--- Q12 ---
  ematix-flow  3430.43 ms ±  0.00  (2 rows)

--- Q04 ---
  ematix-flow  3802.64 ms ±  0.00  (5 rows)

--- Q03 ---
  ematix-flow  7447.42 ms ±  0.00  (1131041 rows)

--- Q02 ---
  ematix-flow  2620.08 ms ±  0.00  (47107 rows)

--- Q13 ---
  ematix-flow  9841.92 ms ±  0.00  (45 rows)

--- Q05 ---
  ematix-flow  15921.44 ms ±  0.00  (5 rows)

--- Q11 ---
  ematix-flow   757.78 ms ±  0.00  (92698 rows)

wrote /Users/ryanevans/RustroverProjects/ematix-flow/bench-results/campaign-2026-07-01/tput-sf100/ematix/s10/batch-2/stream-7.md
