=== TPC-H 22 triangulation bench ===
    data:    /Users/ryanevans/RustroverProjects/ematix-flow/examples/tpch/data/sf100
    queries: 22 ([22, 12, 11, 19, 21, 15, 18, 6, 20, 14, 17, 9, 7, 1, 2, 3, 5, 16, 13, 4, 10, 8])
    trials:  1 (after 0 warmups)
    output:  /Users/ryanevans/RustroverProjects/ematix-flow/bench-results/campaign-2026-07-01/tput-sf100/ematix/s10/batch-2/stream-4.md

    NOTE: single-invocation output is SMOKE-GRADE only. For win/loss
    claims use scripts/bench/strict_22q.sh / strict_ab.sh /
    strict_throughput.sh (see scripts/bench/README.md).

--- Q22 ---
  ematix-flow  1394.41 ms ±  0.00  (7 rows)

--- Q12 ---
  ematix-flow  2759.84 ms ±  0.00  (2 rows)

--- Q11 ---
  ematix-flow   603.23 ms ±  0.00  (92698 rows)

--- Q19 ---
  ematix-flow  2490.16 ms ±  0.00  (1 rows)

--- Q21 ---
  ematix-flow  10836.11 ms ±  0.00  (39950 rows)

--- Q15 ---
  ematix-flow  3642.64 ms ±  0.00  (1 rows)

--- Q18 ---
  ematix-flow  18338.39 ms ±  0.00  (6398 rows)

--- Q06 ---
  ematix-flow  2441.27 ms ±  0.00  (1 rows)

--- Q20 ---
  ematix-flow  4690.93 ms ±  0.00  (17971 rows)

--- Q14 ---
  ematix-flow  1848.45 ms ±  0.00  (1 rows)

--- Q17 ---
  ematix-flow  3456.01 ms ±  0.00  (1 rows)

--- Q09 ---
  ematix-flow  15332.95 ms ±  0.00  (175 rows)

--- Q07 ---
  ematix-flow  5365.00 ms ±  0.00  (4 rows)

--- Q01 ---
  ematix-flow  8602.93 ms ±  0.00  (4 rows)

--- Q02 ---
  ematix-flow  2230.34 ms ±  0.00  (47107 rows)

--- Q03 ---
  ematix-flow  7807.98 ms ±  0.00  (1131041 rows)

--- Q05 ---
  ematix-flow  7090.10 ms ±  0.00  (5 rows)

--- Q16 ---
  ematix-flow  1498.18 ms ±  0.00  (27840 rows)

--- Q13 ---
  ematix-flow  6127.59 ms ±  0.00  (45 rows)

--- Q04 ---
  ematix-flow  2883.07 ms ±  0.00  (5 rows)

--- Q10 ---
  ematix-flow  38568.51 ms ±  0.00  (3884218 rows)

--- Q08 ---
  ematix-flow  12871.80 ms ±  0.00  (2 rows)

wrote /Users/ryanevans/RustroverProjects/ematix-flow/bench-results/campaign-2026-07-01/tput-sf100/ematix/s10/batch-2/stream-4.md
