=== TPC-H 22 triangulation bench ===
    data:    /Users/ryanevans/RustroverProjects/ematix-flow/examples/tpch/data/sf10
    queries: 22 ([21, 14, 13, 22, 7, 18, 4, 20, 17, 15, 6, 12, 8, 10, 11, 5, 1, 2, 9, 16, 3, 19])
    trials:  1 (after 0 warmups)
    output:  bench-results/sched-diag-2026-07-03/p7/ematix/s10/batch-3/stream-6.md

    NOTE: single-invocation output is SMOKE-GRADE only. For win/loss
    claims use scripts/bench/strict_22q.sh / strict_ab.sh /
    strict_throughput.sh (see scripts/bench/README.md).

--- Q21 ---
  ematix-flow  2375.72 ms ±  0.00  (4009 rows)

--- Q14 ---
  ematix-flow   353.89 ms ±  0.00  (1 rows)

--- Q13 ---
  ematix-flow  1515.23 ms ±  0.00  (46 rows)

--- Q22 ---
  ematix-flow   417.71 ms ±  0.00  (7 rows)

--- Q07 ---
  ematix-flow  1631.91 ms ±  0.00  (4 rows)

--- Q18 ---
  ematix-flow  5907.00 ms ±  0.00  (624 rows)

--- Q04 ---
  ematix-flow  1018.03 ms ±  0.00  (5 rows)

--- Q20 ---
  ematix-flow  1687.32 ms ±  0.00  (1804 rows)

--- Q17 ---
  ematix-flow  2200.35 ms ±  0.00  (1 rows)

--- Q15 ---
  ematix-flow   672.29 ms ±  0.00  (1 rows)

--- Q06 ---
  ematix-flow  1348.48 ms ±  0.00  (1 rows)

--- Q12 ---
  ematix-flow   909.35 ms ±  0.00  (2 rows)

--- Q08 ---
  ematix-flow  2358.66 ms ±  0.00  (2 rows)

--- Q10 ---
  ematix-flow  4423.80 ms ±  0.00  (381105 rows)

--- Q11 ---
  ematix-flow   734.67 ms ±  0.00  (8685 rows)

--- Q05 ---
  ematix-flow  2750.23 ms ±  0.00  (5 rows)

--- Q01 ---
  ematix-flow  3441.87 ms ±  0.00  (4 rows)

--- Q02 ---
  ematix-flow   363.30 ms ±  0.00  (4667 rows)

--- Q09 ---
  ematix-flow  6746.85 ms ±  0.00  (175 rows)

--- Q16 ---
  ematix-flow  1010.42 ms ±  0.00  (27840 rows)

--- Q03 ---
  ematix-flow  1152.56 ms ±  0.00  (114003 rows)

--- Q19 ---
  ematix-flow   604.89 ms ±  0.00  (1 rows)

wrote bench-results/sched-diag-2026-07-03/p7/ematix/s10/batch-3/stream-6.md
