=== TPC-H 22 triangulation bench ===
    data:    /Users/ryanevans/RustroverProjects/ematix-flow/examples/tpch/data/sf100
    queries: 22 ([2, 14, 17, 6, 11, 7, 20, 13, 15, 4, 9, 21, 22, 1, 10, 3, 16, 12, 5, 18, 19, 8])
    trials:  1 (after 0 warmups)
    output:  bench-results/sched-arc-2026-07-03/sf100-final/ematix/s10/batch-1/stream-3.md

    NOTE: single-invocation output is SMOKE-GRADE only. For win/loss
    claims use scripts/bench/strict_22q.sh / strict_ab.sh /
    strict_throughput.sh (see scripts/bench/README.md).

--- Q02 ---
  ematix-flow  1156.99 ms ±  0.00  (47107 rows)

--- Q14 ---
  ematix-flow  3357.25 ms ±  0.00  (1 rows)

--- Q17 ---
  ematix-flow  3805.32 ms ±  0.00  (1 rows)

--- Q06 ---
  ematix-flow   829.08 ms ±  0.00  (1 rows)

--- Q11 ---
  ematix-flow   577.14 ms ±  0.00  (92698 rows)

--- Q07 ---
  ematix-flow  5290.41 ms ±  0.00  (4 rows)

--- Q20 ---
  ematix-flow  4673.32 ms ±  0.00  (17971 rows)

--- Q13 ---
  ematix-flow  4394.61 ms ±  0.00  (45 rows)

--- Q15 ---
  ematix-flow  3258.83 ms ±  0.00  (1 rows)

--- Q04 ---
  ematix-flow  2490.01 ms ±  0.00  (5 rows)

--- Q09 ---
  ematix-flow  12877.53 ms ±  0.00  (175 rows)

--- Q21 ---
  ematix-flow  14531.41 ms ±  0.00  (39950 rows)

--- Q22 ---
  ematix-flow  1060.36 ms ±  0.00  (7 rows)

--- Q01 ---
  ematix-flow  7841.74 ms ±  0.00  (4 rows)

--- Q10 ---
  ematix-flow  7748.21 ms ±  0.00  (3884218 rows)

--- Q03 ---
  ematix-flow  5038.89 ms ±  0.00  (1131041 rows)

--- Q16 ---
  ematix-flow  1226.58 ms ±  0.00  (27840 rows)

--- Q12 ---
  ematix-flow  4424.58 ms ±  0.00  (2 rows)

--- Q05 ---
  ematix-flow  5576.23 ms ±  0.00  (5 rows)

--- Q18 ---
  ematix-flow  15545.00 ms ±  0.00  (6398 rows)

--- Q19 ---
  ematix-flow  3340.66 ms ±  0.00  (1 rows)

--- Q08 ---
  ematix-flow  6183.10 ms ±  0.00  (2 rows)

wrote bench-results/sched-arc-2026-07-03/sf100-final/ematix/s10/batch-1/stream-3.md
