=== TPC-H 22 triangulation bench ===
    data:    /Users/ryanevans/RustroverProjects/ematix-flow/examples/tpch/data/sf100
    queries: 22 ([4, 13, 6, 17, 21, 10, 12, 22, 9, 18, 3, 11, 5, 8, 20, 15, 7, 1, 16, 14, 2, 19])
    trials:  1 (after 0 warmups)
    output:  bench-results/sched-arc-2026-07-03/sf100-final/ematix/s10/batch-1/stream-10.md

    NOTE: single-invocation output is SMOKE-GRADE only. For win/loss
    claims use scripts/bench/strict_22q.sh / strict_ab.sh /
    strict_throughput.sh (see scripts/bench/README.md).

--- Q04 ---
  ematix-flow  2989.66 ms ±  0.00  (5 rows)

--- Q13 ---
  ematix-flow  4927.47 ms ±  0.00  (45 rows)

--- Q06 ---
  ematix-flow  1095.60 ms ±  0.00  (1 rows)

--- Q17 ---
  ematix-flow  4286.57 ms ±  0.00  (1 rows)

--- Q21 ---
  ematix-flow  10076.71 ms ±  0.00  (39950 rows)

--- Q10 ---
  ematix-flow  2123.07 ms ±  0.00  (3884218 rows)

--- Q12 ---
  ematix-flow  1213.25 ms ±  0.00  (2 rows)

--- Q22 ---
  ematix-flow   598.77 ms ±  0.00  (7 rows)

--- Q09 ---
  ematix-flow  3693.76 ms ±  0.00  (175 rows)

--- Q18 ---
  ematix-flow  2566.94 ms ±  0.00  (6398 rows)

--- Q03 ---
  ematix-flow  1872.80 ms ±  0.00  (1131041 rows)

--- Q11 ---
  ematix-flow   272.99 ms ±  0.00  (92698 rows)

--- Q05 ---
  ematix-flow  1703.14 ms ±  0.00  (5 rows)

--- Q08 ---
  ematix-flow  2064.31 ms ±  0.00  (2 rows)

--- Q20 ---
  ematix-flow  1549.22 ms ±  0.00  (17971 rows)

--- Q15 ---
  ematix-flow   899.80 ms ±  0.00  (1 rows)

--- Q07 ---
  ematix-flow  1748.52 ms ±  0.00  (4 rows)

--- Q01 ---
  ematix-flow  3044.76 ms ±  0.00  (4 rows)

--- Q16 ---
  ematix-flow   542.94 ms ±  0.00  (27840 rows)

--- Q14 ---
  ematix-flow   966.41 ms ±  0.00  (1 rows)

--- Q02 ---
  ematix-flow   275.25 ms ±  0.00  (47107 rows)

--- Q19 ---
  ematix-flow  1358.69 ms ±  0.00  (1 rows)

wrote bench-results/sched-arc-2026-07-03/sf100-final/ematix/s10/batch-1/stream-10.md
