=== TPC-H 22 triangulation bench ===
    data:    /Users/ryanevans/RustroverProjects/ematix-flow/examples/tpch/data/sf100
    queries: 22 ([20, 6, 14, 10, 21, 22, 12, 13, 1, 17, 2, 18, 7, 11, 8, 15, 16, 4, 9, 3, 19, 5])
    trials:  1 (after 0 warmups)
    output:  bench-results/sched-arc-2026-07-03/sf100-final/ematix/s10/batch-1/stream-1.md

    NOTE: single-invocation output is SMOKE-GRADE only. For win/loss
    claims use scripts/bench/strict_22q.sh / strict_ab.sh /
    strict_throughput.sh (see scripts/bench/README.md).

--- Q20 ---
  ematix-flow  3250.77 ms ±  0.00  (17971 rows)

--- Q06 ---
  ematix-flow   944.05 ms ±  0.00  (1 rows)

--- Q14 ---
  ematix-flow  2787.57 ms ±  0.00  (1 rows)

--- Q10 ---
  ematix-flow  6318.43 ms ±  0.00  (3884218 rows)

--- Q21 ---
  ematix-flow  13983.28 ms ±  0.00  (39950 rows)

--- Q22 ---
  ematix-flow  1121.26 ms ±  0.00  (7 rows)

--- Q12 ---
  ematix-flow  3377.25 ms ±  0.00  (2 rows)

--- Q13 ---
  ematix-flow  4662.98 ms ±  0.00  (45 rows)

--- Q01 ---
  ematix-flow  6919.11 ms ±  0.00  (4 rows)

--- Q17 ---
  ematix-flow  4215.54 ms ±  0.00  (1 rows)

--- Q02 ---
  ematix-flow   907.09 ms ±  0.00  (47107 rows)

--- Q18 ---
  ematix-flow  10110.79 ms ±  0.00  (6398 rows)

--- Q07 ---
  ematix-flow  7400.20 ms ±  0.00  (4 rows)

--- Q11 ---
  ematix-flow  1031.51 ms ±  0.00  (92698 rows)

--- Q08 ---
  ematix-flow  8605.40 ms ±  0.00  (2 rows)

--- Q15 ---
  ematix-flow  3299.08 ms ±  0.00  (1 rows)

--- Q16 ---
  ematix-flow  1202.25 ms ±  0.00  (27840 rows)

--- Q04 ---
  ematix-flow  2554.66 ms ±  0.00  (5 rows)

--- Q09 ---
  ematix-flow  19591.97 ms ±  0.00  (175 rows)

--- Q03 ---
  ematix-flow  5246.41 ms ±  0.00  (1131041 rows)

--- Q19 ---
  ematix-flow  3234.27 ms ±  0.00  (1 rows)

--- Q05 ---
  ematix-flow  4395.90 ms ±  0.00  (5 rows)

wrote bench-results/sched-arc-2026-07-03/sf100-final/ematix/s10/batch-1/stream-1.md
