=== TPC-H 22 triangulation bench ===
    data:    /Users/ryanevans/RustroverProjects/ematix-flow/examples/tpch/data/sf10
    queries: 22 ([2, 14, 17, 6, 11, 7, 20, 13, 15, 4, 9, 21, 22, 1, 10, 3, 16, 12, 5, 18, 19, 8])
    trials:  1 (after 0 warmups)
    output:  bench-results/tput-rebaseline-2026-07-03/sf10-s10-legacy/ematix/s10/batch-3/stream-3.md

    NOTE: single-invocation output is SMOKE-GRADE only. For win/loss
    claims use scripts/bench/strict_22q.sh / strict_ab.sh /
    strict_throughput.sh (see scripts/bench/README.md).

--- Q02 ---
  ematix-flow    61.80 ms ±  0.00  (4667 rows)

--- Q14 ---
  ematix-flow   161.16 ms ±  0.00  (1 rows)

--- Q17 ---
  ematix-flow   509.10 ms ±  0.00  (1 rows)

--- Q06 ---
  ematix-flow   179.32 ms ±  0.00  (1 rows)

--- Q11 ---
  ematix-flow   221.24 ms ±  0.00  (8685 rows)

--- Q07 ---
  ematix-flow   954.53 ms ±  0.00  (4 rows)

--- Q20 ---
  ematix-flow  1686.90 ms ±  0.00  (1804 rows)

--- Q13 ---
  ematix-flow  3495.32 ms ±  0.00  (46 rows)

--- Q15 ---
  ematix-flow   416.91 ms ±  0.00  (1 rows)

--- Q04 ---
  ematix-flow  1552.69 ms ±  0.00  (5 rows)

--- Q09 ---
  ematix-flow  4029.34 ms ±  0.00  (175 rows)

--- Q21 ---
  ematix-flow  7596.60 ms ±  0.00  (4009 rows)

--- Q22 ---
  ematix-flow  1763.35 ms ±  0.00  (7 rows)

--- Q01 ---
  ematix-flow  4780.10 ms ±  0.00  (4 rows)

--- Q10 ---
  ematix-flow  5285.98 ms ±  0.00  (381105 rows)

--- Q03 ---
  ematix-flow  5923.43 ms ±  0.00  (114003 rows)

--- Q16 ---
  ematix-flow  1974.63 ms ±  0.00  (27840 rows)

--- Q12 ---
  ematix-flow  2249.34 ms ±  0.00  (2 rows)

--- Q05 ---
  ematix-flow  5659.46 ms ±  0.00  (5 rows)

--- Q18 ---
  ematix-flow  7419.33 ms ±  0.00  (624 rows)

--- Q19 ---
  ematix-flow  1531.73 ms ±  0.00  (1 rows)

--- Q08 ---
  ematix-flow  5617.99 ms ±  0.00  (2 rows)

wrote bench-results/tput-rebaseline-2026-07-03/sf10-s10-legacy/ematix/s10/batch-3/stream-3.md
