=== TPC-H 22 triangulation bench ===
    data:    /Users/ryanevans/RustroverProjects/ematix-flow/examples/tpch/data/sf10
    queries: 22 ([21, 14, 13, 22, 7, 18, 4, 20, 17, 15, 6, 12, 8, 10, 11, 5, 1, 2, 9, 16, 3, 19])
    trials:  1 (after 0 warmups)
    output:  bench-results/tput-rebaseline-2026-07-03/sf10-s10-legacy/ematix/s10/batch-3/stream-6.md

    NOTE: single-invocation output is SMOKE-GRADE only. For win/loss
    claims use scripts/bench/strict_22q.sh / strict_ab.sh /
    strict_throughput.sh (see scripts/bench/README.md).

--- Q21 ---
  ematix-flow  2870.49 ms ±  0.00  (4009 rows)

--- Q14 ---
  ematix-flow   457.14 ms ±  0.00  (1 rows)

--- Q13 ---
  ematix-flow  3504.18 ms ±  0.00  (46 rows)

--- Q22 ---
  ematix-flow   777.14 ms ±  0.00  (7 rows)

--- Q07 ---
  ematix-flow  2094.75 ms ±  0.00  (4 rows)

--- Q18 ---
  ematix-flow  6070.48 ms ±  0.00  (624 rows)

--- Q04 ---
  ematix-flow  2483.09 ms ±  0.00  (5 rows)

--- Q20 ---
  ematix-flow  3064.35 ms ±  0.00  (1804 rows)

--- Q17 ---
  ematix-flow  4282.04 ms ±  0.00  (1 rows)

--- Q15 ---
  ematix-flow  1084.58 ms ±  0.00  (1 rows)

--- Q06 ---
  ematix-flow  2265.55 ms ±  0.00  (1 rows)

--- Q12 ---
  ematix-flow  1570.46 ms ±  0.00  (2 rows)

--- Q08 ---
  ematix-flow  5840.18 ms ±  0.00  (2 rows)

--- Q10 ---
  ematix-flow  13070.54 ms ±  0.00  (381105 rows)

--- Q11 ---
  ematix-flow   515.27 ms ±  0.00  (8685 rows)

--- Q05 ---
  ematix-flow  4550.49 ms ±  0.00  (5 rows)

--- Q01 ---
  ematix-flow  6282.74 ms ±  0.00  (4 rows)

--- Q02 ---
  ematix-flow   796.17 ms ±  0.00  (4667 rows)

--- Q09 ---
  ematix-flow  4923.41 ms ±  0.00  (175 rows)

--- Q16 ---
  ematix-flow   838.26 ms ±  0.00  (27840 rows)

--- Q03 ---
  ematix-flow  1449.57 ms ±  0.00  (114003 rows)

--- Q19 ---
  ematix-flow   337.01 ms ±  0.00  (1 rows)

wrote bench-results/tput-rebaseline-2026-07-03/sf10-s10-legacy/ematix/s10/batch-3/stream-6.md
