=== TPC-H 22 triangulation bench ===
    data:    /Users/ryanevans/RustroverProjects/ematix-flow/examples/tpch/data/sf10
    queries: 22 ([20, 12, 16, 3, 6, 17, 19, 1, 13, 8, 21, 18, 22, 11, 15, 5, 2, 14, 9, 10, 4, 7])
    trials:  1 (after 0 warmups)
    output:  /Users/ryanevans/RustroverProjects/ematix-flow/bench-results/campaign-2026-07-01/tput-sf10/ematix/s100/batch-3/stream-78.md

    NOTE: single-invocation output is SMOKE-GRADE only. For win/loss
    claims use scripts/bench/strict_22q.sh / strict_ab.sh /
    strict_throughput.sh (see scripts/bench/README.md).

--- Q20 ---
  ematix-flow  1604.09 ms ±  0.00  (1804 rows)

--- Q12 ---
  ematix-flow   579.95 ms ±  0.00  (2 rows)

--- Q16 ---
  ematix-flow  1730.46 ms ±  0.00  (27840 rows)

--- Q03 ---
  ematix-flow  3403.99 ms ±  0.00  (114003 rows)

--- Q06 ---
  ematix-flow  1350.92 ms ±  0.00  (1 rows)

--- Q17 ---
  ematix-flow  1639.89 ms ±  0.00  (1 rows)

--- Q19 ---
  ematix-flow   487.82 ms ±  0.00  (1 rows)

--- Q01 ---
  ematix-flow  2587.06 ms ±  0.00  (4 rows)

--- Q13 ---
  ematix-flow  2979.91 ms ±  0.00  (46 rows)

--- Q08 ---
  ematix-flow  5058.67 ms ±  0.00  (2 rows)

--- Q21 ---
  ematix-flow  9898.51 ms ±  0.00  (4009 rows)

--- Q18 ---
  ematix-flow  7201.25 ms ±  0.00  (624 rows)

--- Q22 ---
  ematix-flow  1481.39 ms ±  0.00  (7 rows)

--- Q11 ---
  ematix-flow  1408.94 ms ±  0.00  (8685 rows)

--- Q15 ---
  ematix-flow  1112.65 ms ±  0.00  (1 rows)

--- Q05 ---
  ematix-flow  5751.17 ms ±  0.00  (5 rows)

--- Q02 ---
  ematix-flow   256.94 ms ±  0.00  (4667 rows)

--- Q14 ---
  ematix-flow   379.89 ms ±  0.00  (1 rows)

--- Q09 ---
  ematix-flow  10960.91 ms ±  0.00  (175 rows)

--- Q10 ---
  ematix-flow  5892.41 ms ±  0.00  (381105 rows)

--- Q04 ---
  ematix-flow  1747.96 ms ±  0.00  (5 rows)

--- Q07 ---
  ematix-flow  1224.58 ms ±  0.00  (4 rows)

wrote /Users/ryanevans/RustroverProjects/ematix-flow/bench-results/campaign-2026-07-01/tput-sf10/ematix/s100/batch-3/stream-78.md
