=== TPC-H 22 triangulation bench ===
    data:    /Users/ryanevans/RustroverProjects/ematix-flow/examples/tpch/data/sf10
    queries: 22 ([18, 21, 3, 15, 13, 11, 8, 22, 16, 5, 19, 7, 4, 1, 2, 9, 6, 20, 12, 10, 14, 17])
    trials:  1 (after 0 warmups)
    output:  /Users/ryanevans/RustroverProjects/ematix-flow/bench-results/campaign-2026-07-01/tput-sf10/ematix/s100/batch-3/stream-17.md

    NOTE: single-invocation output is SMOKE-GRADE only. For win/loss
    claims use scripts/bench/strict_22q.sh / strict_ab.sh /
    strict_throughput.sh (see scripts/bench/README.md).

--- Q18 ---
  ematix-flow  5234.86 ms ±  0.00  (624 rows)

--- Q21 ---
  ematix-flow  9532.95 ms ±  0.00  (4009 rows)

--- Q03 ---
  ematix-flow  2130.85 ms ±  0.00  (114003 rows)

--- Q15 ---
  ematix-flow   449.35 ms ±  0.00  (1 rows)

--- Q13 ---
  ematix-flow  5612.52 ms ±  0.00  (46 rows)

--- Q11 ---
  ematix-flow   815.83 ms ±  0.00  (8685 rows)

--- Q08 ---
  ematix-flow  2795.50 ms ±  0.00  (2 rows)

--- Q22 ---
  ematix-flow   433.09 ms ±  0.00  (7 rows)

--- Q16 ---
  ematix-flow  1495.37 ms ±  0.00  (27840 rows)

--- Q05 ---
  ematix-flow  4780.02 ms ±  0.00  (5 rows)

--- Q19 ---
  ematix-flow   659.91 ms ±  0.00  (1 rows)

--- Q07 ---
  ematix-flow  3879.39 ms ±  0.00  (4 rows)

--- Q04 ---
  ematix-flow  2413.86 ms ±  0.00  (5 rows)

--- Q01 ---
  ematix-flow  4873.40 ms ±  0.00  (4 rows)

--- Q02 ---
  ematix-flow   833.41 ms ±  0.00  (4667 rows)

--- Q09 ---
  ematix-flow  4864.29 ms ±  0.00  (175 rows)

--- Q06 ---
  ematix-flow  1094.99 ms ±  0.00  (1 rows)

--- Q20 ---
  ematix-flow  2157.41 ms ±  0.00  (1804 rows)

--- Q12 ---
  ematix-flow  2216.47 ms ±  0.00  (2 rows)

--- Q10 ---
  ematix-flow  9903.23 ms ±  0.00  (381105 rows)

--- Q14 ---
  ematix-flow   636.41 ms ±  0.00  (1 rows)

--- Q17 ---
  ematix-flow  2552.18 ms ±  0.00  (1 rows)

wrote /Users/ryanevans/RustroverProjects/ematix-flow/bench-results/campaign-2026-07-01/tput-sf10/ematix/s100/batch-3/stream-17.md
