=== TPC-H 22 triangulation bench ===
    data:    /Users/ryanevans/RustroverProjects/ematix-flow/examples/tpch/data/sf10
    queries: 22 ([16, 12, 15, 21, 10, 9, 5, 22, 2, 4, 3, 8, 20, 19, 14, 18, 17, 1, 6, 11, 7, 13])
    trials:  1 (after 0 warmups)
    output:  /Users/ryanevans/RustroverProjects/ematix-flow/bench-results/campaign-2026-07-01/tput-sf10/ematix/s100/batch-3/stream-88.md

    NOTE: single-invocation output is SMOKE-GRADE only. For win/loss
    claims use scripts/bench/strict_22q.sh / strict_ab.sh /
    strict_throughput.sh (see scripts/bench/README.md).

--- Q16 ---
  ematix-flow   522.12 ms ±  0.00  (27840 rows)

--- Q12 ---
  ematix-flow   910.14 ms ±  0.00  (2 rows)

--- Q15 ---
  ematix-flow   952.41 ms ±  0.00  (1 rows)

--- Q21 ---
  ematix-flow  11724.47 ms ±  0.00  (4009 rows)

--- Q10 ---
  ematix-flow  5641.33 ms ±  0.00  (381105 rows)

--- Q09 ---
  ematix-flow  13212.11 ms ±  0.00  (175 rows)

--- Q05 ---
  ematix-flow  3897.81 ms ±  0.00  (5 rows)

--- Q22 ---
  ematix-flow  1239.76 ms ±  0.00  (7 rows)

--- Q02 ---
  ematix-flow   486.15 ms ±  0.00  (4667 rows)

--- Q04 ---
  ematix-flow  1837.12 ms ±  0.00  (5 rows)

--- Q03 ---
  ematix-flow  3777.12 ms ±  0.00  (114003 rows)

--- Q08 ---
  ematix-flow  3561.79 ms ±  0.00  (2 rows)

--- Q20 ---
  ematix-flow  2465.89 ms ±  0.00  (1804 rows)

--- Q19 ---
  ematix-flow   983.47 ms ±  0.00  (1 rows)

--- Q14 ---
  ematix-flow   547.23 ms ±  0.00  (1 rows)

--- Q18 ---
  ematix-flow  7093.93 ms ±  0.00  (624 rows)

--- Q17 ---
  ematix-flow  3170.86 ms ±  0.00  (1 rows)

--- Q01 ---
  ematix-flow  4235.98 ms ±  0.00  (4 rows)

--- Q06 ---
  ematix-flow  2045.05 ms ±  0.00  (1 rows)

--- Q11 ---
  ematix-flow   683.72 ms ±  0.00  (8685 rows)

--- Q07 ---
  ematix-flow  2750.53 ms ±  0.00  (4 rows)

--- Q13 ---
  ematix-flow  3159.59 ms ±  0.00  (46 rows)

wrote /Users/ryanevans/RustroverProjects/ematix-flow/bench-results/campaign-2026-07-01/tput-sf10/ematix/s100/batch-3/stream-88.md
