=== TPC-H 22 triangulation bench ===
    data:    /Users/ryanevans/RustroverProjects/ematix-flow/examples/tpch/data/sf10
    queries: 22 ([18, 14, 8, 9, 10, 15, 20, 5, 16, 6, 17, 19, 3, 1, 22, 2, 21, 4, 7, 13, 11, 12])
    trials:  1 (after 0 warmups)
    output:  /Users/ryanevans/RustroverProjects/ematix-flow/bench-results/campaign-2026-07-01/tput-sf10/ematix/s100/batch-3/stream-96.md

    NOTE: single-invocation output is SMOKE-GRADE only. For win/loss
    claims use scripts/bench/strict_22q.sh / strict_ab.sh /
    strict_throughput.sh (see scripts/bench/README.md).

--- Q18 ---
  ematix-flow  6397.95 ms ±  0.00  (624 rows)

--- Q14 ---
  ematix-flow   471.56 ms ±  0.00  (1 rows)

--- Q08 ---
  ematix-flow  2307.12 ms ±  0.00  (2 rows)

--- Q09 ---
  ematix-flow  3168.25 ms ±  0.00  (175 rows)

--- Q10 ---
  ematix-flow  6786.64 ms ±  0.00  (381105 rows)

--- Q15 ---
  ematix-flow   630.38 ms ±  0.00  (1 rows)

--- Q20 ---
  ematix-flow  2287.74 ms ±  0.00  (1804 rows)

--- Q05 ---
  ematix-flow  9487.29 ms ±  0.00  (5 rows)

--- Q16 ---
  ematix-flow  2427.29 ms ±  0.00  (27840 rows)

--- Q06 ---
  ematix-flow  1314.01 ms ±  0.00  (1 rows)

--- Q17 ---
  ematix-flow  1521.03 ms ±  0.00  (1 rows)

--- Q19 ---
  ematix-flow   555.10 ms ±  0.00  (1 rows)

--- Q03 ---
  ematix-flow  3993.20 ms ±  0.00  (114003 rows)

--- Q01 ---
  ematix-flow  2720.23 ms ±  0.00  (4 rows)

--- Q22 ---
  ematix-flow   501.78 ms ±  0.00  (7 rows)

--- Q02 ---
  ematix-flow   475.62 ms ±  0.00  (4667 rows)

--- Q21 ---
  ematix-flow  3998.47 ms ±  0.00  (4009 rows)

--- Q04 ---
  ematix-flow   625.09 ms ±  0.00  (5 rows)

--- Q07 ---
  ematix-flow   878.36 ms ±  0.00  (4 rows)

--- Q13 ---
  ematix-flow   744.35 ms ±  0.00  (46 rows)

--- Q11 ---
  ematix-flow   144.90 ms ±  0.00  (8685 rows)

--- Q12 ---
  ematix-flow   380.22 ms ±  0.00  (2 rows)

wrote /Users/ryanevans/RustroverProjects/ematix-flow/bench-results/campaign-2026-07-01/tput-sf10/ematix/s100/batch-3/stream-96.md
