=== TPC-H 22 triangulation bench ===
    data:    /Users/ryanevans/RustroverProjects/ematix-flow/examples/tpch/data/sf10
    queries: 22 ([16, 21, 14, 18, 10, 12, 19, 20, 8, 17, 3, 13, 2, 15, 7, 1, 6, 11, 4, 9, 5, 22])
    trials:  1 (after 0 warmups)
    output:  /Users/ryanevans/RustroverProjects/ematix-flow/bench-results/campaign-2026-07-01/tput-sf10/ematix/s100/batch-3/stream-20.md

    NOTE: single-invocation output is SMOKE-GRADE only. For win/loss
    claims use scripts/bench/strict_22q.sh / strict_ab.sh /
    strict_throughput.sh (see scripts/bench/README.md).

--- Q16 ---
  ematix-flow   961.67 ms ±  0.00  (27840 rows)

--- Q21 ---
  ematix-flow  12320.96 ms ±  0.00  (4009 rows)

--- Q14 ---
  ematix-flow   362.01 ms ±  0.00  (1 rows)

--- Q18 ---
  ematix-flow  7825.54 ms ±  0.00  (624 rows)

--- Q10 ---
  ematix-flow  2575.35 ms ±  0.00  (381105 rows)

--- Q12 ---
  ematix-flow  1407.99 ms ±  0.00  (2 rows)

--- Q19 ---
  ematix-flow   872.73 ms ±  0.00  (1 rows)

--- Q20 ---
  ematix-flow  2454.58 ms ±  0.00  (1804 rows)

--- Q08 ---
  ematix-flow  5277.25 ms ±  0.00  (2 rows)

--- Q17 ---
  ematix-flow  3369.08 ms ±  0.00  (1 rows)

--- Q03 ---
  ematix-flow  3336.10 ms ±  0.00  (114003 rows)

--- Q13 ---
  ematix-flow  3006.06 ms ±  0.00  (46 rows)

--- Q02 ---
  ematix-flow  1770.23 ms ±  0.00  (4667 rows)

--- Q15 ---
  ematix-flow   831.52 ms ±  0.00  (1 rows)

--- Q07 ---
  ematix-flow  5298.24 ms ±  0.00  (4 rows)

--- Q01 ---
  ematix-flow  6678.54 ms ±  0.00  (4 rows)

--- Q06 ---
  ematix-flow   941.58 ms ±  0.00  (1 rows)

--- Q11 ---
  ematix-flow   830.45 ms ±  0.00  (8685 rows)

--- Q04 ---
  ematix-flow   909.48 ms ±  0.00  (5 rows)

--- Q09 ---
  ematix-flow  3170.23 ms ±  0.00  (175 rows)

--- Q05 ---
  ematix-flow  2051.71 ms ±  0.00  (5 rows)

--- Q22 ---
  ematix-flow   801.95 ms ±  0.00  (7 rows)

wrote /Users/ryanevans/RustroverProjects/ematix-flow/bench-results/campaign-2026-07-01/tput-sf10/ematix/s100/batch-3/stream-20.md
