=== TPC-H 22 triangulation bench ===
    data:    /Users/ryanevans/RustroverProjects/ematix-flow/examples/tpch/data/sf10
    queries: 22 ([6, 13, 22, 14, 3, 1, 16, 21, 7, 15, 5, 19, 11, 2, 12, 10, 18, 9, 8, 17, 20, 4])
    trials:  1 (after 0 warmups)
    output:  /Users/ryanevans/RustroverProjects/ematix-flow/bench-results/campaign-2026-07-01/tput-sf10/ematix/s100/batch-3/stream-14.md

    NOTE: single-invocation output is SMOKE-GRADE only. For win/loss
    claims use scripts/bench/strict_22q.sh / strict_ab.sh /
    strict_throughput.sh (see scripts/bench/README.md).

--- Q06 ---
  ematix-flow   107.78 ms ±  0.00  (1 rows)

--- Q13 ---
  ematix-flow  2087.48 ms ±  0.00  (46 rows)

--- Q22 ---
  ematix-flow   830.15 ms ±  0.00  (7 rows)

--- Q14 ---
  ematix-flow   432.15 ms ±  0.00  (1 rows)

--- Q03 ---
  ematix-flow  3252.92 ms ±  0.00  (114003 rows)

--- Q01 ---
  ematix-flow  3983.93 ms ±  0.00  (4 rows)

--- Q16 ---
  ematix-flow  1714.84 ms ±  0.00  (27840 rows)

--- Q21 ---
  ematix-flow  12329.62 ms ±  0.00  (4009 rows)

--- Q07 ---
  ematix-flow  2934.73 ms ±  0.00  (4 rows)

--- Q15 ---
  ematix-flow   480.37 ms ±  0.00  (1 rows)

--- Q05 ---
  ematix-flow  5268.99 ms ±  0.00  (5 rows)

--- Q19 ---
  ematix-flow   903.65 ms ±  0.00  (1 rows)

--- Q11 ---
  ematix-flow   869.92 ms ±  0.00  (8685 rows)

--- Q02 ---
  ematix-flow   969.85 ms ±  0.00  (4667 rows)

--- Q12 ---
  ematix-flow  1255.21 ms ±  0.00  (2 rows)

--- Q10 ---
  ematix-flow  8598.44 ms ±  0.00  (381105 rows)

--- Q18 ---
  ematix-flow  5774.14 ms ±  0.00  (624 rows)

--- Q09 ---
  ematix-flow  18853.60 ms ±  0.00  (175 rows)

--- Q08 ---
  ematix-flow  1772.01 ms ±  0.00  (2 rows)

--- Q17 ---
  ematix-flow   874.34 ms ±  0.00  (1 rows)

--- Q20 ---
  ematix-flow  2367.52 ms ±  0.00  (1804 rows)

--- Q04 ---
  ematix-flow  1140.22 ms ±  0.00  (5 rows)

wrote /Users/ryanevans/RustroverProjects/ematix-flow/bench-results/campaign-2026-07-01/tput-sf10/ematix/s100/batch-3/stream-14.md
