=== TPC-H 22 triangulation bench ===
    data:    /Users/ryanevans/RustroverProjects/ematix-flow/examples/tpch/data/sf10
    queries: 22 ([13, 5, 9, 8, 1, 14, 2, 7, 4, 21, 22, 16, 11, 15, 17, 10, 19, 18, 12, 6, 20, 3])
    trials:  1 (after 0 warmups)
    output:  /Users/ryanevans/RustroverProjects/ematix-flow/bench-results/campaign-2026-07-01/tput-sf10/ematix/s100/batch-3/stream-72.md

    NOTE: single-invocation output is SMOKE-GRADE only. For win/loss
    claims use scripts/bench/strict_22q.sh / strict_ab.sh /
    strict_throughput.sh (see scripts/bench/README.md).

--- Q13 ---
  ematix-flow  3856.04 ms ±  0.00  (46 rows)

--- Q05 ---
  ematix-flow  4542.89 ms ±  0.00  (5 rows)

--- Q09 ---
  ematix-flow  8016.25 ms ±  0.00  (175 rows)

--- Q08 ---
  ematix-flow  2897.33 ms ±  0.00  (2 rows)

--- Q01 ---
  ematix-flow  1567.13 ms ±  0.00  (4 rows)

--- Q14 ---
  ematix-flow   526.20 ms ±  0.00  (1 rows)

--- Q02 ---
  ematix-flow  1065.14 ms ±  0.00  (4667 rows)

--- Q07 ---
  ematix-flow  2820.47 ms ±  0.00  (4 rows)

--- Q04 ---
  ematix-flow  1404.13 ms ±  0.00  (5 rows)

--- Q21 ---
  ematix-flow  2477.17 ms ±  0.00  (4009 rows)

--- Q22 ---
  ematix-flow   703.88 ms ±  0.00  (7 rows)

--- Q16 ---
  ematix-flow  2135.28 ms ±  0.00  (27840 rows)

--- Q11 ---
  ematix-flow   424.33 ms ±  0.00  (8685 rows)

--- Q15 ---
  ematix-flow   785.99 ms ±  0.00  (1 rows)

--- Q17 ---
  ematix-flow  2702.74 ms ±  0.00  (1 rows)

--- Q10 ---
  ematix-flow  3489.05 ms ±  0.00  (381105 rows)

--- Q19 ---
  ematix-flow   759.35 ms ±  0.00  (1 rows)

--- Q18 ---
  ematix-flow  10499.95 ms ±  0.00  (624 rows)

--- Q12 ---
  ematix-flow  1178.48 ms ±  0.00  (2 rows)

--- Q06 ---
  ematix-flow  1206.07 ms ±  0.00  (1 rows)

--- Q20 ---
  ematix-flow  2500.84 ms ±  0.00  (1804 rows)

--- Q03 ---
  ematix-flow  2610.19 ms ±  0.00  (114003 rows)

wrote /Users/ryanevans/RustroverProjects/ematix-flow/bench-results/campaign-2026-07-01/tput-sf10/ematix/s100/batch-3/stream-72.md
