=== TPC-H 22 triangulation bench ===
    data:    /Users/ryanevans/RustroverProjects/ematix-flow/examples/tpch/data/sf10
    queries: 22 ([11, 9, 3, 20, 12, 13, 7, 21, 4, 5, 19, 15, 22, 6, 2, 8, 14, 10, 17, 16, 1, 18])
    trials:  1 (after 0 warmups)
    output:  /Users/ryanevans/RustroverProjects/ematix-flow/bench-results/campaign-2026-07-01/tput-sf10/ematix/s100/batch-3/stream-56.md

    NOTE: single-invocation output is SMOKE-GRADE only. For win/loss
    claims use scripts/bench/strict_22q.sh / strict_ab.sh /
    strict_throughput.sh (see scripts/bench/README.md).

--- Q11 ---
  ematix-flow   206.75 ms ±  0.00  (8685 rows)

--- Q09 ---
  ematix-flow  8488.58 ms ±  0.00  (175 rows)

--- Q03 ---
  ematix-flow  2837.36 ms ±  0.00  (114003 rows)

--- Q20 ---
  ematix-flow  2435.63 ms ±  0.00  (1804 rows)

--- Q12 ---
  ematix-flow   958.58 ms ±  0.00  (2 rows)

--- Q13 ---
  ematix-flow  5106.71 ms ±  0.00  (46 rows)

--- Q07 ---
  ematix-flow  3941.58 ms ±  0.00  (4 rows)

--- Q21 ---
  ematix-flow  7791.14 ms ±  0.00  (4009 rows)

--- Q04 ---
  ematix-flow  2091.62 ms ±  0.00  (5 rows)

--- Q05 ---
  ematix-flow  5895.81 ms ±  0.00  (5 rows)

--- Q19 ---
  ematix-flow   810.25 ms ±  0.00  (1 rows)

--- Q15 ---
  ematix-flow   659.75 ms ±  0.00  (1 rows)

--- Q22 ---
  ematix-flow   526.26 ms ±  0.00  (7 rows)

--- Q06 ---
  ematix-flow  1278.23 ms ±  0.00  (1 rows)

--- Q02 ---
  ematix-flow   560.83 ms ±  0.00  (4667 rows)

--- Q08 ---
  ematix-flow  3222.32 ms ±  0.00  (2 rows)

--- Q14 ---
  ematix-flow   378.96 ms ±  0.00  (1 rows)

--- Q10 ---
  ematix-flow  3743.46 ms ±  0.00  (381105 rows)

--- Q17 ---
  ematix-flow  3902.83 ms ±  0.00  (1 rows)

--- Q16 ---
  ematix-flow  1591.73 ms ±  0.00  (27840 rows)

--- Q01 ---
  ematix-flow  5930.96 ms ±  0.00  (4 rows)

--- Q18 ---
  ematix-flow  5203.50 ms ±  0.00  (624 rows)

wrote /Users/ryanevans/RustroverProjects/ematix-flow/bench-results/campaign-2026-07-01/tput-sf10/ematix/s100/batch-3/stream-56.md
