=== TPC-H 22 triangulation bench ===
    data:    /Users/ryanevans/RustroverProjects/ematix-flow/examples/tpch/data/sf10
    queries: 22 ([19, 21, 1, 20, 18, 5, 17, 10, 16, 8, 7, 9, 13, 14, 15, 11, 12, 3, 6, 4, 2, 22])
    trials:  1 (after 0 warmups)
    output:  /Users/ryanevans/RustroverProjects/ematix-flow/bench-results/campaign-2026-07-01/tput-sf10/ematix/s100/batch-3/stream-69.md

    NOTE: single-invocation output is SMOKE-GRADE only. For win/loss
    claims use scripts/bench/strict_22q.sh / strict_ab.sh /
    strict_throughput.sh (see scripts/bench/README.md).

--- Q19 ---
  ematix-flow   691.25 ms ±  0.00  (1 rows)

--- Q21 ---
  ematix-flow  9638.46 ms ±  0.00  (4009 rows)

--- Q01 ---
  ematix-flow  4896.56 ms ±  0.00  (4 rows)

--- Q20 ---
  ematix-flow  3351.05 ms ±  0.00  (1804 rows)

--- Q18 ---
  ematix-flow  7463.43 ms ±  0.00  (624 rows)

--- Q05 ---
  ematix-flow  6197.20 ms ±  0.00  (5 rows)

--- Q17 ---
  ematix-flow  3657.46 ms ±  0.00  (1 rows)

--- Q10 ---
  ematix-flow  5863.57 ms ±  0.00  (381105 rows)

--- Q16 ---
  ematix-flow   976.39 ms ±  0.00  (27840 rows)

--- Q08 ---
  ematix-flow  3276.28 ms ±  0.00  (2 rows)

--- Q07 ---
  ematix-flow  2082.11 ms ±  0.00  (4 rows)

--- Q09 ---
  ematix-flow  8860.66 ms ±  0.00  (175 rows)

--- Q13 ---
  ematix-flow  4328.44 ms ±  0.00  (46 rows)

--- Q14 ---
  ematix-flow   631.12 ms ±  0.00  (1 rows)

--- Q15 ---
  ematix-flow   861.07 ms ±  0.00  (1 rows)

--- Q11 ---
  ematix-flow   353.62 ms ±  0.00  (8685 rows)

--- Q12 ---
  ematix-flow   660.09 ms ±  0.00  (2 rows)

--- Q03 ---
  ematix-flow  1947.34 ms ±  0.00  (114003 rows)

--- Q06 ---
  ematix-flow  1839.01 ms ±  0.00  (1 rows)

--- Q04 ---
  ematix-flow  1747.88 ms ±  0.00  (5 rows)

--- Q02 ---
  ematix-flow   960.46 ms ±  0.00  (4667 rows)

--- Q22 ---
  ematix-flow   469.72 ms ±  0.00  (7 rows)

wrote /Users/ryanevans/RustroverProjects/ematix-flow/bench-results/campaign-2026-07-01/tput-sf10/ematix/s100/batch-3/stream-69.md
