=== TPC-H 22 triangulation bench ===
    data:    /Users/ryanevans/RustroverProjects/ematix-flow/examples/tpch/data/sf10
    queries: 22 ([3, 4, 18, 14, 1, 11, 9, 12, 16, 10, 8, 13, 5, 6, 17, 15, 22, 2, 20, 21, 7, 19])
    trials:  1 (after 0 warmups)
    output:  /Users/ryanevans/RustroverProjects/ematix-flow/bench-results/campaign-2026-07-01/tput-sf10/ematix/s100/batch-3/stream-58.md

    NOTE: single-invocation output is SMOKE-GRADE only. For win/loss
    claims use scripts/bench/strict_22q.sh / strict_ab.sh /
    strict_throughput.sh (see scripts/bench/README.md).

--- Q03 ---
  ematix-flow  2126.89 ms ±  0.00  (114003 rows)

--- Q04 ---
  ematix-flow  1808.43 ms ±  0.00  (5 rows)

--- Q18 ---
  ematix-flow  4613.05 ms ±  0.00  (624 rows)

--- Q14 ---
  ematix-flow   839.53 ms ±  0.00  (1 rows)

--- Q01 ---
  ematix-flow  4431.79 ms ±  0.00  (4 rows)

--- Q11 ---
  ematix-flow   350.04 ms ±  0.00  (8685 rows)

--- Q09 ---
  ematix-flow  7567.67 ms ±  0.00  (175 rows)

--- Q12 ---
  ematix-flow   585.99 ms ±  0.00  (2 rows)

--- Q16 ---
  ematix-flow  1404.67 ms ±  0.00  (27840 rows)

--- Q10 ---
  ematix-flow  5608.75 ms ±  0.00  (381105 rows)

--- Q08 ---
  ematix-flow  2153.79 ms ±  0.00  (2 rows)

--- Q13 ---
  ematix-flow  2829.07 ms ±  0.00  (46 rows)

--- Q05 ---
  ematix-flow  6759.07 ms ±  0.00  (5 rows)

--- Q06 ---
  ematix-flow  1048.86 ms ±  0.00  (1 rows)

--- Q17 ---
  ematix-flow  1587.12 ms ±  0.00  (1 rows)

--- Q15 ---
  ematix-flow   452.73 ms ±  0.00  (1 rows)

--- Q22 ---
  ematix-flow  1079.33 ms ±  0.00  (7 rows)

--- Q02 ---
  ematix-flow   628.28 ms ±  0.00  (4667 rows)

--- Q20 ---
  ematix-flow   981.54 ms ±  0.00  (1804 rows)

--- Q21 ---
  ematix-flow  13834.24 ms ±  0.00  (4009 rows)

--- Q07 ---
  ematix-flow  2681.04 ms ±  0.00  (4 rows)

--- Q19 ---
  ematix-flow   714.99 ms ±  0.00  (1 rows)

wrote /Users/ryanevans/RustroverProjects/ematix-flow/bench-results/campaign-2026-07-01/tput-sf10/ematix/s100/batch-3/stream-58.md
