=== TPC-H 22 triangulation bench ===
    data:    /Users/ryanevans/RustroverProjects/ematix-flow/examples/tpch/data/sf10
    queries: 22 ([13, 18, 3, 7, 11, 4, 21, 16, 14, 22, 2, 10, 8, 19, 17, 1, 6, 5, 9, 12, 20, 15])
    trials:  1 (after 0 warmups)
    output:  /Users/ryanevans/RustroverProjects/ematix-flow/bench-results/campaign-2026-07-01/tput-sf10/ematix/s100/batch-3/stream-9.md

    NOTE: single-invocation output is SMOKE-GRADE only. For win/loss
    claims use scripts/bench/strict_22q.sh / strict_ab.sh /
    strict_throughput.sh (see scripts/bench/README.md).

--- Q13 ---
  ematix-flow  2912.28 ms ±  0.00  (46 rows)

--- Q18 ---
  ematix-flow  6207.44 ms ±  0.00  (624 rows)

--- Q03 ---
  ematix-flow  2776.89 ms ±  0.00  (114003 rows)

--- Q07 ---
  ematix-flow  3657.20 ms ±  0.00  (4 rows)

--- Q11 ---
  ematix-flow   789.98 ms ±  0.00  (8685 rows)

--- Q04 ---
  ematix-flow  1262.04 ms ±  0.00  (5 rows)

--- Q21 ---
  ematix-flow  7960.20 ms ±  0.00  (4009 rows)

--- Q16 ---
  ematix-flow  2208.90 ms ±  0.00  (27840 rows)

--- Q14 ---
  ematix-flow  1428.72 ms ±  0.00  (1 rows)

--- Q22 ---
  ematix-flow  2818.13 ms ±  0.00  (7 rows)

--- Q02 ---
  ematix-flow  1810.77 ms ±  0.00  (4667 rows)

--- Q10 ---
  ematix-flow  8095.14 ms ±  0.00  (381105 rows)

--- Q08 ---
  ematix-flow  6331.45 ms ±  0.00  (2 rows)

--- Q19 ---
  ematix-flow   942.71 ms ±  0.00  (1 rows)

--- Q17 ---
  ematix-flow  3286.28 ms ±  0.00  (1 rows)

--- Q01 ---
  ematix-flow  3168.70 ms ±  0.00  (4 rows)

--- Q06 ---
  ematix-flow  1088.30 ms ±  0.00  (1 rows)

--- Q05 ---
  ematix-flow  3935.55 ms ±  0.00  (5 rows)

--- Q09 ---
  ematix-flow  6056.87 ms ±  0.00  (175 rows)

--- Q12 ---
  ematix-flow  1315.10 ms ±  0.00  (2 rows)

--- Q20 ---
  ematix-flow  2600.24 ms ±  0.00  (1804 rows)

--- Q15 ---
  ematix-flow   521.59 ms ±  0.00  (1 rows)

wrote /Users/ryanevans/RustroverProjects/ematix-flow/bench-results/campaign-2026-07-01/tput-sf10/ematix/s100/batch-3/stream-9.md
