=== TPC-H 22 triangulation bench ===
    data:    /Users/ryanevans/RustroverProjects/ematix-flow/examples/tpch/data/sf10
    queries: 22 ([10, 8, 6, 15, 17, 9, 14, 22, 2, 3, 21, 11, 19, 12, 5, 7, 1, 18, 13, 20, 4, 16])
    trials:  1 (after 0 warmups)
    output:  /Users/ryanevans/RustroverProjects/ematix-flow/bench-results/campaign-2026-07-01/tput-sf10/ematix/s100/batch-3/stream-64.md

    NOTE: single-invocation output is SMOKE-GRADE only. For win/loss
    claims use scripts/bench/strict_22q.sh / strict_ab.sh /
    strict_throughput.sh (see scripts/bench/README.md).

--- Q10 ---
  ematix-flow  2330.77 ms ±  0.00  (381105 rows)

--- Q08 ---
  ematix-flow  2051.97 ms ±  0.00  (2 rows)

--- Q06 ---
  ematix-flow  1489.06 ms ±  0.00  (1 rows)

--- Q15 ---
  ematix-flow   523.75 ms ±  0.00  (1 rows)

--- Q17 ---
  ematix-flow  1005.70 ms ±  0.00  (1 rows)

--- Q09 ---
  ematix-flow  6569.25 ms ±  0.00  (175 rows)

--- Q14 ---
  ematix-flow   743.48 ms ±  0.00  (1 rows)

--- Q22 ---
  ematix-flow  1697.91 ms ±  0.00  (7 rows)

--- Q02 ---
  ematix-flow   751.52 ms ±  0.00  (4667 rows)

--- Q03 ---
  ematix-flow  6253.55 ms ±  0.00  (114003 rows)

--- Q21 ---
  ematix-flow  10170.65 ms ±  0.00  (4009 rows)

--- Q11 ---
  ematix-flow  1716.51 ms ±  0.00  (8685 rows)

--- Q19 ---
  ematix-flow   759.19 ms ±  0.00  (1 rows)

--- Q12 ---
  ematix-flow   969.62 ms ±  0.00  (2 rows)

--- Q05 ---
  ematix-flow  9172.28 ms ±  0.00  (5 rows)

--- Q07 ---
  ematix-flow  3359.67 ms ±  0.00  (4 rows)

--- Q01 ---
  ematix-flow  3148.40 ms ±  0.00  (4 rows)

--- Q18 ---
  ematix-flow  6147.08 ms ±  0.00  (624 rows)

--- Q13 ---
  ematix-flow  4587.76 ms ±  0.00  (46 rows)

--- Q20 ---
  ematix-flow  3706.13 ms ±  0.00  (1804 rows)

--- Q04 ---
  ematix-flow  1890.56 ms ±  0.00  (5 rows)

--- Q16 ---
  ematix-flow  1712.50 ms ±  0.00  (27840 rows)

wrote /Users/ryanevans/RustroverProjects/ematix-flow/bench-results/campaign-2026-07-01/tput-sf10/ematix/s100/batch-3/stream-64.md
