=== TPC-H 22 triangulation bench ===
    data:    /Users/ryanevans/RustroverProjects/ematix-flow/examples/tpch/data/sf10
    queries: 22 ([6, 18, 21, 16, 8, 15, 22, 20, 7, 19, 14, 17, 9, 1, 10, 12, 4, 3, 2, 13, 5, 11])
    trials:  1 (after 0 warmups)
    output:  /Users/ryanevans/RustroverProjects/ematix-flow/bench-results/campaign-2026-07-01/tput-sf10/ematix/s100/batch-3/stream-7.md

    NOTE: single-invocation output is SMOKE-GRADE only. For win/loss
    claims use scripts/bench/strict_22q.sh / strict_ab.sh /
    strict_throughput.sh (see scripts/bench/README.md).

--- Q06 ---
  ematix-flow   127.54 ms ±  0.00  (1 rows)

--- Q18 ---
  ematix-flow  4967.34 ms ±  0.00  (624 rows)

--- Q21 ---
  ematix-flow  7386.81 ms ±  0.00  (4009 rows)

--- Q16 ---
  ematix-flow  2765.22 ms ±  0.00  (27840 rows)

--- Q08 ---
  ematix-flow  2083.80 ms ±  0.00  (2 rows)

--- Q15 ---
  ematix-flow   295.47 ms ±  0.00  (1 rows)

--- Q22 ---
  ematix-flow  2034.49 ms ±  0.00  (7 rows)

--- Q20 ---
  ematix-flow  2718.38 ms ±  0.00  (1804 rows)

--- Q07 ---
  ematix-flow  1909.04 ms ±  0.00  (4 rows)

--- Q19 ---
  ematix-flow  1214.90 ms ±  0.00  (1 rows)

--- Q14 ---
  ematix-flow   671.55 ms ±  0.00  (1 rows)

--- Q17 ---
  ematix-flow  3656.85 ms ±  0.00  (1 rows)

--- Q09 ---
  ematix-flow  15108.22 ms ±  0.00  (175 rows)

--- Q01 ---
  ematix-flow  4679.58 ms ±  0.00  (4 rows)

--- Q10 ---
  ematix-flow  8246.32 ms ±  0.00  (381105 rows)

--- Q12 ---
  ematix-flow  1182.00 ms ±  0.00  (2 rows)

--- Q04 ---
  ematix-flow  2079.37 ms ±  0.00  (5 rows)

--- Q03 ---
  ematix-flow  2870.82 ms ±  0.00  (114003 rows)

--- Q02 ---
  ematix-flow   675.56 ms ±  0.00  (4667 rows)

--- Q13 ---
  ematix-flow  2465.29 ms ±  0.00  (46 rows)

--- Q05 ---
  ematix-flow  4863.48 ms ±  0.00  (5 rows)

--- Q11 ---
  ematix-flow   141.16 ms ±  0.00  (8685 rows)

wrote /Users/ryanevans/RustroverProjects/ematix-flow/bench-results/campaign-2026-07-01/tput-sf10/ematix/s100/batch-3/stream-7.md
