=== TPC-H 22 triangulation bench ===
    data:    /Users/ryanevans/RustroverProjects/ematix-flow/examples/tpch/data/sf10
    queries: 22 ([2, 14, 17, 6, 11, 7, 20, 13, 15, 4, 9, 21, 22, 1, 10, 3, 16, 12, 5, 18, 19, 8])
    trials:  1 (after 0 warmups)
    output:  /Users/ryanevans/RustroverProjects/ematix-flow/bench-results/campaign-2026-07-01/tput-sf10/ematix/s100/batch-3/stream-3.md

    NOTE: single-invocation output is SMOKE-GRADE only. For win/loss
    claims use scripts/bench/strict_22q.sh / strict_ab.sh /
    strict_throughput.sh (see scripts/bench/README.md).

--- Q02 ---
  ematix-flow    96.09 ms ±  0.00  (4667 rows)

--- Q14 ---
  ematix-flow   154.17 ms ±  0.00  (1 rows)

--- Q17 ---
  ematix-flow   565.78 ms ±  0.00  (1 rows)

--- Q06 ---
  ematix-flow   160.74 ms ±  0.00  (1 rows)

--- Q11 ---
  ematix-flow   251.91 ms ±  0.00  (8685 rows)

--- Q07 ---
  ematix-flow   865.70 ms ±  0.00  (4 rows)

--- Q20 ---
  ematix-flow   947.64 ms ±  0.00  (1804 rows)

--- Q13 ---
  ematix-flow  2533.32 ms ±  0.00  (46 rows)

--- Q15 ---
  ematix-flow   360.01 ms ±  0.00  (1 rows)

--- Q04 ---
  ematix-flow  2149.08 ms ±  0.00  (5 rows)

--- Q09 ---
  ematix-flow  5378.06 ms ±  0.00  (175 rows)

--- Q21 ---
  ematix-flow  9067.59 ms ±  0.00  (4009 rows)

--- Q22 ---
  ematix-flow  2678.12 ms ±  0.00  (7 rows)

--- Q01 ---
  ematix-flow  4108.62 ms ±  0.00  (4 rows)

--- Q10 ---
  ematix-flow  11008.44 ms ±  0.00  (381105 rows)

--- Q03 ---
  ematix-flow  6070.83 ms ±  0.00  (114003 rows)

--- Q16 ---
  ematix-flow  2882.65 ms ±  0.00  (27840 rows)

--- Q12 ---
  ematix-flow   802.93 ms ±  0.00  (2 rows)

--- Q05 ---
  ematix-flow  9052.75 ms ±  0.00  (5 rows)

--- Q18 ---
  ematix-flow  8593.60 ms ±  0.00  (624 rows)

--- Q19 ---
  ematix-flow   498.69 ms ±  0.00  (1 rows)

--- Q08 ---
  ematix-flow  4237.84 ms ±  0.00  (2 rows)

wrote /Users/ryanevans/RustroverProjects/ematix-flow/bench-results/campaign-2026-07-01/tput-sf10/ematix/s100/batch-3/stream-3.md
