=== TPC-H 22 triangulation bench ===
    data:    /Users/ryanevans/RustroverProjects/ematix-flow/examples/tpch/data/sf10
    queries: 22 ([22, 1, 9, 6, 18, 19, 3, 17, 21, 11, 8, 20, 5, 4, 16, 14, 2, 10, 7, 13, 15, 12])
    trials:  1 (after 0 warmups)
    output:  /Users/ryanevans/RustroverProjects/ematix-flow/bench-results/campaign-2026-07-01/tput-sf10/ematix/s100/batch-3/stream-76.md

    NOTE: single-invocation output is SMOKE-GRADE only. For win/loss
    claims use scripts/bench/strict_22q.sh / strict_ab.sh /
    strict_throughput.sh (see scripts/bench/README.md).

--- Q22 ---
  ematix-flow   512.79 ms ±  0.00  (7 rows)

--- Q01 ---
  ematix-flow  3825.71 ms ±  0.00  (4 rows)

--- Q09 ---
  ematix-flow  3171.30 ms ±  0.00  (175 rows)

--- Q06 ---
  ematix-flow   493.56 ms ±  0.00  (1 rows)

--- Q18 ---
  ematix-flow  6541.11 ms ±  0.00  (624 rows)

--- Q19 ---
  ematix-flow   902.18 ms ±  0.00  (1 rows)

--- Q03 ---
  ematix-flow  3736.01 ms ±  0.00  (114003 rows)

--- Q17 ---
  ematix-flow  3468.05 ms ±  0.00  (1 rows)

--- Q21 ---
  ematix-flow  15047.63 ms ±  0.00  (4009 rows)

--- Q11 ---
  ematix-flow   174.94 ms ±  0.00  (8685 rows)

--- Q08 ---
  ematix-flow  3796.90 ms ±  0.00  (2 rows)

--- Q20 ---
  ematix-flow  2405.45 ms ±  0.00  (1804 rows)

--- Q05 ---
  ematix-flow  9865.55 ms ±  0.00  (5 rows)

--- Q04 ---
  ematix-flow   691.93 ms ±  0.00  (5 rows)

--- Q16 ---
  ematix-flow   893.61 ms ±  0.00  (27840 rows)

--- Q14 ---
  ematix-flow   580.67 ms ±  0.00  (1 rows)

--- Q02 ---
  ematix-flow   198.62 ms ±  0.00  (4667 rows)

--- Q10 ---
  ematix-flow  7624.83 ms ±  0.00  (381105 rows)

--- Q07 ---
  ematix-flow  4038.71 ms ±  0.00  (4 rows)

--- Q13 ---
  ematix-flow  4502.44 ms ±  0.00  (46 rows)

--- Q15 ---
  ematix-flow   435.96 ms ±  0.00  (1 rows)

--- Q12 ---
  ematix-flow  1011.24 ms ±  0.00  (2 rows)

wrote /Users/ryanevans/RustroverProjects/ematix-flow/bench-results/campaign-2026-07-01/tput-sf10/ematix/s100/batch-3/stream-76.md
