=== TPC-H 22 triangulation bench ===
    data:    /Users/ryanevans/RustroverProjects/ematix-flow/examples/tpch/data/sf10
    queries: 22 ([15, 8, 1, 14, 18, 19, 11, 21, 16, 12, 3, 10, 5, 9, 6, 13, 7, 20, 4, 17, 2, 22])
    trials:  1 (after 0 warmups)
    output:  /Users/ryanevans/RustroverProjects/ematix-flow/bench-results/campaign-2026-07-01/tput-sf10/ematix/s100/batch-3/stream-19.md

    NOTE: single-invocation output is SMOKE-GRADE only. For win/loss
    claims use scripts/bench/strict_22q.sh / strict_ab.sh /
    strict_throughput.sh (see scripts/bench/README.md).

--- Q15 ---
  ematix-flow   522.51 ms ±  0.00  (1 rows)

--- Q08 ---
  ematix-flow  2917.08 ms ±  0.00  (2 rows)

--- Q01 ---
  ematix-flow  2930.59 ms ±  0.00  (4 rows)

--- Q14 ---
  ematix-flow   840.30 ms ±  0.00  (1 rows)

--- Q18 ---
  ematix-flow  7353.19 ms ±  0.00  (624 rows)

--- Q19 ---
  ematix-flow   976.24 ms ±  0.00  (1 rows)

--- Q11 ---
  ematix-flow  1231.04 ms ±  0.00  (8685 rows)

--- Q21 ---
  ematix-flow  10040.04 ms ±  0.00  (4009 rows)

--- Q16 ---
  ematix-flow  1351.83 ms ±  0.00  (27840 rows)

--- Q12 ---
  ematix-flow   781.32 ms ±  0.00  (2 rows)

--- Q03 ---
  ematix-flow  3520.28 ms ±  0.00  (114003 rows)

--- Q10 ---
  ematix-flow  8441.08 ms ±  0.00  (381105 rows)

--- Q05 ---
  ematix-flow  6286.35 ms ±  0.00  (5 rows)

--- Q09 ---
  ematix-flow  17736.45 ms ±  0.00  (175 rows)

--- Q06 ---
  ematix-flow  1240.81 ms ±  0.00  (1 rows)

--- Q13 ---
  ematix-flow  1532.29 ms ±  0.00  (46 rows)

--- Q07 ---
  ematix-flow  1110.67 ms ±  0.00  (4 rows)

--- Q20 ---
  ematix-flow  1621.36 ms ±  0.00  (1804 rows)

--- Q04 ---
  ematix-flow  1345.25 ms ±  0.00  (5 rows)

--- Q17 ---
  ematix-flow   687.33 ms ±  0.00  (1 rows)

--- Q02 ---
  ematix-flow   907.20 ms ±  0.00  (4667 rows)

--- Q22 ---
  ematix-flow  1706.83 ms ±  0.00  (7 rows)

wrote /Users/ryanevans/RustroverProjects/ematix-flow/bench-results/campaign-2026-07-01/tput-sf10/ematix/s100/batch-3/stream-19.md
