=== TPC-H 22 triangulation bench ===
    data:    /Users/ryanevans/RustroverProjects/ematix-flow/examples/tpch/data/sf10
    queries: 22 ([8, 14, 3, 16, 10, 19, 20, 13, 21, 22, 1, 6, 2, 12, 15, 17, 11, 9, 4, 18, 7, 5])
    trials:  1 (after 0 warmups)
    output:  /Users/ryanevans/RustroverProjects/ematix-flow/bench-results/campaign-2026-07-01/tput-sf10/ematix/s100/batch-3/stream-87.md

    NOTE: single-invocation output is SMOKE-GRADE only. For win/loss
    claims use scripts/bench/strict_22q.sh / strict_ab.sh /
    strict_throughput.sh (see scripts/bench/README.md).

--- Q08 ---
  ematix-flow  1459.27 ms ±  0.00  (2 rows)

--- Q14 ---
  ematix-flow   644.19 ms ±  0.00  (1 rows)

--- Q03 ---
  ematix-flow  6429.18 ms ±  0.00  (114003 rows)

--- Q16 ---
  ematix-flow  1318.62 ms ±  0.00  (27840 rows)

--- Q10 ---
  ematix-flow  4805.81 ms ±  0.00  (381105 rows)

--- Q19 ---
  ematix-flow  1573.07 ms ±  0.00  (1 rows)

--- Q20 ---
  ematix-flow  1746.49 ms ±  0.00  (1804 rows)

--- Q13 ---
  ematix-flow  5835.16 ms ±  0.00  (46 rows)

--- Q21 ---
  ematix-flow  14358.52 ms ±  0.00  (4009 rows)

--- Q22 ---
  ematix-flow   771.28 ms ±  0.00  (7 rows)

--- Q01 ---
  ematix-flow  3866.77 ms ±  0.00  (4 rows)

--- Q06 ---
  ematix-flow   756.77 ms ±  0.00  (1 rows)

--- Q02 ---
  ematix-flow   688.69 ms ±  0.00  (4667 rows)

--- Q12 ---
  ematix-flow  1434.70 ms ±  0.00  (2 rows)

--- Q15 ---
  ematix-flow   534.16 ms ±  0.00  (1 rows)

--- Q17 ---
  ematix-flow  3915.40 ms ±  0.00  (1 rows)

--- Q11 ---
  ematix-flow   640.71 ms ±  0.00  (8685 rows)

--- Q09 ---
  ematix-flow  7404.81 ms ±  0.00  (175 rows)

--- Q04 ---
  ematix-flow  1275.29 ms ±  0.00  (5 rows)

--- Q18 ---
  ematix-flow  8539.87 ms ±  0.00  (624 rows)

--- Q07 ---
  ematix-flow  3405.04 ms ±  0.00  (4 rows)

--- Q05 ---
  ematix-flow  3817.66 ms ±  0.00  (5 rows)

wrote /Users/ryanevans/RustroverProjects/ematix-flow/bench-results/campaign-2026-07-01/tput-sf10/ematix/s100/batch-3/stream-87.md
