=== TPC-H 22 triangulation bench ===
    data:    /Users/ryanevans/RustroverProjects/ematix-flow/examples/tpch/data/sf10
    queries: 22 ([2, 6, 5, 12, 15, 21, 18, 1, 13, 14, 3, 17, 16, 22, 19, 10, 4, 20, 8, 7, 11, 9])
    trials:  1 (after 0 warmups)
    output:  /Users/ryanevans/RustroverProjects/ematix-flow/bench-results/campaign-2026-07-01/tput-sf10/ematix/s100/batch-3/stream-77.md

    NOTE: single-invocation output is SMOKE-GRADE only. For win/loss
    claims use scripts/bench/strict_22q.sh / strict_ab.sh /
    strict_throughput.sh (see scripts/bench/README.md).

--- Q02 ---
  ematix-flow   120.47 ms ±  0.00  (4667 rows)

--- Q06 ---
  ematix-flow   246.75 ms ±  0.00  (1 rows)

--- Q05 ---
  ematix-flow  1952.55 ms ±  0.00  (5 rows)

--- Q12 ---
  ematix-flow   926.45 ms ±  0.00  (2 rows)

--- Q15 ---
  ematix-flow   627.43 ms ±  0.00  (1 rows)

--- Q21 ---
  ematix-flow  9263.79 ms ±  0.00  (4009 rows)

--- Q18 ---
  ematix-flow  9741.31 ms ±  0.00  (624 rows)

--- Q01 ---
  ematix-flow  3395.66 ms ±  0.00  (4 rows)

--- Q13 ---
  ematix-flow  4397.81 ms ±  0.00  (46 rows)

--- Q14 ---
  ematix-flow   544.30 ms ±  0.00  (1 rows)

--- Q03 ---
  ematix-flow  3174.91 ms ±  0.00  (114003 rows)

--- Q17 ---
  ematix-flow  1670.30 ms ±  0.00  (1 rows)

--- Q16 ---
  ematix-flow  1584.67 ms ±  0.00  (27840 rows)

--- Q22 ---
  ematix-flow   757.58 ms ±  0.00  (7 rows)

--- Q19 ---
  ematix-flow   832.74 ms ±  0.00  (1 rows)

--- Q10 ---
  ematix-flow  7941.13 ms ±  0.00  (381105 rows)

--- Q04 ---
  ematix-flow  1504.80 ms ±  0.00  (5 rows)

--- Q20 ---
  ematix-flow  1068.88 ms ±  0.00  (1804 rows)

--- Q08 ---
  ematix-flow  3958.14 ms ±  0.00  (2 rows)

--- Q07 ---
  ematix-flow  3093.49 ms ±  0.00  (4 rows)

--- Q11 ---
  ematix-flow   713.96 ms ±  0.00  (8685 rows)

--- Q09 ---
  ematix-flow  8005.37 ms ±  0.00  (175 rows)

wrote /Users/ryanevans/RustroverProjects/ematix-flow/bench-results/campaign-2026-07-01/tput-sf10/ematix/s100/batch-3/stream-77.md
