=== TPC-H 22 triangulation bench ===
    data:    /Users/ryanevans/RustroverProjects/ematix-flow/examples/tpch/data/sf10
    queries: 22 ([1, 2, 3, 17, 5, 14, 12, 19, 9, 18, 21, 10, 6, 16, 13, 15, 8, 22, 11, 4, 20, 7])
    trials:  1 (after 0 warmups)
    output:  /Users/ryanevans/RustroverProjects/ematix-flow/bench-results/campaign-2026-07-01/tput-sf10/ematix/s100/batch-3/stream-85.md

    NOTE: single-invocation output is SMOKE-GRADE only. For win/loss
    claims use scripts/bench/strict_22q.sh / strict_ab.sh /
    strict_throughput.sh (see scripts/bench/README.md).

--- Q01 ---
  ematix-flow  4866.90 ms ±  0.00  (4 rows)

--- Q02 ---
  ematix-flow   607.15 ms ±  0.00  (4667 rows)

--- Q03 ---
  ematix-flow  1069.58 ms ±  0.00  (114003 rows)

--- Q17 ---
  ematix-flow   435.30 ms ±  0.00  (1 rows)

--- Q05 ---
  ematix-flow  2070.67 ms ±  0.00  (5 rows)

--- Q14 ---
  ematix-flow   410.17 ms ±  0.00  (1 rows)

--- Q12 ---
  ematix-flow  1867.57 ms ±  0.00  (2 rows)

--- Q19 ---
  ematix-flow   650.04 ms ±  0.00  (1 rows)

--- Q09 ---
  ematix-flow  5610.49 ms ±  0.00  (175 rows)

--- Q18 ---
  ematix-flow  7544.31 ms ±  0.00  (624 rows)

--- Q21 ---
  ematix-flow  16071.94 ms ±  0.00  (4009 rows)

--- Q10 ---
  ematix-flow  4602.58 ms ±  0.00  (381105 rows)

--- Q06 ---
  ematix-flow  1505.82 ms ±  0.00  (1 rows)

--- Q16 ---
  ematix-flow  1473.48 ms ±  0.00  (27840 rows)

--- Q13 ---
  ematix-flow  3662.13 ms ±  0.00  (46 rows)

--- Q15 ---
  ematix-flow   596.67 ms ±  0.00  (1 rows)

--- Q08 ---
  ematix-flow  3874.99 ms ±  0.00  (2 rows)

--- Q22 ---
  ematix-flow  1271.94 ms ±  0.00  (7 rows)

--- Q11 ---
  ematix-flow   548.25 ms ±  0.00  (8685 rows)

--- Q04 ---
  ematix-flow  1873.20 ms ±  0.00  (5 rows)

--- Q20 ---
  ematix-flow  3086.16 ms ±  0.00  (1804 rows)

--- Q07 ---
  ematix-flow  1471.52 ms ±  0.00  (4 rows)

wrote /Users/ryanevans/RustroverProjects/ematix-flow/bench-results/campaign-2026-07-01/tput-sf10/ematix/s100/batch-3/stream-85.md
