=== TPC-H 22 triangulation bench ===
    data:    /Users/ryanevans/RustroverProjects/ematix-flow/examples/tpch/data/sf10
    queries: 22 ([1, 8, 5, 4, 9, 3, 7, 10, 13, 18, 6, 12, 20, 11, 21, 16, 17, 2, 22, 14, 19, 15])
    trials:  1 (after 0 warmups)
    output:  /Users/ryanevans/RustroverProjects/ematix-flow/bench-results/campaign-2026-07-01/tput-sf10/ematix/s100/batch-3/stream-75.md

    NOTE: single-invocation output is SMOKE-GRADE only. For win/loss
    claims use scripts/bench/strict_22q.sh / strict_ab.sh /
    strict_throughput.sh (see scripts/bench/README.md).

--- Q01 ---
  ematix-flow  4995.93 ms ±  0.00  (4 rows)

--- Q08 ---
  ematix-flow  2162.03 ms ±  0.00  (2 rows)

--- Q05 ---
  ematix-flow  1293.14 ms ±  0.00  (5 rows)

--- Q04 ---
  ematix-flow   777.24 ms ±  0.00  (5 rows)

--- Q09 ---
  ematix-flow  8135.73 ms ±  0.00  (175 rows)

--- Q03 ---
  ematix-flow  2617.40 ms ±  0.00  (114003 rows)

--- Q07 ---
  ematix-flow  4080.06 ms ±  0.00  (4 rows)

--- Q10 ---
  ematix-flow  7748.14 ms ±  0.00  (381105 rows)

--- Q13 ---
  ematix-flow  5286.89 ms ±  0.00  (46 rows)

--- Q18 ---
  ematix-flow  6096.59 ms ±  0.00  (624 rows)

--- Q06 ---
  ematix-flow  1866.27 ms ±  0.00  (1 rows)

--- Q12 ---
  ematix-flow   741.22 ms ±  0.00  (2 rows)

--- Q20 ---
  ematix-flow  1910.93 ms ±  0.00  (1804 rows)

--- Q11 ---
  ematix-flow   624.54 ms ±  0.00  (8685 rows)

--- Q21 ---
  ematix-flow  8450.14 ms ±  0.00  (4009 rows)

--- Q16 ---
  ematix-flow  2092.41 ms ±  0.00  (27840 rows)

--- Q17 ---
  ematix-flow  3490.59 ms ±  0.00  (1 rows)

--- Q02 ---
  ematix-flow   504.34 ms ±  0.00  (4667 rows)

--- Q22 ---
  ematix-flow  1418.16 ms ±  0.00  (7 rows)

--- Q14 ---
  ematix-flow   378.65 ms ±  0.00  (1 rows)

--- Q19 ---
  ematix-flow   873.20 ms ±  0.00  (1 rows)

--- Q15 ---
  ematix-flow   823.75 ms ±  0.00  (1 rows)

wrote /Users/ryanevans/RustroverProjects/ematix-flow/bench-results/campaign-2026-07-01/tput-sf10/ematix/s100/batch-3/stream-75.md
