=== TPC-H 22 triangulation bench ===
    data:    /Users/ryanevans/RustroverProjects/ematix-flow/examples/tpch/data/sf10
    queries: 22 ([11, 14, 5, 19, 22, 9, 16, 6, 4, 8, 2, 13, 1, 15, 7, 20, 17, 21, 10, 12, 3, 18])
    trials:  1 (after 0 warmups)
    output:  /Users/ryanevans/RustroverProjects/ematix-flow/bench-results/campaign-2026-07-01/tput-sf10/ematix/s100/batch-3/stream-29.md

    NOTE: single-invocation output is SMOKE-GRADE only. For win/loss
    claims use scripts/bench/strict_22q.sh / strict_ab.sh /
    strict_throughput.sh (see scripts/bench/README.md).

--- Q11 ---
  ematix-flow   673.30 ms ±  0.00  (8685 rows)

--- Q14 ---
  ematix-flow   670.33 ms ±  0.00  (1 rows)

--- Q05 ---
  ematix-flow  2871.67 ms ±  0.00  (5 rows)

--- Q19 ---
  ematix-flow  1663.81 ms ±  0.00  (1 rows)

--- Q22 ---
  ematix-flow   803.56 ms ±  0.00  (7 rows)

--- Q09 ---
  ematix-flow  9334.54 ms ±  0.00  (175 rows)

--- Q16 ---
  ematix-flow   878.03 ms ±  0.00  (27840 rows)

--- Q06 ---
  ematix-flow  2671.67 ms ±  0.00  (1 rows)

--- Q04 ---
  ematix-flow  1368.06 ms ±  0.00  (5 rows)

--- Q08 ---
  ematix-flow  3668.76 ms ±  0.00  (2 rows)

--- Q02 ---
  ematix-flow   807.21 ms ±  0.00  (4667 rows)

--- Q13 ---
  ematix-flow  3350.43 ms ±  0.00  (46 rows)

--- Q01 ---
  ematix-flow  4041.44 ms ±  0.00  (4 rows)

--- Q15 ---
  ematix-flow   687.38 ms ±  0.00  (1 rows)

--- Q07 ---
  ematix-flow  4099.55 ms ±  0.00  (4 rows)

--- Q20 ---
  ematix-flow  3387.45 ms ±  0.00  (1804 rows)

--- Q17 ---
  ematix-flow  2997.01 ms ±  0.00  (1 rows)

--- Q21 ---
  ematix-flow  9810.17 ms ±  0.00  (4009 rows)

--- Q10 ---
  ematix-flow  7616.15 ms ±  0.00  (381105 rows)

--- Q12 ---
  ematix-flow  1608.83 ms ±  0.00  (2 rows)

--- Q03 ---
  ematix-flow  2111.00 ms ±  0.00  (114003 rows)

--- Q18 ---
  ematix-flow  3811.61 ms ±  0.00  (624 rows)

wrote /Users/ryanevans/RustroverProjects/ematix-flow/bench-results/campaign-2026-07-01/tput-sf10/ematix/s100/batch-3/stream-29.md
