=== TPC-H 22 triangulation bench ===
    data:    /Users/ryanevans/RustroverProjects/ematix-flow/examples/tpch/data/sf10
    queries: 22 ([20, 19, 2, 5, 7, 8, 17, 9, 16, 13, 18, 11, 10, 1, 6, 15, 12, 3, 4, 22, 14, 21])
    trials:  1 (after 0 warmups)
    output:  /Users/ryanevans/RustroverProjects/ematix-flow/bench-results/campaign-2026-07-01/tput-sf10/duckdb/s100/batch-2/stream-38.md

    NOTE: single-invocation output is SMOKE-GRADE only. For win/loss
    claims use scripts/bench/strict_22q.sh / strict_ab.sh /
    strict_throughput.sh (see scripts/bench/README.md).

--- Q20 ---
  DuckDB       1079.35 ms ±  0.00  (1804 rows)

--- Q19 ---
  DuckDB       1622.75 ms ±  0.00  (1 rows)

--- Q02 ---
  DuckDB        320.50 ms ±  0.00  (4667 rows)

--- Q05 ---
  DuckDB        997.06 ms ±  0.00  (5 rows)

--- Q07 ---
  DuckDB       1206.42 ms ±  0.00  (4 rows)

--- Q08 ---
  DuckDB       1333.97 ms ±  0.00  (2 rows)

--- Q17 ---
  DuckDB       1109.27 ms ±  0.00  (1 rows)

--- Q09 ---
  DuckDB       2133.78 ms ±  0.00  (175 rows)

--- Q16 ---
  DuckDB        399.00 ms ±  0.00  (27840 rows)

--- Q13 ---
  DuckDB       1884.39 ms ±  0.00  (46 rows)

--- Q18 ---
  DuckDB       1664.42 ms ±  0.00  (624 rows)

--- Q11 ---
  DuckDB         90.56 ms ±  0.00  (8685 rows)

--- Q10 ---
  DuckDB       1903.37 ms ±  0.00  (381105 rows)

--- Q01 ---
  DuckDB       2189.50 ms ±  0.00  (4 rows)

--- Q06 ---
  DuckDB        590.08 ms ±  0.00  (1 rows)

--- Q15 ---
  DuckDB        438.83 ms ±  0.00  (1 rows)

--- Q12 ---
  DuckDB        972.77 ms ±  0.00  (2 rows)

--- Q03 ---
  DuckDB       1186.99 ms ±  0.00  (114003 rows)

--- Q04 ---
  DuckDB        645.97 ms ±  0.00  (5 rows)

--- Q22 ---
  DuckDB        496.85 ms ±  0.00  (7 rows)

--- Q14 ---
  DuckDB        986.23 ms ±  0.00  (1 rows)

--- Q21 ---
  DuckDB       2716.20 ms ±  0.00  (4009 rows)

wrote /Users/ryanevans/RustroverProjects/ematix-flow/bench-results/campaign-2026-07-01/tput-sf10/duckdb/s100/batch-2/stream-38.md
