=== TPC-H 22 triangulation bench ===
    data:    /Users/ryanevans/RustroverProjects/ematix-flow/examples/tpch/data/sf10
    queries: 22 ([17, 9, 13, 2, 6, 18, 3, 20, 19, 4, 5, 22, 11, 7, 1, 15, 8, 14, 10, 21, 16, 12])
    trials:  1 (after 0 warmups)
    output:  /Users/ryanevans/RustroverProjects/ematix-flow/bench-results/campaign-2026-07-01/tput-sf10/duckdb/s100/batch-2/stream-16.md

    NOTE: single-invocation output is SMOKE-GRADE only. For win/loss
    claims use scripts/bench/strict_22q.sh / strict_ab.sh /
    strict_throughput.sh (see scripts/bench/README.md).

--- Q17 ---
  DuckDB       1119.19 ms ±  0.00  (1 rows)

--- Q09 ---
  DuckDB       2295.33 ms ±  0.00  (175 rows)

--- Q13 ---
  DuckDB       1882.17 ms ±  0.00  (46 rows)

--- Q02 ---
  DuckDB        308.09 ms ±  0.00  (4667 rows)

--- Q06 ---
  DuckDB        604.22 ms ±  0.00  (1 rows)

--- Q18 ---
  DuckDB       1649.73 ms ±  0.00  (624 rows)

--- Q03 ---
  DuckDB        923.41 ms ±  0.00  (114003 rows)

--- Q20 ---
  DuckDB       1148.10 ms ±  0.00  (1804 rows)

--- Q19 ---
  DuckDB       1614.51 ms ±  0.00  (1 rows)

--- Q04 ---
  DuckDB        681.76 ms ±  0.00  (5 rows)

--- Q05 ---
  DuckDB        925.34 ms ±  0.00  (5 rows)

--- Q22 ---
  DuckDB        382.23 ms ±  0.00  (7 rows)

--- Q11 ---
  DuckDB         79.56 ms ±  0.00  (8685 rows)

--- Q07 ---
  DuckDB       1069.49 ms ±  0.00  (4 rows)

--- Q01 ---
  DuckDB       2100.27 ms ±  0.00  (4 rows)

--- Q15 ---
  DuckDB        457.27 ms ±  0.00  (1 rows)

--- Q08 ---
  DuckDB       1334.72 ms ±  0.00  (2 rows)

--- Q14 ---
  DuckDB        996.93 ms ±  0.00  (1 rows)

--- Q10 ---
  DuckDB       1876.73 ms ±  0.00  (381105 rows)

--- Q21 ---
  DuckDB       2991.33 ms ±  0.00  (4009 rows)

--- Q16 ---
  DuckDB        387.49 ms ±  0.00  (27840 rows)

--- Q12 ---
  DuckDB        664.03 ms ±  0.00  (2 rows)

wrote /Users/ryanevans/RustroverProjects/ematix-flow/bench-results/campaign-2026-07-01/tput-sf10/duckdb/s100/batch-2/stream-16.md
