=== TPC-H 22 triangulation bench ===
    data:    /Users/ryanevans/RustroverProjects/ematix-flow/examples/tpch/data/sf10
    queries: 22 ([4, 22, 21, 1, 11, 9, 20, 2, 6, 17, 8, 13, 5, 14, 18, 15, 12, 10, 19, 16, 3, 7])
    trials:  1 (after 0 warmups)
    output:  /Users/ryanevans/RustroverProjects/ematix-flow/bench-results/campaign-2026-07-01/tput-sf10/duckdb/s100/batch-2/stream-90.md

    NOTE: single-invocation output is SMOKE-GRADE only. For win/loss
    claims use scripts/bench/strict_22q.sh / strict_ab.sh /
    strict_throughput.sh (see scripts/bench/README.md).

--- Q04 ---
  DuckDB        600.71 ms ±  0.00  (5 rows)

--- Q22 ---
  DuckDB        328.96 ms ±  0.00  (7 rows)

--- Q21 ---
  DuckDB       3267.75 ms ±  0.00  (4009 rows)

--- Q01 ---
  DuckDB       2070.00 ms ±  0.00  (4 rows)

--- Q11 ---
  DuckDB         68.64 ms ±  0.00  (8685 rows)

--- Q09 ---
  DuckDB       2619.69 ms ±  0.00  (175 rows)

--- Q20 ---
  DuckDB       1218.76 ms ±  0.00  (1804 rows)

--- Q02 ---
  DuckDB        210.77 ms ±  0.00  (4667 rows)

--- Q06 ---
  DuckDB        423.27 ms ±  0.00  (1 rows)

--- Q17 ---
  DuckDB       1241.67 ms ±  0.00  (1 rows)

--- Q08 ---
  DuckDB       1521.45 ms ±  0.00  (2 rows)

--- Q13 ---
  DuckDB       1919.81 ms ±  0.00  (46 rows)

--- Q05 ---
  DuckDB       1052.26 ms ±  0.00  (5 rows)

--- Q14 ---
  DuckDB       1121.11 ms ±  0.00  (1 rows)

--- Q18 ---
  DuckDB       1633.06 ms ±  0.00  (624 rows)

--- Q15 ---
  DuckDB        627.80 ms ±  0.00  (1 rows)

--- Q12 ---
  DuckDB        632.91 ms ±  0.00  (2 rows)

--- Q10 ---
  DuckDB       1641.22 ms ±  0.00  (381105 rows)

--- Q19 ---
  DuckDB       1535.75 ms ±  0.00  (1 rows)

--- Q16 ---
  DuckDB        284.88 ms ±  0.00  (27840 rows)

--- Q03 ---
  DuckDB       1139.99 ms ±  0.00  (114003 rows)

--- Q07 ---
  DuckDB       1112.68 ms ±  0.00  (4 rows)

wrote /Users/ryanevans/RustroverProjects/ematix-flow/bench-results/campaign-2026-07-01/tput-sf10/duckdb/s100/batch-2/stream-90.md
