=== TPC-H 22 triangulation bench ===
    data:    /Users/ryanevans/RustroverProjects/ematix-flow/examples/tpch/data/sf10
    queries: 22 ([12, 8, 14, 3, 15, 6, 16, 22, 13, 10, 19, 18, 4, 2, 21, 7, 5, 9, 1, 20, 17, 11])
    trials:  1 (after 0 warmups)
    output:  /Users/ryanevans/RustroverProjects/ematix-flow/bench-results/campaign-2026-07-01/tput-sf10/duckdb/s100/batch-2/stream-71.md

    NOTE: single-invocation output is SMOKE-GRADE only. For win/loss
    claims use scripts/bench/strict_22q.sh / strict_ab.sh /
    strict_throughput.sh (see scripts/bench/README.md).

--- Q12 ---
  DuckDB        679.77 ms ±  0.00  (2 rows)

--- Q08 ---
  DuckDB       1120.73 ms ±  0.00  (2 rows)

--- Q14 ---
  DuckDB        982.53 ms ±  0.00  (1 rows)

--- Q03 ---
  DuckDB        983.53 ms ±  0.00  (114003 rows)

--- Q15 ---
  DuckDB        838.63 ms ±  0.00  (1 rows)

--- Q06 ---
  DuckDB        466.99 ms ±  0.00  (1 rows)

--- Q16 ---
  DuckDB        455.75 ms ±  0.00  (27840 rows)

--- Q22 ---
  DuckDB        445.74 ms ±  0.00  (7 rows)

--- Q13 ---
  DuckDB       2012.59 ms ±  0.00  (46 rows)

--- Q10 ---
  DuckDB       1881.67 ms ±  0.00  (381105 rows)

--- Q19 ---
  DuckDB       1479.35 ms ±  0.00  (1 rows)

--- Q18 ---
  DuckDB       1442.69 ms ±  0.00  (624 rows)

--- Q04 ---
  DuckDB        872.45 ms ±  0.00  (5 rows)

--- Q02 ---
  DuckDB        274.80 ms ±  0.00  (4667 rows)

--- Q21 ---
  DuckDB       2999.13 ms ±  0.00  (4009 rows)

--- Q07 ---
  DuckDB       1059.99 ms ±  0.00  (4 rows)

--- Q05 ---
  DuckDB        957.50 ms ±  0.00  (5 rows)

--- Q09 ---
  DuckDB       2253.47 ms ±  0.00  (175 rows)

--- Q01 ---
  DuckDB       1904.86 ms ±  0.00  (4 rows)

--- Q20 ---
  DuckDB       1179.45 ms ±  0.00  (1804 rows)

--- Q17 ---
  DuckDB       1176.35 ms ±  0.00  (1 rows)

--- Q11 ---
  DuckDB        154.93 ms ±  0.00  (8685 rows)

wrote /Users/ryanevans/RustroverProjects/ematix-flow/bench-results/campaign-2026-07-01/tput-sf10/duckdb/s100/batch-2/stream-71.md
