=== TPC-H 22 triangulation bench ===
    data:    /Users/ryanevans/RustroverProjects/ematix-flow/examples/tpch/data/sf10
    queries: 22 ([19, 22, 14, 11, 5, 18, 8, 16, 7, 20, 13, 1, 15, 4, 17, 9, 10, 6, 12, 21, 3, 2])
    trials:  1 (after 0 warmups)
    output:  /Users/ryanevans/RustroverProjects/ematix-flow/bench-results/campaign-2026-07-01/tput-sf10/duckdb/s100/batch-2/stream-2.md

    NOTE: single-invocation output is SMOKE-GRADE only. For win/loss
    claims use scripts/bench/strict_22q.sh / strict_ab.sh /
    strict_throughput.sh (see scripts/bench/README.md).

--- Q19 ---
  DuckDB       1083.19 ms ±  0.00  (1 rows)

--- Q22 ---
  DuckDB        427.07 ms ±  0.00  (7 rows)

--- Q14 ---
  DuckDB        864.46 ms ±  0.00  (1 rows)

--- Q11 ---
  DuckDB        186.04 ms ±  0.00  (8685 rows)

--- Q05 ---
  DuckDB       1063.19 ms ±  0.00  (5 rows)

--- Q18 ---
  DuckDB       1702.94 ms ±  0.00  (624 rows)

--- Q08 ---
  DuckDB       1377.03 ms ±  0.00  (2 rows)

--- Q16 ---
  DuckDB        355.16 ms ±  0.00  (27840 rows)

--- Q07 ---
  DuckDB       1194.37 ms ±  0.00  (4 rows)

--- Q20 ---
  DuckDB        770.04 ms ±  0.00  (1804 rows)

--- Q13 ---
  DuckDB       1785.39 ms ±  0.00  (46 rows)

--- Q01 ---
  DuckDB       2081.12 ms ±  0.00  (4 rows)

--- Q15 ---
  DuckDB        610.10 ms ±  0.00  (1 rows)

--- Q04 ---
  DuckDB        677.66 ms ±  0.00  (5 rows)

--- Q17 ---
  DuckDB       1258.84 ms ±  0.00  (1 rows)

--- Q09 ---
  DuckDB       2342.89 ms ±  0.00  (175 rows)

--- Q10 ---
  DuckDB       2034.21 ms ±  0.00  (381105 rows)

--- Q06 ---
  DuckDB        498.07 ms ±  0.00  (1 rows)

--- Q12 ---
  DuckDB        867.40 ms ±  0.00  (2 rows)

--- Q21 ---
  DuckDB       2951.26 ms ±  0.00  (4009 rows)

--- Q03 ---
  DuckDB        782.08 ms ±  0.00  (114003 rows)

--- Q02 ---
  DuckDB        181.01 ms ±  0.00  (4667 rows)

wrote /Users/ryanevans/RustroverProjects/ematix-flow/bench-results/campaign-2026-07-01/tput-sf10/duckdb/s100/batch-2/stream-2.md
