=== TPC-H 22 triangulation bench ===
    data:    /Users/ryanevans/RustroverProjects/ematix-flow/examples/tpch/data/sf10
    queries: 22 ([5, 6, 8, 22, 4, 21, 19, 2, 17, 13, 1, 10, 20, 7, 16, 9, 11, 15, 18, 14, 3, 12])
    trials:  1 (after 0 warmups)
    output:  /Users/ryanevans/RustroverProjects/ematix-flow/bench-results/campaign-2026-07-01/tput-sf10/duckdb/s100/batch-2/stream-47.md

    NOTE: single-invocation output is SMOKE-GRADE only. For win/loss
    claims use scripts/bench/strict_22q.sh / strict_ab.sh /
    strict_throughput.sh (see scripts/bench/README.md).

--- Q05 ---
  DuckDB        865.56 ms ±  0.00  (5 rows)

--- Q06 ---
  DuckDB        429.22 ms ±  0.00  (1 rows)

--- Q08 ---
  DuckDB       1260.86 ms ±  0.00  (2 rows)

--- Q22 ---
  DuckDB        483.99 ms ±  0.00  (7 rows)

--- Q04 ---
  DuckDB        679.38 ms ±  0.00  (5 rows)

--- Q21 ---
  DuckDB       3067.69 ms ±  0.00  (4009 rows)

--- Q19 ---
  DuckDB       1614.74 ms ±  0.00  (1 rows)

--- Q02 ---
  DuckDB        313.24 ms ±  0.00  (4667 rows)

--- Q17 ---
  DuckDB       1226.37 ms ±  0.00  (1 rows)

--- Q13 ---
  DuckDB       1967.21 ms ±  0.00  (46 rows)

--- Q01 ---
  DuckDB       2120.88 ms ±  0.00  (4 rows)

--- Q10 ---
  DuckDB       2117.79 ms ±  0.00  (381105 rows)

--- Q20 ---
  DuckDB       1068.74 ms ±  0.00  (1804 rows)

--- Q07 ---
  DuckDB       1070.91 ms ±  0.00  (4 rows)

--- Q16 ---
  DuckDB        249.79 ms ±  0.00  (27840 rows)

--- Q09 ---
  DuckDB       2325.82 ms ±  0.00  (175 rows)

--- Q11 ---
  DuckDB        170.34 ms ±  0.00  (8685 rows)

--- Q15 ---
  DuckDB        661.39 ms ±  0.00  (1 rows)

--- Q18 ---
  DuckDB       1593.60 ms ±  0.00  (624 rows)

--- Q14 ---
  DuckDB        920.13 ms ±  0.00  (1 rows)

--- Q03 ---
  DuckDB       1160.74 ms ±  0.00  (114003 rows)

--- Q12 ---
  DuckDB        850.32 ms ±  0.00  (2 rows)

wrote /Users/ryanevans/RustroverProjects/ematix-flow/bench-results/campaign-2026-07-01/tput-sf10/duckdb/s100/batch-2/stream-47.md
