=== TPC-H 22 triangulation bench ===
    data:    /Users/ryanevans/RustroverProjects/ematix-flow/examples/tpch/data/sf10
    queries: 22 ([6, 13, 22, 14, 3, 1, 16, 21, 7, 15, 5, 19, 11, 2, 12, 10, 18, 9, 8, 17, 20, 4])
    trials:  1 (after 0 warmups)
    output:  /Users/ryanevans/RustroverProjects/ematix-flow/bench-results/campaign-2026-07-01/tput-sf10/duckdb/s100/batch-2/stream-14.md

    NOTE: single-invocation output is SMOKE-GRADE only. For win/loss
    claims use scripts/bench/strict_22q.sh / strict_ab.sh /
    strict_throughput.sh (see scripts/bench/README.md).

--- Q06 ---
  DuckDB        397.05 ms ±  0.00  (1 rows)

--- Q13 ---
  DuckDB       1964.67 ms ±  0.00  (46 rows)

--- Q22 ---
  DuckDB        610.40 ms ±  0.00  (7 rows)

--- Q14 ---
  DuckDB       1027.28 ms ±  0.00  (1 rows)

--- Q03 ---
  DuckDB       1068.99 ms ±  0.00  (114003 rows)

--- Q01 ---
  DuckDB       2075.00 ms ±  0.00  (4 rows)

--- Q16 ---
  DuckDB        393.97 ms ±  0.00  (27840 rows)

--- Q21 ---
  DuckDB       2770.81 ms ±  0.00  (4009 rows)

--- Q07 ---
  DuckDB       1024.52 ms ±  0.00  (4 rows)

--- Q15 ---
  DuckDB        558.23 ms ±  0.00  (1 rows)

--- Q05 ---
  DuckDB        947.91 ms ±  0.00  (5 rows)

--- Q19 ---
  DuckDB       1559.89 ms ±  0.00  (1 rows)

--- Q11 ---
  DuckDB        155.39 ms ±  0.00  (8685 rows)

--- Q02 ---
  DuckDB        154.30 ms ±  0.00  (4667 rows)

--- Q12 ---
  DuckDB        883.08 ms ±  0.00  (2 rows)

--- Q10 ---
  DuckDB       1824.92 ms ±  0.00  (381105 rows)

--- Q18 ---
  DuckDB       1658.90 ms ±  0.00  (624 rows)

--- Q09 ---
  DuckDB       2287.50 ms ±  0.00  (175 rows)

--- Q08 ---
  DuckDB       1237.29 ms ±  0.00  (2 rows)

--- Q17 ---
  DuckDB       1172.45 ms ±  0.00  (1 rows)

--- Q20 ---
  DuckDB        878.70 ms ±  0.00  (1804 rows)

--- Q04 ---
  DuckDB        675.26 ms ±  0.00  (5 rows)

wrote /Users/ryanevans/RustroverProjects/ematix-flow/bench-results/campaign-2026-07-01/tput-sf10/duckdb/s100/batch-2/stream-14.md
