=== TPC-H 22 triangulation bench ===
    data:    /Users/ryanevans/RustroverProjects/ematix-flow/examples/tpch/data/sf10
    queries: 22 ([1, 2, 3, 17, 5, 14, 12, 19, 9, 18, 21, 10, 6, 16, 13, 15, 8, 22, 11, 4, 20, 7])
    trials:  1 (after 0 warmups)
    output:  /Users/ryanevans/RustroverProjects/ematix-flow/bench-results/campaign-2026-07-01/tput-sf10/duckdb/s100/batch-2/stream-85.md

    NOTE: single-invocation output is SMOKE-GRADE only. For win/loss
    claims use scripts/bench/strict_22q.sh / strict_ab.sh /
    strict_throughput.sh (see scripts/bench/README.md).

--- Q01 ---
  DuckDB       2247.42 ms ±  0.00  (4 rows)

--- Q02 ---
  DuckDB        271.27 ms ±  0.00  (4667 rows)

--- Q03 ---
  DuckDB       1091.44 ms ±  0.00  (114003 rows)

--- Q17 ---
  DuckDB       1185.63 ms ±  0.00  (1 rows)

--- Q05 ---
  DuckDB        937.38 ms ±  0.00  (5 rows)

--- Q14 ---
  DuckDB        837.89 ms ±  0.00  (1 rows)

--- Q12 ---
  DuckDB        712.97 ms ±  0.00  (2 rows)

--- Q19 ---
  DuckDB       1643.91 ms ±  0.00  (1 rows)

--- Q09 ---
  DuckDB       2228.07 ms ±  0.00  (175 rows)

--- Q18 ---
  DuckDB       1652.23 ms ±  0.00  (624 rows)

--- Q21 ---
  DuckDB       3026.25 ms ±  0.00  (4009 rows)

--- Q10 ---
  DuckDB       1760.20 ms ±  0.00  (381105 rows)

--- Q06 ---
  DuckDB        519.77 ms ±  0.00  (1 rows)

--- Q16 ---
  DuckDB        356.16 ms ±  0.00  (27840 rows)

--- Q13 ---
  DuckDB       2084.03 ms ±  0.00  (46 rows)

--- Q15 ---
  DuckDB        763.13 ms ±  0.00  (1 rows)

--- Q08 ---
  DuckDB       1260.54 ms ±  0.00  (2 rows)

--- Q22 ---
  DuckDB        409.12 ms ±  0.00  (7 rows)

--- Q11 ---
  DuckDB        162.66 ms ±  0.00  (8685 rows)

--- Q04 ---
  DuckDB        674.17 ms ±  0.00  (5 rows)

--- Q20 ---
  DuckDB        930.06 ms ±  0.00  (1804 rows)

--- Q07 ---
  DuckDB        940.53 ms ±  0.00  (4 rows)

wrote /Users/ryanevans/RustroverProjects/ematix-flow/bench-results/campaign-2026-07-01/tput-sf10/duckdb/s100/batch-2/stream-85.md
