=== TPC-H 22 triangulation bench ===
    data:    /Users/ryanevans/RustroverProjects/ematix-flow/examples/tpch/data/sf10
    queries: 22 ([12, 11, 16, 4, 21, 14, 20, 22, 9, 1, 18, 5, 6, 13, 3, 7, 10, 8, 2, 17, 19, 15])
    trials:  1 (after 0 warmups)
    output:  /Users/ryanevans/RustroverProjects/ematix-flow/bench-results/campaign-2026-07-01/tput-sf10/duckdb/s100/batch-2/stream-40.md

    NOTE: single-invocation output is SMOKE-GRADE only. For win/loss
    claims use scripts/bench/strict_22q.sh / strict_ab.sh /
    strict_throughput.sh (see scripts/bench/README.md).

--- Q12 ---
  DuckDB        795.55 ms ±  0.00  (2 rows)

--- Q11 ---
  DuckDB        138.43 ms ±  0.00  (8685 rows)

--- Q16 ---
  DuckDB        299.27 ms ±  0.00  (27840 rows)

--- Q04 ---
  DuckDB        852.25 ms ±  0.00  (5 rows)

--- Q21 ---
  DuckDB       3232.10 ms ±  0.00  (4009 rows)

--- Q14 ---
  DuckDB       1062.00 ms ±  0.00  (1 rows)

--- Q20 ---
  DuckDB        973.39 ms ±  0.00  (1804 rows)

--- Q22 ---
  DuckDB        442.52 ms ±  0.00  (7 rows)

--- Q09 ---
  DuckDB       2449.73 ms ±  0.00  (175 rows)

--- Q01 ---
  DuckDB       2065.41 ms ±  0.00  (4 rows)

--- Q18 ---
  DuckDB       1637.66 ms ±  0.00  (624 rows)

--- Q05 ---
  DuckDB       1181.45 ms ±  0.00  (5 rows)

--- Q06 ---
  DuckDB        498.16 ms ±  0.00  (1 rows)

--- Q13 ---
  DuckDB       1811.53 ms ±  0.00  (46 rows)

--- Q03 ---
  DuckDB       1085.36 ms ±  0.00  (114003 rows)

--- Q07 ---
  DuckDB       1169.17 ms ±  0.00  (4 rows)

--- Q10 ---
  DuckDB       1921.69 ms ±  0.00  (381105 rows)

--- Q08 ---
  DuckDB       1202.85 ms ±  0.00  (2 rows)

--- Q02 ---
  DuckDB        147.03 ms ±  0.00  (4667 rows)

--- Q17 ---
  DuckDB        952.43 ms ±  0.00  (1 rows)

--- Q19 ---
  DuckDB       1614.28 ms ±  0.00  (1 rows)

--- Q15 ---
  DuckDB        489.52 ms ±  0.00  (1 rows)

wrote /Users/ryanevans/RustroverProjects/ematix-flow/bench-results/campaign-2026-07-01/tput-sf10/duckdb/s100/batch-2/stream-40.md
