=== TPC-H 22 triangulation bench ===
    data:    /Users/ryanevans/RustroverProjects/ematix-flow/examples/tpch/data/sf10
    queries: 22 ([14, 16, 4, 22, 15, 18, 7, 11, 6, 20, 12, 1, 21, 9, 10, 5, 17, 8, 19, 2, 13, 3])
    trials:  1 (after 0 warmups)
    output:  /Users/ryanevans/RustroverProjects/ematix-flow/bench-results/campaign-2026-07-01/tput-sf10/duckdb/s100/batch-2/stream-46.md

    NOTE: single-invocation output is SMOKE-GRADE only. For win/loss
    claims use scripts/bench/strict_22q.sh / strict_ab.sh /
    strict_throughput.sh (see scripts/bench/README.md).

--- Q14 ---
  DuckDB        973.53 ms ±  0.00  (1 rows)

--- Q16 ---
  DuckDB        420.06 ms ±  0.00  (27840 rows)

--- Q04 ---
  DuckDB        653.99 ms ±  0.00  (5 rows)

--- Q22 ---
  DuckDB        484.82 ms ±  0.00  (7 rows)

--- Q15 ---
  DuckDB        526.93 ms ±  0.00  (1 rows)

--- Q18 ---
  DuckDB       1519.15 ms ±  0.00  (624 rows)

--- Q07 ---
  DuckDB        986.00 ms ±  0.00  (4 rows)

--- Q11 ---
  DuckDB        269.35 ms ±  0.00  (8685 rows)

--- Q06 ---
  DuckDB        551.29 ms ±  0.00  (1 rows)

--- Q20 ---
  DuckDB       1077.93 ms ±  0.00  (1804 rows)

--- Q12 ---
  DuckDB        752.56 ms ±  0.00  (2 rows)

--- Q01 ---
  DuckDB       2146.45 ms ±  0.00  (4 rows)

--- Q21 ---
  DuckDB       3088.57 ms ±  0.00  (4009 rows)

--- Q09 ---
  DuckDB       2360.00 ms ±  0.00  (175 rows)

--- Q10 ---
  DuckDB       1981.61 ms ±  0.00  (381105 rows)

--- Q05 ---
  DuckDB       1299.03 ms ±  0.00  (5 rows)

--- Q17 ---
  DuckDB       1037.56 ms ±  0.00  (1 rows)

--- Q08 ---
  DuckDB       1220.31 ms ±  0.00  (2 rows)

--- Q19 ---
  DuckDB       1668.02 ms ±  0.00  (1 rows)

--- Q02 ---
  DuckDB        264.56 ms ±  0.00  (4667 rows)

--- Q13 ---
  DuckDB       1879.10 ms ±  0.00  (46 rows)

--- Q03 ---
  DuckDB        953.07 ms ±  0.00  (114003 rows)

wrote /Users/ryanevans/RustroverProjects/ematix-flow/bench-results/campaign-2026-07-01/tput-sf10/duckdb/s100/batch-2/stream-46.md
