=== TPC-H 22 triangulation bench ===
    data:    /Users/ryanevans/RustroverProjects/ematix-flow/examples/tpch/data/sf10
    queries: 22 ([17, 21, 15, 19, 6, 10, 11, 22, 1, 18, 14, 9, 20, 4, 16, 3, 2, 7, 5, 13, 12, 8])
    trials:  1 (after 0 warmups)
    output:  /Users/ryanevans/RustroverProjects/ematix-flow/bench-results/campaign-2026-07-01/tput-sf10/duckdb/s100/batch-2/stream-8.md

    NOTE: single-invocation output is SMOKE-GRADE only. For win/loss
    claims use scripts/bench/strict_22q.sh / strict_ab.sh /
    strict_throughput.sh (see scripts/bench/README.md).

--- Q17 ---
  DuckDB       1074.59 ms ±  0.00  (1 rows)

--- Q21 ---
  DuckDB       3115.33 ms ±  0.00  (4009 rows)

--- Q15 ---
  DuckDB        568.42 ms ±  0.00  (1 rows)

--- Q19 ---
  DuckDB       1546.95 ms ±  0.00  (1 rows)

--- Q06 ---
  DuckDB        474.84 ms ±  0.00  (1 rows)

--- Q10 ---
  DuckDB       1995.01 ms ±  0.00  (381105 rows)

--- Q11 ---
  DuckDB        197.30 ms ±  0.00  (8685 rows)

--- Q22 ---
  DuckDB        334.39 ms ±  0.00  (7 rows)

--- Q01 ---
  DuckDB       2167.52 ms ±  0.00  (4 rows)

--- Q18 ---
  DuckDB       1610.46 ms ±  0.00  (624 rows)

--- Q14 ---
  DuckDB        921.13 ms ±  0.00  (1 rows)

--- Q09 ---
  DuckDB       2319.99 ms ±  0.00  (175 rows)

--- Q20 ---
  DuckDB        920.83 ms ±  0.00  (1804 rows)

--- Q04 ---
  DuckDB        693.86 ms ±  0.00  (5 rows)

--- Q16 ---
  DuckDB        421.14 ms ±  0.00  (27840 rows)

--- Q03 ---
  DuckDB       1044.65 ms ±  0.00  (114003 rows)

--- Q02 ---
  DuckDB        279.17 ms ±  0.00  (4667 rows)

--- Q07 ---
  DuckDB        980.63 ms ±  0.00  (4 rows)

--- Q05 ---
  DuckDB       1109.01 ms ±  0.00  (5 rows)

--- Q13 ---
  DuckDB       2045.35 ms ±  0.00  (46 rows)

--- Q12 ---
  DuckDB        653.42 ms ±  0.00  (2 rows)

--- Q08 ---
  DuckDB       1218.73 ms ±  0.00  (2 rows)

wrote /Users/ryanevans/RustroverProjects/ematix-flow/bench-results/campaign-2026-07-01/tput-sf10/duckdb/s100/batch-2/stream-8.md
