=== TPC-H 22 triangulation bench ===
    data:    /Users/ryanevans/RustroverProjects/ematix-flow/examples/tpch/data/sf10
    queries: 22 ([13, 22, 4, 10, 3, 11, 21, 9, 8, 17, 16, 6, 5, 20, 15, 18, 19, 1, 2, 12, 14, 7])
    trials:  1 (after 0 warmups)
    output:  /Users/ryanevans/RustroverProjects/ematix-flow/bench-results/campaign-2026-07-01/tput-sf10/duckdb/s100/batch-2/stream-97.md

    NOTE: single-invocation output is SMOKE-GRADE only. For win/loss
    claims use scripts/bench/strict_22q.sh / strict_ab.sh /
    strict_throughput.sh (see scripts/bench/README.md).

--- Q13 ---
  DuckDB       2038.87 ms ±  0.00  (46 rows)

--- Q22 ---
  DuckDB        379.60 ms ±  0.00  (7 rows)

--- Q04 ---
  DuckDB        614.83 ms ±  0.00  (5 rows)

--- Q10 ---
  DuckDB       1883.88 ms ±  0.00  (381105 rows)

--- Q03 ---
  DuckDB       1054.89 ms ±  0.00  (114003 rows)

--- Q11 ---
  DuckDB         99.51 ms ±  0.00  (8685 rows)

--- Q21 ---
  DuckDB       2513.39 ms ±  0.00  (4009 rows)

--- Q09 ---
  DuckDB       2074.52 ms ±  0.00  (175 rows)

--- Q08 ---
  DuckDB       1105.16 ms ±  0.00  (2 rows)

--- Q17 ---
  DuckDB       1012.68 ms ±  0.00  (1 rows)

--- Q16 ---
  DuckDB        550.47 ms ±  0.00  (27840 rows)

--- Q06 ---
  DuckDB        612.24 ms ±  0.00  (1 rows)

--- Q05 ---
  DuckDB       1038.92 ms ±  0.00  (5 rows)

--- Q20 ---
  DuckDB       1093.02 ms ±  0.00  (1804 rows)

--- Q15 ---
  DuckDB        481.10 ms ±  0.00  (1 rows)

--- Q18 ---
  DuckDB       1598.48 ms ±  0.00  (624 rows)

--- Q19 ---
  DuckDB       1534.51 ms ±  0.00  (1 rows)

--- Q01 ---
  DuckDB       1884.21 ms ±  0.00  (4 rows)

--- Q02 ---
  DuckDB        227.97 ms ±  0.00  (4667 rows)

--- Q12 ---
  DuckDB        800.77 ms ±  0.00  (2 rows)

--- Q14 ---
  DuckDB        578.62 ms ±  0.00  (1 rows)

--- Q07 ---
  DuckDB        763.45 ms ±  0.00  (4 rows)

wrote /Users/ryanevans/RustroverProjects/ematix-flow/bench-results/campaign-2026-07-01/tput-sf10/duckdb/s100/batch-2/stream-97.md
