=== TPC-H 22 triangulation bench ===
    data:    /Users/ryanevans/RustroverProjects/ematix-flow/examples/tpch/data/sf10
    queries: 22 ([18, 21, 3, 15, 13, 11, 8, 22, 16, 5, 19, 7, 4, 1, 2, 9, 6, 20, 12, 10, 14, 17])
    trials:  1 (after 0 warmups)
    output:  /Users/ryanevans/RustroverProjects/ematix-flow/bench-results/campaign-2026-07-01/tput-sf10/duckdb/s100/batch-2/stream-17.md

    NOTE: single-invocation output is SMOKE-GRADE only. For win/loss
    claims use scripts/bench/strict_22q.sh / strict_ab.sh /
    strict_throughput.sh (see scripts/bench/README.md).

--- Q18 ---
  DuckDB       1522.05 ms ±  0.00  (624 rows)

--- Q21 ---
  DuckDB       3119.00 ms ±  0.00  (4009 rows)

--- Q03 ---
  DuckDB       1213.00 ms ±  0.00  (114003 rows)

--- Q15 ---
  DuckDB        579.40 ms ±  0.00  (1 rows)

--- Q13 ---
  DuckDB       1883.16 ms ±  0.00  (46 rows)

--- Q11 ---
  DuckDB        140.10 ms ±  0.00  (8685 rows)

--- Q08 ---
  DuckDB       1310.16 ms ±  0.00  (2 rows)

--- Q22 ---
  DuckDB        413.68 ms ±  0.00  (7 rows)

--- Q16 ---
  DuckDB        314.13 ms ±  0.00  (27840 rows)

--- Q05 ---
  DuckDB       1068.08 ms ±  0.00  (5 rows)

--- Q19 ---
  DuckDB       1732.26 ms ±  0.00  (1 rows)

--- Q07 ---
  DuckDB       1100.33 ms ±  0.00  (4 rows)

--- Q04 ---
  DuckDB        618.33 ms ±  0.00  (5 rows)

--- Q01 ---
  DuckDB       2044.39 ms ±  0.00  (4 rows)

--- Q02 ---
  DuckDB        216.10 ms ±  0.00  (4667 rows)

--- Q09 ---
  DuckDB       2357.73 ms ±  0.00  (175 rows)

--- Q06 ---
  DuckDB        527.42 ms ±  0.00  (1 rows)

--- Q20 ---
  DuckDB        831.60 ms ±  0.00  (1804 rows)

--- Q12 ---
  DuckDB        758.86 ms ±  0.00  (2 rows)

--- Q10 ---
  DuckDB       1896.46 ms ±  0.00  (381105 rows)

--- Q14 ---
  DuckDB        754.18 ms ±  0.00  (1 rows)

--- Q17 ---
  DuckDB        992.58 ms ±  0.00  (1 rows)

wrote /Users/ryanevans/RustroverProjects/ematix-flow/bench-results/campaign-2026-07-01/tput-sf10/duckdb/s100/batch-2/stream-17.md
