=== TPC-H 22 triangulation bench ===
    data:    /Users/ryanevans/RustroverProjects/ematix-flow/examples/tpch/data/sf10
    queries: 22 ([1, 8, 5, 4, 9, 3, 7, 10, 13, 18, 6, 12, 20, 11, 21, 16, 17, 2, 22, 14, 19, 15])
    trials:  1 (after 0 warmups)
    output:  /Users/ryanevans/RustroverProjects/ematix-flow/bench-results/campaign-2026-07-01/tput-sf10/duckdb/s100/batch-2/stream-75.md

    NOTE: single-invocation output is SMOKE-GRADE only. For win/loss
    claims use scripts/bench/strict_22q.sh / strict_ab.sh /
    strict_throughput.sh (see scripts/bench/README.md).

--- Q01 ---
  DuckDB       2123.75 ms ±  0.00  (4 rows)

--- Q08 ---
  DuckDB       1198.84 ms ±  0.00  (2 rows)

--- Q05 ---
  DuckDB       1177.01 ms ±  0.00  (5 rows)

--- Q04 ---
  DuckDB        678.07 ms ±  0.00  (5 rows)

--- Q09 ---
  DuckDB       2537.97 ms ±  0.00  (175 rows)

--- Q03 ---
  DuckDB       1037.16 ms ±  0.00  (114003 rows)

--- Q07 ---
  DuckDB       1043.16 ms ±  0.00  (4 rows)

--- Q10 ---
  DuckDB       2061.50 ms ±  0.00  (381105 rows)

--- Q13 ---
  DuckDB       1957.25 ms ±  0.00  (46 rows)

--- Q18 ---
  DuckDB       1886.52 ms ±  0.00  (624 rows)

--- Q06 ---
  DuckDB        449.16 ms ±  0.00  (1 rows)

--- Q12 ---
  DuckDB        799.11 ms ±  0.00  (2 rows)

--- Q20 ---
  DuckDB        935.55 ms ±  0.00  (1804 rows)

--- Q11 ---
  DuckDB        182.81 ms ±  0.00  (8685 rows)

--- Q21 ---
  DuckDB       3000.22 ms ±  0.00  (4009 rows)

--- Q16 ---
  DuckDB        325.82 ms ±  0.00  (27840 rows)

--- Q17 ---
  DuckDB       1043.32 ms ±  0.00  (1 rows)

--- Q02 ---
  DuckDB        325.80 ms ±  0.00  (4667 rows)

--- Q22 ---
  DuckDB        565.56 ms ±  0.00  (7 rows)

--- Q14 ---
  DuckDB       1070.83 ms ±  0.00  (1 rows)

--- Q19 ---
  DuckDB       1758.12 ms ±  0.00  (1 rows)

--- Q15 ---
  DuckDB        495.06 ms ±  0.00  (1 rows)

wrote /Users/ryanevans/RustroverProjects/ematix-flow/bench-results/campaign-2026-07-01/tput-sf10/duckdb/s100/batch-2/stream-75.md
