=== TPC-H 22 triangulation bench ===
    data:    /Users/ryanevans/RustroverProjects/ematix-flow/examples/tpch/data/sf10
    queries: 22 ([5, 9, 4, 2, 7, 20, 12, 6, 21, 10, 8, 22, 3, 1, 14, 16, 13, 19, 18, 11, 15, 17])
    trials:  1 (after 0 warmups)
    output:  /Users/ryanevans/RustroverProjects/ematix-flow/bench-results/campaign-2026-07-01/tput-sf10/duckdb/s100/batch-2/stream-81.md

    NOTE: single-invocation output is SMOKE-GRADE only. For win/loss
    claims use scripts/bench/strict_22q.sh / strict_ab.sh /
    strict_throughput.sh (see scripts/bench/README.md).

--- Q05 ---
  DuckDB       1078.81 ms ±  0.00  (5 rows)

--- Q09 ---
  DuckDB       2281.46 ms ±  0.00  (175 rows)

--- Q04 ---
  DuckDB        575.91 ms ±  0.00  (5 rows)

--- Q02 ---
  DuckDB        315.28 ms ±  0.00  (4667 rows)

--- Q07 ---
  DuckDB       1101.59 ms ±  0.00  (4 rows)

--- Q20 ---
  DuckDB        935.38 ms ±  0.00  (1804 rows)

--- Q12 ---
  DuckDB        662.58 ms ±  0.00  (2 rows)

--- Q06 ---
  DuckDB        511.33 ms ±  0.00  (1 rows)

--- Q21 ---
  DuckDB       2994.56 ms ±  0.00  (4009 rows)

--- Q10 ---
  DuckDB       1624.10 ms ±  0.00  (381105 rows)

--- Q08 ---
  DuckDB       1345.95 ms ±  0.00  (2 rows)

--- Q22 ---
  DuckDB        465.76 ms ±  0.00  (7 rows)

--- Q03 ---
  DuckDB        845.43 ms ±  0.00  (114003 rows)

--- Q01 ---
  DuckDB       2009.12 ms ±  0.00  (4 rows)

--- Q14 ---
  DuckDB        824.14 ms ±  0.00  (1 rows)

--- Q16 ---
  DuckDB        385.37 ms ±  0.00  (27840 rows)

--- Q13 ---
  DuckDB       2132.30 ms ±  0.00  (46 rows)

--- Q19 ---
  DuckDB       1598.70 ms ±  0.00  (1 rows)

--- Q18 ---
  DuckDB       1684.97 ms ±  0.00  (624 rows)

--- Q11 ---
  DuckDB         99.05 ms ±  0.00  (8685 rows)

--- Q15 ---
  DuckDB        610.38 ms ±  0.00  (1 rows)

--- Q17 ---
  DuckDB       1147.48 ms ±  0.00  (1 rows)

wrote /Users/ryanevans/RustroverProjects/ematix-flow/bench-results/campaign-2026-07-01/tput-sf10/duckdb/s100/batch-2/stream-81.md
