=== TPC-H 22 triangulation bench ===
    data:    /Users/ryanevans/RustroverProjects/ematix-flow/examples/tpch/data/sf10
    queries: 22 ([2, 14, 17, 6, 11, 7, 20, 13, 15, 4, 9, 21, 22, 1, 10, 3, 16, 12, 5, 18, 19, 8])
    trials:  1 (after 0 warmups)
    output:  /Users/ryanevans/RustroverProjects/ematix-flow/bench-results/campaign-2026-07-01/tput-sf10/duckdb/s100/batch-2/stream-3.md

    NOTE: single-invocation output is SMOKE-GRADE only. For win/loss
    claims use scripts/bench/strict_22q.sh / strict_ab.sh /
    strict_throughput.sh (see scripts/bench/README.md).

--- Q02 ---
  DuckDB        125.48 ms ±  0.00  (4667 rows)

--- Q14 ---
  DuckDB        781.06 ms ±  0.00  (1 rows)

--- Q17 ---
  DuckDB       1307.08 ms ±  0.00  (1 rows)

--- Q06 ---
  DuckDB        581.90 ms ±  0.00  (1 rows)

--- Q11 ---
  DuckDB         96.43 ms ±  0.00  (8685 rows)

--- Q07 ---
  DuckDB       1134.22 ms ±  0.00  (4 rows)

--- Q20 ---
  DuckDB       1262.86 ms ±  0.00  (1804 rows)

--- Q13 ---
  DuckDB       1994.15 ms ±  0.00  (46 rows)

--- Q15 ---
  DuckDB        696.25 ms ±  0.00  (1 rows)

--- Q04 ---
  DuckDB        587.88 ms ±  0.00  (5 rows)

--- Q09 ---
  DuckDB       2345.60 ms ±  0.00  (175 rows)

--- Q21 ---
  DuckDB       3032.83 ms ±  0.00  (4009 rows)

--- Q22 ---
  DuckDB        315.00 ms ±  0.00  (7 rows)

--- Q01 ---
  DuckDB       2068.29 ms ±  0.00  (4 rows)

--- Q10 ---
  DuckDB       2084.77 ms ±  0.00  (381105 rows)

--- Q03 ---
  DuckDB        900.04 ms ±  0.00  (114003 rows)

--- Q16 ---
  DuckDB        412.79 ms ±  0.00  (27840 rows)

--- Q12 ---
  DuckDB        692.69 ms ±  0.00  (2 rows)

--- Q05 ---
  DuckDB       1235.68 ms ±  0.00  (5 rows)

--- Q18 ---
  DuckDB       1586.88 ms ±  0.00  (624 rows)

--- Q19 ---
  DuckDB       1565.30 ms ±  0.00  (1 rows)

--- Q08 ---
  DuckDB       1090.41 ms ±  0.00  (2 rows)

wrote /Users/ryanevans/RustroverProjects/ematix-flow/bench-results/campaign-2026-07-01/tput-sf10/duckdb/s100/batch-2/stream-3.md
