=== TPC-H 22 triangulation bench ===
    data:    /Users/ryanevans/RustroverProjects/ematix-flow/examples/tpch/data/sf10
    queries: 22 ([21, 4, 5, 2, 11, 9, 14, 10, 6, 3, 13, 1, 22, 8, 18, 12, 19, 16, 17, 15, 7, 20])
    trials:  1 (after 0 warmups)
    output:  /Users/ryanevans/RustroverProjects/ematix-flow/bench-results/campaign-2026-07-01/tput-sf10/duckdb/s100/batch-2/stream-53.md

    NOTE: single-invocation output is SMOKE-GRADE only. For win/loss
    claims use scripts/bench/strict_22q.sh / strict_ab.sh /
    strict_throughput.sh (see scripts/bench/README.md).

--- Q21 ---
  DuckDB       3005.46 ms ±  0.00  (4009 rows)

--- Q04 ---
  DuckDB        862.62 ms ±  0.00  (5 rows)

--- Q05 ---
  DuckDB       1007.68 ms ±  0.00  (5 rows)

--- Q02 ---
  DuckDB        178.73 ms ±  0.00  (4667 rows)

--- Q11 ---
  DuckDB        183.45 ms ±  0.00  (8685 rows)

--- Q09 ---
  DuckDB       2393.34 ms ±  0.00  (175 rows)

--- Q14 ---
  DuckDB       1009.49 ms ±  0.00  (1 rows)

--- Q10 ---
  DuckDB       1675.32 ms ±  0.00  (381105 rows)

--- Q06 ---
  DuckDB        512.05 ms ±  0.00  (1 rows)

--- Q03 ---
  DuckDB       1165.66 ms ±  0.00  (114003 rows)

--- Q13 ---
  DuckDB       1938.04 ms ±  0.00  (46 rows)

--- Q01 ---
  DuckDB       2075.66 ms ±  0.00  (4 rows)

--- Q22 ---
  DuckDB        260.70 ms ±  0.00  (7 rows)

--- Q08 ---
  DuckDB       1595.91 ms ±  0.00  (2 rows)

--- Q18 ---
  DuckDB       1637.90 ms ±  0.00  (624 rows)

--- Q12 ---
  DuckDB        823.66 ms ±  0.00  (2 rows)

--- Q19 ---
  DuckDB       1353.54 ms ±  0.00  (1 rows)

--- Q16 ---
  DuckDB        273.56 ms ±  0.00  (27840 rows)

--- Q17 ---
  DuckDB       1060.87 ms ±  0.00  (1 rows)

--- Q15 ---
  DuckDB        490.46 ms ±  0.00  (1 rows)

--- Q07 ---
  DuckDB       1084.95 ms ±  0.00  (4 rows)

--- Q20 ---
  DuckDB       1111.31 ms ±  0.00  (1804 rows)

wrote /Users/ryanevans/RustroverProjects/ematix-flow/bench-results/campaign-2026-07-01/tput-sf10/duckdb/s100/batch-2/stream-53.md
