=== TPC-H 22 triangulation bench ===
    data:    /Users/ryanevans/RustroverProjects/ematix-flow/examples/tpch/data/sf10
    queries: 22 ([7, 20, 9, 21, 13, 11, 10, 22, 17, 14, 4, 1, 19, 2, 3, 16, 18, 8, 6, 12, 15, 5])
    trials:  1 (after 0 warmups)
    output:  /Users/ryanevans/RustroverProjects/ematix-flow/bench-results/campaign-2026-07-01/tput-sf10/duckdb/s100/batch-2/stream-79.md

    NOTE: single-invocation output is SMOKE-GRADE only. For win/loss
    claims use scripts/bench/strict_22q.sh / strict_ab.sh /
    strict_throughput.sh (see scripts/bench/README.md).

--- Q07 ---
  DuckDB        968.35 ms ±  0.00  (4 rows)

--- Q20 ---
  DuckDB        899.99 ms ±  0.00  (1804 rows)

--- Q09 ---
  DuckDB       2352.77 ms ±  0.00  (175 rows)

--- Q21 ---
  DuckDB       2784.04 ms ±  0.00  (4009 rows)

--- Q13 ---
  DuckDB       1950.47 ms ±  0.00  (46 rows)

--- Q11 ---
  DuckDB        156.87 ms ±  0.00  (8685 rows)

--- Q10 ---
  DuckDB       1900.89 ms ±  0.00  (381105 rows)

--- Q22 ---
  DuckDB        279.90 ms ±  0.00  (7 rows)

--- Q17 ---
  DuckDB       1221.64 ms ±  0.00  (1 rows)

--- Q14 ---
  DuckDB       1182.38 ms ±  0.00  (1 rows)

--- Q04 ---
  DuckDB        705.10 ms ±  0.00  (5 rows)

--- Q01 ---
  DuckDB       2030.76 ms ±  0.00  (4 rows)

--- Q19 ---
  DuckDB       1588.78 ms ±  0.00  (1 rows)

--- Q02 ---
  DuckDB        136.43 ms ±  0.00  (4667 rows)

--- Q03 ---
  DuckDB        900.91 ms ±  0.00  (114003 rows)

--- Q16 ---
  DuckDB        368.01 ms ±  0.00  (27840 rows)

--- Q18 ---
  DuckDB       1356.85 ms ±  0.00  (624 rows)

--- Q08 ---
  DuckDB       1331.92 ms ±  0.00  (2 rows)

--- Q06 ---
  DuckDB        411.22 ms ±  0.00  (1 rows)

--- Q12 ---
  DuckDB        787.71 ms ±  0.00  (2 rows)

--- Q15 ---
  DuckDB        581.92 ms ±  0.00  (1 rows)

--- Q05 ---
  DuckDB       1010.21 ms ±  0.00  (5 rows)

wrote /Users/ryanevans/RustroverProjects/ematix-flow/bench-results/campaign-2026-07-01/tput-sf10/duckdb/s100/batch-2/stream-79.md
