=== TPC-H 22 triangulation bench ===
    data:    /Users/ryanevans/RustroverProjects/ematix-flow/examples/tpch/data/sf10
    queries: 22 ([19, 22, 14, 11, 5, 18, 8, 16, 7, 20, 13, 1, 15, 4, 17, 9, 10, 6, 12, 21, 3, 2])
    trials:  1 (after 0 warmups)
    output:  bench-results/sched-diag-2026-07-03/auto-rayon2/ematix/s10/batch-2/stream-2.md

    NOTE: single-invocation output is SMOKE-GRADE only. For win/loss
    claims use scripts/bench/strict_22q.sh / strict_ab.sh /
    strict_throughput.sh (see scripts/bench/README.md).

--- Q19 ---
  ematix-flow   335.87 ms ±  0.00  (1 rows)

--- Q22 ---
  ematix-flow   438.94 ms ±  0.00  (7 rows)

--- Q14 ---
  ematix-flow   346.41 ms ±  0.00  (1 rows)

--- Q11 ---
  ematix-flow   167.87 ms ±  0.00  (8685 rows)

--- Q05 ---
  ematix-flow  1215.66 ms ±  0.00  (5 rows)

--- Q18 ---
  ematix-flow  2821.49 ms ±  0.00  (624 rows)

--- Q08 ---
  ematix-flow   971.39 ms ±  0.00  (2 rows)

--- Q16 ---
  ematix-flow   316.30 ms ±  0.00  (27840 rows)

--- Q07 ---
  ematix-flow  1213.85 ms ±  0.00  (4 rows)

--- Q20 ---
  ematix-flow  1271.80 ms ±  0.00  (1804 rows)

--- Q13 ---
  ematix-flow  1475.63 ms ±  0.00  (46 rows)

--- Q01 ---
  ematix-flow  3364.12 ms ±  0.00  (4 rows)

--- Q15 ---
  ematix-flow   457.60 ms ±  0.00  (1 rows)

--- Q04 ---
  ematix-flow   789.47 ms ±  0.00  (5 rows)

--- Q17 ---
  ematix-flow   990.14 ms ±  0.00  (1 rows)

--- Q09 ---
  ematix-flow  3298.04 ms ±  0.00  (175 rows)

--- Q10 ---
  ematix-flow  1992.27 ms ±  0.00  (381105 rows)

--- Q06 ---
  ematix-flow   377.80 ms ±  0.00  (1 rows)

--- Q12 ---
  ematix-flow   929.73 ms ±  0.00  (2 rows)

--- Q21 ---
  ematix-flow  3069.95 ms ±  0.00  (4009 rows)

--- Q03 ---
  ematix-flow  1347.94 ms ±  0.00  (114003 rows)

--- Q02 ---
  ematix-flow   103.06 ms ±  0.00  (4667 rows)

wrote bench-results/sched-diag-2026-07-03/auto-rayon2/ematix/s10/batch-2/stream-2.md
