=== TPC-H 22 triangulation bench ===
    data:    /Users/ryanevans/RustroverProjects/ematix-flow/examples/tpch/data/sf10
    queries: 22 ([6, 18, 21, 16, 8, 15, 22, 20, 7, 19, 14, 17, 9, 1, 10, 12, 4, 3, 2, 13, 5, 11])
    trials:  1 (after 0 warmups)
    output:  /Users/ryanevans/RustroverProjects/ematix-flow/bench-results/campaign-2026-07-01/tput-sf10/ematix/s10/batch-1/stream-7.md

    NOTE: single-invocation output is SMOKE-GRADE only. For win/loss
    claims use scripts/bench/strict_22q.sh / strict_ab.sh /
    strict_throughput.sh (see scripts/bench/README.md).

--- Q06 ---
  ematix-flow   131.01 ms ±  0.00  (1 rows)

--- Q18 ---
  ematix-flow  6726.17 ms ±  0.00  (624 rows)

--- Q21 ---
  ematix-flow  11021.93 ms ±  0.00  (4009 rows)

--- Q16 ---
  ematix-flow   979.54 ms ±  0.00  (27840 rows)

--- Q08 ---
  ematix-flow  6258.93 ms ±  0.00  (2 rows)

--- Q15 ---
  ematix-flow   982.74 ms ±  0.00  (1 rows)

--- Q22 ---
  ematix-flow   655.50 ms ±  0.00  (7 rows)

--- Q20 ---
  ematix-flow  4090.92 ms ±  0.00  (1804 rows)

--- Q07 ---
  ematix-flow  4219.01 ms ±  0.00  (4 rows)

--- Q19 ---
  ematix-flow  1380.32 ms ±  0.00  (1 rows)

--- Q14 ---
  ematix-flow  1766.12 ms ±  0.00  (1 rows)

--- Q17 ---
  ematix-flow  5765.49 ms ±  0.00  (1 rows)

--- Q09 ---
  ematix-flow  18625.17 ms ±  0.00  (175 rows)

--- Q01 ---
  ematix-flow  4011.65 ms ±  0.00  (4 rows)

--- Q10 ---
  ematix-flow  6658.05 ms ±  0.00  (381105 rows)

--- Q12 ---
  ematix-flow  1256.14 ms ±  0.00  (2 rows)

--- Q04 ---
  ematix-flow  2794.50 ms ±  0.00  (5 rows)

--- Q03 ---
  ematix-flow  5729.61 ms ±  0.00  (114003 rows)

--- Q02 ---
  ematix-flow   790.02 ms ±  0.00  (4667 rows)

--- Q13 ---
  ematix-flow  5704.27 ms ±  0.00  (46 rows)

--- Q05 ---
  ematix-flow  3316.64 ms ±  0.00  (5 rows)

--- Q11 ---
  ematix-flow   612.13 ms ±  0.00  (8685 rows)

wrote /Users/ryanevans/RustroverProjects/ematix-flow/bench-results/campaign-2026-07-01/tput-sf10/ematix/s10/batch-1/stream-7.md
