=== TPC-H 22 triangulation bench ===
    data:    /Users/ryanevans/RustroverProjects/ematix-flow/examples/tpch/data/sf10
    queries: 22 ([22, 12, 11, 19, 21, 15, 18, 6, 20, 14, 17, 9, 7, 1, 2, 3, 5, 16, 13, 4, 10, 8])
    trials:  1 (after 0 warmups)
    output:  /Users/ryanevans/RustroverProjects/ematix-flow/bench-results/campaign-2026-07-01/tput-sf10/ematix/s10/batch-1/stream-4.md

    NOTE: single-invocation output is SMOKE-GRADE only. For win/loss
    claims use scripts/bench/strict_22q.sh / strict_ab.sh /
    strict_throughput.sh (see scripts/bench/README.md).

--- Q22 ---
  ematix-flow   230.08 ms ±  0.00  (7 rows)

--- Q12 ---
  ematix-flow   597.22 ms ±  0.00  (2 rows)

--- Q11 ---
  ematix-flow   414.54 ms ±  0.00  (8685 rows)

--- Q19 ---
  ematix-flow   746.55 ms ±  0.00  (1 rows)

--- Q21 ---
  ematix-flow  10142.09 ms ±  0.00  (4009 rows)

--- Q15 ---
  ematix-flow   798.60 ms ±  0.00  (1 rows)

--- Q18 ---
  ematix-flow  7541.76 ms ±  0.00  (624 rows)

--- Q06 ---
  ematix-flow  2364.23 ms ±  0.00  (1 rows)

--- Q20 ---
  ematix-flow  3871.50 ms ±  0.00  (1804 rows)

--- Q14 ---
  ematix-flow  1268.74 ms ±  0.00  (1 rows)

--- Q17 ---
  ematix-flow  3078.53 ms ±  0.00  (1 rows)

--- Q09 ---
  ematix-flow  28545.59 ms ±  0.00  (175 rows)

--- Q07 ---
  ematix-flow  4365.47 ms ±  0.00  (4 rows)

--- Q01 ---
  ematix-flow  4270.75 ms ±  0.00  (4 rows)

--- Q02 ---
  ematix-flow  1646.93 ms ±  0.00  (4667 rows)

--- Q03 ---
  ematix-flow  6550.64 ms ±  0.00  (114003 rows)

--- Q05 ---
  ematix-flow  8138.77 ms ±  0.00  (5 rows)

--- Q16 ---
  ematix-flow  1937.08 ms ±  0.00  (27840 rows)

--- Q13 ---
  ematix-flow  5085.83 ms ±  0.00  (46 rows)

--- Q04 ---
  ematix-flow  1250.60 ms ±  0.00  (5 rows)

--- Q10 ---
  ematix-flow  1545.07 ms ±  0.00  (381105 rows)

--- Q08 ---
  ematix-flow   423.52 ms ±  0.00  (2 rows)

wrote /Users/ryanevans/RustroverProjects/ematix-flow/bench-results/campaign-2026-07-01/tput-sf10/ematix/s10/batch-1/stream-4.md
