=== TPC-H 22 triangulation bench ===
    data:    /Users/ryanevans/RustroverProjects/ematix-flow/examples/tpch/data/sf10
    queries: 22 ([4, 13, 6, 17, 21, 10, 12, 22, 9, 18, 3, 11, 5, 8, 20, 15, 7, 1, 16, 14, 2, 19])
    trials:  1 (after 0 warmups)
    output:  /Users/ryanevans/RustroverProjects/ematix-flow/bench-results/campaign-2026-07-01/tput-sf10/ematix/s10/batch-1/stream-10.md

    NOTE: single-invocation output is SMOKE-GRADE only. For win/loss
    claims use scripts/bench/strict_22q.sh / strict_ab.sh /
    strict_throughput.sh (see scripts/bench/README.md).

--- Q04 ---
  ematix-flow  1011.34 ms ±  0.00  (5 rows)

--- Q13 ---
  ematix-flow  4227.79 ms ±  0.00  (46 rows)

--- Q06 ---
  ematix-flow  1085.89 ms ±  0.00  (1 rows)

--- Q17 ---
  ematix-flow  3093.61 ms ±  0.00  (1 rows)

--- Q21 ---
  ematix-flow  9640.88 ms ±  0.00  (4009 rows)

--- Q10 ---
  ematix-flow  6830.31 ms ±  0.00  (381105 rows)

--- Q12 ---
  ematix-flow  1056.26 ms ±  0.00  (2 rows)

--- Q22 ---
  ematix-flow  1540.73 ms ±  0.00  (7 rows)

--- Q09 ---
  ematix-flow  27996.07 ms ±  0.00  (175 rows)

--- Q18 ---
  ematix-flow  9035.32 ms ±  0.00  (624 rows)

--- Q03 ---
  ematix-flow  3596.29 ms ±  0.00  (114003 rows)

--- Q11 ---
  ematix-flow   682.86 ms ±  0.00  (8685 rows)

--- Q05 ---
  ematix-flow  14043.02 ms ±  0.00  (5 rows)

--- Q08 ---
  ematix-flow  5527.49 ms ±  0.00  (2 rows)

--- Q20 ---
  ematix-flow  1605.38 ms ±  0.00  (1804 rows)

--- Q15 ---
  ematix-flow   338.74 ms ±  0.00  (1 rows)

--- Q07 ---
  ematix-flow  1047.34 ms ±  0.00  (4 rows)

--- Q01 ---
  ematix-flow  1137.52 ms ±  0.00  (4 rows)

--- Q16 ---
  ematix-flow   135.39 ms ±  0.00  (27840 rows)

--- Q14 ---
  ematix-flow    96.55 ms ±  0.00  (1 rows)

--- Q02 ---
  ematix-flow    25.72 ms ±  0.00  (4667 rows)

--- Q19 ---
  ematix-flow   140.29 ms ±  0.00  (1 rows)

wrote /Users/ryanevans/RustroverProjects/ematix-flow/bench-results/campaign-2026-07-01/tput-sf10/ematix/s10/batch-1/stream-10.md
