=== TPC-H 22 triangulation bench ===
    data:    /Users/ryanevans/RustroverProjects/ematix-flow/examples/tpch/data/sf100
    queries: 22 ([20, 6, 14, 10, 21, 22, 12, 13, 1, 17, 2, 18, 7, 11, 8, 15, 16, 4, 9, 3, 19, 5])
    trials:  1 (after 0 warmups)
    output:  bench-results/tput-rebaseline-2026-07-03/sf100-auto/duckdb/s10/batch-1/stream-1.md

    NOTE: single-invocation output is SMOKE-GRADE only. For win/loss
    claims use scripts/bench/strict_22q.sh / strict_ab.sh /
    strict_throughput.sh (see scripts/bench/README.md).

--- Q20 ---
  DuckDB       3632.13 ms ±  0.00  (17971 rows)

--- Q06 ---
  DuckDB       2074.49 ms ±  0.00  (1 rows)

--- Q14 ---
  DuckDB       2899.08 ms ±  0.00  (1 rows)

--- Q10 ---
  DuckDB       5569.21 ms ±  0.00  (3884218 rows)

--- Q21 ---
  DuckDB       13691.27 ms ±  0.00  (39950 rows)

--- Q22 ---
  DuckDB       1396.55 ms ±  0.00  (7 rows)

--- Q12 ---
  DuckDB       3725.12 ms ±  0.00  (2 rows)

--- Q13 ---
  DuckDB       7548.42 ms ±  0.00  (45 rows)

--- Q01 ---
  DuckDB       11268.09 ms ±  0.00  (4 rows)

--- Q17 ---
  DuckDB       5773.34 ms ±  0.00  (1 rows)

--- Q02 ---
  DuckDB        977.51 ms ±  0.00  (47107 rows)

--- Q18 ---
  DuckDB       6760.81 ms ±  0.00  (6398 rows)

--- Q07 ---
  DuckDB       6237.53 ms ±  0.00  (4 rows)

--- Q11 ---
  DuckDB        542.10 ms ±  0.00  (92698 rows)

--- Q08 ---
  DuckDB       9410.18 ms ±  0.00  (2 rows)

--- Q15 ---
  DuckDB       6097.10 ms ±  0.00  (1 rows)

--- Q16 ---
  DuckDB       1375.98 ms ±  0.00  (27840 rows)

--- Q04 ---
  DuckDB       4441.42 ms ±  0.00  (5 rows)

--- Q09 ---
  DuckDB       11962.10 ms ±  0.00  (175 rows)

--- Q03 ---
  DuckDB       6343.62 ms ±  0.00  (1131041 rows)

--- Q19 ---
  DuckDB       6210.53 ms ±  0.00  (1 rows)

--- Q05 ---
  DuckDB       6072.05 ms ±  0.00  (5 rows)

wrote bench-results/tput-rebaseline-2026-07-03/sf100-auto/duckdb/s10/batch-1/stream-1.md
