=== TPC-H 22 triangulation bench ===
    data:    /Users/ryanevans/RustroverProjects/ematix-flow/examples/tpch/data/sf100
    queries: 22 ([13, 18, 3, 7, 11, 4, 21, 16, 14, 22, 2, 10, 8, 19, 17, 1, 6, 5, 9, 12, 20, 15])
    trials:  1 (after 0 warmups)
    output:  bench-results/tput-rebaseline-2026-07-03/sf100-auto/duckdb/s10/batch-1/stream-9.md

    NOTE: single-invocation output is SMOKE-GRADE only. For win/loss
    claims use scripts/bench/strict_22q.sh / strict_ab.sh /
    strict_throughput.sh (see scripts/bench/README.md).

--- Q13 ---
  DuckDB       6425.08 ms ±  0.00  (45 rows)

--- Q18 ---
  DuckDB       7713.88 ms ±  0.00  (6398 rows)

--- Q03 ---
  DuckDB       5338.40 ms ±  0.00  (1131041 rows)

--- Q07 ---
  DuckDB       5029.60 ms ±  0.00  (4 rows)

--- Q11 ---
  DuckDB        861.25 ms ±  0.00  (92698 rows)

--- Q04 ---
  DuckDB       3356.27 ms ±  0.00  (5 rows)

--- Q21 ---
  DuckDB       11705.49 ms ±  0.00  (39950 rows)

--- Q16 ---
  DuckDB       1147.32 ms ±  0.00  (27840 rows)

--- Q14 ---
  DuckDB       3262.08 ms ±  0.00  (1 rows)

--- Q22 ---
  DuckDB       1595.20 ms ±  0.00  (7 rows)

--- Q02 ---
  DuckDB       1057.19 ms ±  0.00  (47107 rows)

--- Q10 ---
  DuckDB       15521.23 ms ±  0.00  (3884218 rows)

--- Q08 ---
  DuckDB       15768.73 ms ±  0.00  (2 rows)

--- Q19 ---
  DuckDB       17072.78 ms ±  0.00  (1 rows)

--- Q17 ---
  DuckDB       12261.26 ms ±  0.00  (1 rows)

--- Q01 ---
  DuckDB       8717.74 ms ±  0.00  (4 rows)

--- Q06 ---
  DuckDB       1856.30 ms ±  0.00  (1 rows)

--- Q05 ---
  DuckDB       4677.23 ms ±  0.00  (5 rows)

--- Q09 ---
  DuckDB       13233.61 ms ±  0.00  (175 rows)

--- Q12 ---
  DuckDB       4899.04 ms ±  0.00  (2 rows)

--- Q20 ---
  DuckDB       5282.51 ms ±  0.00  (17971 rows)

--- Q15 ---
  DuckDB       3381.12 ms ±  0.00  (1 rows)

wrote bench-results/tput-rebaseline-2026-07-03/sf100-auto/duckdb/s10/batch-1/stream-9.md
