=== TPC-H 22 triangulation bench ===
    data:    /Users/ryanevans/RustroverProjects/ematix-flow/examples/tpch/data/sf100
    queries: 22 ([17, 21, 15, 19, 6, 10, 11, 22, 1, 18, 14, 9, 20, 4, 16, 3, 2, 7, 5, 13, 12, 8])
    trials:  1 (after 0 warmups)
    output:  bench-results/tput-rebaseline-2026-07-03/sf100-auto/duckdb/s10/batch-1/stream-8.md

    NOTE: single-invocation output is SMOKE-GRADE only. For win/loss
    claims use scripts/bench/strict_22q.sh / strict_ab.sh /
    strict_throughput.sh (see scripts/bench/README.md).

--- Q17 ---
  DuckDB       4419.82 ms ±  0.00  (1 rows)

--- Q21 ---
  DuckDB       13732.52 ms ±  0.00  (39950 rows)

--- Q15 ---
  DuckDB       4034.44 ms ±  0.00  (1 rows)

--- Q19 ---
  DuckDB       5587.62 ms ±  0.00  (1 rows)

--- Q06 ---
  DuckDB       2225.13 ms ±  0.00  (1 rows)

--- Q10 ---
  DuckDB       5426.20 ms ±  0.00  (3884218 rows)

--- Q11 ---
  DuckDB        613.19 ms ±  0.00  (92698 rows)

--- Q22 ---
  DuckDB       1456.99 ms ±  0.00  (7 rows)

--- Q01 ---
  DuckDB       8692.42 ms ±  0.00  (4 rows)

--- Q18 ---
  DuckDB       7331.45 ms ±  0.00  (6398 rows)

--- Q14 ---
  DuckDB       7440.43 ms ±  0.00  (1 rows)

--- Q09 ---
  DuckDB       69497.52 ms ±  0.00  (175 rows)

--- Q20 ---
  DuckDB       4326.50 ms ±  0.00  (17971 rows)

--- Q04 ---
  DuckDB       3243.77 ms ±  0.00  (5 rows)

--- Q16 ---
  DuckDB       1054.94 ms ±  0.00  (27840 rows)

--- Q03 ---
  DuckDB       3990.95 ms ±  0.00  (1131041 rows)

--- Q02 ---
  DuckDB       1703.89 ms ±  0.00  (47107 rows)

--- Q07 ---
  DuckDB       6393.14 ms ±  0.00  (4 rows)

--- Q05 ---
  DuckDB       5112.74 ms ±  0.00  (5 rows)

--- Q13 ---
  DuckDB       5567.25 ms ±  0.00  (45 rows)

--- Q12 ---
  DuckDB       4401.41 ms ±  0.00  (2 rows)

--- Q08 ---
  DuckDB       4736.21 ms ±  0.00  (2 rows)

wrote bench-results/tput-rebaseline-2026-07-03/sf100-auto/duckdb/s10/batch-1/stream-8.md
