=== TPC-H 22 triangulation bench ===
    data:    /Users/ryanevans/RustroverProjects/ematix-flow/examples/tpch/data/sf100
    queries: 22 ([2, 14, 17, 6, 11, 7, 20, 13, 15, 4, 9, 21, 22, 1, 10, 3, 16, 12, 5, 18, 19, 8])
    trials:  1 (after 0 warmups)
    output:  bench-results/tput-rebaseline-2026-07-03/sf100-auto/duckdb/s10/batch-1/stream-3.md

    NOTE: single-invocation output is SMOKE-GRADE only. For win/loss
    claims use scripts/bench/strict_22q.sh / strict_ab.sh /
    strict_throughput.sh (see scripts/bench/README.md).

--- Q02 ---
  DuckDB        787.98 ms ±  0.00  (47107 rows)

--- Q14 ---
  DuckDB       2800.81 ms ±  0.00  (1 rows)

--- Q17 ---
  DuckDB       4135.42 ms ±  0.00  (1 rows)

--- Q06 ---
  DuckDB       2054.34 ms ±  0.00  (1 rows)

--- Q11 ---
  DuckDB        518.83 ms ±  0.00  (92698 rows)

--- Q07 ---
  DuckDB       4288.62 ms ±  0.00  (4 rows)

--- Q20 ---
  DuckDB       4473.15 ms ±  0.00  (17971 rows)

--- Q13 ---
  DuckDB       5799.68 ms ±  0.00  (45 rows)

--- Q15 ---
  DuckDB       3818.64 ms ±  0.00  (1 rows)

--- Q04 ---
  DuckDB       3238.22 ms ±  0.00  (5 rows)

--- Q09 ---
  DuckDB       26550.19 ms ±  0.00  (175 rows)

--- Q21 ---
  DuckDB       12594.78 ms ±  0.00  (39950 rows)

--- Q22 ---
  DuckDB       1406.48 ms ±  0.00  (7 rows)

--- Q01 ---
  DuckDB       8929.75 ms ±  0.00  (4 rows)

--- Q10 ---
  DuckDB       8560.33 ms ±  0.00  (3884218 rows)

--- Q03 ---
  DuckDB       5993.92 ms ±  0.00  (1131041 rows)

--- Q16 ---
  DuckDB       1487.07 ms ±  0.00  (27840 rows)

--- Q12 ---
  DuckDB       6815.00 ms ±  0.00  (2 rows)

--- Q05 ---
  DuckDB       5087.53 ms ±  0.00  (5 rows)

--- Q18 ---
  DuckDB       7054.03 ms ±  0.00  (6398 rows)

--- Q19 ---
  DuckDB       6290.21 ms ±  0.00  (1 rows)

--- Q08 ---
  DuckDB       7367.04 ms ±  0.00  (2 rows)

wrote bench-results/tput-rebaseline-2026-07-03/sf100-auto/duckdb/s10/batch-1/stream-3.md
