=== TPC-H 22 triangulation bench ===
    data:    /Users/ryanevans/RustroverProjects/ematix-flow/examples/tpch/data/sf100
    queries: 22 ([21, 14, 13, 22, 7, 18, 4, 20, 17, 15, 6, 12, 8, 10, 11, 5, 1, 2, 9, 16, 3, 19])
    trials:  1 (after 0 warmups)
    output:  bench-results/tput-rebaseline-2026-07-03/sf100-auto/duckdb/s10/batch-2/stream-6.md

    NOTE: single-invocation output is SMOKE-GRADE only. For win/loss
    claims use scripts/bench/strict_22q.sh / strict_ab.sh /
    strict_throughput.sh (see scripts/bench/README.md).

--- Q21 ---
  DuckDB       12044.50 ms ±  0.00  (39950 rows)

--- Q14 ---
  DuckDB       4761.24 ms ±  0.00  (1 rows)

--- Q13 ---
  DuckDB       5643.48 ms ±  0.00  (45 rows)

--- Q22 ---
  DuckDB       1744.30 ms ±  0.00  (7 rows)

--- Q07 ---
  DuckDB       5604.92 ms ±  0.00  (4 rows)

--- Q18 ---
  DuckDB       7402.55 ms ±  0.00  (6398 rows)

--- Q04 ---
  DuckDB       3820.69 ms ±  0.00  (5 rows)

--- Q20 ---
  DuckDB       4226.17 ms ±  0.00  (17971 rows)

--- Q17 ---
  DuckDB       7519.98 ms ±  0.00  (1 rows)

--- Q15 ---
  DuckDB       5110.94 ms ±  0.00  (1 rows)

--- Q06 ---
  DuckDB       3403.52 ms ±  0.00  (1 rows)

--- Q12 ---
  DuckDB       5649.85 ms ±  0.00  (2 rows)

--- Q08 ---
  DuckDB       6772.66 ms ±  0.00  (2 rows)

--- Q10 ---
  DuckDB       6368.11 ms ±  0.00  (3884218 rows)

--- Q11 ---
  DuckDB        530.45 ms ±  0.00  (92698 rows)

--- Q05 ---
  DuckDB       4337.33 ms ±  0.00  (5 rows)

--- Q01 ---
  DuckDB       8891.75 ms ±  0.00  (4 rows)

--- Q02 ---
  DuckDB        840.31 ms ±  0.00  (47107 rows)

--- Q09 ---
  DuckDB       143561.67 ms ±  0.00  (175 rows)

--- Q16 ---
  DuckDB        631.02 ms ±  0.00  (27840 rows)

--- Q03 ---
  DuckDB       4612.76 ms ±  0.00  (1131041 rows)

--- Q19 ---
  DuckDB       4350.57 ms ±  0.00  (1 rows)

wrote bench-results/tput-rebaseline-2026-07-03/sf100-auto/duckdb/s10/batch-2/stream-6.md
