=== TPC-H 22 triangulation bench ===
    data:    /Users/ryanevans/RustroverProjects/ematix-flow/examples/tpch/data/sf100
    queries: 22 ([21, 13, 19, 22, 10, 14, 5, 7, 4, 16, 6, 2, 3, 18, 11, 8, 15, 1, 17, 12, 9, 20])
    trials:  1 (after 0 warmups)
    output:  bench-results/tput-rebaseline-2026-07-03/sf100-auto/duckdb/s10/batch-2/stream-5.md

    NOTE: single-invocation output is SMOKE-GRADE only. For win/loss
    claims use scripts/bench/strict_22q.sh / strict_ab.sh /
    strict_throughput.sh (see scripts/bench/README.md).

--- Q21 ---
  DuckDB       11145.06 ms ±  0.00  (39950 rows)

--- Q13 ---
  DuckDB       6648.31 ms ±  0.00  (45 rows)

--- Q19 ---
  DuckDB       6395.03 ms ±  0.00  (1 rows)

--- Q22 ---
  DuckDB       1733.60 ms ±  0.00  (7 rows)

--- Q10 ---
  DuckDB       6574.59 ms ±  0.00  (3884218 rows)

--- Q14 ---
  DuckDB       3741.96 ms ±  0.00  (1 rows)

--- Q05 ---
  DuckDB       5291.34 ms ±  0.00  (5 rows)

--- Q07 ---
  DuckDB       4839.11 ms ±  0.00  (4 rows)

--- Q04 ---
  DuckDB       4085.06 ms ±  0.00  (5 rows)

--- Q16 ---
  DuckDB        894.40 ms ±  0.00  (27840 rows)

--- Q06 ---
  DuckDB       5733.13 ms ±  0.00  (1 rows)

--- Q02 ---
  DuckDB        960.28 ms ±  0.00  (47107 rows)

--- Q03 ---
  DuckDB       6165.56 ms ±  0.00  (1131041 rows)

--- Q18 ---
  DuckDB       7122.13 ms ±  0.00  (6398 rows)

--- Q11 ---
  DuckDB       1193.61 ms ±  0.00  (92698 rows)

--- Q08 ---
  DuckDB       6708.81 ms ±  0.00  (2 rows)

--- Q15 ---
  DuckDB       3665.89 ms ±  0.00  (1 rows)

--- Q01 ---
  DuckDB       7612.11 ms ±  0.00  (4 rows)

--- Q17 ---
  DuckDB       6395.29 ms ±  0.00  (1 rows)

--- Q12 ---
  DuckDB       3194.18 ms ±  0.00  (2 rows)

--- Q09 ---
  DuckDB       144054.26 ms ±  0.00  (175 rows)

--- Q20 ---
  DuckDB       4622.02 ms ±  0.00  (17971 rows)

wrote bench-results/tput-rebaseline-2026-07-03/sf100-auto/duckdb/s10/batch-2/stream-5.md
