=== TPC-H 22 triangulation bench ===
    data:    /Users/ryanevans/RustroverProjects/ematix-flow/examples/tpch/data/sf10
    queries: 22 ([22, 12, 11, 19, 21, 15, 18, 6, 20, 14, 17, 9, 7, 1, 2, 3, 5, 16, 13, 4, 10, 8])
    trials:  1 (after 0 warmups)
    output:  /Users/ryanevans/RustroverProjects/ematix-flow/bench-results/campaign-2026-07-01/tput-sf10/ematix/s10/batch-4/stream-4.md

    NOTE: single-invocation output is SMOKE-GRADE only. For win/loss
    claims use scripts/bench/strict_22q.sh / strict_ab.sh /
    strict_throughput.sh (see scripts/bench/README.md).

--- Q22 ---
  ematix-flow   260.37 ms ±  0.00  (7 rows)

--- Q12 ---
  ematix-flow  1036.73 ms ±  0.00  (2 rows)

--- Q11 ---
  ematix-flow   530.76 ms ±  0.00  (8685 rows)

--- Q19 ---
  ematix-flow   642.21 ms ±  0.00  (1 rows)

--- Q21 ---
  ematix-flow  13077.64 ms ±  0.00  (4009 rows)

--- Q15 ---
  ematix-flow   737.83 ms ±  0.00  (1 rows)

--- Q18 ---
  ematix-flow  7245.17 ms ±  0.00  (624 rows)

--- Q06 ---
  ematix-flow  2511.12 ms ±  0.00  (1 rows)

--- Q20 ---
  ematix-flow  2633.78 ms ±  0.00  (1804 rows)

--- Q14 ---
  ematix-flow  1158.20 ms ±  0.00  (1 rows)

--- Q17 ---
  ematix-flow  5000.59 ms ±  0.00  (1 rows)

--- Q09 ---
  ematix-flow  24861.01 ms ±  0.00  (175 rows)

--- Q07 ---
  ematix-flow  4451.19 ms ±  0.00  (4 rows)

--- Q01 ---
  ematix-flow  3990.98 ms ±  0.00  (4 rows)

--- Q02 ---
  ematix-flow  2134.51 ms ±  0.00  (4667 rows)

--- Q03 ---
  ematix-flow  6566.85 ms ±  0.00  (114003 rows)

--- Q05 ---
  ematix-flow  8857.68 ms ±  0.00  (5 rows)

--- Q16 ---
  ematix-flow  1215.17 ms ±  0.00  (27840 rows)

--- Q13 ---
  ematix-flow  2857.17 ms ±  0.00  (46 rows)

--- Q04 ---
  ematix-flow   664.16 ms ±  0.00  (5 rows)

--- Q10 ---
  ematix-flow   993.50 ms ±  0.00  (381105 rows)

--- Q08 ---
  ematix-flow   392.87 ms ±  0.00  (2 rows)

wrote /Users/ryanevans/RustroverProjects/ematix-flow/bench-results/campaign-2026-07-01/tput-sf10/ematix/s10/batch-4/stream-4.md
