=== TPC-H 22 triangulation bench ===
    data:    /Users/ryanevans/RustroverProjects/ematix-flow/examples/tpch/data/sf10
    queries: 22 ([17, 21, 15, 19, 6, 10, 11, 22, 1, 18, 14, 9, 20, 4, 16, 3, 2, 7, 5, 13, 12, 8])
    trials:  1 (after 0 warmups)
    output:  bench-results/sched-arc-2026-07-03/sf10-final/ematix/s10/batch-2/stream-8.md

    NOTE: single-invocation output is SMOKE-GRADE only. For win/loss
    claims use scripts/bench/strict_22q.sh / strict_ab.sh /
    strict_throughput.sh (see scripts/bench/README.md).

--- Q17 ---
  ematix-flow   641.29 ms ±  0.00  (1 rows)

--- Q21 ---
  ematix-flow  2253.35 ms ±  0.00  (4009 rows)

--- Q15 ---
  ematix-flow   618.79 ms ±  0.00  (1 rows)

--- Q19 ---
  ematix-flow   849.71 ms ±  0.00  (1 rows)

--- Q06 ---
  ematix-flow   150.98 ms ±  0.00  (1 rows)

--- Q10 ---
  ematix-flow  1926.69 ms ±  0.00  (381105 rows)

--- Q11 ---
  ematix-flow   112.90 ms ±  0.00  (8685 rows)

--- Q22 ---
  ematix-flow   183.98 ms ±  0.00  (7 rows)

--- Q01 ---
  ematix-flow  2889.17 ms ±  0.00  (4 rows)

--- Q18 ---
  ematix-flow  3055.62 ms ±  0.00  (624 rows)

--- Q14 ---
  ematix-flow   500.39 ms ±  0.00  (1 rows)

--- Q09 ---
  ematix-flow  2960.89 ms ±  0.00  (175 rows)

--- Q20 ---
  ematix-flow  1268.74 ms ±  0.00  (1804 rows)

--- Q04 ---
  ematix-flow   555.45 ms ±  0.00  (5 rows)

--- Q16 ---
  ematix-flow   365.62 ms ±  0.00  (27840 rows)

--- Q03 ---
  ematix-flow  1158.09 ms ±  0.00  (114003 rows)

--- Q02 ---
  ematix-flow    91.16 ms ±  0.00  (4667 rows)

--- Q07 ---
  ematix-flow  1321.22 ms ±  0.00  (4 rows)

--- Q05 ---
  ematix-flow  2116.21 ms ±  0.00  (5 rows)

--- Q13 ---
  ematix-flow  1468.04 ms ±  0.00  (46 rows)

--- Q12 ---
  ematix-flow   897.72 ms ±  0.00  (2 rows)

--- Q08 ---
  ematix-flow  1054.43 ms ±  0.00  (2 rows)

wrote bench-results/sched-arc-2026-07-03/sf10-final/ematix/s10/batch-2/stream-8.md
