=== TPC-H 22 triangulation bench ===
    data:    /Users/ryanevans/RustroverProjects/ematix-flow/examples/tpch/data/sf10
    queries: 22 ([19, 22, 14, 11, 5, 18, 8, 16, 7, 20, 13, 1, 15, 4, 17, 9, 10, 6, 12, 21, 3, 2])
    trials:  1 (after 0 warmups)
    output:  bench-results/sched-diag-2026-07-03/auto-rayon2-rb2/ematix/s10/batch-1/stream-2.md

    NOTE: single-invocation output is SMOKE-GRADE only. For win/loss
    claims use scripts/bench/strict_22q.sh / strict_ab.sh /
    strict_throughput.sh (see scripts/bench/README.md).

--- Q19 ---
  ematix-flow   193.40 ms ±  0.00  (1 rows)

--- Q22 ---
  ematix-flow   285.32 ms ±  0.00  (7 rows)

--- Q14 ---
  ematix-flow   387.78 ms ±  0.00  (1 rows)

--- Q11 ---
  ematix-flow   146.49 ms ±  0.00  (8685 rows)

--- Q05 ---
  ematix-flow  1190.70 ms ±  0.00  (5 rows)

--- Q18 ---
  ematix-flow  2913.75 ms ±  0.00  (624 rows)

--- Q08 ---
  ematix-flow  1014.28 ms ±  0.00  (2 rows)

--- Q16 ---
  ematix-flow   248.11 ms ±  0.00  (27840 rows)

--- Q07 ---
  ematix-flow   975.46 ms ±  0.00  (4 rows)

--- Q20 ---
  ematix-flow  1046.60 ms ±  0.00  (1804 rows)

--- Q13 ---
  ematix-flow  1428.89 ms ±  0.00  (46 rows)

--- Q01 ---
  ematix-flow  4276.50 ms ±  0.00  (4 rows)

--- Q15 ---
  ematix-flow   365.92 ms ±  0.00  (1 rows)

--- Q04 ---
  ematix-flow   771.73 ms ±  0.00  (5 rows)

--- Q17 ---
  ematix-flow   667.58 ms ±  0.00  (1 rows)

--- Q09 ---
  ematix-flow  3321.90 ms ±  0.00  (175 rows)

--- Q10 ---
  ematix-flow  1656.76 ms ±  0.00  (381105 rows)

--- Q06 ---
  ematix-flow   224.10 ms ±  0.00  (1 rows)

--- Q12 ---
  ematix-flow   857.64 ms ±  0.00  (2 rows)

--- Q21 ---
  ematix-flow  3043.96 ms ±  0.00  (4009 rows)

--- Q03 ---
  ematix-flow   999.37 ms ±  0.00  (114003 rows)

--- Q02 ---
  ematix-flow    91.40 ms ±  0.00  (4667 rows)

wrote bench-results/sched-diag-2026-07-03/auto-rayon2-rb2/ematix/s10/batch-1/stream-2.md
