=== TPC-H 22 triangulation bench ===
    data:    /Users/ryanevans/RustroverProjects/ematix-flow/examples/tpch/data/sf10
    queries: 22 ([21, 13, 19, 22, 10, 14, 5, 7, 4, 16, 6, 2, 3, 18, 11, 8, 15, 1, 17, 12, 9, 20])
    trials:  1 (after 0 warmups)
    output:  bench-results/sf10-ties-2026-07-03/tput-sf10-s10-check/ematix/s10/batch-1/stream-5.md

    NOTE: single-invocation output is SMOKE-GRADE only. For win/loss
    claims use scripts/bench/strict_22q.sh / strict_ab.sh /
    strict_throughput.sh (see scripts/bench/README.md).

--- Q21 ---
  ematix-flow  2505.68 ms ±  0.00  (4009 rows)

--- Q13 ---
  ematix-flow  1189.38 ms ±  0.00  (46 rows)

--- Q19 ---
  ematix-flow   952.06 ms ±  0.00  (1 rows)

--- Q22 ---
  ematix-flow   201.62 ms ±  0.00  (7 rows)

--- Q10 ---
  ematix-flow  2022.64 ms ±  0.00  (381105 rows)

--- Q14 ---
  ematix-flow   530.58 ms ±  0.00  (1 rows)

--- Q05 ---
  ematix-flow  1723.61 ms ±  0.00  (5 rows)

--- Q07 ---
  ematix-flow  1391.14 ms ±  0.00  (4 rows)

--- Q04 ---
  ematix-flow   901.73 ms ±  0.00  (5 rows)

--- Q16 ---
  ematix-flow   511.09 ms ±  0.00  (27840 rows)

--- Q06 ---
  ematix-flow   182.66 ms ±  0.00  (1 rows)

--- Q02 ---
  ematix-flow    99.71 ms ±  0.00  (4667 rows)

--- Q03 ---
  ematix-flow  1263.92 ms ±  0.00  (114003 rows)

--- Q18 ---
  ematix-flow  2756.03 ms ±  0.00  (624 rows)

--- Q11 ---
  ematix-flow   231.52 ms ±  0.00  (8685 rows)

--- Q08 ---
  ematix-flow  2118.33 ms ±  0.00  (2 rows)

--- Q15 ---
  ematix-flow   696.93 ms ±  0.00  (1 rows)

--- Q01 ---
  ematix-flow  2649.69 ms ±  0.00  (4 rows)

--- Q17 ---
  ematix-flow   602.49 ms ±  0.00  (1 rows)

--- Q12 ---
  ematix-flow   919.21 ms ±  0.00  (2 rows)

--- Q09 ---
  ematix-flow  3249.81 ms ±  0.00  (175 rows)

--- Q20 ---
  ematix-flow   923.93 ms ±  0.00  (1804 rows)

wrote bench-results/sf10-ties-2026-07-03/tput-sf10-s10-check/ematix/s10/batch-1/stream-5.md
