=== TPC-H 22 triangulation bench ===
    data:    /Users/ryanevans/RustroverProjects/ematix-flow/examples/tpch/data/sf10
    queries: 22 ([17, 21, 15, 19, 6, 10, 11, 22, 1, 18, 14, 9, 20, 4, 16, 3, 2, 7, 5, 13, 12, 8])
    trials:  1 (after 0 warmups)
    output:  bench-results/sf10-ties-2026-07-03/tput-sf10-s10-check/ematix/s10/batch-1/stream-8.md

    NOTE: single-invocation output is SMOKE-GRADE only. For win/loss
    claims use scripts/bench/strict_22q.sh / strict_ab.sh /
    strict_throughput.sh (see scripts/bench/README.md).

--- Q17 ---
  ematix-flow   736.01 ms ±  0.00  (1 rows)

--- Q21 ---
  ematix-flow  2465.20 ms ±  0.00  (4009 rows)

--- Q15 ---
  ematix-flow   623.79 ms ±  0.00  (1 rows)

--- Q19 ---
  ematix-flow   987.02 ms ±  0.00  (1 rows)

--- Q06 ---
  ematix-flow   352.56 ms ±  0.00  (1 rows)

--- Q10 ---
  ematix-flow  2131.21 ms ±  0.00  (381105 rows)

--- Q11 ---
  ematix-flow   121.52 ms ±  0.00  (8685 rows)

--- Q22 ---
  ematix-flow   216.36 ms ±  0.00  (7 rows)

--- Q01 ---
  ematix-flow  2502.70 ms ±  0.00  (4 rows)

--- Q18 ---
  ematix-flow  2645.79 ms ±  0.00  (624 rows)

--- Q14 ---
  ematix-flow   530.64 ms ±  0.00  (1 rows)

--- Q09 ---
  ematix-flow  2605.85 ms ±  0.00  (175 rows)

--- Q20 ---
  ematix-flow  1554.11 ms ±  0.00  (1804 rows)

--- Q04 ---
  ematix-flow   664.00 ms ±  0.00  (5 rows)

--- Q16 ---
  ematix-flow   395.02 ms ±  0.00  (27840 rows)

--- Q03 ---
  ematix-flow  1208.01 ms ±  0.00  (114003 rows)

--- Q02 ---
  ematix-flow   103.39 ms ±  0.00  (4667 rows)

--- Q07 ---
  ematix-flow  1325.49 ms ±  0.00  (4 rows)

--- Q05 ---
  ematix-flow  1892.44 ms ±  0.00  (5 rows)

--- Q13 ---
  ematix-flow  1799.82 ms ±  0.00  (46 rows)

--- Q12 ---
  ematix-flow  1060.44 ms ±  0.00  (2 rows)

--- Q08 ---
  ematix-flow  1611.36 ms ±  0.00  (2 rows)

wrote bench-results/sf10-ties-2026-07-03/tput-sf10-s10-check/ematix/s10/batch-1/stream-8.md
