=== TPC-H 22 triangulation bench ===
    data:    /Users/ryanevans/RustroverProjects/ematix-flow/examples/tpch/data/sf10
    queries: 22 ([22, 12, 11, 19, 21, 15, 18, 6, 20, 14, 17, 9, 7, 1, 2, 3, 5, 16, 13, 4, 10, 8])
    trials:  1 (after 0 warmups)
    output:  bench-results/sf10-ties-2026-07-03/tput-sf10-s10-check/ematix/s10/batch-1/stream-4.md

    NOTE: single-invocation output is SMOKE-GRADE only. For win/loss
    claims use scripts/bench/strict_22q.sh / strict_ab.sh /
    strict_throughput.sh (see scripts/bench/README.md).

--- Q22 ---
  ematix-flow   258.19 ms ±  0.00  (7 rows)

--- Q12 ---
  ematix-flow   789.86 ms ±  0.00  (2 rows)

--- Q11 ---
  ematix-flow   217.09 ms ±  0.00  (8685 rows)

--- Q19 ---
  ematix-flow   884.83 ms ±  0.00  (1 rows)

--- Q21 ---
  ematix-flow  2604.83 ms ±  0.00  (4009 rows)

--- Q15 ---
  ematix-flow   790.79 ms ±  0.00  (1 rows)

--- Q18 ---
  ematix-flow  2975.21 ms ±  0.00  (624 rows)

--- Q06 ---
  ematix-flow   213.14 ms ±  0.00  (1 rows)

--- Q20 ---
  ematix-flow  1368.26 ms ±  0.00  (1804 rows)

--- Q14 ---
  ematix-flow   545.04 ms ±  0.00  (1 rows)

--- Q17 ---
  ematix-flow   610.79 ms ±  0.00  (1 rows)

--- Q09 ---
  ematix-flow  2782.42 ms ±  0.00  (175 rows)

--- Q07 ---
  ematix-flow  1479.39 ms ±  0.00  (4 rows)

--- Q01 ---
  ematix-flow  2696.02 ms ±  0.00  (4 rows)

--- Q02 ---
  ematix-flow   122.81 ms ±  0.00  (4667 rows)

--- Q03 ---
  ematix-flow  1185.93 ms ±  0.00  (114003 rows)

--- Q05 ---
  ematix-flow  1589.73 ms ±  0.00  (5 rows)

--- Q16 ---
  ematix-flow   306.27 ms ±  0.00  (27840 rows)

--- Q13 ---
  ematix-flow  1181.87 ms ±  0.00  (46 rows)

--- Q04 ---
  ematix-flow   901.51 ms ±  0.00  (5 rows)

--- Q10 ---
  ematix-flow  2434.09 ms ±  0.00  (381105 rows)

--- Q08 ---
  ematix-flow  1731.18 ms ±  0.00  (2 rows)

wrote bench-results/sf10-ties-2026-07-03/tput-sf10-s10-check/ematix/s10/batch-1/stream-4.md
