=== TPC-H 22 triangulation bench ===
    data:    /Users/ryanevans/RustroverProjects/ematix-flow/examples/tpch/data/sf100
    queries: 22 ([22, 12, 11, 19, 21, 15, 18, 6, 20, 14, 17, 9, 7, 1, 2, 3, 5, 16, 13, 4, 10, 8])
    trials:  1 (after 0 warmups)
    output:  bench-results/tput-rebaseline-2026-07-03/sf100-auto/ematix/s10/batch-1/stream-4.md

    NOTE: single-invocation output is SMOKE-GRADE only. For win/loss
    claims use scripts/bench/strict_22q.sh / strict_ab.sh /
    strict_throughput.sh (see scripts/bench/README.md).

--- Q22 ---
  ematix-flow  1448.72 ms ±  0.00  (7 rows)

--- Q12 ---
  ematix-flow  3368.10 ms ±  0.00  (2 rows)

--- Q11 ---
  ematix-flow   452.17 ms ±  0.00  (92698 rows)

--- Q19 ---
  ematix-flow  2174.81 ms ±  0.00  (1 rows)

--- Q21 ---
  ematix-flow  10744.61 ms ±  0.00  (39950 rows)

--- Q15 ---
  ematix-flow  2020.76 ms ±  0.00  (1 rows)

--- Q18 ---
  ematix-flow  10932.58 ms ±  0.00  (6398 rows)

--- Q06 ---
  ematix-flow  1044.23 ms ±  0.00  (1 rows)

--- Q20 ---
  ematix-flow  4186.41 ms ±  0.00  (17971 rows)

--- Q14 ---
  ematix-flow  2364.13 ms ±  0.00  (1 rows)

--- Q17 ---
  ematix-flow  4413.06 ms ±  0.00  (1 rows)

--- Q09 ---
  ematix-flow  10535.67 ms ±  0.00  (175 rows)

--- Q07 ---
  ematix-flow  5078.89 ms ±  0.00  (4 rows)

--- Q01 ---
  ematix-flow  7100.40 ms ±  0.00  (4 rows)

--- Q02 ---
  ematix-flow   649.12 ms ±  0.00  (47107 rows)

--- Q03 ---
  ematix-flow  5045.61 ms ±  0.00  (1131041 rows)

--- Q05 ---
  ematix-flow  4883.38 ms ±  0.00  (5 rows)

--- Q16 ---
  ematix-flow  1192.84 ms ±  0.00  (27840 rows)

--- Q13 ---
  ematix-flow  5035.50 ms ±  0.00  (45 rows)

--- Q04 ---
  ematix-flow  2927.58 ms ±  0.00  (5 rows)

--- Q10 ---
  ematix-flow  6939.17 ms ±  0.00  (3884218 rows)

--- Q08 ---
  ematix-flow  10436.14 ms ±  0.00  (2 rows)

wrote bench-results/tput-rebaseline-2026-07-03/sf100-auto/ematix/s10/batch-1/stream-4.md
