=== TPC-H 22 triangulation bench ===
    data:    /Users/ryanevans/RustroverProjects/ematix-flow/examples/tpch/data/sf100
    queries: 22 ([6, 18, 21, 16, 8, 15, 22, 20, 7, 19, 14, 17, 9, 1, 10, 12, 4, 3, 2, 13, 5, 11])
    trials:  1 (after 0 warmups)
    output:  bench-results/tput-rebaseline-2026-07-03/sf100-auto/ematix/s10/batch-1/stream-7.md

    NOTE: single-invocation output is SMOKE-GRADE only. For win/loss
    claims use scripts/bench/strict_22q.sh / strict_ab.sh /
    strict_throughput.sh (see scripts/bench/README.md).

--- Q06 ---
  ematix-flow  2692.26 ms ±  0.00  (1 rows)

--- Q18 ---
  ematix-flow  43628.59 ms ±  0.00  (6398 rows)

--- Q21 ---
  ematix-flow  21031.98 ms ±  0.00  (39950 rows)

--- Q16 ---
  ematix-flow  1833.93 ms ±  0.00  (27840 rows)

--- Q08 ---
  ematix-flow  12992.26 ms ±  0.00  (2 rows)

--- Q15 ---
  ematix-flow  4176.36 ms ±  0.00  (1 rows)

--- Q22 ---
  ematix-flow  2036.50 ms ±  0.00  (7 rows)

--- Q20 ---
  ematix-flow  6615.26 ms ±  0.00  (17971 rows)

--- Q07 ---
  ematix-flow  4422.01 ms ±  0.00  (4 rows)

--- Q19 ---
  ematix-flow  2611.09 ms ±  0.00  (1 rows)

--- Q14 ---
  ematix-flow  2186.52 ms ±  0.00  (1 rows)

--- Q17 ---
  ematix-flow  3629.37 ms ±  0.00  (1 rows)

--- Q09 ---
  ematix-flow  14306.92 ms ±  0.00  (175 rows)

--- Q01 ---
  ematix-flow  6041.60 ms ±  0.00  (4 rows)

--- Q10 ---
  ematix-flow  5386.67 ms ±  0.00  (3884218 rows)

--- Q12 ---
  ematix-flow  2941.14 ms ±  0.00  (2 rows)

--- Q04 ---
  ematix-flow  2524.17 ms ±  0.00  (5 rows)

--- Q03 ---
  ematix-flow  4170.06 ms ±  0.00  (1131041 rows)

--- Q02 ---
  ematix-flow   716.71 ms ±  0.00  (47107 rows)

--- Q13 ---
  ematix-flow  4174.02 ms ±  0.00  (45 rows)

--- Q05 ---
  ematix-flow  3355.98 ms ±  0.00  (5 rows)

--- Q11 ---
  ematix-flow   531.55 ms ±  0.00  (92698 rows)

wrote bench-results/tput-rebaseline-2026-07-03/sf100-auto/ematix/s10/batch-1/stream-7.md
