=== TPC-H 22 triangulation bench ===
    data:    /Users/ryanevans/RustroverProjects/ematix-flow/examples/tpch/data/sf100
    queries: 22 ([21, 14, 13, 22, 7, 18, 4, 20, 17, 15, 6, 12, 8, 10, 11, 5, 1, 2, 9, 16, 3, 19])
    trials:  1 (after 0 warmups)
    output:  bench-results/tput-rebaseline-2026-07-03/sf100-auto/ematix/s10/batch-1/stream-6.md

    NOTE: single-invocation output is SMOKE-GRADE only. For win/loss
    claims use scripts/bench/strict_22q.sh / strict_ab.sh /
    strict_throughput.sh (see scripts/bench/README.md).

--- Q21 ---
  ematix-flow  10756.06 ms ±  0.00  (39950 rows)

--- Q14 ---
  ematix-flow  2694.07 ms ±  0.00  (1 rows)

--- Q13 ---
  ematix-flow  5079.51 ms ±  0.00  (45 rows)

--- Q22 ---
  ematix-flow  1055.54 ms ±  0.00  (7 rows)

--- Q07 ---
  ematix-flow  4893.03 ms ±  0.00  (4 rows)

--- Q18 ---
  ematix-flow  10854.42 ms ±  0.00  (6398 rows)

--- Q04 ---
  ematix-flow  2820.09 ms ±  0.00  (5 rows)

--- Q20 ---
  ematix-flow  4371.18 ms ±  0.00  (17971 rows)

--- Q17 ---
  ematix-flow  5152.43 ms ±  0.00  (1 rows)

--- Q15 ---
  ematix-flow  2090.90 ms ±  0.00  (1 rows)

--- Q06 ---
  ematix-flow   977.35 ms ±  0.00  (1 rows)

--- Q12 ---
  ematix-flow  2856.44 ms ±  0.00  (2 rows)

--- Q08 ---
  ematix-flow  5154.93 ms ±  0.00  (2 rows)

--- Q10 ---
  ematix-flow  6350.75 ms ±  0.00  (3884218 rows)

--- Q11 ---
  ematix-flow   906.85 ms ±  0.00  (92698 rows)

--- Q05 ---
  ematix-flow  4849.20 ms ±  0.00  (5 rows)

--- Q01 ---
  ematix-flow  8610.89 ms ±  0.00  (4 rows)

--- Q02 ---
  ematix-flow   696.51 ms ±  0.00  (47107 rows)

--- Q09 ---
  ematix-flow  112257.45 ms ±  0.00  (175 rows)

--- Q16 ---
  ematix-flow  2424.26 ms ±  0.00  (27840 rows)

--- Q03 ---
  ematix-flow  4824.53 ms ±  0.00  (1131041 rows)

--- Q19 ---
  ematix-flow  3655.55 ms ±  0.00  (1 rows)

wrote bench-results/tput-rebaseline-2026-07-03/sf100-auto/ematix/s10/batch-1/stream-6.md
